Poincare.D7.Compactness.PointedMetricSpace.{u} : Type (u + 1)
Poincare.D7.Compactness.PointedMetricSpace.unit.{u_1} : Poincare.D7.Compactness.PointedMetricSpace
Poincare.D7.Compactness.GHConvergenceData.{v, u_1, u_2} {ι : Type v} (l : Filter ι)
  (X : ι → Poincare.D7.Compactness.PointedMetricSpace) (Y : Poincare.D7.Compactness.PointedMetricSpace) :
  Type (max (max u_1 u_2) v)
Poincare.D7.Compactness.GHConvergenceData.dist_approx_le.{v, u_1, u_2} {ι : Type v} {l : Filter ι}
  {X : ι → Poincare.D7.Compactness.PointedMetricSpace} {Y : Poincare.D7.Compactness.PointedMetricSpace}
  (D : Poincare.D7.Compactness.GHConvergenceData l X Y) (i : ι) (x y : (X i).M) :
  dist (D.approx i x) (D.approx i y) ≤ dist x y + D.ε i
Poincare.D7.Compactness.GHConvergenceData.dist_le_dist_approx.{v, u_1, u_2} {ι : Type v} {l : Filter ι}
  {X : ι → Poincare.D7.Compactness.PointedMetricSpace} {Y : Poincare.D7.Compactness.PointedMetricSpace}
  (D : Poincare.D7.Compactness.GHConvergenceData l X Y) (i : ι) (x y : (X i).M) :
  dist x y ≤ dist (D.approx i x) (D.approx i y) + D.ε i
Poincare.D7.Compactness.GHConvergenceData.tendsto_abs_distortion.{v, u_1, u_2} {ι : Type v} {l : Filter ι}
  {X : ι → Poincare.D7.Compactness.PointedMetricSpace} {Y : Poincare.D7.Compactness.PointedMetricSpace}
  (D : Poincare.D7.Compactness.GHConvergenceData l X Y) (x y : (i : ι) → (X i).M) :
  Filter.Tendsto (fun i => |dist (D.approx i (x i)) (D.approx i (y i)) - dist (x i) (y i)|) l (nhds 0)
Poincare.D7.Compactness.GHConvergenceData.tendsto_base_dist.{v, u_1, u_2} {ι : Type v} {l : Filter ι}
  {X : ι → Poincare.D7.Compactness.PointedMetricSpace} {Y : Poincare.D7.Compactness.PointedMetricSpace}
  (D : Poincare.D7.Compactness.GHConvergenceData l X Y) :
  Filter.Tendsto (fun i => dist (D.approx i (X i).base) Y.base) l (nhds 0)
Poincare.D7.Compactness.GHConvergenceData.tendsto_approx_base.{v, u_1, u_2} {ι : Type v} {l : Filter ι}
  {X : ι → Poincare.D7.Compactness.PointedMetricSpace} {Y : Poincare.D7.Compactness.PointedMetricSpace}
  (D : Poincare.D7.Compactness.GHConvergenceData l X Y) :
  Filter.Tendsto (fun i => D.approx i (X i).base) l (nhds Y.base)
Poincare.D7.Compactness.GHConvergenceData.refl.{v, u_1} {ι : Type v} (l : Filter ι)
  (X : Poincare.D7.Compactness.PointedMetricSpace) : Poincare.D7.Compactness.GHConvergenceData l (fun x => X) X
Poincare.D7.Compactness.GHConvergenceData.mono.{v, u_1, u_2} {ι : Type v} {l : Filter ι}
  {X : ι → Poincare.D7.Compactness.PointedMetricSpace} {Y : Poincare.D7.Compactness.PointedMetricSpace}
  (D : Poincare.D7.Compactness.GHConvergenceData l X Y) (δ : ι → ℝ) (hδ : ∀ (i : ι), D.ε i ≤ δ i)
  (hδ0 : ∀ (i : ι), 0 ≤ δ i) (hδt : Filter.Tendsto δ l (nhds 0)) : Poincare.D7.Compactness.GHConvergenceData l X Y
Poincare.D7.Compactness.GHConvergenceData.monoFilter.{v, u_1, u_2} {ι : Type v} {l : Filter ι}
  {X : ι → Poincare.D7.Compactness.PointedMetricSpace} {Y : Poincare.D7.Compactness.PointedMetricSpace} {l' : Filter ι}
  (D : Poincare.D7.Compactness.GHConvergenceData l X Y) (h : l' ≤ l) : Poincare.D7.Compactness.GHConvergenceData l' X Y
Poincare.D7.Compactness.GHConvergenceData.comp.{v, u_1, u_2, u_3} {ι : Type v} {l : Filter ι}
  {X : ι → Poincare.D7.Compactness.PointedMetricSpace} {Y : Poincare.D7.Compactness.PointedMetricSpace}
  {Z : Poincare.D7.Compactness.PointedMetricSpace} (D₂ : Poincare.D7.Compactness.GHConvergenceData l (fun x => Y) Z)
  (D₁ : Poincare.D7.Compactness.GHConvergenceData l X Y) : Poincare.D7.Compactness.GHConvergenceData l X Z
Poincare.D7.Compactness.GHPrecompactCertificate.{v, u_1} {ι : Type v}
  (X : ι → Poincare.D7.Compactness.PointedMetricSpace) : Type (max u_1 v)
Poincare.D7.Compactness.GHPrecompactCertificate.exists_net.{v, u_1} {ι : Type v}
  {X : ι → Poincare.D7.Compactness.PointedMetricSpace} (C : Poincare.D7.Compactness.GHPrecompactCertificate X) (i : ι)
  (R ε : ℝ) (hε : 0 < ε) :
  ∃ t, t.card ≤ C.netBound R ε ∧ (X i).base ∈ t ∧ ∀ (x : (X i).M), dist x (X i).base ≤ R → ∃ y ∈ t, dist x y < ε
Poincare.D7.Compactness.GHPrecompactCertificate.monoBound.{v, u_1} {ι : Type v}
  {X : ι → Poincare.D7.Compactness.PointedMetricSpace} (C : Poincare.D7.Compactness.GHPrecompactCertificate X)
  (N' : ℝ → ℝ → ℕ) (hN : ∀ (R ε : ℝ), C.netBound R ε ≤ N' R ε) : Poincare.D7.Compactness.GHPrecompactCertificate X
Poincare.D7.Compactness.GHPrecompactCertificate.const.{v, u_1} (X : Poincare.D7.Compactness.PointedMetricSpace)
  [Fintype X.M] (ι : Type v) : Poincare.D7.Compactness.GHPrecompactCertificate fun x => X
Poincare.D7.Compactness.finiteCompleteSpace.{u} {α : Type u} [Finite α] [UniformSpace α] : CompleteSpace α
Poincare.D7.Compactness.GHPrecompactCertificate.coveringNumber.{v, u_1} {ι : Type v}
  {X : ι → Poincare.D7.Compactness.PointedMetricSpace} (C : Poincare.D7.Compactness.GHPrecompactCertificate X)
  (R ε : ℝ) : ℕ
Poincare.D7.Compactness.GHPrecompactCertificate.card_net_le_coveringNumber.{v, u_1} {ι : Type v}
  {X : ι → Poincare.D7.Compactness.PointedMetricSpace} (C : Poincare.D7.Compactness.GHPrecompactCertificate X) (i : ι)
  (R ε : ℝ) : (C.net i R ε).card ≤ C.coveringNumber R ε
Poincare.D7.Compactness.GHPrecompactCertificate.net_nonempty.{v, u_1} {ι : Type v}
  {X : ι → Poincare.D7.Compactness.PointedMetricSpace} (C : Poincare.D7.Compactness.GHPrecompactCertificate X) (i : ι)
  (R ε : ℝ) : (C.net i R ε).Nonempty
Poincare.D7.Compactness.GHPrecompactCertificate.uniform_finite_net.{v, u_1} {ι : Type v}
  {X : ι → Poincare.D7.Compactness.PointedMetricSpace} (C : Poincare.D7.Compactness.GHPrecompactCertificate X) (R ε : ℝ)
  (hε : 0 < ε) : ∃ N, ∀ (i : ι), ∃ t, t.card ≤ N ∧ ∀ (x : (X i).M), dist x (X i).base ≤ R → ∃ y ∈ t, dist x y < ε
Poincare.D7.Compactness.GHPrecompactCertificate.totallyBounded_closedBall.{v, u_1} {ι : Type v}
  {X : ι → Poincare.D7.Compactness.PointedMetricSpace} (C : Poincare.D7.Compactness.GHPrecompactCertificate X) (i : ι)
  (R : ℝ) : TotallyBounded (Metric.closedBall (X i).base R)
Poincare.D7.Compactness.GHPrecompactCertificate.totallyBounded_ball.{v, u_1} {ι : Type v}
  {X : ι → Poincare.D7.Compactness.PointedMetricSpace} (C : Poincare.D7.Compactness.GHPrecompactCertificate X) (i : ι)
  (R : ℝ) : TotallyBounded (Metric.ball (X i).base R)
Poincare.D7.Compactness.GHPrecompactCertificate.isCompact_closedBall.{v, u_1} {ι : Type v}
  {X : ι → Poincare.D7.Compactness.PointedMetricSpace} (C : Poincare.D7.Compactness.GHPrecompactCertificate X) (i : ι)
  (R : ℝ) : IsCompact (Metric.closedBall (X i).base R)
Poincare.D7.Compactness.GHPrecompactCertificate.isCompact_closedBall_any.{v, u_1} {ι : Type v}
  {X : ι → Poincare.D7.Compactness.PointedMetricSpace} (C : Poincare.D7.Compactness.GHPrecompactCertificate X) (i : ι)
  (x : (X i).M) (r : ℝ) : IsCompact (Metric.closedBall x r)
Poincare.D7.Compactness.GHPrecompactCertificate.properSpace.{v, u_1} {ι : Type v}
  {X : ι → Poincare.D7.Compactness.PointedMetricSpace} (C : Poincare.D7.Compactness.GHPrecompactCertificate X) (i : ι) :
  ProperSpace (X i).M
Poincare.D7.Compactness.GHPrecompactCertificate.totallyBounded_univ_of_bounded.{v, u_1} {ι : Type v}
  {X : ι → Poincare.D7.Compactness.PointedMetricSpace} (C : Poincare.D7.Compactness.GHPrecompactCertificate X) {D : ℝ}
  (hD : ∀ (i : ι) (x : (X i).M), dist x (X i).base ≤ D) (i : ι) : TotallyBounded Set.univ
Poincare.D7.Compactness.GHPrecompactCertificate.compactSpace_of_bounded.{v, u_1} {ι : Type v}
  {X : ι → Poincare.D7.Compactness.PointedMetricSpace} (C : Poincare.D7.Compactness.GHPrecompactCertificate X) {D : ℝ}
  (hD : ∀ (i : ι) (x : (X i).M), dist x (X i).base ≤ D) (i : ι) : CompactSpace (X i).M
Poincare.D7.Compactness.GHPrecompactCertificate.isBounded_closedBall.{v, u_1} {ι : Type v}
  {X : ι → Poincare.D7.Compactness.PointedMetricSpace} (C : Poincare.D7.Compactness.GHPrecompactCertificate X) (i : ι)
  (R : ℝ) : Bornology.IsBounded (Metric.closedBall (X i).base R)
Poincare.D7.Compactness.exists_strictMono_const_of_fin {n : ℕ} (u : ℕ → Fin n) :
  ∃ i φ, StrictMono φ ∧ ∀ (k : ℕ), u (φ k) = i
Poincare.D7.Compactness.ConstSubsequence {n : ℕ} (u : ℕ → Fin n) : Type
Poincare.D7.Compactness.constSubsequence {n : ℕ} (u : ℕ → Fin n) : Poincare.D7.Compactness.ConstSubsequence u
Poincare.D7.Compactness.finiteFamilyCertificate.{u_1} {n : ℕ} (F : Fin n → Poincare.D7.Compactness.PointedMetricSpace)
  [(i : Fin n) → Fintype (F i).M] : Poincare.D7.Compactness.GHPrecompactCertificate F
Poincare.D7.Compactness.finiteFamily_precompact.{u_1} {n : ℕ} (F : Fin n → Poincare.D7.Compactness.PointedMetricSpace)
  [(i : Fin n) → Fintype (F i).M] : Nonempty (Poincare.D7.Compactness.GHPrecompactCertificate F)
Poincare.D7.Compactness.toyCompactnessData.{u_1} {n : ℕ} (F : Fin n → Poincare.D7.Compactness.PointedMetricSpace)
  [(i : Fin n) → Fintype (F i).M] (u : ℕ → Fin n) :
  (i : Fin n) ×
    (φ : { φ // StrictMono φ }) × Poincare.D7.Compactness.GHConvergenceData Filter.atTop (fun k => F (u (↑φ k))) (F i)
Poincare.D7.Compactness.toyCompactness_finiteFamily.{u_1} {n : ℕ}
  (F : Fin n → Poincare.D7.Compactness.PointedMetricSpace) [(i : Fin n) → Fintype (F i).M] (u : ℕ → Fin n) :
  ∃ i φ, StrictMono φ ∧ Nonempty (Poincare.D7.Compactness.GHConvergenceData Filter.atTop (fun k => F (u (φ k))) (F i))
Poincare.D7.Compactness.finiteFamily_totallyBounded.{u_1} {n : ℕ}
  (F : Fin n → Poincare.D7.Compactness.PointedMetricSpace) [(i : Fin n) → Fintype (F i).M] (i : Fin n) (R : ℝ) :
  TotallyBounded (Metric.closedBall (F i).base R)
Poincare.D7.Compactness.finiteFamily_isCompact_closedBall.{u_1} {n : ℕ}
  (F : Fin n → Poincare.D7.Compactness.PointedMetricSpace) [(i : Fin n) → Fintype (F i).M] (i : Fin n) (R : ℝ) :
  IsCompact (Metric.closedBall (F i).base R)
Poincare.D7.Compactness.finiteFamily_properSpace.{u_1} {n : ℕ} (F : Fin n → Poincare.D7.Compactness.PointedMetricSpace)
  [(i : Fin n) → Fintype (F i).M] (i : Fin n) : ProperSpace (F i).M
Poincare.D7.Compactness.totallyBounded_univ_of_fintype.{u_1} (X : Poincare.D7.Compactness.PointedMetricSpace)
  [Fintype X.M] : TotallyBounded Set.univ
Poincare.D7.Compactness.compactSpace_of_fintype.{u_1} (X : Poincare.D7.Compactness.PointedMetricSpace) [Fintype X.M] :
  CompactSpace X.M
Poincare.D7.Compactness.toyCompactness_const.{u_1} {n : ℕ} (F : Fin n → Poincare.D7.Compactness.PointedMetricSpace)
  [(i : Fin n) → Fintype (F i).M] (i : Fin n) :
  Poincare.D7.Compactness.GHConvergenceData Filter.atTop (fun x => F i) (F i)
Poincare.D7.Compactness.ManifoldFamilyHypotheses.{v} (ι : Type v) : Type
Poincare.D7.Compactness.CheegerGromovConvergenceData.{u, v} {ι : Type v} (l : Filter ι)
  (X : ι → Poincare.D7.Compactness.PointedMetricSpace) (Y : Poincare.D7.Compactness.PointedMetricSpace) : Type (max u v)
Poincare.D7.Compactness.ghConvergence_of_cheegerGromov.{u, v} {ι : Type v} {l : Filter ι}
  {X : ι → Poincare.D7.Compactness.PointedMetricSpace} {Y : Poincare.D7.Compactness.PointedMetricSpace}
  (D : Poincare.D7.Compactness.CheegerGromovConvergenceData l X Y) : Poincare.D7.Compactness.GHConvergenceData l X Y
Poincare.D7.Compactness.missingPointedGHConvergentSubsequence.{u} (X : ℕ → Poincare.D7.Compactness.PointedMetricSpace) :
  Prop
Poincare.D7.Compactness.missingPointedGHConvergentSubsequence_iff.{u}
  (X : ℕ → Poincare.D7.Compactness.PointedMetricSpace) :
  Poincare.D7.Compactness.missingPointedGHConvergentSubsequence X ↔
    ∀ (_Cert : Poincare.D7.Compactness.GHPrecompactCertificate X),
      ∃ φ, StrictMono φ ∧ ∃ Y, Nonempty (Poincare.D7.Compactness.GHConvergenceData Filter.atTop (fun k => X (φ k)) Y)
Poincare.D7.Compactness.missingCheegerGromovCompactness.{u} (X : ℕ → Poincare.D7.Compactness.PointedMetricSpace)
  (H : Poincare.D7.Compactness.ManifoldFamilyHypotheses ℕ)
  (CGConvergesTo :
    (ℕ → Poincare.D7.Compactness.PointedMetricSpace) → Poincare.D7.Compactness.PointedMetricSpace → Prop) :
  Prop
Poincare.D7.Compactness.missingCheegerGromovCompactness_iff.{u} (X : ℕ → Poincare.D7.Compactness.PointedMetricSpace)
  (H : Poincare.D7.Compactness.ManifoldFamilyHypotheses ℕ)
  (CGConvergesTo :
    (ℕ → Poincare.D7.Compactness.PointedMetricSpace) → Poincare.D7.Compactness.PointedMetricSpace → Prop) :
  Poincare.D7.Compactness.missingCheegerGromovCompactness X H CGConvergesTo ↔
    H.noncollapsed →
      H.harmonicBounds →
        ∃ φ,
          StrictMono φ ∧
            ∃ Y,
              Nonempty (Poincare.D7.Compactness.GHConvergenceData Filter.atTop (fun k => X (φ k)) Y) ∧
                CGConvergesTo (fun k => X (φ k)) Y
Poincare.D7.Compactness.ghSubsequence_of_cheegerGromov.{u} {X : ℕ → Poincare.D7.Compactness.PointedMetricSpace}
  {H : Poincare.D7.Compactness.ManifoldFamilyHypotheses ℕ}
  {CGConvergesTo : (ℕ → Poincare.D7.Compactness.PointedMetricSpace) → Poincare.D7.Compactness.PointedMetricSpace → Prop}
  (h : Poincare.D7.Compactness.missingCheegerGromovCompactness X H CGConvergesTo) (hnc : H.noncollapsed)
  (hhb : H.harmonicBounds) :
  ∃ φ, StrictMono φ ∧ ∃ Y, Nonempty (Poincare.D7.Compactness.GHConvergenceData Filter.atTop (fun k => X (φ k)) Y)
Poincare.D7.Compactness.smoothPart_of_cheegerGromov.{u} {X : ℕ → Poincare.D7.Compactness.PointedMetricSpace}
  {H : Poincare.D7.Compactness.ManifoldFamilyHypotheses ℕ}
  {CGConvergesTo : (ℕ → Poincare.D7.Compactness.PointedMetricSpace) → Poincare.D7.Compactness.PointedMetricSpace → Prop}
  (h : Poincare.D7.Compactness.missingCheegerGromovCompactness X H CGConvergesTo) (hnc : H.noncollapsed)
  (hhb : H.harmonicBounds) : ∃ φ, StrictMono φ ∧ ∃ Y, CGConvergesTo (fun k => X (φ k)) Y
Poincare.D7.Compactness.cheegerGromov_of_ghSubsequence.{u} {X : ℕ → Poincare.D7.Compactness.PointedMetricSpace}
  {H : Poincare.D7.Compactness.ManifoldFamilyHypotheses ℕ}
  {CGConvergesTo : (ℕ → Poincare.D7.Compactness.PointedMetricSpace) → Poincare.D7.Compactness.PointedMetricSpace → Prop}
  (h :
    ∃ φ,
      StrictMono φ ∧
        ∃ Y,
          Nonempty (Poincare.D7.Compactness.GHConvergenceData Filter.atTop (fun k => X (φ k)) Y) ∧
            CGConvergesTo (fun k => X (φ k)) Y) :
  Poincare.D7.Compactness.missingCheegerGromovCompactness X H CGConvergesTo
Poincare.D7.Compactness.cheegerGromov_of_ghPrecompact_and_smoothUpgrade.{u}
  {X : ℕ → Poincare.D7.Compactness.PointedMetricSpace} {H : Poincare.D7.Compactness.ManifoldFamilyHypotheses ℕ}
  {CGConvergesTo : (ℕ → Poincare.D7.Compactness.PointedMetricSpace) → Poincare.D7.Compactness.PointedMetricSpace → Prop}
  (Cert : Poincare.D7.Compactness.GHPrecompactCertificate X)
  (hGH : Poincare.D7.Compactness.missingPointedGHConvergentSubsequence X)
  (hUpgrade :
    ∀ (φ : ℕ → ℕ) (Y : Poincare.D7.Compactness.PointedMetricSpace)
      (a : Poincare.D7.Compactness.GHConvergenceData Filter.atTop (fun k => X (φ k)) Y),
      CGConvergesTo (fun k => X (φ k)) Y) :
  Poincare.D7.Compactness.missingCheegerGromovCompactness X H CGConvergesTo
Poincare.D7.Compactness.totallyBounded_of_precompactCertificate.{u} {X : ℕ → Poincare.D7.Compactness.PointedMetricSpace}
  (Cert : Poincare.D7.Compactness.GHPrecompactCertificate X) (k : ℕ) (R : ℝ) :
  TotallyBounded (Metric.closedBall (X k).base R)
Poincare.D7.Compactness.cheegerGromovConclusion_of_finiteFamily.{u} {n : ℕ}
  (F : Fin n → Poincare.D7.Compactness.PointedMetricSpace) [(i : Fin n) → Fintype (F i).M] (u : ℕ → Fin n)
  (CGConvergesTo : (ℕ → Poincare.D7.Compactness.PointedMetricSpace) → Poincare.D7.Compactness.PointedMetricSpace → Prop)
  (hCG : ∀ (i : Fin n), CGConvergesTo (fun x => F i) (F i)) :
  ∃ φ,
    StrictMono φ ∧
      ∃ Y,
        Nonempty (Poincare.D7.Compactness.GHConvergenceData Filter.atTop (fun k => F (u (φ k))) Y) ∧
          CGConvergesTo (fun k => F (u (φ k))) Y
Poincare.D7.Compactness.cheegerGromovDependencies : List Poincare.D7.ShortTime.MissingDependency
Poincare.D7.Compactness.cheegerGromovDependencies_length : Poincare.D7.Compactness.cheegerGromovDependencies.length = 12
Poincare.D7.Compactness.cheegerGromovDependencies_all_named (d : Poincare.D7.ShortTime.MissingDependency) :
  d ∈ Poincare.D7.Compactness.cheegerGromovDependencies → d.name ≠ "" ∧ d.reason ≠ ""
Poincare.D7.Compactness.cheegerGromovBlockers : List String
Poincare.D7.Compactness.cheegerGromovBlockers_length : Poincare.D7.Compactness.cheegerGromovBlockers.length = 5
Poincare.D7.Compactness.cheegerGromovBlockers_all_named (b : String) :
  b ∈ Poincare.D7.Compactness.cheegerGromovBlockers → b ≠ ""
Poincare.D7.Compactness.unitFamily : ℕ → Poincare.D7.Compactness.PointedMetricSpace
Poincare.D7.Compactness.unitFamilyPrecompact :
  Poincare.D7.Compactness.GHPrecompactCertificate Poincare.D7.Compactness.unitFamily
Poincare.D7.Compactness.unitFamilyGHData :
  Poincare.D7.Compactness.GHConvergenceData Filter.atTop Poincare.D7.Compactness.unitFamily
    (Poincare.D7.Compactness.unitFamily 0)
Poincare.D7.Compactness.unitFamilyComp :
  Poincare.D7.Compactness.GHConvergenceData Filter.atTop Poincare.D7.Compactness.unitFamily
    (Poincare.D7.Compactness.unitFamily 0)
Poincare.D7.Compactness.unitFamilyMonoFilter :
  Poincare.D7.Compactness.GHConvergenceData ⊥ Poincare.D7.Compactness.unitFamily (Poincare.D7.Compactness.unitFamily 0)
Poincare.D7.Compactness.unitFamily_coveringNumber.{u_1} (R ε : ℝ) :
  Poincare.D7.Compactness.unitFamilyPrecompact.coveringNumber R ε = Fintype.card PUnit.{u_1 + 1}
Poincare.D7.Compactness.unitFamily_uniform_finite_net (R ε : ℝ) (hε : 0 < ε) :
  ∃ N,
    ∀ (i : ℕ),
      ∃ t,
        t.card ≤ N ∧
          ∀ (x : (Poincare.D7.Compactness.unitFamily i).M),
            dist x (Poincare.D7.Compactness.unitFamily i).base ≤ R → ∃ y ∈ t, dist x y < ε
Poincare.D7.Compactness.unitFamily_totallyBounded (R : ℝ) :
  TotallyBounded (Metric.closedBall (Poincare.D7.Compactness.unitFamily 0).base R)
Poincare.D7.Compactness.unitFamily_isCompact_closedBall (R : ℝ) :
  IsCompact (Metric.closedBall (Poincare.D7.Compactness.unitFamily 0).base R)
Poincare.D7.Compactness.unitFamily_properSpace : ProperSpace (Poincare.D7.Compactness.unitFamily 0).M
Poincare.D7.Compactness.unitFamily_compactSpace : CompactSpace (Poincare.D7.Compactness.unitFamily 0).M
Poincare.D7.Compactness.unitManifoldHypotheses : Poincare.D7.Compactness.ManifoldFamilyHypotheses ℕ
Poincare.D7.Compactness.unitCheegerGromovConclusion :
  ∃ φ,
    StrictMono φ ∧
      ∃ Y,
        Nonempty
            (Poincare.D7.Compactness.GHConvergenceData Filter.atTop (fun k => Poincare.D7.Compactness.unitFamily (φ k))
              Y) ∧
          (fun x x_1 => True) (fun k => Poincare.D7.Compactness.unitFamily (φ k)) Y
Poincare.D7.Compactness.missingCheegerGromovCompactness_unit :
  Poincare.D7.Compactness.missingCheegerGromovCompactness Poincare.D7.Compactness.unitFamily
    Poincare.D7.Compactness.unitManifoldHypotheses fun x x_1 => True
Poincare.D7.Compactness.missingPointedGHConvergentSubsequence_unit :
  Poincare.D7.Compactness.missingPointedGHConvergentSubsequence Poincare.D7.Compactness.unitFamily
Poincare.D7.Compactness.unitFinFamilyCertificate (n : ℕ) :
  Poincare.D7.Compactness.GHPrecompactCertificate (Poincare.D7.Compactness.unitFinFamily n)
Poincare.D7.Compactness.unitFinFamily_toyCompactness (n : ℕ) (u : ℕ → Fin n) :
  ∃ i φ,
    StrictMono φ ∧
      Nonempty
        (Poincare.D7.Compactness.GHConvergenceData Filter.atTop
          (fun k => Poincare.D7.Compactness.unitFinFamily n (u (φ k))) (Poincare.D7.Compactness.unitFinFamily n i))
Poincare.D7.Compactness.unitFinFamily_cheegerGromov (n : ℕ) (u : ℕ → Fin n) :
  ∃ φ,
    StrictMono φ ∧
      ∃ Y,
        Nonempty
            (Poincare.D7.Compactness.GHConvergenceData Filter.atTop
              (fun k => Poincare.D7.Compactness.unitFinFamily n (u (φ k))) Y) ∧
          (fun x x_1 => True) (fun k => Poincare.D7.Compactness.unitFinFamily n (u (φ k))) Y
Poincare.D7.Compactness.unitFinFamily_witness_strictMono {n : ℕ} (u : ℕ → Fin n) :
  StrictMono (Poincare.D7.Compactness.constSubsequence u).subseq
Poincare.D7.Compactness.unitFinFamily_witness_const {n : ℕ} (u : ℕ → Fin n) (k : ℕ) :
  u ((Poincare.D7.Compactness.constSubsequence u).subseq k) = (Poincare.D7.Compactness.constSubsequence u).index
