Poincare.D7.SurgeryFlow.SurgeryProcedureData : Poincare.Longrun.Surgery.LedgerPredicates →
  {X Y : Poincare.Longrun.Surgery.TopSpace} → Poincare.Longrun.Surgery.SurgeryDatum X Y → Type (u_1 + 2)
@Poincare.D7.SurgeryFlow.SurgeryProcedureData.toSurgeryCertificate : ∀ {P : Poincare.Longrun.Surgery.LedgerPredicates}
  {X Y : Poincare.Longrun.Surgery.TopSpace} {D : Poincare.Longrun.Surgery.SurgeryDatum X Y}
  (S : Poincare.D7.SurgeryFlow.SurgeryProcedureData P D), Poincare.Longrun.Surgery.SurgeryCertificate P D
@Poincare.D7.SurgeryFlow.SurgeryProcedureData.compact_preserved : ∀ {P : Poincare.Longrun.Surgery.LedgerPredicates}
  {X Y : Poincare.Longrun.Surgery.TopSpace} {D : Poincare.Longrun.Surgery.SurgeryDatum X Y}
  (S : Poincare.D7.SurgeryFlow.SurgeryProcedureData P D), P.Compact X → P.Compact Y
@Poincare.D7.SurgeryFlow.SurgeryProcedureData.orientable_preserved : ∀ {P : Poincare.Longrun.Surgery.LedgerPredicates}
  {X Y : Poincare.Longrun.Surgery.TopSpace} {D : Poincare.Longrun.Surgery.SurgeryDatum X Y}
  (S : Poincare.D7.SurgeryFlow.SurgeryProcedureData P D), P.Orientable X → P.Orientable Y
@Poincare.D7.SurgeryFlow.SurgeryProcedureData.simplyConnected_preserved : ∀
  {P : Poincare.Longrun.Surgery.LedgerPredicates} {X Y : Poincare.Longrun.Surgery.TopSpace}
  {D : Poincare.Longrun.Surgery.SurgeryDatum X Y} (S : Poincare.D7.SurgeryFlow.SurgeryProcedureData P D),
  P.SimplyConnected X → P.SimplyConnected Y
@Poincare.D7.SurgeryFlow.SurgeryProcedureData.neck : {P : Poincare.Longrun.Surgery.LedgerPredicates} →
  {X Y : Poincare.Longrun.Surgery.TopSpace} →
    {D : Poincare.Longrun.Surgery.SurgeryDatum X Y} →
      (S : Poincare.D7.SurgeryFlow.SurgeryProcedureData P D) →
        Poincare.D7.Canonical.EpsilonNeck S.epsilon S.radius S.neckRegion
@Poincare.D7.SurgeryFlow.SurgeryProcedureData.neck_model_radius : ∀ {P : Poincare.Longrun.Surgery.LedgerPredicates}
  {X Y : Poincare.Longrun.Surgery.TopSpace} {D : Poincare.Longrun.Surgery.SurgeryDatum X Y}
  (S : Poincare.D7.SurgeryFlow.SurgeryProcedureData P D), S.neck.model.radius = S.radius
@Poincare.D7.SurgeryFlow.SurgeryProcedureData.neck_radius_pos : ∀ {P : Poincare.Longrun.Surgery.LedgerPredicates}
  {X Y : Poincare.Longrun.Surgery.TopSpace} {D : Poincare.Longrun.Surgery.SurgeryDatum X Y}
  (S : Poincare.D7.SurgeryFlow.SurgeryProcedureData P D), 0 < S.radius
@Poincare.D7.SurgeryFlow.SurgeryProcedureData.neck_approx_distortion : ∀ {P : Poincare.Longrun.Surgery.LedgerPredicates}
  {X Y : Poincare.Longrun.Surgery.TopSpace} {D : Poincare.Longrun.Surgery.SurgeryDatum X Y}
  (S : Poincare.D7.SurgeryFlow.SurgeryProcedureData P D) (x y : S.neckRegion.M),
  |dist (S.neck.approx.approx x) (S.neck.approx.approx y) - dist x y| ≤ S.epsilon
@Poincare.D7.SurgeryFlow.SurgeryProcedureData.neck_antipodal_dist : ∀ {P : Poincare.Longrun.Surgery.LedgerPredicates}
  {X Y : Poincare.Longrun.Surgery.TopSpace} {D : Poincare.Longrun.Surgery.SurgeryDatum X Y}
  (S : Poincare.D7.SurgeryFlow.SurgeryProcedureData P D),
  dist S.neck.model.space.base S.neck.model.antipodal = Real.pi * S.radius
@Poincare.D7.SurgeryFlow.SurgeryProcedureData.curvatureScale : {P : Poincare.Longrun.Surgery.LedgerPredicates} →
  {X Y : Poincare.Longrun.Surgery.TopSpace} →
    {D : Poincare.Longrun.Surgery.SurgeryDatum X Y} →
      (S : Poincare.D7.SurgeryFlow.SurgeryProcedureData P D) → Poincare.D7.Canonical.CurvatureScaleDatum S.radius
@Poincare.D7.SurgeryFlow.SurgeryProcedureData.noncollapsing : {P : Poincare.Longrun.Surgery.LedgerPredicates} →
  {X Y : Poincare.Longrun.Surgery.TopSpace} →
    {D : Poincare.Longrun.Surgery.SurgeryDatum X Y} →
      (S : Poincare.D7.SurgeryFlow.SurgeryProcedureData P D) →
        Poincare.D7.Canonical.MetricNoncollapsing S.kappa S.radius S.neckRegion
@Poincare.D7.SurgeryFlow.SurgeryProcedureData.certificate_scale_pos : ∀ {P : Poincare.Longrun.Surgery.LedgerPredicates}
  {X Y : Poincare.Longrun.Surgery.TopSpace} {D : Poincare.Longrun.Surgery.SurgeryDatum X Y}
  (S : Poincare.D7.SurgeryFlow.SurgeryProcedureData P D), 0 < S.radius
Poincare.D7.SurgeryFlow.ProcedureChain : Poincare.Longrun.Surgery.LedgerPredicates →
  Poincare.Longrun.Surgery.TopSpace → Poincare.Longrun.Surgery.TopSpace → Type (u_1 + 2)
@Poincare.D7.SurgeryFlow.ProcedureChain.toSurgeryChain : {P : Poincare.Longrun.Surgery.LedgerPredicates} →
  {X Y : Poincare.Longrun.Surgery.TopSpace} →
    Poincare.D7.SurgeryFlow.ProcedureChain P X Y → Poincare.Longrun.Surgery.SurgeryChain X Y
@Poincare.D7.SurgeryFlow.ProcedureChain.toSurgeryChain_nil : ∀ {P : Poincare.Longrun.Surgery.LedgerPredicates}
  (X : Poincare.Longrun.Surgery.TopSpace),
  (Poincare.D7.SurgeryFlow.ProcedureChain.nil X).toSurgeryChain = Poincare.Longrun.Surgery.SurgeryChain.nil X
@Poincare.D7.SurgeryFlow.ProcedureChain.toSurgeryChain_step : ∀ {P : Poincare.Longrun.Surgery.LedgerPredicates}
  {X Y Z : Poincare.Longrun.Surgery.TopSpace} (D : Poincare.Longrun.Surgery.SurgeryDatum X Y)
  (S : Poincare.D7.SurgeryFlow.SurgeryProcedureData P D) (c : Poincare.D7.SurgeryFlow.ProcedureChain P Y Z),
  (Poincare.D7.SurgeryFlow.ProcedureChain.step D S c).toSurgeryChain =
    Poincare.Longrun.Surgery.SurgeryChain.step D c.toSurgeryChain
@Poincare.D7.SurgeryFlow.ProcedureChain.certificate : ∀ {P : Poincare.Longrun.Surgery.LedgerPredicates}
  {X Y : Poincare.Longrun.Surgery.TopSpace} (c : Poincare.D7.SurgeryFlow.ProcedureChain P X Y),
  Poincare.Longrun.Surgery.ChainCertificate P c.toSurgeryChain
@Poincare.D7.SurgeryFlow.ProcedureChain.compact_preserved : ∀ {P : Poincare.Longrun.Surgery.LedgerPredicates}
  {X Y : Poincare.Longrun.Surgery.TopSpace} {c : Poincare.D7.SurgeryFlow.ProcedureChain P X Y},
  P.Compact X → P.Compact Y
@Poincare.D7.SurgeryFlow.ProcedureChain.orientable_preserved : ∀ {P : Poincare.Longrun.Surgery.LedgerPredicates}
  {X Y : Poincare.Longrun.Surgery.TopSpace} {c : Poincare.D7.SurgeryFlow.ProcedureChain P X Y},
  P.Orientable X → P.Orientable Y
@Poincare.D7.SurgeryFlow.ProcedureChain.simplyConnected_preserved : ∀ {P : Poincare.Longrun.Surgery.LedgerPredicates}
  {X Y : Poincare.Longrun.Surgery.TopSpace} {c : Poincare.D7.SurgeryFlow.ProcedureChain P X Y},
  P.SimplyConnected X → P.SimplyConnected Y
Poincare.D7.SurgeryFlow.realLineTop : Poincare.Longrun.Surgery.TopSpace
Poincare.D7.SurgeryFlow.realLineDatum : Poincare.Longrun.Surgery.SurgeryDatum Poincare.D7.SurgeryFlow.realLineTop
  Poincare.D7.SurgeryFlow.realLineTop
Poincare.D7.SurgeryFlow.realLineProcedure : Poincare.D7.SurgeryFlow.SurgeryProcedureData
  Poincare.Longrun.Surgery.toyLedger Poincare.D7.SurgeryFlow.realLineDatum
Poincare.D7.SurgeryFlow.exists_surgeryProcedureData : Nonempty
  (Poincare.D7.SurgeryFlow.SurgeryProcedureData Poincare.Longrun.Surgery.toyLedger
    Poincare.D7.SurgeryFlow.realLineDatum)
Poincare.D7.SurgeryFlow.realLineProcedure_neck_radius : Poincare.D7.SurgeryFlow.realLineProcedure.radius = 2
Poincare.D7.SurgeryFlow.realLineProcedureChain : Poincare.D7.SurgeryFlow.ProcedureChain
  Poincare.Longrun.Surgery.toyLedger Poincare.D7.SurgeryFlow.realLineTop Poincare.D7.SurgeryFlow.realLineTop
Poincare.D7.SurgeryFlow.realLineProcedureChain_toSurgeryChain : Poincare.D7.SurgeryFlow.realLineProcedureChain.toSurgeryChain =
  Poincare.Longrun.Surgery.SurgeryChain.step Poincare.D7.SurgeryFlow.realLineDatum
    (Poincare.Longrun.Surgery.SurgeryChain.nil Poincare.D7.SurgeryFlow.realLineTop)
Poincare.D7.SurgeryFlow.realLineProcedureChain_simplyConnected : Poincare.Longrun.Surgery.toyLedger.SimplyConnected
    Poincare.D7.SurgeryFlow.realLineTop →
  Poincare.Longrun.Surgery.toyLedger.SimplyConnected Poincare.D7.SurgeryFlow.realLineTop
Poincare.D7.SurgeryFlow.SurgerySchedule : (ℕ → ℝ) → Type
@Poincare.D7.SurgeryFlow.SurgerySchedule.strictMono : ∀ {T : ℕ → ℝ} (S : Poincare.D7.SurgeryFlow.SurgerySchedule T),
  StrictMono T
@Poincare.D7.SurgeryFlow.SurgerySchedule.gap_mul_le_add : ∀ {T : ℕ → ℝ} (S : Poincare.D7.SurgeryFlow.SurgerySchedule T)
  (m d : ℕ), ↑d * S.gap ≤ T (m + d) - T m
@Poincare.D7.SurgeryFlow.SurgerySchedule.gap_mul_le_sub : ∀ {T : ℕ → ℝ} (S : Poincare.D7.SurgeryFlow.SurgerySchedule T)
  {m n : ℕ}, m ≤ n → ↑(n - m) * S.gap ≤ T n - T m
@Poincare.D7.SurgeryFlow.SurgerySchedule.gap_le_sub : ∀ {T : ℕ → ℝ} (S : Poincare.D7.SurgeryFlow.SurgerySchedule T)
  {m n : ℕ}, m < n → S.gap ≤ T n - T m
@Poincare.D7.SurgeryFlow.SurgerySchedule.gap_le_abs_sub : ∀ {T : ℕ → ℝ} (S : Poincare.D7.SurgeryFlow.SurgerySchedule T)
  {m n : ℕ}, m ≠ n → S.gap ≤ |T n - T m|
@Poincare.D7.SurgeryFlow.SurgerySchedule.range_inter_Ioo_subsingleton : ∀ {T : ℕ → ℝ}
  (S : Poincare.D7.SurgeryFlow.SurgerySchedule T) (t : ℝ),
  (Set.range T ∩ Set.Ioo (t - S.gap / 2) (t + S.gap / 2)).Subsingleton
@Poincare.D7.SurgeryFlow.SurgerySchedule.range_inter_Ioo_eq_singleton : ∀ {T : ℕ → ℝ}
  (S : Poincare.D7.SurgeryFlow.SurgerySchedule T) (n : ℕ),
  Set.range T ∩ Set.Ioo (T n - S.gap / 2) (T n + S.gap / 2) = {T n}
@Poincare.D7.SurgeryFlow.SurgerySchedule.isDiscrete_range : ∀ {T : ℕ → ℝ}
  (S : Poincare.D7.SurgeryFlow.SurgerySchedule T), IsDiscrete (Set.range T)
@Poincare.D7.SurgeryFlow.SurgerySchedule.not_accPt : ∀ {T : ℕ → ℝ} (S : Poincare.D7.SurgeryFlow.SurgerySchedule T)
  (t : ℝ), ¬AccPt t (Filter.principal (Set.range T))
@Poincare.D7.SurgeryFlow.SurgerySchedule.isClosed_range : ∀ {T : ℕ → ℝ} (S : Poincare.D7.SurgeryFlow.SurgerySchedule T),
  IsClosed (Set.range T)
@Poincare.D7.SurgeryFlow.SurgerySchedule.derivedSet_range : ∀ {T : ℕ → ℝ}
  (S : Poincare.D7.SurgeryFlow.SurgerySchedule T), derivedSet (Set.range T) = ∅
@Poincare.D7.SurgeryFlow.SurgerySchedule.isClosed_and_isDiscrete_range : ∀ {T : ℕ → ℝ}
  (S : Poincare.D7.SurgeryFlow.SurgerySchedule T), IsClosed (Set.range T) ∧ IsDiscrete (Set.range T)
@Poincare.D7.SurgeryFlow.SurgerySchedule.finite_indices_Icc : ∀ {T : ℕ → ℝ}
  (S : Poincare.D7.SurgeryFlow.SurgerySchedule T) (a b : ℝ), {n | T n ∈ Set.Icc a b}.Finite
@Poincare.D7.SurgeryFlow.SurgerySchedule.finite_range_inter_Icc : ∀ {T : ℕ → ℝ}
  (S : Poincare.D7.SurgeryFlow.SurgerySchedule T) (a b : ℝ), (Set.range T ∩ Set.Icc a b).Finite
@Poincare.D7.SurgeryFlow.SurgerySchedule.finite_range_inter_Ioo : ∀ {T : ℕ → ℝ}
  (S : Poincare.D7.SurgeryFlow.SurgerySchedule T) (a b : ℝ), (Set.range T ∩ Set.Ioo a b).Finite
Poincare.D7.SurgeryFlow.CurvatureBoundInterface : (ℕ → ℝ) → Type
@Poincare.D7.SurgeryFlow.CurvatureBoundInterface.toSchedule : {T : ℕ → ℝ} →
  (H : Poincare.D7.SurgeryFlow.CurvatureBoundInterface T) →
    H.curvatureBound → H.maximumPrinciple → Poincare.D7.SurgeryFlow.SurgerySchedule T
@Poincare.D7.SurgeryFlow.CurvatureBoundInterface.isDiscrete_range : ∀ {T : ℕ → ℝ}
  (H : Poincare.D7.SurgeryFlow.CurvatureBoundInterface T),
  H.curvatureBound → H.maximumPrinciple → IsDiscrete (Set.range T)
@Poincare.D7.SurgeryFlow.CurvatureBoundInterface.not_accPt : ∀ {T : ℕ → ℝ}
  (H : Poincare.D7.SurgeryFlow.CurvatureBoundInterface T),
  H.curvatureBound → H.maximumPrinciple → ∀ (t : ℝ), ¬AccPt t (Filter.principal (Set.range T))
@Poincare.D7.SurgeryFlow.CurvatureBoundInterface.derivedSet_range : ∀ {T : ℕ → ℝ}
  (H : Poincare.D7.SurgeryFlow.CurvatureBoundInterface T),
  H.curvatureBound → H.maximumPrinciple → derivedSet (Set.range T) = ∅
@Poincare.D7.SurgeryFlow.CurvatureBoundInterface.isClosed_and_isDiscrete_range : ∀ {T : ℕ → ℝ}
  (H : Poincare.D7.SurgeryFlow.CurvatureBoundInterface T),
  H.curvatureBound → H.maximumPrinciple → IsClosed (Set.range T) ∧ IsDiscrete (Set.range T)
@Poincare.D7.SurgeryFlow.CurvatureBoundInterface.finite_range_inter_Icc : ∀ {T : ℕ → ℝ}
  (H : Poincare.D7.SurgeryFlow.CurvatureBoundInterface T),
  H.curvatureBound → H.maximumPrinciple → ∀ (a b : ℝ), (Set.range T ∩ Set.Icc a b).Finite
@Poincare.D7.SurgeryFlow.procedureTimes : {P : Poincare.Longrun.Surgery.LedgerPredicates} →
  {X Y : Poincare.Longrun.Surgery.TopSpace} →
    {D : Poincare.Longrun.Surgery.SurgeryDatum X Y} → (ℕ → Poincare.D7.SurgeryFlow.SurgeryProcedureData P D) → ℕ → ℝ
@Poincare.D7.SurgeryFlow.procedureTimes_derivedSet_eq_empty : ∀ {P : Poincare.Longrun.Surgery.LedgerPredicates}
  {X Y : Poincare.Longrun.Surgery.TopSpace} {D : Poincare.Longrun.Surgery.SurgeryDatum X Y}
  (proc : ℕ → Poincare.D7.SurgeryFlow.SurgeryProcedureData P D)
  (H : Poincare.D7.SurgeryFlow.CurvatureBoundInterface (Poincare.D7.SurgeryFlow.procedureTimes proc)),
  H.curvatureBound → H.maximumPrinciple → derivedSet (Set.range (Poincare.D7.SurgeryFlow.procedureTimes proc)) = ∅
@Poincare.D7.SurgeryFlow.procedureTimes_finite_range_inter_Icc : ∀ {P : Poincare.Longrun.Surgery.LedgerPredicates}
  {X Y : Poincare.Longrun.Surgery.TopSpace} {D : Poincare.Longrun.Surgery.SurgeryDatum X Y}
  (proc : ℕ → Poincare.D7.SurgeryFlow.SurgeryProcedureData P D)
  (H : Poincare.D7.SurgeryFlow.CurvatureBoundInterface (Poincare.D7.SurgeryFlow.procedureTimes proc)),
  H.curvatureBound →
    H.maximumPrinciple → ∀ (a b : ℝ), (Set.range (Poincare.D7.SurgeryFlow.procedureTimes proc) ∩ Set.Icc a b).Finite
Poincare.D7.SurgeryFlow.no_infinite_strict_decrease : ∀ (f : ℕ → ℕ), ¬∀ (n : ℕ), f (n + 1) < f n
Poincare.D7.SurgeryFlow.no_infinite_steps : ∀ (rel : ℕ → ℕ → Prop),
  (∀ {m n : ℕ}, rel m n → n < m) → ∀ (f : ℕ → ℕ), ¬∀ (n : ℕ), rel (f n) (f (n + 1))
Poincare.D7.SurgeryFlow.FiniteComplexity : (ℕ → ℕ → Prop) → Prop
@Poincare.D7.SurgeryFlow.finiteComplexity_toyRel : Poincare.D7.SurgeryFlow.FiniteComplexity
  Poincare.Longrun.Surgery.ToyRel
Poincare.D7.SurgeryFlow.no_infinite_toyRel : ∀ (f : ℕ → ℕ),
  ¬∀ (n : ℕ), Poincare.Longrun.Surgery.ToyRel (f n) (f (n + 1))
Poincare.D7.SurgeryFlow.toyChain_to_one : ∀ (m : ℕ), 0 < m → Poincare.Longrun.Surgery.ToyChain m 1 (m - 1)
Poincare.D7.SurgeryFlow.toy_extinction : ∀ (m : ℕ), 0 < m → ∃ k, Poincare.Longrun.Surgery.ToyChain m 1 k ∧ k = m - 1
@Poincare.D7.SurgeryFlow.toyChain_to_one_length : ∀ {m k : ℕ}, Poincare.Longrun.Surgery.ToyChain m 1 k → k = m - 1
@Poincare.D7.SurgeryFlow.toyChain_length_unique : ∀ {m n k k' : ℕ},
  Poincare.Longrun.Surgery.ToyChain m n k → Poincare.Longrun.Surgery.ToyChain m n k' → k = k'
Poincare.D7.SurgeryFlow.toy_extinction_bound : ∀ (m : ℕ),
  0 < m →
    (∃ k, Poincare.Longrun.Surgery.ToyChain m 1 k ∧ k = m - 1) ∧
      (∀ (k : ℕ), Poincare.Longrun.Surgery.ToyChain m 1 k → k = m - 1) ∧
        ∀ (n : ℕ), ¬Poincare.Longrun.Surgery.ToyChain m n (m + 1)
Poincare.D7.SurgeryFlow.toy_extinction_time_le : ∀ (m : ℕ) {k : ℕ}, Poincare.Longrun.Surgery.ToyChain m 1 k → k ≤ m
Poincare.D7.SurgeryFlow.toy_extinction_time_unique : ∀ (m : ℕ), 0 < m → ∃! k, Poincare.Longrun.Surgery.ToyChain m 1 k
Poincare.D7.SurgeryFlow.NeckAnalysisHypotheses : (P : Poincare.Longrun.Surgery.LedgerPredicates) →
  {X Y : Poincare.Longrun.Surgery.TopSpace} →
    (D : Poincare.Longrun.Surgery.SurgeryDatum X Y) → Poincare.D7.SurgeryFlow.SurgeryProcedureData P D → Type (u_1 + 1)
@Poincare.D7.SurgeryFlow.NeckAnalysisHypotheses.certifiedNeckSeparating_of_highCurvature : ∀
  {P : Poincare.Longrun.Surgery.LedgerPredicates} {X Y : Poincare.Longrun.Surgery.TopSpace}
  {D : Poincare.Longrun.Surgery.SurgeryDatum X Y} {S : Poincare.D7.SurgeryFlow.SurgeryProcedureData P D}
  (N : Poincare.D7.SurgeryFlow.NeckAnalysisHypotheses P D S), N.d3.highCurvatureRegion → N.certifiedNeckSeparating
@Poincare.D7.SurgeryFlow.NeckAnalysisHypotheses.admissibleCutAndCap_of_highCurvature : ∀
  {P : Poincare.Longrun.Surgery.LedgerPredicates} {X Y : Poincare.Longrun.Surgery.TopSpace}
  {D : Poincare.Longrun.Surgery.SurgeryDatum X Y} {S : Poincare.D7.SurgeryFlow.SurgeryProcedureData P D}
  (N : Poincare.D7.SurgeryFlow.NeckAnalysisHypotheses P D S), N.d3.highCurvatureRegion → N.admissibleCutAndCap
@Poincare.D7.SurgeryFlow.NeckAnalysisHypotheses.realizesDatum_of_highCurvature : ∀
  {P : Poincare.Longrun.Surgery.LedgerPredicates} {X Y : Poincare.Longrun.Surgery.TopSpace}
  {D : Poincare.Longrun.Surgery.SurgeryDatum X Y} {S : Poincare.D7.SurgeryFlow.SurgeryProcedureData P D}
  (N : Poincare.D7.SurgeryFlow.NeckAnalysisHypotheses P D S), N.d3.highCurvatureRegion → N.d3.realizesDatum
@Poincare.D7.SurgeryFlow.NeckAnalysisHypotheses.target_of_highCurvature : ∀
  {P : Poincare.Longrun.Surgery.LedgerPredicates} {X Y : Poincare.Longrun.Surgery.TopSpace}
  {D : Poincare.Longrun.Surgery.SurgeryDatum X Y} {S : Poincare.D7.SurgeryFlow.SurgeryProcedureData P D}
  (N : Poincare.D7.SurgeryFlow.NeckAnalysisHypotheses P D S),
  N.d3.highCurvatureRegion → P.SimplyConnected X → P.SimplyConnected Y
@Poincare.D7.SurgeryFlow.NeckAnalysisHypotheses.certificate : ∀ {P : Poincare.Longrun.Surgery.LedgerPredicates}
  {X Y : Poincare.Longrun.Surgery.TopSpace} {D : Poincare.Longrun.Surgery.SurgeryDatum X Y}
  {S : Poincare.D7.SurgeryFlow.SurgeryProcedureData P D} (N : Poincare.D7.SurgeryFlow.NeckAnalysisHypotheses P D S),
  N.d3.highCurvatureRegion → Poincare.Longrun.Surgery.SurgeryCertificate P D
Poincare.D7.SurgeryFlow.missingFullNeckAnalysis : (P : Poincare.Longrun.Surgery.LedgerPredicates) →
  {X Y : Poincare.Longrun.Surgery.TopSpace} →
    (D : Poincare.Longrun.Surgery.SurgeryDatum X Y) → Poincare.D7.SurgeryFlow.SurgeryProcedureData P D → Prop
Poincare.D7.SurgeryFlow.missingFullNeckAnalysis_iff : ∀ (P : Poincare.Longrun.Surgery.LedgerPredicates)
  {X Y : Poincare.Longrun.Surgery.TopSpace} (D : Poincare.Longrun.Surgery.SurgeryDatum X Y)
  (S : Poincare.D7.SurgeryFlow.SurgeryProcedureData P D),
  Poincare.D7.SurgeryFlow.missingFullNeckAnalysis P D S ↔
    ∃ N,
      N.d3.highCurvatureRegion →
        N.certifiedNeckSeparating ∧ N.admissibleCutAndCap ∧ N.d3.realizesDatum ∧ N.scaleCompatible
Poincare.D7.SurgeryFlow.exists_separating_of_missingFullNeckAnalysis : ∀ (P : Poincare.Longrun.Surgery.LedgerPredicates)
  {X Y : Poincare.Longrun.Surgery.TopSpace} {D : Poincare.Longrun.Surgery.SurgeryDatum X Y}
  {S : Poincare.D7.SurgeryFlow.SurgeryProcedureData P D},
  Poincare.D7.SurgeryFlow.missingFullNeckAnalysis P D S → ∃ N, N.d3.highCurvatureRegion → N.certifiedNeckSeparating
@Poincare.D7.SurgeryFlow.missingAPrioriCurvatureEstimates : {T : ℕ → ℝ} →
  Poincare.D7.SurgeryFlow.CurvatureBoundInterface T → Prop
@Poincare.D7.SurgeryFlow.missingAPrioriCurvatureEstimates_iff : ∀ {T : ℕ → ℝ}
  (H : Poincare.D7.SurgeryFlow.CurvatureBoundInterface T),
  Poincare.D7.SurgeryFlow.missingAPrioriCurvatureEstimates H ↔ H.curvatureBound ∧ H.maximumPrinciple
@Poincare.D7.SurgeryFlow.discrete_times_of_missingAPrioriEstimates : ∀ {T : ℕ → ℝ}
  (H : Poincare.D7.SurgeryFlow.CurvatureBoundInterface T),
  Poincare.D7.SurgeryFlow.missingAPrioriCurvatureEstimates H →
    derivedSet (Set.range T) = ∅ ∧ IsClosed (Set.range T) ∧ IsDiscrete (Set.range T)
@Poincare.D7.SurgeryFlow.finitelyMany_of_missingAPrioriEstimates : ∀ {T : ℕ → ℝ}
  (H : Poincare.D7.SurgeryFlow.CurvatureBoundInterface T),
  Poincare.D7.SurgeryFlow.missingAPrioriCurvatureEstimates H → ∀ (a b : ℝ), (Set.range T ∩ Set.Icc a b).Finite
Poincare.D7.SurgeryFlow.ExtinctionData : Type
Poincare.D7.SurgeryFlow.ExtinctionData.finitelyMany_surgeries : ∀ (E : Poincare.D7.SurgeryFlow.ExtinctionData),
  ∃ N, ∀ (n : ℕ), N ≤ n → ¬E.surgeryAt n
Poincare.D7.SurgeryFlow.ExtinctionData.extinct_of_skeleton : ∀ (E : Poincare.D7.SurgeryFlow.ExtinctionData), E.extinct
Poincare.D7.SurgeryFlow.ExtinctionData.terminalSphere_of_skeleton : ∀ (E : Poincare.D7.SurgeryFlow.ExtinctionData),
  E.terminalSphere
Poincare.D7.SurgeryFlow.missingExtinctionTheorem : Poincare.D7.SurgeryFlow.ExtinctionData → Prop
Poincare.D7.SurgeryFlow.missingExtinctionTheorem_iff : ∀ (E : Poincare.D7.SurgeryFlow.ExtinctionData),
  Poincare.D7.SurgeryFlow.missingExtinctionTheorem E ↔ E.extinct ∧ E.terminalSphere
Poincare.D7.SurgeryFlow.extinct_of_missingExtinctionTheorem : ∀ (E : Poincare.D7.SurgeryFlow.ExtinctionData),
  Poincare.D7.SurgeryFlow.missingExtinctionTheorem E → E.extinct
Poincare.D7.SurgeryFlow.terminalSphere_of_missingExtinctionTheorem : ∀ (E : Poincare.D7.SurgeryFlow.ExtinctionData),
  Poincare.D7.SurgeryFlow.missingExtinctionTheorem E → E.terminalSphere
Poincare.D7.SurgeryFlow.toy_extinction_skeleton : ∀ (m : ℕ),
  0 < m → ∃ k, Poincare.Longrun.Surgery.ToyChain m 1 k ∧ k = m - 1
@Poincare.D7.SurgeryFlow.missingSurgeryFlowTheorem : {P : Poincare.Longrun.Surgery.LedgerPredicates} →
  {X Y : Poincare.Longrun.Surgery.TopSpace} →
    {D : Poincare.Longrun.Surgery.SurgeryDatum X Y} →
      Poincare.D7.SurgeryFlow.SurgeryProcedureData P D →
        {T : ℕ → ℝ} → Poincare.D7.SurgeryFlow.CurvatureBoundInterface T → Poincare.D7.SurgeryFlow.ExtinctionData → Prop
@Poincare.D7.SurgeryFlow.missingSurgeryFlowTheorem_iff : ∀ {P : Poincare.Longrun.Surgery.LedgerPredicates}
  {X Y : Poincare.Longrun.Surgery.TopSpace} {D : Poincare.Longrun.Surgery.SurgeryDatum X Y}
  (S : Poincare.D7.SurgeryFlow.SurgeryProcedureData P D) {T : ℕ → ℝ}
  (H : Poincare.D7.SurgeryFlow.CurvatureBoundInterface T) (E : Poincare.D7.SurgeryFlow.ExtinctionData),
  Poincare.D7.SurgeryFlow.missingSurgeryFlowTheorem S H E ↔
    Poincare.D7.SurgeryFlow.missingFullNeckAnalysis P D S ∧
      Poincare.D7.SurgeryFlow.missingAPrioriCurvatureEstimates H ∧ Poincare.D7.SurgeryFlow.missingExtinctionTheorem E
@Poincare.D7.SurgeryFlow.surgeryFlow_consequences : ∀ {P : Poincare.Longrun.Surgery.LedgerPredicates}
  {X Y : Poincare.Longrun.Surgery.TopSpace} {D : Poincare.Longrun.Surgery.SurgeryDatum X Y}
  (S : Poincare.D7.SurgeryFlow.SurgeryProcedureData P D) (N : Poincare.D7.SurgeryFlow.NeckAnalysisHypotheses P D S),
  N.d3.highCurvatureRegion →
    ∀ {T : ℕ → ℝ} (H : Poincare.D7.SurgeryFlow.CurvatureBoundInterface T),
      Poincare.D7.SurgeryFlow.missingAPrioriCurvatureEstimates H →
        ∀ (E : Poincare.D7.SurgeryFlow.ExtinctionData),
          Poincare.D7.SurgeryFlow.missingExtinctionTheorem E →
            derivedSet (Set.range T) = ∅ ∧ (P.SimplyConnected X → P.SimplyConnected Y) ∧ E.extinct ∧ E.terminalSphere
@Poincare.D7.SurgeryFlow.surgeryFlow_consequences_of_missing : ∀ {P : Poincare.Longrun.Surgery.LedgerPredicates}
  {X Y : Poincare.Longrun.Surgery.TopSpace} {D : Poincare.Longrun.Surgery.SurgeryDatum X Y}
  {S : Poincare.D7.SurgeryFlow.SurgeryProcedureData P D} {T : ℕ → ℝ}
  {H : Poincare.D7.SurgeryFlow.CurvatureBoundInterface T} {E : Poincare.D7.SurgeryFlow.ExtinctionData},
  Poincare.D7.SurgeryFlow.missingSurgeryFlowTheorem S H E →
    ∀ {N : Poincare.D7.SurgeryFlow.NeckAnalysisHypotheses P D S},
      N.d3.highCurvatureRegion →
        derivedSet (Set.range T) = ∅ ∧ (P.SimplyConnected X → P.SimplyConnected Y) ∧ E.extinct ∧ E.terminalSphere
Poincare.D7.SurgeryFlow.BlockerNeckSeparating : String
Poincare.D7.SurgeryFlow.BlockerCutAndCap : String
Poincare.D7.SurgeryFlow.BlockerScaleCompatible : String
Poincare.D7.SurgeryFlow.BlockerAPriori : String
Poincare.D7.SurgeryFlow.BlockerExtinction : String
Poincare.D7.SurgeryFlow.BlockerTerminalSphere : String
Poincare.D7.SurgeryFlow.surgeryFlowDependencies : List Poincare.D7.ShortTime.MissingDependency
Poincare.D7.SurgeryFlow.surgeryFlowDependencies_length : Poincare.D7.SurgeryFlow.surgeryFlowDependencies.length = 12
Poincare.D7.SurgeryFlow.surgeryFlowDependencies_ne_nil : Poincare.D7.SurgeryFlow.surgeryFlowDependencies ≠ []
Poincare.D7.SurgeryFlow.surgeryFlowDependencies_all_named : ∀ d ∈ Poincare.D7.SurgeryFlow.surgeryFlowDependencies,
  d.name ≠ "" ∧ d.reason ≠ ""
Poincare.D7.SurgeryFlow.surgeryFlowBlockers : List String
Poincare.D7.SurgeryFlow.surgeryFlowBlockers_length : Poincare.D7.SurgeryFlow.surgeryFlowBlockers.length = 6
Poincare.D7.SurgeryFlow.surgeryFlowBlockers_ne_nil : Poincare.D7.SurgeryFlow.surgeryFlowBlockers ≠ []
Poincare.D7.SurgeryFlow.surgeryFlowBlockers_all_named : ∀ b ∈ Poincare.D7.SurgeryFlow.surgeryFlowBlockers, b ≠ ""
