### COLD probe 2026-09-11T12:42:12+08:00
Poincare.D12.SurgeryRecognition.doubleBallHomeoSphere :
  Poincare.D12.SurgeryRecognition.DoubleBall ≃ₜ Poincare.D12.SurgeryRecognition.S3
Poincare.D12.SurgeryRecognition.northHemisphereHomeo :
  Poincare.D12.SurgeryRecognition.Ball3 ≃ₜ ↑Poincare.D12.SurgeryRecognition.northHemisphere
Poincare.D12.SurgeryRecognition.southHemisphereHomeo :
  Poincare.D12.SurgeryRecognition.Ball3 ≃ₜ ↑Poincare.D12.SurgeryRecognition.southHemisphere
Poincare.D12.SurgeryRecognition.equatorHomeoS2 :
  ↑Poincare.D12.SurgeryRecognition.equator ≃ₜ Poincare.D12.SurgeryRecognition.S2
Poincare.D12.SurgeryRecognition.sphereConnectSum_homeo_sphere :
  Nonempty (Poincare.D12.SurgeryRecognition.sphereConnectSum.Carrier ≃ₜ Poincare.D12.SurgeryRecognition.S3)
Poincare.D12.SurgeryRecognition.iteratedSphereSum_homeo_sphere (pieces : List Poincare.Longrun.Surgery.TopSpace)
  (h : ∀ P ∈ pieces, Nonempty (P.Carrier ≃ₜ Poincare.D12.SurgeryRecognition.S3)) :
  Nonempty
    ((Poincare.D12.SurgeryRecognition.iteratedSphereSum pieces h).sum.Carrier ≃ₜ Poincare.D12.SurgeryRecognition.S3)
Poincare.D12.SurgeryRecognition.ConnectedSumDecomposition.mkV2 {X : Poincare.Longrun.Surgery.TopSpace}
  {pieces : List Poincare.Longrun.Surgery.TopSpace}
  (D : Poincare.D12.SurgeryRecognition.ConnectedSumDecompositionV2 X pieces)
  (simplyConnected_pieces : SimplyConnectedSpace X.Carrier → ∀ P ∈ pieces, SimplyConnectedSpace P.Carrier) :
  Poincare.D7.Recognition.ConnectedSumDecomposition X pieces
Poincare.D12.SurgeryRecognition.endGame_finalTopology (X : Poincare.Longrun.Surgery.TopSpace)
  (pieces : List Poincare.Longrun.Surgery.TopSpace)
  (D : Poincare.D12.SurgeryRecognition.ConnectedSumDecompositionV2 X pieces)
  (_h : ∀ P ∈ pieces, Nonempty (P.Carrier ≃ₜ Poincare.D12.SurgeryRecognition.S3)) :
  Nonempty (X.Carrier ≃ₜ Poincare.D12.SurgeryRecognition.S3)
Poincare.D12.SurgeryRecognition.stage6Target_of_v2decomposition {X : Poincare.Longrun.Surgery.TopSpace}
  (compact : CompactSpace X.Carrier) (t2 : T2Space X.Carrier)
  (charted : ChartedSpace Poincare.Longrun.Topology.EuclideanThree X.Carrier)
  (simplyConnected : SimplyConnectedSpace X.Carrier) (E : Poincare.D7.Recognition.ExtinctionCertificate X)
  (D : Poincare.D12.SurgeryRecognition.ConnectedSumDecompositionV2 X E.pieces)
  (vanKampen : SimplyConnectedSpace X.Carrier → ∀ P ∈ E.pieces, SimplyConnectedSpace P.Carrier)
  (canonical : Poincare.D7.Recognition.CanonicalNeighborhoodInput X E)
  (pieceRecognition : Poincare.D7.Recognition.SphericalPieceRecognition) :
  Poincare.Stage6.poincareConjectureTopologicalThree X.Carrier
Poincare.D12.SurgeryRecognition.stage6Target_of_v2hypotheses {X : Poincare.Longrun.Surgery.TopSpace}
  (compact : CompactSpace X.Carrier) (t2 : T2Space X.Carrier)
  (charted : ChartedSpace Poincare.Longrun.Topology.EuclideanThree X.Carrier)
  (simplyConnected : SimplyConnectedSpace X.Carrier) (E : Poincare.D7.Recognition.ExtinctionCertificate X)
  (D : Poincare.D12.SurgeryRecognition.ConnectedSumDecompositionV2 X E.pieces)
  (H : Poincare.D12.SurgeryRecognition.RemainingRecognitionHypothesesV2 X E.pieces)
  (canonical : Poincare.D7.Recognition.CanonicalNeighborhoodInput X E) :
  Poincare.Stage6.poincareConjectureTopologicalThree X.Carrier
Poincare.D12.SurgeryRecognition.finiteFreeOrbit_isQuotientCoveringMap.{u_1} (Γ : Type u_1) [Group Γ] [Fintype Γ]
  [MulAction Γ Poincare.D12.SurgeryRecognition.S3] [ContinuousConstSMul Γ Poincare.D12.SurgeryRecognition.S3]
  (hfree : ∀ (g : Γ) (x : Poincare.D12.SurgeryRecognition.S3), g • x = x → g = 1) :
  IsQuotientCoveringMap (Quotient.mk (MulAction.orbitRel Γ Poincare.D12.SurgeryRecognition.S3)) Γ
Poincare.D12.SurgeryRecognition.antipodal_free (g : Poincare.D12.SurgeryRecognition.AntipodalGroup)
  (x : Poincare.D12.SurgeryRecognition.S3) : g • x = x → g = 1
Poincare.D12.SurgeryRecognition.antipodalQuotientCovering :
  IsQuotientCoveringMap
    (Quotient.mk (MulAction.orbitRel Poincare.D12.SurgeryRecognition.AntipodalGroup Poincare.D12.SurgeryRecognition.S3))
    Poincare.D12.SurgeryRecognition.AntipodalGroup
Poincare.D12.SurgeryRecognition.antipodalCoveringMap :
  IsCoveringMap
    (Quotient.mk (MulAction.orbitRel Poincare.D12.SurgeryRecognition.AntipodalGroup Poincare.D12.SurgeryRecognition.S3))
Poincare.D12.SurgeryRecognition.antipodal_fiber_card_two
  (q : Poincare.D12.SurgeryRecognition.antipodalQuotient.Carrier) :
  Nonempty
    (↑(Quotient.mk
            (MulAction.orbitRel Poincare.D12.SurgeryRecognition.AntipodalGroup Poincare.D12.SurgeryRecognition.S3) ⁻¹'
          {q}) ≃
      Fin 2)
Poincare.D12.SurgeryRecognition.antipodal_two_sheets : ∃ q x y, ⟦x⟧ = q ∧ ⟦y⟧ = q ∧ x ≠ y
Poincare.D12.SurgeryRecognition.antipodalModel : Poincare.D12.SurgeryRecognition.SphericalSpaceFormModel
Poincare.D12.SurgeryRecognition.antipodalModel_nontrivial : Nontrivial Poincare.D12.SurgeryRecognition.antipodalModel.Γ
Poincare.D12.SurgeryRecognition.quotientHomeoOfSubsingleton
  (M : Poincare.D12.SurgeryRecognition.SphericalSpaceFormModel) [Subsingleton M.Γ] :
  M.quotient.Carrier ≃ₜ Poincare.D12.SurgeryRecognition.S3
Poincare.D12.SurgeryRecognition.sphericalPieceRecognition_of
  (spaceForm :
    {X : Poincare.Longrun.Surgery.TopSpace} →
      Poincare.D7.Recognition.SphericalPiece X → { M // Poincare.D12.SurgeryRecognition.IsSpaceFormModelOf X M })
  (coveringTrivial :
    ∀ (M : Poincare.D12.SurgeryRecognition.SphericalSpaceFormModel),
      SimplyConnectedSpace M.quotient.Carrier → Subsingleton M.Γ) :
  Poincare.D7.Recognition.SphericalPieceRecognition
Poincare.D12.SurgeryRecognition.sphereThree_pathConnectedSpace : PathConnectedSpace Poincare.D12.SurgeryRecognition.S3
Poincare.D12.SurgeryRecognition.SphericalSpaceFormModel.spaceFormProjection
  (M : Poincare.D12.SurgeryRecognition.SphericalSpaceFormModel) :
  Poincare.D12.SurgeryRecognition.S3 → M.quotient.Carrier
Poincare.D12.SurgeryRecognition.SphericalSpaceFormModel.spaceFormProjection_covering
  (M : Poincare.D12.SurgeryRecognition.SphericalSpaceFormModel) : IsCoveringMap M.spaceFormProjection
Poincare.D12.SurgeryRecognition.SphericalSpaceFormModel.spaceFormFiberEquivGroup
  (M : Poincare.D12.SurgeryRecognition.SphericalSpaceFormModel) (q₀ : M.quotient.Carrier)
  (e : ↑(M.spaceFormProjection ⁻¹' {q₀})) : ↑(M.spaceFormProjection ⁻¹' {q₀}) ≃ M.Γ
Poincare.D12.SurgeryRecognition.SphericalSpaceFormModel.spaceForm_monodromy_trivial
  (M : Poincare.D12.SurgeryRecognition.SphericalSpaceFormModel) [SimplyConnectedSpace M.quotient.Carrier]
  (q₀ : M.quotient.Carrier) (γ : FundamentalGroup M.quotient.Carrier q₀) (e : ↑(M.spaceFormProjection ⁻¹' {q₀})) :
  ⋯.monodromy γ e = e
Poincare.D12.SurgeryRecognition.SphericalSpaceFormModel.spaceForm_monodromy_transitive
  (M : Poincare.D12.SurgeryRecognition.SphericalSpaceFormModel) [PathConnectedSpace Poincare.D12.SurgeryRecognition.S3]
  (q₀ : M.quotient.Carrier) (e₁ e₂ : ↑(M.spaceFormProjection ⁻¹' {q₀})) : ∃ γ, ⋯.monodromy γ e₁ = e₂
Poincare.D12.SurgeryRecognition.SphericalSpaceFormModel.spaceForm_fiber_subsingleton
  (M : Poincare.D12.SurgeryRecognition.SphericalSpaceFormModel) [SimplyConnectedSpace M.quotient.Carrier]
  (q₀ : M.quotient.Carrier) : Subsingleton ↑(M.spaceFormProjection ⁻¹' {q₀})
Poincare.D12.SurgeryRecognition.deckTrivial_of_simplyConnected_quotient
  (M : Poincare.D12.SurgeryRecognition.SphericalSpaceFormModel) [SimplyConnectedSpace M.quotient.Carrier] :
  Subsingleton M.Γ
Poincare.D12.SurgeryRecognition.sphericalPieceRecognition_of_spaceForm
  (spaceForm :
    {X : Poincare.Longrun.Surgery.TopSpace} →
      Poincare.D7.Recognition.SphericalPiece X → { M // Poincare.D12.SurgeryRecognition.IsSpaceFormModelOf X M }) :
  Poincare.D7.Recognition.SphericalPieceRecognition
Poincare.D12.SurgeryRecognition.stage6Target_of_v3hypotheses {X : Poincare.Longrun.Surgery.TopSpace}
  (compact : CompactSpace X.Carrier) (t2 : T2Space X.Carrier)
  (charted : ChartedSpace Poincare.Longrun.Topology.EuclideanThree X.Carrier)
  (simplyConnected : SimplyConnectedSpace X.Carrier) (E : Poincare.D7.Recognition.ExtinctionCertificate X)
  (D : Poincare.D12.SurgeryRecognition.ConnectedSumDecompositionV2 X E.pieces)
  (H : Poincare.D12.SurgeryRecognition.RemainingRecognitionHypothesesV3 X E.pieces)
  (canonical : Poincare.D7.Recognition.CanonicalNeighborhoodInput X E) :
  Poincare.Stage6.poincareConjectureTopologicalThree X.Carrier
'Poincare.D12.SurgeryRecognition.doubleBallHomeoSphere' depends on axioms: [propext, Classical.choice, Quot.sound]
'Poincare.D12.SurgeryRecognition.northHemisphereHomeo' depends on axioms: [propext, Classical.choice, Quot.sound]
'Poincare.D12.SurgeryRecognition.southHemisphereHomeo' depends on axioms: [propext, Classical.choice, Quot.sound]
'Poincare.D12.SurgeryRecognition.equatorHomeoS2' depends on axioms: [propext, Classical.choice, Quot.sound]
'Poincare.D12.SurgeryRecognition.sphereConnectSum_homeo_sphere' depends on axioms: [propext,
 Classical.choice,
 Quot.sound]
'Poincare.D12.SurgeryRecognition.iteratedSphereSum_homeo_sphere' depends on axioms: [propext,
 Classical.choice,
 Quot.sound]
'Poincare.D12.SurgeryRecognition.ConnectedSumDecomposition.mkV2' depends on axioms: [propext,
 Classical.choice,
 Quot.sound]
'Poincare.D12.SurgeryRecognition.endGame_finalTopology' depends on axioms: [propext, Classical.choice, Quot.sound]
'Poincare.D12.SurgeryRecognition.stage6Target_of_v2decomposition' depends on axioms: [propext,
 Classical.choice,
 Quot.sound]
'Poincare.D12.SurgeryRecognition.stage6Target_of_v2hypotheses' depends on axioms: [propext,
 Classical.choice,
 Quot.sound]
'Poincare.D12.SurgeryRecognition.finiteFreeOrbit_isQuotientCoveringMap' depends on axioms: [propext,
 Classical.choice,
 Quot.sound]
'Poincare.D12.SurgeryRecognition.antipodal_free' depends on axioms: [propext, Classical.choice, Quot.sound]
'Poincare.D12.SurgeryRecognition.antipodalQuotientCovering' depends on axioms: [propext, Classical.choice, Quot.sound]
'Poincare.D12.SurgeryRecognition.antipodalCoveringMap' depends on axioms: [propext, Classical.choice, Quot.sound]
'Poincare.D12.SurgeryRecognition.antipodal_fiber_card_two' depends on axioms: [propext, Classical.choice, Quot.sound]
'Poincare.D12.SurgeryRecognition.antipodal_two_sheets' depends on axioms: [propext, Classical.choice, Quot.sound]
'Poincare.D12.SurgeryRecognition.antipodalModel' depends on axioms: [propext, Classical.choice, Quot.sound]
'Poincare.D12.SurgeryRecognition.antipodalModel_nontrivial' depends on axioms: [propext, Classical.choice, Quot.sound]
'Poincare.D12.SurgeryRecognition.quotientHomeoOfSubsingleton' depends on axioms: [propext, Classical.choice, Quot.sound]
'Poincare.D12.SurgeryRecognition.sphericalPieceRecognition_of' depends on axioms: [propext,
 Classical.choice,
 Quot.sound]
'Poincare.D12.SurgeryRecognition.sphereThree_pathConnectedSpace' depends on axioms: [propext,
 Classical.choice,
 Quot.sound]
'Poincare.D12.SurgeryRecognition.SphericalSpaceFormModel.spaceFormProjection' depends on axioms: [propext,
 Classical.choice,
 Quot.sound]
'Poincare.D12.SurgeryRecognition.SphericalSpaceFormModel.spaceFormProjection_covering' depends on axioms: [propext,
 Classical.choice,
 Quot.sound]
'Poincare.D12.SurgeryRecognition.SphericalSpaceFormModel.spaceFormFiberEquivGroup' depends on axioms: [propext,
 Classical.choice,
 Quot.sound]
'Poincare.D12.SurgeryRecognition.SphericalSpaceFormModel.spaceForm_monodromy_trivial' depends on axioms: [propext,
 Classical.choice,
 Quot.sound]
'Poincare.D12.SurgeryRecognition.SphericalSpaceFormModel.spaceForm_monodromy_transitive' depends on axioms: [propext,
 Classical.choice,
 Quot.sound]
'Poincare.D12.SurgeryRecognition.SphericalSpaceFormModel.spaceForm_fiber_subsingleton' depends on axioms: [propext,
 Classical.choice,
 Quot.sound]
'Poincare.D12.SurgeryRecognition.deckTrivial_of_simplyConnected_quotient' depends on axioms: [propext,
 Classical.choice,
 Quot.sound]
'Poincare.D12.SurgeryRecognition.sphericalPieceRecognition_of_spaceForm' depends on axioms: [propext,
 Classical.choice,
 Quot.sound]
'Poincare.D12.SurgeryRecognition.stage6Target_of_v3hypotheses' depends on axioms: [propext,
 Classical.choice,
 Quot.sound]
