### round12 probe D12-tensor-maximum-bochner at 2026-09-11T19:00:27+08:00
Poincare.D12.TensorMaximumBochner.KernelTangent.{u_1} {n : Type u_1} [Fintype n] (A N : Matrix n n ℝ) : Prop
Poincare.D12.TensorMaximumBochner.StrictKernelTangent.{u_1} {n : Type u_1} [Fintype n] (A N : Matrix n n ℝ) : Prop
Poincare.D12.TensorMaximumBochner.FeasibleDirection.{u_1} {n : Type u_1} [Fintype n] (A N : Matrix n n ℝ) : Prop
Poincare.D12.TensorMaximumBochner.continuous_dotProduct_mulVec.{u_1} {n : Type u_1} [Fintype n] (x : n → ℝ) :
  Continuous fun M => star x ⬝ᵥ M.mulVec x
Poincare.D12.TensorMaximumBochner.kernelTangent_of_feasibleDirection.{u_1} {n : Type u_1} [Fintype n]
  {A N : Matrix n n ℝ} (h : Poincare.D12.TensorMaximumBochner.FeasibleDirection A N) :
  Poincare.D12.TensorMaximumBochner.KernelTangent A N
Poincare.D12.TensorMaximumBochner.kernelTangent_of_posSemidef_path.{u_1} {n : Type u_1} [Fintype n]
  {M : ℝ → Matrix n n ℝ} {A N : Matrix n n ℝ} {ε : ℝ} (hε : 0 < ε) (hpsd : ∀ t ∈ Set.Icc 0 ε, (M t).PosSemidef)
  (hM0 : M 0 = A) (hderiv : ∀ (v : n → ℝ), HasDerivAt (fun t => star v ⬝ᵥ (M t).mulVec v) (star v ⬝ᵥ N.mulVec v) 0) :
  Poincare.D12.TensorMaximumBochner.KernelTangent A N
Poincare.D12.TensorMaximumBochner.counterexampleA : Matrix (Fin 2) (Fin 2) ℝ
Poincare.D12.TensorMaximumBochner.counterexampleA_posSemidef :
  Poincare.D12.TensorMaximumBochner.counterexampleA.PosSemidef
Poincare.D12.TensorMaximumBochner.counterexample_kernelTangent :
  Poincare.D12.TensorMaximumBochner.KernelTangent Poincare.D12.TensorMaximumBochner.counterexampleA
    Poincare.D12.TensorMaximumBochner.counterexampleN
Poincare.D12.TensorMaximumBochner.counterexample_not_feasible :
  ¬Poincare.D12.TensorMaximumBochner.FeasibleDirection Poincare.D12.TensorMaximumBochner.counterexampleA
      Poincare.D12.TensorMaximumBochner.counterexampleN
Poincare.D12.TensorMaximumBochner.kernelTangent_not_feasible :
  ∃ A N,
    A.PosSemidef ∧
      Poincare.D12.TensorMaximumBochner.KernelTangent A N ∧ ¬Poincare.D12.TensorMaximumBochner.FeasibleDirection A N
Poincare.D12.TensorMaximumBochner.adjugate_eq_det_smul_inv.{u_1} {n : Type u_1} [Fintype n] [DecidableEq n]
  {A : Matrix n n ℝ} (h : IsUnit A.det) : A.adjugate = A.det • A⁻¹
Poincare.D12.TensorMaximumBochner.adjugate_posSemidef.{u_1} {n : Type u_1} [Fintype n] [DecidableEq n]
  (A : Matrix n n ℝ) (hA : A.PosSemidef) : A.adjugate.PosSemidef
Poincare.D12.TensorMaximumBochner.hamiltonField.{u_1} {n : Type u_1} [Fintype n] [DecidableEq n] (A : Matrix n n ℝ) :
  Matrix n n ℝ
Poincare.D12.TensorMaximumBochner.dotProduct_mulVec_sq.{u_1} {n : Type u_1} [Fintype n] [DecidableEq n]
  {A : Matrix n n ℝ} (hA : A.IsHermitian) (v : n → ℝ) : star v ⬝ᵥ (A ^ 2).mulVec v = star (A.mulVec v) ⬝ᵥ A.mulVec v
Poincare.D12.TensorMaximumBochner.hamiltonField_kernelTangent.{u_1} {n : Type u_1} [Fintype n] [DecidableEq n]
  {A : Matrix n n ℝ} (hA : A.PosSemidef) :
  Poincare.D12.TensorMaximumBochner.KernelTangent A (Poincare.D12.TensorMaximumBochner.hamiltonField A)
Poincare.D12.TensorMaximumBochner.hamiltonField_not_strengthened :
  ¬∀ (A : Matrix (Fin 2) (Fin 2) ℝ),
      A.IsHermitian →
        ∀ (v : Fin 2 → ℝ),
          star v ⬝ᵥ A.mulVec v ≤ 0 → 0 ≤ star v ⬝ᵥ (Poincare.D12.TensorMaximumBochner.hamiltonField A).mulVec v
Poincare.D12.TensorMaximumBochner.hamiltonField_kernel_witness :
  star ![0, 1] ⬝ᵥ (Poincare.D12.TensorMaximumBochner.hamiltonField !![1, 0; 0, 0]).mulVec ![0, 1] = 1
Poincare.D12.TensorMaximumBochner.counterexample_nondegenerate :
  Poincare.D12.TensorMaximumBochner.counterexampleA 0 0 = 0 ∧
    Poincare.D12.TensorMaximumBochner.counterexampleA 1 1 = 1 ∧
      Poincare.D12.TensorMaximumBochner.counterexampleN 0 1 = 1 ∧
        Poincare.D12.TensorMaximumBochner.counterexampleA.mulVec ![1, 0] = 0
Poincare.D12.TensorMaximumBochner.Audit.d12_kernel_tangent_necessary_audited {n : Type} [Fintype n] {A N : Matrix n n ℝ}
  (h : Poincare.D12.TensorMaximumBochner.FeasibleDirection A N) : Poincare.D12.TensorMaximumBochner.KernelTangent A N
'Poincare.D12.TensorMaximumBochner.KernelTangent' depends on axioms: [propext, Classical.choice, Quot.sound]
'Poincare.D12.TensorMaximumBochner.StrictKernelTangent' depends on axioms: [propext, Classical.choice, Quot.sound]
'Poincare.D12.TensorMaximumBochner.FeasibleDirection' depends on axioms: [propext, Classical.choice, Quot.sound]
'Poincare.D12.TensorMaximumBochner.continuous_dotProduct_mulVec' depends on axioms: [propext,
 Classical.choice,
 Quot.sound]
'Poincare.D12.TensorMaximumBochner.kernelTangent_of_feasibleDirection' depends on axioms: [propext,
 Classical.choice,
 Quot.sound]
'Poincare.D12.TensorMaximumBochner.kernelTangent_of_posSemidef_path' depends on axioms: [propext,
 Classical.choice,
 Quot.sound]
'Poincare.D12.TensorMaximumBochner.counterexampleA' depends on axioms: [propext, Classical.choice, Quot.sound]
'Poincare.D12.TensorMaximumBochner.counterexampleA_posSemidef' depends on axioms: [propext,
 Classical.choice,
 Quot.sound]
'Poincare.D12.TensorMaximumBochner.counterexample_kernelTangent' depends on axioms: [propext,
 Classical.choice,
 Quot.sound]
'Poincare.D12.TensorMaximumBochner.counterexample_not_feasible' depends on axioms: [propext,
 Classical.choice,
 Quot.sound]
'Poincare.D12.TensorMaximumBochner.kernelTangent_not_feasible' depends on axioms: [propext,
 Classical.choice,
 Quot.sound]
'Poincare.D12.TensorMaximumBochner.adjugate_eq_det_smul_inv' depends on axioms: [propext, Classical.choice, Quot.sound]
'Poincare.D12.TensorMaximumBochner.adjugate_posSemidef' depends on axioms: [propext, Classical.choice, Quot.sound]
'Poincare.D12.TensorMaximumBochner.hamiltonField' depends on axioms: [propext, Classical.choice, Quot.sound]
'Poincare.D12.TensorMaximumBochner.dotProduct_mulVec_sq' depends on axioms: [propext, Classical.choice, Quot.sound]
'Poincare.D12.TensorMaximumBochner.hamiltonField_kernelTangent' depends on axioms: [propext,
 Classical.choice,
 Quot.sound]
'Poincare.D12.TensorMaximumBochner.hamiltonField_not_strengthened' depends on axioms: [propext,
 Classical.choice,
 Quot.sound]
'Poincare.D12.TensorMaximumBochner.hamiltonField_kernel_witness' depends on axioms: [propext,
 Classical.choice,
 Quot.sound]
'Poincare.D12.TensorMaximumBochner.counterexample_nondegenerate' depends on axioms: [propext,
 Classical.choice,
 Quot.sound]
'Poincare.D12.TensorMaximumBochner.Audit.d12_kernel_tangent_necessary_audited' depends on axioms: [propext,
 Classical.choice,
 Quot.sound]
