### round12 probe D12-triangulation-topology at 2026-09-11T19:00:10+08:00
Poincare.D12.TriangulationTopology.coneQuotHomeoDisk (n : ℕ) :
  Poincare.D12.TriangulationTopology.ConeQuot n ≃ₜ ↑(Poincare.D12.TriangulationTopology.Disk (n + 1))
Poincare.D12.TriangulationTopology.suspQuotHomeoSphere (n : ℕ) :
  Poincare.D12.TriangulationTopology.SuspQuot n ≃ₜ ↑(Poincare.D12.TriangulationTopology.Sphere (n + 1))
Poincare.D12.TriangulationTopology.doubleDiskQuotHomeoSphere (n : ℕ) :
  Poincare.D12.TriangulationTopology.DoubleDiskQuot n ≃ₜ ↑(Poincare.D12.TriangulationTopology.Sphere (n + 1))
Poincare.D12.TriangulationTopology.coneQuotHomeoTopCatDisk.{u_1, u_2} (n : ℕ) :
  ULift.{u_1, 0} (Poincare.D12.TriangulationTopology.ConeQuot n) ≃ₜ ↑(TopCat.disk (n + 1))
Poincare.D12.TriangulationTopology.suspQuotHomeoTopCatSphere.{u_1, u_2} (n : ℕ) :
  ULift.{u_1, 0} (Poincare.D12.TriangulationTopology.SuspQuot n) ≃ₜ ↑(TopCat.sphere (n + 1))
Poincare.D12.TriangulationTopology.doubleDiskQuotHomeoTopCatSphere.{u_1, u_2} (n : ℕ) :
  ULift.{u_1, 0} (Poincare.D12.TriangulationTopology.DoubleDiskQuot n) ≃ₜ ↑(TopCat.sphere (n + 1))
Poincare.D12.TriangulationTopology.sphereThreeGluedDisks :
  Poincare.D12.TriangulationTopology.DoubleDiskQuot 2 ≃ₜ Poincare.Longrun.Topology.SphereThree
Poincare.D12.TriangulationTopology.sphereThreeSuspension :
  Poincare.D12.TriangulationTopology.SuspQuot 2 ≃ₜ Poincare.Longrun.Topology.SphereThree
Poincare.D12.TriangulationTopology.coneOverSphere2HomeoDisk3 :
  Poincare.D12.TriangulationTopology.ConeQuot 2 ≃ₜ ↑(Poincare.D12.TriangulationTopology.Disk 3)
Poincare.D12.TriangulationTopology.sphereNonempty (n : ℕ) : Nonempty ↑(Poincare.D12.TriangulationTopology.Sphere n)
Poincare.D12.TriangulationTopology.diskNonempty (n : ℕ) : Nonempty ↑(Poincare.D12.TriangulationTopology.Disk n)
Poincare.D12.TriangulationTopology.sphereCompactSpace (n : ℕ) :
  CompactSpace ↑(Poincare.D12.TriangulationTopology.Sphere n)
Poincare.D12.TriangulationTopology.diskCompactSpace (n : ℕ) : CompactSpace ↑(Poincare.D12.TriangulationTopology.Disk n)
Poincare.D12.TriangulationTopology.iccCompactSpace (a b : ℝ) : CompactSpace ↑(Set.Icc a b)
Poincare.D12.TriangulationTopology.coneQuotNonempty (n : ℕ) : Nonempty (Poincare.D12.TriangulationTopology.ConeQuot n)
Poincare.D12.TriangulationTopology.suspQuotNonempty (n : ℕ) : Nonempty (Poincare.D12.TriangulationTopology.SuspQuot n)
Poincare.D12.TriangulationTopology.doubleDiskQuotNonempty (n : ℕ) :
  Nonempty (Poincare.D12.TriangulationTopology.DoubleDiskQuot n)
Poincare.D12.TriangulationTopology.norm_sq_esnoc {n : ℕ} (w : EuclideanSpace ℝ (Fin (n + 1))) (s : ℝ) :
  ‖Poincare.D12.TriangulationTopology.esnoc w s‖ ^ 2 = ‖w‖ ^ 2 + s ^ 2
Poincare.D12.TriangulationTopology.norm_eq_one_iff_norm_sq_eq_one.{u_1} {E : Type u_1} [SeminormedAddGroup E] (x : E) :
  ‖x‖ = 1 ↔ ‖x‖ ^ 2 = 1
Poincare.D12.TriangulationTopology.norm_esnoc_smul_sqrt_sub_sq_eq_one {n : ℕ} (x : EuclideanSpace ℝ (Fin (n + 1)))
  (hx : ‖x‖ = 1) {s : ℝ} (hs : |s| ≤ 1) : ‖Poincare.D12.TriangulationTopology.esnoc (√(1 - s ^ 2) • x) s‖ = 1
Poincare.D12.TriangulationTopology.esnoc_injective2 {n : ℕ} {w w' : EuclideanSpace ℝ (Fin (n + 1))} {s s' : ℝ}
  (h : Poincare.D12.TriangulationTopology.esnoc w s = Poincare.D12.TriangulationTopology.esnoc w' s') : w = w' ∧ s = s'
Poincare.D12.TriangulationTopology.sqrt_one_sub_sq_eq_norm_of_norm_sq_add_sq_eq_one {n : ℕ}
  (y : EuclideanSpace ℝ (Fin (n + 1))) (z : ℝ) (h : ‖y‖ ^ 2 + z ^ 2 = 1) : √(1 - z ^ 2) = ‖y‖
Poincare.D12.TriangulationTopology.eq_neg_self_of_sqrt_eq_neg_sqrt {a : ℝ} (ha : 0 ≤ a) (h : √a = -√a) : a = 0
Poincare.D12.TriangulationTopology.coneMapQuot_surjective (n : ℕ) :
  Function.Surjective (Poincare.D12.TriangulationTopology.coneMapQuot n)
Poincare.D12.TriangulationTopology.coneMapQuot_injective (n : ℕ) :
  Function.Injective (Poincare.D12.TriangulationTopology.coneMapQuot n)
Poincare.D12.TriangulationTopology.suspMapQuot_surjective (n : ℕ) :
  Function.Surjective (Poincare.D12.TriangulationTopology.suspMapQuot n)
Poincare.D12.TriangulationTopology.suspMapQuot_injective (n : ℕ) :
  Function.Injective (Poincare.D12.TriangulationTopology.suspMapQuot n)
Poincare.D12.TriangulationTopology.doubleDiskMapQuot_surjective (n : ℕ) :
  Function.Surjective (Poincare.D12.TriangulationTopology.doubleDiskMapQuot n)
Poincare.D12.TriangulationTopology.doubleDiskMapQuot_injective (n : ℕ) :
  Function.Injective (Poincare.D12.TriangulationTopology.doubleDiskMapQuot n)
Poincare.D12.TriangulationTopology.sphereThree_eq_sphere3 :
  Poincare.Longrun.Topology.SphereThree = ↑(Poincare.D12.TriangulationTopology.Sphere 3)
Poincare.D12.TriangulationTopology.disk3_boundary_eq_sphere2 :
  Metric.sphere 0 1 = Poincare.D12.TriangulationTopology.Sphere 2
Poincare.D12.TriangulationTopology.disk_boundary_eq_sphere (n : ℕ) :
  Metric.sphere 0 1 = Poincare.D12.TriangulationTopology.Sphere n
Poincare.D12.TriangulationTopology.coveringOfSimplyConnectedIsHomeo.{u_1, u_2} {E : Type u_1} {X : Type u_2}
  [TopologicalSpace E] [TopologicalSpace X] [CompactSpace E] [T2Space X] [PathConnectedSpace E] [SimplyConnectedSpace X]
  (p : E → X) (hp : IsCoveringMap p) (hsurj : Function.Surjective p) : Nonempty (E ≃ₜ X)
Poincare.D12.TriangulationTopology.coveringOfSimplyConnectedIsHomeo_bijective.{u_1, u_2} {E : Type u_1} {X : Type u_2}
  [TopologicalSpace E] [TopologicalSpace X] [CompactSpace E] [T2Space X] [PathConnectedSpace E] [SimplyConnectedSpace X]
  (p : E → X) (hp : IsCoveringMap p) (hbij : Function.Bijective p) : Nonempty (E ≃ₜ X)
Poincare.D12.TriangulationTopology.coveringOfSimplyConnectedIsHomeo_of_nonempty.{u_1, u_2} {E : Type u_1} {X : Type u_2}
  [TopologicalSpace E] [TopologicalSpace X] [CompactSpace E] [T2Space X] [PathConnectedSpace E] [SimplyConnectedSpace X]
  (p : E → X) (hp : IsCoveringMap p) : Nonempty (E ≃ₜ X)
Poincare.D12.TriangulationTopology.coveringMap_surjective_of_pathConnected.{u_1, u_2} {E : Type u_1} {X : Type u_2}
  [TopologicalSpace E] [TopologicalSpace X] [PathConnectedSpace X] [Nonempty E] {p : E → X} (hp : IsCoveringMap p) :
  Function.Surjective p
Poincare.D12.TriangulationTopology.coveringMap_injective_of_simplyConnected.{u_1, u_2} {E : Type u_1} {X : Type u_2}
  [TopologicalSpace E] [TopologicalSpace X] [SimplyConnectedSpace X] {p : E → X} (hp : IsCoveringMap p) {e₀ e₁ : E}
  (hjoin : Joined e₀ e₁) (hpe : p e₀ = p e₁) : e₀ = e₁
Poincare.D12.TriangulationTopology.trivialization_id.{u} (X : Type u) [TopologicalSpace X] :
  Bundle.Trivialization PUnit.{u + 1} id
Poincare.D12.TriangulationTopology.isCoveringMap_id.{u} (X : Type u) [TopologicalSpace X] : IsCoveringMap id
Poincare.D12.TriangulationTopology.diskContractible (n : ℕ) :
  ContractibleSpace ↑(Poincare.D12.TriangulationTopology.Disk n)
Poincare.D12.TriangulationTopology.diskSimplyConnected (n : ℕ) :
  SimplyConnectedSpace ↑(Poincare.D12.TriangulationTopology.Disk n)
Poincare.D12.TriangulationTopology.diskCoverPipeline :
  Nonempty (↑(Poincare.D12.TriangulationTopology.Disk 3) ≃ₜ ↑(Poincare.D12.TriangulationTopology.Disk 3))
Poincare.D12.TriangulationTopology.locallyCompactSpace_of_compact_t2.{u} (X : Type u) [TopologicalSpace X]
  [CompactSpace X] [T2Space X] : LocallyCompactSpace X
Poincare.D12.TriangulationTopology.zmod2_eq_zero_or_one (a : ZMod 2) : a = 0 ∨ a = 1
Poincare.D12.TriangulationTopology.zmod2Mul_eq_ofAdd_one_or_one (g : Multiplicative (ZMod 2)) :
  g = Multiplicative.ofAdd 1 ∨ g = 1
Poincare.D12.TriangulationTopology.antipodal_mul_self : Multiplicative.ofAdd 1 * Multiplicative.ofAdd 1 = 1
Poincare.D12.TriangulationTopology.sphere_eq_neg_self_impossible {n : ℕ}
  (x : ↑(Poincare.D12.TriangulationTopology.Sphere n)) (hx : ↑x = -↑x) : False
Poincare.D12.TriangulationTopology.antipodalSmul {n : ℕ} (g : Multiplicative (ZMod 2))
  (x : ↑(Poincare.D12.TriangulationTopology.Sphere n)) : ↑(Poincare.D12.TriangulationTopology.Sphere n)
Poincare.D12.TriangulationTopology.one_ne_ofAdd_one : 1 ≠ Multiplicative.ofAdd 1
Poincare.D12.TriangulationTopology.antipodalSmul_one {n : ℕ} (x : ↑(Poincare.D12.TriangulationTopology.Sphere n)) :
  Poincare.D12.TriangulationTopology.antipodalSmul 1 x = x
Poincare.D12.TriangulationTopology.antipodalSmul_ofAdd_one {n : ℕ}
  (x : ↑(Poincare.D12.TriangulationTopology.Sphere n)) :
  Poincare.D12.TriangulationTopology.antipodalSmul (Multiplicative.ofAdd 1) x = -x
Poincare.D12.TriangulationTopology.antipodalMulAction {n : ℕ} :
  MulAction (Multiplicative (ZMod 2)) ↑(Poincare.D12.TriangulationTopology.Sphere n)
Poincare.D12.TriangulationTopology.antipodal_smul_one_eq {n : ℕ} (x : ↑(Poincare.D12.TriangulationTopology.Sphere n)) :
  1 • x = x
Poincare.D12.TriangulationTopology.antipodal_smul_ofAdd_one_eq {n : ℕ}
  (x : ↑(Poincare.D12.TriangulationTopology.Sphere n)) : Multiplicative.ofAdd 1 • x = -x
Poincare.D12.TriangulationTopology.continuous_antipodal_ofAdd_one {n : ℕ} :
  Continuous fun x => Multiplicative.ofAdd 1 • x
Poincare.D12.TriangulationTopology.antipodalContinuousConstSMul {n : ℕ} :
  ContinuousConstSMul (Multiplicative (ZMod 2)) ↑(Poincare.D12.TriangulationTopology.Sphere n)
Poincare.D12.TriangulationTopology.antipodalIsCancelSMul {n : ℕ} :
  IsCancelSMul (Multiplicative (ZMod 2)) ↑(Poincare.D12.TriangulationTopology.Sphere n)
Poincare.D12.TriangulationTopology.RealProjective (n : ℕ) : Type
Poincare.D12.TriangulationTopology.antipodalQuotientCovering (n : ℕ) :
  IsCoveringMap
    (Quotient.mk (MulAction.orbitRel (Multiplicative (ZMod 2)) ↑(Poincare.D12.TriangulationTopology.Sphere n)))
Poincare.D12.TriangulationTopology.rpCompactSpace (n : ℕ) :
  CompactSpace (Poincare.D12.TriangulationTopology.RealProjective n)
Poincare.D12.TriangulationTopology.rpT2Space (n : ℕ) : T2Space (Poincare.D12.TriangulationTopology.RealProjective n)
Poincare.D12.TriangulationTopology.rpNonempty (n : ℕ) : Nonempty (Poincare.D12.TriangulationTopology.RealProjective n)
Poincare.D12.TriangulationTopology.spherePathConnectedSpace_of_pos {n : ℕ} (hn : 0 < n) :
  PathConnectedSpace ↑(Poincare.D12.TriangulationTopology.Sphere n)
Poincare.D12.TriangulationTopology.rpPathConnectedSpace_of_pos {n : ℕ} [Fact (0 < n)] :
  PathConnectedSpace (Poincare.D12.TriangulationTopology.RealProjective n)
Poincare.D12.TriangulationTopology.sphericalSpaceFormRecognition.{u} (G : Type u) [Group G] [Finite G]
  [MulAction G ↑(Poincare.D12.TriangulationTopology.Sphere 3)]
  [ContinuousConstSMul G ↑(Poincare.D12.TriangulationTopology.Sphere 3)]
  [IsCancelSMul G ↑(Poincare.D12.TriangulationTopology.Sphere 3)]
  (hsc : SimplyConnectedSpace (Quotient (MulAction.orbitRel G ↑(Poincare.D12.TriangulationTopology.Sphere 3)))) :
  Nonempty
    (Quotient (MulAction.orbitRel G ↑(Poincare.D12.TriangulationTopology.Sphere 3)) ≃ₜ
      ↑(Poincare.D12.TriangulationTopology.Sphere 3))
Poincare.D12.TriangulationTopology.simplexBoundaryHomeoSphere (n : ℕ) :
  { x // 0 ∈ Set.range fun i => x.weights i } ≃ₜ ↑(Poincare.D12.TriangulationTopology.Sphere n)
Poincare.D12.TriangulationTopology.simplexBoundaryFnHomeoSphere (n : ℕ) :
  ↑(Poincare.D12.TriangulationTopology.SimplexBoundaryFn n) ≃ₜ ↑(Poincare.D12.TriangulationTopology.Sphere n)
Poincare.D12.TriangulationTopology.simplexBoundaryHomeoBoundaryFn (n : ℕ) :
  Poincare.D12.TriangulationTopology.SimplexBoundary n ≃ₜ ↑(Poincare.D12.TriangulationTopology.SimplexBoundaryFn n)
Poincare.D12.TriangulationTopology.simplexBoundaryToSphere (n : ℕ)
  (s : ↑(Poincare.D12.TriangulationTopology.SimplexBoundaryFn n)) : ↑(Poincare.D12.TriangulationTopology.Sphere n)
Poincare.D12.TriangulationTopology.sphereToSimplexBoundaryFn (n : ℕ)
  (y : ↑(Poincare.D12.TriangulationTopology.Sphere n)) : ↑(Poincare.D12.TriangulationTopology.SimplexBoundaryFn n)
Poincare.D12.TriangulationTopology.simplexMin_neg_of_unit (n : ℕ) {y : EuclideanSpace ℝ (Fin (n + 1))} (hy : ‖y‖ = 1) :
  Poincare.D12.TriangulationTopology.simplexMin n y < 0
Poincare.D12.TriangulationTopology.continuous_simplexMin (n : ℕ) :
  Continuous fun y => Poincare.D12.TriangulationTopology.simplexMin n y
Poincare.D12.TriangulationTopology.simplexMin_eq_zero_of_mem_boundary (n : ℕ) {s : Fin (n + 2) → ℝ}
  (hs : s ∈ Poincare.D12.TriangulationTopology.simplexBoundarySet n) : ⨅ i, s i = 0
Poincare.D12.TriangulationTopology.simplexMin_attains (n : ℕ) (y : EuclideanSpace ℝ (Fin (n + 1))) :
  ∃ i, Poincare.D12.TriangulationTopology.simplexDir n y i = Poincare.D12.TriangulationTopology.simplexMin n y
Poincare.D12.TriangulationTopology.simplexBoundaryCompactSpace (n : ℕ) :
  CompactSpace (Poincare.D12.TriangulationTopology.SimplexBoundary n)
Poincare.D12.TriangulationTopology.simplexBoundaryT2Space (n : ℕ) :
  T2Space (Poincare.D12.TriangulationTopology.SimplexBoundary n)
Poincare.D12.TriangulationTopology.simplexBoundaryNonempty (n : ℕ) :
  Nonempty (Poincare.D12.TriangulationTopology.SimplexBoundary n)
Poincare.D12.TriangulationTopology.lowerHemisphereHomeoDisk (n : ℕ) :
  Poincare.D12.TriangulationTopology.LowerHemisphere n ≃ₜ ↑(Poincare.D12.TriangulationTopology.Disk n)
Poincare.D12.TriangulationTopology.lowerHemisphereToDisk (n : ℕ)
  (x : Poincare.D12.TriangulationTopology.LowerHemisphere n) : ↑(Poincare.D12.TriangulationTopology.Disk n)
Poincare.D12.TriangulationTopology.diskToLowerHemisphere (n : ℕ) (y : ↑(Poincare.D12.TriangulationTopology.Disk n)) :
  Poincare.D12.TriangulationTopology.LowerHemisphere n
Poincare.D12.TriangulationTopology.norm_sq_esnoc' {n : ℕ} (w : EuclideanSpace ℝ (Fin n)) (s : ℝ) :
  ‖Poincare.D12.TriangulationTopology.esnoc' n w s‖ ^ 2 = ‖w‖ ^ 2 + s ^ 2
Poincare.D12.TriangulationTopology.esnoc'_lowerTrunc_eq (n : ℕ) (x : EuclideanSpace ℝ (Fin (n + 1))) :
  Poincare.D12.TriangulationTopology.esnoc' n (Poincare.D12.TriangulationTopology.lowerTrunc n x)
      (x.ofLp (Fin.last n)) =
    x
Poincare.D12.TriangulationTopology.sqrt_one_sub_trunc_norm_sq_eq_neg_last (n : ℕ)
  (x : Poincare.D12.TriangulationTopology.LowerHemisphere n) :
  √(1 - ‖Poincare.D12.TriangulationTopology.lowerTrunc n ↑↑x‖ ^ 2) = -(↑↑x).ofLp (Fin.last n)
Poincare.D12.TriangulationTopology.lowerHemisphereCompactSpace (n : ℕ) :
  CompactSpace (Poincare.D12.TriangulationTopology.LowerHemisphere n)
Poincare.D12.TriangulationTopology.lowerHemisphereT2Space (n : ℕ) :
  T2Space (Poincare.D12.TriangulationTopology.LowerHemisphere n)
Poincare.D12.TriangulationTopology.lowerHemisphereNonempty (n : ℕ) :
  Nonempty (Poincare.D12.TriangulationTopology.LowerHemisphere n)
Poincare.D12.TriangulationTopology.simplexSet (n : ℕ) : Set (Fin (n + 2) → ℝ)
Poincare.D12.TriangulationTopology.simplexFnNonempty (n : ℕ) :
  Nonempty ↑(Poincare.D12.TriangulationTopology.SimplexFn n)
Poincare.D12.TriangulationTopology.simplexFnT2Space (n : ℕ) : T2Space ↑(Poincare.D12.TriangulationTopology.SimplexFn n)
Poincare.D12.TriangulationTopology.simplexConeMap (n : ℕ)
  (p : ↑(Poincare.D12.TriangulationTopology.Sphere n) × ↑(Set.Icc 0 1)) : Fin (n + 2) → ℝ
Poincare.D12.TriangulationTopology.simplexConeMap_mem (n : ℕ)
  (p : ↑(Poincare.D12.TriangulationTopology.Sphere n) × ↑(Set.Icc 0 1)) :
  Poincare.D12.TriangulationTopology.simplexConeMap n p ∈ Poincare.D12.TriangulationTopology.simplexSet n
Poincare.D12.TriangulationTopology.continuous_sphereToSimplexBoundary_apply (n : ℕ) (i : Fin (n + 2)) :
  Continuous fun y => Poincare.D12.TriangulationTopology.sphereToSimplexBoundary n y i
Poincare.D12.TriangulationTopology.continuous_sphereToSimplexBoundary (n : ℕ) :
  Continuous fun y => Poincare.D12.TriangulationTopology.sphereToSimplexBoundary n y
Poincare.D12.TriangulationTopology.continuous_simplexConeMap (n : ℕ) :
  Continuous fun p => Poincare.D12.TriangulationTopology.simplexConeMap n p
Poincare.D12.TriangulationTopology.simplexConeMap_respects (n : ℕ)
  (p q : ↑(Poincare.D12.TriangulationTopology.Sphere n) × ↑(Set.Icc 0 1)) :
  Poincare.D12.TriangulationTopology.coneRel n p q →
    Poincare.D12.TriangulationTopology.simplexConeMap n p = Poincare.D12.TriangulationTopology.simplexConeMap n q
Poincare.D12.TriangulationTopology.simplexConeMapQuot (n : ℕ) :
  Poincare.D12.TriangulationTopology.ConeQuot n → ↑(Poincare.D12.TriangulationTopology.SimplexFn n)
Poincare.D12.TriangulationTopology.continuous_simplexConeMapQuot (n : ℕ) :
  Continuous (Poincare.D12.TriangulationTopology.simplexConeMapQuot n)
Poincare.D12.TriangulationTopology.truncToCenter_simplexConeMap (n : ℕ)
  (p : ↑(Poincare.D12.TriangulationTopology.Sphere n) × ↑(Set.Icc 0 1)) :
  Poincare.D12.TriangulationTopology.truncToCenter n (Poincare.D12.TriangulationTopology.simplexConeMap n p) =
    (↑p.2 * Poincare.D12.TriangulationTopology.simplexLambda n ↑p.1) • ↑p.1
Poincare.D12.TriangulationTopology.simplex_point_eq_center_add_norm_mul_dir (n : ℕ)
  {x : ↑(Poincare.D12.TriangulationTopology.SimplexFn n)} {y : ↑(Poincare.D12.TriangulationTopology.Sphere n)}
  (hy :
    Poincare.D12.TriangulationTopology.truncToCenter n ↑x =
      ‖Poincare.D12.TriangulationTopology.truncToCenter n ↑x‖ • ↑y) :
  ↑x = fun i =>
    Poincare.D12.TriangulationTopology.simplexCenter n +
      ‖Poincare.D12.TriangulationTopology.truncToCenter n ↑x‖ * Poincare.D12.TriangulationTopology.simplexDir n (↑y) i
Poincare.D12.TriangulationTopology.simplexConeMapQuot_injective (n : ℕ) :
  Function.Injective (Poincare.D12.TriangulationTopology.simplexConeMapQuot n)
Poincare.D12.TriangulationTopology.simplexConeMapQuot_surjective (n : ℕ) :
  Function.Surjective (Poincare.D12.TriangulationTopology.simplexConeMapQuot n)
Poincare.D12.TriangulationTopology.sphereConeHomeoSimplex (n : ℕ) :
  Poincare.D12.TriangulationTopology.ConeQuot n ≃ₜ ↑(Poincare.D12.TriangulationTopology.SimplexFn n)
Poincare.D12.TriangulationTopology.simplexHomeoConeQuot (n : ℕ) :
  ↑(Poincare.D12.TriangulationTopology.SimplexFn n) ≃ₜ Poincare.D12.TriangulationTopology.ConeQuot n
Poincare.D12.TriangulationTopology.simplexBoundaryConeRel (n : ℕ) :
  ↑(Poincare.D12.TriangulationTopology.SimplexBoundaryFn n) × ↑(Set.Icc 0 1) →
    ↑(Poincare.D12.TriangulationTopology.SimplexBoundaryFn n) × ↑(Set.Icc 0 1) → Prop
Poincare.D12.TriangulationTopology.simplexBoundaryConeMap (n : ℕ)
  (p : ↑(Poincare.D12.TriangulationTopology.SimplexBoundaryFn n) × ↑(Set.Icc 0 1)) : Fin (n + 2) → ℝ
Poincare.D12.TriangulationTopology.simplexBoundaryConeMap_mem (n : ℕ)
  (p : ↑(Poincare.D12.TriangulationTopology.SimplexBoundaryFn n) × ↑(Set.Icc 0 1)) :
  Poincare.D12.TriangulationTopology.simplexBoundaryConeMap n p ∈ Poincare.D12.TriangulationTopology.simplexSet n
Poincare.D12.TriangulationTopology.continuous_simplexBoundaryConeMap (n : ℕ) :
  Continuous fun p => Poincare.D12.TriangulationTopology.simplexBoundaryConeMap n p
Poincare.D12.TriangulationTopology.simplexBoundaryConeMap_respects (n : ℕ)
  (p q : ↑(Poincare.D12.TriangulationTopology.SimplexBoundaryFn n) × ↑(Set.Icc 0 1)) :
  Poincare.D12.TriangulationTopology.simplexBoundaryConeRel n p q →
    Poincare.D12.TriangulationTopology.simplexBoundaryConeMap n p =
      Poincare.D12.TriangulationTopology.simplexBoundaryConeMap n q
Poincare.D12.TriangulationTopology.simplexBoundaryConeMapQuot (n : ℕ) :
  Poincare.D12.TriangulationTopology.SimplexBoundaryCone n → ↑(Poincare.D12.TriangulationTopology.SimplexFn n)
Poincare.D12.TriangulationTopology.continuous_simplexBoundaryConeMapQuot (n : ℕ) :
  Continuous (Poincare.D12.TriangulationTopology.simplexBoundaryConeMapQuot n)
Poincare.D12.TriangulationTopology.simplexMin_le_center (n : ℕ)
  (x : ↑(Poincare.D12.TriangulationTopology.SimplexFn n)) :
  ⨅ i, ↑x i ≤ Poincare.D12.TriangulationTopology.simplexCenter n
Poincare.D12.TriangulationTopology.simplexMin_lt_center_of_ne_center (n : ℕ)
  {x : ↑(Poincare.D12.TriangulationTopology.SimplexFn n)}
  (hx : ↑x ≠ fun x => Poincare.D12.TriangulationTopology.simplexCenter n) :
  ⨅ i, ↑x i < Poincare.D12.TriangulationTopology.simplexCenter n
Poincare.D12.TriangulationTopology.simplexRadialTime (n : ℕ) (x : ↑(Poincare.D12.TriangulationTopology.SimplexFn n)) : ℝ
Poincare.D12.TriangulationTopology.simplexBoundaryPoint (n : ℕ)
  (x : ↑(Poincare.D12.TriangulationTopology.SimplexFn n)) : Fin (n + 2) → ℝ
Poincare.D12.TriangulationTopology.simplexRadialTime_nonneg (n : ℕ)
  (x : ↑(Poincare.D12.TriangulationTopology.SimplexFn n)) : 0 ≤ Poincare.D12.TriangulationTopology.simplexRadialTime n x
Poincare.D12.TriangulationTopology.simplexRadialTime_le_one (n : ℕ)
  (x : ↑(Poincare.D12.TriangulationTopology.SimplexFn n)) : Poincare.D12.TriangulationTopology.simplexRadialTime n x ≤ 1
Poincare.D12.TriangulationTopology.simplexRadialTime_pos_of_ne_center (n : ℕ)
  {x : ↑(Poincare.D12.TriangulationTopology.SimplexFn n)}
  (hx : ↑x ≠ fun x => Poincare.D12.TriangulationTopology.simplexCenter n) :
  0 < Poincare.D12.TriangulationTopology.simplexRadialTime n x
Poincare.D12.TriangulationTopology.simplexBoundaryPoint_mem_of_ne_center (n : ℕ)
  {x : ↑(Poincare.D12.TriangulationTopology.SimplexFn n)}
  (hx : ↑x ≠ fun x => Poincare.D12.TriangulationTopology.simplexCenter n) :
  Poincare.D12.TriangulationTopology.simplexBoundaryPoint n x ∈ Poincare.D12.TriangulationTopology.simplexBoundarySet n
Poincare.D12.TriangulationTopology.simplexRadialTime_eq_of_radial_repr (n : ℕ)
  {x : ↑(Poincare.D12.TriangulationTopology.SimplexFn n)}
  {b : ↑(Poincare.D12.TriangulationTopology.SimplexBoundaryFn n)} {t : ↑(Set.Icc 0 1)} (ht : 0 < ↑t)
  (hx : ↑x = Poincare.D12.TriangulationTopology.simplexBoundaryConeMap n (b, t)) :
  ↑t = Poincare.D12.TriangulationTopology.simplexRadialTime n x
Poincare.D12.TriangulationTopology.simplexBoundaryPoint_eq_of_radial_repr (n : ℕ)
  {x : ↑(Poincare.D12.TriangulationTopology.SimplexFn n)}
  {b : ↑(Poincare.D12.TriangulationTopology.SimplexBoundaryFn n)} {t : ↑(Set.Icc 0 1)} (ht : 0 < ↑t)
  (hx : ↑x = Poincare.D12.TriangulationTopology.simplexBoundaryConeMap n (b, t)) :
  ↑b = Poincare.D12.TriangulationTopology.simplexBoundaryPoint n x
Poincare.D12.TriangulationTopology.simplexBoundaryConeMapQuot_injective (n : ℕ) :
  Function.Injective (Poincare.D12.TriangulationTopology.simplexBoundaryConeMapQuot n)
Poincare.D12.TriangulationTopology.simplexVertexZero (n : ℕ) : Fin (n + 2) → ℝ
Poincare.D12.TriangulationTopology.simplexVertexZero_mem_boundary (n : ℕ) :
  Poincare.D12.TriangulationTopology.simplexVertexZero n ∈ Poincare.D12.TriangulationTopology.simplexBoundarySet n
Poincare.D12.TriangulationTopology.simplexBoundaryConeMapQuot_surjective (n : ℕ) :
  Function.Surjective (Poincare.D12.TriangulationTopology.simplexBoundaryConeMapQuot n)
Poincare.D12.TriangulationTopology.simplexBoundaryConeHomeoSimplex (n : ℕ) :
  Poincare.D12.TriangulationTopology.SimplexBoundaryCone n ≃ₜ ↑(Poincare.D12.TriangulationTopology.SimplexFn n)
Poincare.D12.TriangulationTopology.simplexHomeoBoundaryCone (n : ℕ) :
  ↑(Poincare.D12.TriangulationTopology.SimplexFn n) ≃ₜ Poincare.D12.TriangulationTopology.SimplexBoundaryCone n
Poincare.D12.TriangulationTopology.simplexHomeoStdSimplexFn (n : ℕ) :
  Convexity.StdSimplex ℝ (Fin (n + 2)) ≃ₜ ↑(Poincare.D12.TriangulationTopology.SimplexFn n)
Poincare.D12.TriangulationTopology.simplexHomeoDisk (n : ℕ) :
  Convexity.StdSimplex ℝ (Fin (n + 2)) ≃ₜ ↑(Poincare.D12.TriangulationTopology.Disk (n + 1))
Poincare.D12.TriangulationTopology.simplexHomeoBoundaryConeStd (n : ℕ) :
  Convexity.StdSimplex ℝ (Fin (n + 2)) ≃ₜ Poincare.D12.TriangulationTopology.SimplexBoundaryCone n
Poincare.D12.TriangulationTopology.simplexFnCompactSpace (n : ℕ) :
  CompactSpace ↑(Poincare.D12.TriangulationTopology.SimplexFn n)
Poincare.D12.TriangulationTopology.simplexBoundaryFnCompactSpace (n : ℕ) :
  CompactSpace ↑(Poincare.D12.TriangulationTopology.SimplexBoundaryFn n)
Poincare.D12.TriangulationTopology.simplexBoundaryConeCompactSpace (n : ℕ) :
  CompactSpace (Poincare.D12.TriangulationTopology.SimplexBoundaryCone n)
Poincare.D12.TriangulationTopology.simplexBoundaryConeT2Space (n : ℕ) :
  T2Space (Poincare.D12.TriangulationTopology.SimplexBoundaryCone n)
Poincare.D12.TriangulationTopology.simplexBoundaryConeNonempty (n : ℕ) :
  Nonempty (Poincare.D12.TriangulationTopology.SimplexBoundaryCone n)
Poincare.D12.TriangulationTopology.quotMapHomeo.{u_1, u_2} {X : Type u_1} {Y : Type u_2} [TopologicalSpace X]
  [TopologicalSpace Y] (e : X ≃ₜ Y) {r : X → X → Prop} {s : Y → Y → Prop} (h : ∀ (a b : X), r a b ↔ s (e a) (e b)) :
  Quot r ≃ₜ Quot s
Poincare.D12.TriangulationTopology.simplexBoundaryConeRel_iff_coneRel (n : ℕ)
  (p q : ↑(Poincare.D12.TriangulationTopology.SimplexBoundaryFn n) × ↑(Set.Icc 0 1)) :
  Poincare.D12.TriangulationTopology.simplexBoundaryConeRel n p q ↔
    Poincare.D12.TriangulationTopology.coneRel n (Poincare.D12.TriangulationTopology.simplexBoundaryToSphere n p.1, p.2)
      (Poincare.D12.TriangulationTopology.simplexBoundaryToSphere n q.1, q.2)
Poincare.D12.TriangulationTopology.simplexBoundaryConeHomeoSphereCone (n : ℕ) :
  Poincare.D12.TriangulationTopology.SimplexBoundaryCone n ≃ₜ Poincare.D12.TriangulationTopology.ConeQuot n
Poincare.D12.TriangulationTopology.PuncturedDisk (n : ℕ) : Type
Poincare.D12.TriangulationTopology.sphereBase (n : ℕ) : ↑(Poincare.D12.TriangulationTopology.Sphere n)
Poincare.D12.TriangulationTopology.diskDirection (n : ℕ) (x : ↑(Poincare.D12.TriangulationTopology.Disk (n + 1))) :
  ↑(Poincare.D12.TriangulationTopology.Sphere n)
Poincare.D12.TriangulationTopology.diskDirection_of_ne (n : ℕ) (x : ↑(Poincare.D12.TriangulationTopology.Disk (n + 1)))
  (hx : ↑x ≠ 0) : Poincare.D12.TriangulationTopology.diskDirection n x = ⟨‖↑x‖⁻¹ • ↑x, ⋯⟩
Poincare.D12.TriangulationTopology.radialExtend (n : ℕ)
  (φ : ↑(Poincare.D12.TriangulationTopology.Sphere n) → ↑(Poincare.D12.TriangulationTopology.Sphere n))
  (x : ↑(Poincare.D12.TriangulationTopology.Disk (n + 1))) : ↑(Poincare.D12.TriangulationTopology.Disk (n + 1))
Poincare.D12.TriangulationTopology.radialExtend_apply (n : ℕ)
  (φ : ↑(Poincare.D12.TriangulationTopology.Sphere n) → ↑(Poincare.D12.TriangulationTopology.Sphere n))
  (x : ↑(Poincare.D12.TriangulationTopology.Disk (n + 1))) :
  ↑(Poincare.D12.TriangulationTopology.radialExtend n φ x) =
    ‖↑x‖ • ↑(φ (Poincare.D12.TriangulationTopology.diskDirection n x))
Poincare.D12.TriangulationTopology.norm_radialExtend (n : ℕ)
  (φ : ↑(Poincare.D12.TriangulationTopology.Sphere n) → ↑(Poincare.D12.TriangulationTopology.Sphere n))
  (x : ↑(Poincare.D12.TriangulationTopology.Disk (n + 1))) :
  ‖↑(Poincare.D12.TriangulationTopology.radialExtend n φ x)‖ = ‖↑x‖
Poincare.D12.TriangulationTopology.radialExtend_zero (n : ℕ)
  (φ : ↑(Poincare.D12.TriangulationTopology.Sphere n) → ↑(Poincare.D12.TriangulationTopology.Sphere n)) :
  Poincare.D12.TriangulationTopology.radialExtend n φ 0 = 0
Poincare.D12.TriangulationTopology.diskDirection_radialExtend (n : ℕ)
  (φ : ↑(Poincare.D12.TriangulationTopology.Sphere n) → ↑(Poincare.D12.TriangulationTopology.Sphere n))
  (x : ↑(Poincare.D12.TriangulationTopology.Disk (n + 1))) (hx : ↑x ≠ 0) :
  Poincare.D12.TriangulationTopology.diskDirection n (Poincare.D12.TriangulationTopology.radialExtend n φ x) =
    φ (Poincare.D12.TriangulationTopology.diskDirection n x)
Poincare.D12.TriangulationTopology.continuous_diskDirection_punctured (n : ℕ) :
  Continuous fun x => Poincare.D12.TriangulationTopology.diskDirection n ↑x
Poincare.D12.TriangulationTopology.continuousOn_diskDirection (n : ℕ) :
  ContinuousOn (Poincare.D12.TriangulationTopology.diskDirection n) {x | ↑x ≠ 0}
Poincare.D12.TriangulationTopology.continuous_radialExtend (n : ℕ)
  (φ : ↑(Poincare.D12.TriangulationTopology.Sphere n) → ↑(Poincare.D12.TriangulationTopology.Sphere n))
  (hφ : Continuous φ) : Continuous (Poincare.D12.TriangulationTopology.radialExtend n φ)
Poincare.D12.TriangulationTopology.sphereToDisk (n : ℕ) (x : ↑(Poincare.D12.TriangulationTopology.Sphere n)) :
  ↑(Poincare.D12.TriangulationTopology.Disk (n + 1))
Poincare.D12.TriangulationTopology.sphereToDisk_coe (n : ℕ) (x : ↑(Poincare.D12.TriangulationTopology.Sphere n)) :
  ↑(Poincare.D12.TriangulationTopology.sphereToDisk n x) = ↑x
Poincare.D12.TriangulationTopology.diskDirection_sphereToDisk (n : ℕ)
  (x : ↑(Poincare.D12.TriangulationTopology.Sphere n)) :
  Poincare.D12.TriangulationTopology.diskDirection n (Poincare.D12.TriangulationTopology.sphereToDisk n x) = x
Poincare.D12.TriangulationTopology.radialExtend_sphereToDisk (n : ℕ)
  (φ : ↑(Poincare.D12.TriangulationTopology.Sphere n) → ↑(Poincare.D12.TriangulationTopology.Sphere n))
  (x : ↑(Poincare.D12.TriangulationTopology.Sphere n)) :
  Poincare.D12.TriangulationTopology.radialExtend n φ (Poincare.D12.TriangulationTopology.sphereToDisk n x) =
    Poincare.D12.TriangulationTopology.sphereToDisk n (φ x)
Poincare.D12.TriangulationTopology.radialExtend_id (n : ℕ) : Poincare.D12.TriangulationTopology.radialExtend n id = id
Poincare.D12.TriangulationTopology.radialExtend_comp (n : ℕ)
  (φ ψ : ↑(Poincare.D12.TriangulationTopology.Sphere n) → ↑(Poincare.D12.TriangulationTopology.Sphere n))
  (x : ↑(Poincare.D12.TriangulationTopology.Disk (n + 1))) :
  Poincare.D12.TriangulationTopology.radialExtend n φ (Poincare.D12.TriangulationTopology.radialExtend n ψ x) =
    Poincare.D12.TriangulationTopology.radialExtend n (φ ∘ ψ) x
Poincare.D12.TriangulationTopology.alexanderHomeo (n : ℕ)
  (h : ↑(Poincare.D12.TriangulationTopology.Sphere n) ≃ₜ ↑(Poincare.D12.TriangulationTopology.Sphere n)) :
  ↑(Poincare.D12.TriangulationTopology.Disk (n + 1)) ≃ₜ ↑(Poincare.D12.TriangulationTopology.Disk (n + 1))
Poincare.D12.TriangulationTopology.alexanderHomeo_refl (n : ℕ) :
  Poincare.D12.TriangulationTopology.alexanderHomeo n (Homeomorph.refl ↑(Poincare.D12.TriangulationTopology.Sphere n)) =
    Homeomorph.refl ↑(Poincare.D12.TriangulationTopology.Disk (n + 1))
Poincare.D12.TriangulationTopology.alexanderHomeo_zero (n : ℕ)
  (h : ↑(Poincare.D12.TriangulationTopology.Sphere n) ≃ₜ ↑(Poincare.D12.TriangulationTopology.Sphere n)) :
  (Poincare.D12.TriangulationTopology.alexanderHomeo n h) 0 = 0
Poincare.D12.TriangulationTopology.alexanderHomeo_sphereToDisk (n : ℕ)
  (h : ↑(Poincare.D12.TriangulationTopology.Sphere n) ≃ₜ ↑(Poincare.D12.TriangulationTopology.Sphere n))
  (x : ↑(Poincare.D12.TriangulationTopology.Sphere n)) :
  (Poincare.D12.TriangulationTopology.alexanderHomeo n h) (Poincare.D12.TriangulationTopology.sphereToDisk n x) =
    Poincare.D12.TriangulationTopology.sphereToDisk n (h x)
Poincare.D12.TriangulationTopology.alexanderHomeo_eq_refl_iff (n : ℕ)
  (h : ↑(Poincare.D12.TriangulationTopology.Sphere n) ≃ₜ ↑(Poincare.D12.TriangulationTopology.Sphere n)) :
  Poincare.D12.TriangulationTopology.alexanderHomeo n h =
      Homeomorph.refl ↑(Poincare.D12.TriangulationTopology.Disk (n + 1)) ↔
    h = Homeomorph.refl ↑(Poincare.D12.TriangulationTopology.Sphere n)
Poincare.D12.TriangulationTopology.diskGlueRel (n : ℕ)
  (h : ↑(Poincare.D12.TriangulationTopology.Sphere n) ≃ₜ ↑(Poincare.D12.TriangulationTopology.Sphere n)) :
  Poincare.D12.TriangulationTopology.DoubleDisk n → Poincare.D12.TriangulationTopology.DoubleDisk n → Prop
Poincare.D12.TriangulationTopology.DiskGlueQuot (n : ℕ)
  (h : ↑(Poincare.D12.TriangulationTopology.Sphere n) ≃ₜ ↑(Poincare.D12.TriangulationTopology.Sphere n)) : Type
Poincare.D12.TriangulationTopology.quotMapHomeo_mk.{u_1, u_2} {X : Type u_1} {Y : Type u_2} [TopologicalSpace X]
  [TopologicalSpace Y] (e : X ≃ₜ Y) {r : X → X → Prop} {s : Y → Y → Prop} (h : ∀ (a b : X), r a b ↔ s (e a) (e b))
  (a : X) : (Poincare.D12.TriangulationTopology.quotMapHomeo e h) (Quot.mk r a) = Quot.mk s (e a)
Poincare.D12.TriangulationTopology.diskGlueSumHomeo (n : ℕ)
  (h : ↑(Poincare.D12.TriangulationTopology.Sphere n) ≃ₜ ↑(Poincare.D12.TriangulationTopology.Sphere n)) :
  Poincare.D12.TriangulationTopology.DoubleDisk n ≃ₜ Poincare.D12.TriangulationTopology.DoubleDisk n
Poincare.D12.TriangulationTopology.diskGlueSumHomeo_inl (n : ℕ)
  (h : ↑(Poincare.D12.TriangulationTopology.Sphere n) ≃ₜ ↑(Poincare.D12.TriangulationTopology.Sphere n))
  (d : ↑(Poincare.D12.TriangulationTopology.Disk (n + 1))) :
  (Poincare.D12.TriangulationTopology.diskGlueSumHomeo n h) (Sum.inl d) =
    Sum.inl ((Poincare.D12.TriangulationTopology.alexanderHomeo n h) d)
Poincare.D12.TriangulationTopology.diskGlueSumHomeo_inr (n : ℕ)
  (h : ↑(Poincare.D12.TriangulationTopology.Sphere n) ≃ₜ ↑(Poincare.D12.TriangulationTopology.Sphere n))
  (d : ↑(Poincare.D12.TriangulationTopology.Disk (n + 1))) :
  (Poincare.D12.TriangulationTopology.diskGlueSumHomeo n h) (Sum.inr d) = Sum.inr d
Poincare.D12.TriangulationTopology.alexanderHomeo_symm_sphereToDisk (n : ℕ)
  (h : ↑(Poincare.D12.TriangulationTopology.Sphere n) ≃ₜ ↑(Poincare.D12.TriangulationTopology.Sphere n))
  (x : ↑(Poincare.D12.TriangulationTopology.Sphere n)) :
  (Poincare.D12.TriangulationTopology.alexanderHomeo n h).symm (Poincare.D12.TriangulationTopology.sphereToDisk n x) =
    Poincare.D12.TriangulationTopology.sphereToDisk n (h.symm x)
Poincare.D12.TriangulationTopology.diskGlueRel_transport (n : ℕ)
  (h : ↑(Poincare.D12.TriangulationTopology.Sphere n) ≃ₜ ↑(Poincare.D12.TriangulationTopology.Sphere n))
  (p q : Poincare.D12.TriangulationTopology.DoubleDisk n) :
  Poincare.D12.TriangulationTopology.diskGlueRel n h p q ↔
    Poincare.D12.TriangulationTopology.diskGlueRel n (Homeomorph.refl ↑(Poincare.D12.TriangulationTopology.Sphere n))
      ((Poincare.D12.TriangulationTopology.diskGlueSumHomeo n h) p)
      ((Poincare.D12.TriangulationTopology.diskGlueSumHomeo n h) q)
Poincare.D12.TriangulationTopology.diskGlueRel_id_iff_doubleDiskRel (n : ℕ)
  (p q : Poincare.D12.TriangulationTopology.DoubleDisk n) :
  Poincare.D12.TriangulationTopology.diskGlueRel n (Homeomorph.refl ↑(Poincare.D12.TriangulationTopology.Sphere n)) p
      q ↔
    Poincare.D12.TriangulationTopology.doubleDiskRel n p q
Poincare.D12.TriangulationTopology.diskGlueQuotHomeoSphere (n : ℕ)
  (h : ↑(Poincare.D12.TriangulationTopology.Sphere n) ≃ₜ ↑(Poincare.D12.TriangulationTopology.Sphere n)) :
  Poincare.D12.TriangulationTopology.DiskGlueQuot n h ≃ₜ ↑(Poincare.D12.TriangulationTopology.Sphere (n + 1))
Poincare.D12.TriangulationTopology.diskGlueQuotCompactSpace (n : ℕ)
  (h : ↑(Poincare.D12.TriangulationTopology.Sphere n) ≃ₜ ↑(Poincare.D12.TriangulationTopology.Sphere n)) :
  CompactSpace (Poincare.D12.TriangulationTopology.DiskGlueQuot n h)
Poincare.D12.TriangulationTopology.diskGlueQuotT2Space (n : ℕ)
  (h : ↑(Poincare.D12.TriangulationTopology.Sphere n) ≃ₜ ↑(Poincare.D12.TriangulationTopology.Sphere n)) :
  T2Space (Poincare.D12.TriangulationTopology.DiskGlueQuot n h)
Poincare.D12.TriangulationTopology.diskGlueQuotNonempty (n : ℕ)
  (h : ↑(Poincare.D12.TriangulationTopology.Sphere n) ≃ₜ ↑(Poincare.D12.TriangulationTopology.Sphere n)) :
  Nonempty (Poincare.D12.TriangulationTopology.DiskGlueQuot n h)
Poincare.D12.TriangulationTopology.diskGlueQuotHomeoSphere_refl_apply (n : ℕ)
  (p : Poincare.D12.TriangulationTopology.DoubleDisk n) :
  (Poincare.D12.TriangulationTopology.diskGlueQuotHomeoSphere n
        (Homeomorph.refl ↑(Poincare.D12.TriangulationTopology.Sphere n)))
      (Quot.mk
        (Poincare.D12.TriangulationTopology.diskGlueRel n
          (Homeomorph.refl ↑(Poincare.D12.TriangulationTopology.Sphere n)))
        p) =
    (Poincare.D12.TriangulationTopology.doubleDiskQuotHomeoSphere n)
      (Quot.mk (Poincare.D12.TriangulationTopology.doubleDiskRel n) p)
Poincare.D12.TriangulationTopology.sphereOfTwoDisks.{u_1} (n : ℕ) {X : Type u_1} [TopologicalSpace X] [CompactSpace X]
  [T2Space X] (A B : Set X) (hA : IsClosed A) (hB : IsClosed B) (hcover : A ∪ B = Set.univ)
  (eA : ↑A ≃ₜ ↑(Poincare.D12.TriangulationTopology.Disk (n + 1)))
  (eB : ↑B ≃ₜ ↑(Poincare.D12.TriangulationTopology.Disk (n + 1)))
  (h : ↑(Poincare.D12.TriangulationTopology.Sphere n) ≃ₜ ↑(Poincare.D12.TriangulationTopology.Sphere n))
  (hbdA : ∀ (x : X) (hx : x ∈ A), ↑(eA ⟨x, hx⟩) ∈ Poincare.D12.TriangulationTopology.Sphere n ↔ x ∈ B)
  (hcompat :
    ∀ (x : X) (hxA : x ∈ A) (hxB : x ∈ B),
      eB ⟨x, hxB⟩ = Poincare.D12.TriangulationTopology.sphereToDisk n (h ⟨↑(eA ⟨x, hxA⟩), ⋯⟩)) :
  X ≃ₜ ↑(Poincare.D12.TriangulationTopology.Sphere (n + 1))
Poincare.D12.TriangulationTopology.UpperHemisphere (n : ℕ) : Type
Poincare.D12.TriangulationTopology.sphere_trunc_norm_sq_add_last_sq_eq_one (n : ℕ)
  (x : ↑(Poincare.D12.TriangulationTopology.Sphere n)) :
  ‖Poincare.D12.TriangulationTopology.lowerTrunc n ↑x‖ ^ 2 + (↑x).ofLp (Fin.last n) ^ 2 = 1
Poincare.D12.TriangulationTopology.sqrt_one_sub_trunc_norm_sq_eq_last (n : ℕ)
  (x : Poincare.D12.TriangulationTopology.UpperHemisphere n) :
  √(1 - ‖Poincare.D12.TriangulationTopology.lowerTrunc n ↑↑x‖ ^ 2) = (↑↑x).ofLp (Fin.last n)
Poincare.D12.TriangulationTopology.upperHemisphereToDisk (n : ℕ)
  (x : Poincare.D12.TriangulationTopology.UpperHemisphere n) : ↑(Poincare.D12.TriangulationTopology.Disk n)
Poincare.D12.TriangulationTopology.diskToUpperHemisphere (n : ℕ) (y : ↑(Poincare.D12.TriangulationTopology.Disk n)) :
  Poincare.D12.TriangulationTopology.UpperHemisphere n
Poincare.D12.TriangulationTopology.continuous_upperHemisphereToDisk (n : ℕ) :
  Continuous (Poincare.D12.TriangulationTopology.upperHemisphereToDisk n)
Poincare.D12.TriangulationTopology.continuous_diskToUpperHemisphere (n : ℕ) :
  Continuous (Poincare.D12.TriangulationTopology.diskToUpperHemisphere n)
Poincare.D12.TriangulationTopology.upperHemisphereToDisk_diskToUpperHemisphere (n : ℕ)
  (y : ↑(Poincare.D12.TriangulationTopology.Disk n)) :
  Poincare.D12.TriangulationTopology.upperHemisphereToDisk n
      (Poincare.D12.TriangulationTopology.diskToUpperHemisphere n y) =
    y
Poincare.D12.TriangulationTopology.diskToUpperHemisphere_upperHemisphereToDisk (n : ℕ)
  (x : Poincare.D12.TriangulationTopology.UpperHemisphere n) :
  Poincare.D12.TriangulationTopology.diskToUpperHemisphere n
      (Poincare.D12.TriangulationTopology.upperHemisphereToDisk n x) =
    x
Poincare.D12.TriangulationTopology.upperHemisphereHomeoDisk (n : ℕ) :
  Poincare.D12.TriangulationTopology.UpperHemisphere n ≃ₜ ↑(Poincare.D12.TriangulationTopology.Disk n)
Poincare.D12.TriangulationTopology.upperHemisphereCompactSpace (n : ℕ) :
  CompactSpace (Poincare.D12.TriangulationTopology.UpperHemisphere n)
Poincare.D12.TriangulationTopology.upperHemisphereT2Space (n : ℕ) :
  T2Space (Poincare.D12.TriangulationTopology.UpperHemisphere n)
Poincare.D12.TriangulationTopology.upperHemisphereNonempty (n : ℕ) :
  Nonempty (Poincare.D12.TriangulationTopology.UpperHemisphere n)
Poincare.D12.TriangulationTopology.lowerHemisphere_boundary_eq_inter (n : ℕ)
  (x : ↑(Poincare.D12.TriangulationTopology.Sphere (n + 1))) (hx : (↑x).ofLp (Fin.last (n + 1)) ≤ 0) :
  ↑((Poincare.D12.TriangulationTopology.lowerHemisphereHomeoDisk (n + 1)) ⟨x, hx⟩) ∈
      Poincare.D12.TriangulationTopology.Sphere n ↔
    0 ≤ (↑x).ofLp (Fin.last (n + 1))
Poincare.D12.TriangulationTopology.lowerHemisphere_isClosed (n : ℕ) : IsClosed {x | (↑x).ofLp (Fin.last (n + 1)) ≤ 0}
Poincare.D12.TriangulationTopology.upperHemisphere_isClosed (n : ℕ) : IsClosed {x | 0 ≤ (↑x).ofLp (Fin.last (n + 1))}
Poincare.D12.TriangulationTopology.hemisphere_cover (n : ℕ) :
  {x | (↑x).ofLp (Fin.last (n + 1)) ≤ 0} ∪ {x | 0 ≤ (↑x).ofLp (Fin.last (n + 1))} = Set.univ
Poincare.D12.TriangulationTopology.hemisphere_charts_agree (n : ℕ)
  (x : ↑(Poincare.D12.TriangulationTopology.Sphere (n + 1))) (hxA : (↑x).ofLp (Fin.last (n + 1)) ≤ 0)
  (hxB : 0 ≤ (↑x).ofLp (Fin.last (n + 1))) :
  ↑((Poincare.D12.TriangulationTopology.upperHemisphereHomeoDisk (n + 1)) ⟨x, hxB⟩) =
    ↑(Poincare.D12.TriangulationTopology.sphereToDisk n
        ⟨↑((Poincare.D12.TriangulationTopology.lowerHemisphereHomeoDisk (n + 1)) ⟨x, hxA⟩), ⋯⟩)
Poincare.D12.TriangulationTopology.sphereOfTwoDisks_hemisphere_instance (n : ℕ) :
  ↑(Poincare.D12.TriangulationTopology.Sphere (n + 1)) ≃ₜ ↑(Poincare.D12.TriangulationTopology.Sphere (n + 1))
'Poincare.D12.TriangulationTopology.coneQuotHomeoDisk' depends on axioms: [propext, Classical.choice, Quot.sound]
'Poincare.D12.TriangulationTopology.suspQuotHomeoSphere' depends on axioms: [propext, Classical.choice, Quot.sound]
'Poincare.D12.TriangulationTopology.doubleDiskQuotHomeoSphere' depends on axioms: [propext,
 Classical.choice,
 Quot.sound]
'Poincare.D12.TriangulationTopology.coneQuotHomeoTopCatDisk' depends on axioms: [propext, Classical.choice, Quot.sound]
'Poincare.D12.TriangulationTopology.suspQuotHomeoTopCatSphere' depends on axioms: [propext,
 Classical.choice,
 Quot.sound]
'Poincare.D12.TriangulationTopology.doubleDiskQuotHomeoTopCatSphere' depends on axioms: [propext,
 Classical.choice,
 Quot.sound]
'Poincare.D12.TriangulationTopology.sphereThreeGluedDisks' depends on axioms: [propext, Classical.choice, Quot.sound]
'Poincare.D12.TriangulationTopology.sphereThreeSuspension' depends on axioms: [propext, Classical.choice, Quot.sound]
'Poincare.D12.TriangulationTopology.coneOverSphere2HomeoDisk3' depends on axioms: [propext,
 Classical.choice,
 Quot.sound]
'Poincare.D12.TriangulationTopology.sphereNonempty' depends on axioms: [propext, Classical.choice, Quot.sound]
'Poincare.D12.TriangulationTopology.diskNonempty' depends on axioms: [propext, Classical.choice, Quot.sound]
'Poincare.D12.TriangulationTopology.sphereCompactSpace' depends on axioms: [propext, Classical.choice, Quot.sound]
'Poincare.D12.TriangulationTopology.diskCompactSpace' depends on axioms: [propext, Classical.choice, Quot.sound]
'Poincare.D12.TriangulationTopology.iccCompactSpace' depends on axioms: [propext, Classical.choice, Quot.sound]
'Poincare.D12.TriangulationTopology.coneQuotNonempty' depends on axioms: [propext, Classical.choice, Quot.sound]
'Poincare.D12.TriangulationTopology.suspQuotNonempty' depends on axioms: [propext, Classical.choice, Quot.sound]
'Poincare.D12.TriangulationTopology.doubleDiskQuotNonempty' depends on axioms: [propext, Classical.choice, Quot.sound]
'Poincare.D12.TriangulationTopology.norm_sq_esnoc' depends on axioms: [propext, Classical.choice, Quot.sound]
'Poincare.D12.TriangulationTopology.norm_eq_one_iff_norm_sq_eq_one' depends on axioms: [propext,
 Classical.choice,
 Quot.sound]
'Poincare.D12.TriangulationTopology.norm_esnoc_smul_sqrt_sub_sq_eq_one' depends on axioms: [propext,
 Classical.choice,
 Quot.sound]
'Poincare.D12.TriangulationTopology.esnoc_injective2' depends on axioms: [propext, Classical.choice, Quot.sound]
'Poincare.D12.TriangulationTopology.sqrt_one_sub_sq_eq_norm_of_norm_sq_add_sq_eq_one' depends on axioms: [propext,
 Classical.choice,
 Quot.sound]
'Poincare.D12.TriangulationTopology.eq_neg_self_of_sqrt_eq_neg_sqrt' depends on axioms: [propext,
 Classical.choice,
 Quot.sound]
'Poincare.D12.TriangulationTopology.coneMapQuot_surjective' depends on axioms: [propext, Classical.choice, Quot.sound]
'Poincare.D12.TriangulationTopology.coneMapQuot_injective' depends on axioms: [propext, Classical.choice, Quot.sound]
'Poincare.D12.TriangulationTopology.suspMapQuot_surjective' depends on axioms: [propext, Classical.choice, Quot.sound]
'Poincare.D12.TriangulationTopology.suspMapQuot_injective' depends on axioms: [propext, Classical.choice, Quot.sound]
'Poincare.D12.TriangulationTopology.doubleDiskMapQuot_surjective' depends on axioms: [propext,
 Classical.choice,
 Quot.sound]
'Poincare.D12.TriangulationTopology.doubleDiskMapQuot_injective' depends on axioms: [propext,
 Classical.choice,
 Quot.sound]
'Poincare.D12.TriangulationTopology.sphereThree_eq_sphere3' depends on axioms: [propext, Classical.choice, Quot.sound]
'Poincare.D12.TriangulationTopology.disk3_boundary_eq_sphere2' depends on axioms: [propext,
 Classical.choice,
 Quot.sound]
'Poincare.D12.TriangulationTopology.disk_boundary_eq_sphere' depends on axioms: [propext, Classical.choice, Quot.sound]
'Poincare.D12.TriangulationTopology.coveringOfSimplyConnectedIsHomeo' depends on axioms: [propext,
 Classical.choice,
 Quot.sound]
'Poincare.D12.TriangulationTopology.coveringOfSimplyConnectedIsHomeo_bijective' depends on axioms: [propext,
 Classical.choice,
 Quot.sound]
'Poincare.D12.TriangulationTopology.coveringOfSimplyConnectedIsHomeo_of_nonempty' depends on axioms: [propext,
 Classical.choice,
 Quot.sound]
'Poincare.D12.TriangulationTopology.coveringMap_surjective_of_pathConnected' depends on axioms: [propext,
 Classical.choice,
 Quot.sound]
'Poincare.D12.TriangulationTopology.coveringMap_injective_of_simplyConnected' depends on axioms: [propext,
 Classical.choice,
 Quot.sound]
'Poincare.D12.TriangulationTopology.trivialization_id' depends on axioms: [propext, Classical.choice, Quot.sound]
'Poincare.D12.TriangulationTopology.isCoveringMap_id' depends on axioms: [propext, Classical.choice, Quot.sound]
'Poincare.D12.TriangulationTopology.diskContractible' depends on axioms: [propext, Classical.choice, Quot.sound]
'Poincare.D12.TriangulationTopology.diskSimplyConnected' depends on axioms: [propext, Classical.choice, Quot.sound]
'Poincare.D12.TriangulationTopology.diskCoverPipeline' depends on axioms: [propext, Classical.choice, Quot.sound]
'Poincare.D12.TriangulationTopology.locallyCompactSpace_of_compact_t2' depends on axioms: [propext,
 Classical.choice,
 Quot.sound]
'Poincare.D12.TriangulationTopology.zmod2_eq_zero_or_one' depends on axioms: [propext, Classical.choice, Quot.sound]
'Poincare.D12.TriangulationTopology.zmod2Mul_eq_ofAdd_one_or_one' depends on axioms: [propext,
 Classical.choice,
 Quot.sound]
'Poincare.D12.TriangulationTopology.antipodal_mul_self' depends on axioms: [propext, Classical.choice, Quot.sound]
'Poincare.D12.TriangulationTopology.sphere_eq_neg_self_impossible' depends on axioms: [propext,
 Classical.choice,
 Quot.sound]
'Poincare.D12.TriangulationTopology.antipodalSmul' depends on axioms: [propext, Classical.choice, Quot.sound]
'Poincare.D12.TriangulationTopology.one_ne_ofAdd_one' depends on axioms: [propext, Classical.choice, Quot.sound]
'Poincare.D12.TriangulationTopology.antipodalSmul_one' depends on axioms: [propext, Classical.choice, Quot.sound]
'Poincare.D12.TriangulationTopology.antipodalSmul_ofAdd_one' depends on axioms: [propext, Classical.choice, Quot.sound]
'Poincare.D12.TriangulationTopology.antipodalMulAction' depends on axioms: [propext, Classical.choice, Quot.sound]
'Poincare.D12.TriangulationTopology.antipodal_smul_one_eq' depends on axioms: [propext, Classical.choice, Quot.sound]
'Poincare.D12.TriangulationTopology.antipodal_smul_ofAdd_one_eq' depends on axioms: [propext,
 Classical.choice,
 Quot.sound]
'Poincare.D12.TriangulationTopology.continuous_antipodal_ofAdd_one' depends on axioms: [propext,
 Classical.choice,
 Quot.sound]
'Poincare.D12.TriangulationTopology.antipodalContinuousConstSMul' depends on axioms: [propext,
 Classical.choice,
 Quot.sound]
'Poincare.D12.TriangulationTopology.antipodalIsCancelSMul' depends on axioms: [propext, Classical.choice, Quot.sound]
'Poincare.D12.TriangulationTopology.RealProjective' depends on axioms: [propext, Classical.choice, Quot.sound]
'Poincare.D12.TriangulationTopology.antipodalQuotientCovering' depends on axioms: [propext,
 Classical.choice,
 Quot.sound]
'Poincare.D12.TriangulationTopology.rpCompactSpace' depends on axioms: [propext, Classical.choice, Quot.sound]
'Poincare.D12.TriangulationTopology.rpT2Space' depends on axioms: [propext, Classical.choice, Quot.sound]
'Poincare.D12.TriangulationTopology.rpNonempty' depends on axioms: [propext, Classical.choice, Quot.sound]
'Poincare.D12.TriangulationTopology.spherePathConnectedSpace_of_pos' depends on axioms: [propext,
 Classical.choice,
 Quot.sound]
'Poincare.D12.TriangulationTopology.rpPathConnectedSpace_of_pos' depends on axioms: [propext,
 Classical.choice,
 Quot.sound]
'Poincare.D12.TriangulationTopology.sphericalSpaceFormRecognition' depends on axioms: [propext,
 Classical.choice,
 Quot.sound]
'Poincare.D12.TriangulationTopology.simplexBoundaryHomeoSphere' depends on axioms: [propext,
 Classical.choice,
 Quot.sound]
'Poincare.D12.TriangulationTopology.simplexBoundaryFnHomeoSphere' depends on axioms: [propext,
 Classical.choice,
 Quot.sound]
'Poincare.D12.TriangulationTopology.simplexBoundaryHomeoBoundaryFn' depends on axioms: [propext,
 Classical.choice,
 Quot.sound]
'Poincare.D12.TriangulationTopology.simplexBoundaryToSphere' depends on axioms: [propext, Classical.choice, Quot.sound]
'Poincare.D12.TriangulationTopology.sphereToSimplexBoundaryFn' depends on axioms: [propext,
 Classical.choice,
 Quot.sound]
'Poincare.D12.TriangulationTopology.simplexMin_neg_of_unit' depends on axioms: [propext, Classical.choice, Quot.sound]
'Poincare.D12.TriangulationTopology.continuous_simplexMin' depends on axioms: [propext, Classical.choice, Quot.sound]
'Poincare.D12.TriangulationTopology.simplexMin_eq_zero_of_mem_boundary' depends on axioms: [propext,
 Classical.choice,
 Quot.sound]
'Poincare.D12.TriangulationTopology.simplexMin_attains' depends on axioms: [propext, Classical.choice, Quot.sound]
'Poincare.D12.TriangulationTopology.simplexBoundaryCompactSpace' depends on axioms: [propext,
 Classical.choice,
 Quot.sound]
'Poincare.D12.TriangulationTopology.simplexBoundaryT2Space' depends on axioms: [propext, Classical.choice, Quot.sound]
'Poincare.D12.TriangulationTopology.simplexBoundaryNonempty' depends on axioms: [propext, Classical.choice, Quot.sound]
'Poincare.D12.TriangulationTopology.lowerHemisphereHomeoDisk' depends on axioms: [propext, Classical.choice, Quot.sound]
'Poincare.D12.TriangulationTopology.lowerHemisphereToDisk' depends on axioms: [propext, Classical.choice, Quot.sound]
'Poincare.D12.TriangulationTopology.diskToLowerHemisphere' depends on axioms: [propext, Classical.choice, Quot.sound]
'Poincare.D12.TriangulationTopology.norm_sq_esnoc'' depends on axioms: [propext, Classical.choice, Quot.sound]
'Poincare.D12.TriangulationTopology.esnoc'_lowerTrunc_eq' depends on axioms: [propext, Classical.choice, Quot.sound]
'Poincare.D12.TriangulationTopology.sqrt_one_sub_trunc_norm_sq_eq_neg_last' depends on axioms: [propext,
 Classical.choice,
 Quot.sound]
'Poincare.D12.TriangulationTopology.lowerHemisphereCompactSpace' depends on axioms: [propext,
 Classical.choice,
 Quot.sound]
'Poincare.D12.TriangulationTopology.lowerHemisphereT2Space' depends on axioms: [propext, Classical.choice, Quot.sound]
'Poincare.D12.TriangulationTopology.lowerHemisphereNonempty' depends on axioms: [propext, Classical.choice, Quot.sound]
'Poincare.D12.TriangulationTopology.simplexSet' depends on axioms: [propext, Classical.choice, Quot.sound]
'Poincare.D12.TriangulationTopology.simplexFnNonempty' depends on axioms: [propext, Classical.choice, Quot.sound]
'Poincare.D12.TriangulationTopology.simplexFnT2Space' depends on axioms: [propext, Classical.choice, Quot.sound]
'Poincare.D12.TriangulationTopology.simplexConeMap' depends on axioms: [propext, Classical.choice, Quot.sound]
'Poincare.D12.TriangulationTopology.simplexConeMap_mem' depends on axioms: [propext, Classical.choice, Quot.sound]
'Poincare.D12.TriangulationTopology.continuous_sphereToSimplexBoundary_apply' depends on axioms: [propext,
 Classical.choice,
 Quot.sound]
'Poincare.D12.TriangulationTopology.continuous_sphereToSimplexBoundary' depends on axioms: [propext,
 Classical.choice,
 Quot.sound]
'Poincare.D12.TriangulationTopology.continuous_simplexConeMap' depends on axioms: [propext,
 Classical.choice,
 Quot.sound]
'Poincare.D12.TriangulationTopology.simplexConeMap_respects' depends on axioms: [propext, Classical.choice, Quot.sound]
'Poincare.D12.TriangulationTopology.simplexConeMapQuot' depends on axioms: [propext, Classical.choice, Quot.sound]
'Poincare.D12.TriangulationTopology.continuous_simplexConeMapQuot' depends on axioms: [propext,
 Classical.choice,
 Quot.sound]
'Poincare.D12.TriangulationTopology.truncToCenter_simplexConeMap' depends on axioms: [propext,
 Classical.choice,
 Quot.sound]
'Poincare.D12.TriangulationTopology.simplex_point_eq_center_add_norm_mul_dir' depends on axioms: [propext,
 Classical.choice,
 Quot.sound]
'Poincare.D12.TriangulationTopology.simplexConeMapQuot_injective' depends on axioms: [propext,
 Classical.choice,
 Quot.sound]
'Poincare.D12.TriangulationTopology.simplexConeMapQuot_surjective' depends on axioms: [propext,
 Classical.choice,
 Quot.sound]
'Poincare.D12.TriangulationTopology.sphereConeHomeoSimplex' depends on axioms: [propext, Classical.choice, Quot.sound]
'Poincare.D12.TriangulationTopology.simplexHomeoConeQuot' depends on axioms: [propext, Classical.choice, Quot.sound]
'Poincare.D12.TriangulationTopology.simplexBoundaryConeRel' depends on axioms: [propext, Classical.choice, Quot.sound]
'Poincare.D12.TriangulationTopology.simplexBoundaryConeMap' depends on axioms: [propext, Classical.choice, Quot.sound]
'Poincare.D12.TriangulationTopology.simplexBoundaryConeMap_mem' depends on axioms: [propext,
 Classical.choice,
 Quot.sound]
'Poincare.D12.TriangulationTopology.continuous_simplexBoundaryConeMap' depends on axioms: [propext,
 Classical.choice,
 Quot.sound]
'Poincare.D12.TriangulationTopology.simplexBoundaryConeMap_respects' depends on axioms: [propext,
 Classical.choice,
 Quot.sound]
'Poincare.D12.TriangulationTopology.simplexBoundaryConeMapQuot' depends on axioms: [propext,
 Classical.choice,
 Quot.sound]
'Poincare.D12.TriangulationTopology.continuous_simplexBoundaryConeMapQuot' depends on axioms: [propext,
 Classical.choice,
 Quot.sound]
'Poincare.D12.TriangulationTopology.simplexMin_le_center' depends on axioms: [propext, Classical.choice, Quot.sound]
'Poincare.D12.TriangulationTopology.simplexMin_lt_center_of_ne_center' depends on axioms: [propext,
 Classical.choice,
 Quot.sound]
'Poincare.D12.TriangulationTopology.simplexRadialTime' depends on axioms: [propext, Classical.choice, Quot.sound]
'Poincare.D12.TriangulationTopology.simplexBoundaryPoint' depends on axioms: [propext, Classical.choice, Quot.sound]
'Poincare.D12.TriangulationTopology.simplexRadialTime_nonneg' depends on axioms: [propext, Classical.choice, Quot.sound]
'Poincare.D12.TriangulationTopology.simplexRadialTime_le_one' depends on axioms: [propext, Classical.choice, Quot.sound]
'Poincare.D12.TriangulationTopology.simplexRadialTime_pos_of_ne_center' depends on axioms: [propext,
 Classical.choice,
 Quot.sound]
'Poincare.D12.TriangulationTopology.simplexBoundaryPoint_mem_of_ne_center' depends on axioms: [propext,
 Classical.choice,
 Quot.sound]
'Poincare.D12.TriangulationTopology.simplexRadialTime_eq_of_radial_repr' depends on axioms: [propext,
 Classical.choice,
 Quot.sound]
'Poincare.D12.TriangulationTopology.simplexBoundaryPoint_eq_of_radial_repr' depends on axioms: [propext,
 Classical.choice,
 Quot.sound]
'Poincare.D12.TriangulationTopology.simplexBoundaryConeMapQuot_injective' depends on axioms: [propext,
 Classical.choice,
 Quot.sound]
'Poincare.D12.TriangulationTopology.simplexVertexZero' depends on axioms: [propext, Classical.choice, Quot.sound]
'Poincare.D12.TriangulationTopology.simplexVertexZero_mem_boundary' depends on axioms: [propext,
 Classical.choice,
 Quot.sound]
'Poincare.D12.TriangulationTopology.simplexBoundaryConeMapQuot_surjective' depends on axioms: [propext,
 Classical.choice,
 Quot.sound]
'Poincare.D12.TriangulationTopology.simplexBoundaryConeHomeoSimplex' depends on axioms: [propext,
 Classical.choice,
 Quot.sound]
'Poincare.D12.TriangulationTopology.simplexHomeoBoundaryCone' depends on axioms: [propext, Classical.choice, Quot.sound]
'Poincare.D12.TriangulationTopology.simplexHomeoStdSimplexFn' depends on axioms: [propext, Classical.choice, Quot.sound]
'Poincare.D12.TriangulationTopology.simplexHomeoDisk' depends on axioms: [propext, Classical.choice, Quot.sound]
'Poincare.D12.TriangulationTopology.simplexHomeoBoundaryConeStd' depends on axioms: [propext,
 Classical.choice,
 Quot.sound]
'Poincare.D12.TriangulationTopology.simplexFnCompactSpace' depends on axioms: [propext, Classical.choice, Quot.sound]
'Poincare.D12.TriangulationTopology.simplexBoundaryFnCompactSpace' depends on axioms: [propext,
 Classical.choice,
 Quot.sound]
'Poincare.D12.TriangulationTopology.simplexBoundaryConeCompactSpace' depends on axioms: [propext,
 Classical.choice,
 Quot.sound]
'Poincare.D12.TriangulationTopology.simplexBoundaryConeT2Space' depends on axioms: [propext,
 Classical.choice,
 Quot.sound]
'Poincare.D12.TriangulationTopology.simplexBoundaryConeNonempty' depends on axioms: [propext,
 Classical.choice,
 Quot.sound]
'Poincare.D12.TriangulationTopology.quotMapHomeo' depends on axioms: [propext, Classical.choice, Quot.sound]
'Poincare.D12.TriangulationTopology.simplexBoundaryConeRel_iff_coneRel' depends on axioms: [propext,
 Classical.choice,
 Quot.sound]
'Poincare.D12.TriangulationTopology.simplexBoundaryConeHomeoSphereCone' depends on axioms: [propext,
 Classical.choice,
 Quot.sound]
'Poincare.D12.TriangulationTopology.PuncturedDisk' depends on axioms: [propext, Classical.choice, Quot.sound]
'Poincare.D12.TriangulationTopology.sphereBase' depends on axioms: [propext, Classical.choice, Quot.sound]
'Poincare.D12.TriangulationTopology.diskDirection' depends on axioms: [propext, Classical.choice, Quot.sound]
'Poincare.D12.TriangulationTopology.diskDirection_of_ne' depends on axioms: [propext, Classical.choice, Quot.sound]
'Poincare.D12.TriangulationTopology.radialExtend' depends on axioms: [propext, Classical.choice, Quot.sound]
'Poincare.D12.TriangulationTopology.radialExtend_apply' depends on axioms: [propext, Classical.choice, Quot.sound]
'Poincare.D12.TriangulationTopology.norm_radialExtend' depends on axioms: [propext, Classical.choice, Quot.sound]
'Poincare.D12.TriangulationTopology.radialExtend_zero' depends on axioms: [propext, Classical.choice, Quot.sound]
'Poincare.D12.TriangulationTopology.diskDirection_radialExtend' depends on axioms: [propext,
 Classical.choice,
 Quot.sound]
'Poincare.D12.TriangulationTopology.continuous_diskDirection_punctured' depends on axioms: [propext,
 Classical.choice,
 Quot.sound]
'Poincare.D12.TriangulationTopology.continuousOn_diskDirection' depends on axioms: [propext,
 Classical.choice,
 Quot.sound]
'Poincare.D12.TriangulationTopology.continuous_radialExtend' depends on axioms: [propext, Classical.choice, Quot.sound]
'Poincare.D12.TriangulationTopology.sphereToDisk' depends on axioms: [propext, Classical.choice, Quot.sound]
'Poincare.D12.TriangulationTopology.sphereToDisk_coe' depends on axioms: [propext, Classical.choice, Quot.sound]
'Poincare.D12.TriangulationTopology.diskDirection_sphereToDisk' depends on axioms: [propext,
 Classical.choice,
 Quot.sound]
'Poincare.D12.TriangulationTopology.radialExtend_sphereToDisk' depends on axioms: [propext,
 Classical.choice,
 Quot.sound]
'Poincare.D12.TriangulationTopology.radialExtend_id' depends on axioms: [propext, Classical.choice, Quot.sound]
'Poincare.D12.TriangulationTopology.radialExtend_comp' depends on axioms: [propext, Classical.choice, Quot.sound]
'Poincare.D12.TriangulationTopology.alexanderHomeo' depends on axioms: [propext, Classical.choice, Quot.sound]
'Poincare.D12.TriangulationTopology.alexanderHomeo_refl' depends on axioms: [propext, Classical.choice, Quot.sound]
'Poincare.D12.TriangulationTopology.alexanderHomeo_zero' depends on axioms: [propext, Classical.choice, Quot.sound]
'Poincare.D12.TriangulationTopology.alexanderHomeo_sphereToDisk' depends on axioms: [propext,
 Classical.choice,
 Quot.sound]
'Poincare.D12.TriangulationTopology.alexanderHomeo_eq_refl_iff' depends on axioms: [propext,
 Classical.choice,
 Quot.sound]
'Poincare.D12.TriangulationTopology.diskGlueRel' depends on axioms: [propext, Classical.choice, Quot.sound]
'Poincare.D12.TriangulationTopology.DiskGlueQuot' depends on axioms: [propext, Classical.choice, Quot.sound]
'Poincare.D12.TriangulationTopology.quotMapHomeo_mk' depends on axioms: [propext, Classical.choice, Quot.sound]
'Poincare.D12.TriangulationTopology.diskGlueSumHomeo' depends on axioms: [propext, Classical.choice, Quot.sound]
'Poincare.D12.TriangulationTopology.diskGlueSumHomeo_inl' depends on axioms: [propext, Classical.choice, Quot.sound]
'Poincare.D12.TriangulationTopology.diskGlueSumHomeo_inr' depends on axioms: [propext, Classical.choice, Quot.sound]
'Poincare.D12.TriangulationTopology.alexanderHomeo_symm_sphereToDisk' depends on axioms: [propext,
 Classical.choice,
 Quot.sound]
'Poincare.D12.TriangulationTopology.diskGlueRel_transport' depends on axioms: [propext, Classical.choice, Quot.sound]
'Poincare.D12.TriangulationTopology.diskGlueRel_id_iff_doubleDiskRel' depends on axioms: [propext,
 Classical.choice,
 Quot.sound]
'Poincare.D12.TriangulationTopology.diskGlueQuotHomeoSphere' depends on axioms: [propext, Classical.choice, Quot.sound]
'Poincare.D12.TriangulationTopology.diskGlueQuotCompactSpace' depends on axioms: [propext, Classical.choice, Quot.sound]
'Poincare.D12.TriangulationTopology.diskGlueQuotT2Space' depends on axioms: [propext, Classical.choice, Quot.sound]
'Poincare.D12.TriangulationTopology.diskGlueQuotNonempty' depends on axioms: [propext, Classical.choice, Quot.sound]
'Poincare.D12.TriangulationTopology.diskGlueQuotHomeoSphere_refl_apply' depends on axioms: [propext,
 Classical.choice,
 Quot.sound]
'Poincare.D12.TriangulationTopology.sphereOfTwoDisks' depends on axioms: [propext, Classical.choice, Quot.sound]
'Poincare.D12.TriangulationTopology.UpperHemisphere' depends on axioms: [propext, Classical.choice, Quot.sound]
'Poincare.D12.TriangulationTopology.sphere_trunc_norm_sq_add_last_sq_eq_one' depends on axioms: [propext,
 Classical.choice,
 Quot.sound]
'Poincare.D12.TriangulationTopology.sqrt_one_sub_trunc_norm_sq_eq_last' depends on axioms: [propext,
 Classical.choice,
 Quot.sound]
'Poincare.D12.TriangulationTopology.upperHemisphereToDisk' depends on axioms: [propext, Classical.choice, Quot.sound]
'Poincare.D12.TriangulationTopology.diskToUpperHemisphere' depends on axioms: [propext, Classical.choice, Quot.sound]
'Poincare.D12.TriangulationTopology.continuous_upperHemisphereToDisk' depends on axioms: [propext,
 Classical.choice,
 Quot.sound]
'Poincare.D12.TriangulationTopology.continuous_diskToUpperHemisphere' depends on axioms: [propext,
 Classical.choice,
 Quot.sound]
'Poincare.D12.TriangulationTopology.upperHemisphereToDisk_diskToUpperHemisphere' depends on axioms: [propext,
 Classical.choice,
 Quot.sound]
'Poincare.D12.TriangulationTopology.diskToUpperHemisphere_upperHemisphereToDisk' depends on axioms: [propext,
 Classical.choice,
 Quot.sound]
'Poincare.D12.TriangulationTopology.upperHemisphereHomeoDisk' depends on axioms: [propext, Classical.choice, Quot.sound]
'Poincare.D12.TriangulationTopology.upperHemisphereCompactSpace' depends on axioms: [propext,
 Classical.choice,
 Quot.sound]
'Poincare.D12.TriangulationTopology.upperHemisphereT2Space' depends on axioms: [propext, Classical.choice, Quot.sound]
'Poincare.D12.TriangulationTopology.upperHemisphereNonempty' depends on axioms: [propext, Classical.choice, Quot.sound]
'Poincare.D12.TriangulationTopology.lowerHemisphere_boundary_eq_inter' depends on axioms: [propext,
 Classical.choice,
 Quot.sound]
'Poincare.D12.TriangulationTopology.lowerHemisphere_isClosed' depends on axioms: [propext, Classical.choice, Quot.sound]
'Poincare.D12.TriangulationTopology.upperHemisphere_isClosed' depends on axioms: [propext, Classical.choice, Quot.sound]
'Poincare.D12.TriangulationTopology.hemisphere_cover' depends on axioms: [propext, Classical.choice, Quot.sound]
'Poincare.D12.TriangulationTopology.hemisphere_charts_agree' depends on axioms: [propext, Classical.choice, Quot.sound]
'Poincare.D12.TriangulationTopology.sphereOfTwoDisks_hemisphere_instance' depends on axioms: [propext,
 Classical.choice,
 Quot.sound]
