2026-09-09T20:50:02+0800 REPAIR D7-riemann-curvature-tensor attempt 1 queued
2026-09-09T20:50:02+0800 REPAIR D8-moise-statement-bridge attempt 1 queued
2026-09-09T20:50:02+0800 REPAIR D8-mathlib-pr-drafts attempt 1 queued
2026-09-09T20:50:02+0800 REPAIR D8-repro-archive attempt 1 queued
2026-09-09T20:50:02+0800 REPAIR D8-release-packaging attempt 1 queued
2026-09-09T20:50:02+0800 LAUNCH D7-riemann-curvature-tensor (REPAIR_D7-riemann-curvature-tensor.md)
2026-09-09T20:50:02+0800 LAUNCH D8-moise-statement-bridge (REPAIR_D8-moise-statement-bridge.md)
2026-09-09T20:50:02+0800 LAUNCH D8-mathlib-pr-drafts (REPAIR_D8-mathlib-pr-drafts.md)
2026-09-09T20:50:02+0800 LAUNCH D8-repro-archive (REPAIR_D8-repro-archive.md)
2026-09-09T20:50:02+0800 LAUNCH D8-release-packaging (REPAIR_D8-release-packaging.md)
2026-09-09T23:32:41+0800 PROMOTE D7-riemann-curvature-tensor verified (gate 73 files)
2026-09-09T23:36:39+0800 PROMOTE D8-moise-statement-bridge verified (gate 70 files)
2026-09-09T23:40:29+0800 PROMOTE D8-mathlib-pr-drafts verified (gate 67 files)
2026-09-09T23:47:40+0800 PROMOTE D8-repro-archive verified (gate 127 files)
2026-09-09T23:54:30+0800 PROMOTE D8-release-packaging verified (gate 124 files)
2026-09-09T23:54:30+0800 LAUNCH D7-ricci-scalar-curvature (D7_ricci_scalar.md)
2026-09-09T23:54:30+0800 LAUNCH D7-levi-civita-smoothness (D7_levi_civita_smooth.md)
2026-09-10T00:06:35+0800 REPAIR D9-ancient-kappa-solutions attempt 1 queued
2026-09-10T00:06:35+0800 LAUNCH D9-ancient-kappa-solutions (REPAIR_D9-ancient-kappa-solutions.md)
2026-09-10T00:20:51+0800 PROMOTE D7-ricci-scalar-curvature verified (gate 82 files)
2026-09-10T00:24:38+0800 PROMOTE D9-ancient-kappa-solutions verified (gate 68 files)
2026-09-10T00:28:19+0800 REPAIR D9-ricci-flow-surfaces attempt 1 queued
2026-09-10T00:28:19+0800 LAUNCH D7-orientability-volume-form (D7_orientability_volume_form.md)
2026-09-10T00:28:19+0800 LAUNCH D7-hamilton-short-time (D7_hamilton_short_time.md)
2026-09-10T00:28:19+0800 LAUNCH D9-ricci-flow-surfaces (REPAIR_D9-ricci-flow-surfaces.md)
2026-09-10T00:42:58+0800 PROMOTE D7-levi-civita-smoothness verified (gate 80 files)
2026-09-10T00:47:15+0800 PROMOTE D9-ricci-flow-surfaces verified (gate 69 files)
2026-09-10T01:02:01+0800 PROMOTE D7-orientability-volume-form verified (gate 90 files)
2026-09-10T01:06:52+0800 PROMOTE D7-hamilton-short-time verified (gate 92 files)
2026-09-10T01:10:33+0800 REPAIR D9-deturck-trick attempt 1 queued
2026-09-10T01:10:33+0800 LAUNCH D7-divergence-ibp (D7_divergence_ibp.md)
2026-09-10T01:10:33+0800 LAUNCH D7-reduced-length-volume (D7_reduced_length_volume.md)
2026-09-10T01:10:33+0800 LAUNCH D9-deturck-trick (REPAIR_D9-deturck-trick.md)
2026-09-10T01:24:17+0800 PROMOTE D9-deturck-trick verified (gate 67 files)
2026-09-10T01:39:20+0800 PROMOTE D7-divergence-ibp verified (gate 98 files)
2026-09-10T01:44:26+0800 PROMOTE D7-reduced-length-volume verified (gate 99 files)
2026-09-10T01:44:26+0800 LAUNCH D7-bochner-formula (D7_bochner_formula.md)
2026-09-10T01:44:26+0800 LAUNCH D7-conjugate-heat-interface (D7_conjugate_heat.md)
2026-09-10T02:09:42+0800 PROMOTE D7-bochner-formula verified (gate 105 files)
2026-09-10T02:15:09+0800 PROMOTE D7-conjugate-heat-interface verified (gate 107 files)
2026-09-10T02:15:09+0800 LAUNCH D7-heat-kernel-existence (D7_heat_kernel.md)
2026-09-10T02:15:09+0800 LAUNCH D7-tensor-laplacian (D7_tensor_laplacian.md)
2026-09-10T02:41:09+0800 PROMOTE D7-heat-kernel-existence verified (gate 116 files)
2026-09-10T02:46:24+0800 PROMOTE D7-tensor-laplacian verified (gate 100 files)
2026-09-10T02:46:24+0800 LAUNCH D7-discrete-continuous-limit (D7_discrete_continuous_limit.md)
2026-09-10T02:46:24+0800 LAUNCH D7-perelman-conditional-monotonicity (D7_perelman_conditional_monotonicity.md)
2026-09-10T03:13:06+0800 PROMOTE D7-discrete-continuous-limit verified (gate 126 files)
2026-09-10T03:18:51+0800 PROMOTE D7-perelman-conditional-monotonicity verified (gate 108 files)
2026-09-10T03:18:51+0800 LAUNCH D7-kappa-noncollapsing-conditional (D7_kappa_noncollapsing.md)
2026-09-10T03:35:03+0800 PROMOTE D7-kappa-noncollapsing-conditional verified (gate 115 files)
2026-09-10T03:35:03+0800 LAUNCH D7-gh-compactness (D7_gh_compactness.md)
2026-09-10T04:02:41+0800 PROMOTE D7-gh-compactness verified (gate 123 files)
2026-09-10T04:02:41+0800 LAUNCH D7-canonical-neighborhood (D7_canonical_neighborhood.md)
2026-09-10T04:30:34+0800 PROMOTE D7-canonical-neighborhood verified (gate 131 files)
2026-09-10T04:30:34+0800 LAUNCH D7-surgery-neck-extinction (D7_surgery_neck_extinction.md)
2026-09-10T04:30:34+0800 LAUNCH D7-sphere-recognition (D7_sphere_recognition.md)
2026-09-10T04:59:04+0800 PROMOTE D7-surgery-neck-extinction verified (gate 138 files)
2026-09-10T05:07:48+0800 PROMOTE D7-sphere-recognition verified (gate 137 files)
2026-09-10T08:57:50+0800 REPAIR D9-sobolev-parabolic-estimates attempt 1 queued
2026-09-10T08:57:50+0800 LAUNCH D9-sobolev-parabolic-estimates (REPAIR_D9-sobolev-parabolic-estimates.md)
2026-09-10T08:57:50+0800 LAUNCH D10-heat-kernel-euclidean (D10_heat_kernel_euclidean.md)
2026-09-10T08:57:50+0800 LAUNCH D10-maximum-principle-rn (D10_maximum_principle_rn.md)
2026-09-10T09:12:02+0800 PROMOTE D9-sobolev-parabolic-estimates verified (gate 69 files)
2026-09-10T09:22:02+0800 REPAIR D10-heat-kernel-euclidean attempt 1 queued
2026-09-10T09:22:02+0800 LAUNCH D10-heat-kernel-euclidean (REPAIR_D10-heat-kernel-euclidean.md)
2026-09-10T09:36:09+0800 PROMOTE D10-heat-kernel-euclidean verified (gate 70 files)
2026-09-10T09:36:09+0800 REPAIR D10-maximum-principle-rn attempt 1 queued
2026-09-10T09:36:09+0800 LAUNCH D10-maximum-principle-rn (REPAIR_D10-maximum-principle-rn.md)
2026-09-10T09:46:09+0800 REPAIR D9-tensor-algebra-manifolds attempt 1 queued
2026-09-10T09:50:39+0800 PROMOTE D10-maximum-principle-rn verified (gate 69 files)
2026-09-10T09:50:41+0800 REPAIR D10-jacobi-constant-curvature attempt 1 queued
2026-09-10T09:50:41+0800 LAUNCH D9-tensor-algebra-manifolds (REPAIR_D9-tensor-algebra-manifolds.md)
2026-09-10T09:50:41+0800 LAUNCH D10-jacobi-constant-curvature (REPAIR_D10-jacobi-constant-curvature.md)
2026-09-10T10:04:27+0800 PROMOTE D9-tensor-algebra-manifolds verified (gate 68 files)
2026-09-10T10:08:16+0800 REPAIR D10-bochner-euclidean attempt 1 queued
2026-09-10T10:12:15+0800 PROMOTE D10-jacobi-constant-curvature verified (gate 68 files)
2026-09-10T10:12:15+0800 LAUNCH D10-bochner-euclidean (REPAIR_D10-bochner-euclidean.md)
2026-09-10T10:25:59+0800 PROMOTE D10-bochner-euclidean verified (gate 69 files)
2026-09-10T10:37:33+0800 REPAIR D10-gaussian-toolbox attempt 1 queued
2026-09-10T10:37:33+0800 LAUNCH D10-gaussian-toolbox (REPAIR_D10-gaussian-toolbox.md)
2026-09-10T10:51:18+0800 PROMOTE D10-gaussian-toolbox verified (gate 68 files)
2026-09-10T11:05:18+0800 REPAIR D9-cheeger-gromov-compactness attempt 1 queued
2026-09-10T11:14:20+0800 REPAIR D10-triangulation-low-dim attempt 1 queued
2026-09-10T11:14:20+0800 LAUNCH D9-cheeger-gromov-compactness (REPAIR_D9-cheeger-gromov-compactness.md)
2026-09-10T11:14:20+0800 LAUNCH D10-triangulation-low-dim (REPAIR_D10-triangulation-low-dim.md)
2026-09-10T11:28:14+0800 PROMOTE D9-cheeger-gromov-compactness verified (gate 68 files)
2026-09-10T11:32:35+0800 PROMOTE D10-triangulation-low-dim verified (gate 69 files)
2026-09-10T20:22:40+0800 LAUNCH D11-heat-kernel-manifold-bridge (D11_heat_kernel_manifold_bridge.md)
2026-09-10T20:22:40+0800 LAUNCH D11-maximum-principle-tensor (D11_maximum_principle_tensor.md)
2026-09-10T20:32:40+0800 REPAIR D11-maximum-principle-tensor attempt 1 queued
2026-09-10T20:32:40+0800 LAUNCH D11-maximum-principle-tensor (REPAIR_D11-maximum-principle-tensor.md)
2026-09-10T20:59:21+0800 REPAIR D11-maximum-principle-tensor attempt 2 queued
2026-09-10T20:59:21+0800 LAUNCH D11-maximum-principle-tensor (REPAIR_D11-maximum-principle-tensor.md)
2026-09-10T21:09:22+0800 REPAIR D11-heat-kernel-manifold-bridge attempt 1 queued
2026-09-10T21:26:02+0800 PROMOTE D11-maximum-principle-tensor verified (gate 289 files)
2026-09-10T21:26:02+0800 LAUNCH D11-heat-kernel-manifold-bridge (REPAIR_D11-heat-kernel-manifold-bridge.md)
2026-09-10T21:53:26+0800 PROMOTE D11-heat-kernel-manifold-bridge verified (gate 291 files)
2026-09-10T21:55:03+0800 ENQUEUE D12-heat-domain-repair
2026-09-10T21:55:03+0800 ENQUEUE D12-heat-semigroup-analysis
2026-09-10T21:55:03+0800 ENQUEUE D12-parabolic-local-existence
2026-09-10T21:55:03+0800 ENQUEUE D12-entropy-variation
2026-09-10T21:55:03+0800 ENQUEUE D12-kappa-variational
2026-09-10T21:55:03+0800 ENQUEUE D12-connection-curvature
2026-09-10T21:55:03+0800 ENQUEUE D12-volume-ibp
2026-09-10T21:55:03+0800 ENQUEUE D12-tensor-maximum-bochner
2026-09-10T21:55:03+0800 ENQUEUE D12-spectral-sobolev
2026-09-10T21:55:03+0800 ENQUEUE D12-semantic-ledger
2026-09-10T21:55:03+0800 ENQUEUE D12-comparison-geodesics
2026-09-10T21:55:03+0800 ENQUEUE D12-geometric-compactness
2026-09-10T21:55:03+0800 ENQUEUE D12-triangulation-topology
2026-09-10T21:55:03+0800 ENQUEUE D12-surgery-recognition
2026-09-10T21:55:03+0800 ENQUEUE D13-integrated-kernel-audit
2026-09-10T21:55:03+0800 ENQUEUE D13-critical-path-review
2026-09-10T21:55:03+0800 NO_OWN_CARD D9-parabolic-maximum-principle
2026-09-10T21:55:03+0800 DISPATCH_ERROR UnicodeDecodeError: 'utf-8' codec can't decode byte 0xa3 in position 45: invalid start byte
2026-09-10T21:56:03+0800 DISPATCH_ERROR UnicodeDecodeError: 'utf-8' codec can't decode byte 0xa3 in position 45: invalid start byte
2026-09-10T21:57:03+0800 DISPATCH_ERROR UnicodeDecodeError: 'utf-8' codec can't decode byte 0xa3 in position 45: invalid start byte
2026-09-10T21:58:03+0800 DISPATCH_ERROR UnicodeDecodeError: 'utf-8' codec can't decode byte 0xa3 in position 45: invalid start byte
2026-09-10T21:59:03+0800 DISPATCH_ERROR UnicodeDecodeError: 'utf-8' codec can't decode byte 0xa3 in position 45: invalid start byte
2026-09-10T22:00:03+0800 DISPATCH_ERROR UnicodeDecodeError: 'utf-8' codec can't decode byte 0xa3 in position 45: invalid start byte
2026-09-10T22:00:51+0800 LAUNCH D12-heat-domain-repair (D12-heat-domain-repair.md)
2026-09-10T22:00:51+0800 LAUNCH D12-heat-semigroup-analysis (D12-heat-semigroup-analysis.md)
2026-09-10T22:00:51+0800 LAUNCH D12-parabolic-local-existence (D12-parabolic-local-existence.md)
2026-09-10T22:00:51+0800 LAUNCH D12-entropy-variation (D12-entropy-variation.md)
2026-09-10T22:00:51+0800 LAUNCH D12-kappa-variational (D12-kappa-variational.md)
2026-09-10T22:40:40+0800 LAUNCH D12-heat-domain-repair (D12-heat-domain-repair.md)
2026-09-10T22:40:40+0800 LAUNCH D12-heat-semigroup-analysis (D12-heat-semigroup-analysis.md)
2026-09-10T22:40:40+0800 LAUNCH D12-parabolic-local-existence (D12-parabolic-local-existence.md)
2026-09-10T22:40:40+0800 LAUNCH D12-entropy-variation (D12-entropy-variation.md)
2026-09-10T22:40:40+0800 LAUNCH D12-kappa-variational (D12-kappa-variational.md)
2026-09-10T23:19:42+0800 GATE_START D12-kappa-variational
2026-09-10T23:24:43+0800 PROMOTE D12-kappa-variational compiled (gate 296 files; semantic review pending)
2026-09-10T23:47:44+0800 GATE_START D12-heat-domain-repair
2026-09-10T23:52:44+0800 PROMOTE D12-heat-domain-repair compiled (gate 296 files; semantic review pending)
2026-09-11T00:35:32+0800 RECOVER D12-heat-semigroup-analysis worker not alive
2026-09-11T00:35:32+0800 RECOVER D12-parabolic-local-existence worker not alive
2026-09-11T00:35:32+0800 RECOVER D12-entropy-variation worker not alive
2026-09-11T00:35:32+0800 LAUNCH D12-heat-semigroup-analysis (D12-heat-semigroup-analysis.md)
2026-09-11T00:35:32+0800 LAUNCH D12-parabolic-local-existence (D12-parabolic-local-existence.md)
2026-09-11T00:35:32+0800 LAUNCH D12-entropy-variation (D12-entropy-variation.md)
2026-09-11T00:36:32+0800 RECOVER D12-parabolic-local-existence worker not alive
2026-09-11T00:36:32+0800 LAUNCH D12-parabolic-local-existence (D12-parabolic-local-existence.md)
2026-09-11T00:37:32+0800 ENQUEUE D13-upstream-adapter-audit
2026-09-11T00:37:32+0800 ENQUEUE D13-morgan-tian-adapter-plan
2026-09-11T00:37:32+0800 ENQUEUE D13-topping-ricci-adapter-plan
2026-09-11T00:37:32+0800 RECOVER D12-parabolic-local-existence worker not alive
2026-09-11T00:37:32+0800 LAUNCH D12-parabolic-local-existence (D12-parabolic-local-existence.md)
2026-09-11T00:38:32+0800 RECOVER D12-parabolic-local-existence worker not alive
2026-09-11T00:38:32+0800 LAUNCH D12-parabolic-local-existence (D12-parabolic-local-existence.md)
2026-09-11T00:39:32+0800 RECOVER D12-parabolic-local-existence worker not alive
2026-09-11T00:39:32+0800 LAUNCH D12-parabolic-local-existence (D12-parabolic-local-existence.md)
2026-09-11T00:40:32+0800 RECOVER D12-parabolic-local-existence worker not alive
2026-09-11T00:40:32+0800 LAUNCH D12-parabolic-local-existence (D12-parabolic-local-existence.md)
2026-09-11T00:41:34+0800 RECOVER D12-parabolic-local-existence worker not alive
2026-09-11T00:41:34+0800 LAUNCH D12-parabolic-local-existence (D12-parabolic-local-existence.md)
2026-09-11T00:42:34+0800 RECOVER D12-parabolic-local-existence worker not alive
2026-09-11T00:42:34+0800 LAUNCH D12-parabolic-local-existence (D12-parabolic-local-existence.md)
2026-09-11T00:43:34+0800 RECOVER D12-parabolic-local-existence worker not alive
2026-09-11T00:43:34+0800 LAUNCH D12-parabolic-local-existence (D12-parabolic-local-existence.md)
2026-09-11T00:44:34+0800 RECOVER D12-parabolic-local-existence worker not alive
2026-09-11T00:44:34+0800 LAUNCH D12-parabolic-local-existence (D12-parabolic-local-existence.md)
2026-09-11T00:45:34+0800 RECOVER D12-parabolic-local-existence worker not alive
2026-09-11T00:45:34+0800 LAUNCH D12-parabolic-local-existence (D12-parabolic-local-existence.md)
2026-09-11T00:46:34+0800 RECOVER D12-parabolic-local-existence worker not alive
2026-09-11T00:46:34+0800 LAUNCH D12-parabolic-local-existence (D12-parabolic-local-existence.md)
2026-09-11T00:47:34+0800 RECOVER D12-parabolic-local-existence worker not alive
2026-09-11T00:47:34+0800 LAUNCH D12-parabolic-local-existence (D12-parabolic-local-existence.md)
2026-09-11T00:48:34+0800 RECOVER D12-parabolic-local-existence worker not alive
2026-09-11T00:48:34+0800 LAUNCH D12-parabolic-local-existence (D12-parabolic-local-existence.md)
2026-09-11T00:49:34+0800 RECOVER D12-parabolic-local-existence worker not alive
2026-09-11T00:49:34+0800 LAUNCH D12-parabolic-local-existence (D12-parabolic-local-existence.md)
2026-09-11T00:50:34+0800 RECOVER D12-parabolic-local-existence worker not alive
2026-09-11T00:50:34+0800 LAUNCH D12-parabolic-local-existence (D12-parabolic-local-existence.md)
2026-09-11T00:51:34+0800 RECOVER D12-parabolic-local-existence worker not alive
2026-09-11T00:51:34+0800 GATE_START D12-entropy-variation
2026-09-11T00:51:34+0800 LAUNCH D12-parabolic-local-existence (D12-parabolic-local-existence.md)
2026-09-11T00:52:34+0800 RECOVER D12-parabolic-local-existence worker not alive
2026-09-11T00:52:34+0800 LAUNCH D12-parabolic-local-existence (D12-parabolic-local-existence.md)
2026-09-11T00:53:34+0800 RECOVER D12-parabolic-local-existence worker not alive
2026-09-11T00:53:34+0800 LAUNCH D12-parabolic-local-existence (D12-parabolic-local-existence.md)
2026-09-11T00:54:34+0800 RECOVER D12-parabolic-local-existence worker not alive
2026-09-11T00:54:34+0800 LAUNCH D12-parabolic-local-existence (D12-parabolic-local-existence.md)
2026-09-11T00:55:34+0800 RECOVER D12-parabolic-local-existence worker not alive
2026-09-11T00:55:34+0800 LAUNCH D12-parabolic-local-existence (D12-parabolic-local-existence.md)
2026-09-11T00:56:34+0800 RECOVER D12-parabolic-local-existence worker not alive
2026-09-11T00:56:34+0800 PROMOTE D12-entropy-variation compiled (gate 297 files; semantic review pending)
2026-09-11T00:56:34+0800 LAUNCH D12-parabolic-local-existence (D12-parabolic-local-existence.md)
2026-09-11T00:56:34+0800 LAUNCH D13-upstream-adapter-audit (D13-upstream-adapter-audit.md)
2026-09-11T00:57:34+0800 RECOVER D12-parabolic-local-existence worker not alive
2026-09-11T00:57:34+0800 LAUNCH D12-parabolic-local-existence (D12-parabolic-local-existence.md)
2026-09-11T00:58:35+0800 GATE_START D9-adversarial-audit-release
2026-09-11T00:58:35+0800 RECOVER D12-parabolic-local-existence worker not alive
2026-09-11T00:58:35+0800 LAUNCH D12-parabolic-local-existence (D12-parabolic-local-existence.md)
2026-09-11T00:59:35+0800 RECOVER D12-parabolic-local-existence worker not alive
2026-09-11T00:59:35+0800 LAUNCH D12-parabolic-local-existence (D12-parabolic-local-existence.md)
2026-09-11T01:00:35+0800 RECOVER D12-parabolic-local-existence worker not alive
2026-09-11T01:00:35+0800 LAUNCH D12-parabolic-local-existence (D12-parabolic-local-existence.md)
2026-09-11T01:01:35+0800 RECOVER D12-parabolic-local-existence worker not alive
2026-09-11T01:01:35+0800 LAUNCH D12-parabolic-local-existence (D12-parabolic-local-existence.md)
2026-09-11T01:02:35+0800 RECOVER D12-parabolic-local-existence worker not alive
2026-09-11T01:02:35+0800 LAUNCH D12-parabolic-local-existence (D12-parabolic-local-existence.md)
2026-09-11T01:03:35+0800 RECOVER D12-parabolic-local-existence worker not alive
2026-09-11T01:03:35+0800 LAUNCH D12-parabolic-local-existence (D12-parabolic-local-existence.md)
2026-09-11T01:04:35+0800 RECOVER D12-parabolic-local-existence worker not alive
2026-09-11T01:04:35+0800 LAUNCH D12-parabolic-local-existence (D12-parabolic-local-existence.md)
2026-09-11T01:05:35+0800 RECOVER D12-parabolic-local-existence worker not alive
2026-09-11T01:05:35+0800 LAUNCH D12-parabolic-local-existence (D12-parabolic-local-existence.md)
2026-09-11T01:06:35+0800 RECOVER D12-parabolic-local-existence worker not alive
2026-09-11T01:06:35+0800 LAUNCH D12-parabolic-local-existence (D12-parabolic-local-existence.md)
2026-09-11T01:07:35+0800 RECOVER D12-parabolic-local-existence worker not alive
2026-09-11T01:07:35+0800 LAUNCH D12-parabolic-local-existence (D12-parabolic-local-existence.md)
2026-09-11T01:08:35+0800 RECOVER D12-parabolic-local-existence worker not alive
2026-09-11T01:08:35+0800 LAUNCH D12-parabolic-local-existence (D12-parabolic-local-existence.md)
2026-09-11T01:09:35+0800 PROMOTE D9-adversarial-audit-release compiled (gate 71 files; semantic review pending)
2026-09-11T01:09:35+0800 RECOVER D12-parabolic-local-existence worker not alive
2026-09-11T01:09:35+0800 LAUNCH D12-parabolic-local-existence (D12-parabolic-local-existence.md)
2026-09-11T01:10:35+0800 RECOVER D12-parabolic-local-existence worker not alive
2026-09-11T01:10:35+0800 LAUNCH D12-parabolic-local-existence (D12-parabolic-local-existence.md)
2026-09-11T01:11:35+0800 RECOVER D12-parabolic-local-existence worker not alive
2026-09-11T01:11:35+0800 LAUNCH D12-parabolic-local-existence (D12-parabolic-local-existence.md)
2026-09-11T01:12:35+0800 RECOVER D12-parabolic-local-existence worker not alive
2026-09-11T01:12:35+0800 LAUNCH D12-parabolic-local-existence (D12-parabolic-local-existence.md)
2026-09-11T01:13:35+0800 RECOVER D12-parabolic-local-existence worker not alive
2026-09-11T01:13:35+0800 LAUNCH D12-parabolic-local-existence (D12-parabolic-local-existence.md)
2026-09-11T01:14:35+0800 RECOVER D12-parabolic-local-existence worker not alive
2026-09-11T01:14:35+0800 LAUNCH D12-parabolic-local-existence (D12-parabolic-local-existence.md)
2026-09-11T01:15:36+0800 RECOVER D12-parabolic-local-existence worker not alive
2026-09-11T01:15:36+0800 LAUNCH D12-parabolic-local-existence (D12-parabolic-local-existence.md)
2026-09-11T01:16:36+0800 RECOVER D12-parabolic-local-existence worker not alive
2026-09-11T01:16:36+0800 LAUNCH D12-parabolic-local-existence (D12-parabolic-local-existence.md)
2026-09-11T01:17:36+0800 RECOVER D12-parabolic-local-existence worker not alive
2026-09-11T01:17:36+0800 LAUNCH D12-parabolic-local-existence (D12-parabolic-local-existence.md)
2026-09-11T01:18:36+0800 RECOVER D12-parabolic-local-existence worker not alive
2026-09-11T01:18:36+0800 LAUNCH D12-parabolic-local-existence (D12-parabolic-local-existence.md)
2026-09-11T01:19:36+0800 RECOVER D12-parabolic-local-existence worker not alive
2026-09-11T01:19:36+0800 LAUNCH D12-parabolic-local-existence (D12-parabolic-local-existence.md)
2026-09-11T01:20:36+0800 GATE_START D12-heat-semigroup-analysis
2026-09-11T01:20:36+0800 RECOVER D12-parabolic-local-existence worker not alive
2026-09-11T01:20:36+0800 LAUNCH D12-parabolic-local-existence (D12-parabolic-local-existence.md)
2026-09-11T01:21:36+0800 RECOVER D12-parabolic-local-existence worker not alive
2026-09-11T01:21:36+0800 LAUNCH D12-parabolic-local-existence (D12-parabolic-local-existence.md)
2026-09-11T01:22:36+0800 RECOVER D12-parabolic-local-existence worker not alive
2026-09-11T01:22:36+0800 LAUNCH D12-parabolic-local-existence (D12-parabolic-local-existence.md)
2026-09-11T01:23:36+0800 RECOVER D12-parabolic-local-existence worker not alive
2026-09-11T01:23:36+0800 LAUNCH D12-parabolic-local-existence (D12-parabolic-local-existence.md)
2026-09-11T01:24:36+0800 RECOVER D12-parabolic-local-existence worker not alive
2026-09-11T01:24:36+0800 LAUNCH D12-parabolic-local-existence (D12-parabolic-local-existence.md)
2026-09-11T01:25:36+0800 PROMOTE D12-heat-semigroup-analysis compiled (gate 301 files; semantic review pending)
2026-09-11T01:25:36+0800 RECOVER D12-parabolic-local-existence worker not alive
2026-09-11T01:25:36+0800 LAUNCH D12-parabolic-local-existence (D12-parabolic-local-existence.md)
2026-09-11T01:26:36+0800 RECOVER D12-parabolic-local-existence worker not alive
2026-09-11T01:26:36+0800 LAUNCH D12-parabolic-local-existence (D12-parabolic-local-existence.md)
2026-09-11T01:27:36+0800 RECOVER D12-parabolic-local-existence worker not alive
2026-09-11T01:27:36+0800 LAUNCH D12-parabolic-local-existence (D12-parabolic-local-existence.md)
2026-09-11T01:28:36+0800 RECOVER D12-parabolic-local-existence worker not alive
2026-09-11T01:28:36+0800 LAUNCH D12-parabolic-local-existence (D12-parabolic-local-existence.md)
2026-09-11T01:29:36+0800 RECOVER D12-parabolic-local-existence worker not alive
2026-09-11T01:29:36+0800 LAUNCH D12-parabolic-local-existence (D12-parabolic-local-existence.md)
2026-09-11T01:42:37+0800 GATE_START D13-upstream-adapter-audit
2026-09-11T01:48:37+0800 PROMOTE D13-upstream-adapter-audit compiled (gate 315 files; semantic review pending)
2026-09-11T01:48:37+0800 LAUNCH D13-morgan-tian-adapter-plan (D13-morgan-tian-adapter-plan.md)
2026-09-11T01:48:37+0800 LAUNCH D13-topping-ricci-adapter-plan (D13-topping-ricci-adapter-plan.md)
2026-09-11T02:09:38+0800 GATE_START D12-semantic-ledger
2026-09-11T02:12:38+0800 GATE_FAIL D12-semantic-ledger
2026-09-11T02:20:39+0800 GATE_START D11-bochner-manifold
2026-09-11T02:20:39+0800 GATE_START D12-spectral-sobolev
2026-09-11T02:27:39+0800 PROMOTE D11-bochner-manifold compiled (gate 290 files; semantic review pending)
2026-09-11T02:34:40+0800 PROMOTE D12-spectral-sobolev compiled (gate 70 files; semantic review pending)
2026-09-11T02:40:40+0800 GATE_START D13-morgan-tian-adapter-plan
2026-09-11T02:45:40+0800 PROMOTE D13-morgan-tian-adapter-plan compiled (gate 322 files; semantic review pending)
2026-09-11T02:49:40+0800 GATE_START D12-parabolic-local-existence
2026-09-11T02:51:41+0800 GATE_START D11-audit-d10
2026-09-11T02:52:41+0800 GATE_START D11-comparison-geometry-models
2026-09-11T02:54:41+0800 PROMOTE D12-parabolic-local-existence compiled (gate 301 files; semantic review pending)
2026-09-11T02:56:41+0800 GATE_START D13-topping-ricci-adapter-plan
2026-09-11T03:00:41+0800 PROMOTE D11-comparison-geometry-models compiled (gate 288 files; semantic review pending)
2026-09-11T03:05:41+0800 PROMOTE D13-topping-ricci-adapter-plan compiled (gate 322 files; semantic review pending)
2026-09-11T03:07:42+0800 PROMOTE D11-audit-d10 compiled (gate 285 files; semantic review pending)
2026-09-11T06:03:51+0800 GATE_START D11-spectral-torus
2026-09-11T06:08:51+0800 PROMOTE D11-spectral-torus compiled (gate 289 files; semantic review pending)
2026-09-11T12:05:10+0800 ENQUEUE D13-manifold-ibp-volume-form
2026-09-11T12:05:10+0800 ENQUEUE D13-heatkernel-bridge-d10-d7
2026-09-11T12:05:10+0800 ENQUEUE D13-deturck-shorttime-producer
2026-09-11T12:05:10+0800 ENQUEUE D13-vankampen-recognition
2026-09-11T12:05:10+0800 ENQUEUE D13-cross-audit-ophis-cards
2026-09-11T12:05:10+0800 ENQUEUE D13-cross-audit-360-cards
2026-09-11T12:05:10+0800 LAUNCH D13-manifold-ibp-volume-form (D13-manifold-ibp-volume-form.md)
2026-09-11T12:05:10+0800 LAUNCH D13-heatkernel-bridge-d10-d7 (D13-heatkernel-bridge-d10-d7.md)
2026-09-11T12:05:10+0800 LAUNCH D13-deturck-shorttime-producer (D13-deturck-shorttime-producer.md)
2026-09-11T12:05:10+0800 LAUNCH D13-vankampen-recognition (D13-vankampen-recognition.md)
2026-09-11T12:05:10+0800 LAUNCH D13-cross-audit-360-cards (D13-cross-audit-360-cards.md)
2026-09-11T12:23:11+0800 LAUNCH D13-cross-audit-360-cards (D13-cross-audit-360-cards.md)
2026-09-11T13:42:15+0800 GATE_START D13-vankampen-recognition
2026-09-11T13:45:15+0800 PROMOTE D13-vankampen-recognition compiled (gate 116 files; semantic review pending)
2026-09-11T13:52:16+0800 GATE_START D13-deturck-shorttime-producer
2026-09-11T13:58:16+0800 PROMOTE D13-deturck-shorttime-producer compiled (gate 339 files; semantic review pending)
2026-09-11T14:39:18+0800 LAUNCH D13-heatkernel-bridge-d10-d7 (D13-heatkernel-bridge-d10-d7.md)
2026-09-11T14:39:18+0800 LAUNCH D13-cross-audit-360-cards (D13-cross-audit-360-cards.md)
2026-09-11T14:53:19+0800 NO_OWN_CARD D9-parabolic-maximum-principle
2026-09-11T14:53:19+0800 GATE_START D12-semantic-ledger
2026-09-11T15:07:20+0800 GATE_FAIL D12-semantic-ledger
2026-09-11T15:07:20+0800 DISPATCH_ERROR OSError: [Errno 122] Disk quota exceeded
2026-09-11T15:08:20+0800 GATE_START D12-semantic-ledger
2026-09-11T15:08:20+0800 RECOVER D13-manifold-ibp-volume-form worker not alive
2026-09-11T15:08:20+0800 RECOVER D13-heatkernel-bridge-d10-d7 worker not alive
2026-09-11T15:08:20+0800 RECOVER D13-cross-audit-360-cards worker not alive
2026-09-11T15:08:20+0800 LAUNCH D13-manifold-ibp-volume-form (D13-manifold-ibp-volume-form.md)
2026-09-11T15:08:20+0800 LAUNCH D13-heatkernel-bridge-d10-d7 (D13-heatkernel-bridge-d10-d7.md)
2026-09-11T15:08:20+0800 LAUNCH D13-cross-audit-360-cards (D13-cross-audit-360-cards.md)
2026-09-11T15:08:20+0800 DISPATCH_ERROR OSError: [Errno 122] Disk quota exceeded
2026-09-11T15:09:20+0800 GATE_FAIL D12-semantic-ledger
2026-09-11T15:09:20+0800 DISPATCH_ERROR OSError: [Errno 122] Disk quota exceeded
2026-09-11T15:10:20+0800 GATE_START D12-semantic-ledger
2026-09-11T15:10:20+0800 RECOVER D13-heatkernel-bridge-d10-d7 worker not alive
2026-09-11T15:10:20+0800 RECOVER D13-cross-audit-360-cards worker not alive
2026-09-11T15:10:20+0800 LAUNCH D13-heatkernel-bridge-d10-d7 (D13-heatkernel-bridge-d10-d7.md)
2026-09-11T15:10:20+0800 LAUNCH D13-cross-audit-360-cards (D13-cross-audit-360-cards.md)
Traceback (most recent call last):
  File "/data3/guoshaoyang/workdir/lean_poincare/longrun/bin/dispatch_loop.py", line 283, in main
    tick()
  File "/data3/guoshaoyang/workdir/lean_poincare/longrun/bin/dispatch_loop.py", line 270, in tick
    save_json(QUEUE, queue)
  File "/data3/guoshaoyang/workdir/lean_poincare/longrun/bin/dispatch_loop.py", line 38, in save_json
    temporary.write_text(json.dumps(value, indent=2) + "\n")
  File "/usr/lib/python3.10/pathlib.py", line 1155, in write_text
    return f.write(data)
OSError: [Errno 122] Disk quota exceeded

During handling of the above exception, another exception occurred:

OSError: [Errno 122] Disk quota exceeded

During handling of the above exception, another exception occurred:

Traceback (most recent call last):
  File "/data3/guoshaoyang/workdir/lean_poincare/longrun/bin/dispatch_loop.py", line 290, in <module>
    main()
  File "/data3/guoshaoyang/workdir/lean_poincare/longrun/bin/dispatch_loop.py", line 285, in main
    log(f"DISPATCH_ERROR {type(error).__name__}: {error}")
  File "/data3/guoshaoyang/workdir/lean_poincare/longrun/bin/dispatch_loop.py", line 31, in log
    with (LOGS / "dispatch.log").open("a") as output:
OSError: [Errno 122] Disk quota exceeded
2026-09-11T15:58:21+0800 GATE_START D12-semantic-ledger
2026-09-11T16:00:21+0800 PROMOTE D12-semantic-ledger compiled (gate 66 files; semantic review pending)
2026-09-11T16:07:21+0800 NO_OWN_CARD D9-parabolic-maximum-principle
2026-09-11T16:15:22+0800 REMOTE_PAUSED D11-reduced-volume-euclidean
2026-09-11T16:21:22+0800 LAUNCH D13-manifold-ibp-volume-form (D13-manifold-ibp-volume-form.md)
2026-09-11T16:21:22+0800 LAUNCH D13-heatkernel-bridge-d10-d7 (D13-heatkernel-bridge-d10-d7.md)
2026-09-11T16:21:22+0800 LAUNCH D13-cross-audit-360-cards (D13-cross-audit-360-cards.md)
2026-09-11T16:42:23+0800 GATE_START D12-comparison-geodesics
2026-09-11T16:43:23+0800 GATE_START D12-connection-curvature
2026-09-11T16:43:23+0800 GATE_START D12-volume-ibp
2026-09-11T16:43:23+0800 GATE_START D12-geometric-compactness
2026-09-11T16:43:23+0800 GATE_START D12-surgery-recognition
2026-09-11T16:44:23+0800 PROMOTE D12-comparison-geodesics compiled (gate 83 files; semantic review pending)
2026-09-11T16:45:23+0800 PROMOTE D12-connection-curvature compiled (gate 74 files; semantic review pending)
2026-09-11T16:46:23+0800 PROMOTE D12-volume-ibp compiled (gate 74 files; semantic review pending)
2026-09-11T16:46:23+0800 PROMOTE D12-geometric-compactness compiled (gate 68 files; semantic review pending)
2026-09-11T16:49:23+0800 PROMOTE D12-surgery-recognition compiled (gate 110 files; semantic review pending)
2026-09-11T16:51:23+0800 NO_OWN_CARD D9-parabolic-maximum-principle
2026-09-11T16:54:24+0800 REMOTE_PAUSED D11-reduced-volume-euclidean
2026-09-11T17:01:24+0800 GATE_START D12-triangulation-topology
2026-09-11T17:04:24+0800 PROMOTE D12-triangulation-topology compiled (gate 81 files; semantic review pending)
2026-09-11T17:16:25+0800 GATE_START D9-parabolic-maximum-principle
2026-09-11T17:18:25+0800 PROMOTE D9-parabolic-maximum-principle compiled (gate 67 files; semantic review pending)
2026-09-11T17:25:25+0800 BLOCKED D12-tensor-maximum-bochner
2026-09-11T17:25:25+0800 LAUNCH D13-integrated-kernel-audit (D13-integrated-kernel-audit.md)
2026-09-11T17:38:26+0800 GATE_START D11-reduced-volume-euclidean
2026-09-11T17:44:27+0800 PROMOTE D11-reduced-volume-euclidean compiled (gate 290 files; semantic review pending)
2026-09-11T18:11:28+0800 GATE_START D13-integrated-kernel-audit
2026-09-11T18:18:28+0800 PROMOTE D13-integrated-kernel-audit compiled (gate 456 files; semantic review pending)
2026-09-11T18:18:28+0800 LAUNCH D13-critical-path-review (D13-critical-path-review.md)
2026-09-11T18:26:29+0800 GATE_START D11-triangulation-3d
2026-09-11T18:35:29+0800 PROMOTE D11-triangulation-3d compiled (gate 288 files; semantic review pending)
2026-09-11T18:37:30+0800 GATE_START D13-critical-path-review
2026-09-11T18:44:30+0800 REPAIR D13-critical-path-review attempt 1 queued
2026-09-11T18:44:30+0800 LAUNCH D13-critical-path-review (REPAIR_D13-critical-path-review.md)
2026-09-11T19:05:31+0800 GATE_START D13-critical-path-review
2026-09-11T19:12:32+0800 PROMOTE D13-critical-path-review compiled (gate 454 files; semantic review pending)
2026-09-11T19:32:33+0800 GATE_START D13-manifold-ibp-volume-form
2026-09-11T19:35:33+0800 PROMOTE D13-manifold-ibp-volume-form compiled (gate 121 files; semantic review pending)
