2026-09-09T15:26:31+0800 GATE_FAIL D7-geodesic-exponential
2026-09-09T15:26:31+0800 GATE_FAIL D7-evolution-sharp-restatement
2026-09-09T15:26:31+0800 LAUNCH D7-riemann-curvature-tensor (D7_riemann_curvature_tensor.md)
2026-09-09T15:38:11+0800 LAUNCH D8-moise-statement-bridge (D8_moise_bridge.md)
2026-09-09T15:38:11+0800 LAUNCH D8-mathlib-pr-drafts (D8_mathlib_pr_drafts.md)
2026-09-09T15:38:11+0800 LAUNCH D8-blueprint-render (D8_blueprint_render.md)
2026-09-09T15:38:11+0800 LAUNCH D8-repro-archive (D8_repro_archive.md)
2026-09-09T15:38:11+0800 LAUNCH D8-release-packaging (D8_release_packaging.md)
2026-09-09T15:42:47+0800 REPAIR D7-geodesic-exponential attempt 1 queued
2026-09-09T15:42:47+0800 REPAIR D7-evolution-sharp-restatement attempt 1 queued
2026-09-09T15:42:47+0800 LAUNCH D7-geodesic-exponential (REPAIR_D7-geodesic-exponential.md)
2026-09-09T15:42:47+0800 LAUNCH D7-evolution-sharp-restatement (REPAIR_D7-evolution-sharp-restatement.md)
2026-09-09T15:56:58+0800 PROMOTE D7-geodesic-exponential verified (gate 72 files)
2026-09-09T16:01:08+0800 PROMOTE D7-evolution-sharp-restatement verified (gate 71 files)
2026-09-09T16:01:08+0800 REPAIR VERIFIER-D7-adversarial-audit-d2d3 attempt 1 queued
2026-09-09T16:01:08+0800 REPAIR D8-blueprint-render attempt 1 queued
2026-09-09T16:01:08+0800 LAUNCH VERIFIER-D7-adversarial-audit-d2d3 (REPAIR_VERIFIER-D7-adversarial-audit-d2d3.md)
2026-09-09T16:01:08+0800 LAUNCH D8-verifier-evolution-sharp (D8_verifier_sharp.md)
2026-09-09T16:01:08+0800 LAUNCH D8-blueprint-render (REPAIR_D8-blueprint-render.md)
2026-09-09T16:16:18+0800 PROMOTE VERIFIER-D7-adversarial-audit-d2d3 verified (gate 75 files)
2026-09-09T16:20:14+0800 PROMOTE D8-blueprint-render verified (gate 65 files)
2026-09-09T16:34:38+0800 PROMOTE D8-verifier-evolution-sharp verified (gate 75 files)
2026-09-09T20:50:02+0800 REPAIR D7-riemann-curvature-tensor attempt 1 queued
2026-09-09T20:50:02+0800 REPAIR D8-moise-statement-bridge attempt 1 queued
2026-09-09T20:50:02+0800 REPAIR D8-mathlib-pr-drafts attempt 1 queued
2026-09-09T20:50:02+0800 REPAIR D8-repro-archive attempt 1 queued
2026-09-09T20:50:02+0800 REPAIR D8-release-packaging attempt 1 queued
2026-09-09T20:50:02+0800 LAUNCH D7-riemann-curvature-tensor (REPAIR_D7-riemann-curvature-tensor.md)
2026-09-09T20:50:02+0800 LAUNCH D8-moise-statement-bridge (REPAIR_D8-moise-statement-bridge.md)
2026-09-09T20:50:02+0800 LAUNCH D8-mathlib-pr-drafts (REPAIR_D8-mathlib-pr-drafts.md)
2026-09-09T20:50:02+0800 LAUNCH D8-repro-archive (REPAIR_D8-repro-archive.md)
2026-09-09T20:50:02+0800 LAUNCH D8-release-packaging (REPAIR_D8-release-packaging.md)
2026-09-09T23:32:41+0800 PROMOTE D7-riemann-curvature-tensor verified (gate 73 files)
2026-09-09T23:36:39+0800 PROMOTE D8-moise-statement-bridge verified (gate 70 files)
2026-09-09T23:40:29+0800 PROMOTE D8-mathlib-pr-drafts verified (gate 67 files)
2026-09-09T23:47:40+0800 PROMOTE D8-repro-archive verified (gate 127 files)
2026-09-09T23:54:30+0800 PROMOTE D8-release-packaging verified (gate 124 files)
2026-09-09T23:54:30+0800 LAUNCH D7-ricci-scalar-curvature (D7_ricci_scalar.md)
2026-09-09T23:54:30+0800 LAUNCH D7-levi-civita-smoothness (D7_levi_civita_smooth.md)
2026-09-10T00:06:35+0800 REPAIR D9-ancient-kappa-solutions attempt 1 queued
2026-09-10T00:06:35+0800 LAUNCH D9-ancient-kappa-solutions (REPAIR_D9-ancient-kappa-solutions.md)
2026-09-10T00:20:51+0800 PROMOTE D7-ricci-scalar-curvature verified (gate 82 files)
2026-09-10T00:24:38+0800 PROMOTE D9-ancient-kappa-solutions verified (gate 68 files)
2026-09-10T00:28:19+0800 REPAIR D9-ricci-flow-surfaces attempt 1 queued
2026-09-10T00:28:19+0800 LAUNCH D7-orientability-volume-form (D7_orientability_volume_form.md)
2026-09-10T00:28:19+0800 LAUNCH D7-hamilton-short-time (D7_hamilton_short_time.md)
2026-09-10T00:28:19+0800 LAUNCH D9-ricci-flow-surfaces (REPAIR_D9-ricci-flow-surfaces.md)
2026-09-10T00:42:58+0800 PROMOTE D7-levi-civita-smoothness verified (gate 80 files)
2026-09-10T00:47:15+0800 PROMOTE D9-ricci-flow-surfaces verified (gate 69 files)
2026-09-10T01:02:01+0800 PROMOTE D7-orientability-volume-form verified (gate 90 files)
2026-09-10T01:06:52+0800 PROMOTE D7-hamilton-short-time verified (gate 92 files)
2026-09-10T01:10:33+0800 REPAIR D9-deturck-trick attempt 1 queued
2026-09-10T01:10:33+0800 LAUNCH D7-divergence-ibp (D7_divergence_ibp.md)
2026-09-10T01:10:33+0800 LAUNCH D7-reduced-length-volume (D7_reduced_length_volume.md)
2026-09-10T01:10:33+0800 LAUNCH D9-deturck-trick (REPAIR_D9-deturck-trick.md)
2026-09-10T01:24:17+0800 PROMOTE D9-deturck-trick verified (gate 67 files)
2026-09-10T01:39:20+0800 PROMOTE D7-divergence-ibp verified (gate 98 files)
2026-09-10T01:44:26+0800 PROMOTE D7-reduced-length-volume verified (gate 99 files)
2026-09-10T01:44:26+0800 LAUNCH D7-bochner-formula (D7_bochner_formula.md)
2026-09-10T01:44:26+0800 LAUNCH D7-conjugate-heat-interface (D7_conjugate_heat.md)
2026-09-10T02:09:42+0800 PROMOTE D7-bochner-formula verified (gate 105 files)
2026-09-10T02:15:09+0800 PROMOTE D7-conjugate-heat-interface verified (gate 107 files)
2026-09-10T02:15:09+0800 LAUNCH D7-heat-kernel-existence (D7_heat_kernel.md)
2026-09-10T02:15:09+0800 LAUNCH D7-tensor-laplacian (D7_tensor_laplacian.md)
2026-09-10T02:41:09+0800 PROMOTE D7-heat-kernel-existence verified (gate 116 files)
2026-09-10T02:46:24+0800 PROMOTE D7-tensor-laplacian verified (gate 100 files)
2026-09-10T02:46:24+0800 LAUNCH D7-discrete-continuous-limit (D7_discrete_continuous_limit.md)
2026-09-10T02:46:24+0800 LAUNCH D7-perelman-conditional-monotonicity (D7_perelman_conditional_monotonicity.md)
2026-09-10T03:13:06+0800 PROMOTE D7-discrete-continuous-limit verified (gate 126 files)
2026-09-10T03:18:51+0800 PROMOTE D7-perelman-conditional-monotonicity verified (gate 108 files)
2026-09-10T03:18:51+0800 LAUNCH D7-kappa-noncollapsing-conditional (D7_kappa_noncollapsing.md)
2026-09-10T03:35:03+0800 PROMOTE D7-kappa-noncollapsing-conditional verified (gate 115 files)
2026-09-10T03:35:03+0800 LAUNCH D7-gh-compactness (D7_gh_compactness.md)
2026-09-10T04:02:41+0800 PROMOTE D7-gh-compactness verified (gate 123 files)
2026-09-10T04:02:41+0800 LAUNCH D7-canonical-neighborhood (D7_canonical_neighborhood.md)
2026-09-10T04:30:34+0800 PROMOTE D7-canonical-neighborhood verified (gate 131 files)
2026-09-10T04:30:34+0800 LAUNCH D7-surgery-neck-extinction (D7_surgery_neck_extinction.md)
2026-09-10T04:30:34+0800 LAUNCH D7-sphere-recognition (D7_sphere_recognition.md)
2026-09-10T04:59:04+0800 PROMOTE D7-surgery-neck-extinction verified (gate 138 files)
2026-09-10T05:07:48+0800 PROMOTE D7-sphere-recognition verified (gate 137 files)
2026-09-10T08:57:50+0800 REPAIR D9-sobolev-parabolic-estimates attempt 1 queued
2026-09-10T08:57:50+0800 LAUNCH D9-sobolev-parabolic-estimates (REPAIR_D9-sobolev-parabolic-estimates.md)
2026-09-10T08:57:50+0800 LAUNCH D10-heat-kernel-euclidean (D10_heat_kernel_euclidean.md)
2026-09-10T08:57:50+0800 LAUNCH D10-maximum-principle-rn (D10_maximum_principle_rn.md)
2026-09-10T09:12:02+0800 PROMOTE D9-sobolev-parabolic-estimates verified (gate 69 files)
2026-09-10T09:22:02+0800 REPAIR D10-heat-kernel-euclidean attempt 1 queued
2026-09-10T09:22:02+0800 LAUNCH D10-heat-kernel-euclidean (REPAIR_D10-heat-kernel-euclidean.md)
2026-09-10T09:36:09+0800 PROMOTE D10-heat-kernel-euclidean verified (gate 70 files)
2026-09-10T09:36:09+0800 REPAIR D10-maximum-principle-rn attempt 1 queued
2026-09-10T09:36:09+0800 LAUNCH D10-maximum-principle-rn (REPAIR_D10-maximum-principle-rn.md)
2026-09-10T09:46:09+0800 REPAIR D9-tensor-algebra-manifolds attempt 1 queued
2026-09-10T09:50:39+0800 PROMOTE D10-maximum-principle-rn verified (gate 69 files)
2026-09-10T09:50:41+0800 REPAIR D10-jacobi-constant-curvature attempt 1 queued
2026-09-10T09:50:41+0800 LAUNCH D9-tensor-algebra-manifolds (REPAIR_D9-tensor-algebra-manifolds.md)
2026-09-10T09:50:41+0800 LAUNCH D10-jacobi-constant-curvature (REPAIR_D10-jacobi-constant-curvature.md)
2026-09-10T10:04:27+0800 PROMOTE D9-tensor-algebra-manifolds verified (gate 68 files)
2026-09-10T10:08:16+0800 REPAIR D10-bochner-euclidean attempt 1 queued
2026-09-10T10:12:15+0800 PROMOTE D10-jacobi-constant-curvature verified (gate 68 files)
2026-09-10T10:12:15+0800 LAUNCH D10-bochner-euclidean (REPAIR_D10-bochner-euclidean.md)
2026-09-10T10:25:59+0800 PROMOTE D10-bochner-euclidean verified (gate 69 files)
2026-09-10T10:37:33+0800 REPAIR D10-gaussian-toolbox attempt 1 queued
2026-09-10T10:37:33+0800 LAUNCH D10-gaussian-toolbox (REPAIR_D10-gaussian-toolbox.md)
2026-09-10T10:51:18+0800 PROMOTE D10-gaussian-toolbox verified (gate 68 files)
2026-09-10T11:05:18+0800 REPAIR D9-cheeger-gromov-compactness attempt 1 queued
2026-09-10T11:14:20+0800 REPAIR D10-triangulation-low-dim attempt 1 queued
2026-09-10T11:14:20+0800 LAUNCH D9-cheeger-gromov-compactness (REPAIR_D9-cheeger-gromov-compactness.md)
2026-09-10T11:14:20+0800 LAUNCH D10-triangulation-low-dim (REPAIR_D10-triangulation-low-dim.md)
2026-09-10T11:28:14+0800 PROMOTE D9-cheeger-gromov-compactness verified (gate 68 files)
2026-09-10T11:32:35+0800 PROMOTE D10-triangulation-low-dim verified (gate 69 files)
2026-09-10T20:22:40+0800 LAUNCH D11-heat-kernel-manifold-bridge (D11_heat_kernel_manifold_bridge.md)
2026-09-10T20:22:40+0800 LAUNCH D11-maximum-principle-tensor (D11_maximum_principle_tensor.md)
2026-09-10T20:32:40+0800 REPAIR D11-maximum-principle-tensor attempt 1 queued
2026-09-10T20:32:40+0800 LAUNCH D11-maximum-principle-tensor (REPAIR_D11-maximum-principle-tensor.md)
2026-09-10T20:59:21+0800 REPAIR D11-maximum-principle-tensor attempt 2 queued
2026-09-10T20:59:21+0800 LAUNCH D11-maximum-principle-tensor (REPAIR_D11-maximum-principle-tensor.md)
2026-09-10T21:09:22+0800 REPAIR D11-heat-kernel-manifold-bridge attempt 1 queued
2026-09-10T21:26:02+0800 PROMOTE D11-maximum-principle-tensor verified (gate 289 files)
2026-09-10T21:26:02+0800 LAUNCH D11-heat-kernel-manifold-bridge (REPAIR_D11-heat-kernel-manifold-bridge.md)
2026-09-10T21:53:26+0800 PROMOTE D11-heat-kernel-manifold-bridge verified (gate 291 files)
2026-09-10T21:55:03+0800 ENQUEUE D12-heat-domain-repair
2026-09-10T21:55:03+0800 ENQUEUE D12-heat-semigroup-analysis
2026-09-10T21:55:03+0800 ENQUEUE D12-parabolic-local-existence
2026-09-10T21:55:03+0800 ENQUEUE D12-entropy-variation
2026-09-10T21:55:03+0800 ENQUEUE D12-kappa-variational
2026-09-10T21:55:03+0800 ENQUEUE D12-connection-curvature
2026-09-10T21:55:03+0800 ENQUEUE D12-volume-ibp
2026-09-10T21:55:03+0800 ENQUEUE D12-tensor-maximum-bochner
2026-09-10T21:55:03+0800 ENQUEUE D12-spectral-sobolev
2026-09-10T21:55:03+0800 ENQUEUE D12-semantic-ledger
2026-09-10T21:55:03+0800 ENQUEUE D12-comparison-geodesics
2026-09-10T21:55:03+0800 ENQUEUE D12-geometric-compactness
2026-09-10T21:55:03+0800 ENQUEUE D12-triangulation-topology
2026-09-10T21:55:03+0800 ENQUEUE D12-surgery-recognition
2026-09-10T21:55:03+0800 ENQUEUE D13-integrated-kernel-audit
2026-09-10T21:55:03+0800 ENQUEUE D13-critical-path-review
2026-09-10T21:55:03+0800 NO_OWN_CARD D9-parabolic-maximum-principle
2026-09-10T21:55:03+0800 DISPATCH_ERROR UnicodeDecodeError: 'utf-8' codec can't decode byte 0xa3 in position 45: invalid start byte
2026-09-10T21:56:03+0800 DISPATCH_ERROR UnicodeDecodeError: 'utf-8' codec can't decode byte 0xa3 in position 45: invalid start byte
2026-09-10T21:57:03+0800 DISPATCH_ERROR UnicodeDecodeError: 'utf-8' codec can't decode byte 0xa3 in position 45: invalid start byte
2026-09-10T21:58:03+0800 DISPATCH_ERROR UnicodeDecodeError: 'utf-8' codec can't decode byte 0xa3 in position 45: invalid start byte
2026-09-10T21:59:03+0800 DISPATCH_ERROR UnicodeDecodeError: 'utf-8' codec can't decode byte 0xa3 in position 45: invalid start byte
2026-09-10T22:00:03+0800 DISPATCH_ERROR UnicodeDecodeError: 'utf-8' codec can't decode byte 0xa3 in position 45: invalid start byte
2026-09-10T22:00:51+0800 LAUNCH D12-heat-domain-repair (D12-heat-domain-repair.md)
2026-09-10T22:00:51+0800 LAUNCH D12-heat-semigroup-analysis (D12-heat-semigroup-analysis.md)
2026-09-10T22:00:51+0800 LAUNCH D12-parabolic-local-existence (D12-parabolic-local-existence.md)
2026-09-10T22:00:51+0800 LAUNCH D12-entropy-variation (D12-entropy-variation.md)
2026-09-10T22:00:51+0800 LAUNCH D12-kappa-variational (D12-kappa-variational.md)
2026-09-10T22:40:40+0800 LAUNCH D12-heat-domain-repair (D12-heat-domain-repair.md)
2026-09-10T22:40:40+0800 LAUNCH D12-heat-semigroup-analysis (D12-heat-semigroup-analysis.md)
2026-09-10T22:40:40+0800 LAUNCH D12-parabolic-local-existence (D12-parabolic-local-existence.md)
2026-09-10T22:40:40+0800 LAUNCH D12-entropy-variation (D12-entropy-variation.md)
2026-09-10T22:40:40+0800 LAUNCH D12-kappa-variational (D12-kappa-variational.md)
2026-09-10T23:19:42+0800 GATE_START D12-kappa-variational
2026-09-10T23:24:43+0800 PROMOTE D12-kappa-variational compiled (gate 296 files; semantic review pending)
2026-09-10T23:47:44+0800 GATE_START D12-heat-domain-repair
2026-09-10T23:52:44+0800 PROMOTE D12-heat-domain-repair compiled (gate 296 files; semantic review pending)
2026-09-11T00:35:32+0800 RECOVER D12-heat-semigroup-analysis worker not alive
2026-09-11T00:35:32+0800 RECOVER D12-parabolic-local-existence worker not alive
2026-09-11T00:35:32+0800 RECOVER D12-entropy-variation worker not alive
2026-09-11T00:35:32+0800 LAUNCH D12-heat-semigroup-analysis (D12-heat-semigroup-analysis.md)
2026-09-11T00:35:32+0800 LAUNCH D12-parabolic-local-existence (D12-parabolic-local-existence.md)
2026-09-11T00:35:32+0800 LAUNCH D12-entropy-variation (D12-entropy-variation.md)
2026-09-11T00:36:32+0800 RECOVER D12-parabolic-local-existence worker not alive
2026-09-11T00:36:32+0800 LAUNCH D12-parabolic-local-existence (D12-parabolic-local-existence.md)
2026-09-11T00:37:32+0800 ENQUEUE D13-upstream-adapter-audit
2026-09-11T00:37:32+0800 ENQUEUE D13-morgan-tian-adapter-plan
2026-09-11T00:37:32+0800 ENQUEUE D13-topping-ricci-adapter-plan
2026-09-11T00:37:32+0800 RECOVER D12-parabolic-local-existence worker not alive
2026-09-11T00:37:32+0800 LAUNCH D12-parabolic-local-existence (D12-parabolic-local-existence.md)
2026-09-11T00:38:32+0800 RECOVER D12-parabolic-local-existence worker not alive
2026-09-11T00:38:32+0800 LAUNCH D12-parabolic-local-existence (D12-parabolic-local-existence.md)
2026-09-11T00:39:32+0800 RECOVER D12-parabolic-local-existence worker not alive
2026-09-11T00:39:32+0800 LAUNCH D12-parabolic-local-existence (D12-parabolic-local-existence.md)
2026-09-11T00:40:32+0800 RECOVER D12-parabolic-local-existence worker not alive
2026-09-11T00:40:32+0800 LAUNCH D12-parabolic-local-existence (D12-parabolic-local-existence.md)
2026-09-11T00:41:34+0800 RECOVER D12-parabolic-local-existence worker not alive
2026-09-11T00:41:34+0800 LAUNCH D12-parabolic-local-existence (D12-parabolic-local-existence.md)
2026-09-11T00:42:34+0800 RECOVER D12-parabolic-local-existence worker not alive
2026-09-11T00:42:34+0800 LAUNCH D12-parabolic-local-existence (D12-parabolic-local-existence.md)
2026-09-11T00:43:34+0800 RECOVER D12-parabolic-local-existence worker not alive
2026-09-11T00:43:34+0800 LAUNCH D12-parabolic-local-existence (D12-parabolic-local-existence.md)
2026-09-11T00:44:34+0800 RECOVER D12-parabolic-local-existence worker not alive
2026-09-11T00:44:34+0800 LAUNCH D12-parabolic-local-existence (D12-parabolic-local-existence.md)
2026-09-11T00:45:34+0800 RECOVER D12-parabolic-local-existence worker not alive
2026-09-11T00:45:34+0800 LAUNCH D12-parabolic-local-existence (D12-parabolic-local-existence.md)
2026-09-11T00:46:34+0800 RECOVER D12-parabolic-local-existence worker not alive
2026-09-11T00:46:34+0800 LAUNCH D12-parabolic-local-existence (D12-parabolic-local-existence.md)
2026-09-11T00:47:34+0800 RECOVER D12-parabolic-local-existence worker not alive
2026-09-11T00:47:34+0800 LAUNCH D12-parabolic-local-existence (D12-parabolic-local-existence.md)
2026-09-11T00:48:34+0800 RECOVER D12-parabolic-local-existence worker not alive
2026-09-11T00:48:34+0800 LAUNCH D12-parabolic-local-existence (D12-parabolic-local-existence.md)
2026-09-11T00:49:34+0800 RECOVER D12-parabolic-local-existence worker not alive
2026-09-11T00:49:34+0800 LAUNCH D12-parabolic-local-existence (D12-parabolic-local-existence.md)
2026-09-11T00:50:34+0800 RECOVER D12-parabolic-local-existence worker not alive
2026-09-11T00:50:34+0800 LAUNCH D12-parabolic-local-existence (D12-parabolic-local-existence.md)
2026-09-11T00:51:34+0800 RECOVER D12-parabolic-local-existence worker not alive
2026-09-11T00:51:34+0800 GATE_START D12-entropy-variation
2026-09-11T00:51:34+0800 LAUNCH D12-parabolic-local-existence (D12-parabolic-local-existence.md)
2026-09-11T00:52:34+0800 RECOVER D12-parabolic-local-existence worker not alive
2026-09-11T00:52:34+0800 LAUNCH D12-parabolic-local-existence (D12-parabolic-local-existence.md)
2026-09-11T00:53:34+0800 RECOVER D12-parabolic-local-existence worker not alive
2026-09-11T00:53:34+0800 LAUNCH D12-parabolic-local-existence (D12-parabolic-local-existence.md)
2026-09-11T00:54:34+0800 RECOVER D12-parabolic-local-existence worker not alive
2026-09-11T00:54:34+0800 LAUNCH D12-parabolic-local-existence (D12-parabolic-local-existence.md)
2026-09-11T00:55:34+0800 RECOVER D12-parabolic-local-existence worker not alive
2026-09-11T00:55:34+0800 LAUNCH D12-parabolic-local-existence (D12-parabolic-local-existence.md)
2026-09-11T00:56:34+0800 RECOVER D12-parabolic-local-existence worker not alive
2026-09-11T00:56:34+0800 PROMOTE D12-entropy-variation compiled (gate 297 files; semantic review pending)
2026-09-11T00:56:34+0800 LAUNCH D12-parabolic-local-existence (D12-parabolic-local-existence.md)
2026-09-11T00:56:34+0800 LAUNCH D13-upstream-adapter-audit (D13-upstream-adapter-audit.md)
2026-09-11T00:57:34+0800 RECOVER D12-parabolic-local-existence worker not alive
2026-09-11T00:57:34+0800 LAUNCH D12-parabolic-local-existence (D12-parabolic-local-existence.md)
2026-09-11T00:58:35+0800 GATE_START D9-adversarial-audit-release
2026-09-11T00:58:35+0800 RECOVER D12-parabolic-local-existence worker not alive
2026-09-11T00:58:35+0800 LAUNCH D12-parabolic-local-existence (D12-parabolic-local-existence.md)
2026-09-11T00:59:35+0800 RECOVER D12-parabolic-local-existence worker not alive
2026-09-11T00:59:35+0800 LAUNCH D12-parabolic-local-existence (D12-parabolic-local-existence.md)
2026-09-11T01:00:35+0800 RECOVER D12-parabolic-local-existence worker not alive
2026-09-11T01:00:35+0800 LAUNCH D12-parabolic-local-existence (D12-parabolic-local-existence.md)
2026-09-11T01:01:35+0800 RECOVER D12-parabolic-local-existence worker not alive
2026-09-11T01:01:35+0800 LAUNCH D12-parabolic-local-existence (D12-parabolic-local-existence.md)
2026-09-11T01:02:35+0800 RECOVER D12-parabolic-local-existence worker not alive
2026-09-11T01:02:35+0800 LAUNCH D12-parabolic-local-existence (D12-parabolic-local-existence.md)
2026-09-11T01:03:35+0800 RECOVER D12-parabolic-local-existence worker not alive
2026-09-11T01:03:35+0800 LAUNCH D12-parabolic-local-existence (D12-parabolic-local-existence.md)
2026-09-11T01:04:35+0800 RECOVER D12-parabolic-local-existence worker not alive
2026-09-11T01:04:35+0800 LAUNCH D12-parabolic-local-existence (D12-parabolic-local-existence.md)
2026-09-11T01:05:35+0800 RECOVER D12-parabolic-local-existence worker not alive
2026-09-11T01:05:35+0800 LAUNCH D12-parabolic-local-existence (D12-parabolic-local-existence.md)
2026-09-11T01:06:35+0800 RECOVER D12-parabolic-local-existence worker not alive
2026-09-11T01:06:35+0800 LAUNCH D12-parabolic-local-existence (D12-parabolic-local-existence.md)
2026-09-11T01:07:35+0800 RECOVER D12-parabolic-local-existence worker not alive
2026-09-11T01:07:35+0800 LAUNCH D12-parabolic-local-existence (D12-parabolic-local-existence.md)
2026-09-11T01:08:35+0800 RECOVER D12-parabolic-local-existence worker not alive
2026-09-11T01:08:35+0800 LAUNCH D12-parabolic-local-existence (D12-parabolic-local-existence.md)
2026-09-11T01:09:35+0800 PROMOTE D9-adversarial-audit-release compiled (gate 71 files; semantic review pending)
2026-09-11T01:09:35+0800 RECOVER D12-parabolic-local-existence worker not alive
2026-09-11T01:09:35+0800 LAUNCH D12-parabolic-local-existence (D12-parabolic-local-existence.md)
2026-09-11T01:10:35+0800 RECOVER D12-parabolic-local-existence worker not alive
2026-09-11T01:10:35+0800 LAUNCH D12-parabolic-local-existence (D12-parabolic-local-existence.md)
2026-09-11T01:11:35+0800 RECOVER D12-parabolic-local-existence worker not alive
2026-09-11T01:11:35+0800 LAUNCH D12-parabolic-local-existence (D12-parabolic-local-existence.md)
2026-09-11T01:12:35+0800 RECOVER D12-parabolic-local-existence worker not alive
2026-09-11T01:12:35+0800 LAUNCH D12-parabolic-local-existence (D12-parabolic-local-existence.md)
2026-09-11T01:13:35+0800 RECOVER D12-parabolic-local-existence worker not alive
2026-09-11T01:13:35+0800 LAUNCH D12-parabolic-local-existence (D12-parabolic-local-existence.md)
2026-09-11T01:14:35+0800 RECOVER D12-parabolic-local-existence worker not alive
2026-09-11T01:14:35+0800 LAUNCH D12-parabolic-local-existence (D12-parabolic-local-existence.md)
2026-09-11T01:15:36+0800 RECOVER D12-parabolic-local-existence worker not alive
2026-09-11T01:15:36+0800 LAUNCH D12-parabolic-local-existence (D12-parabolic-local-existence.md)
2026-09-11T01:16:36+0800 RECOVER D12-parabolic-local-existence worker not alive
2026-09-11T01:16:36+0800 LAUNCH D12-parabolic-local-existence (D12-parabolic-local-existence.md)
2026-09-11T01:17:36+0800 RECOVER D12-parabolic-local-existence worker not alive
2026-09-11T01:17:36+0800 LAUNCH D12-parabolic-local-existence (D12-parabolic-local-existence.md)
2026-09-11T01:18:36+0800 RECOVER D12-parabolic-local-existence worker not alive
2026-09-11T01:18:36+0800 LAUNCH D12-parabolic-local-existence (D12-parabolic-local-existence.md)
2026-09-11T01:19:36+0800 RECOVER D12-parabolic-local-existence worker not alive
2026-09-11T01:19:36+0800 LAUNCH D12-parabolic-local-existence (D12-parabolic-local-existence.md)
2026-09-11T01:20:36+0800 GATE_START D12-heat-semigroup-analysis
2026-09-11T01:20:36+0800 RECOVER D12-parabolic-local-existence worker not alive
2026-09-11T01:20:36+0800 LAUNCH D12-parabolic-local-existence (D12-parabolic-local-existence.md)
2026-09-11T01:21:36+0800 RECOVER D12-parabolic-local-existence worker not alive
2026-09-11T01:21:36+0800 LAUNCH D12-parabolic-local-existence (D12-parabolic-local-existence.md)
2026-09-11T01:22:36+0800 RECOVER D12-parabolic-local-existence worker not alive
2026-09-11T01:22:36+0800 LAUNCH D12-parabolic-local-existence (D12-parabolic-local-existence.md)
2026-09-11T01:23:36+0800 RECOVER D12-parabolic-local-existence worker not alive
2026-09-11T01:23:36+0800 LAUNCH D12-parabolic-local-existence (D12-parabolic-local-existence.md)
2026-09-11T01:24:36+0800 RECOVER D12-parabolic-local-existence worker not alive
2026-09-11T01:24:36+0800 LAUNCH D12-parabolic-local-existence (D12-parabolic-local-existence.md)
2026-09-11T01:25:36+0800 PROMOTE D12-heat-semigroup-analysis compiled (gate 301 files; semantic review pending)
2026-09-11T01:25:36+0800 RECOVER D12-parabolic-local-existence worker not alive
2026-09-11T01:25:36+0800 LAUNCH D12-parabolic-local-existence (D12-parabolic-local-existence.md)
2026-09-11T01:26:36+0800 RECOVER D12-parabolic-local-existence worker not alive
2026-09-11T01:26:36+0800 LAUNCH D12-parabolic-local-existence (D12-parabolic-local-existence.md)
2026-09-11T01:27:36+0800 RECOVER D12-parabolic-local-existence worker not alive
2026-09-11T01:27:36+0800 LAUNCH D12-parabolic-local-existence (D12-parabolic-local-existence.md)
2026-09-11T01:28:36+0800 RECOVER D12-parabolic-local-existence worker not alive
2026-09-11T01:28:36+0800 LAUNCH D12-parabolic-local-existence (D12-parabolic-local-existence.md)
2026-09-11T01:29:36+0800 RECOVER D12-parabolic-local-existence worker not alive
2026-09-11T01:29:36+0800 LAUNCH D12-parabolic-local-existence (D12-parabolic-local-existence.md)
2026-09-11T01:42:37+0800 GATE_START D13-upstream-adapter-audit
2026-09-11T01:48:37+0800 PROMOTE D13-upstream-adapter-audit compiled (gate 315 files; semantic review pending)
2026-09-11T01:48:37+0800 LAUNCH D13-morgan-tian-adapter-plan (D13-morgan-tian-adapter-plan.md)
2026-09-11T01:48:37+0800 LAUNCH D13-topping-ricci-adapter-plan (D13-topping-ricci-adapter-plan.md)
2026-09-11T02:09:38+0800 GATE_START D12-semantic-ledger
2026-09-11T02:12:38+0800 GATE_FAIL D12-semantic-ledger
2026-09-11T02:20:39+0800 GATE_START D11-bochner-manifold
2026-09-11T02:20:39+0800 GATE_START D12-spectral-sobolev
2026-09-11T02:27:39+0800 PROMOTE D11-bochner-manifold compiled (gate 290 files; semantic review pending)
2026-09-11T02:34:40+0800 PROMOTE D12-spectral-sobolev compiled (gate 70 files; semantic review pending)
2026-09-11T02:40:40+0800 GATE_START D13-morgan-tian-adapter-plan
2026-09-11T02:45:40+0800 PROMOTE D13-morgan-tian-adapter-plan compiled (gate 322 files; semantic review pending)
2026-09-11T02:49:40+0800 GATE_START D12-parabolic-local-existence
2026-09-11T02:51:41+0800 GATE_START D11-audit-d10
2026-09-11T02:52:41+0800 GATE_START D11-comparison-geometry-models
2026-09-11T02:54:41+0800 PROMOTE D12-parabolic-local-existence compiled (gate 301 files; semantic review pending)
2026-09-11T02:56:41+0800 GATE_START D13-topping-ricci-adapter-plan
2026-09-11T03:00:41+0800 PROMOTE D11-comparison-geometry-models compiled (gate 288 files; semantic review pending)
2026-09-11T03:05:41+0800 PROMOTE D13-topping-ricci-adapter-plan compiled (gate 322 files; semantic review pending)
2026-09-11T03:07:42+0800 PROMOTE D11-audit-d10 compiled (gate 285 files; semantic review pending)
2026-09-11T06:03:51+0800 GATE_START D11-spectral-torus
2026-09-11T06:08:51+0800 PROMOTE D11-spectral-torus compiled (gate 289 files; semantic review pending)
2026-09-11T12:05:10+0800 ENQUEUE D13-manifold-ibp-volume-form
2026-09-11T12:05:10+0800 ENQUEUE D13-heatkernel-bridge-d10-d7
2026-09-11T12:05:10+0800 ENQUEUE D13-deturck-shorttime-producer
2026-09-11T12:05:10+0800 ENQUEUE D13-vankampen-recognition
2026-09-11T12:05:10+0800 ENQUEUE D13-cross-audit-ophis-cards
2026-09-11T12:05:10+0800 ENQUEUE D13-cross-audit-360-cards
2026-09-11T12:05:10+0800 LAUNCH D13-manifold-ibp-volume-form (D13-manifold-ibp-volume-form.md)
2026-09-11T12:05:10+0800 LAUNCH D13-heatkernel-bridge-d10-d7 (D13-heatkernel-bridge-d10-d7.md)
2026-09-11T12:05:10+0800 LAUNCH D13-deturck-shorttime-producer (D13-deturck-shorttime-producer.md)
2026-09-11T12:05:10+0800 LAUNCH D13-vankampen-recognition (D13-vankampen-recognition.md)
2026-09-11T12:05:10+0800 LAUNCH D13-cross-audit-360-cards (D13-cross-audit-360-cards.md)
2026-09-11T12:23:11+0800 LAUNCH D13-cross-audit-360-cards (D13-cross-audit-360-cards.md)
2026-09-11T13:42:15+0800 GATE_START D13-vankampen-recognition
2026-09-11T13:45:15+0800 PROMOTE D13-vankampen-recognition compiled (gate 116 files; semantic review pending)
2026-09-11T13:52:16+0800 GATE_START D13-deturck-shorttime-producer
2026-09-11T13:58:16+0800 PROMOTE D13-deturck-shorttime-producer compiled (gate 339 files; semantic review pending)
2026-09-11T14:39:18+0800 LAUNCH D13-heatkernel-bridge-d10-d7 (D13-heatkernel-bridge-d10-d7.md)
2026-09-11T14:39:18+0800 LAUNCH D13-cross-audit-360-cards (D13-cross-audit-360-cards.md)
2026-09-11T14:53:19+0800 NO_OWN_CARD D9-parabolic-maximum-principle
2026-09-11T14:53:19+0800 GATE_START D12-semantic-ledger
2026-09-11T15:07:20+0800 GATE_FAIL D12-semantic-ledger
2026-09-11T15:07:20+0800 DISPATCH_ERROR OSError: [Errno 122] Disk quota exceeded
2026-09-11T15:08:20+0800 GATE_START D12-semantic-ledger
2026-09-11T15:08:20+0800 RECOVER D13-manifold-ibp-volume-form worker not alive
2026-09-11T15:08:20+0800 RECOVER D13-heatkernel-bridge-d10-d7 worker not alive
2026-09-11T15:08:20+0800 RECOVER D13-cross-audit-360-cards worker not alive
2026-09-11T15:08:20+0800 LAUNCH D13-manifold-ibp-volume-form (D13-manifold-ibp-volume-form.md)
2026-09-11T15:08:20+0800 LAUNCH D13-heatkernel-bridge-d10-d7 (D13-heatkernel-bridge-d10-d7.md)
2026-09-11T15:08:20+0800 LAUNCH D13-cross-audit-360-cards (D13-cross-audit-360-cards.md)
2026-09-11T15:08:20+0800 DISPATCH_ERROR OSError: [Errno 122] Disk quota exceeded
2026-09-11T15:09:20+0800 GATE_FAIL D12-semantic-ledger
2026-09-11T15:09:20+0800 DISPATCH_ERROR OSError: [Errno 122] Disk quota exceeded
2026-09-11T15:10:20+0800 GATE_START D12-semantic-ledger
2026-09-11T15:10:20+0800 RECOVER D13-heatkernel-bridge-d10-d7 worker not alive
2026-09-11T15:10:20+0800 RECOVER D13-cross-audit-360-cards worker not alive
2026-09-11T15:10:20+0800 LAUNCH D13-heatkernel-bridge-d10-d7 (D13-heatkernel-bridge-d10-d7.md)
2026-09-11T15:10:20+0800 LAUNCH D13-cross-audit-360-cards (D13-cross-audit-360-cards.md)
2026-09-11T15:10:20+0800 DISPATCH_ERROR OSError: [Errno 122] Disk quota2026-09-11T15:58:21+0800 GATE_START D12-semantic-ledger
2026-09-11T16:00:21+0800 PROMOTE D12-semantic-ledger compiled (gate 66 files; semantic review pending)
2026-09-11T16:07:21+0800 NO_OWN_CARD D9-parabolic-maximum-principle
2026-09-11T16:15:22+0800 REMOTE_PAUSED D11-reduced-volume-euclidean
2026-09-11T16:21:22+0800 LAUNCH D13-manifold-ibp-volume-form (D13-manifold-ibp-volume-form.md)
2026-09-11T16:21:22+0800 LAUNCH D13-heatkernel-bridge-d10-d7 (D13-heatkernel-bridge-d10-d7.md)
2026-09-11T16:21:22+0800 LAUNCH D13-cross-audit-360-cards (D13-cross-audit-360-cards.md)
2026-09-11T16:42:23+0800 GATE_START D12-comparison-geodesics
2026-09-11T16:43:23+0800 GATE_START D12-connection-curvature
2026-09-11T16:43:23+0800 GATE_START D12-volume-ibp
2026-09-11T16:43:23+0800 GATE_START D12-geometric-compactness
2026-09-11T16:43:23+0800 GATE_START D12-surgery-recognition
2026-09-11T16:44:23+0800 PROMOTE D12-comparison-geodesics compiled (gate 83 files; semantic review pending)
2026-09-11T16:45:23+0800 PROMOTE D12-connection-curvature compiled (gate 74 files; semantic review pending)
2026-09-11T16:46:23+0800 PROMOTE D12-volume-ibp compiled (gate 74 files; semantic review pending)
2026-09-11T16:46:23+0800 PROMOTE D12-geometric-compactness compiled (gate 68 files; semantic review pending)
2026-09-11T16:49:23+0800 PROMOTE D12-surgery-recognition compiled (gate 110 files; semantic review pending)
2026-09-11T16:51:23+0800 NO_OWN_CARD D9-parabolic-maximum-principle
2026-09-11T16:54:24+0800 REMOTE_PAUSED D11-reduced-volume-euclidean
2026-09-11T17:01:24+0800 GATE_START D12-triangulation-topology
2026-09-11T17:04:24+0800 PROMOTE D12-triangulation-topology compiled (gate 81 files; semantic review pending)
2026-09-11T17:16:25+0800 GATE_START D9-parabolic-maximum-principle
2026-09-11T17:18:25+0800 PROMOTE D9-parabolic-maximum-principle compiled (gate 67 files; semantic review pending)
2026-09-11T17:25:25+0800 BLOCKED D12-tensor-maximum-bochner
2026-09-11T17:25:25+0800 LAUNCH D13-integrated-kernel-audit (D13-integrated-kernel-audit.md)
2026-09-11T17:38:26+0800 GATE_START D11-reduced-volume-euclidean
2026-09-11T17:44:27+0800 PROMOTE D11-reduced-volume-euclidean compiled (gate 290 files; semantic review pending)
2026-09-11T18:11:28+0800 GATE_START D13-integrated-kernel-audit
2026-09-11T18:18:28+0800 PROMOTE D13-integrated-kernel-audit compiled (gate 456 files; semantic review pending)
2026-09-11T18:18:28+0800 LAUNCH D13-critical-path-review (D13-critical-path-review.md)
2026-09-11T18:26:29+0800 GATE_START D11-triangulation-3d
2026-09-11T18:35:29+0800 PROMOTE D11-triangulation-3d compiled (gate 288 files; semantic review pending)
2026-09-11T18:37:30+0800 GATE_START D13-critical-path-review
2026-09-11T18:44:30+0800 REPAIR D13-critical-path-review attempt 1 queued
2026-09-11T18:44:30+0800 LAUNCH D13-critical-path-review (REPAIR_D13-critical-path-review.md)
2026-09-11T19:05:31+0800 GATE_START D13-critical-path-review
2026-09-11T19:12:32+0800 PROMOTE D13-critical-path-review compiled (gate 454 files; semantic review pending)
2026-09-11T19:32:33+0800 GATE_START D13-manifold-ibp-volume-form
2026-09-11T19:35:33+0800 PROMOTE D13-manifold-ibp-volume-form compiled (gate 121 files; semantic review pending)
2026-09-11T23:02:05+0800 LAUNCH D13-heatkernel-bridge-d10-d7 (D13-heatkernel-bridge-d10-d7.md)
2026-09-11T23:08:06+0800 LAUNCH L1-lean-baseline (L1-lean-baseline.md)
2026-09-11T23:08:06+0800 LAUNCH L2-upstream-adapters (L2-upstream-adapters.md)
2026-09-11T23:08:06+0800 LAUNCH L3-analytic-critical-path (L3-analytic-critical-path.md)
2026-09-11T23:08:06+0800 LAUNCH L4-geometric-critical-path (L4-geometric-critical-path.md)
2026-09-11T23:08:06+0800 LAUNCH L5-topology-audit (L5-topology-audit.md)
2026-09-11T23:39:08+0800 GATE_START L5-topology-audit
2026-09-11T23:40:08+0800 GATE_START D13-cross-audit-ophis-cards
2026-09-11T23:42:08+0800 PROMOTE D13-cross-audit-ophis-cards compiled (gate 63 files; semantic review pending)
2026-09-11T23:47:08+0800 PROMOTE L5-topology-audit compiled (gate 464 files; semantic review pending)
2026-09-11T23:48:08+0800 GATE_START L3-analytic-critical-path
2026-09-11T23:54:09+0800 PROMOTE L3-analytic-critical-path compiled (gate 356 files; semantic review pending)
2026-09-12T00:05:10+0800 LAUNCH SEMREV-L5-topology-audit (SEMREV-L5-topology-audit.md)
2026-09-12T00:05:10+0800 LAUNCH SEMREV-L3-analytic-critical-path (SEMREV-L3-analytic-critical-path.md)
2026-09-12T00:05:10+0800 LAUNCH SEMREV-D13-cross-audit-ophis (SEMREV-D13-cross-audit-ophis.md)
2026-09-12T00:31:12+0800 GATE_START SEMREV-L5-topology-audit
2026-09-12T00:36:12+0800 LAUNCH L4-C1-geodesic-spray-interface (L4-C1-geodesic-spray-interface.md)
2026-09-12T00:36:12+0800 LAUNCH L4-C3-doubling-to-covers (L4-C3-doubling-to-covers.md)
2026-09-12T00:38:12+0800 GATE_START SEMREV-D13-cross-audit-ophis
2026-09-12T00:38:12+0800 LAUNCH L4-C4-constant-curvature-rauch (L4-C4-constant-curvature-rauch.md)
2026-09-12T00:39:13+0800 REPAIR SEMREV-D13-cross-audit-ophis attempt 1 queued
2026-09-12T00:42:13+0800 REPAIR SEMREV-L5-topology-audit attempt 1 queued
2026-09-12T00:45:13+0800 GATE_START D13-heatkernel-bridge-d10-d7
2026-09-12T00:45:13+0800 LAUNCH SEMREV-L5-topology-audit (REPAIR_SEMREV-L5-topology-audit.md)
2026-09-12T00:51:13+0800 PROMOTE D13-heatkernel-bridge-d10-d7 compiled (gate 326 files; semantic review pending)
2026-09-12T00:59:14+0800 GATE_START SEMREV-L5-topology-audit
2026-09-12T00:59:14+0800 LAUNCH SEMREV-D13-cross-audit-ophis (REPAIR_SEMREV-D13-cross-audit-ophis.md)
2026-09-12T01:00:14+0800 REPAIR SEMREV-L5-topology-audit attempt 2 queued
2026-09-12T01:05:14+0800 BLOCKED L4-C1-geodesic-spray-interface
2026-09-12T01:05:14+0800 GATE_START L4-C4-constant-curvature-rauch
2026-09-12T01:05:14+0800 LAUNCH SEMREV-L5-topology-audit (REPAIR_SEMREV-L5-topology-audit.md)
2026-09-12T01:05:14+0800 LAUNCH L4-child-d13-semantic-audit (L4-child-d13-semantic-audit.md)
2026-09-12T01:06:14+0800 GATE_START SEMREV-D13-cross-audit-ophis
2026-09-12T01:07:14+0800 REPAIR SEMREV-D13-cross-audit-ophis attempt 2 queued
2026-09-12T01:07:14+0800 GATE_START L4-C3-doubling-to-covers
2026-09-12T01:07:14+0800 LAUNCH SEMREV-D13-cross-audit-ophis (REPAIR_SEMREV-D13-cross-audit-ophis.md)
2026-09-12T01:07:14+0800 LAUNCH L4-C3-doubling-to-covers (L4-C3-doubling-to-covers.md)
2026-09-12T01:08:14+0800 PROMOTE L4-C4-constant-curvature-rauch compiled (gate 70 files; semantic review pending)
2026-09-12T01:11:15+0800 GATE_START SEMREV-D13-cross-audit-ophis
2026-09-12T01:11:15+0800 LAUNCH SEMREV-L4-C4-constant-curvature-rauch (SEMREV-L4-C4-constant-curvature-rauch.md)
2026-09-12T01:13:15+0800 PROMOTE SEMREV-D13-cross-audit-ophis compiled (gate 63 files; semantic review pending)
2026-09-12T01:15:15+0800 GATE_START SEMREV-L5-topology-audit
2026-09-12T01:17:15+0800 PROMOTE SEMREV-L5-topology-audit compiled (gate 63 files; semantic review pending)
2026-09-12T01:18:15+0800 PROMOTE L4-C3-doubling-to-covers compiled (gate 70 files; semantic review pending)
2026-09-12T01:22:16+0800 GATE_START SEMREV-L4-C4-constant-curvature-rauch
2026-09-12T01:24:16+0800 GATE_START L4-child-d13-semantic-audit
2026-09-12T01:25:16+0800 PROMOTE SEMREV-L4-C4-constant-curvature-rauch compiled (gate 63 files; semantic review pending)
2026-09-12T01:27:16+0800 REPAIR L4-child-d13-semantic-audit attempt 1 queued
2026-09-12T01:27:16+0800 LAUNCH L4-child-d13-semantic-audit (REPAIR_L4-child-d13-semantic-audit.md)
2026-09-12T01:27:16+0800 LAUNCH SEMREV-L4-C3-doubling-to-covers (SEMREV-L4-C3-doubling-to-covers.md)
2026-09-12T03:03:23+0800 LAUNCH L4-child-conjugate-point-bound (L4-child-conjugate-point-bound.md)
2026-09-12T03:04:23+0800 LAUNCH L4-child-pointed-gh-transport (L4-child-pointed-gh-transport.md)
2026-09-12T03:05:23+0800 LAUNCH L4-child-sturm-zero-interlacing (L4-child-sturm-zero-interlacing.md)
2026-09-12T03:06:23+0800 LAUNCH L4-child-gh-family-covers (L4-child-gh-family-covers.md)
2026-09-12T03:07:23+0800 LAUNCH L4-child-ricci-to-doubling (L4-child-ricci-to-doubling.md)
2026-09-12T03:10:08+0800 ADMISSION_BLOCKED provider quota/rate-limit evidence detected
2026-09-12T03:11:08+0800 ADMISSION_BLOCKED provider quota/rate-limit evidence detected
2026-09-12T03:12:08+0800 ADMISSION_BLOCKED provider quota/rate-limit evidence detected
2026-09-12T03:13:08+0800 ADMISSION_BLOCKED provider quota/rate-limit evidence detected
2026-09-12T03:14:08+0800 ADMISSION_BLOCKED provider quota/rate-limit evidence detected
2026-09-12T03:15:08+0800 ADMISSION_BLOCKED provider quota/rate-limit evidence detected
2026-09-12T03:16:08+0800 ADMISSION_BLOCKED provider quota/rate-limit evidence detected
2026-09-12T03:17:08+0800 ADMISSION_BLOCKED provider quota/rate-limit evidence detected
2026-09-12T03:18:08+0800 ADMISSION_BLOCKED provider quota/rate-limit evidence detected
2026-09-12T03:19:08+0800 ADMISSION_BLOCKED provider quota/rate-limit evidence detected
2026-09-12T03:20:08+0800 ADMISSION_BLOCKED provider quota/rate-limit evidence detected
2026-09-12T03:21:08+0800 ADMISSION_BLOCKED provider quota/rate-limit evidence detected
2026-09-12T03:22:08+0800 ADMISSION_BLOCKED provider quota/rate-limit evidence detected
2026-09-12T03:23:09+0800 ADMISSION_BLOCKED provider quota/rate-limit evidence detected
2026-09-12T03:24:09+0800 ADMISSION_BLOCKED provider quota/rate-limit evidence detected
2026-09-12T03:25:09+0800 ADMISSION_BLOCKED provider quota/rate-limit evidence detected
2026-09-12T03:26:09+0800 ADMISSION_BLOCKED provider quota/rate-limit evidence detected
2026-09-12T03:27:09+0800 ADMISSION_BLOCKED provider quota/rate-limit evidence detected
2026-09-12T03:28:09+0800 ADMISSION_BLOCKED provider quota/rate-limit evidence detected
2026-09-12T03:29:09+0800 ADMISSION_BLOCKED provider quota/rate-limit evidence detected
2026-09-12T03:30:09+0800 ADMISSION_BLOCKED provider quota/rate-limit evidence detected
2026-09-12T03:31:09+0800 ADMISSION_BLOCKED provider quota/rate-limit evidence detected
2026-09-12T03:32:09+0800 ADMISSION_BLOCKED provider quota/rate-limit evidence detected
2026-09-12T03:33:09+0800 ADMISSION_BLOCKED provider quota/rate-limit evidence detected
2026-09-12T03:34:09+0800 ADMISSION_BLOCKED provider quota/rate-limit evidence detected
2026-09-12T03:35:09+0800 ADMISSION_BLOCKED provider quota/rate-limit evidence detected
2026-09-12T03:36:09+0800 ADMISSION_BLOCKED provider quota/rate-limit evidence detected
2026-09-12T03:37:09+0800 ADMISSION_BLOCKED provider quota/rate-limit evidence detected
2026-09-12T03:38:09+0800 ADMISSION_BLOCKED provider quota/rate-limit evidence detected
2026-09-12T03:39:10+0800 ADMISSION_BLOCKED provider quota/rate-limit evidence detected
2026-09-12T03:40:10+0800 ADMISSION_BLOCKED provider quota/rate-limit evidence detected
2026-09-12T03:41:10+0800 ADMISSION_BLOCKED provider quota/rate-limit evidence detected
2026-09-12T03:42:10+0800 ADMISSION_BLOCKED provider quota/rate-limit evidence detected
2026-09-12T03:43:10+0800 ADMISSION_BLOCKED provider quota/rate-limit evidence detected
2026-09-12T03:44:10+0800 ADMISSION_BLOCKED provider quota/rate-limit evidence detected
2026-09-12T03:45:10+0800 ADMISSION_BLOCKED provider quota/rate-limit evidence detected
2026-09-12T03:46:10+0800 ADMISSION_BLOCKED provider quota/rate-limit evidence detected
2026-09-12T03:47:10+0800 ADMISSION_BLOCKED provider quota/rate-limit evidence detected
2026-09-12T03:48:10+0800 ADMISSION_BLOCKED provider quota/rate-limit evidence detected
2026-09-12T03:49:10+0800 ADMISSION_BLOCKED provider quota/rate-limit evidence detected
2026-09-12T03:50:10+0800 ADMISSION_BLOCKED provider quota/rate-limit evidence detected
2026-09-12T03:51:10+0800 ADMISSION_BLOCKED provider quota/rate-limit evidence detected
2026-09-12T03:52:10+0800 ADMISSION_BLOCKED provider quota/rate-limit evidence detected
2026-09-12T03:53:10+0800 ADMISSION_BLOCKED provider quota/rate-limit evidence detected
2026-09-12T03:54:10+0800 ADMISSION_BLOCKED provider quota/rate-limit evidence detected
2026-09-12T03:55:10+0800 ADMISSION_BLOCKED provider quota/rate-limit evidence detected
2026-09-12T03:56:11+0800 ADMISSION_BLOCKED provider quota/rate-limit evidence detected
2026-09-12T03:57:11+0800 ADMISSION_BLOCKED provider quota/rate-limit evidence detected
2026-09-12T03:58:11+0800 ADMISSION_BLOCKED provider quota/rate-limit evidence detected
2026-09-12T03:59:11+0800 ADMISSION_BLOCKED provider quota/rate-limit evidence detected
2026-09-12T04:00:11+0800 ADMISSION_BLOCKED provider quota/rate-limit evidence detected
2026-09-12T04:01:11+0800 ADMISSION_BLOCKED provider quota/rate-limit evidence detected
2026-09-12T04:02:11+0800 ADMISSION_BLOCKED provider quota/rate-limit evidence detected
2026-09-12T04:03:11+0800 ADMISSION_BLOCKED provider quota/rate-limit evidence detected
2026-09-12T04:04:11+0800 ADMISSION_BLOCKED provider quota/rate-limit evidence detected
2026-09-12T04:05:11+0800 ADMISSION_BLOCKED provider quota/rate-limit evidence detected
2026-09-12T04:06:11+0800 ADMISSION_BLOCKED provider quota/rate-limit evidence detected
2026-09-12T04:07:11+0800 ADMISSION_BLOCKED provider quota/rate-limit evidence detected
2026-09-12T04:08:11+0800 ADMISSION_BLOCKED provider quota/rate-limit evidence detected
2026-09-12T04:09:11+0800 ADMISSION_BLOCKED provider quota/rate-limit evidence detected
2026-09-12T04:10:11+0800 ADMISSION_BLOCKED provider quota/rate-limit evidence detected
2026-09-12T04:11:11+0800 ADMISSION_BLOCKED provider quota/rate-limit evidence detected
2026-09-12T04:12:11+0800 ADMISSION_BLOCKED provider quota/rate-limit evidence detected
2026-09-12T04:13:11+0800 ADMISSION_BLOCKED provider quota/rate-limit evidence detected
2026-09-12T04:14:11+0800 ADMISSION_BLOCKED provider quota/rate-limit evidence detected
2026-09-12T04:15:12+0800 ADMISSION_BLOCKED provider quota/rate-limit evidence detected
2026-09-12T04:16:12+0800 ADMISSION_BLOCKED provider quota/rate-limit evidence detected
2026-09-12T04:17:12+0800 ADMISSION_BLOCKED provider quota/rate-limit evidence detected
2026-09-12T04:18:12+0800 ADMISSION_BLOCKED provider quota/rate-limit evidence detected
2026-09-12T04:19:12+0800 ADMISSION_BLOCKED provider quota/rate-limit evidence detected
2026-09-12T04:20:12+0800 ADMISSION_BLOCKED provider quota/rate-limit evidence detected
2026-09-12T04:21:12+0800 ADMISSION_BLOCKED provider quota/rate-limit evidence detected
2026-09-12T04:22:12+0800 ADMISSION_BLOCKED provider quota/rate-limit evidence detected
2026-09-12T04:23:12+0800 ADMISSION_BLOCKED provider quota/rate-limit evidence detected
2026-09-12T04:24:12+0800 ADMISSION_BLOCKED provider quota/rate-limit evidence detected
2026-09-12T04:25:12+0800 ADMISSION_BLOCKED provider quota/rate-limit evidence detected
2026-09-12T04:26:12+0800 ADMISSION_BLOCKED provider quota/rate-limit evidence detected
2026-09-12T04:27:12+0800 ADMISSION_BLOCKED provider quota/rate-limit evidence detected
2026-09-12T04:28:12+0800 ADMISSION_BLOCKED provider quota/rate-limit evidence detected
2026-09-12T04:29:12+0800 ADMISSION_BLOCKED provider quota/rate-limit evidence detected
2026-09-12T04:30:12+0800 ADMISSION_BLOCKED provider quota/rate-limit evidence detected
2026-09-12T04:31:12+0800 ADMISSION_BLOCKED provider quota/rate-limit evidence detected
2026-09-12T04:32:12+0800 ADMISSION_BLOCKED provider quota/rate-limit evidence detected
2026-09-12T04:33:12+0800 ADMISSION_BLOCKED provider quota/rate-limit evidence detected
2026-09-12T04:34:13+0800 ADMISSION_BLOCKED provider quota/rate-limit evidence detected
2026-09-12T04:35:13+0800 ADMISSION_BLOCKED provider quota/rate-limit evidence detected
2026-09-12T04:36:13+0800 ADMISSION_BLOCKED provider quota/rate-limit evidence detected
2026-09-12T04:37:13+0800 ADMISSION_BLOCKED provider quota/rate-limit evidence detected
2026-09-12T04:38:13+0800 ADMISSION_BLOCKED provider quota/rate-limit evidence detected
2026-09-12T04:39:13+0800 GATE_START L1-C4-p5-hash-gate
2026-09-12T04:39:13+0800 ADMISSION_BLOCKED provider quota/rate-limit evidence detected
2026-09-12T04:40:13+0800 ADMISSION_BLOCKED provider quota/rate-limit evidence detected
2026-09-12T04:41:13+0800 ADMISSION_BLOCKED provider quota/rate-limit evidence detected
2026-09-12T04:42:13+0800 PROMOTE L1-C4-p5-hash-gate compiled (gate 63 files; semantic review pending)
2026-09-12T04:42:13+0800 ADMISSION_BLOCKED provider quota/rate-limit evidence detected
2026-09-12T04:43:13+0800 ADMISSION_BLOCKED provider quota/rate-limit evidence detected
2026-09-12T04:44:13+0800 ADMISSION_BLOCKED provider quota/rate-limit evidence detected
2026-09-12T04:45:13+0800 ADMISSION_BLOCKED provider quota/rate-limit evidence detected
2026-09-12T04:46:13+0800 ADMISSION_BLOCKED provider quota/rate-limit evidence detected
2026-09-12T04:47:13+0800 ADMISSION_BLOCKED provider quota/rate-limit evidence detected
2026-09-12T04:48:13+0800 ADMISSION_BLOCKED provider quota/rate-limit evidence detected
2026-09-12T04:49:13+0800 ADMISSION_BLOCKED provider quota/rate-limit evidence detected
2026-09-12T04:50:14+0800 ADMISSION_BLOCKED provider quota/rate-limit evidence detected
2026-09-12T04:51:14+0800 ADMISSION_BLOCKED provider quota/rate-limit evidence detected
2026-09-12T04:52:14+0800 ADMISSION_BLOCKED provider quota/rate-limit evidence detected
2026-09-12T04:53:14+0800 ADMISSION_BLOCKED provider quota/rate-limit evidence detected
2026-09-12T04:54:14+0800 ADMISSION_BLOCKED provider quota/rate-limit evidence detected
2026-09-12T04:55:14+0800 ADMISSION_BLOCKED provider quota/rate-limit evidence detected
2026-09-12T04:56:14+0800 ADMISSION_BLOCKED provider quota/rate-limit evidence detected
2026-09-12T04:57:14+0800 ADMISSION_BLOCKED provider quota/rate-limit evidence detected
2026-09-12T04:58:14+0800 ADMISSION_BLOCKED provider quota/rate-limit evidence detected
2026-09-12T04:59:14+0800 ADMISSION_BLOCKED provider quota/rate-limit evidence detected
2026-09-12T05:00:14+0800 ADMISSION_BLOCKED provider quota/rate-limit evidence detected
2026-09-12T05:01:14+0800 ADMISSION_BLOCKED provider quota/rate-limit evidence detected
2026-09-12T05:02:14+0800 ADMISSION_BLOCKED provider quota/rate-limit evidence detected
2026-09-12T05:03:14+0800 ADMISSION_BLOCKED provider quota/rate-limit evidence detected
2026-09-12T05:04:14+0800 ADMISSION_BLOCKED provider quota/rate-limit evidence detected
2026-09-12T05:05:15+0800 ADMISSION_BLOCKED provider quota/rate-limit evidence detected
2026-09-12T05:06:15+0800 ADMISSION_BLOCKED provider quota/rate-limit evidence detected
2026-09-12T05:07:15+0800 ADMISSION_BLOCKED provider quota/rate-limit evidence detected
2026-09-12T05:08:15+0800 ADMISSION_BLOCKED provider quota/rate-limit evidence detected
2026-09-12T05:09:15+0800 ADMISSION_BLOCKED provider quota/rate-limit evidence detected
2026-09-12T05:10:15+0800 ADMISSION_BLOCKED provider quota/rate-limit evidence detected
2026-09-12T05:11:15+0800 ADMISSION_BLOCKED provider quota/rate-limit evidence detected
2026-09-12T05:12:15+0800 ADMISSION_BLOCKED provider quota/rate-limit evidence detected
2026-09-12T05:13:15+0800 ADMISSION_BLOCKED provider quota/rate-limit evidence detected
2026-09-12T05:14:15+0800 ADMISSION_BLOCKED provider quota/rate-limit evidence detected
2026-09-12T05:15:15+0800 ADMISSION_BLOCKED provider quota/rate-limit evidence detected
2026-09-12T05:16:15+0800 ADMISSION_BLOCKED provider quota/rate-limit evidence detected
2026-09-12T05:17:15+0800 ADMISSION_BLOCKED provider quota/rate-limit evidence detected
2026-09-12T05:18:15+0800 ADMISSION_BLOCKED provider quota/rate-limit evidence detected
2026-09-12T05:19:15+0800 ADMISSION_BLOCKED provider quota/rate-limit evidence detected
2026-09-12T05:20:15+0800 ADMISSION_BLOCKED provider quota/rate-limit evidence detected
2026-09-12T05:21:15+0800 ADMISSION_BLOCKED provider quota/rate-limit evidence detected
2026-09-12T05:22:15+0800 ADMISSION_BLOCKED provider quota/rate-limit evidence detected
2026-09-12T05:23:15+0800 ADMISSION_BLOCKED provider quota/rate-limit evidence detected
2026-09-12T05:24:16+0800 ADMISSION_BLOCKED provider quota/rate-limit evidence detected
2026-09-12T05:25:16+0800 ADMISSION_BLOCKED provider quota/rate-limit evidence detected
2026-09-12T05:26:16+0800 ADMISSION_BLOCKED provider quota/rate-limit evidence detected
2026-09-12T05:27:16+0800 ADMISSION_BLOCKED provider quota/rate-limit evidence detected
2026-09-12T05:28:16+0800 ADMISSION_BLOCKED provider quota/rate-limit evidence detected
2026-09-12T05:29:16+0800 ADMISSION_BLOCKED provider quota/rate-limit evidence detected
2026-09-12T05:30:16+0800 ADMISSION_BLOCKED provider quota/rate-limit evidence detected
2026-09-12T05:31:16+0800 ADMISSION_BLOCKED provider quota/rate-limit evidence detected
2026-09-12T05:32:16+0800 ADMISSION_BLOCKED provider quota/rate-limit evidence detected
2026-09-12T05:33:16+0800 ADMISSION_BLOCKED provider quota/rate-limit evidence detected
2026-09-12T05:34:16+0800 ADMISSION_BLOCKED provider quota/rate-limit evidence detected
2026-09-12T05:35:16+0800 ADMISSION_BLOCKED provider quota/rate-limit evidence detected
2026-09-12T05:36:16+0800 ADMISSION_BLOCKED provider quota/rate-limit evidence detected
2026-09-12T05:37:16+0800 ADMISSION_BLOCKED provider quota/rate-limit evidence detected
2026-09-12T05:38:16+0800 ADMISSION_BLOCKED provider quota/rate-limit evidence detected
2026-09-12T05:39:16+0800 ADMISSION_BLOCKED provider quota/rate-limit evidence detected
2026-09-12T05:40:16+0800 ADMISSION_BLOCKED provider quota/rate-limit evidence detected
2026-09-12T05:41:16+0800 ADMISSION_BLOCKED provider quota/rate-limit evidence detected
2026-09-12T05:42:17+0800 ADMISSION_BLOCKED provider quota/rate-limit evidence detected
2026-09-12T05:43:17+0800 ADMISSION_BLOCKED provider quota/rate-limit evidence detected
2026-09-12T05:44:17+0800 ADMISSION_BLOCKED provider quota/rate-limit evidence detected
2026-09-12T05:45:17+0800 ADMISSION_BLOCKED provider quota/rate-limit evidence detected
2026-09-12T05:46:17+0800 ADMISSION_BLOCKED provider quota/rate-limit evidence detected
2026-09-12T05:47:17+0800 ADMISSION_BLOCKED provider quota/rate-limit evidence detected
2026-09-12T05:48:17+0800 ADMISSION_BLOCKED provider quota/rate-limit evidence detected
2026-09-12T05:49:17+0800 ADMISSION_BLOCKED provider quota/rate-limit evidence detected
2026-09-12T05:50:17+0800 ADMISSION_BLOCKED provider quota/rate-limit evidence detected
2026-09-12T05:51:17+0800 ADMISSION_BLOCKED provider quota/rate-limit evidence detected
2026-09-12T05:52:17+0800 ADMISSION_BLOCKED provider quota/rate-limit evidence detected
2026-09-12T05:53:17+0800 ADMISSION_BLOCKED provider quota/rate-limit evidence detected
2026-09-12T05:54:17+0800 ADMISSION_BLOCKED provider quota/rate-limit evidence detected
2026-09-12T05:55:17+0800 ADMISSION_BLOCKED provider quota/rate-limit evidence detected
2026-09-12T05:56:17+0800 ADMISSION_BLOCKED provider quota/rate-limit evidence detected
2026-09-12T05:57:17+0800 ADMISSION_BLOCKED provider quota/rate-limit evidence detected
2026-09-12T05:58:18+0800 ADMISSION_BLOCKED provider quota/rate-limit evidence detected
2026-09-12T05:59:18+0800 ADMISSION_BLOCKED provider quota/rate-limit evidence detected
2026-09-12T06:00:18+0800 ADMISSION_BLOCKED provider quota/rate-limit evidence detected
2026-09-12T06:01:18+0800 ADMISSION_BLOCKED provider quota/rate-limit evidence detected
2026-09-12T06:02:18+0800 ADMISSION_BLOCKED provider quota/rate-limit evidence detected
2026-09-12T06:03:18+0800 ADMISSION_BLOCKED provider quota/rate-limit evidence detected
2026-09-12T06:04:18+0800 ADMISSION_BLOCKED provider quota/rate-limit evidence detected
2026-09-12T06:05:18+0800 ADMISSION_BLOCKED provider quota/rate-limit evidence detected
2026-09-12T06:06:18+0800 ADMISSION_BLOCKED provider quota/rate-limit evidence detected
2026-09-12T06:07:18+0800 ADMISSION_BLOCKED provider quota/rate-limit evidence detected
2026-09-12T06:08:18+0800 ADMISSION_BLOCKED provider quota/rate-limit evidence detected
2026-09-12T06:09:18+0800 ADMISSION_BLOCKED provider quota/rate-limit evidence detected
2026-09-12T06:10:18+0800 ADMISSION_BLOCKED provider quota/rate-limit evidence detected
2026-09-12T06:11:18+0800 ADMISSION_BLOCKED provider quota/rate-limit evidence detected
2026-09-12T06:12:18+0800 ADMISSION_BLOCKED provider quota/rate-limit evidence detected
2026-09-12T06:13:19+0800 ADMISSION_BLOCKED provider quota/rate-limit evidence detected
2026-09-12T06:14:19+0800 ADMISSION_BLOCKED provider quota/rate-limit evidence detected
2026-09-12T06:15:19+0800 ADMISSION_BLOCKED provider quota/rate-limit evidence detected
2026-09-12T06:16:19+0800 ADMISSION_BLOCKED provider quota/rate-limit evidence detected
2026-09-12T06:17:19+0800 ADMISSION_BLOCKED provider quota/rate-limit evidence detected
2026-09-12T06:18:19+0800 ADMISSION_BLOCKED provider quota/rate-limit evidence detected
2026-09-12T06:19:19+0800 ADMISSION_BLOCKED provider quota/rate-limit evidence detected
2026-09-12T06:20:19+0800 ADMISSION_BLOCKED provider quota/rate-limit evidence detected
2026-09-12T06:21:19+0800 ADMISSION_BLOCKED provider quota/rate-limit evidence detected
2026-09-12T06:22:19+0800 ADMISSION_BLOCKED provider quota/rate-limit evidence detected
2026-09-12T06:23:19+0800 ADMISSION_BLOCKED provider quota/rate-limit evidence detected
2026-09-12T06:24:19+0800 ADMISSION_BLOCKED provider quota/rate-limit evidence detected
2026-09-12T06:25:19+0800 ADMISSION_BLOCKED provider quota/rate-limit evidence detected
2026-09-12T06:26:19+0800 ADMISSION_BLOCKED provider quota/rate-limit evidence detected
2026-09-12T06:27:19+0800 ADMISSION_BLOCKED provider quota/rate-limit evidence detected
2026-09-12T06:28:20+0800 ADMISSION_BLOCKED provider quota/rate-limit evidence detected
2026-09-12T06:29:20+0800 ADMISSION_BLOCKED provider quota/rate-limit evidence detected
2026-09-12T06:30:20+0800 ADMISSION_BLOCKED provider quota/rate-limit evidence detected
2026-09-12T06:31:20+0800 ADMISSION_BLOCKED provider quota/rate-limit evidence detected
2026-09-12T06:32:20+0800 ADMISSION_BLOCKED provider quota/rate-limit evidence detected
2026-09-12T06:33:20+0800 ADMISSION_BLOCKED provider quota/rate-limit evidence detected
2026-09-12T06:34:20+0800 ADMISSION_BLOCKED provider quota/rate-limit evidence detected
2026-09-12T06:35:20+0800 ADMISSION_BLOCKED provider quota/rate-limit evidence detected
2026-09-12T06:36:20+0800 ADMISSION_BLOCKED provider quota/rate-limit evidence detected
2026-09-12T06:37:20+0800 ADMISSION_BLOCKED provider quota/rate-limit evidence detected
2026-09-12T06:38:20+0800 ADMISSION_BLOCKED provider quota/rate-limit evidence detected
2026-09-12T06:39:20+0800 ADMISSION_BLOCKED provider quota/rate-limit evidence detected
2026-09-12T06:40:20+0800 ADMISSION_BLOCKED provider quota/rate-limit evidence detected
2026-09-12T06:41:20+0800 ADMISSION_BLOCKED provider quota/rate-limit evidence detected
2026-09-12T06:42:20+0800 ADMISSION_BLOCKED provider quota/rate-limit evidence detected
2026-09-12T06:43:21+0800 ADMISSION_BLOCKED provider quota/rate-limit evidence detected
2026-09-12T06:44:21+0800 ADMISSION_BLOCKED provider quota/rate-limit evidence detected
2026-09-12T06:45:21+0800 ADMISSION_BLOCKED provider quota/rate-limit evidence detected
2026-09-12T06:46:21+0800 ADMISSION_BLOCKED provider quota/rate-limit evidence detected
2026-09-12T06:47:21+0800 ADMISSION_BLOCKED provider quota/rate-limit evidence detected
2026-09-12T06:48:21+0800 ADMISSION_BLOCKED provider quota/rate-limit evidence detected
2026-09-12T06:49:21+0800 ADMISSION_BLOCKED provider quota/rate-limit evidence detected
2026-09-12T06:50:21+0800 ADMISSION_BLOCKED provider quota/rate-limit evidence detected
2026-09-12T06:51:21+0800 ADMISSION_BLOCKED provider quota/rate-limit evidence detected
2026-09-12T06:52:21+0800 ADMISSION_BLOCKED provider quota/rate-limit evidence detected
2026-09-12T06:53:21+0800 ADMISSION_BLOCKED provider quota/rate-limit evidence detected
2026-09-12T06:54:21+0800 ADMISSION_BLOCKED provider quota/rate-limit evidence detected
2026-09-12T06:55:21+0800 ADMISSION_BLOCKED provider quota/rate-limit evidence detected
2026-09-12T06:56:21+0800 ADMISSION_BLOCKED provider quota/rate-limit evidence detected
2026-09-12T06:57:21+0800 ADMISSION_BLOCKED provider quota/rate-limit evidence detected
2026-09-12T06:58:21+0800 ADMISSION_BLOCKED provider quota/rate-limit evidence detected
2026-09-12T06:59:22+0800 ADMISSION_BLOCKED provider quota/rate-limit evidence detected
2026-09-12T07:00:22+0800 ADMISSION_BLOCKED provider quota/rate-limit evidence detected
2026-09-12T07:01:22+0800 ADMISSION_BLOCKED provider quota/rate-limit evidence detected
2026-09-12T07:02:22+0800 ADMISSION_BLOCKED provider quota/rate-limit evidence detected
2026-09-12T07:03:22+0800 ADMISSION_BLOCKED provider quota/rate-limit evidence detected
2026-09-12T07:04:22+0800 ADMISSION_BLOCKED provider quota/rate-limit evidence detected
2026-09-12T07:05:22+0800 ADMISSION_BLOCKED provider quota/rate-limit evidence detected
2026-09-12T07:06:22+0800 ADMISSION_BLOCKED provider quota/rate-limit evidence detected
2026-09-12T07:07:22+0800 ADMISSION_BLOCKED provider quota/rate-limit evidence detected
2026-09-12T07:08:22+0800 ADMISSION_BLOCKED provider quota/rate-limit evidence detected
2026-09-12T07:09:22+0800 ADMISSION_BLOCKED provider quota/rate-limit evidence detected
2026-09-12T07:10:22+0800 ADMISSION_BLOCKED provider quota/rate-limit evidence detected
2026-09-12T07:11:22+0800 ADMISSION_BLOCKED provider quota/rate-limit evidence detected
2026-09-12T07:12:22+0800 ADMISSION_BLOCKED provider quota/rate-limit evidence detected
2026-09-12T07:13:22+0800 ADMISSION_BLOCKED provider quota/rate-limit evidence detected
2026-09-12T07:14:23+0800 ADMISSION_BLOCKED provider quota/rate-limit evidence detected
2026-09-12T07:15:23+0800 ADMISSION_BLOCKED provider quota/rate-limit evidence detected
2026-09-12T07:16:23+0800 ADMISSION_BLOCKED provider quota/rate-limit evidence detected
2026-09-12T07:17:23+0800 ADMISSION_BLOCKED provider quota/rate-limit evidence detected
2026-09-12T07:18:23+0800 ADMISSION_BLOCKED provider quota/rate-limit evidence detected
2026-09-12T07:19:23+0800 ADMISSION_BLOCKED provider quota/rate-limit evidence detected
2026-09-12T07:20:23+0800 ADMISSION_BLOCKED provider quota/rate-limit evidence detected
2026-09-12T07:21:23+0800 ADMISSION_BLOCKED provider quota/rate-limit evidence detected
2026-09-12T07:22:23+0800 ADMISSION_BLOCKED provider quota/rate-limit evidence detected
2026-09-12T07:23:23+0800 ADMISSION_BLOCKED provider quota/rate-limit evidence detected
2026-09-12T07:24:23+0800 ADMISSION_BLOCKED provider quota/rate-limit evidence detected
2026-09-12T07:25:23+0800 ADMISSION_BLOCKED provider quota/rate-limit evidence detected
2026-09-12T07:26:23+0800 ADMISSION_BLOCKED provider quota/rate-limit evidence detected
2026-09-12T07:27:23+0800 ADMISSION_BLOCKED provider quota/rate-limit evidence detected
2026-09-12T07:28:23+0800 ADMISSION_BLOCKED provider quota/rate-limit evidence detected
2026-09-12T07:29:24+0800 ADMISSION_BLOCKED provider quota/rate-limit evidence detected
2026-09-12T07:30:24+0800 ADMISSION_BLOCKED provider quota/rate-limit evidence detected
2026-09-12T07:31:24+0800 ADMISSION_BLOCKED provider quota/rate-limit evidence detected
2026-09-12T07:32:24+0800 ADMISSION_BLOCKED provider quota/rate-limit evidence detected
2026-09-12T07:33:24+0800 ADMISSION_BLOCKED provider quota/rate-limit evidence detected
2026-09-12T07:34:24+0800 ADMISSION_BLOCKED provider quota/rate-limit evidence detected
2026-09-12T07:35:24+0800 ADMISSION_BLOCKED provider quota/rate-limit evidence detected
2026-09-12T07:36:24+0800 ADMISSION_BLOCKED provider quota/rate-limit evidence detected
2026-09-12T07:37:24+0800 ADMISSION_BLOCKED provider quota/rate-limit evidence detected
2026-09-12T07:38:24+0800 ADMISSION_BLOCKED provider quota/rate-limit evidence detected
2026-09-12T07:39:24+0800 ADMISSION_BLOCKED provider quota/rate-limit evidence detected
2026-09-12T07:40:24+0800 ADMISSION_BLOCKED provider quota/rate-limit evidence detected
2026-09-12T07:41:24+0800 ADMISSION_BLOCKED provider quota/rate-limit evidence detected
2026-09-12T07:42:24+0800 ADMISSION_BLOCKED provider quota/rate-limit evidence detected
2026-09-12T07:43:24+0800 ADMISSION_BLOCKED provider quota/rate-limit evidence detected
2026-09-12T07:44:24+0800 ADMISSION_BLOCKED provider quota/rate-limit evidence detected
2026-09-12T07:45:24+0800 ADMISSION_BLOCKED provider quota/rate-limit evidence detected
2026-09-12T07:46:24+0800 ADMISSION_BLOCKED provider quota/rate-limit evidence detected
2026-09-12T07:47:24+0800 ADMISSION_BLOCKED provider quota/rate-limit evidence detected
2026-09-12T07:48:24+0800 ADMISSION_BLOCKED provider quota/rate-limit evidence detected
2026-09-12T07:49:24+0800 ADMISSION_BLOCKED provider quota/rate-limit evidence detected
2026-09-12T07:50:24+0800 ADMISSION_BLOCKED provider quota/rate-limit evidence detected
2026-09-12T07:51:25+0800 ADMISSION_BLOCKED provider quota/rate-limit evidence detected
2026-09-12T07:52:25+0800 ADMISSION_BLOCKED provider quota/rate-limit evidence detected
2026-09-12T07:53:25+0800 ADMISSION_BLOCKED provider quota/rate-limit evidence detected
2026-09-12T07:54:25+0800 ADMISSION_BLOCKED provider quota/rate-limit evidence detected
2026-09-12T07:55:25+0800 ADMISSION_BLOCKED provider quota/rate-limit evidence detected
2026-09-12T07:56:25+0800 ADMISSION_BLOCKED provider quota/rate-limit evidence detected
2026-09-12T07:57:25+0800 ADMISSION_BLOCKED provider quota/rate-limit evidence detected
2026-09-12T07:58:25+0800 ADMISSION_BLOCKED provider quota/rate-limit evidence detected
2026-09-12T07:59:25+0800 ADMISSION_BLOCKED provider quota/rate-limit evidence detected
2026-09-12T08:00:25+0800 ADMISSION_BLOCKED provider quota/rate-limit evidence detected
2026-09-12T08:01:25+0800 ADMISSION_BLOCKED provider quota/rate-limit evidence detected
2026-09-12T08:02:25+0800 ADMISSION_BLOCKED provider quota/rate-limit evidence detected
2026-09-12T08:03:25+0800 ADMISSION_BLOCKED provider quota/rate-limit evidence detected
2026-09-12T08:04:25+0800 ADMISSION_BLOCKED provider quota/rate-limit evidence detected
2026-09-12T08:05:25+0800 ADMISSION_BLOCKED provider quota/rate-limit evidence detected
2026-09-12T08:06:25+0800 ADMISSION_BLOCKED provider quota/rate-limit evidence detected
2026-09-12T08:07:25+0800 ADMISSION_BLOCKED provider quota/rate-limit evidence detected
2026-09-12T08:08:26+0800 ADMISSION_BLOCKED provider quota/rate-limit evidence detected
2026-09-12T08:09:26+0800 ADMISSION_BLOCKED provider quota/rate-limit evidence detected
2026-09-12T08:10:26+0800 ADMISSION_BLOCKED provider quota/rate-limit evidence detected
2026-09-12T08:11:26+0800 ADMISSION_BLOCKED provider quota/rate-limit evidence detected
2026-09-12T08:12:26+0800 ADMISSION_BLOCKED provider quota/rate-limit evidence detected
2026-09-12T08:13:26+0800 ADMISSION_BLOCKED provider quota/rate-limit evidence detected
2026-09-12T08:14:26+0800 ADMISSION_BLOCKED provider quota/rate-limit evidence detected
2026-09-12T08:15:26+0800 ADMISSION_BLOCKED provider quota/rate-limit evidence detected
2026-09-12T08:16:26+0800 ADMISSION_BLOCKED provider quota/rate-limit evidence detected
2026-09-12T08:17:26+0800 ADMISSION_BLOCKED provider quota/rate-limit evidence detected
2026-09-12T08:18:26+0800 ADMISSION_BLOCKED provider quota/rate-limit evidence detected
2026-09-12T08:19:26+0800 ADMISSION_BLOCKED provider quota/rate-limit evidence detected
2026-09-12T08:20:26+0800 ADMISSION_BLOCKED provider quota/rate-limit evidence detected
2026-09-12T08:21:26+0800 ADMISSION_BLOCKED provider quota/rate-limit evidence detected
2026-09-12T08:22:26+0800 ADMISSION_BLOCKED provider quota/rate-limit evidence detected
2026-09-12T08:23:26+0800 ADMISSION_BLOCKED provider quota/rate-limit evidence detected
2026-09-12T08:24:26+0800 ADMISSION_BLOCKED provider quota/rate-limit evidence detected
2026-09-12T08:25:27+0800 ADMISSION_BLOCKED provider quota/rate-limit evidence detected
2026-09-12T08:26:27+0800 ADMISSION_BLOCKED provider quota/rate-limit evidence detected
2026-09-12T08:27:27+0800 ADMISSION_BLOCKED provider quota/rate-limit evidence detected
2026-09-12T08:28:27+0800 ADMISSION_BLOCKED provider quota/rate-limit evidence detected
2026-09-12T08:29:27+0800 ADMISSION_BLOCKED provider quota/rate-limit evidence detected
2026-09-12T08:30:27+0800 ADMISSION_BLOCKED provider quota/rate-limit evidence detected
2026-09-12T08:31:27+0800 ADMISSION_BLOCKED provider quota/rate-limit evidence detected
2026-09-12T08:32:27+0800 ADMISSION_BLOCKED provider quota/rate-limit evidence detected
2026-09-12T08:33:27+0800 ADMISSION_BLOCKED provider quota/rate-limit evidence detected
2026-09-12T08:34:27+0800 ADMISSION_BLOCKED provider quota/rate-limit evidence detected
2026-09-12T08:35:27+0800 ADMISSION_BLOCKED provider quota/rate-limit evidence detected
2026-09-12T08:36:27+0800 ADMISSION_BLOCKED provider quota/rate-limit evidence detected
2026-09-12T08:37:27+0800 ADMISSION_BLOCKED provider quota/rate-limit evidence detected
2026-09-12T08:38:27+0800 ADMISSION_BLOCKED provider quota/rate-limit evidence detected
2026-09-12T08:39:27+0800 ADMISSION_BLOCKED provider quota/rate-limit evidence detected
2026-09-12T08:40:27+0800 ADMISSION_BLOCKED provider quota/rate-limit evidence detected
2026-09-12T08:41:27+0800 ADMISSION_BLOCKED provider quota/rate-limit evidence detected
2026-09-12T08:42:27+0800 ADMISSION_BLOCKED provider quota/rate-limit evidence detected
2026-09-12T08:43:27+0800 ADMISSION_BLOCKED provider quota/rate-limit evidence detected
2026-09-12T08:44:27+0800 ADMISSION_BLOCKED provider quota/rate-limit evidence detected
2026-09-12T08:45:27+0800 ADMISSION_BLOCKED provider quota/rate-limit evidence detected
2026-09-12T08:46:27+0800 ADMISSION_BLOCKED provider quota/rate-limit evidence detected
2026-09-12T08:47:27+0800 ADMISSION_BLOCKED provider quota/rate-limit evidence detected
2026-09-12T08:48:27+0800 ADMISSION_BLOCKED provider quota/rate-limit evidence detected
2026-09-12T08:49:28+0800 ADMISSION_BLOCKED provider quota/rate-limit evidence detected
2026-09-12T08:50:28+0800 ADMISSION_BLOCKED provider quota/rate-limit evidence detected
2026-09-12T08:51:28+0800 ADMISSION_BLOCKED provider quota/rate-limit evidence detected
2026-09-12T08:52:28+0800 ADMISSION_BLOCKED provider quota/rate-limit evidence detected
2026-09-12T08:53:28+0800 ADMISSION_BLOCKED provider quota/rate-limit evidence detected
2026-09-12T08:54:28+0800 ADMISSION_BLOCKED provider quota/rate-limit evidence detected
2026-09-12T08:55:28+0800 ADMISSION_BLOCKED provider quota/rate-limit evidence detected
2026-09-12T08:56:28+0800 ADMISSION_BLOCKED provider quota/rate-limit evidence detected
2026-09-12T08:57:28+0800 ADMISSION_BLOCKED provider quota/rate-limit evidence detected
2026-09-12T08:58:28+0800 ADMISSION_BLOCKED provider quota/rate-limit evidence detected
2026-09-12T08:59:28+0800 ADMISSION_BLOCKED provider quota/rate-limit evidence detected
2026-09-12T09:00:28+0800 ADMISSION_BLOCKED provider quota/rate-limit evidence detected
2026-09-12T09:01:28+0800 ADMISSION_BLOCKED provider quota/rate-limit evidence detected
2026-09-12T09:02:28+0800 ADMISSION_BLOCKED provider quota/rate-limit evidence detected
2026-09-12T09:03:28+0800 ADMISSION_BLOCKED provider quota/rate-limit evidence detected
2026-09-12T09:04:28+0800 ADMISSION_BLOCKED provider quota/rate-limit evidence detected
2026-09-12T09:05:28+0800 ADMISSION_BLOCKED provider quota/rate-limit evidence detected
2026-09-12T09:06:29+0800 ADMISSION_BLOCKED provider quota/rate-limit evidence detected
2026-09-12T09:07:29+0800 ADMISSION_BLOCKED provider quota/rate-limit evidence detected
2026-09-12T09:08:29+0800 ADMISSION_BLOCKED provider quota/rate-limit evidence detected
2026-09-12T09:09:29+0800 ADMISSION_BLOCKED provider quota/rate-limit evidence detected
2026-09-12T09:10:29+0800 ADMISSION_BLOCKED provider quota/rate-limit evidence detected
2026-09-12T09:11:29+0800 ADMISSION_BLOCKED provider quota/rate-limit evidence detected
2026-09-12T09:12:29+0800 ADMISSION_BLOCKED provider quota/rate-limit evidence detected
2026-09-12T09:13:29+0800 ADMISSION_BLOCKED provider quota/rate-limit evidence detected
2026-09-12T09:14:29+0800 ADMISSION_BLOCKED provider quota/rate-limit evidence detected
2026-09-12T09:15:29+0800 ADMISSION_BLOCKED provider quota/rate-limit evidence detected
2026-09-12T09:16:29+0800 ADMISSION_BLOCKED provider quota/rate-limit evidence detected
2026-09-12T09:17:29+0800 ADMISSION_BLOCKED provider quota/rate-limit evidence detected
2026-09-12T09:18:29+0800 ADMISSION_BLOCKED provider quota/rate-limit evidence detected
2026-09-12T09:19:29+0800 ADMISSION_BLOCKED provider quota/rate-limit evidence detected
2026-09-12T09:20:29+0800 ADMISSION_BLOCKED provider quota/rate-limit evidence detected
2026-09-12T09:21:29+0800 ADMISSION_BLOCKED provider quota/rate-limit evidence detected
2026-09-12T09:22:29+0800 ADMISSION_BLOCKED provider quota/rate-limit evidence detected
2026-09-12T09:23:29+0800 ADMISSION_BLOCKED provider quota/rate-limit evidence detected
2026-09-12T09:24:29+0800 ADMISSION_BLOCKED provider quota/rate-limit evidence detected
2026-09-12T09:25:29+0800 ADMISSION_BLOCKED provider quota/rate-limit evidence detected
2026-09-12T09:26:29+0800 ADMISSION_BLOCKED provider quota/rate-limit evidence detected
2026-09-12T09:27:29+0800 ADMISSION_BLOCKED provider quota/rate-limit evidence detected
2026-09-12T09:28:29+0800 ADMISSION_BLOCKED provider quota/rate-limit evidence detected
2026-09-12T09:29:30+0800 ADMISSION_BLOCKED provider quota/rate-limit evidence detected
2026-09-12T09:30:30+0800 ADMISSION_BLOCKED provider quota/rate-limit evidence detected
2026-09-12T09:31:30+0800 ADMISSION_BLOCKED provider quota/rate-limit evidence detected
2026-09-12T09:32:30+0800 ADMISSION_BLOCKED provider quota/rate-limit evidence detected
2026-09-12T09:33:30+0800 ADMISSION_BLOCKED provider quota/rate-limit evidence detected
2026-09-12T09:34:30+0800 ADMISSION_BLOCKED provider quota/rate-limit evidence detected
2026-09-12T09:35:30+0800 ADMISSION_BLOCKED provider quota/rate-limit evidence detected
2026-09-12T09:36:30+0800 ADMISSION_BLOCKED provider quota/rate-limit evidence detected
2026-09-12T09:37:30+0800 ADMISSION_BLOCKED provider quota/rate-limit evidence detected
2026-09-12T09:38:30+0800 ADMISSION_BLOCKED provider quota/rate-limit evidence detected
2026-09-12T09:39:30+0800 ADMISSION_BLOCKED provider quota/rate-limit evidence detected
2026-09-12T09:40:30+0800 ADMISSION_BLOCKED provider quota/rate-limit evidence detected
2026-09-12T09:41:30+0800 ADMISSION_BLOCKED provider quota/rate-limit evidence detected
2026-09-12T09:42:30+0800 ADMISSION_BLOCKED provider quota/rate-limit evidence detected
2026-09-12T09:43:30+0800 ADMISSION_BLOCKED provider quota/rate-limit evidence detected
2026-09-12T09:44:30+0800 ADMISSION_BLOCKED provider quota/rate-limit evidence detected
2026-09-12T09:45:31+0800 ADMISSION_BLOCKED provider quota/rate-limit evidence detected
2026-09-12T09:46:31+0800 ADMISSION_BLOCKED provider quota/rate-limit evidence detected
2026-09-12T09:47:31+0800 ADMISSION_BLOCKED provider quota/rate-limit evidence detected
2026-09-12T09:48:31+0800 ADMISSION_BLOCKED provider quota/rate-limit evidence detected
2026-09-12T09:49:31+0800 ADMISSION_BLOCKED provider quota/rate-limit evidence detected
2026-09-12T09:50:31+0800 ADMISSION_BLOCKED provider quota/rate-limit evidence detected
2026-09-12T09:51:31+0800 ADMISSION_BLOCKED provider quota/rate-limit evidence detected
2026-09-12T09:52:31+0800 ADMISSION_BLOCKED provider quota/rate-limit evidence detected
2026-09-12T09:53:31+0800 ADMISSION_BLOCKED provider quota/rate-limit evidence detected
2026-09-12T09:54:31+0800 ADMISSION_BLOCKED provider quota/rate-limit evidence detected
2026-09-12T09:55:31+0800 ADMISSION_BLOCKED provider quota/rate-limit evidence detected
2026-09-12T09:56:31+0800 ADMISSION_BLOCKED provider quota/rate-limit evidence detected
2026-09-12T09:57:31+0800 ADMISSION_BLOCKED provider quota/rate-limit evidence detected
2026-09-12T09:57:41+0800 RESUME L4-child-conjugate-point-bound provider admission evidence expired; requeued from checkpoint
2026-09-12T09:57:41+0800 RESUME L4-child-pointed-gh-transport provider admission evidence expired; requeued from checkpoint
2026-09-12T09:57:41+0800 RESUME L4-child-sturm-zero-interlacing provider admission evidence expired; requeued from checkpoint
2026-09-12T09:57:41+0800 RESUME L4-child-gh-family-covers provider admission evidence expired; requeued from checkpoint
2026-09-12T09:57:41+0800 RESUME L4-child-ricci-to-doubling provider admission evidence expired; requeued from checkpoint
2026-09-12T09:57:41+0800 LAUNCH L4-child-conjugate-point-bound (L4-child-conjugate-point-bound.md)
2026-09-12T10:04:41+0800 LAUNCH L4-child-pointed-gh-transport (L4-child-pointed-gh-transport.md)
2026-09-12T10:04:41+0800 LAUNCH L4-child-sturm-zero-interlacing (L4-child-sturm-zero-interlacing.md)
2026-09-12T10:04:41+0800 LAUNCH L4-child-gh-family-covers (L4-child-gh-family-covers.md)
2026-09-12T10:04:41+0800 LAUNCH L4-child-ricci-to-doubling (L4-child-ricci-to-doubling.md)
2026-09-12T10:19:42+0800 GATE_START L4-child-gh-family-covers
2026-09-12T10:21:42+0800 GATE_START L4-child-pointed-gh-transport
2026-09-12T10:21:42+0800 PROMOTE L4-child-gh-family-covers compiled (gate 70 files; semantic review pending)
2026-09-12T10:23:43+0800 PROMOTE L4-child-pointed-gh-transport compiled (gate 72 files; semantic review pending)
