'Poincare.D7.Volume.VolumeFormData' depends on axioms: [propext, Classical.choice, Quot.sound]
'Poincare.D7.Volume.VolumeFormData.volumeForm' depends on axioms: [propext, Classical.choice, Quot.sound]
'Poincare.D7.Volume.VolumeFormData.volumeForm_def' depends on axioms: [propext, Classical.choice, Quot.sound]
'Poincare.D7.Volume.VolumeFormData.volumeForm_eq_det' depends on axioms: [propext, Classical.choice, Quot.sound]
'Poincare.D7.Volume.VolumeFormData.volumeForm_eq_neg_det_of_orientation_ne' depends on axioms: [propext,
 Classical.choice,
 Quot.sound]
'Poincare.D7.Volume.VolumeFormData.volumeForm_apply_basis' depends on axioms: [propext, Classical.choice, Quot.sound]
'Poincare.D7.Volume.VolumeFormData.abs_volumeForm_apply_of_orthonormal' depends on axioms: [propext,
 Classical.choice,
 Quot.sound]
'Poincare.D7.Volume.VolumeFormData.reverse' depends on axioms: [propext, Classical.choice, Quot.sound]
'Poincare.D7.Volume.VolumeFormData.reverse_volumeForm' depends on axioms: [propext, Classical.choice, Quot.sound]
'Poincare.D7.Volume.VolumeFormData.volumeForm_comp_linearIsometryEquiv_of_det_pos' depends on axioms: [propext,
 Classical.choice,
 Quot.sound]
'Poincare.D7.Volume.VolumeFormData.volumeForm_comp_linearIsometryEquiv_of_det_neg' depends on axioms: [propext,
 Classical.choice,
 Quot.sound]
'Poincare.D7.Volume.VolumeFormData.std' depends on axioms: [propext, Classical.choice, Quot.sound]
'Poincare.D7.Volume.VolumeFormData.std_volumeForm_eq_det' depends on axioms: [propext, Classical.choice, Quot.sound]
'Poincare.D7.Volume.sqrtInvUnit' depends on axioms: [propext, Classical.choice, Quot.sound]
'Poincare.D7.Volume.sqrtInvUnit_val' depends on axioms: [propext, Classical.choice, Quot.sound]
'Poincare.D7.Volume.sqrtInvUnit_pos' depends on axioms: [propext, Classical.choice, Quot.sound]
'Poincare.D7.Volume.sqrt_pow_eq_rpow_half' depends on axioms: [propext, Classical.choice, Quot.sound]
'Poincare.D7.Volume.VolumeFormData.scaledBasis' depends on axioms: [propext, Classical.choice, Quot.sound]
'Poincare.D7.Volume.VolumeFormData.scaledBasis_apply' depends on axioms: [propext, Classical.choice, Quot.sound]
'Poincare.D7.Volume.VolumeFormData.scaledBasis_orthonormal' depends on axioms: [propext, Classical.choice, Quot.sound]
'Poincare.D7.Volume.VolumeFormData.scaledBasis_orientation' depends on axioms: [propext, Classical.choice, Quot.sound]
'Poincare.D7.Volume.VolumeFormData.scaledBasis_det_apply' depends on axioms: [propext, Classical.choice, Quot.sound]
'Poincare.D7.Volume.VolumeFormData.scaledVolumeForm' depends on axioms: [propext, Classical.choice, Quot.sound]
'Poincare.D7.Volume.VolumeFormData.scaledVolumeForm_apply' depends on axioms: [propext, Classical.choice, Quot.sound]
'Poincare.D7.Volume.VolumeFormData.volumeForm_smul_metric' depends on axioms: [propext, Classical.choice, Quot.sound]
'Poincare.D7.Volume.VolumeFormData.scaledVolumeForm_eq_det' depends on axioms: [propext, Classical.choice, Quot.sound]
'Poincare.D7.Volume.VolumeFormData.scaledVolumeForm_one' depends on axioms: [propext, Classical.choice, Quot.sound]
'Poincare.D7.Volume.VolumeFormData.volumeForm_comp_linearMap' depends on axioms: [propext, Classical.choice, Quot.sound]
'Poincare.D7.Volume.VolumeFormData.volumeForm_comp_linearMap_ne_zero' depends on axioms: [propext,
 Classical.choice,
 Quot.sound]
'Poincare.D7.Volume.lintegral_comp_linearMap_eq' depends on axioms: [propext, Classical.choice, Quot.sound]
'Poincare.D7.Volume.lintegral_linearMap_eq' depends on axioms: [propext, Classical.choice, Quot.sound]
'Poincare.D7.Volume.map_linearMap_eq_smul_addHaar' depends on axioms: [propext, Classical.choice, Quot.sound]
'Poincare.D7.Volume.addHaar_preimage_linearMap'' depends on axioms: [propext, Classical.choice, Quot.sound]
'Poincare.D7.Volume.addHaar_image_linearMap'' depends on axioms: [propext, Classical.choice, Quot.sound]
'Poincare.D7.Volume.euclideanVolumeFormData' depends on axioms: [propext, Classical.choice, Quot.sound]
'Poincare.D7.Volume.euclideanVolumeFormData_n' depends on axioms: [propext, Classical.choice, Quot.sound]
'Poincare.D7.Volume.euclideanVolumeFormData_volumeForm_eq_det' depends on axioms: [propext,
 Classical.choice,
 Quot.sound]
'Poincare.D7.Volume.euclideanVolumeFormData_one_apply' depends on axioms: [propext, Classical.choice, Quot.sound]
'Poincare.D7.Volume.euclideanVolumeFormData_two_apply' depends on axioms: [propext, Classical.choice, Quot.sound]
'Poincare.D7.Volume.euclideanVolumeFormData_apply_basis' depends on axioms: [propext, Classical.choice, Quot.sound]
'Poincare.D7.Volume.euclideanVolumeFormData_scaling_witness' depends on axioms: [propext, Classical.choice, Quot.sound]
'Poincare.D7.Volume.euclideanVolumeFormData_reverse_apply_basis' depends on axioms: [propext,
 Classical.choice,
 Quot.sound]
'Poincare.D7.Volume.euclideanVolumeFormData_changeOfVariables_witness' depends on axioms: [propext,
 Classical.choice,
 Quot.sound]
'Poincare.D7.Volume.BlockerRiemannianVolumeForm' does not depend on any axioms
'Poincare.D7.Volume.BlockerManifoldMeasureTheory' does not depend on any axioms
'Poincare.D7.Volume.BlockerManifoldOrientation' does not depend on any axioms
'Poincare.D7.Volume.BlockerRiemannianVolumeForm_ne_nil' depends on axioms: [propext, Classical.choice, Quot.sound]
'Poincare.D7.Volume.BlockerManifoldMeasureTheory_ne_nil' depends on axioms: [propext, Classical.choice, Quot.sound]
'Poincare.D7.Volume.BlockerManifoldOrientation_ne_nil' depends on axioms: [propext, Classical.choice, Quot.sound]
'Poincare.D7.Volume.finrank_tangentSpace' depends on axioms: [propext, Classical.choice, Quot.sound]
'Poincare.D7.Volume.tangentVolumeForm' depends on axioms: [propext, Classical.choice, Quot.sound]
'Poincare.D7.Volume.TopFormBundle' depends on axioms: [propext, Classical.choice, Quot.sound]
'Poincare.D7.Volume.IsOrientationVolumeForm' depends on axioms: [propext, Classical.choice, Quot.sound]
'Poincare.D7.Volume.RiemannianVolumeFormExistsStatement' depends on axioms: [propext, Classical.choice, Quot.sound]
'Poincare.D7.Volume.RiemannianVolumeFormSmoothStatement' depends on axioms: [propext, Classical.choice, Quot.sound]
'Poincare.D7.Volume.RiemannianVolumeMeasureStatement' depends on axioms: [propext, Classical.choice, Quot.sound]
'Poincare.D7.Volume.MissingMathlibDependencies' does not depend on any axioms
'Poincare.D7.Volume.MissingMathlibDependencies_ne_nil' depends on axioms: [propext]
'Poincare.D7.Volume.MissingMathlibDependencies_length' does not depend on any axioms
