'Poincare.D9.ParabolicEstimates.gronwall_energy_bound' depends on axioms: [propext, Classical.choice, Quot.sound]
'Poincare.D9.ParabolicEstimates.energyDensity' depends on axioms: [propext, Classical.choice, Quot.sound]
'Poincare.D9.ParabolicEstimates.forcingEnergy' depends on axioms: [propext, Classical.choice, Quot.sound]
'Poincare.D9.ParabolicEstimates.EnergyFunctional' depends on axioms: [propext, Classical.choice, Quot.sound]
'Poincare.D9.ParabolicEstimates.EnergyFunctional.energy_nonneg' depends on axioms: [propext,
 Classical.choice,
 Quot.sound]
'Poincare.D9.ParabolicEstimates.EnergyFunctional.energy_eq_integral' depends on axioms: [propext,
 Classical.choice,
 Quot.sound]
'Poincare.D9.ParabolicEstimates.DirichletForm' depends on axioms: [propext, Classical.choice, Quot.sound]
'Poincare.D9.ParabolicEstimates.WeakSolution' depends on axioms: [propext, Classical.choice, Quot.sound]
'Poincare.D9.ParabolicEstimates.EnergyIdentityStatement' depends on axioms: [propext, Classical.choice, Quot.sound]
'Poincare.D9.ParabolicEstimates.ClassicalSolution' depends on axioms: [propext, Classical.choice, Quot.sound]
'Poincare.D9.ParabolicEstimates.ParabolicL2Bound' depends on axioms: [propext, Classical.choice, Quot.sound]
'Poincare.D9.ParabolicEstimates.parabolicL2Bound_of_energyIdentity' depends on axioms: [propext,
 Classical.choice,
 Quot.sound]
'Poincare.D9.ParabolicEstimates.young_integral' depends on axioms: [propext, Classical.choice, Quot.sound]
'Poincare.D9.ParabolicEstimates.zeroEnergyFunctional' depends on axioms: [propext, Classical.choice, Quot.sound]
'Poincare.D9.ParabolicEstimates.zeroDirichletForm' depends on axioms: [propext, Classical.choice, Quot.sound]
'Poincare.D9.ParabolicEstimates.zeroWeakSolution' depends on axioms: [propext, Classical.choice, Quot.sound]
'Poincare.D9.ParabolicEstimates.zeroClassicalSolution' depends on axioms: [propext, Classical.choice, Quot.sound]
'Poincare.D9.ParabolicEstimates.zero_parabolicL2Bound' depends on axioms: [propext, Classical.choice, Quot.sound]
'Poincare.D9.ParabolicEstimates.matrixEnergy' depends on axioms: [propext, Classical.choice, Quot.sound]
'Poincare.D9.ParabolicEstimates.dirichletForm' depends on axioms: [propext, Classical.choice, Quot.sound]
'Poincare.D9.ParabolicEstimates.IsMatrixLaplacian' depends on axioms: [propext, Classical.choice, Quot.sound]
'Poincare.D9.ParabolicEstimates.matrixEnergy_nonneg' depends on axioms: [propext, Classical.choice, Quot.sound]
'Poincare.D9.ParabolicEstimates.matrixEnergy_eq_sum_sq' depends on axioms: [propext, Classical.choice, Quot.sound]
'Poincare.D9.ParabolicEstimates.dirichletForm_nonneg' depends on axioms: [propext, Classical.choice, Quot.sound]
'Poincare.D9.ParabolicEstimates.dirichletForm_symm' depends on axioms: [propext, Classical.choice, Quot.sound]
'Poincare.D9.ParabolicEstimates.matrixEnergy_young' depends on axioms: [propext, Classical.choice, Quot.sound]
'Poincare.D9.ParabolicEstimates.hasDerivAt_matrixEnergy' depends on axioms: [propext, Classical.choice, Quot.sound]
'Poincare.D9.ParabolicEstimates.continuous_matrixEnergy' depends on axioms: [propext, Classical.choice, Quot.sound]
'Poincare.D9.ParabolicEstimates.continuous_dirichletForm' depends on axioms: [propext, Classical.choice, Quot.sound]
'Poincare.D9.ParabolicEstimates.continuous_dotProduct' depends on axioms: [propext, Classical.choice, Quot.sound]
'Poincare.D9.ParabolicEstimates.SemiDiscreteHeatFlow' depends on axioms: [propext, Classical.choice, Quot.sound]
'Poincare.D9.ParabolicEstimates.SemiDiscreteHeatFlow.energy_identity' depends on axioms: [propext,
 Classical.choice,
 Quot.sound]
'Poincare.D9.ParabolicEstimates.SemiDiscreteHeatFlow.energy_deriv_le' depends on axioms: [propext,
 Classical.choice,
 Quot.sound]
'Poincare.D9.ParabolicEstimates.SemiDiscreteHeatFlow.energy_gronwall' depends on axioms: [propext,
 Classical.choice,
 Quot.sound]
'Poincare.D9.ParabolicEstimates.SemiDiscreteHeatFlow.weak_equation' depends on axioms: [propext,
 Classical.choice,
 Quot.sound]
'Poincare.D9.ParabolicEstimates.SemiDiscreteHeatFlow.matrixEnergyFunctional' depends on axioms: [propext,
 Classical.choice,
 Quot.sound]
'Poincare.D9.ParabolicEstimates.SemiDiscreteHeatFlow.matrixDirichletForm' depends on axioms: [propext,
 Classical.choice,
 Quot.sound]
'Poincare.D9.ParabolicEstimates.SemiDiscreteHeatFlow.matrixWeakSolution' depends on axioms: [propext,
 Classical.choice,
 Quot.sound]
'Poincare.D9.ParabolicEstimates.SemiDiscreteHeatFlow.matrixEnergyIdentity' depends on axioms: [propext,
 Classical.choice,
 Quot.sound]
'Poincare.D9.ParabolicEstimates.SemiDiscreteHeatFlow.matrixClassicalSolution' depends on axioms: [propext,
 Classical.choice,
 Quot.sound]
'Poincare.D9.ParabolicEstimates.forcingEnergy_count' depends on axioms: [propext, Classical.choice, Quot.sound]
'Poincare.D9.ParabolicEstimates.matrix_parabolicL2Bound' depends on axioms: [propext, Classical.choice, Quot.sound]
'Poincare.D9.ParabolicEstimates.dirichletForm_transpose_mul_self' depends on axioms: [propext,
 Classical.choice,
 Quot.sound]
'Poincare.D9.ParabolicEstimates.isMatrixLaplacian_transpose_mul_self' depends on axioms: [propext,
 Classical.choice,
 Quot.sound]
'Poincare.D9.ParabolicEstimates.isMatrixLaplacian_zero' depends on axioms: [propext, Classical.choice, Quot.sound]
'Poincare.D9.ParabolicEstimates.zeroHeatFlow' depends on axioms: [propext, Classical.choice, Quot.sound]
'Poincare.D9.ParabolicEstimates.ParabolicData' depends on axioms: [propext, Classical.choice, Quot.sound]
'Poincare.D9.ParabolicEstimates.ManifoldEnergyIdentity' depends on axioms: [propext, Classical.choice, Quot.sound]
'Poincare.D9.ParabolicEstimates.manifoldEnergyIdentity_of_data' depends on axioms: [propext,
 Classical.choice,
 Quot.sound]
'Poincare.D9.ParabolicEstimates.ParabolicL2AprioriEstimate' depends on axioms: [propext, Classical.choice, Quot.sound]
'Poincare.D9.ParabolicEstimates.ParabolicEnergyDissipationEstimate' depends on axioms: [propext,
 Classical.choice,
 Quot.sound]
'Poincare.D9.ParabolicEstimates.parabolicL2AprioriEstimate_iff' depends on axioms: [propext,
 Classical.choice,
 Quot.sound]
'Poincare.D9.ParabolicEstimates.SobolevScale' depends on axioms: [propext, Classical.choice, Quot.sound]
'Poincare.D9.ParabolicEstimates.ParabolicSmoothingEstimate' depends on axioms: [propext, Classical.choice, Quot.sound]
'Poincare.D9.ParabolicEstimates.ParabolicL2ToHkSmoothing' depends on axioms: [propext, Classical.choice, Quot.sound]
'Poincare.D9.ParabolicEstimates.SobolevEmbeddingStatement' depends on axioms: [propext, Classical.choice, Quot.sound]
'Poincare.D9.ParabolicEstimates.SobolevEmbeddingH1ToL6' depends on axioms: [propext, Classical.choice, Quot.sound]
'Poincare.D9.ParabolicEstimates.SobolevEmbeddingH2ToContinuous' depends on axioms: [propext,
 Classical.choice,
 Quot.sound]
'Poincare.D9.ParabolicEstimates.SobolevEmbeddingHkToContinuous' depends on axioms: [propext,
 Classical.choice,
 Quot.sound]
'Poincare.D9.ParabolicEstimates.RellichKondrachovStatement' depends on axioms: [propext, Classical.choice, Quot.sound]
'Poincare.D9.ParabolicEstimates.GagliardoNirenbergInterpolationStatement' depends on axioms: [propext,
 Classical.choice,
 Quot.sound]
'Poincare.D9.ParabolicEstimates.PoincareInequalityStatement' depends on axioms: [propext, Classical.choice, Quot.sound]
'Poincare.D9.ParabolicEstimates.ClosedManifoldParabolicL2AprioriEstimate' depends on axioms: [propext,
 Classical.choice,
 Quot.sound]
'Poincare.D9.ParabolicEstimates.ClosedManifoldParabolicEnergyDissipationEstimate' depends on axioms: [propext,
 Classical.choice,
 Quot.sound]
'Poincare.D9.ParabolicEstimates.ClosedManifoldParabolicSmoothingEstimate' depends on axioms: [propext,
 Classical.choice,
 Quot.sound]
'Poincare.D9.ParabolicEstimates.ClosedManifoldSobolevEmbeddingH1ToL6' depends on axioms: [propext,
 Classical.choice,
 Quot.sound]
'Poincare.D9.ParabolicEstimates.ClosedManifoldSobolevEmbeddingH2ToContinuous' depends on axioms: [propext,
 Classical.choice,
 Quot.sound]
'Poincare.D9.ParabolicEstimates.closedManifoldParabolicL2AprioriEstimate_iff' depends on axioms: [propext,
 Classical.choice,
 Quot.sound]
'Poincare.D9.ParabolicEstimates.closedManifoldParabolicSmoothingEstimate_iff' depends on axioms: [propext,
 Classical.choice,
 Quot.sound]
'Poincare.D9.ParabolicEstimates.zeroSobolevScale' depends on axioms: [propext, Classical.choice, Quot.sound]
'Poincare.D9.ParabolicEstimates.sobolevEmbedding_zero' depends on axioms: [propext, Classical.choice, Quot.sound]
'Poincare.D9.ParabolicEstimates.sobolevEmbeddingH1ToL6_zero' depends on axioms: [propext, Classical.choice, Quot.sound]
'Poincare.D9.ParabolicEstimates.sobolevEmbeddingH2ToContinuous_zero' depends on axioms: [propext,
 Classical.choice,
 Quot.sound]
'Poincare.D9.ParabolicEstimates.rellichKondrachov_zero' depends on axioms: [propext, Classical.choice, Quot.sound]
'Poincare.D9.ParabolicEstimates.poincare_zero' depends on axioms: [propext, Classical.choice, Quot.sound]
'Poincare.D9.ParabolicEstimates.parabolicSmoothingEstimate_zero' depends on axioms: [propext,
 Classical.choice,
 Quot.sound]
'Poincare.D9.ParabolicEstimates.unitSobolevScale' depends on axioms: [propext, Classical.choice, Quot.sound]
'Poincare.D9.ParabolicEstimates.sobolevEmbeddingH1ToL6_unit' depends on axioms: [propext, Classical.choice, Quot.sound]
'Poincare.D9.ParabolicEstimates.sobolevEmbeddingH2ToContinuous_unit' depends on axioms: [propext,
 Classical.choice,
 Quot.sound]
'Poincare.D9.ParabolicEstimates.poincare_unit' depends on axioms: [propext, Classical.choice, Quot.sound]
'Poincare.D9.ParabolicEstimates.matrixParabolicData' depends on axioms: [propext, Classical.choice, Quot.sound]
'Poincare.D9.ParabolicEstimates.parabolicL2AprioriEstimate_matrix' depends on axioms: [propext,
 Classical.choice,
 Quot.sound]
