Poincare/D13/ToppingAdapter/ShortTime.lean:124:6: warning: `push_neg` has been deprecated. Prefer using `push Not` instead.
If you'd rather continue using `push_neg` in your project, you can implement it as follows:
```
open Lean.Parser.Tactic in
macro "push_neg" cfg:optConfig loc:(location)? : tactic =>
  `(tactic| push $cfg:optConfig Not $[$loc]?)
```
Poincare/D13/ToppingAdapter/ShortTime.lean:131:6: warning: `push_neg` has been deprecated. Prefer using `push Not` instead.
If you'd rather continue using `push_neg` in your project, you can implement it as follows:
```
open Lean.Parser.Tactic in
macro "push_neg" cfg:optConfig loc:(location)? : tactic =>
  `(tactic| push $cfg:optConfig Not $[$loc]?)
```
Poincare/D13/ToppingAdapter/ShortTime.lean:138:6: warning: `push_neg` has been deprecated. Prefer using `push Not` instead.
If you'd rather continue using `push_neg` in your project, you can implement it as follows:
```
open Lean.Parser.Tactic in
macro "push_neg" cfg:optConfig loc:(location)? : tactic =>
  `(tactic| push $cfg:optConfig Not $[$loc]?)
```
Poincare/D13/ToppingAdapter/ShortTime.lean:145:51: warning: This simp argument is unused:
  LinearMap.sum_apply

Hint: Omit it from the simp argument list.
  [apply] simp only [map_sum, map_smul, smul_eq_mul, LinearMap.smul_apply]

Note: This linter can be disabled with `set_option linter.unusedSimpArgs false`
Poincare/D13/ToppingAdapter/ShortTime.lean:145:72: warning: This simp argument is unused:
  LinearMap.smul_apply

Hint: Omit it from the simp argument list.
  [apply] simp only [map_sum, map_smul, smul_eq_mul, LinearMap.sum_apply]

Note: This linter can be disabled with `set_option linter.unusedSimpArgs false`
