release/Poincare/D11/Triangulation3D/DeltaComplex.lean:711:0: error: (deterministic) timeout at `whnf`, maximum number of heartbeats (2000000) has been reached

Note: Use `set_option maxHeartbeats <num>` to set the limit.

Hint: Additional diagnostic information may be available using the `set_option diagnostics true` command.
release/Poincare/D11/Triangulation3D/DeltaComplex.lean:823:3: error: Application type mismatch: The argument
  T.edgeClasses
has type
  Finset (Finset (Finset (Corner N)))
but is expected to have type
  Finset (Finset (Corner N))
in the application
  {E ∈ T.edgeClasses | {?m.12, ?m.16} ⊆ E}
release/Poincare/D11/Triangulation3D/DeltaComplex.lean:895:23: warning: Variable name `T` is not explicitly referenced.

Hint: The binding can be removed (if unused) or named `_` (if used implicitly). Alternatively, prefix the name with `_` to silence this warning:
  [apply] _T

Note: This linter can be disabled with `set_option linter.unusedVariables false`
release/Poincare/D11/Triangulation3D/DeltaComplex.lean:900:24: warning: Variable name `T` is not explicitly referenced.

Hint: The binding can be removed (if unused) or named `_` (if used implicitly). Alternatively, prefix the name with `_` to silence this warning:
  [apply] _T

Note: This linter can be disabled with `set_option linter.unusedVariables false`
release/Poincare/D11/Triangulation3D/DeltaComplex.lean:925:21: warning: Variable name `T` is not explicitly referenced.

Hint: The binding can be removed (if unused) or named `_` (if used implicitly). Alternatively, prefix the name with `_` to silence this warning:
  [apply] _T

Note: This linter can be disabled with `set_option linter.unusedVariables false`
release/Poincare/D11/Triangulation3D/DeltaComplex.lean:1071:22: warning: Variable name `T` is not explicitly referenced.

Hint: The binding can be removed (if unused) or named `_` (if used implicitly). Alternatively, prefix the name with `_` to silence this warning:
  [apply] _T

Note: This linter can be disabled with `set_option linter.unusedVariables false`
release/Poincare/D11/Triangulation3D/DeltaComplex.lean:1102:18: warning: Variable name `T` is not explicitly referenced.

Hint: The binding can be removed (if unused) or named `_` (if used implicitly). Alternatively, prefix the name with `_` to silence this warning:
  [apply] _T

Note: This linter can be disabled with `set_option linter.unusedVariables false`
release/Poincare/D11/Triangulation3D/DeltaComplex.lean:1215:18: warning: Variable name `g` is not explicitly referenced.

Hint: The binding can be removed (if unused) or named `_` (if used implicitly). Alternatively, prefix the name with `_` to silence this warning:
  [apply] _g

Note: This linter can be disabled with `set_option linter.unusedVariables false`

real	2m4.515s
user	1m56.662s
sys	0m10.566s
