	Command being timed: "lake env lean Audit/D9/IndepCensus.lean"
	User time (seconds): 322.94
	System time (seconds): 4.41
	Percent of CPU this job got: 100%
	Elapsed (wall clock) time (h:mm:ss or m:ss): 5:27.17
	Average shared text size (kbytes): 0
	Average unshared data size (kbytes): 0
	Average stack size (kbytes): 0
	Average total size (kbytes): 0
	Maximum resident set size (kbytes): 7044392
	Average resident set size (kbytes): 0
	Major (requiring I/O) page faults: 0
	Minor (reclaiming a frame) page faults: 229139
	Voluntary context switches: 925
	Involuntary context switches: 247
	Swaps: 0
	File system inputs: 0
	File system outputs: 57312
	Socket messages sent: 0
	Socket messages received: 0
	Signals delivered: 0
	Page size (bytes): 4096
	Exit status: 0
CENSUS_EXIT=0
