Audit/D9/IndepFindings.lean:245:41: warning: `if_false` has been deprecated: Use `ite_false` instead
Audit/D9/IndepFindings.lean:239:47: error: unsolved goals
H :
  ∀ (state : ℕ → Fin 1 → ℝ) (limit : Fin 1 → ℝ),
    Tendsto state atTop (𝓝 limit) → perelmanF (fun x => 0) limit ≤ perelmanF (fun x => 0) (state 0)
state : ℕ → Fin 1 → ℝ := fun n x => if n = 0 then 1 else 2
limit : Fin 1 → ℝ := fun x => 2
i : Fin 1
n : ℕ
hn : 1 ≤ n
⊢ limit i = 2
'D9Indep.releaseCheck_marker_is_True' does not depend on any axioms
'D9Indep.missingSphereRecognitionAlgorithm_trivial' depends on axioms: [propext, Classical.choice, Quot.sound]
'D9Indep.missingKappaPersistenceUnderSurgery_trivial' depends on axioms: [propext, Classical.choice, Quot.sound]
'D9Indep.missingCanonicalNeighborhoodTheorem_trivial' does not depend on any axioms
'D9Indep.missingKappaNoncollapsing_vacuous' depends on axioms: [propext, Classical.choice, Quot.sound]
'D9Indep.covariantDerivativeCurvatureStatement_trivial' depends on axioms: [propext, Classical.choice, Quot.sound]
'D9Indep.perelmanApproximation_iff_fields' depends on axioms: [propext, Classical.choice, Quot.sound]
'D9Indep.perelmanEvolutionBoundary_iff_fields' depends on axioms: [propext, Classical.choice, Quot.sound]
'D9Indep.extinctionTheorem_iff_prop_chain' does not depend on any axioms
'D9Indep.neckAnalysis_iff_prop_chain' does not depend on any axioms
'D9Indep.gibbs_threshold_exactly_one' depends on axioms: [propext, Classical.choice, Quot.sound]
'D9Indep.continuous_monotonicity_needs_identification' depends on axioms: [propext, Classical.choice, Quot.sound]
'D9Indep.limit_passage_needs_monotonicity' depends on axioms: [propext, sorryAx, Classical.choice, Quot.sound]
