=== exit 0 ===
--- stdout ---
'Poincare.D7.LeviCivita.affineConnection_apply' depends on axioms: [propext, Classical.choice, Quot.sound]
'Poincare.D7.LeviCivita.isMetricCompatible_affine' depends on axioms: [propext, Classical.choice, Quot.sound]
'Poincare.D7.LeviCivita.isTorsionFree_affine' depends on axioms: [propext, Classical.choice, Quot.sound]
'Poincare.D7.LeviCivita.isLeviCivita_affine' depends on axioms: [propext, Classical.choice, Quot.sound]
'Poincare.D7.LeviCivita.affineConnection_one' depends on axioms: [propext, Classical.choice, Quot.sound]
'Poincare.D7.LeviCivita.affineConnection_zero' depends on axioms: [propext, Classical.choice, Quot.sound]
'Poincare.D7.LeviCivita.affineConnection_self' depends on axioms: [propext, Classical.choice, Quot.sound]
'Poincare.D7.LeviCivita.meanConnection_apply' depends on axioms: [propext, Classical.choice, Quot.sound]
'Poincare.D7.LeviCivita.isMetricCompatible_mean' depends on axioms: [propext, Classical.choice, Quot.sound]
'Poincare.D7.LeviCivita.isTorsionFree_mean' depends on axioms: [propext, Classical.choice, Quot.sound]
'Poincare.D7.LeviCivita.isLeviCivita_mean' depends on axioms: [propext, Classical.choice, Quot.sound]
'Poincare.D7.LeviCivita.meanConnection_self' depends on axioms: [propext, Classical.choice, Quot.sound]
'Poincare.D7.LeviCivita.meanConnection_comm' depends on axioms: [propext, Classical.choice, Quot.sound]
'Poincare.D7.LeviCivita.meanConnection_eq_left' depends on axioms: [propext, Classical.choice, Quot.sound]
'Poincare.D7.LeviCivita.meanConnection_eq_right' depends on axioms: [propext, Classical.choice, Quot.sound]
'Poincare.D7.LeviCivita.differenceTensor_apply' depends on axioms: [propext, Classical.choice, Quot.sound]
'Poincare.D7.LeviCivita.differenceTensor_add_left' depends on axioms: [propext, Classical.choice, Quot.sound]
'Poincare.D7.LeviCivita.differenceTensor_add_right' depends on axioms: [propext, Classical.choice, Quot.sound]
'Poincare.D7.LeviCivita.differenceTensor_self' depends on axioms: [propext, Classical.choice, Quot.sound]
'Poincare.D7.LeviCivita.differenceTensor_antisymm' depends on axioms: [propext, Classical.choice, Quot.sound]
'Poincare.D7.LeviCivita.differenceTensor_symm' depends on axioms: [propext, Classical.choice, Quot.sound]
'Poincare.D7.LeviCivita.differenceTensor_metric_antisymm' depends on axioms: [propext, Classical.choice, Quot.sound]
'Poincare.D7.LeviCivita.differenceTensor_eq_zero_of_isLeviCivita' depends on axioms: [propext,
 Classical.choice,
 Quot.sound]
'Poincare.D7.LeviCivita.eq_sub_differenceTensor' depends on axioms: [propext, Classical.choice, Quot.sound]
'Poincare.D7.Curvature.RiemannCurvatureData.meanData_conn' depends on axioms: [propext, Classical.choice, Quot.sound]
'Poincare.D7.Curvature.RiemannCurvatureData.meanData_metric' depends on axioms: [propext, Classical.choice, Quot.sound]
'Poincare.D7.Curvature.RiemannCurvatureData.meanData_lie' depends on axioms: [propext, Classical.choice, Quot.sound]
'Poincare.D7.Curvature.RiemannCurvatureData.meanData_self' depends on axioms: [propext, Classical.choice, Quot.sound]
'Poincare.D7.Curvature.RiemannCurvatureData.differenceTensor_symm' depends on axioms: [propext,
 Classical.choice,
 Quot.sound]
'Poincare.D7.LeviCivita.sum_connectionCoefficient_smul' depends on axioms: [propext, Classical.choice, Quot.sound]
'Poincare.D7.LeviCivita.form_nabla_basis' depends on axioms: [propext, Classical.choice, Quot.sound]
'Poincare.D7.LeviCivita.isMetricCompatible_coefficient_relation' depends on axioms: [propext,
 Classical.choice,
 Quot.sound]
'Poincare.D7.LeviCivita.isTorsionFree_coefficient_relation' depends on axioms: [propext, Classical.choice, Quot.sound]
'Poincare.D7.LeviCivita.connectionCoefficient_affine' depends on axioms: [propext, Classical.choice, Quot.sound]
'Poincare.D7.LeviCivita.connectionCoefficient_mean' depends on axioms: [propext, Classical.choice, Quot.sound]
'Poincare.D7.LeviCivita.connectionCoefficient_difference' depends on axioms: [propext, Classical.choice, Quot.sound]
'Poincare.D7.LeviCivita.isMetricCompatible_coefficient_relation_affine' depends on axioms: [propext,
 Classical.choice,
 Quot.sound]
'Poincare.D7.LeviCivita.isTorsionFree_coefficient_relation_affine' depends on axioms: [propext,
 Classical.choice,
 Quot.sound]
'Poincare.D7.LeviCivita.contMDiff_const_smul_field' depends on axioms: [propext, Classical.choice, Quot.sound]
'Poincare.D7.LeviCivita.contMDiff_coefficientField' depends on axioms: [propext, Classical.choice, Quot.sound]
'Poincare.D7.LeviCivita.contMDiff_coefficientField_comp_chart' depends on axioms: [propext,
 Classical.choice,
 Quot.sound]
'Poincare.D7.LeviCivita.affineField_apply' depends on axioms: [propext, Classical.choice, Quot.sound]
'Poincare.D7.LeviCivita.contMDiff_affineField' depends on axioms: [propext, Classical.choice, Quot.sound]
'Poincare.D7.LeviCivita.coefficientField_affineField' depends on axioms: [propext, Classical.choice, Quot.sound]
'Poincare.D7.LeviCivita.SmoothCoefficientSystem.affineCombination' depends on axioms: [propext,
 Classical.choice,
 Quot.sound]
'Poincare.D7.LeviCivita.SmoothCoefficientSystem.mean' depends on axioms: [propext, Classical.choice, Quot.sound]
'Poincare.D7.LeviCivita.SmoothCoefficientSystem.pullback' depends on axioms: [propext, Classical.choice, Quot.sound]
'Poincare.D7.LeviCivita.SmoothCoefficientSystem.const' depends on axioms: [propext, Classical.choice, Quot.sound]
'Poincare.D7.LeviCivita.SmoothCoefficientSystem.const_coeff' depends on axioms: [propext, Classical.choice, Quot.sound]
'Poincare.D7.LeviCivita.SmoothCoefficientSystem.affineCombination_coeff' depends on axioms: [propext,
 Classical.choice,
 Quot.sound]
'Poincare.D7.LeviCivita.SmoothCoefficientSystem.mean_coeff' depends on axioms: [propext, Classical.choice, Quot.sound]
'Poincare.D7.LeviCivita.contDiff_fderiv_coefficient' depends on axioms: [propext, Classical.choice, Quot.sound]
'Poincare.D7.LeviCivita.contDiff_christoffelSymbol' depends on axioms: [propext, Classical.choice, Quot.sound]
'Poincare.D7.LeviCivita.contDiff_euclidean_christoffel' depends on axioms: [propext, Classical.choice, Quot.sound]
'Poincare.D7.LeviCivita.BlockerLeviCivitaSmoothness_ne_nil' depends on axioms: [propext, Classical.choice, Quot.sound]
'Poincare.D7.LeviCivita.BlockerCovariantDerivativeCurvature_ne_nil' depends on axioms: [propext,
 Classical.choice,
 Quot.sound]
'Poincare.D7.LeviCivita.BlockerSecondBianchi_ne_nil' depends on axioms: [propext, Classical.choice, Quot.sound]
'Poincare.D7.LeviCivita.LeviCivitaSmoothnessMissingDependencies_ne_nil' depends on axioms: [propext]
'Poincare.D7.LeviCivita.CovariantDerivativeCurvatureMissingDependencies_ne_nil' depends on axioms: [propext]
'Poincare.D7.LeviCivita.leviCivitaConnection_isLeviCivitaConnection' depends on axioms: [propext,
 Classical.choice,
 Quot.sound]
'Poincare.D7.LeviCivita.smoothLeviCivitaExistence_of_smoothness' depends on axioms: [propext,
 Classical.choice,
 Quot.sound]
'Poincare.D7.LeviCivita.leviCivitaSmoothness_iff_contMDiff' depends on axioms: [propext, Classical.choice, Quot.sound]
'Poincare.D7.LeviCivita.covariantDerivativeCurvatureMatchesD7_of_data' depends on axioms: [propext,
 Classical.choice,
 Quot.sound]
'Poincare.D7.LeviCivita.covariantDerivativeCurvatureStatement_of_matchesD7' depends on axioms: [propext,
 Classical.choice,
 Quot.sound]
--- stderr ---
