=== exit 0 ===
--- stdout ---
CovariantDerivative.{u_1, u_2, u_3, u_4, u_5, u_6} {𝕜 : Type u_1} [NontriviallyNormedField 𝕜] {E : Type u_2}
  [NormedAddCommGroup E] [NormedSpace 𝕜 E] {H : Type u_3} [TopologicalSpace H] (I : ModelWithCorners 𝕜 E H)
  {M : Type u_4} [TopologicalSpace M] [ChartedSpace H M] (F : Type u_5) [NormedAddCommGroup F] [NormedSpace 𝕜 F]
  (V : M → Type u_6) [TopologicalSpace (TotalSpace F V)] [(x : M) → AddCommGroup (V x)] [(x : M) → Module 𝕜 (V x)]
  [(x : M) → TopologicalSpace (V x)] [∀ (x : M), IsTopologicalAddGroup (V x)] [∀ (x : M), ContinuousSMul 𝕜 (V x)]
  [FiberBundle F V] : Type (max (max u_2 u_4) u_6)
CovariantDerivative.torsion.{u_1, u_2, u_3, u_4} {𝕜 : Type u_1} [NontriviallyNormedField 𝕜] {E : Type u_2}
  [NormedAddCommGroup E] [NormedSpace 𝕜 E] {H : Type u_3} [TopologicalSpace H] {I : ModelWithCorners 𝕜 E H}
  {M : Type u_4} [TopologicalSpace M] [ChartedSpace H M] [CompleteSpace 𝕜] [CompleteSpace E] [FiniteDimensional 𝕜 E]
  [IsManifold I 2 M] (cov : CovariantDerivative I E (TangentSpace I)) (x : M) :
  TangentSpace I x →L[𝕜] TangentSpace I x →L[𝕜] TangentSpace I x
CovariantDerivative.torsion_apply.{u_1, u_2, u_3, u_4} {𝕜 : Type u_1} [NontriviallyNormedField 𝕜] {E : Type u_2}
  [NormedAddCommGroup E] [NormedSpace 𝕜 E] {H : Type u_3} [TopologicalSpace H] {I : ModelWithCorners 𝕜 E H}
  {M : Type u_4} [TopologicalSpace M] [ChartedSpace H M] {x : M} [CompleteSpace 𝕜] [CompleteSpace E]
  [FiniteDimensional 𝕜 E] [IsManifold I 2 M] (cov : CovariantDerivative I E (TangentSpace I))
  {X Y : (x : M) → TangentSpace I x} (hX : MDiffAt (T% X) x) (hY : MDiffAt (T% Y) x) :
  ((cov.torsion x) (X x)) (Y x) = (↑cov Y x) (X x) - (↑cov X x) (Y x) - VectorField.mlieBracket I X Y x
CovariantDerivative.torsion_antisymm.{u_1, u_2, u_3, u_4} {𝕜 : Type u_1} [NontriviallyNormedField 𝕜] {E : Type u_2}
  [NormedAddCommGroup E] [NormedSpace 𝕜 E] {H : Type u_3} [TopologicalSpace H] {I : ModelWithCorners 𝕜 E H}
  {M : Type u_4} [TopologicalSpace M] [ChartedSpace H M] {x : M} [CompleteSpace 𝕜] [CompleteSpace E]
  [FiniteDimensional 𝕜 E] [IsManifold I 2 M] (cov : CovariantDerivative I E (TangentSpace I))
  (X₀ Y₀ : TangentSpace I x) : ((cov.torsion x) X₀) Y₀ = -((cov.torsion x) Y₀) X₀
CovariantDerivative.torsion_eq_zero_iff.{u_1, u_2, u_3, u_4} {𝕜 : Type u_1} [NontriviallyNormedField 𝕜] {E : Type u_2}
  [NormedAddCommGroup E] [NormedSpace 𝕜 E] {H : Type u_3} [TopologicalSpace H] {I : ModelWithCorners 𝕜 E H}
  {M : Type u_4} [TopologicalSpace M] [ChartedSpace H M] [CompleteSpace 𝕜] [CompleteSpace E] [FiniteDimensional 𝕜 E]
  [IsManifold I 2 M] (cov : CovariantDerivative I E (TangentSpace I)) :
  cov.torsion = 0 ↔
    ∀ {X Y : (x : M) → TangentSpace I x} {x : M},
      MDiffAt (T% X) x → MDiffAt (T% Y) x → (↑cov Y x) (X x) - (↑cov X x) (Y x) = VectorField.mlieBracket I X Y x
CovariantDerivative.IsMetricCompatible.{u_1, u_2, u_3, u_4, u_5} {E : Type u_1} [NormedAddCommGroup E] [NormedSpace ℝ E]
  {H : Type u_2} [TopologicalSpace H] {I : ModelWithCorners ℝ E H} {M : Type u_3} [TopologicalSpace M]
  [ChartedSpace H M] {F : Type u_4} [NormedAddCommGroup F] [NormedSpace ℝ F] {V : M → Type u_5}
  [TopologicalSpace (TotalSpace F V)] [(x : M) → NormedAddCommGroup (V x)] [(x : M) → InnerProductSpace ℝ (V x)]
  [FiberBundle F V] (cov : CovariantDerivative I F V) [VectorBundle ℝ F V] [IsContMDiffRiemannianBundle I 1 F V]
  [ContMDiffVectorBundle 1 F V I] [FiniteDimensional ℝ F] : Prop
CovariantDerivative.IsMetricCompatible.mvfderiv_inner_eq.{u_1, u_2, u_3, u_4, u_5} {E : Type u_1} [NormedAddCommGroup E]
  [NormedSpace ℝ E] {H : Type u_2} [TopologicalSpace H] {I : ModelWithCorners ℝ E H} {M : Type u_3} [TopologicalSpace M]
  [ChartedSpace H M] {F : Type u_4} [NormedAddCommGroup F] [NormedSpace ℝ F] {V : M → Type u_5}
  [TopologicalSpace (TotalSpace F V)] [(x : M) → NormedAddCommGroup (V x)] [(x : M) → InnerProductSpace ℝ (V x)]
  [FiberBundle F V] {cov : CovariantDerivative I F V} [VectorBundle ℝ F V] [IsContMDiffRiemannianBundle I 1 F V]
  [ContMDiffVectorBundle 1 F V I] [FiniteDimensional ℝ F] (hcov : cov.IsMetricCompatible) {x : M}
  (X : (x : M) → TangentSpace I x) {σ τ : (x : M) → V x} (hσ : MDiffAt (T% σ) x) (hτ : MDiffAt (T% τ) x) :
  ((d% fun x => inner ℝ (σ x) (τ x)) x) (X x) =
    (fun x => inner ℝ ((fun x => (↑cov σ x) (X x)) x) (τ x)) x +
      (fun x => inner ℝ (σ x) ((fun x => (↑cov τ x) (X x)) x)) x
CovariantDerivative.isMetricCompatible_iff.{u_1, u_2, u_3, u_4, u_5} {E : Type u_1} [NormedAddCommGroup E]
  [NormedSpace ℝ E] {H : Type u_2} [TopologicalSpace H] {I : ModelWithCorners ℝ E H} {M : Type u_3} [TopologicalSpace M]
  [ChartedSpace H M] {F : Type u_4} [NormedAddCommGroup F] [NormedSpace ℝ F] {V : M → Type u_5}
  [TopologicalSpace (TotalSpace F V)] [(x : M) → NormedAddCommGroup (V x)] [(x : M) → InnerProductSpace ℝ (V x)]
  [FiberBundle F V] (cov : CovariantDerivative I F V) [VectorBundle ℝ F V] [IsContMDiffRiemannianBundle I 1 F V]
  [ContMDiffVectorBundle 1 F V I] [IsManifold I 1 M] [FiniteDimensional ℝ F] :
  cov.IsMetricCompatible ↔
    ∀ {x : M} {X : (x : M) → TangentSpace I x} {σ τ : (x : M) → V x},
      MDiffAt (T% X) x →
        MDiffAt (T% σ) x →
          MDiffAt (T% τ) x →
            ((d% fun x => inner ℝ (σ x) (τ x)) x) (X x) =
              (fun x => inner ℝ ((fun x => (↑cov σ x) (X x)) x) (τ x)) x +
                (fun x => inner ℝ (σ x) ((fun x => (↑cov τ x) (X x)) x)) x
CovariantDerivative.IsLeviCivitaConnection.{u_1, u_2, u_3} {E : Type u_1} [NormedAddCommGroup E] [NormedSpace ℝ E]
  {H : Type u_2} [TopologicalSpace H] (I : ModelWithCorners ℝ E H) {M : Type u_3} [TopologicalSpace M]
  [ChartedSpace H M] [IsManifold I 2 M] [RiemannianBundle fun x => TangentSpace I x]
  (cov : CovariantDerivative I E (TangentSpace I)) [IsContMDiffRiemannianBundle I 1 E fun x => TangentSpace I x]
  [FiniteDimensional ℝ E] : Prop
CovariantDerivative.IsLeviCivitaConnection.apply_eq.{u_1, u_2, u_3} {E : Type u_1} [NormedAddCommGroup E]
  [NormedSpace ℝ E] {H : Type u_2} [TopologicalSpace H] (I : ModelWithCorners ℝ E H) {M : Type u_3} [TopologicalSpace M]
  [ChartedSpace H M] [IsManifold I 2 M] [RiemannianBundle fun x => TangentSpace I x]
  {X Y Z : (x : M) → TangentSpace I x} {cov : CovariantDerivative I E (TangentSpace I)}
  [IsContMDiffRiemannianBundle I 1 E fun x => TangentSpace I x] {x : M} [FiniteDimensional ℝ E]
  (h : CovariantDerivative.IsLeviCivitaConnection I cov) (hX : MDiffAt (T% X) x) (hY : MDiffAt (T% Y) x)
  (hZ : MDiffAt (T% Z) x) :
  (fun x => inner ℝ ((fun x => (↑cov Y x) (X x)) x) (Z x)) x =
    (((d% fun x => inner ℝ (Y x) (Z x)) x) (X x) + ((d% fun x => inner ℝ (Z x) (X x)) x) (Y x) -
              ((d% fun x => inner ℝ (X x) (Y x)) x) (Z x) -
            (fun x => inner ℝ (Y x) (VectorField.mlieBracket I X Z x)) x -
          (fun x => inner ℝ (Z x) (VectorField.mlieBracket I Y X x)) x +
        (fun x => inner ℝ (X x) (VectorField.mlieBracket I Z Y x)) x) /
      2
CovariantDerivative.IsLeviCivitaConnection.apply_eq_extend.{u_1, u_2, u_3} {E : Type u_1} [NormedAddCommGroup E]
  [NormedSpace ℝ E] {H : Type u_2} [TopologicalSpace H] (I : ModelWithCorners ℝ E H) {M : Type u_3} [TopologicalSpace M]
  [ChartedSpace H M] [IsManifold I 2 M] [RiemannianBundle fun x => TangentSpace I x] {Y Z : (x : M) → TangentSpace I x}
  {cov : CovariantDerivative I E (TangentSpace I)} [IsContMDiffRiemannianBundle I 1 E fun x => TangentSpace I x]
  [FiniteDimensional ℝ E] (h : CovariantDerivative.IsLeviCivitaConnection I cov) {x : M} (X₀ : TangentSpace I x)
  (hY : MDiffAt (T% Y) x) (hZ : MDiffAt (T% Z) x) :
  inner ℝ ((↑cov Y x) X₀) (Z x) =
    (((d% fun x => inner ℝ (Y x) (Z x)) x) X₀ +
                ((d% fun x_1 => inner ℝ (Z x_1) (FiberBundle.extend E X₀ x_1)) x) (Y x) -
              ((d% fun x_1 => inner ℝ (FiberBundle.extend E X₀ x_1) (Y x_1)) x) (Z x) -
            (fun x_1 => inner ℝ (Y x_1) (VectorField.mlieBracket I (FiberBundle.extend E X₀) Z x_1)) x -
          (fun x_1 => inner ℝ (Z x_1) (VectorField.mlieBracket I Y (FiberBundle.extend E X₀) x_1)) x +
        inner ℝ X₀ (VectorField.mlieBracket I Z Y x)) /
      2
CovariantDerivative.IsLeviCivitaConnection.uniqueness.{u_1, u_2, u_3} {E : Type u_1} [NormedAddCommGroup E]
  [NormedSpace ℝ E] {H : Type u_2} [TopologicalSpace H] (I : ModelWithCorners ℝ E H) {M : Type u_3} [TopologicalSpace M]
  [ChartedSpace H M] [IsManifold I 2 M] [RiemannianBundle fun x => TangentSpace I x] {Y : (x : M) → TangentSpace I x}
  {cov cov' : CovariantDerivative I E (TangentSpace I)} [IsContMDiffRiemannianBundle I 1 E fun x => TangentSpace I x]
  {x : M} [FiniteDimensional ℝ E] (hcov : CovariantDerivative.IsLeviCivitaConnection I cov)
  (hcov' : CovariantDerivative.IsLeviCivitaConnection I cov') (hY : MDiffAt (T% Y) x) (X₀ : TangentSpace I x) :
  (↑cov Y x) X₀ = (↑cov' Y x) X₀
CovariantDerivative.leviCivitaConnection.{u_1, u_2, u_3} {E : Type u_1} [NormedAddCommGroup E] [NormedSpace ℝ E]
  {H : Type u_2} [TopologicalSpace H] (I : ModelWithCorners ℝ E H) (M : Type u_3) [TopologicalSpace M]
  [ChartedSpace H M] [IsManifold I 2 M] [RiemannianBundle fun x => TangentSpace I x]
  [IsContMDiffRiemannianBundle I 1 E fun x => TangentSpace I x] [FiniteDimensional ℝ E] :
  CovariantDerivative I E (TangentSpace I)
CovariantDerivative.leviCivitaConnection_apply_inner.{u_1, u_2, u_3} {E : Type u_1} [NormedAddCommGroup E]
  [NormedSpace ℝ E] {H : Type u_2} [TopologicalSpace H] (I : ModelWithCorners ℝ E H) {M : Type u_3} [TopologicalSpace M]
  [ChartedSpace H M] [IsManifold I 2 M] [RiemannianBundle fun x => TangentSpace I x]
  {X Y Z : (x : M) → TangentSpace I x} [IsContMDiffRiemannianBundle I 1 E fun x => TangentSpace I x] {x : M}
  [FiniteDimensional ℝ E] (hX : MDiffAt (T% X) x) (hY : MDiffAt (T% Y) x) (hZ : MDiffAt (T% Z) x) :
  inner ℝ ((↑(CovariantDerivative.leviCivitaConnection I M) Y x) (X x)) (Z x) =
    (((d% fun x => inner ℝ (Y x) (Z x)) x) (X x) + ((d% fun x => inner ℝ (Z x) (X x)) x) (Y x) -
              ((d% fun x => inner ℝ (X x) (Y x)) x) (Z x) -
            (fun x => inner ℝ (Y x) (VectorField.mlieBracket I X Z x)) x -
          (fun x => inner ℝ (Z x) (VectorField.mlieBracket I Y X x)) x +
        (fun x => inner ℝ (X x) (VectorField.mlieBracket I Z Y x)) x) /
      2
CovariantDerivative.leviCivitaConnection_apply_inner_right.{u_1, u_2, u_3} {E : Type u_1} [NormedAddCommGroup E]
  [NormedSpace ℝ E] {H : Type u_2} [TopologicalSpace H] (I : ModelWithCorners ℝ E H) {M : Type u_3} [TopologicalSpace M]
  [ChartedSpace H M] [IsManifold I 2 M] [RiemannianBundle fun x => TangentSpace I x]
  {X Y Z : (x : M) → TangentSpace I x} [IsContMDiffRiemannianBundle I 1 E fun x => TangentSpace I x] {x : M}
  [FiniteDimensional ℝ E] (hX : MDiffAt (T% X) x) (hY : MDiffAt (T% Y) x) (hZ : MDiffAt (T% Z) x) :
  inner ℝ (X x) ((↑(CovariantDerivative.leviCivitaConnection I M) Y x) (Z x)) =
    (((d% fun x => inner ℝ (Y x) (X x)) x) (Z x) + ((d% fun x => inner ℝ (X x) (Z x)) x) (Y x) -
              ((d% fun x => inner ℝ (Z x) (Y x)) x) (X x) -
            (fun x => inner ℝ (Y x) (VectorField.mlieBracket I Z X x)) x -
          (fun x => inner ℝ (X x) (VectorField.mlieBracket I Y Z x)) x +
        (fun x => inner ℝ (Z x) (VectorField.mlieBracket I X Y x)) x) /
      2
CovariantDerivative.isMetricCompatible_leviCivitaConnection.{u_1, u_2, u_3} {E : Type u_1} [NormedAddCommGroup E]
  [NormedSpace ℝ E] {H : Type u_2} [TopologicalSpace H] (I : ModelWithCorners ℝ E H) {M : Type u_3} [TopologicalSpace M]
  [ChartedSpace H M] [IsManifold I 2 M] [RiemannianBundle fun x => TangentSpace I x]
  [IsContMDiffRiemannianBundle I 1 E fun x => TangentSpace I x] [FiniteDimensional ℝ E] :
  (CovariantDerivative.leviCivitaConnection I M).IsMetricCompatible
CovariantDerivative.torsion_leviCivitaConnection_eq_zero.{u_1, u_2, u_3} {E : Type u_1} [NormedAddCommGroup E]
  [NormedSpace ℝ E] {H : Type u_2} [TopologicalSpace H] (I : ModelWithCorners ℝ E H) {M : Type u_3} [TopologicalSpace M]
  [ChartedSpace H M] [IsManifold I 2 M] [RiemannianBundle fun x => TangentSpace I x]
  [IsContMDiffRiemannianBundle I 1 E fun x => TangentSpace I x] [FiniteDimensional ℝ E] :
  (CovariantDerivative.leviCivitaConnection I M).torsion = 0
CovariantDerivative.isLeviCivitaConnection_leviCivitaConnection.{u_1, u_2, u_3} {E : Type u_1} [NormedAddCommGroup E]
  [NormedSpace ℝ E] {H : Type u_2} [TopologicalSpace H] (I : ModelWithCorners ℝ E H) {M : Type u_3} [TopologicalSpace M]
  [ChartedSpace H M] [IsManifold I 2 M] [RiemannianBundle fun x => TangentSpace I x]
  [IsContMDiffRiemannianBundle I 1 E fun x => TangentSpace I x] [FiniteDimensional ℝ E] :
  CovariantDerivative.IsLeviCivitaConnection I (CovariantDerivative.leviCivitaConnection I M)
ContMDiffCovariantDerivativeOn.{u_1, u_2, u_3, u_4, u_5, u_6} {𝕜 : Type u_1} [NontriviallyNormedField 𝕜] {E : Type u_2}
  [NormedAddCommGroup E] [NormedSpace 𝕜 E] {H : Type u_3} [TopologicalSpace H] {I : ModelWithCorners 𝕜 E H}
  {M : Type u_4} [TopologicalSpace M] [ChartedSpace H M] (F : Type u_5) [NormedAddCommGroup F] [NormedSpace 𝕜 F]
  {V : M → Type u_6} [TopologicalSpace (TotalSpace F V)] [(x : M) → AddCommGroup (V x)] [(x : M) → Module 𝕜 (V x)]
  [(x : M) → TopologicalSpace (V x)] [∀ (x : M), IsTopologicalAddGroup (V x)] [∀ (x : M), ContinuousSMul 𝕜 (V x)]
  [FiberBundle F V] [IsManifold I 1 M] [VectorBundle 𝕜 F V] (k : ℕ∞ω)
  (cov : ((x : M) → V x) → (x : M) → TangentSpace I x →L[𝕜] V x) (u : Set M) : Prop
ContMDiffCovariantDerivativeOn.affine_combination.{u_1, u_2, u_3, u_4, u_5, u_6} {𝕜 : Type u_1}
  [NontriviallyNormedField 𝕜] {E : Type u_2} [NormedAddCommGroup E] [NormedSpace 𝕜 E] {H : Type u_3}
  [TopologicalSpace H] {I : ModelWithCorners 𝕜 E H} {M : Type u_4} [TopologicalSpace M] [ChartedSpace H M]
  {F : Type u_5} [NormedAddCommGroup F] [NormedSpace 𝕜 F] {V : M → Type u_6} [TopologicalSpace (TotalSpace F V)]
  [(x : M) → AddCommGroup (V x)] [(x : M) → Module 𝕜 (V x)] [(x : M) → TopologicalSpace (V x)]
  [∀ (x : M), IsTopologicalAddGroup (V x)] [∀ (x : M), ContinuousSMul 𝕜 (V x)] [FiberBundle F V] [IsManifold I 1 M]
  [VectorBundle 𝕜 F V] {cov cov' : ((x : M) → V x) → (x : M) → TangentSpace I x →L[𝕜] V x} {u : Set M} {f : M → 𝕜}
  {n : ℕ∞ω} (hf : ContMDiffOn I 𝓘(𝕜, 𝕜) n f u) (Hcov : ContMDiffCovariantDerivativeOn F n cov u)
  (Hcov' : ContMDiffCovariantDerivativeOn F n cov' u) :
  ContMDiffCovariantDerivativeOn F n (fun σ => f • cov σ + (1 - f) • cov' σ) u
ContMDiffCovariantDerivativeOn.finite_affine_combination.{u_1, u_2, u_3, u_4, u_5, u_6, u_7} {𝕜 : Type u_1}
  [NontriviallyNormedField 𝕜] {E : Type u_2} [NormedAddCommGroup E] [NormedSpace 𝕜 E] {H : Type u_3}
  [TopologicalSpace H] {I : ModelWithCorners 𝕜 E H} {M : Type u_4} [TopologicalSpace M] [ChartedSpace H M]
  {F : Type u_5} [NormedAddCommGroup F] [NormedSpace 𝕜 F] {V : M → Type u_6} [TopologicalSpace (TotalSpace F V)]
  [(x : M) → AddCommGroup (V x)] [(x : M) → Module 𝕜 (V x)] [(x : M) → TopologicalSpace (V x)]
  [∀ (x : M), IsTopologicalAddGroup (V x)] [∀ (x : M), ContinuousSMul 𝕜 (V x)] [FiberBundle F V] [IsManifold I 1 M]
  {n : ℕ∞ω} [VectorBundle 𝕜 F V] {ι : Type u_7} {s : Finset ι} {u : Set M}
  {cov : ι → ((x : M) → V x) → (x : M) → TangentSpace I x →L[𝕜] V x}
  (hcov : ∀ i ∈ s, ContMDiffCovariantDerivativeOn F n (cov i) u) {f : ι → M → 𝕜}
  (hf : ∀ i ∈ s, ContMDiffOn I 𝓘(𝕜, 𝕜) n (f i) u) :
  ContMDiffCovariantDerivativeOn F n (fun σ x => ∑ i ∈ s, f i x • cov i σ x) u
CovariantDerivative.ContMDiffCovariantDerivative.{u_1, u_2, u_3, u_4, u_5, u_6} {𝕜 : Type u_1}
  [NontriviallyNormedField 𝕜] {E : Type u_2} [NormedAddCommGroup E] [NormedSpace 𝕜 E] {H : Type u_3}
  [TopologicalSpace H] {I : ModelWithCorners 𝕜 E H} {M : Type u_4} [TopologicalSpace M] [ChartedSpace H M]
  {F : Type u_5} [NormedAddCommGroup F] [NormedSpace 𝕜 F] {V : M → Type u_6} [TopologicalSpace (TotalSpace F V)]
  [(x : M) → AddCommGroup (V x)] [(x : M) → Module 𝕜 (V x)] [(x : M) → TopologicalSpace (V x)]
  [∀ (x : M), IsTopologicalAddGroup (V x)] [∀ (x : M), ContinuousSMul 𝕜 (V x)] [FiberBundle F V] [IsManifold I 1 M]
  [VectorBundle 𝕜 F V] (cov : CovariantDerivative I F V) (k : ℕ∞ω) : Prop
CovariantDerivative.ContMDiffCovariantDerivative.affineCombination.{u_1, u_2, u_3, u_4, u_5, u_6} {𝕜 : Type u_1}
  [NontriviallyNormedField 𝕜] {E : Type u_2} [NormedAddCommGroup E] [NormedSpace 𝕜 E] {H : Type u_3}
  [TopologicalSpace H] {I : ModelWithCorners 𝕜 E H} {M : Type u_4} [TopologicalSpace M] [ChartedSpace H M]
  {F : Type u_5} [NormedAddCommGroup F] [NormedSpace 𝕜 F] {V : M → Type u_6} [TopologicalSpace (TotalSpace F V)]
  [(x : M) → AddCommGroup (V x)] [(x : M) → Module 𝕜 (V x)] [(x : M) → TopologicalSpace (V x)]
  [∀ (x : M), IsTopologicalAddGroup (V x)] [∀ (x : M), ContinuousSMul 𝕜 (V x)] [FiberBundle F V] [IsManifold I 1 M]
  [VectorBundle 𝕜 F V] (cov cov' : CovariantDerivative I F V) {f : M → 𝕜} {n : ℕ∞ω} (hf : ContMDiff I 𝓘(𝕜, 𝕜) n f)
  (hcov : cov.ContMDiffCovariantDerivative n) (hcov' : cov'.ContMDiffCovariantDerivative n) :
  (cov.affineCombination cov' f).ContMDiffCovariantDerivative n
CovariantDerivative.ContMDiffCovariantDerivative.finiteAffineCombination.{u_1, u_2, u_3, u_4, u_5, u_6, u_7}
  {𝕜 : Type u_1} [NontriviallyNormedField 𝕜] {E : Type u_2} [NormedAddCommGroup E] [NormedSpace 𝕜 E] {H : Type u_3}
  [TopologicalSpace H] {I : ModelWithCorners 𝕜 E H} {M : Type u_4} [TopologicalSpace M] [ChartedSpace H M]
  {F : Type u_5} [NormedAddCommGroup F] [NormedSpace 𝕜 F] {V : M → Type u_6} [TopologicalSpace (TotalSpace F V)]
  [(x : M) → AddCommGroup (V x)] [(x : M) → Module 𝕜 (V x)] [(x : M) → TopologicalSpace (V x)]
  [∀ (x : M), IsTopologicalAddGroup (V x)] [∀ (x : M), ContinuousSMul 𝕜 (V x)] [FiberBundle F V] [IsManifold I 1 M]
  [VectorBundle 𝕜 F V] {ι : Type u_7} {s : Finset ι} (cov : ι → CovariantDerivative I F V) {f : ι → M → 𝕜}
  (hf : ∑ i ∈ s, f i = 1) {n : ℕ∞ω} (hf' : ∀ i ∈ s, ContMDiff I 𝓘(𝕜, 𝕜) n (f i))
  (hcov : ∀ i ∈ s, (cov i).ContMDiffCovariantDerivative n) :
  (CovariantDerivative.finiteAffineCombination cov hf).ContMDiffCovariantDerivative n
IsContMDiffRiemannianBundle.{u_1, u_2, u_3, u_4, u_5} {EB : Type u_1} [NormedAddCommGroup EB] [NormedSpace ℝ EB]
  {HB : Type u_2} [TopologicalSpace HB] (IB : ModelWithCorners ℝ EB HB) (n : ℕ∞ω) {B : Type u_3} [TopologicalSpace B]
  [ChartedSpace HB B] (F : Type u_4) [NormedAddCommGroup F] [NormedSpace ℝ F] (E : B → Type u_5)
  [TopologicalSpace (TotalSpace F E)] [(x : B) → NormedAddCommGroup (E x)] [(x : B) → InnerProductSpace ℝ (E x)]
  [FiberBundle F E] [VectorBundle ℝ F E] : Prop
IsContMDiffRiemannianBundle.of_le.{u_1, u_2, u_3, u_4, u_5} {EB : Type u_1} [NormedAddCommGroup EB] [NormedSpace ℝ EB]
  {HB : Type u_2} [TopologicalSpace HB] {IB : ModelWithCorners ℝ EB HB} {n n' : ℕ∞ω} {B : Type u_3} [TopologicalSpace B]
  [ChartedSpace HB B] {F : Type u_4} [NormedAddCommGroup F] [NormedSpace ℝ F] {E : B → Type u_5}
  [TopologicalSpace (TotalSpace F E)] [(x : B) → NormedAddCommGroup (E x)] [(x : B) → InnerProductSpace ℝ (E x)]
  [FiberBundle F E] [VectorBundle ℝ F E] [h : IsContMDiffRiemannianBundle IB n F E] (h' : n' ≤ n) :
  IsContMDiffRiemannianBundle IB n' F E
ContinuousLinearMap.contMDiff.{u_1, u_2, u_6} {𝕜 : Type u_1} [NontriviallyNormedField 𝕜] {E : Type u_2}
  [NormedAddCommGroup E] [NormedSpace 𝕜 E] {F : Type u_6} [NormedAddCommGroup F] [NormedSpace 𝕜 F] {n : ℕ∞ω}
  (L : E →L[𝕜] F) : ContMDiff 𝓘(𝕜, E) 𝓘(𝕜, F) n ⇑L
ContMDiff.clm_apply.{u_1, u_2, u_3, u_4, u_8, u_9} {𝕜 : Type u_1} [NontriviallyNormedField 𝕜] {E : Type u_2}
  [NormedAddCommGroup E] [NormedSpace 𝕜 E] {H : Type u_3} [TopologicalSpace H] {I : ModelWithCorners 𝕜 E H}
  {M : Type u_4} [TopologicalSpace M] [ChartedSpace H M] {F₁ : Type u_8} [NormedAddCommGroup F₁] [NormedSpace 𝕜 F₁]
  {F₂ : Type u_9} [NormedAddCommGroup F₂] [NormedSpace 𝕜 F₂] {n : ℕ∞ω} {g : M → F₁ →L[𝕜] F₂} {f : M → F₁}
  (hg : ContMDiff I 𝓘(𝕜, F₁ →L[𝕜] F₂) n g) (hf : ContMDiff I 𝓘(𝕜, F₁) n f) : ContMDiff I 𝓘(𝕜, F₂) n fun x => (g x) (f x)
ContDiff.contDiff_fderiv_apply.{u_1, u_2, u_3} {𝕜 : Type u_1} {E : Type u_2} {F : Type u_3} [NontriviallyNormedField 𝕜]
  [NormedAddCommGroup E] [NormedSpace 𝕜 E] [NormedAddCommGroup F] [NormedSpace 𝕜 F] {m n : ℕ∞ω} {f : E → F}
  (hf : ContDiff 𝕜 n f) (hmn : m + 1 ≤ n) : ContDiff 𝕜 m fun p => (fderiv 𝕜 f p.1) p.2
ContDiff.fderiv_apply.{u_1, u_2, u_3, u_4} {𝕜 : Type u_1} {E : Type u_2} {F : Type u_3} {G : Type u_4}
  [NontriviallyNormedField 𝕜] [NormedAddCommGroup E] [NormedSpace 𝕜 E] [NormedAddCommGroup F] [NormedSpace 𝕜 F]
  [NormedAddCommGroup G] [NormedSpace 𝕜 G] {m n : ℕ∞ω} {f : E → F → G} {g k : E → F}
  (hf : ContDiff 𝕜 m (Function.uncurry f)) (hg : ContDiff 𝕜 n g) (hk : ContDiff 𝕜 n k) (hnm : n + 1 ≤ m) :
  ContDiff 𝕜 n fun x => (fderiv 𝕜 (f x) (g x)) (k x)
Unknown constant `CovariantDerivative.contMDiff_leviCivitaConnection`
Unknown constant `CovariantDerivative.leviCivitaConnection_contMDiff`
Unknown identifier `ContMDiffCovariantDerivative.leviCivitaConnection`
Unknown constant `CovariantDerivative.leviCivitaConnection_isContMDiff`
Unknown identifier `IsLeviCivitaConnection.isContMDiff`
Unknown constant `CovariantDerivative.curvature`
Unknown constant `CovariantDerivative.riemann`
Unknown constant `CovariantDerivative.IsContMDiff`
Unknown identifier `RiemannTensor`
Unknown identifier `RiemannianCurvature`
Unknown identifier `RicciTensor`
Unknown identifier `christoffelSymbol`
Unknown identifier `ChristoffelSymbol`
Poincare.D7.LeviCivita.affineConnection.{v} {V : Type v} [AddCommGroup V] [Module ℝ V] (a : ℝ)
  (nabla₁ nabla₂ : V →ₗ[ℝ] V →ₗ[ℝ] V) : V →ₗ[ℝ] V →ₗ[ℝ] V
Poincare.D7.LeviCivita.affineConnection_apply.{v} {V : Type v} [AddCommGroup V] [Module ℝ V] (a : ℝ)
  (nabla₁ nabla₂ : V →ₗ[ℝ] V →ₗ[ℝ] V) (X Y : V) :
  ((LeviCivita.affineConnection a nabla₁ nabla₂) X) Y = a • (nabla₁ X) Y + (1 - a) • (nabla₂ X) Y
Poincare.D7.LeviCivita.isMetricCompatible_affine.{v, w} {V : Type v} [AddCommGroup V] [Module ℝ V] {ι : Type w}
  [Fintype ι] [DecidableEq ι] [FiniteDimensional ℝ V] (m : Longrun.Geometry.MetricData V ι)
  {nabla₁ nabla₂ : V →ₗ[ℝ] V →ₗ[ℝ] V} (h₁ : Longrun.Geometry.IsMetricCompatible m nabla₁)
  (h₂ : Longrun.Geometry.IsMetricCompatible m nabla₂) (a : ℝ) :
  Longrun.Geometry.IsMetricCompatible m (LeviCivita.affineConnection a nabla₁ nabla₂)
Poincare.D7.LeviCivita.isTorsionFree_affine.{v} {V : Type v} [AddCommGroup V] [Module ℝ V]
  (b : Longrun.Geometry.LieBracketData ℝ V) {nabla₁ nabla₂ : V →ₗ[ℝ] V →ₗ[ℝ] V}
  (h₁ : Longrun.Geometry.IsTorsionFree b nabla₁) (h₂ : Longrun.Geometry.IsTorsionFree b nabla₂) (a : ℝ) :
  Longrun.Geometry.IsTorsionFree b (LeviCivita.affineConnection a nabla₁ nabla₂)
Poincare.D7.LeviCivita.isLeviCivita_affine.{v, w} {V : Type v} [AddCommGroup V] [Module ℝ V] {ι : Type w} [Fintype ι]
  [DecidableEq ι] [FiniteDimensional ℝ V] (m : Longrun.Geometry.MetricData V ι)
  (b : Longrun.Geometry.LieBracketData ℝ V) {nabla₁ nabla₂ : V →ₗ[ℝ] V →ₗ[ℝ] V}
  (h₁ : Longrun.Geometry.IsLeviCivita m b nabla₁) (h₂ : Longrun.Geometry.IsLeviCivita m b nabla₂) (a : ℝ) :
  Longrun.Geometry.IsLeviCivita m b (LeviCivita.affineConnection a nabla₁ nabla₂)
Poincare.D7.LeviCivita.meanConnection.{v} {V : Type v} [AddCommGroup V] [Module ℝ V]
  (nabla₁ nabla₂ : V →ₗ[ℝ] V →ₗ[ℝ] V) : V →ₗ[ℝ] V →ₗ[ℝ] V
Poincare.D7.LeviCivita.meanConnection_apply.{v} {V : Type v} [AddCommGroup V] [Module ℝ V]
  (nabla₁ nabla₂ : V →ₗ[ℝ] V →ₗ[ℝ] V) (X Y : V) :
  ((LeviCivita.meanConnection nabla₁ nabla₂) X) Y = (1 / 2) • ((nabla₁ X) Y + (nabla₂ X) Y)
Poincare.D7.LeviCivita.isMetricCompatible_mean.{v, w} {V : Type v} [AddCommGroup V] [Module ℝ V] {ι : Type w}
  [Fintype ι] [DecidableEq ι] [FiniteDimensional ℝ V] (m : Longrun.Geometry.MetricData V ι)
  {nabla₁ nabla₂ : V →ₗ[ℝ] V →ₗ[ℝ] V} (h₁ : Longrun.Geometry.IsMetricCompatible m nabla₁)
  (h₂ : Longrun.Geometry.IsMetricCompatible m nabla₂) :
  Longrun.Geometry.IsMetricCompatible m (LeviCivita.meanConnection nabla₁ nabla₂)
Poincare.D7.LeviCivita.isTorsionFree_mean.{v} {V : Type v} [AddCommGroup V] [Module ℝ V]
  (b : Longrun.Geometry.LieBracketData ℝ V) {nabla₁ nabla₂ : V →ₗ[ℝ] V →ₗ[ℝ] V}
  (h₁ : Longrun.Geometry.IsTorsionFree b nabla₁) (h₂ : Longrun.Geometry.IsTorsionFree b nabla₂) :
  Longrun.Geometry.IsTorsionFree b (LeviCivita.meanConnection nabla₁ nabla₂)
Poincare.D7.LeviCivita.isLeviCivita_mean.{v, w} {V : Type v} [AddCommGroup V] [Module ℝ V] {ι : Type w} [Fintype ι]
  [DecidableEq ι] [FiniteDimensional ℝ V] (m : Longrun.Geometry.MetricData V ι)
  (b : Longrun.Geometry.LieBracketData ℝ V) {nabla₁ nabla₂ : V →ₗ[ℝ] V →ₗ[ℝ] V}
  (h₁ : Longrun.Geometry.IsLeviCivita m b nabla₁) (h₂ : Longrun.Geometry.IsLeviCivita m b nabla₂) :
  Longrun.Geometry.IsLeviCivita m b (LeviCivita.meanConnection nabla₁ nabla₂)
Poincare.D7.LeviCivita.meanConnection_self.{v} {V : Type v} [AddCommGroup V] [Module ℝ V] (nabla : V →ₗ[ℝ] V →ₗ[ℝ] V) :
  LeviCivita.meanConnection nabla nabla = nabla
Poincare.D7.LeviCivita.meanConnection_comm.{v} {V : Type v} [AddCommGroup V] [Module ℝ V]
  (nabla₁ nabla₂ : V →ₗ[ℝ] V →ₗ[ℝ] V) :
  LeviCivita.meanConnection nabla₁ nabla₂ = LeviCivita.meanConnection nabla₂ nabla₁
Poincare.D7.LeviCivita.meanConnection_eq_left.{v, w} {V : Type v} [AddCommGroup V] [Module ℝ V] {ι : Type w} [Fintype ι]
  [DecidableEq ι] [FiniteDimensional ℝ V] (m : Longrun.Geometry.MetricData V ι)
  (b : Longrun.Geometry.LieBracketData ℝ V) {nabla₁ nabla₂ : V →ₗ[ℝ] V →ₗ[ℝ] V}
  (h₁ : Longrun.Geometry.IsLeviCivita m b nabla₁) (h₂ : Longrun.Geometry.IsLeviCivita m b nabla₂) :
  LeviCivita.meanConnection nabla₁ nabla₂ = nabla₁
Poincare.D7.LeviCivita.meanConnection_eq_right.{v, w} {V : Type v} [AddCommGroup V] [Module ℝ V] {ι : Type w}
  [Fintype ι] [DecidableEq ι] [FiniteDimensional ℝ V] (m : Longrun.Geometry.MetricData V ι)
  (b : Longrun.Geometry.LieBracketData ℝ V) {nabla₁ nabla₂ : V →ₗ[ℝ] V →ₗ[ℝ] V}
  (h₁ : Longrun.Geometry.IsLeviCivita m b nabla₁) (h₂ : Longrun.Geometry.IsLeviCivita m b nabla₂) :
  LeviCivita.meanConnection nabla₁ nabla₂ = nabla₂
Poincare.D7.LeviCivita.differenceTensor.{v} {V : Type v} [AddCommGroup V] [Module ℝ V]
  (nabla₁ nabla₂ : V →ₗ[ℝ] V →ₗ[ℝ] V) : V →ₗ[ℝ] V →ₗ[ℝ] V
Poincare.D7.LeviCivita.differenceTensor_apply.{v} {V : Type v} [AddCommGroup V] [Module ℝ V]
  (nabla₁ nabla₂ : V →ₗ[ℝ] V →ₗ[ℝ] V) (X Y : V) :
  ((LeviCivita.differenceTensor nabla₁ nabla₂) X) Y = (nabla₁ X) Y - (nabla₂ X) Y
Poincare.D7.LeviCivita.differenceTensor_symm.{v} {V : Type v} [AddCommGroup V] [Module ℝ V]
  (b : Longrun.Geometry.LieBracketData ℝ V) {nabla₁ nabla₂ : V →ₗ[ℝ] V →ₗ[ℝ] V}
  (h₁ : Longrun.Geometry.IsTorsionFree b nabla₁) (h₂ : Longrun.Geometry.IsTorsionFree b nabla₂) (X Y : V) :
  ((LeviCivita.differenceTensor nabla₁ nabla₂) X) Y = ((LeviCivita.differenceTensor nabla₁ nabla₂) Y) X
Poincare.D7.LeviCivita.differenceTensor_metric_antisymm.{v, w} {V : Type v} [AddCommGroup V] [Module ℝ V] {ι : Type w}
  [Fintype ι] [DecidableEq ι] [FiniteDimensional ℝ V] (m : Longrun.Geometry.MetricData V ι)
  {nabla₁ nabla₂ : V →ₗ[ℝ] V →ₗ[ℝ] V} (h₁ : Longrun.Geometry.IsMetricCompatible m nabla₁)
  (h₂ : Longrun.Geometry.IsMetricCompatible m nabla₂) (X Y Z : V) :
  (m.form (((LeviCivita.differenceTensor nabla₁ nabla₂) X) Y)) Z +
      (m.form Y) (((LeviCivita.differenceTensor nabla₁ nabla₂) X) Z) =
    0
Poincare.D7.LeviCivita.differenceTensor_eq_zero_of_isLeviCivita.{v, w} {V : Type v} [AddCommGroup V] [Module ℝ V]
  {ι : Type w} [Fintype ι] [DecidableEq ι] [FiniteDimensional ℝ V] (m : Longrun.Geometry.MetricData V ι)
  (b : Longrun.Geometry.LieBracketData ℝ V) {nabla₁ nabla₂ : V →ₗ[ℝ] V →ₗ[ℝ] V}
  (h₁ : Longrun.Geometry.IsLeviCivita m b nabla₁) (h₂ : Longrun.Geometry.IsLeviCivita m b nabla₂) :
  LeviCivita.differenceTensor nabla₁ nabla₂ = 0
Poincare.D7.LeviCivita.eq_sub_differenceTensor.{v} {V : Type v} [AddCommGroup V] [Module ℝ V]
  (nabla₁ nabla₂ : V →ₗ[ℝ] V →ₗ[ℝ] V) : nabla₂ = nabla₁ - LeviCivita.differenceTensor nabla₁ nabla₂
Poincare.D7.Curvature.RiemannCurvatureData.meanData.{v, w} {V : Type v} [AddCommGroup V] [Module ℝ V]
  [FiniteDimensional ℝ V] {ι : Type w} [Fintype ι] [DecidableEq ι] (D₁ D₂ : Curvature.RiemannCurvatureData V ι)
  (hlie : D₁.conn.lie = D₂.conn.lie) (hmetric : D₁.metric = D₂.metric) : Curvature.RiemannCurvatureData V ι
Poincare.D7.Curvature.RiemannCurvatureData.meanData_conn.{v, w} {V : Type v} [AddCommGroup V] [Module ℝ V]
  [FiniteDimensional ℝ V] {ι : Type w} [Fintype ι] [DecidableEq ι] (D₁ D₂ : Curvature.RiemannCurvatureData V ι)
  (hlie : D₁.conn.lie = D₂.conn.lie) (hmetric : D₁.metric = D₂.metric) :
  (D₁.meanData D₂ hlie hmetric).conn.nabla = LeviCivita.meanConnection D₁.conn.nabla D₂.conn.nabla
Poincare.D7.Curvature.RiemannCurvatureData.meanData_metric.{v, w} {V : Type v} [AddCommGroup V] [Module ℝ V]
  [FiniteDimensional ℝ V] {ι : Type w} [Fintype ι] [DecidableEq ι] (D₁ D₂ : Curvature.RiemannCurvatureData V ι)
  (hlie : D₁.conn.lie = D₂.conn.lie) (hmetric : D₁.metric = D₂.metric) :
  (D₁.meanData D₂ hlie hmetric).metric = D₁.metric
Poincare.D7.Curvature.RiemannCurvatureData.meanData_lie.{v, w} {V : Type v} [AddCommGroup V] [Module ℝ V]
  [FiniteDimensional ℝ V] {ι : Type w} [Fintype ι] [DecidableEq ι] (D₁ D₂ : Curvature.RiemannCurvatureData V ι)
  (hlie : D₁.conn.lie = D₂.conn.lie) (hmetric : D₁.metric = D₂.metric) :
  (D₁.meanData D₂ hlie hmetric).conn.lie = D₁.conn.lie
Poincare.D7.Curvature.RiemannCurvatureData.meanData_self.{v, w} {V : Type v} [AddCommGroup V] [Module ℝ V]
  [FiniteDimensional ℝ V] {ι : Type w} [Fintype ι] [DecidableEq ι] (D : Curvature.RiemannCurvatureData V ι) :
  D.meanData D ⋯ ⋯ = D
Poincare.D7.Curvature.RiemannCurvatureData.differenceTensor.{v, w} {V : Type v} [AddCommGroup V] [Module ℝ V]
  [FiniteDimensional ℝ V] {ι : Type w} [Fintype ι] [DecidableEq ι] (D₁ D₂ : Curvature.RiemannCurvatureData V ι) :
  V →ₗ[ℝ] V →ₗ[ℝ] V
Poincare.D7.Curvature.RiemannCurvatureData.differenceTensor_symm.{v, w} {V : Type v} [AddCommGroup V] [Module ℝ V]
  [FiniteDimensional ℝ V] {ι : Type w} [Fintype ι] [DecidableEq ι] (D₁ D₂ : Curvature.RiemannCurvatureData V ι)
  (hlie : D₁.conn.lie = D₂.conn.lie) (X Y : V) : ((D₁.differenceTensor D₂) X) Y = ((D₁.differenceTensor D₂) Y) X
Poincare.D7.LeviCivita.connectionCoefficient.{v, w} {V : Type v} [NormedAddCommGroup V] [NormedSpace ℝ V]
  [FiniteDimensional ℝ V] {ι : Type w} [Fintype ι] [DecidableEq ι] (m : Longrun.Geometry.MetricData V ι)
  (nabla : V →ₗ[ℝ] V →ₗ[ℝ] V) (i j k : ι) : ℝ
Poincare.D7.LeviCivita.bracketCoefficient.{v, w} {V : Type v} [NormedAddCommGroup V] [NormedSpace ℝ V]
  [FiniteDimensional ℝ V] {ι : Type w} [Fintype ι] [DecidableEq ι] (m : Longrun.Geometry.MetricData V ι)
  (b : Longrun.Geometry.LieBracketData ℝ V) (i j k : ι) : ℝ
Poincare.D7.LeviCivita.sum_connectionCoefficient_smul.{v, w} {V : Type v} [NormedAddCommGroup V] [NormedSpace ℝ V]
  [FiniteDimensional ℝ V] {ι : Type w} [Fintype ι] [DecidableEq ι] (m : Longrun.Geometry.MetricData V ι)
  (nabla : V →ₗ[ℝ] V →ₗ[ℝ] V) (i j : ι) :
  ∑ k, LeviCivita.connectionCoefficient m nabla i j k • m.basis k = (nabla (m.basis i)) (m.basis j)
Poincare.D7.LeviCivita.form_nabla_basis.{v, w} {V : Type v} [NormedAddCommGroup V] [NormedSpace ℝ V]
  [FiniteDimensional ℝ V] {ι : Type w} [Fintype ι] [DecidableEq ι] (m : Longrun.Geometry.MetricData V ι)
  (nabla : V →ₗ[ℝ] V →ₗ[ℝ] V) (i j k : ι) :
  (m.form ((nabla (m.basis i)) (m.basis j))) (m.basis k) = LeviCivita.connectionCoefficient m nabla i j k
Poincare.D7.LeviCivita.isMetricCompatible_coefficient_relation.{v, w} {V : Type v} [NormedAddCommGroup V]
  [NormedSpace ℝ V] [FiniteDimensional ℝ V] {ι : Type w} [Fintype ι] [DecidableEq ι]
  (m : Longrun.Geometry.MetricData V ι) {nabla : V →ₗ[ℝ] V →ₗ[ℝ] V} (h : Longrun.Geometry.IsMetricCompatible m nabla)
  (i j k : ι) : LeviCivita.connectionCoefficient m nabla i j k + LeviCivita.connectionCoefficient m nabla i k j = 0
Poincare.D7.LeviCivita.isTorsionFree_coefficient_relation.{v, w} {V : Type v} [NormedAddCommGroup V] [NormedSpace ℝ V]
  [FiniteDimensional ℝ V] {ι : Type w} [Fintype ι] [DecidableEq ι] (m : Longrun.Geometry.MetricData V ι)
  (b : Longrun.Geometry.LieBracketData ℝ V) {nabla : V →ₗ[ℝ] V →ₗ[ℝ] V} (h : Longrun.Geometry.IsTorsionFree b nabla)
  (i j k : ι) :
  LeviCivita.connectionCoefficient m nabla i j k - LeviCivita.connectionCoefficient m nabla j i k =
    LeviCivita.bracketCoefficient m b i j k
Poincare.D7.LeviCivita.connectionCoefficient_affine.{v, w} {V : Type v} [NormedAddCommGroup V] [NormedSpace ℝ V]
  [FiniteDimensional ℝ V] {ι : Type w} [Fintype ι] [DecidableEq ι] (m : Longrun.Geometry.MetricData V ι) (a : ℝ)
  (nabla₁ nabla₂ : V →ₗ[ℝ] V →ₗ[ℝ] V) (i j k : ι) :
  LeviCivita.connectionCoefficient m (LeviCivita.affineConnection a nabla₁ nabla₂) i j k =
    a * LeviCivita.connectionCoefficient m nabla₁ i j k + (1 - a) * LeviCivita.connectionCoefficient m nabla₂ i j k
Poincare.D7.LeviCivita.connectionCoefficient_mean.{v, w} {V : Type v} [NormedAddCommGroup V] [NormedSpace ℝ V]
  [FiniteDimensional ℝ V] {ι : Type w} [Fintype ι] [DecidableEq ι] (m : Longrun.Geometry.MetricData V ι)
  (nabla₁ nabla₂ : V →ₗ[ℝ] V →ₗ[ℝ] V) (i j k : ι) :
  LeviCivita.connectionCoefficient m (LeviCivita.meanConnection nabla₁ nabla₂) i j k =
    1 / 2 * (LeviCivita.connectionCoefficient m nabla₁ i j k + LeviCivita.connectionCoefficient m nabla₂ i j k)
Poincare.D7.LeviCivita.connectionCoefficient_difference.{v, w} {V : Type v} [NormedAddCommGroup V] [NormedSpace ℝ V]
  [FiniteDimensional ℝ V] {ι : Type w} [Fintype ι] [DecidableEq ι] (m : Longrun.Geometry.MetricData V ι)
  (nabla₁ nabla₂ : V →ₗ[ℝ] V →ₗ[ℝ] V) (i j k : ι) :
  LeviCivita.connectionCoefficient m (LeviCivita.differenceTensor nabla₁ nabla₂) i j k =
    LeviCivita.connectionCoefficient m nabla₁ i j k - LeviCivita.connectionCoefficient m nabla₂ i j k
Poincare.D7.LeviCivita.isMetricCompatible_coefficient_relation_affine.{v, w} {V : Type v} [NormedAddCommGroup V]
  [NormedSpace ℝ V] [FiniteDimensional ℝ V] {ι : Type w} [Fintype ι] [DecidableEq ι]
  (m : Longrun.Geometry.MetricData V ι) (a : ℝ) {nabla₁ nabla₂ : V →ₗ[ℝ] V →ₗ[ℝ] V}
  (h₁ :
    ∀ (i j k : ι),
      LeviCivita.connectionCoefficient m nabla₁ i j k + LeviCivita.connectionCoefficient m nabla₁ i k j = 0)
  (h₂ :
    ∀ (i j k : ι),
      LeviCivita.connectionCoefficient m nabla₂ i j k + LeviCivita.connectionCoefficient m nabla₂ i k j = 0)
  (i j k : ι) :
  LeviCivita.connectionCoefficient m (LeviCivita.affineConnection a nabla₁ nabla₂) i j k +
      LeviCivita.connectionCoefficient m (LeviCivita.affineConnection a nabla₁ nabla₂) i k j =
    0
Poincare.D7.LeviCivita.isTorsionFree_coefficient_relation_affine.{v, w} {V : Type v} [NormedAddCommGroup V]
  [NormedSpace ℝ V] [FiniteDimensional ℝ V] {ι : Type w} [Fintype ι] [DecidableEq ι]
  (m : Longrun.Geometry.MetricData V ι) (b : Longrun.Geometry.LieBracketData ℝ V) (a : ℝ)
  {nabla₁ nabla₂ : V →ₗ[ℝ] V →ₗ[ℝ] V}
  (h₁ :
    ∀ (i j k : ι),
      LeviCivita.connectionCoefficient m nabla₁ i j k - LeviCivita.connectionCoefficient m nabla₁ j i k =
        LeviCivita.bracketCoefficient m b i j k)
  (h₂ :
    ∀ (i j k : ι),
      LeviCivita.connectionCoefficient m nabla₂ i j k - LeviCivita.connectionCoefficient m nabla₂ j i k =
        LeviCivita.bracketCoefficient m b i j k)
  (i j k : ι) :
  LeviCivita.connectionCoefficient m (LeviCivita.affineConnection a nabla₁ nabla₂) i j k -
      LeviCivita.connectionCoefficient m (LeviCivita.affineConnection a nabla₁ nabla₂) j i k =
    LeviCivita.bracketCoefficient m b i j k
Poincare.D7.LeviCivita.coefficientField.{v, w, u} {V : Type v} [NormedAddCommGroup V] [NormedSpace ℝ V] {ι : Type w}
  {P : Type u} (e : ι → V) (ℓ : V →L[ℝ] ℝ) (nabla : P → V →L[ℝ] V →L[ℝ] V) (i j : ι) (x : P) : ℝ
Poincare.D7.LeviCivita.contMDiff_coefficientField.{v, w, u} {V : Type v} [NormedAddCommGroup V] [NormedSpace ℝ V]
  [FiniteDimensional ℝ V] {ι : Type w} [Fintype ι] [DecidableEq ι] {P : Type u} [NormedAddCommGroup P] [NormedSpace ℝ P]
  {n : ℕ∞ω} {e : ι → V} {ℓ : V →L[ℝ] ℝ} {nabla : P → V →L[ℝ] V →L[ℝ] V}
  (h : ContMDiff 𝓘(ℝ, P) 𝓘(ℝ, V →L[ℝ] V →L[ℝ] V) n nabla) (i j : ι) :
  ContMDiff 𝓘(ℝ, P) 𝓘(ℝ, ℝ) n (LeviCivita.coefficientField e ℓ nabla i j)
Poincare.D7.LeviCivita.contMDiff_coefficientField_comp_chart.{v, w, u, u_1} {V : Type v} [NormedAddCommGroup V]
  [NormedSpace ℝ V] [FiniteDimensional ℝ V] {ι : Type w} [Fintype ι] [DecidableEq ι] {P : Type u} [NormedAddCommGroup P]
  [NormedSpace ℝ P] {P' : Type u_1} [NormedAddCommGroup P'] [NormedSpace ℝ P'] {n : ℕ∞ω} {e : ι → V} {ℓ : V →L[ℝ] ℝ}
  {nabla : P → V →L[ℝ] V →L[ℝ] V} {φ : P' → P} (hφ : ContMDiff 𝓘(ℝ, P') 𝓘(ℝ, P) n φ)
  (h : ContMDiff 𝓘(ℝ, P) 𝓘(ℝ, V →L[ℝ] V →L[ℝ] V) n nabla) (i j : ι) :
  ContMDiff 𝓘(ℝ, P') 𝓘(ℝ, ℝ) n fun p => LeviCivita.coefficientField e ℓ nabla i j (φ p)
Poincare.D7.LeviCivita.affineField.{v, u} {V : Type v} [NormedAddCommGroup V] [NormedSpace ℝ V] {P : Type u} (a : ℝ)
  (nabla₁ nabla₂ : P → V →L[ℝ] V →L[ℝ] V) : P → V →L[ℝ] V →L[ℝ] V
Poincare.D7.LeviCivita.contMDiff_affineField.{v, u} {V : Type v} [NormedAddCommGroup V] [NormedSpace ℝ V]
  [FiniteDimensional ℝ V] {P : Type u} [NormedAddCommGroup P] [NormedSpace ℝ P] {n : ℕ∞ω}
  {nabla₁ nabla₂ : P → V →L[ℝ] V →L[ℝ] V} (h₁ : ContMDiff 𝓘(ℝ, P) 𝓘(ℝ, V →L[ℝ] V →L[ℝ] V) n nabla₁)
  (h₂ : ContMDiff 𝓘(ℝ, P) 𝓘(ℝ, V →L[ℝ] V →L[ℝ] V) n nabla₂) (a : ℝ) :
  ContMDiff 𝓘(ℝ, P) 𝓘(ℝ, V →L[ℝ] V →L[ℝ] V) n (LeviCivita.affineField a nabla₁ nabla₂)
Poincare.D7.LeviCivita.coefficientField_affineField.{v, w, u} {V : Type v} [NormedAddCommGroup V] [NormedSpace ℝ V]
  [FiniteDimensional ℝ V] {ι : Type w} [Fintype ι] [DecidableEq ι] {P : Type u} [NormedAddCommGroup P] [NormedSpace ℝ P]
  {e : ι → V} {ℓ : V →L[ℝ] ℝ} (a : ℝ) (nabla₁ nabla₂ : P → V →L[ℝ] V →L[ℝ] V) (i j : ι) (x : P) :
  LeviCivita.coefficientField e ℓ (LeviCivita.affineField a nabla₁ nabla₂) i j x =
    a * LeviCivita.coefficientField e ℓ nabla₁ i j x + (1 - a) * LeviCivita.coefficientField e ℓ nabla₂ i j x
Poincare.D7.LeviCivita.SmoothCoefficientSystem.{v, w, u} {V : Type v} [NormedAddCommGroup V] [NormedSpace ℝ V]
  [FiniteDimensional ℝ V] {ι : Type w} [Fintype ι] [DecidableEq ι] (P : Type u) [NormedAddCommGroup P] [NormedSpace ℝ P]
  (m : Longrun.Geometry.MetricData V ι) (β : ι → ι → ι → P → ℝ) (n : ℕ∞ω) : Type (max u w)
Poincare.D7.LeviCivita.SmoothCoefficientSystem.affineCombination.{v, w, u} {V : Type v} [NormedAddCommGroup V]
  [NormedSpace ℝ V] [FiniteDimensional ℝ V] {ι : Type w} [Fintype ι] [DecidableEq ι] {P : Type u} [NormedAddCommGroup P]
  [NormedSpace ℝ P] {m : Longrun.Geometry.MetricData V ι} {β : ι → ι → ι → P → ℝ} {n : ℕ∞ω}
  (S₁ S₂ : LeviCivita.SmoothCoefficientSystem P m β n) (a : ℝ) : LeviCivita.SmoothCoefficientSystem P m β n
Poincare.D7.LeviCivita.SmoothCoefficientSystem.mean.{v, w, u} {V : Type v} [NormedAddCommGroup V] [NormedSpace ℝ V]
  [FiniteDimensional ℝ V] {ι : Type w} [Fintype ι] [DecidableEq ι] {P : Type u} [NormedAddCommGroup P] [NormedSpace ℝ P]
  {m : Longrun.Geometry.MetricData V ι} {β : ι → ι → ι → P → ℝ} {n : ℕ∞ω}
  (S₁ S₂ : LeviCivita.SmoothCoefficientSystem P m β n) : LeviCivita.SmoothCoefficientSystem P m β n
Poincare.D7.LeviCivita.SmoothCoefficientSystem.pullback.{v, w, u, u_1} {V : Type v} [NormedAddCommGroup V]
  [NormedSpace ℝ V] [FiniteDimensional ℝ V] {ι : Type w} [Fintype ι] [DecidableEq ι] {P : Type u} [NormedAddCommGroup P]
  [NormedSpace ℝ P] {m : Longrun.Geometry.MetricData V ι} {β : ι → ι → ι → P → ℝ} {n : ℕ∞ω} {P' : Type u_1}
  [NormedAddCommGroup P'] [NormedSpace ℝ P'] (φ : P' → P) (hφ : ContMDiff 𝓘(ℝ, P') 𝓘(ℝ, P) n φ)
  (S : LeviCivita.SmoothCoefficientSystem P m β n) :
  LeviCivita.SmoothCoefficientSystem P' m (fun i j k p => β i j k (φ p)) n
Poincare.D7.LeviCivita.SmoothCoefficientSystem.const.{v, w, u} {V : Type v} [NormedAddCommGroup V] [NormedSpace ℝ V]
  [FiniteDimensional ℝ V] {ι : Type w} [Fintype ι] [DecidableEq ι] {P : Type u} [NormedAddCommGroup P] [NormedSpace ℝ P]
  (m : Longrun.Geometry.MetricData V ι) (b : Longrun.Geometry.LieBracketData ℝ V) {nabla : V →ₗ[ℝ] V →ₗ[ℝ] V}
  (ht : Longrun.Geometry.IsTorsionFree b nabla) (hm : Longrun.Geometry.IsMetricCompatible m nabla) (n : ℕ∞ω) :
  LeviCivita.SmoothCoefficientSystem P m (fun i j k x => LeviCivita.bracketCoefficient m b i j k) n
Poincare.D7.LeviCivita.ChartMetricData.{u, w} (P : Type u) (ι : Type w) [Fintype ι] [DecidableEq ι] : Type (max u w)
Poincare.D7.LeviCivita.christoffelSymbol.{u, w} {P : Type u} [NormedAddCommGroup P] [NormedSpace ℝ P] {ι : Type w}
  [Fintype ι] [DecidableEq ι] (G : LeviCivita.ChartMetricData P ι) (v : ι → P) (m i j : ι) (x : P) : ℝ
Poincare.D7.LeviCivita.contDiff_fderiv_coefficient.{u} {P : Type u} [NormedAddCommGroup P] [NormedSpace ℝ P] {n : ℕ∞}
  {f : P → ℝ} (hf : ContDiff ℝ (↑n + 1) f) (w : P) : ContDiff ℝ ↑n fun x => (fderiv ℝ f x) w
Poincare.D7.LeviCivita.contDiff_christoffelSymbol.{u, w} {P : Type u} [NormedAddCommGroup P] [NormedSpace ℝ P]
  {ι : Type w} [Fintype ι] [DecidableEq ι] (n : ℕ∞) (G : LeviCivita.ChartMetricData P ι) (v : ι → P)
  (hg : ∀ (i j : ι), ContDiff ℝ (↑n + 1) (G.g i j)) (hginv : ∀ (i j : ι), ContDiff ℝ (↑n) (G.ginv i j)) (m i j : ι) :
  ContDiff ℝ (↑n) (LeviCivita.christoffelSymbol G v m i j)
Poincare.D7.LeviCivita.euclideanMetricData.{u, w} {P : Type u} (ι : Type w) [Fintype ι] [DecidableEq ι] :
  LeviCivita.ChartMetricData P ι
Poincare.D7.LeviCivita.contDiff_euclidean_christoffel.{u, w} {P : Type u} [NormedAddCommGroup P] [NormedSpace ℝ P]
  {ι : Type w} [Fintype ι] [DecidableEq ι] (n : ℕ∞) (v : ι → P) (m i j : ι) :
  ContDiff ℝ (↑n) (LeviCivita.christoffelSymbol (LeviCivita.euclideanMetricData ι) v m i j)
Poincare.D7.LeviCivita.LeviCivitaSmoothnessStatement.{uE, uH, uM} {E : Type uE} [NormedAddCommGroup E] [NormedSpace ℝ E]
  [FiniteDimensional ℝ E] {H : Type uH} [TopologicalSpace H] (I : ModelWithCorners ℝ E H) {M : Type uM}
  [TopologicalSpace M] [ChartedSpace H M] [IsManifold I 2 M] [RiemannianBundle fun x => TangentSpace I x]
  [IsContMDiffRiemannianBundle I 1 E fun x => TangentSpace I x] (n : ℕ∞ω) : Prop
Poincare.D7.LeviCivita.SmoothLeviCivitaExistenceStatement.{uE, uH, uM} {E : Type uE} [NormedAddCommGroup E]
  [NormedSpace ℝ E] [FiniteDimensional ℝ E] {H : Type uH} [TopologicalSpace H] (I : ModelWithCorners ℝ E H)
  {M : Type uM} [TopologicalSpace M] [ChartedSpace H M] [IsManifold I 2 M] [RiemannianBundle fun x => TangentSpace I x]
  [IsContMDiffRiemannianBundle I 1 E fun x => TangentSpace I x] (n : ℕ∞ω) : Prop
Poincare.D7.LeviCivita.leviCivitaConnection_isLeviCivitaConnection.{uE, uH, uM} {E : Type uE} [NormedAddCommGroup E]
  [NormedSpace ℝ E] [FiniteDimensional ℝ E] {H : Type uH} [TopologicalSpace H] (I : ModelWithCorners ℝ E H)
  {M : Type uM} [TopologicalSpace M] [ChartedSpace H M] [IsManifold I 2 M] [RiemannianBundle fun x => TangentSpace I x]
  [IsContMDiffRiemannianBundle I 1 E fun x => TangentSpace I x] :
  CovariantDerivative.IsLeviCivitaConnection I (CovariantDerivative.leviCivitaConnection I M)
Poincare.D7.LeviCivita.smoothLeviCivitaExistence_of_smoothness.{uE, uH, uM} {E : Type uE} [NormedAddCommGroup E]
  [NormedSpace ℝ E] [FiniteDimensional ℝ E] {H : Type uH} [TopologicalSpace H] (I : ModelWithCorners ℝ E H)
  {M : Type uM} [TopologicalSpace M] [ChartedSpace H M] [IsManifold I 2 M] [RiemannianBundle fun x => TangentSpace I x]
  [IsContMDiffRiemannianBundle I 1 E fun x => TangentSpace I x] {n : ℕ∞ω}
  (h : LeviCivita.LeviCivitaSmoothnessStatement I n) : LeviCivita.SmoothLeviCivitaExistenceStatement I n
Poincare.D7.LeviCivita.leviCivitaSmoothness_iff_contMDiff.{uE, uH, uM} {E : Type uE} [NormedAddCommGroup E]
  [NormedSpace ℝ E] [FiniteDimensional ℝ E] {H : Type uH} [TopologicalSpace H] (I : ModelWithCorners ℝ E H)
  {M : Type uM} [TopologicalSpace M] [ChartedSpace H M] [IsManifold I 2 M] [RiemannianBundle fun x => TangentSpace I x]
  [IsContMDiffRiemannianBundle I 1 E fun x => TangentSpace I x] (n : ℕ∞ω) :
  LeviCivita.LeviCivitaSmoothnessStatement I n ↔
    (CovariantDerivative.leviCivitaConnection I M).ContMDiffCovariantDerivative n
Poincare.D7.LeviCivita.curvatureCandidate.{uE, uH, uM} {E : Type uE} [NormedAddCommGroup E] [NormedSpace ℝ E]
  {H : Type uH} [TopologicalSpace H] (I : ModelWithCorners ℝ E H) {M : Type uM} [TopologicalSpace M] [ChartedSpace H M]
  [IsManifold I 2 M] (cov : CovariantDerivative I E (TangentSpace I)) (x : M) (X₀ Y₀ Z₀ : TangentSpace I x) :
  TangentSpace I x
Poincare.D7.LeviCivita.CovariantDerivativeCurvatureMatchesD7.{uE, uH, uM} {E : Type uE} [NormedAddCommGroup E]
  [NormedSpace ℝ E] {H : Type uH} [TopologicalSpace H] (I : ModelWithCorners ℝ E H) {M : Type uM} [TopologicalSpace M]
  [ChartedSpace H M] [IsManifold I 2 M] (cov : CovariantDerivative I E (TangentSpace I)) : Prop
Poincare.D7.LeviCivita.covariantDerivativeCurvatureMatchesD7_of_data.{uE, uH, uM} {E : Type uE} [NormedAddCommGroup E]
  [NormedSpace ℝ E] {H : Type uH} [TopologicalSpace H] (I : ModelWithCorners ℝ E H) {M : Type uM} [TopologicalSpace M]
  [ChartedSpace H M] [IsManifold I 2 M] [RiemannianBundle fun x => TangentSpace I x]
  (cov : CovariantDerivative I E (TangentSpace I)) (κ : RiemannAdapter.PointwiseCurvature I M)
  (hform : ∀ (x : M) (X Y Z : TangentSpace I x), (((κ x) X) Y) Z = LeviCivita.curvatureCandidate I cov x X Y Z)
  (hskew : ∀ (x : M) (X Y Z : TangentSpace I x), (((κ x) X) Y) Z = -(((κ x) Y) X) Z)
  (hbianchi : ∀ (x : M) (X Y Z : TangentSpace I x), (((κ x) X) Y) Z + (((κ x) Y) Z) X + (((κ x) Z) X) Y = 0) :
  LeviCivita.CovariantDerivativeCurvatureMatchesD7 I cov
Poincare.D7.LeviCivita.covariantDerivativeCurvatureStatement_of_matchesD7.{uE, uH, uM} {E : Type uE}
  [NormedAddCommGroup E] [NormedSpace ℝ E] {H : Type uH} [TopologicalSpace H] (I : ModelWithCorners ℝ E H) {M : Type uM}
  [TopologicalSpace M] [ChartedSpace H M] [IsManifold I 2 M] [RiemannianBundle fun x => TangentSpace I x]
  (cov : CovariantDerivative I E (TangentSpace I)) (h : LeviCivita.CovariantDerivativeCurvatureMatchesD7 I cov) :
  Longrun.Geometry.CovariantDerivativeCurvatureStatement I M cov
Poincare.D7.LeviCivita.BlockerLeviCivitaSmoothness : String
Poincare.D7.LeviCivita.BlockerCovariantDerivativeCurvature : String
Poincare.D7.LeviCivita.BlockerSecondBianchi : String
Poincare.D7.LeviCivita.LeviCivitaSmoothnessMissingDependencies : List String
Poincare.D7.LeviCivita.CovariantDerivativeCurvatureMissingDependencies : List String
--- stderr ---
