{
 "checks": {
  "audit_all_queried_found": true,
  "audit_parsed": 27,
  "audit_queries": 27,
  "audit_queries_unique": true,
  "cones_all_allowed": true,
  "cones_exactly_allowed_triple": true,
  "endpoint_declarations": 13,
  "endpoint_declarations_all_audited": true,
  "forbidden_tokens_clean": true,
  "headline_has_no_hzero": true,
  "lock_type_equals_headline": true,
  "negcontrol_cones": {
   "negControl_axiom": [
    "negControl_axiom"
   ],
   "negControl_sorry": [
    "sorryAx"
   ]
  },
  "negcontrol_rejected": true,
  "no_sorryAx": true,
  "provenance_all_match": true,
  "provenance_count": 11,
  "rauch_has_hzero": true
 },
 "failures": [],
 "ok": true,
 "provenance": {
  "release/Poincare/D10/JacobiConstantCurvature/Basic.lean": {
   "local": "af126a030be3d08fb553b51faff8ff0840713b5bd9f44344b781e233c86cda40",
   "ok": true,
   "origin": "af126a030be3d08fb553b51faff8ff0840713b5bd9f44344b781e233c86cda40",
   "origin_path": "/data3/guoshaoyang/workdir/lean_poincare/longrun/worktrees/leaders/L1-lean-baseline/release/Poincare/D10/JacobiConstantCurvature/Basic.lean",
   "pin": "af126a030be3d08fb553b51faff8ff0840713b5bd9f44344b781e233c86cda40"
  },
  "release/Poincare/D10/JacobiConstantCurvature/Comparison.lean": {
   "local": "d187e56c2a359aa18c0cd3bf04837e87f48819e9593acf35bd6d273be97b9992",
   "ok": true,
   "origin": "d187e56c2a359aa18c0cd3bf04837e87f48819e9593acf35bd6d273be97b9992",
   "origin_path": "/data3/guoshaoyang/workdir/lean_poincare/longrun/worktrees/leaders/L1-lean-baseline/release/Poincare/D10/JacobiConstantCurvature/Comparison.lean",
   "pin": "d187e56c2a359aa18c0cd3bf04837e87f48819e9593acf35bd6d273be97b9992"
  },
  "release/Poincare/D10/JacobiConstantCurvature/ODE.lean": {
   "local": "e83ec3c5922d865569b000209e593a284f70bd57127cd226a202abd0df9b2a28",
   "ok": true,
   "origin": "e83ec3c5922d865569b000209e593a284f70bd57127cd226a202abd0df9b2a28",
   "origin_path": "/data3/guoshaoyang/workdir/lean_poincare/longrun/worktrees/leaders/L1-lean-baseline/release/Poincare/D10/JacobiConstantCurvature/ODE.lean",
   "pin": "e83ec3c5922d865569b000209e593a284f70bd57127cd226a202abd0df9b2a28"
  },
  "release/Poincare/D12/ComparisonGeodesics/Definitions.lean": {
   "local": "62b9637d467cb483890e7e95685ac0beb1e29571892a09d7682d41f06de00dd5",
   "ok": true,
   "origin": "62b9637d467cb483890e7e95685ac0beb1e29571892a09d7682d41f06de00dd5",
   "origin_path": "/data3/guoshaoyang/workdir/lean_poincare/longrun/worktrees/leaders/L1-lean-baseline/release/Poincare/D12/ComparisonGeodesics/Definitions.lean",
   "pin": "62b9637d467cb483890e7e95685ac0beb1e29571892a09d7682d41f06de00dd5"
  },
  "release/Poincare/D12/ComparisonGeodesics/ModelEuclidean.lean": {
   "local": "e749d396e903166d9a7943e169a93bd2ffbf232fed02ff4a1ffdf5e09f2d7e4a",
   "ok": true,
   "origin": "e749d396e903166d9a7943e169a93bd2ffbf232fed02ff4a1ffdf5e09f2d7e4a",
   "origin_path": "/data3/guoshaoyang/workdir/lean_poincare/longrun/worktrees/leaders/L1-lean-baseline/release/Poincare/D12/ComparisonGeodesics/ModelEuclidean.lean",
   "pin": "e749d396e903166d9a7943e169a93bd2ffbf232fed02ff4a1ffdf5e09f2d7e4a"
  },
  "release/Poincare/D12/ComparisonGeodesics/SingularRiccati.lean": {
   "local": "446605cd23dca7ab1bb29cd036e0c78cd612dc565c5b8d44a0788062e47ef9a8",
   "ok": true,
   "origin": "446605cd23dca7ab1bb29cd036e0c78cd612dc565c5b8d44a0788062e47ef9a8",
   "origin_path": "/data3/guoshaoyang/workdir/lean_poincare/longrun/worktrees/leaders/L1-lean-baseline/release/Poincare/D12/ComparisonGeodesics/SingularRiccati.lean",
   "pin": "446605cd23dca7ab1bb29cd036e0c78cd612dc565c5b8d44a0788062e47ef9a8"
  },
  "release/Poincare/D12/ComparisonGeodesics/SturmComparison.lean": {
   "local": "1c7cb4ce8be44765dbc2f2db9c8ebfaeea84357efc50e16448e195f660e7cd03",
   "ok": true,
   "origin": "1c7cb4ce8be44765dbc2f2db9c8ebfaeea84357efc50e16448e195f660e7cd03",
   "origin_path": "/data3/guoshaoyang/workdir/lean_poincare/longrun/worktrees/leaders/L1-lean-baseline/release/Poincare/D12/ComparisonGeodesics/SturmComparison.lean",
   "pin": "1c7cb4ce8be44765dbc2f2db9c8ebfaeea84357efc50e16448e195f660e7cd03"
  },
  "release/Poincare/D12/ComparisonGeodesics/VolumeRatio.lean": {
   "local": "2855a05b42335dbae566860c7198d47d08853e580dbd06dfe55179c05f2b66dc",
   "ok": true,
   "origin": "2855a05b42335dbae566860c7198d47d08853e580dbd06dfe55179c05f2b66dc",
   "origin_path": "/data3/guoshaoyang/workdir/lean_poincare/longrun/worktrees/leaders/L1-lean-baseline/release/Poincare/D12/ComparisonGeodesics/VolumeRatio.lean",
   "pin": "2855a05b42335dbae566860c7198d47d08853e580dbd06dfe55179c05f2b66dc"
  },
  "release/Poincare/L4/GeodesicComparison/ConstantCurvatureRauch.lean": {
   "local": "93cb411e25f19079d39c36202bdf61a23e3b23a5939694fb668583d6c6e96048",
   "ok": true,
   "origin": "93cb411e25f19079d39c36202bdf61a23e3b23a5939694fb668583d6c6e96048",
   "origin_path": "/data3/guoshaoyang/workdir/lean_poincare/longrun/worktrees/leaders/L4-geometric-critical-path/release/Poincare/L4/GeodesicComparison/ConstantCurvatureRauch.lean",
   "pin": "93cb411e25f19079d39c36202bdf61a23e3b23a5939694fb668583d6c6e96048"
  },
  "release/Poincare/L4/GeodesicComparison/DownstreamComparison.lean": {
   "local": "93a653e28623f62b5c796786ebe81b7f8028b468e1454f0cbb5d6d1041cef3b3",
   "ok": true,
   "origin": "93a653e28623f62b5c796786ebe81b7f8028b468e1454f0cbb5d6d1041cef3b3",
   "origin_path": "/data3/guoshaoyang/workdir/lean_poincare/longrun/worktrees/leaders/L4-geometric-critical-path/release/Poincare/L4/GeodesicComparison/DownstreamComparison.lean",
   "pin": "93a653e28623f62b5c796786ebe81b7f8028b468e1454f0cbb5d6d1041cef3b3"
  },
  "release/Poincare/L4/GeodesicComparison/RauchBridge.lean": {
   "local": "dddc988dc10d7bf0b218a5c888f208e9ecd279c94d66461a98770d38d9bed0bb",
   "ok": true,
   "origin": "dddc988dc10d7bf0b218a5c888f208e9ecd279c94d66461a98770d38d9bed0bb",
   "origin_path": "/data3/guoshaoyang/workdir/lean_poincare/longrun/worktrees/leaders/L4-geometric-critical-path/release/Poincare/L4/GeodesicComparison/RauchBridge.lean",
   "pin": "dddc988dc10d7bf0b218a5c888f208e9ecd279c94d66461a98770d38d9bed0bb"
  }
 },
 "token_hits": {
  "release/Poincare/L4/GeodesicComparison/ConjugatePointAxiomAudit.lean": {},
  "release/Poincare/L4/GeodesicComparison/ConjugatePointEndpoint.lean": {}
 }
}
