{
 "ok": true,
 "gates": {
  "provenance_unchanged": true,
  "forbidden_tokens_clean": true,
  "compile_exit_zero": true,
  "axiom_run_exit_zero": true,
  "audit_query_list_exact": true,
  "authored_declarations_all_audited": true,
  "no_unscanned_declaration_forms": true,
  "axiom_audit_all_expected_found": true,
  "axiom_cones_allowed": true,
  "negative_control_real_rejected": true,
  "negative_control_synthetic_rejected": true
 },
 "hashes": {
  "release/Poincare/L4/GeodesicComparison/ConjugatePointEndpoint.lean": "6b6ddac2db2f7ea72a5088c65e4b215282875f5e1bd8661185ae5dc0400d8a5b",
  "release/Poincare/L4/GeodesicComparison/ConjugatePointAxiomAudit.lean": "de3f9489b9a1e664afea59d05e933e801c9465be023f521429fe6ba54981fd90",
  "release/lakefile.toml": "da970151371760d04c15987e8b5cfbe426d835b581da5fba611df9d4473d22e1",
  "release/lean-toolchain": "8190e75a201741065fe508b28955dd64dd72d090babe5f70ce6848879d68ae88",
  "release/lake-manifest.json": "cbc45ee0bd591606b3bb5ba38c38e41f3d317c59f99cb2dfb0adc7d33b32c3d0",
  "release/Poincare/D10/JacobiConstantCurvature/Basic.lean": "af126a030be3d08fb553b51faff8ff0840713b5bd9f44344b781e233c86cda40",
  "release/Poincare/D10/JacobiConstantCurvature/ODE.lean": "e83ec3c5922d865569b000209e593a284f70bd57127cd226a202abd0df9b2a28",
  "release/Poincare/D10/JacobiConstantCurvature/Comparison.lean": "d187e56c2a359aa18c0cd3bf04837e87f48819e9593acf35bd6d273be97b9992",
  "release/Poincare/D12/ComparisonGeodesics/Definitions.lean": "62b9637d467cb483890e7e95685ac0beb1e29571892a09d7682d41f06de00dd5",
  "release/Poincare/D12/ComparisonGeodesics/SingularRiccati.lean": "446605cd23dca7ab1bb29cd036e0c78cd612dc565c5b8d44a0788062e47ef9a8",
  "release/Poincare/D12/ComparisonGeodesics/ModelEuclidean.lean": "e749d396e903166d9a7943e169a93bd2ffbf232fed02ff4a1ffdf5e09f2d7e4a",
  "release/Poincare/D12/ComparisonGeodesics/VolumeRatio.lean": "2855a05b42335dbae566860c7198d47d08853e580dbd06dfe55179c05f2b66dc",
  "release/Poincare/D12/ComparisonGeodesics/SturmComparison.lean": "1c7cb4ce8be44765dbc2f2db9c8ebfaeea84357efc50e16448e195f660e7cd03",
  "release/Poincare/L4/GeodesicComparison/RauchBridge.lean": "dddc988dc10d7bf0b218a5c888f208e9ecd279c94d66461a98770d38d9bed0bb",
  "release/Poincare/L4/GeodesicComparison/DownstreamComparison.lean": "93a653e28623f62b5c796786ebe81b7f8028b468e1454f0cbb5d6d1041cef3b3",
  "release/Poincare/L4/GeodesicComparison/ConstantCurvatureRauch.lean": "93cb411e25f19079d39c36202bdf61a23e3b23a5939694fb668583d6c6e96048"
 },
 "axiom_audit": {
  "expected_declarations": 27,
  "found_declarations": 27,
  "missing": [],
  "bad_cones": {},
  "allowed_axioms": [
   "Classical.choice",
   "Quot.sound",
   "propext"
  ]
 },
 "failures": []
}
EXIT=0
