{
 "generated_at": "2026-09-12T02:48:16.530522+00:00",
 "checks": {
  "A_expected_count": 27,
  "A_found_count": 27,
  "B_distinct_cones": [
   [
    "Classical.choice",
    "Quot.sound",
    "propext"
   ]
  ],
  "C_probe_expected_count": 15,
  "C_probe_found_count": 15,
  "C_new_nonconstant_witness_cone": [
   "Classical.choice",
   "Quot.sound",
   "propext"
  ],
  "D_real_rejected": [
   [
    "negControl_sorry",
    [
     "sorryAx"
    ]
   ],
   [
    "negControl_axiom",
    [
     "negControl_axiom"
    ]
   ]
  ],
  "D_synthetic_rejected": [
   [
    "Fake.sorryThm",
    [
     "sorryAx"
    ]
   ]
  ],
  "E_ConjugatePointEndpoint.lean": [],
  "E_ConjugatePointAxiomAudit.lean": []
 },
 "failures": [],
 "ok": true
}
