=== 2026-09-11T15:44:27Z lake exe cache get (adapters) ===
✔ [1/5] Built Cache.Cli (315ms)
✔ [2/5] Built Cache.Lean (357ms)
✔ [6/26] Built Cache.Cli:c.o (113ms)
✔ [7/26] Built Cache.Lean:c.o (129ms)
✔ [8/26] Built Cache.Infra (369ms)
✔ [9/26] Built Cache.Infra:c.o (191ms)
✔ [10/26] Built Batteries.Tactic.OpenPrivate (844ms)
✔ [11/26] Built Batteries.Tactic.OpenPrivate:c.o (1.1s)
✔ [12/26] Built Cache.IO (1.4s)
✔ [13/26] Built Cache.Hashing (825ms)
✔ [14/26] Built Cache.Hashing:c.o (406ms)
✔ [15/26] Built Cache.IO:c.o (1.5s)
✔ [16/26] Built Cache.Requests (2.0s)
✔ [17/26] Built Cache.Marker (571ms)
✔ [18/26] Built Cache.Marker:c.o (113ms)
✔ [19/26] Built Cache.Query (707ms)
✔ [20/26] Built Cache.Query:c.o (260ms)
✔ [21/26] Built Cache.Warning (722ms)
✔ [22/26] Built Cache.Warning:c.o (261ms)
✔ [23/26] Built Cache.Requests:c.o (2.6s)
✔ [24/26] Built Cache.Main (1.9s)
✔ [25/26] Built Cache.Main:c.o (926ms)
✔ [26/26] Built cache:exe (1.1s)
Current branch: HEAD
Using cache from origin: (some leanprover-community/mathlib4)
Decompressing 8631 already-cached file(s) (1 already decompressed)
Attempting to download 7 file(s) from leanprover-community/mathlib4 cache at https://lakecache.blob.core.windows.net/mathlib4-master
/data3/guoshaoyang/workdir/lean_poincare/longrun/worktrees/leaders/L2-upstream-adapters/evidence/mathlib-cache/855c90b65af585ae.ltar: removing corrupted file
/data3/guoshaoyang/workdir/lean_poincare/longrun/worktrees/leaders/L2-upstream-adapters/evidence/mathlib-cache/c3cf608451b2227b.ltar: removing corrupted file
Downloaded: 0 file(s) [attempted 1/7 = 14%, 0 KB/s], Decompressed: 0[KDownloaded: 0 file(s) [attempted 4/7 = 57%, 0 KB/s], Decompressed: 0[KDownloaded: 0 file(s) [attempted 7/7 = 100%, 0 KB/s], Decompressed: 0[K
Attempting to download 7 file(s) from leanprover-community/mathlib4 cache at https://lakecache.blob.core.windows.net/mathlib4
/data3/guoshaoyang/workdir/lean_poincare/longrun/worktrees/leaders/L2-upstream-adapters/evidence/mathlib-cache/9b93b24932b335f8.ltar: removing corrupted file
Downloaded: 1 file(s) [attempted 1/7 = 14%, 2 KB/s], Decompressed: 0[KTerminated
CACHE_EXIT=143
=== 2026-09-11T15:45:30Z lake build (adapters, first) ===
✔ [675/2479] Built Mathlib.Tactic.FastInstance (1.5s)
✔ [679/2479] Built Qq.Macro (4.2s)
✔ [1822/2479] Built Mathlib.Tactic.NormNum.Basic (4.2s)
✔ [2409/2479] Built Mathlib.RingTheory.Polynomial.Basic (3.6s)
Downloaded: 4 file(s) [attempted 4/7 = 57%, 5 KB/s], Decompressed: 1[KDownloaded: 7 file(s) [attempted 7/7 = 100%, 5 KB/s], Decompressed: 1[K
Decompressed 7 file(s)
Decompressed 8631 already-cached file(s)
Completed successfully in 60680 ms!
✔ [2422/2479] Built Mathlib.Algebra.Star.NonUnitalSubalgebra (18s)
ℹ [2477/2479] Built UpstreamAdapters.Probes (2.1s)
info: UpstreamAdapters/Probes.lean:22:0: @Shared.LengthSpace.edist_le_pathLength : ∀ {M : Type u_1} [inst : PseudoEMetricSpace M] {x y : M} (γ : Path x y),
  edist x y ≤ Shared.pathLength γ
info: UpstreamAdapters/Probes.lean:23:0: @BilinearForm.riesz_inner : ∀ {𝕜 : Type u_1} [inst : Field 𝕜] [inst_1 : LinearOrder 𝕜] {V : Type u_2}
  [inst_2 : AddCommGroup V] [inst_3 : Module 𝕜 V] [inst_4 : FiniteDimensional 𝕜 V] {B : BilinearForm.Form 𝕜 V}
  (hB : BilinearForm.IsPosDef B) (φ : V →ₗ[𝕜] 𝕜) (v : V), BilinearForm.inner B (BilinearForm.riesz hB φ) v = φ v
info: UpstreamAdapters/Probes.lean:24:0: @BilinearForm.riesz_unique : ∀ {𝕜 : Type u_1} [inst : Field 𝕜] [inst_1 : LinearOrder 𝕜] [IsStrictOrderedRing 𝕜]
  {V : Type u_2} [inst_3 : AddCommGroup V] [inst_4 : Module 𝕜 V] [inst_5 : FiniteDimensional 𝕜 V]
  {B : BilinearForm.Form 𝕜 V} (hB : BilinearForm.IsPosDef B) (v : V) (φ : V →ₗ[𝕜] 𝕜),
  (∀ (w : V), BilinearForm.inner B v w = φ w) → v = BilinearForm.riesz hB φ
info: UpstreamAdapters/Probes.lean:25:0: @BilinearForm.IsPosDef.nondegenerate : ∀ {𝕜 : Type u_1} [inst : Field 𝕜] [inst_1 : LinearOrder 𝕜] {V : Type u_2}
  [inst_2 : AddCommGroup V] [inst_3 : Module 𝕜 V] {B : BilinearForm.Form 𝕜 V},
  BilinearForm.IsPosDef B → LinearMap.BilinForm.Nondegenerate B
info: UpstreamAdapters/Probes.lean:26:0: @BilinearForm.toDual : {𝕜 : Type u_1} →
  [inst : Field 𝕜] →
    {V : Type u_2} → [inst_1 : AddCommGroup V] → [inst_2 : Module 𝕜 V] → BilinearForm.Form 𝕜 V → V →ₗ[𝕜] V →ₗ[𝕜] 𝕜
info: UpstreamAdapters/Probes.lean:27:0: @FiberBundle.t2Space_totalSpace : ∀ {B : Type u_1} {F : Type u_2} [inst : TopologicalSpace B]
  [inst_1 : TopologicalSpace F] {E : B → Type u_3} [inst_2 : TopologicalSpace (Bundle.TotalSpace F E)]
  [inst_3 : (b : B) → TopologicalSpace (E b)] [FiberBundle F E] [T2Space B] [T2Space F], T2Space (Bundle.TotalSpace F E)
info: UpstreamAdapters/Probes.lean:28:0: @TangentBundle.t2Space : ∀ {E : Type u_1} [inst : NormedAddCommGroup E] [inst_1 : NormedSpace ℝ E] {H : Type u_2}
  [inst_2 : TopologicalSpace H] (I : ModelWithCorners ℝ E H) (M : Type u_3) [inst_3 : TopologicalSpace M] [T2Space M]
  [inst_5 : ChartedSpace H M] [inst_6 : IsManifold I 1 M], T2Space (TangentBundle I M)
✔ [2478/2479] Built UpstreamAdapters (2.1s)
Build completed successfully (2479 jobs).
BUILD_EXIT=0
=== 2026-09-11T15:45:59Z done ===
