=== 2026-09-11T16:45:36Z final round-4 verification chain ===
checked 15 authored Lean files
AUTHORED-FILE CHECK PASSED: no forbidden tokens in code
AUTHORED_EXIT=0
novelty: 90 authored declarations (59 intentional alias renamings exempt)
  short-name matches with upstream declarations: 1
    UpstreamAdapters.DownstreamGeometry.euclidean_curvatureFormAt_eq_zero  ~  MorganTianLib.euclidean_curvatureFormAt_eq_zero (formalized-sources/MorganTian/MorganTianLib/Ch03/RicciFlow/EuclideanExample.lean:34, private)
NOVELTY CHECK PASSED: no non-alias authored declaration duplicates a public upstream declaration; allowed private-name re-derivations are recorded in PRIVATE_OK
NOVELTY_EXIT=0
classes: {'model': 14, 'proved': 58, 'definition': 11, 'conditional': 8}
missing from static index: []
CLASSIFY_EXIT=0
SOURCE_HASHES_EXIT=0
}
authored files hashed: 37
/data3/guoshaoyang/workdir/lean_poincare/longrun/worktrees/leaders/L2-upstream-adapters/evidence/logs/axiom-audit-build.log:BUILD_EXIT=0
/data3/guoshaoyang/workdir/lean_poincare/longrun/worktrees/leaders/L2-upstream-adapters/evidence/logs/axiom-audit-build.log:PETERSEN_BUILD_EXIT=0
/data3/guoshaoyang/workdir/lean_poincare/longrun/worktrees/leaders/L2-upstream-adapters/evidence/logs/axiom-audit.log:AUDIT_LEAN_EXIT=0
/data3/guoshaoyang/workdir/lean_poincare/longrun/worktrees/leaders/L2-upstream-adapters/evidence/logs/axiom-audit.log:PETERSEN_AUDIT_LEAN_EXIT=0
axiom audit: parsed 90 declaration cones (record starts in log: 90)
  cone contains Classical.choice: 90
  cone contains Quot.sound: 90
  cone contains propext: 90
AXIOM AUDIT PASSED: all cones within {propext, Classical.choice, Quot.sound}
CHECK_EXIT=0
coverage: 90 authored declarations, 90 audit lines, 90 log records
AUDIT-COVERAGE CHECK PASSED: authored == audited == logged
COVERAGE_EXIT=0
AXIOM AUDIT AND COVERAGE PASSED
AUDIT_DRIVER_EXIT=0
=== done 2026-09-11T16:45:59Z ===
