=== round-4 compile check of the four previously unbuilt inventoried packages (2026-09-11T16:53:10Z) ===
=== lake build GilbargTrudinger ===
Build completed successfully (8663 jobs).
GilbargTrudinger_EXIT=0
sorry warnings: 0
=== lake build HanLinLectureNotes ===
Build completed successfully (8691 jobs).
HanLinLectureNotes_EXIT=0
sorry warnings: 0
=== lake build EvansLib ===
Note: The updated constant is in a different namespace. Dot notation may need to be changed (e.g., from `x.smul_apply` to `smul_apply x`).
Build completed successfully (3754 jobs).
EvansLib_EXIT=0
sorry warnings: 0
=== lake build LeeLib ===
Note: The updated constant is in a different namespace. Dot notation may need to be changed (e.g., from `x.one_apply` to `one_apply_eq_self x`).
Build completed successfully (3685 jobs).
LeeLib_EXIT=0
sorry warnings: 0
=== done 2026-09-11T16:53:33Z ===
