=== 2026-09-11T16:23:43Z round-3 reproducibility re-verification ===
--- snapshot integrity ---
      "third_party/frenzymath/Poincare-Conjecture/shared/.lake/config/1/lakefile.olean",
      "third_party/frenzymath/Poincare-Conjecture/shared/.lake/config/1/lakefile.olean.trace"
    ]
  }
}
SNAPSHOT_EXIT=0
--- upstream no-op builds from adapters/ ---
DoCarmoLib exit=0
MorganTianLib exit=0
Topping exit=0
HatcherLib exit=0
KleinerLott exit=0
ChowKnopf exit=0
Shared exit=0
--- inventory determinism ---
inventory-v2 exit=0
inventory json sha256 before=f8af49eb0104773d94fc297852e026cbd1ae8143fcdc2d5afde659aab73c9565
inventory json sha256 after =f8af49eb0104773d94fc297852e026cbd1ae8143fcdc2d5afde659aab73c9565
INVENTORY_DETERMINISTIC=yes
qualified-names exit=0
