'Poincare.D12.TensorMaximumBochner.Audit.discrete_max_principle_is_scalar' depends on axioms: [propext,
 Classical.choice,
 Quot.sound]
'Poincare.D12.TensorMaximumBochner.Audit.bochnerStatement_is_statement_only' depends on axioms: [propext,
 Classical.choice,
 Quot.sound]
'Poincare.D12.TensorMaximumBochner.Audit.zero_bridge_is_zero_calculus' depends on axioms: [propext,
 Classical.choice,
 Quot.sound]
'Poincare.D12.TensorMaximumBochner.Audit.d12_pair_symm_audited' depends on axioms: [propext,
 Classical.choice,
 Quot.sound]
'Poincare.D12.TensorMaximumBochner.Audit.d12_matrix_example_audited' depends on axioms: [propext,
 Classical.choice,
 Quot.sound]
'Poincare.D12.TensorMaximumBochner.Audit.d12_so3_ricci_term_audited' depends on axioms: [propext,
 Classical.choice,
 Quot.sound]
'Poincare.D12.TensorMaximumBochner.Audit.d12_so3_bochner_audited' depends on axioms: [propext,
 Classical.choice,
 Quot.sound]
'Poincare.D12.TensorMaximumBochner.Audit.d12_so3_gradsq_nonvacuous' depends on axioms: [propext,
 Classical.choice,
 Quot.sound]
'Poincare.D12.TensorMaximumBochner.Audit.d12_so3_lap_X0_audited' depends on axioms: [propext,
 Classical.choice,
 Quot.sound]
'Poincare.D12.TensorMaximumBochner.Audit.d12_so3_laplacian_nondegenerate' depends on axioms: [propext,
 Classical.choice,
 Quot.sound]
'Poincare.D12.TensorMaximumBochner.Audit.d12_so3_strict_bochner_audited' depends on axioms: [propext,
 Classical.choice,
 Quot.sound]
'Poincare.D12.TensorMaximumBochner.Audit.d12_horizon_max_principle_audited' depends on axioms: [propext,
 Classical.choice,
 Quot.sound]
'Poincare.D12.TensorMaximumBochner.Audit.d12_so3_ricci_flow_audited' depends on axioms: [propext,
 Classical.choice,
 Quot.sound]
'Poincare.D12.TensorMaximumBochner.Audit.d12_so3_metric_posSemidef_audited' depends on axioms: [propext,
 Classical.choice,
 Quot.sound]
'Poincare.D12.TensorMaximumBochner.Audit.d12_so3_metric_posDef_audited' depends on axioms: [propext,
 Classical.choice,
 Quot.sound]
'Poincare.D12.TensorMaximumBochner.Audit.d12_so3_metric_extinction_audited' depends on axioms: [propext,
 Classical.choice,
 Quot.sound]
'Poincare.D12.TensorMaximumBochner.Audit.d12_kernel_tangent_necessary_audited' depends on axioms: [propext,
 Classical.choice,
 Quot.sound]
'Poincare.D12.TensorMaximumBochner.Audit.d12_kernel_tangent_not_feasible_audited' depends on axioms: [propext,
 Classical.choice,
 Quot.sound]
'Poincare.D12.TensorMaximumBochner.Audit.d12_adjugate_posSemidef_audited' depends on axioms: [propext,
 Classical.choice,
 Quot.sound]
'Poincare.D12.TensorMaximumBochner.Audit.d12_hamilton_field_kernel_tangent_audited' depends on axioms: [propext,
 Classical.choice,
 Quot.sound]
'Poincare.D12.TensorMaximumBochner.Audit.d12_hamilton_field_gap_audited' depends on axioms: [propext,
 Classical.choice,
 Quot.sound]
