'Poincare.D7.ShortTime.RicciFlowData' depends on axioms: [propext, Classical.choice, Quot.sound]
'Poincare.D7.ShortTime.RicciFlowData.ricciVectorField' depends on axioms: [propext, Classical.choice, Quot.sound]
'Poincare.D7.ShortTime.RicciFlowData.ricciVectorField_apply' depends on axioms: [propext, Classical.choice, Quot.sound]
'Poincare.D7.ShortTime.RicciFlowData.ricci_flow_eq_vectorField' depends on axioms: [propext,
 Classical.choice,
 Quot.sound]
'Poincare.D7.ShortTime.deTurckRHS' depends on axioms: [propext, Classical.choice, Quot.sound]
'Poincare.D7.ShortTime.deTurckRHS_def' depends on axioms: [propext, Classical.choice, Quot.sound]
'Poincare.D7.ShortTime.deTurckRHS_eq_ricciVectorField_sub' depends on axioms: [propext, Classical.choice, Quot.sound]
'Poincare.D7.ShortTime.DeTurckCertificate' depends on axioms: [propext, Classical.choice, Quot.sound]
'Poincare.D7.ShortTime.DeTurckCertificate.isUnit_det_gauge' depends on axioms: [propext, Classical.choice, Quot.sound]
'Poincare.D7.ShortTime.DeTurckCertificate.deturck_flow_eq' depends on axioms: [propext, Classical.choice, Quot.sound]
'Poincare.D7.ShortTime.DeTurckCertificate.ricci_congruence_gauge' depends on axioms: [propext,
 Classical.choice,
 Quot.sound]
'Poincare.D7.ShortTime.DeTurckCertificate.pullback' depends on axioms: [propext, Classical.choice, Quot.sound]
'Poincare.D7.ShortTime.DeTurckCertificate.pullback_apply' depends on axioms: [propext, Classical.choice, Quot.sound]
'Poincare.D7.ShortTime.DeTurckCertificate.pullback_symm' depends on axioms: [propext, Classical.choice, Quot.sound]
'Poincare.D7.ShortTime.DeTurckCertificate.pullback_zero' depends on axioms: [propext, Classical.choice, Quot.sound]
'Poincare.D7.ShortTime.LipschitzVectorField' depends on axioms: [propext, Classical.choice, Quot.sound]
'Poincare.D7.ShortTime.LipschitzVectorField.lipschitzOnWith' depends on axioms: [propext, Classical.choice, Quot.sound]
'Poincare.D7.ShortTime.LipschitzVectorField.solution_unique' depends on axioms: [propext, Classical.choice, Quot.sound]
'Poincare.D7.ShortTime.LipschitzVectorField.solution_eq' depends on axioms: [propext, Classical.choice, Quot.sound]
'Poincare.D7.ShortTime.RicciLipschitzInterface' depends on axioms: [propext, Classical.choice, Quot.sound]
'Poincare.D7.ShortTime.RicciLipschitzInterface.toLipschitzVectorField' depends on axioms: [propext,
 Classical.choice,
 Quot.sound]
'Poincare.D7.ShortTime.RicciLipschitzInterface.solution_unique' depends on axioms: [propext,
 Classical.choice,
 Quot.sound]
'Poincare.D7.ShortTime.RicciLipschitzInterface.solution_eq' depends on axioms: [propext, Classical.choice, Quot.sound]
'Poincare.D7.ShortTime.hasDerivAt_transpose' depends on axioms: [propext, Classical.choice, Quot.sound]
'Poincare.D7.ShortTime.hasDerivAt_mul' depends on axioms: [propext, Classical.choice, Quot.sound]
'Poincare.D7.ShortTime.hasDerivAt_mul_three' depends on axioms: [propext, Classical.choice, Quot.sound]
'Poincare.D7.ShortTime.hasDerivAt_const_matrix' depends on axioms: [propext, Classical.choice, Quot.sound]
'Poincare.D7.ShortTime.hasDerivAt_add_matrix' depends on axioms: [propext, Classical.choice, Quot.sound]
'Poincare.D7.ShortTime.hasDerivAt_sub_matrix' depends on axioms: [propext, Classical.choice, Quot.sound]
'Poincare.D7.ShortTime.hasDerivAt_neg_matrix' depends on axioms: [propext, Classical.choice, Quot.sound]
'Poincare.D7.ShortTime.hasDerivAt_const_smul_matrix' depends on axioms: [propext, Classical.choice, Quot.sound]
'Poincare.D7.ShortTime.hasDerivAt_smul_const_matrix' depends on axioms: [propext, Classical.choice, Quot.sound]
'Poincare.D7.ShortTime.hasDerivAt_id_smul_matrix' depends on axioms: [propext, Classical.choice, Quot.sound]
'Poincare.D7.ShortTime.gaugeAction' depends on axioms: [propext, Classical.choice, Quot.sound]
'Poincare.D7.ShortTime.gaugeAction_apply' depends on axioms: [propext, Classical.choice, Quot.sound]
'Poincare.D7.ShortTime.gaugeAction_transpose' depends on axioms: [propext, Classical.choice, Quot.sound]
'Poincare.D7.ShortTime.gaugeAction_inv' depends on axioms: [propext, Classical.choice, Quot.sound]
'Poincare.D7.ShortTime.gauge_pullback_algebra' depends on axioms: [propext, Classical.choice, Quot.sound]
'Poincare.D7.ShortTime.deTurckRHS_add_gauge' depends on axioms: [propext, Classical.choice, Quot.sound]
'Poincare.D7.ShortTime.gauge_pullback_deTurckRHS' depends on axioms: [propext, Classical.choice, Quot.sound]
'Poincare.D7.ShortTime.gaugeInv_ricci_congruence' depends on axioms: [propext, Classical.choice, Quot.sound]
'Poincare.D7.ShortTime.DeTurckCertificate.gaugeInvDeriv_eq' depends on axioms: [propext, Classical.choice, Quot.sound]
'Poincare.D7.ShortTime.DeTurckCertificate.gauge_conj_inv' depends on axioms: [propext, Classical.choice, Quot.sound]
'Poincare.D7.ShortTime.DeTurckCertificate.gaugeInv_ricci_congruence'' depends on axioms: [propext,
 Classical.choice,
 Quot.sound]
'Poincare.D7.ShortTime.DeTurckCertificate.pullback_hasDerivAt_at' depends on axioms: [propext,
 Classical.choice,
 Quot.sound]
'Poincare.D7.ShortTime.DeTurckCertificate.pullback_hasDerivAt_of' depends on axioms: [propext,
 Classical.choice,
 Quot.sound]
'Poincare.D7.ShortTime.DeTurckCertificate.pullback_hasDerivAt_of_Ioo' depends on axioms: [propext,
 Classical.choice,
 Quot.sound]
'Poincare.D7.ShortTime.DeTurckCertificate.pullback_hasDerivAt' depends on axioms: [propext,
 Classical.choice,
 Quot.sound]
'Poincare.D7.ShortTime.DeTurckCertificate.pullback_solves_ricciFlow' depends on axioms: [propext,
 Classical.choice,
 Quot.sound]
'Poincare.D7.ShortTime.DeTurckCertificate.pullback_eq_metric' depends on axioms: [propext, Classical.choice, Quot.sound]
'Poincare.D7.ShortTime.DeTurckCertificate.gaugeInv_hasDerivAt' depends on axioms: [propext,
 Classical.choice,
 Quot.sound]
'Poincare.D7.ShortTime.DeTurckCertificate.ricciFlow_gauge_recover' depends on axioms: [propext,
 Classical.choice,
 Quot.sound]
'Poincare.D7.ShortTime.DeTurckParabolicProblem' depends on axioms: [propext, Classical.choice, Quot.sound]
'Poincare.D7.ShortTime.DeTurckShortTimeExistence' depends on axioms: [propext, Classical.choice, Quot.sound]
'Poincare.D7.ShortTime.DeTurckToRicciConversion' depends on axioms: [propext, Classical.choice, Quot.sound]
'Poincare.D7.ShortTime.matrixProblem' depends on axioms: [propext, Classical.choice, Quot.sound]
'Poincare.D7.ShortTime.matrixProblem_deTurckToRicciConversion' depends on axioms: [propext,
 Classical.choice,
 Quot.sound]
'Poincare.D7.ShortTime.MissingDependency' does not depend on any axioms
'Poincare.D7.ShortTime.BlockerDeTurckShortTime' does not depend on any axioms
'Poincare.D7.ShortTime.BlockerDeTurckConversion' does not depend on any axioms
'Poincare.D7.ShortTime.BlockerDeTurckShortTime_ne_nil' depends on axioms: [propext, Classical.choice, Quot.sound]
'Poincare.D7.ShortTime.BlockerDeTurckConversion_ne_nil' depends on axioms: [propext, Classical.choice, Quot.sound]
'Poincare.D7.ShortTime.quasilinearParabolicDependencies' does not depend on any axioms
'Poincare.D7.ShortTime.quasilinearParabolicDependencies_length' does not depend on any axioms
'Poincare.D7.ShortTime.quasilinearParabolicDependencies_ne_nil' depends on axioms: [propext]
'Poincare.D7.ShortTime.quasilinearParabolicDependencies_all_named' depends on axioms: [propext,
 Classical.choice,
 Quot.sound]
'Poincare.D7.ShortTime.einsteinRicci' depends on axioms: [propext, Classical.choice, Quot.sound]
'Poincare.D7.ShortTime.einsteinRicci_symm' depends on axioms: [propext, Classical.choice, Quot.sound]
'Poincare.D7.ShortTime.einsteinRicci_congruence' depends on axioms: [propext, Classical.choice, Quot.sound]
'Poincare.D7.ShortTime.hasDerivAt_exp_smul' depends on axioms: [propext, Classical.choice, Quot.sound]
'Poincare.D7.ShortTime.einsteinRicciFlowData' depends on axioms: [propext, Classical.choice, Quot.sound]
'Poincare.D7.ShortTime.flatRicciFlowData' depends on axioms: [propext, Classical.choice, Quot.sound]
'Poincare.D7.ShortTime.trivialDeTurckCertificate' depends on axioms: [propext, Classical.choice, Quot.sound]
'Poincare.D7.ShortTime.nilpotent_gauge_correction' depends on axioms: [propext, Classical.choice, Quot.sound]
'Poincare.D7.ShortTime.nilpotent_deTurckRHS' depends on axioms: [propext, Classical.choice, Quot.sound]
'Poincare.D7.ShortTime.nilpotentDeTurckCertificate' depends on axioms: [propext, Classical.choice, Quot.sound]
'Poincare.D7.ShortTime.nilpotentB' depends on axioms: [propext, Classical.choice, Quot.sound]
'Poincare.D7.ShortTime.nilpotentH' depends on axioms: [propext, Classical.choice, Quot.sound]
'Poincare.D7.ShortTime.nilpotentH_transpose' depends on axioms: [propext, Classical.choice, Quot.sound]
'Poincare.D7.ShortTime.nilpotentB_sq' depends on axioms: [propext, Classical.choice, Quot.sound]
'Poincare.D7.ShortTime.nilpotentB_H_B' depends on axioms: [propext, Classical.choice, Quot.sound]
'Poincare.D7.ShortTime.nilpotentB_H_add_ne_zero' depends on axioms: [propext, Classical.choice, Quot.sound]
'Poincare.D7.ShortTime.concreteDeTurckCertificate' depends on axioms: [propext, Classical.choice, Quot.sound]
'Poincare.D7.ShortTime.concreteDeTurck_metric_deriv_ne_zero' depends on axioms: [propext, Classical.choice, Quot.sound]
'Poincare.D7.ShortTime.trivial_pullback_eq' depends on axioms: [propext, Classical.choice, Quot.sound]
