Longrun.PDE.ContinuousHeatHypotheses : (ℝ → ℝ → ℝ) → ℝ → ℝ → ℝ → Prop
Longrun.PDE.ContinuousHeatMaximumPrincipleInterface : (ℝ → ℝ → ℝ) → ℝ → ℝ → ℝ → Prop
Poincare.Longrun.PDE.ContinuousHeatHypotheses.continuous_on_slab {u : ℝ → ℝ → ℝ} {a b T : ℝ}
  (self : Longrun.PDE.ContinuousHeatHypotheses u a b T) : ContinuousOn (fun p => u p.1 p.2) (Icc a b ×ˢ Icc 0 T)
Poincare.Longrun.PDE.ContinuousHeatHypotheses.heat_equation {u : ℝ → ℝ → ℝ} {a b T : ℝ}
  (self : Longrun.PDE.ContinuousHeatHypotheses u a b T) (x t : ℝ) :
  x ∈ Icc a b → t ∈ Ioo 0 T → deriv (fun s => u x s) t = iteratedDeriv 2 (fun y => u y t) x
Poincare.Longrun.PDE.ContinuousHeatHypotheses.initial_nonpos {u : ℝ → ℝ → ℝ} {a b T : ℝ}
  (self : Longrun.PDE.ContinuousHeatHypotheses u a b T) (x : ℝ) : x ∈ Icc a b → u x 0 ≤ 0
Poincare.Longrun.PDE.ContinuousHeatHypotheses.lateral_nonpos {u : ℝ → ℝ → ℝ} {a b T : ℝ}
  (self : Longrun.PDE.ContinuousHeatHypotheses u a b T) (t : ℝ) : t ∈ Icc 0 T → u a t ≤ 0 ∧ u b t ≤ 0
Longrun.PDE.HeatGridEvolution : ℕ → ℝ → Type
@Longrun.PDE.HeatGridEvolution.step_eq_convex : ∀ {N : ℕ} {α : ℝ} (ev : Longrun.PDE.HeatGridEvolution N α) {t i : ℕ},
  0 < i → i < N + 1 → ev.u (t + 1) i = α * ev.u t (i - 1) + (1 - 2 * α) * ev.u t i + α * ev.u t (i + 1)
@Longrun.PDE.HeatGridEvolution.step_eq_heatStep : ∀ {N : ℕ} {α : ℝ} (ev : Longrun.PDE.HeatGridEvolution N α) {t i : ℕ},
  0 < i → i < N + 1 → ev.u (t + 1) i = Longrun.PDE.heatStep α (Longrun.PDE.zeroExtend (ev.u t) N) i
@Longrun.PDE.HeatGridEvolution.le_of_initial_le : ∀ {N : ℕ} {α M : ℝ} (ev : Longrun.PDE.HeatGridEvolution N α),
  0 ≤ α → α ≤ 1 / 2 → 0 ≤ M → (∀ i ≤ N + 1, ev.u 0 i ≤ M) → ∀ (t i : ℕ), i ≤ N + 1 → ev.u t i ≤ M
@Longrun.Evolution.FiniteMeshConvergence : {ι : Type u_1} → (ℕ → ℝ) → (ℕ → ι → ℝ) → (ι → ℝ) → Prop
@le_of_tendsto' : ∀ {α : Type u_1} {β : Type u_2} [inst : TopologicalSpace α] [inst_1 : Preorder α]
  [ClosedIicTopology α] {f : β → α} {a b : α} {x : Filter β} [hx : x.NeBot],
  Tendsto f x (𝓝 a) → (∀ (c : β), f c ≤ b) → a ≤ b
@Tendsto.comp : ∀ {α : Type u_1} {β : Type u_2} {γ : Type u_3} {f : α → β} {g : β → γ} {x : Filter α} {y : Filter β}
  {z : Filter γ}, Tendsto g y z → Tendsto f x y → Tendsto (g ∘ f) x z
@Tendsto.prodMk_nhds : ∀ {X : Type u_1} {Y : Type u_2} [inst : TopologicalSpace X] [inst_1 : TopologicalSpace Y]
  {γ : Type u_3} {x : X} {y : Y} {f : Filter γ} {mx : γ → X} {my : γ → Y},
  Tendsto mx f (𝓝 x) → Tendsto my f (𝓝 y) → Tendsto (fun c => (mx c, my c)) f (𝓝 (x, y))
@Eventually.of_forall : ∀ {α : Type u_1} {p : α → Prop} {f : Filter α}, (∀ (x : α), p x) → ∀ᶠ (x : α) in f, p x
@tendsto_nhdsWithin_of_tendsto_nhds_of_eventually_within : ∀ {α : Type u_1} {β : Type u_2} [inst : TopologicalSpace α]
  {a : α} {l : Filter β} {s : Set α} (f : β → α), Tendsto f l (𝓝 a) → (∀ᶠ (x : β) in l, f x ∈ s) → Tendsto f l (𝓝[s] a)
@ContinuousOn.continuousWithinAt : ∀ {α : Type u_1} {β : Type u_2} [inst : TopologicalSpace α]
  [inst_1 : TopologicalSpace β] {f : α → β} {s : Set α} {x : α}, ContinuousOn f s → x ∈ s → ContinuousWithinAt f s x
@ContinuousWithinAt.tendsto : ∀ {α : Type u_1} {β : Type u_2} [inst : TopologicalSpace α] [inst_1 : TopologicalSpace β]
  {f : α → β} {s : Set α} {x : α}, ContinuousWithinAt f s x → Tendsto f (𝓝[s] x) (𝓝 (f x))
@Metric.tendsto_atTop : ∀ {α : Type u_1} {β : Type u_2} [inst : PseudoMetricSpace α] [Nonempty β]
  [inst_2 : SemilatticeSup β] {u : β → α} {a : α}, Tendsto u atTop (𝓝 a) ↔ ∀ ε > 0, ∃ N, ∀ n ≥ N, dist (u n) a < ε
@tendsto_atTop_mono : ∀ {α : Type u_1} {β : Type u_2} [inst : Preorder β] {l : Filter α} {f g : α → β},
  (∀ (n : α), f n ≤ g n) → Tendsto f l atTop → Tendsto g l atTop
@squeeze_zero : ∀ {α : Type u_1} {f g : α → ℝ} {t₀ : Filter α},
  (∀ (t : α), 0 ≤ f t) → (∀ (t : α), f t ≤ g t) → Tendsto g t₀ (𝓝 0) → Tendsto f t₀ (𝓝 0)
@tendsto_zero_iff_abs_tendsto_zero : ∀ {G : Type u_1} [inst : TopologicalSpace G] [inst_1 : AddCommGroup G]
  [inst_2 : LinearOrder G] [IsOrderedAddMonoid G] [OrderTopology G] {α : Type u_2} {l : Filter α} (f : α → G),
  Tendsto f l (𝓝 0) ↔ Tendsto (abs ∘ f) l (𝓝 0)
@Finset.sup'_le : ∀ {α : Type u_1} {β : Type u_2} [inst : SemilatticeSup α] {s : Finset β} (H : s.Nonempty) (f : β → α)
  {a : α}, (∀ b ∈ s, f b ≤ a) → s.sup' H f ≤ a
@Finset.le_sup' : ∀ {α : Type u_1} {β : Type u_2} [inst : SemilatticeSup α] {s : Finset β} (f : β → α) {b : β}
  (h : b ∈ s), f b ≤ s.sup' ⋯ f
@Finset.sum_nonneg : ∀ {ι : Type u_1} {N : Type u_2} [inst : AddCommMonoid N] [inst_1 : Preorder N] {f : ι → N}
  {s : Finset ι} [AddLeftMono N], (∀ i ∈ s, 0 ≤ f i) → 0 ≤ ∑ i ∈ s, f i
@Finset.sum_le_sum : ∀ {ι : Type u_1} {N : Type u_2} [inst : AddCommMonoid N] [inst_1 : Preorder N] {f g : ι → N}
  {s : Finset ι} [AddLeftMono N], (∀ i ∈ s, f i ≤ g i) → ∑ i ∈ s, f i ≤ ∑ i ∈ s, g i
@Finset.sum_range_succ : ∀ {M : Type u_1} [inst : AddCommMonoid M] (f : ℕ → M) (n : ℕ),
  ∑ x ∈ Finset.range (n + 1), f x = ∑ x ∈ Finset.range n, f x + f n
@Finset.sum_const : ∀ {ι : Type u_1} {M : Type u_2} {s : Finset ι} [inst : AddCommMonoid M] (b : M),
  ∑ _x ∈ s, b = s.card • b
@nsmul_eq_mul : ∀ {α : Type u_1} [inst : NonAssocSemiring α] (n : ℕ) (a : α), n • a = ↑n * a
@abs_le : ∀ {G : Type u_1} [inst : AddCommGroup G] [inst_1 : LinearOrder G] [IsOrderedAddMonoid G] {a b : G},
  |a| ≤ b ↔ -b ≤ a ∧ a ≤ b
@abs_add_le : ∀ {α : Type u_1} [inst : Lattice α] [inst_1 : AddCommGroup α] [AddLeftMono α] (a b : α),
  |a + b| ≤ |a| + |b|
@abs_mul : ∀ {α : Type u_1} [inst : Ring α] [inst_1 : LinearOrder α] [IsOrderedRing α] (a b : α), |a * b| = |a| * |b|
@abs_of_nonneg : ∀ {α : Type u_1} [inst : Lattice α] [inst_1 : AddGroup α] {a : α} [AddLeftMono α], 0 ≤ a → |a| = a
@abs_eq_zero : ∀ {α : Type u_1} [inst : AddGroup α] [inst_1 : LinearOrder α] [AddLeftMono α] {a : α} [AddRightMono α],
  |a| = 0 ↔ a = 0
@sub_eq_zero : ∀ {G : Type u_1} [inst : AddGroup G] {a b : G}, a - b = 0 ↔ a = b
@sub_sub_cancel : ∀ {G : Type u_1} [inst : AddCommGroup G] (a b : G), a - (a - b) = b
@max_le : ∀ {α : Type u_1} [inst : LinearOrder α] {a b c : α}, a ≤ c → b ≤ c → max a b ≤ c
Real.dist_eq : ∀ (x y : ℝ), dist x y = |x - y|
@StrictMonoOn : {α : Type u_1} → {β : Type u_2} → [Preorder α] → [Preorder β] → (α → β) → Set α → Prop
@Nat.cast_sub : ∀ {R : Type u_1} [inst : AddGroupWithOne R] {m n : ℕ}, m ≤ n → ↑(n - m) = ↑n - ↑m
@Nat.cast_lt : ∀ {α : Type u_1} [inst : AddMonoidWithOne α] [inst_1 : PartialOrder α] [AddLeftMono α] [ZeroLEOneClass α]
  [CharZero α] {m n : ℕ}, ↑m < ↑n ↔ m < n
@tendsto_natCast_atTop_atTop : ∀ {R : Type u_1} [inst : Semiring R] [inst_1 : PartialOrder R] [IsOrderedRing R]
  [Archimedean R], Tendsto Nat.cast atTop atTop
@Tendsto.inv_tendsto_atTop : ∀ {𝕜 : Type u_1} {α : Type u_2} [inst : Semifield 𝕜] [inst_1 : LinearOrder 𝕜]
  [IsStrictOrderedRing 𝕜] [inst_3 : TopologicalSpace 𝕜] [OrderTopology 𝕜] {l : Filter α} {f : α → 𝕜},
  Tendsto f l atTop → Tendsto f⁻¹ l (𝓝 0)
@tendsto_inv_atTop_zero : ∀ {𝕜 : Type u_1} [inst : Semifield 𝕜] [inst_1 : LinearOrder 𝕜] [IsStrictOrderedRing 𝕜]
  [inst_3 : TopologicalSpace 𝕜] [OrderTopology 𝕜], Tendsto (fun r => r⁻¹) atTop (𝓝 0)
@Equicontinuous : {ι : Type u_1} →
  {X : Type u_2} → {α : Type u_3} → [tX : TopologicalSpace X] → [uα : UniformSpace α] → (ι → X → α) → Prop
@EquicontinuousOn : {ι : Type u_1} →
  {X : Type u_2} → {α : Type u_3} → [tX : TopologicalSpace X] → [uα : UniformSpace α] → (ι → X → α) → Set X → Prop
@IsCompact : {X : Type u_1} → [TopologicalSpace X] → Set X → Prop
ContinuousMap : (X : Type u_1) → (Y : Type u_2) → [TopologicalSpace X] → [TopologicalSpace Y] → Type (max u_1 u_2)
@taylor_mean_remainder : ∀ {f g g' : ℝ → ℝ} {x x₀ : ℝ} {n : ℕ},
  x₀ ≠ x →
    ContDiffOn ℝ (↑n) f (uIcc x₀ x) →
      DifferentiableOn ℝ (iteratedDerivWithin n f (uIcc x₀ x)) (uIoo x₀ x) →
        ContinuousOn g (uIcc x₀ x) →
          (∀ x_1 ∈ uIoo x₀ x, HasDerivAt g (g' x_1) x_1) →
            (∀ x_1 ∈ uIoo x₀ x, g' x_1 ≠ 0) →
              ∃ x' ∈ uIoo x₀ x,
                f x - taylorWithinEval f n (uIcc x₀ x) x₀ x =
                  ((x - x') ^ n / ↑n.factorial * (g x - g x₀) / g' x') • iteratedDerivWithin (n + 1) f (uIcc x₀ x) x'
@HasFTaylorSeriesUpTo : {𝕜 : Type u_1} →
  [inst : NontriviallyNormedField 𝕜] →
    {E : Type u_2} →
      [inst_1 : NormedAddCommGroup E] →
        [inst_2 : NormedSpace 𝕜 E] →
          {F : Type u_3} →
            [inst_3 : NormedAddCommGroup F] →
              [inst_4 : NormedSpace 𝕜 F] → WithTop ℕ∞ → (E → F) → (E → FormalMultilinearSeries 𝕜 E F) → Prop
Unknown identifier `ArzelaAscoli`
Unknown identifier `ParabolicRegularity`
Unknown identifier `SchauderEstimate`
Unknown identifier `SobolevSpace`
Unknown identifier `UniformC2Estimate`
