'Poincare.D7.RicciScalar.ricciTrace' depends on axioms: [propext, Classical.choice, Quot.sound]
'Poincare.D7.RicciScalar.ricciTrace_apply' depends on axioms: [propext, Classical.choice, Quot.sound]
'Poincare.D7.RicciScalar.ricciTrace_eq_ricciSum' depends on axioms: [propext, Classical.choice, Quot.sound]
'Poincare.D7.RicciScalar.ricciTrace_eq_d2' depends on axioms: [propext, Classical.choice, Quot.sound]
'Poincare.D7.RicciScalar.ricciTrace_eq_ricciForm' depends on axioms: [propext, Classical.choice, Quot.sound]
'Poincare.D7.RicciScalar.ricciForm_eq_ricciTrace' depends on axioms: [propext, Classical.choice, Quot.sound]
'Poincare.D7.RicciScalar.ricciTrace_basis_independent' depends on axioms: [propext, Classical.choice, Quot.sound]
'Poincare.D7.RicciScalar.ricciForm_eq_ricciOperator' depends on axioms: [propext, Classical.choice, Quot.sound]
'Poincare.D7.RicciScalar.ricciTrace_eq_ricciOperator' depends on axioms: [propext, Classical.choice, Quot.sound]
'Poincare.D7.RicciScalar.ricciTensor' depends on axioms: [propext, Classical.choice, Quot.sound]
'Poincare.D7.RicciScalar.ricciTensor_eq_ricciOperator' depends on axioms: [propext, Classical.choice, Quot.sound]
'Poincare.D7.RicciScalar.ricciTensor_eq_basisTrace' depends on axioms: [propext, Classical.choice, Quot.sound]
'Poincare.D7.RicciScalar.ricciForm_symm_via_symmetries' depends on axioms: [propext, Classical.choice, Quot.sound]
'Poincare.D7.RicciScalar.ricciTrace_symm' depends on axioms: [propext, Classical.choice, Quot.sound]
'Poincare.D7.RicciScalar.ricciForm_symm'' depends on axioms: [propext, Classical.choice, Quot.sound]
'Poincare.D7.RicciScalar.ricciTensor_symm' depends on axioms: [propext, Classical.choice, Quot.sound]
'Poincare.D7.RicciScalar.zero_ricciForm' depends on axioms: [propext, Classical.choice, Quot.sound]
'Poincare.D7.RicciScalar.ricciTrace_zero' depends on axioms: [propext, Classical.choice, Quot.sound]
'Poincare.D7.RicciScalar.scalarMetricTrace' depends on axioms: [propext, Classical.choice, Quot.sound]
'Poincare.D7.RicciScalar.scalarBasisSum' depends on axioms: [propext, Classical.choice, Quot.sound]
'Poincare.D7.RicciScalar.scalarMetricTrace_eq_scalarCurvature' depends on axioms: [propext,
 Classical.choice,
 Quot.sound]
'Poincare.D7.RicciScalar.scalarBasisSum_eq_scalarCurvature' depends on axioms: [propext, Classical.choice, Quot.sound]
'Poincare.D7.RicciScalar.scalarBasisSum_eq_metricTrace' depends on axioms: [propext, Classical.choice, Quot.sound]
'Poincare.D7.RicciScalar.scalarCurvature_eq_basisTrace' depends on axioms: [propext, Classical.choice, Quot.sound]
'Poincare.D7.RicciScalar.scalarMetricTrace_eq_trace_basis' depends on axioms: [propext, Classical.choice, Quot.sound]
'Poincare.D7.RicciScalar.scalarMetricTrace_basis_independent' depends on axioms: [propext, Classical.choice, Quot.sound]
'Poincare.D7.RicciScalar.raiseIndex_congr' depends on axioms: [propext, Classical.choice, Quot.sound]
'Poincare.D7.RicciScalar.scalarCurvature_congr_metric_form' depends on axioms: [propext, Classical.choice, Quot.sound]
'Poincare.D7.RicciScalar.scalarBasisSum_congr_orthonormal' depends on axioms: [propext, Classical.choice, Quot.sound]
'Poincare.D7.RicciScalar.scalarCurvature_eq_d2' depends on axioms: [propext, Classical.choice, Quot.sound]
'Poincare.D7.RicciScalar.scalarMetricTrace_eq_d2' depends on axioms: [propext, Classical.choice, Quot.sound]
'Poincare.D7.RicciScalar.scalarCurvature_zero' depends on axioms: [propext, Classical.choice, Quot.sound]
'Poincare.D7.RicciScalar.scalarMetricTrace_zero' depends on axioms: [propext, Classical.choice, Quot.sound]
'Poincare.D7.RicciScalar.prodBracket' depends on axioms: [propext, Classical.choice, Quot.sound]
'Poincare.D7.RicciScalar.prodBracket_bracket' depends on axioms: [propext, Classical.choice, Quot.sound]
'Poincare.D7.RicciScalar.prodConn' depends on axioms: [propext, Classical.choice, Quot.sound]
'Poincare.D7.RicciScalar.prodConn_nabla' depends on axioms: [propext, Classical.choice, Quot.sound]
'Poincare.D7.RicciScalar.prodConn_lie' depends on axioms: [propext, Classical.choice, Quot.sound]
'Poincare.D7.RicciScalar.prodForm' depends on axioms: [propext, Classical.choice, Quot.sound]
'Poincare.D7.RicciScalar.prodForm_apply' depends on axioms: [propext, Classical.choice, Quot.sound]
'Poincare.D7.RicciScalar.prodMetric' depends on axioms: [propext, Classical.choice, Quot.sound]
'Poincare.D7.RicciScalar.prodData' depends on axioms: [propext, Classical.choice, Quot.sound]
'Poincare.D7.RicciScalar.prodData_form_apply' depends on axioms: [propext, Classical.choice, Quot.sound]
'Poincare.D7.RicciScalar.prodData_nabla' depends on axioms: [propext, Classical.choice, Quot.sound]
'Poincare.D7.RicciScalar.prodData_basis_inl' depends on axioms: [propext, Classical.choice, Quot.sound]
'Poincare.D7.RicciScalar.prodData_basis_inr' depends on axioms: [propext, Classical.choice, Quot.sound]
'Poincare.D7.RicciScalar.prodConn_curvature_apply' depends on axioms: [propext, Classical.choice, Quot.sound]
'Poincare.D7.RicciScalar.prodData_curvature_apply' depends on axioms: [propext, Classical.choice, Quot.sound]
'Poincare.D7.RicciScalar.prodData_curvatureForm_apply' depends on axioms: [propext, Classical.choice, Quot.sound]
'Poincare.D7.RicciScalar.prodData_endoRicci' depends on axioms: [propext, Classical.choice, Quot.sound]
'Poincare.D7.RicciScalar.prodData_ricciForm' depends on axioms: [propext, Classical.choice, Quot.sound]
'Poincare.D7.RicciScalar.prodData_scalarCurvature' depends on axioms: [propext, Classical.choice, Quot.sound]
'Poincare.D7.RicciScalar.prodData_scalarMetricTrace' depends on axioms: [propext, Classical.choice, Quot.sound]
'Poincare.D7.RicciScalar.FlowPath' depends on axioms: [propext, Classical.choice, Quot.sound]
'Poincare.D7.RicciScalar.FlowPath.scal' depends on axioms: [propext, Classical.choice, Quot.sound]
'Poincare.D7.RicciScalar.FlowPath.ricci' depends on axioms: [propext, Classical.choice, Quot.sound]
'Poincare.D7.RicciScalar.FlowPath.metricForm' depends on axioms: [propext, Classical.choice, Quot.sound]
'Poincare.D7.RicciScalar.FlowPath.nabla' depends on axioms: [propext, Classical.choice, Quot.sound]
'Poincare.D7.RicciScalar.FlowPath.bracket' depends on axioms: [propext, Classical.choice, Quot.sound]
'Poincare.D7.RicciScalar.FlowPath.curvature' depends on axioms: [propext, Classical.choice, Quot.sound]
'Poincare.D7.RicciScalar.FlowPath.MetricFlowEquation' depends on axioms: [propext, Classical.choice, Quot.sound]
'Poincare.D7.RicciScalar.FlowPath.RicciFlowEquation' depends on axioms: [propext, Classical.choice, Quot.sound]
'Poincare.D7.RicciScalar.FlowPath.LeviCivitaEvolution' depends on axioms: [propext, Classical.choice, Quot.sound]
'Poincare.D7.RicciScalar.FlowPath.LeviCivitaEvolutionStatement' depends on axioms: [propext,
 Classical.choice,
 Quot.sound]
'Poincare.D7.RicciScalar.FlowPath.curvVel' depends on axioms: [propext, Classical.choice, Quot.sound]
'Poincare.D7.RicciScalar.FlowPath.CurvatureEvolutionStatement' depends on axioms: [propext,
 Classical.choice,
 Quot.sound]
'Poincare.D7.RicciScalar.FlowPath.TraceCommutationStatement' depends on axioms: [propext, Classical.choice, Quot.sound]
'Poincare.D7.RicciScalar.FlowPath.ScalarVariationStatement' depends on axioms: [propext, Classical.choice, Quot.sound]
'Poincare.D7.RicciScalar.FlowPath.scalarVariation_of_traceCommutation' depends on axioms: [propext,
 Classical.choice,
 Quot.sound]
'Poincare.D7.RicciScalar.FlowPath.scalarVariation_of_traceCommutationStatement' depends on axioms: [propext,
 Classical.choice,
 Quot.sound]
'Poincare.D7.RicciScalar.FlowPath.RicciFlowScalarVariationStatement' depends on axioms: [propext,
 Classical.choice,
 Quot.sound]
'Poincare.D7.RicciScalar.FlowPath.ricciFlowScalarVariation_of_traceCommutation' depends on axioms: [propext,
 Classical.choice,
 Quot.sound]
'Poincare.D7.RicciScalar.FlowPath.ScalarVariationInterface' depends on axioms: [propext, Classical.choice, Quot.sound]
'Poincare.D7.RicciScalar.FlowPath.BlockerLeviCivitaEvolution' does not depend on any axioms
'Poincare.D7.RicciScalar.FlowPath.BlockerTraceCommutation' does not depend on any axioms
'Poincare.D7.RicciScalar.FlowPath.BlockerScalarVariation' does not depend on any axioms
'Poincare.D7.RicciScalar.FlowPath.BlockerLeviCivitaEvolution_ne_nil' depends on axioms: [propext,
 Classical.choice,
 Quot.sound]
'Poincare.D7.RicciScalar.FlowPath.BlockerTraceCommutation_ne_nil' depends on axioms: [propext,
 Classical.choice,
 Quot.sound]
'Poincare.D7.RicciScalar.FlowPath.BlockerScalarVariation_ne_nil' depends on axioms: [propext,
 Classical.choice,
 Quot.sound]
'Poincare.D7.RicciScalar.FlowPath.constFlow' depends on axioms: [propext, Classical.choice, Quot.sound]
'Poincare.D7.RicciScalar.FlowPath.constFlow_scalarVariation' depends on axioms: [propext, Classical.choice, Quot.sound]
'Poincare.D7.RicciScalar.so3_trace_comp' depends on axioms: [propext, Classical.choice, Quot.sound]
'Poincare.D7.RicciScalar.so3_ricciForm_apply' depends on axioms: [propext, Classical.choice, Quot.sound]
'Poincare.D7.RicciScalar.so3_ricciForm_e_self' depends on axioms: [propext, Classical.choice, Quot.sound]
'Poincare.D7.RicciScalar.so3_scalarCurvature' depends on axioms: [propext, Classical.choice, Quot.sound]
'Poincare.D7.RicciScalar.permBasis' depends on axioms: [propext, Classical.choice, Quot.sound]
'Poincare.D7.RicciScalar.so3_ricciTrace_e0_e0' depends on axioms: [propext, Classical.choice, Quot.sound]
'Poincare.D7.RicciScalar.so3_ricciTrace_basis_independent_witness' depends on axioms: [propext,
 Classical.choice,
 Quot.sound]
'Poincare.D7.RicciScalar.so3_ricciTrace_permBasis_e0_e0' depends on axioms: [propext, Classical.choice, Quot.sound]
'Poincare.D7.RicciScalar.prodData_so3_scalarCurvature' depends on axioms: [propext, Classical.choice, Quot.sound]
'Poincare.D7.RicciScalar.prodData_so3_ricciForm' depends on axioms: [propext, Classical.choice, Quot.sound]
'Poincare.D7.RicciScalar.ricci_add_d2' depends on axioms: [propext, Classical.choice, Quot.sound]
'Poincare.D7.RicciScalar.ricci_smul_d2' depends on axioms: [propext, Classical.choice, Quot.sound]
'Poincare.D7.RicciScalar.scalarCurvature_add_d2' depends on axioms: [propext, Classical.choice, Quot.sound]
'Poincare.D7.RicciScalar.scalarCurvature_smul_d2' depends on axioms: [propext, Classical.choice, Quot.sound]
'Poincare.D7.RicciScalar.ricciTrace_eq_d2_ricciSum' depends on axioms: [propext, Classical.choice, Quot.sound]
'Poincare.D7.RicciScalar.scalarCurvature_eq_d2_sum_basis' depends on axioms: [propext, Classical.choice, Quot.sound]
'Poincare.D7.RicciScalar.BlockerPerelmanScalarRealization' does not depend on any axioms
'Poincare.D7.RicciScalar.BlockerPerelmanScalarRealization_ne_nil' depends on axioms: [propext,
 Classical.choice,
 Quot.sound]
'Poincare.D7.RicciScalar.PerelmanScalarCurvatureRealization' depends on axioms: [propext, Classical.choice, Quot.sound]
