Poincare/D12/HeatSemigroup/ManifoldObligations.lean:37:5: warning: Variable name `volume` is not explicitly referenced.

Hint: The binding can be removed (if unused) or named `_` (if used implicitly). Alternatively, prefix the name with `_` to silence this warning:
  [apply] _volume

Note: This linter can be disabled with `set_option linter.unusedVariables false`
Poincare/D12/HeatSemigroup/ManifoldObligations.lean:37:26: warning: Variable name `dist` is not explicitly referenced.

Hint: The binding can be removed (if unused) or named `_` (if used implicitly). Alternatively, prefix the name with `_` to silence this warning:
  [apply] _dist

Note: This linter can be disabled with `set_option linter.unusedVariables false`
Poincare/D12/HeatSemigroup/ManifoldObligations.lean:37:45: warning: Variable name `dim` is not explicitly referenced.

Hint: The binding can be removed (if unused) or named `_` (if used implicitly). Alternatively, prefix the name with `_` to silence this warning:
  [apply] _dim

Note: This linter can be disabled with `set_option linter.unusedVariables false`
Poincare/D12/HeatSemigroup/ManifoldObligations.lean:37:49: warning: Variable name `C_up` is not explicitly referenced.

Hint: The binding can be removed (if unused) or named `_` (if used implicitly). Alternatively, prefix the name with `_` to silence this warning:
  [apply] _C_up

Note: This linter can be disabled with `set_option linter.unusedVariables false`
Poincare/D12/HeatSemigroup/ManifoldObligations.lean:37:54: warning: Variable name `c_up` is not explicitly referenced.

Hint: The binding can be removed (if unused) or named `_` (if used implicitly). Alternatively, prefix the name with `_` to silence this warning:
  [apply] _c_up

Note: This linter can be disabled with `set_option linter.unusedVariables false`
Poincare/D12/HeatSemigroup/ManifoldObligations.lean:37:59: warning: Variable name `C_lo` is not explicitly referenced.

Hint: The binding can be removed (if unused) or named `_` (if used implicitly). Alternatively, prefix the name with `_` to silence this warning:
  [apply] _C_lo

Note: This linter can be disabled with `set_option linter.unusedVariables false`
Poincare/D12/HeatSemigroup/ManifoldObligations.lean:37:64: warning: Variable name `c_lo` is not explicitly referenced.

Hint: The binding can be removed (if unused) or named `_` (if used implicitly). Alternatively, prefix the name with `_` to silence this warning:
  [apply] _c_lo

Note: This linter can be disabled with `set_option linter.unusedVariables false`
Poincare/D12/HeatSemigroup/ManifoldObligations.lean:38:5: warning: Variable name `kernel` is not explicitly referenced.

Hint: The binding can be removed (if unused) or named `_` (if used implicitly). Alternatively, prefix the name with `_` to silence this warning:
  [apply] _kernel

Note: This linter can be disabled with `set_option linter.unusedVariables false`
Poincare/D12/HeatSemigroup/ManifoldObligations.lean:38:30: warning: Variable name `laplacian` is not explicitly referenced.

Hint: The binding can be removed (if unused) or named `_` (if used implicitly). Alternatively, prefix the name with `_` to silence this warning:
  [apply] _laplacian

Note: This linter can be disabled with `set_option linter.unusedVariables false`
