'Poincare.D12.GeometricCompactness.cover_transfer_of_hausdorffDist_lt' depends on axioms: [propext,
 Classical.choice,
 Quot.sound]
'Poincare.D12.GeometricCompactness.cover_transfer_of_ghDist' depends on axioms: [propext, Classical.choice, Quot.sound]
'Poincare.D12.GeometricCompactness.cover_transfer_of_isometry' depends on axioms: [propext,
 Classical.choice,
 Quot.sound]
'Poincare.D12.GeometricCompactness.diam_transfer_of_hausdorffDist_lt' depends on axioms: [propext,
 Classical.choice,
 Quot.sound]
'Poincare.D12.GeometricCompactness.diam_transfer_of_ghDist' depends on axioms: [propext, Classical.choice, Quot.sound]
'Poincare.D12.GeometricCompactness.ghDist_congr_left' depends on axioms: [propext, Classical.choice, Quot.sound]
'Poincare.D12.GeometricCompactness.ghDist_congr_right' depends on axioms: [propext, Classical.choice, Quot.sound]
'Poincare.D12.GeometricCompactness.toGHSpace_rep_isometryEquiv' depends on axioms: [propext,
 Classical.choice,
 Quot.sound]
'Poincare.D12.GeometricCompactness.diam_rep_of_toGHSpace' depends on axioms: [propext, Classical.choice, Quot.sound]
'Poincare.D12.GeometricCompactness.uniformCovers_of_totallyBounded' depends on axioms: [propext,
 Classical.choice,
 Quot.sound]
'Poincare.D12.GeometricCompactness.totallyBounded_iff_uniformCovers' depends on axioms: [propext,
 Classical.choice,
 Quot.sound]
'Poincare.D12.GeometricCompactness.isCompact_of_uniformCovers' depends on axioms: [propext,
 Classical.choice,
 Quot.sound]
'Poincare.D12.GeometricCompactness.gromovCriterion' depends on axioms: [propext, Classical.choice, Quot.sound]
'Poincare.D12.GeometricCompactness.gh_subseq_of_compact' depends on axioms: [propext, Classical.choice, Quot.sound]
'Poincare.D12.GeometricCompactness.gh_subseq_of_uniformCovers' depends on axioms: [propext,
 Classical.choice,
 Quot.sound]
'Poincare.D12.GeometricCompactness.square_grid_dense' depends on axioms: [propext, Classical.choice, Quot.sound]
'Poincare.D12.GeometricCompactness.gridUniformCover' depends on axioms: [propext, Classical.choice, Quot.sound]
'Poincare.D12.GeometricCompactness.gridSpace_diam_le' depends on axioms: [propext, Classical.choice, Quot.sound]
'Poincare.D12.GeometricCompactness.hausdorffDist_grid_square_le' depends on axioms: [propext,
 Classical.choice,
 Quot.sound]
'Poincare.D12.GeometricCompactness.grid_gh_tendsto_square' depends on axioms: [propext, Classical.choice, Quot.sound]
'Poincare.D12.GeometricCompactness.gridSpace_card' depends on axioms: [propext, Classical.choice, Quot.sound]
'Poincare.D12.GeometricCompactness.gridGH_injective' depends on axioms: [propext, Classical.choice, Quot.sound]
'Poincare.D12.GeometricCompactness.gridFamily_infinite' depends on axioms: [propext, Classical.choice, Quot.sound]
'Poincare.D12.GeometricCompactness.gridFamily_totallyBounded' depends on axioms: [propext, Classical.choice, Quot.sound]
'Poincare.D12.GeometricCompactness.gridFamily_closure_isCompact' depends on axioms: [propext,
 Classical.choice,
 Quot.sound]
'Poincare.D12.GeometricCompactness.gridFamily_subseq' depends on axioms: [propext, Classical.choice, Quot.sound]
'Poincare.D12.GeometricCompactness.isCompact_unitSquare' depends on axioms: [propext, Classical.choice, Quot.sound]
'Poincare.D12.GeometricCompactness.zero_mem_gridSet' depends on axioms: [propext, Classical.choice, Quot.sound]
'Poincare.D12.GeometricCompactness.gridPoint_coord' depends on axioms: [propext, Classical.choice, Quot.sound]
'Poincare.D12.GeometricCompactness.closure_isCompact_of_totallyBounded' depends on axioms: [propext,
 Classical.choice,
 Quot.sound]
'Poincare.D12.GeometricCompactness.gh_subseq_of_familyBounds' depends on axioms: [propext, Classical.choice, Quot.sound]
'Poincare.D12.GeometricCompactness.harmonicCoordinatesExistence' depends on axioms: [propext,
 Classical.choice,
 Quot.sound]
'Poincare.D12.GeometricCompactness.bishopGromovVolumeComparison' depends on axioms: [propext,
 Classical.choice,
 Quot.sound]
'Poincare.D12.GeometricCompactness.curvatureBoundImpliesUniformCovers' depends on axioms: [propext,
 Classical.choice,
 Quot.sound]
'Poincare.D12.GeometricCompactness.cheegerGromovCompactness' depends on axioms: [propext, Classical.choice, Quot.sound]
'Poincare.D12.GeometricCompactness.ancientKappaCompactnessFrontier' depends on axioms: [propext,
 Classical.choice,
 Quot.sound]
'Poincare.D12.GeometricCompactness.canonicalNeighborhoodFrontier' depends on axioms: [propext,
 Classical.choice,
 Quot.sound]
'Poincare.D12.GeometricCompactness.canonicalNeighborhoodFrontier_iff' depends on axioms: [propext,
 Classical.choice,
 Quot.sound]
'Poincare.D12.GeometricCompactness.curvatureBoundImpliesUniformCovers_iff' depends on axioms: [propext,
 Classical.choice,
 Quot.sound]
