D13SELFDECL	Poincare.D13.IntegratedAudit.Nonvacuity.d13_consumer_antipodalQuotientCovering	theorem	propext;Classical.choice;Quot.sound
D13SELFDECL	Poincare.D13.IntegratedAudit.Nonvacuity.d13_consumer_antipodalQuotientCovering_three	theorem	propext;Classical.choice;Quot.sound
D13SELFDECL	Poincare.D13.IntegratedAudit.Nonvacuity.d13_consumer_defect_gaussian	theorem	propext;Classical.choice;Quot.sound
D13SELFDECL	Poincare.D13.IntegratedAudit.Nonvacuity.d13_consumer_fDerivativeStatement	theorem	propext;Classical.choice;Quot.sound
D13SELFDECL	Poincare.D13.IntegratedAudit.Nonvacuity.d13_consumer_flat_ccClass	theorem	propext;Classical.choice;Quot.sound
D13SELFDECL	Poincare.D13.IntegratedAudit.Nonvacuity.d13_consumer_flat_integrableClass	theorem	propext;Classical.choice;Quot.sound
D13SELFDECL	Poincare.D13.IntegratedAudit.Nonvacuity.d13_consumer_leviCivitaExists	theorem	propext;Classical.choice;Quot.sound
D13SELFDECL	Poincare.D13.IntegratedAudit.Nonvacuity.d13_consumer_notFullInitialCondition_one	theorem	propext;Classical.choice;Quot.sound
D13SELFDECL	Poincare.D13.IntegratedAudit.Nonvacuity.d13_consumer_simplexHomeoDisk	theorem	propext;Classical.choice;Quot.sound
D13SELFDECL	Poincare.D13.IntegratedAudit.Nonvacuity.d13_consumer_sphereOfTwoDisks_hemisphere	theorem	propext;Classical.choice;Quot.sound
D13SELFDECL	Poincare.D13.IntegratedAudit.Nonvacuity.d13_consumer_sphereOfTwoDisks_instance	theorem	propext;Classical.choice;Quot.sound
D13SELFDECL	Poincare.D13.IntegratedAudit.Nonvacuity.d13_consumer_tetrahedron_homeo_ball	theorem	propext;Classical.choice;Quot.sound
D13SELFDECL	Poincare.D13.IntegratedAudit.approvedAxioms	def	propext
D13SELFDECL	Poincare.D13.IntegratedAudit.buildUsers	def	propext;Classical.choice;Quot.sound
D13SELFDECL	Poincare.D13.IntegratedAudit.buildUsers.match_1	def	
D13SELFDECL	Poincare.D13.IntegratedAudit.buildUsers.match_3	def	
D13SELFDECL	Poincare.D13.IntegratedAudit.buildUsers.match_5	def	
D13SELFDECL	Poincare.D13.IntegratedAudit.claimedPairs	def	propext
D13SELFDECL	Poincare.D13.IntegratedAudit.dedupNames	def	propext
D13SELFDECL	Poincare.D13.IntegratedAudit.expectedCleanModules	def	propext
D13SELFDECL	Poincare.D13.IntegratedAudit.isGenerated	def	propext;Classical.choice;Quot.sound
D13SELFDECL	Poincare.D13.IntegratedAudit.isNewModule	def	propext
D13SELFDECL	Poincare.D13.IntegratedAudit.keyInputs	def	propext
D13SELFDECL	Poincare.D13.IntegratedAudit.kindOf	def	
D13SELFDECL	Poincare.D13.IntegratedAudit.kindOf.match_1	def	
D13SELFDECL	Poincare.D13.IntegratedAudit.kindOf.match_3	def	
D13SELFDECL	Poincare.D13.IntegratedAudit.nativeAxioms	def	propext
D13SELFDECL	Poincare.D13.IntegratedAudit.negativeControlModules	def	propext
D13SELFDECL	Poincare.D13.IntegratedAudit.newModuleRoots	def	propext
D13SELFDECL	Poincare.D13.IntegratedAudit.occursSyntactic	opaque	
D13SELFDECL	Poincare.D13.IntegratedAudit.occursSyntactic._sparseCasesOn_1	def	propext
D13SELFDECL	Poincare.D13.IntegratedAudit.occursSyntactic._unsafe_rec	partial_def	propext
D13SELFDECL	Poincare.D13.IntegratedAudit.occursSyntactic.match_1	def	propext
D13SELFDECL	Poincare.D13.IntegratedAudit.reaches	opaque	propext;Classical.choice;Quot.sound
D13SELFDECL	Poincare.D13.IntegratedAudit.reaches._unsafe_rec	partial_def	propext;Classical.choice;Quot.sound
D13SELFDECL	Poincare.D13.IntegratedAudit.reaches.match_1	def	
D13SELFDECL	Poincare.D13.IntegratedAudit.reaches.match_3	def	
D13SELFDECL	Poincare.D13.IntegratedAudit.reaches.match_5	def	
D13SELFDECL	Poincare.D13.IntegratedAudit.runNewModuleAudit	def	propext;Classical.choice;Quot.sound
D13SELFDECL	Poincare.D13.IntegratedAudit.runNewModuleAudit._sparseCasesOn_3	def	propext
D13SELFDECL	Poincare.D13.IntegratedAudit.runNewModuleAudit.match_1	def	
D13SELFDECL	Poincare.D13.IntegratedAudit.runNewModuleAudit.match_10	def	
D13SELFDECL	Poincare.D13.IntegratedAudit.runNewModuleAudit.match_12	def	
D13SELFDECL	Poincare.D13.IntegratedAudit.runNewModuleAudit.match_3	def	propext
D13SELFDECL	Poincare.D13.IntegratedAudit.runNewModuleAudit.match_6	def	
D13SELFDECL	Poincare.D13.IntegratedAudit.runNewModuleAudit.match_8	def	
D13SELFDECL	Poincare.D13.IntegratedAudit.scanType	def	propext;Classical.choice;Quot.sound
D13SELFDECL	Poincare.D13.IntegratedAudit.sorryAxiom	def	propext
D13SELFDECL	Poincare.D13.IntegratedAudit.transUsers	opaque	propext;Classical.choice;Quot.sound
D13SELFDECL	Poincare.D13.IntegratedAudit.transUsers._unsafe_rec	partial_def	propext;Classical.choice;Quot.sound
D13SELFDECL	Poincare.D13.IntegratedAudit.transUsers.match_1	def	
D13SELFAUDIT	expected_d13_modules	8
D13SELFAUDIT	missing_modules	0
D13SELFAUDIT	declarations_audited	51
D13SELFAUDIT	project_axioms	0
D13SELFAUDIT	unsafe_declarations	0
D13SELFAUDIT	partial_declarations	3
D13SELFAUDIT	sorry_declarations	0
D13SELFAUDIT	unapproved_axiom_declarations	0
D13SELFAUDIT	collect_failures	0
D13SELFVERDICT	PASS — the auditor's own declarations are kernel-clean
