'Poincare.D12.HeatSemigroup.heatOperator' depends on axioms: [propext, Classical.choice, Quot.sound]
'Poincare.D12.HeatSemigroup.heatOperator_zero' depends on axioms: [propext, Classical.choice, Quot.sound]
'Poincare.D12.HeatSemigroup.heatOperator_add_of_integrable' depends on axioms: [propext, Classical.choice, Quot.sound]
'Poincare.D12.HeatSemigroup.heatOperator_smul' depends on axioms: [propext, Classical.choice, Quot.sound]
'Poincare.D12.HeatSemigroup.heatOperator_eq_integral_flatKernel' depends on axioms: [propext,
 Classical.choice,
 Quot.sound]
'Poincare.D12.HeatSemigroup.heatOperator_eq_integral_sub' depends on axioms: [propext, Classical.choice, Quot.sound]
'Poincare.D12.HeatSemigroup.integrable_gaussianKernel_sub' depends on axioms: [propext, Classical.choice, Quot.sound]
'Poincare.D12.HeatSemigroup.integral_gaussianKernel_sub' depends on axioms: [propext, Classical.choice, Quot.sound]
'Poincare.D12.HeatSemigroup.integrable_gaussianKernel_sub_left' depends on axioms: [propext,
 Classical.choice,
 Quot.sound]
'Poincare.D12.HeatSemigroup.integral_gaussianKernel_sub_left' depends on axioms: [propext, Classical.choice, Quot.sound]
'Poincare.D12.HeatSemigroup.gaussianKernel_sub_le_prefactor' depends on axioms: [propext, Classical.choice, Quot.sound]
'Poincare.D12.HeatSemigroup.heatOperator_nonneg' depends on axioms: [propext, Classical.choice, Quot.sound]
'Poincare.D12.HeatSemigroup.heatOperator_norm_le_of_forall_norm_le' depends on axioms: [propext,
 Classical.choice,
 Quot.sound]
'Poincare.D12.HeatSemigroup.heatOperator_abs_le_of_forall_abs_le' depends on axioms: [propext,
 Classical.choice,
 Quot.sound]
'Poincare.D12.HeatSemigroup.heatOperator_norm_le_of_forall_norm_le'' depends on axioms: [propext,
 Classical.choice,
 Quot.sound]
'Poincare.D12.HeatSemigroup.enorm_mul_of_nonneg_left' depends on axioms: [propext, Classical.choice, Quot.sound]
'Poincare.D12.HeatSemigroup.lintegral_enorm_gaussianKernel_sub_left' depends on axioms: [propext,
 Classical.choice,
 Quot.sound]
'Poincare.D12.HeatSemigroup.heatOperator_enorm_le_lintegral_enorm' depends on axioms: [propext,
 Classical.choice,
 Quot.sound]
'Poincare.D12.HeatSemigroup.lintegral_enorm_heatKernelProduct_le' depends on axioms: [propext,
 Classical.choice,
 Quot.sound]
'Poincare.D12.HeatSemigroup.heatOperator_lintegral_enorm_le' depends on axioms: [propext, Classical.choice, Quot.sound]
'Poincare.D12.HeatSemigroup.heatKernelProduct_integrable' depends on axioms: [propext, Classical.choice, Quot.sound]
'Poincare.D12.HeatSemigroup.heatOperator_integrable' depends on axioms: [propext, Classical.choice, Quot.sound]
'Poincare.D12.HeatSemigroup.heatOperator_integral_norm_le' depends on axioms: [propext, Classical.choice, Quot.sound]
'Poincare.D12.HeatSemigroup.heatOperator_integral_eq_integral' depends on axioms: [propext,
 Classical.choice,
 Quot.sound]
'Poincare.D12.HeatSemigroup.gaussianKernelFDerivCLM' depends on axioms: [propext, Classical.choice, Quot.sound]
'Poincare.D12.HeatSemigroup.gaussianKernelFDerivCLM_apply' depends on axioms: [propext, Classical.choice, Quot.sound]
'Poincare.D12.HeatSemigroup.heatKernelMulFDerivCLM' depends on axioms: [propext, Classical.choice, Quot.sound]
'Poincare.D12.HeatSemigroup.heatKernelMulFDerivCLM_apply' depends on axioms: [propext, Classical.choice, Quot.sound]
'Poincare.D12.HeatSemigroup.hasFDerivAt_gaussianKernel_mul' depends on axioms: [propext, Classical.choice, Quot.sound]
'Poincare.D12.HeatSemigroup.continuous_gaussianKernelFDerivCLM' depends on axioms: [propext,
 Classical.choice,
 Quot.sound]
'Poincare.D12.HeatSemigroup.gaussianKernelFDerivCLM_norm_le' depends on axioms: [propext, Classical.choice, Quot.sound]
'Poincare.D12.HeatSemigroup.heatKernelMulFDerivCLM_norm_le' depends on axioms: [propext, Classical.choice, Quot.sound]
'Poincare.D12.HeatSemigroup.norm_le_one_add_norm_sq' depends on axioms: [propext, Classical.choice, Quot.sound]
'Poincare.D12.HeatSemigroup.norm_sub_sq_ge_half' depends on axioms: [propext, Classical.choice, Quot.sound]
'Poincare.D12.HeatSemigroup.one_add_norm_sq_mul_exp_neg_le' depends on axioms: [propext, Classical.choice, Quot.sound]
'Poincare.D12.HeatSemigroup.heatSmoothingBoundConst' depends on axioms: [propext, Classical.choice, Quot.sound]
'Poincare.D12.HeatSemigroup.heatSmoothingBoundConst_nonneg' depends on axioms: [propext, Classical.choice, Quot.sound]
'Poincare.D12.HeatSemigroup.heatKernelMulFDerivCLM_bound_ball' depends on axioms: [propext,
 Classical.choice,
 Quot.sound]
'Poincare.D12.HeatSemigroup.integrable_heatSmoothingBound' depends on axioms: [propext, Classical.choice, Quot.sound]
'Poincare.D12.HeatSemigroup.hasFDerivAt_heatOperator' depends on axioms: [propext, Classical.choice, Quot.sound]
'Poincare.D12.HeatSemigroup.differentiable_heatOperator' depends on axioms: [propext, Classical.choice, Quot.sound]
'Poincare.D12.HeatSemigroup.continuous_heatOperator' depends on axioms: [propext, Classical.choice, Quot.sound]
'Poincare.D12.HeatSemigroup.fderiv_heatOperator' depends on axioms: [propext, Classical.choice, Quot.sound]
'Poincare.D12.HeatSemigroup.heatOperatorBCF' depends on axioms: [propext, Classical.choice, Quot.sound]
'Poincare.D12.HeatSemigroup.heatOperatorBCF_apply' depends on axioms: [propext, Classical.choice, Quot.sound]
'Poincare.D12.HeatSemigroup.heatOperatorBCF_norm_le' depends on axioms: [propext, Classical.choice, Quot.sound]
'Poincare.D12.HeatSemigroup.heatOperator_tendsto_nhdsGT_zero' depends on axioms: [propext, Classical.choice, Quot.sound]
'Poincare.D12.HeatSemigroup.heatOperator_tendsto_nhdsGT_zero_of_hasCompactSupport' depends on axioms: [propext,
 Classical.choice,
 Quot.sound]
'Poincare.D12.HeatSemigroup.heatOperator_tendsto_nhdsGT_zero_conv' depends on axioms: [propext,
 Classical.choice,
 Quot.sound]
'Poincare.D12.HeatSemigroup.StrongContinuityBoundedContinuousObligation' depends on axioms: [propext,
 Classical.choice,
 Quot.sound]
'Poincare.D12.HeatSemigroup.CompactManifoldHeatKernelCoreObligation' depends on axioms: [propext,
 Classical.choice,
 Quot.sound]
'Poincare.D12.HeatSemigroup.CompactManifoldLinfContractionObligation' depends on axioms: [propext,
 Classical.choice,
 Quot.sound]
'Poincare.D12.HeatSemigroup.CompactManifoldL1ContractionObligation' depends on axioms: [propext,
 Classical.choice,
 Quot.sound]
'Poincare.D12.HeatSemigroup.CompactManifoldSmoothingObligation' depends on axioms: [propext,
 Classical.choice,
 Quot.sound]
'Poincare.D12.HeatSemigroup.CompactManifoldStrongContinuityObligation' depends on axioms: [propext,
 Classical.choice,
 Quot.sound]
'Poincare.D12.HeatSemigroup.CompactManifoldSemigroupObligation' depends on axioms: [propext,
 Classical.choice,
 Quot.sound]
'Poincare.D12.HeatSemigroup.heatOperator_gaussianKernel' depends on axioms: [propext, Classical.choice, Quot.sound]
'Poincare.D12.HeatSemigroup.heatOperator_gaussianKernel_pos' depends on axioms: [propext, Classical.choice, Quot.sound]
'Poincare.D12.HeatSemigroup.heatOperator_gaussianKernel_integral' depends on axioms: [propext,
 Classical.choice,
 Quot.sound]
'Poincare.D12.HeatSemigroup.heatOperator_gaussianKernel_norm_le' depends on axioms: [propext,
 Classical.choice,
 Quot.sound]
'Poincare.D12.HeatSemigroup.heatOperator_gaussianKernel_L1' depends on axioms: [propext, Classical.choice, Quot.sound]
'Poincare.D12.HeatSemigroup.heatSemigroupKernelProduct_integrable' depends on axioms: [propext,
 Classical.choice,
 Quot.sound]
'Poincare.D12.HeatSemigroup.heatOperator_comp_heatOperator' depends on axioms: [propext, Classical.choice, Quot.sound]
'Poincare.D12.HeatSemigroup.heatOperator_comp_heatOperator_fun' depends on axioms: [propext,
 Classical.choice,
 Quot.sound]
'Poincare.D12.HeatSemigroup.heatOperator_comp_heatOperator_swap' depends on axioms: [propext,
 Classical.choice,
 Quot.sound]
'Poincare.D12.HeatSemigroup.heatOperator_comp_heatOperator_integral_norm_eq_zero' depends on axioms: [propext,
 Classical.choice,
 Quot.sound]
'Poincare.D12.HeatSemigroup.heatOperator_comp_heatOperator_of_bounded' depends on axioms: [propext,
 Classical.choice,
 Quot.sound]
'Poincare.D12.HeatSemigroup.heatOperator_comp_heatOperator_of_bounded_fun' depends on axioms: [propext,
 Classical.choice,
 Quot.sound]
'Poincare.D12.HeatSemigroup.heatOperatorBCF_comp' depends on axioms: [propext, Classical.choice, Quot.sound]
'Poincare.D12.HeatSemigroup.heatOperatorBCF_comp_swap' depends on axioms: [propext, Classical.choice, Quot.sound]
'Poincare.D12.HeatSemigroup.continuousAt_gaussianKernel_time' depends on axioms: [propext, Classical.choice, Quot.sound]
'Poincare.D12.HeatSemigroup.gaussianKernel_interval_bound' depends on axioms: [propext, Classical.choice, Quot.sound]
'Poincare.D12.HeatSemigroup.gaussianKernel_interval_bound_le' depends on axioms: [propext, Classical.choice, Quot.sound]
'Poincare.D12.HeatSemigroup.tendsto_integral_abs_gaussianKernel_sub_of_seq' depends on axioms: [propext,
 Classical.choice,
 Quot.sound]
'Poincare.D12.HeatSemigroup.heatOperator_gaussianKernel_L1_tendsto_seq' depends on axioms: [propext,
 Classical.choice,
 Quot.sound]
D12AxiomCheck: PASS — all 75 declarations of the D12 heat-semigroup development depend only on [propext, Classical.choice, Quot.sound]
