MD	Ledger.PerelmanDefinitions	Perelman.FMonotonicity.recOn	def
MD	Ledger.PerelmanDefinitions	Perelman.MetricFlowData.ricciFlow_equation	theorem
MD	Ledger.PerelmanDefinitions	Perelman.MetricFlowData.mk.sizeOf_spec	theorem
MD	Ledger.PerelmanDefinitions	Perelman.MetricFlowData.mk.injEq	theorem
MD	Ledger.PerelmanDefinitions	Perelman.perelmanMu	def
MD	Ledger.PerelmanDefinitions	Perelman.MetricFlowData.Icc_subset	theorem
MD	Ledger.PerelmanDefinitions	Perelman.ScalarCurvatureData.mk.noConfusion	def
MD	Ledger.PerelmanDefinitions	Perelman.WMonotonicity	inductive
MD	Ledger.PerelmanDefinitions	Perelman.gradientNormSqInBasis	def
MD	Ledger.PerelmanDefinitions	Perelman.ScalarCurvatureLowerBound.casesOn	def
MD	Ledger.PerelmanDefinitions	Perelman.gramMatrix	def
MD	Ledger.PerelmanDefinitions	Perelman.ScalarCurvatureData.mk._flat_ctor	def
MD	Ledger.PerelmanDefinitions	Perelman.VolumeFormData	inductive
MD	Ledger.PerelmanDefinitions	Perelman.WMonotonicity.mk._flat_ctor	def
MD	Ledger.PerelmanDefinitions	Perelman.ScalarCurvatureData.mk	ctor
MD	Ledger.PerelmanDefinitions	Perelman.MuMonotonicity.mk	ctor
MD	Ledger.PerelmanDefinitions	Perelman.HasUnitMass	def
MD	Ledger.PerelmanDefinitions	Perelman.KappaNoncollapsing.kappa_pos	theorem
MD	Ledger.PerelmanDefinitions	Perelman.ScalarCurvatureData.noConfusion	def
MD	Ledger.PerelmanDefinitions	Perelman.KappaNoncollapsing.casesOn	def
MD	Ledger.PerelmanDefinitions	Perelman.MetricFlowData.timeDomain	def
MD	Ledger.PerelmanDefinitions	Perelman.VolumeFormData.is_riemannian_volume	theorem
MD	Ledger.PerelmanDefinitions	Perelman.MetricFlowData.ctorIdx	def
MD	Ledger.PerelmanDefinitions	Perelman.RicciLowerBound.mk	ctor
MD	Ledger.PerelmanDefinitions	Perelman.VolumeFormData.volume	def
MD	Ledger.PerelmanDefinitions	Perelman.RiemannianVolumePredicate	def
MD	Ledger.PerelmanDefinitions	Perelman.VolumeFormData.recOn	def
MD	Ledger.PerelmanDefinitions	Perelman.ScalarCurvatureLowerBound.recOn	def
MD	Ledger.PerelmanDefinitions	Perelman.MetricFlowData.mk._flat_ctor	def
MD	Ledger.PerelmanDefinitions	Perelman.MetricFlowData.noConfusionType	def
MD	Ledger.PerelmanDefinitions	Perelman.MetricFlowData.mk.noConfusion	def
MD	Ledger.PerelmanDefinitions	Perelman.ScalarCurvatureData.ctorIdx	def
MD	Ledger.PerelmanDefinitions	Perelman.ScalarCurvatureData.scalar_continuous	theorem
MD	Ledger.PerelmanDefinitions	Perelman.negTwoRicci._proof_2	theorem
MD	Ledger.PerelmanDefinitions	Perelman.ScalarCurvatureLowerBound.mk	ctor
MD	Ledger.PerelmanDefinitions	Perelman.MetricFlowData.metric_time_smooth	theorem
MD	Ledger.PerelmanDefinitions	Perelman.KappaNoncollapsing.volume_ball_lower	theorem
MD	Ledger.PerelmanDefinitions	Perelman.MetricFlowData.metric	def
MD	Ledger.PerelmanDefinitions	Perelman.RicciFamily	def
MD	Ledger.PerelmanDefinitions	Perelman.ScalarCurvatureData.mk.injEq	theorem
MD	Ledger.PerelmanDefinitions	Perelman.RicciLowerBound.mk._flat_ctor	def
MD	Ledger.PerelmanDefinitions	Perelman.MetricFlowData	inductive
MD	Ledger.PerelmanDefinitions	Perelman.ScalarCurvatureData	inductive
MD	Ledger.PerelmanDefinitions	Perelman.ScalarCurvatureData.casesOn	def
MD	Ledger.PerelmanDefinitions	Perelman.WMonotonicity.antitone	theorem
MD	Ledger.PerelmanDefinitions	Perelman.CurvatureBoundedOn	def
MD	Ledger.PerelmanDefinitions	Perelman.ScalarCurvatureData.rec	recursor
MD	Ledger.PerelmanDefinitions	Perelman.ScalarCurvatureData.scalar	def
MD	Ledger.PerelmanDefinitions	Perelman.VolumeFormData.mk.noConfusion	def
MD	Ledger.PerelmanDefinitions	Perelman.perelmanF	def
MD	Ledger.PerelmanDefinitions	Perelman.HasMetricTimeDerivative._proof_1	theorem
MD	Ledger.PerelmanDefinitions	Perelman.RicciTensor._proof_3	theorem
MD	Ledger.PerelmanDefinitions	Perelman.ScalarCurvatureLowerBound.rec	recursor
MD	Ledger.PerelmanDefinitions	Perelman.WProfile	def
MD	Ledger.PerelmanDefinitions	Perelman.WMonotonicity.casesOn	def
MD	Ledger.PerelmanDefinitions	Perelman.ScalarCurvatureData.mk.inj	theorem
MD	Ledger.PerelmanDefinitions	Perelman.VolumeFormData.mk.injEq	theorem
MD	Ledger.PerelmanDefinitions	Perelman.VolumeFormData.mk	ctor
MD	Ledger.PerelmanDefinitions	Perelman.VolumeFormData.locally_finite	theorem
MD	Ledger.PerelmanDefinitions	Perelman.VolumeFormData.rec	recursor
MD	Ledger.PerelmanDefinitions	Perelman.RicciLowerBound.casesOn	def
MD	Ledger.PerelmanDefinitions	Perelman.VolumeFormData.mk.sizeOf_spec	theorem
MD	Ledger.PerelmanDefinitions	Perelman.MuMonotonicity.recOn	def
MD	Ledger.PerelmanDefinitions	Perelman.RicciLowerBound.recOn	def
MD	Ledger.PerelmanDefinitions	Perelman.MuMonotonicity.rec	recursor
MD	Ledger.PerelmanDefinitions	Perelman.MetricFlowData.timeDomain_ordConnected	theorem
MD	Ledger.PerelmanDefinitions	Perelman.ScalarCurvatureLowerBound.mk._flat_ctor	def
MD	Ledger.PerelmanDefinitions	Perelman.MuMonotonicity.monotone	theorem
MD	Ledger.PerelmanDefinitions	Perelman.RicciTensor._proof_2	theorem
MD	Ledger.PerelmanDefinitions	Perelman.KappaNoncollapsing.mk	ctor
MD	Ledger.PerelmanDefinitions	Perelman.ScalarCurvatureData.noConfusionType	def
MD	Ledger.PerelmanDefinitions	Perelman.RicciTensor	def
MD	Ledger.PerelmanDefinitions	Perelman.KappaNoncollapsing.recOn	def
MD	Ledger.PerelmanDefinitions	Perelman.VolumeFormData._sizeOf_1	def
MD	Ledger.PerelmanDefinitions	Perelman.KappaNoncollapsing	inductive
MD	Ledger.PerelmanDefinitions	Perelman.MetricFlowData.zero_mem	theorem
MD	Ledger.PerelmanDefinitions	Perelman.RicciTensor._proof_1	theorem
MD	Ledger.PerelmanDefinitions	Perelman.VolumeFormData.mk.inj	theorem
MD	Ledger.PerelmanDefinitions	Perelman.WMonotonicity.recOn	def
MD	Ledger.PerelmanDefinitions	Perelman.MetricFlowData.mk	ctor
MD	Ledger.PerelmanDefinitions	Perelman.negTwoRicci._proof_3	theorem
MD	Ledger.PerelmanDefinitions	Perelman.ScalarCurvatureData.recOn	def
MD	Ledger.PerelmanDefinitions	Perelman.WMonotonicity.mk	ctor
MD	Ledger.PerelmanDefinitions	Perelman.MetricFlowData.mk.inj	theorem
MD	Ledger.PerelmanDefinitions	Perelman.ScalarCurvatureData._sizeOf_inst	def
MD	Ledger.PerelmanDefinitions	Perelman.scalarCurvatureInBasis	def
MD	Ledger.PerelmanDefinitions	Perelman.ScalarCurvatureLowerBound	inductive
MD	Ledger.PerelmanDefinitions	Perelman.VolumeFormData._sizeOf_inst	def
MD	Ledger.PerelmanDefinitions	Perelman.ScalarCurvatureLowerBound.lower_bound	theorem
MD	Ledger.PerelmanDefinitions	Perelman.riemannianVolumeDensity	def
MD	Ledger.PerelmanDefinitions	Perelman.KappaNoncollapsing.mk._flat_ctor	def
MD	Ledger.PerelmanDefinitions	Perelman.FMonotonicity.antitone	theorem
MD	Ledger.PerelmanDefinitions	Perelman.VolumeFormData.casesOn	def
MD	Ledger.PerelmanDefinitions	Perelman.ScalarCurvatureData.is_scalar	theorem
MD	Ledger.PerelmanDefinitions	Perelman.FMonotonicity.rec	recursor
MD	Ledger.PerelmanDefinitions	Perelman.FMonotonicity.casesOn	def
MD	Ledger.PerelmanDefinitions	Perelman.MetricFlowData._sizeOf_inst	def
MD	Ledger.PerelmanDefinitions	Perelman.FMonotonicity.mk	ctor
MD	Ledger.PerelmanDefinitions	Perelman.MetricFlowData._sizeOf_1	def
MD	Ledger.PerelmanDefinitions	Perelman.MetricFlowData.recOn	def
MD	Ledger.PerelmanDefinitions	Perelman.negTwoRicci._proof_1	theorem
MD	Ledger.PerelmanDefinitions	Perelman.VolumeFormData.noConfusion	def
MD	Ledger.PerelmanDefinitions	Perelman.VolumeFormData.mk._flat_ctor	def
MD	Ledger.PerelmanDefinitions	Perelman.FMonotonicity.mk._flat_ctor	def
MD	Ledger.PerelmanDefinitions	Perelman.VolumeFormData.ctorIdx	def
MD	Ledger.PerelmanDefinitions	Perelman.KappaNoncollapsing.rec	recursor
MD	Ledger.PerelmanDefinitions	Perelman.MetricFlowData.rec	recursor
MD	Ledger.PerelmanDefinitions	Perelman.WMonotonicity.rec	recursor
MD	Ledger.PerelmanDefinitions	Perelman.MetricFlowData.noConfusion	def
MD	Ledger.PerelmanDefinitions	Perelman.perelmanW._proof_1	theorem
MD	Ledger.PerelmanDefinitions	Perelman.VolumeFormData.noConfusionType	def
MD	Ledger.PerelmanDefinitions	Perelman.IsScalarCurvature	def
MD	Ledger.PerelmanDefinitions	Perelman.MetricFamily	def
MD	Ledger.PerelmanDefinitions	Perelman.HasFrameVolumeDensity	def
MD	Ledger.PerelmanDefinitions	Perelman.HasMetricTimeDerivative	def
MD	Ledger.PerelmanDefinitions	Perelman.MuMonotonicity	inductive
MD	Ledger.PerelmanDefinitions	Perelman.perelmanW	def
MD	Ledger.PerelmanDefinitions	Perelman.ScalarCurvatureData._sizeOf_1	def
MD	Ledger.PerelmanDefinitions	Perelman.RicciLowerBound.lower_bound	theorem
MD	Ledger.PerelmanDefinitions	Perelman.KappaNoncollapsing.r0_pos	theorem
MD	Ledger.PerelmanDefinitions	Perelman.RicciLowerBound	inductive
MD	Ledger.PerelmanDefinitions	Perelman.MuMonotonicity.casesOn	def
MD	Ledger.PerelmanDefinitions	Perelman.FMonotonicity	inductive
MD	Ledger.PerelmanDefinitions	Perelman.directionalDerivative	def
MD	Ledger.PerelmanDefinitions	Perelman.negTwoRicci	def
MD	Ledger.PerelmanDefinitions	Perelman.MuMonotonicity.mk._flat_ctor	def
MD	Ledger.PerelmanDefinitions	Perelman.FProfile	def
MD	Ledger.PerelmanDefinitions	Perelman.MetricFlowData.casesOn	def
MD	Ledger.PerelmanDefinitions	Perelman.MetricFlowData.ricci_symm	theorem
MD	Ledger.PerelmanDefinitions	Perelman.ScalarCurvatureData.mk.sizeOf_spec	theorem
MD	Ledger.PerelmanDefinitions	Perelman.RicciLowerBound.rec	recursor
MD	Ledger.PerelmanDefinitions	Perelman.MetricFlowData.ricci	def
MD	Ledger.PerelmanDefinitions	Perelman.VolumeFormData.volume_ne_zero	theorem
