MD	Poincare.D10.JacobiConstantCurvature.ODE	Poincare.D10.algebra_sphere._simp_1_2	theorem
MD	Poincare.D10.JacobiConstantCurvature.ODE	Poincare.D10.hasDerivAt_jacobiSolFlat	theorem
MD	Poincare.D10.JacobiConstantCurvature.ODE	Poincare.D10.algebra_sphere._simp_1_7	theorem
MD	Poincare.D10.JacobiConstantCurvature.ODE	Poincare.D10.hasDerivAt_jacobiDerivHyperbolic	theorem
MD	Poincare.D10.JacobiConstantCurvature.ODE	Poincare.D10.jacobiSolHyperbolic_solvesJacobiODE	theorem
MD	Poincare.D10.JacobiConstantCurvature.ODE	Poincare.D10.algebra_hyperbolic._simp_1_3	theorem
MD	Poincare.D10.JacobiConstantCurvature.ODE	Poincare.D10.algebra_hyperbolic	theorem
MD	Poincare.D10.JacobiConstantCurvature.ODE	Poincare.D10.jacobiSolSphere_deriv	theorem
MD	Poincare.D10.JacobiConstantCurvature.ODE	Poincare.D10.jacobiSolHyperbolic_deriv_zero	theorem
MD	Poincare.D10.JacobiConstantCurvature.ODE	Poincare.D10.hasDerivAt_jacobiDerivSphere	theorem
MD	Poincare.D10.JacobiConstantCurvature.ODE	Poincare.D10.jacobiSolHyperbolic_deriv	theorem
MD	Poincare.D10.JacobiConstantCurvature.ODE	Poincare.D10.hasDerivAt_jacobiSol	theorem
MD	Poincare.D10.JacobiConstantCurvature.ODE	Poincare.D10.jacobiSol_ode	theorem
MD	Poincare.D10.JacobiConstantCurvature.ODE	Poincare.D10.algebra_hyperbolic._simp_1_1	theorem
MD	Poincare.D10.JacobiConstantCurvature.ODE	Poincare.D10.algebra_sphere._simp_1_5	theorem
MD	Poincare.D10.JacobiConstantCurvature.ODE	Poincare.D10.jacobiSolFlat_deriv_zero	theorem
MD	Poincare.D10.JacobiConstantCurvature.ODE	Poincare.D10.jacobiSolHyperbolic_ode	theorem
MD	Poincare.D10.JacobiConstantCurvature.ODE	Poincare.D10.jacobiSolHyperbolic_initial	theorem
MD	Poincare.D10.JacobiConstantCurvature.ODE	Poincare.D10.algebra_sphere._simp_1_6	theorem
MD	Poincare.D10.JacobiConstantCurvature.ODE	Poincare.D10.jacobiSol_deriv_zero	theorem
MD	Poincare.D10.JacobiConstantCurvature.ODE	Poincare.D10.jacobiSol_hasNormalizedInitial	theorem
MD	Poincare.D10.JacobiConstantCurvature.ODE	Poincare.D10.jacobiSolSphere_initial	theorem
MD	Poincare.D10.JacobiConstantCurvature.ODE	Poincare.D10.jacobiSolFlat_hasNormalizedInitial	theorem
MD	Poincare.D10.JacobiConstantCurvature.ODE	Poincare.D10.hasDerivAt_jacobiSolSphere	theorem
MD	Poincare.D10.JacobiConstantCurvature.ODE	Poincare.D10.HasNormalizedInitial	def
MD	Poincare.D10.JacobiConstantCurvature.ODE	Poincare.D10.jacobiSolFlat_solvesJacobiODE	theorem
MD	Poincare.D10.JacobiConstantCurvature.ODE	Poincare.D10.hasDerivAt_jacobiSolHyperbolic	theorem
MD	Poincare.D10.JacobiConstantCurvature.ODE	Poincare.D10.jacobiSol_initial	theorem
MD	Poincare.D10.JacobiConstantCurvature.ODE	Poincare.D10.algebra_hyperbolic._simp_1_6	theorem
MD	Poincare.D10.JacobiConstantCurvature.ODE	Poincare.D10.jacobiSolSphere_deriv_zero	theorem
MD	Poincare.D10.JacobiConstantCurvature.ODE	Poincare.D10.jacobiSolHyperbolic_hasNormalizedInitial	theorem
MD	Poincare.D10.JacobiConstantCurvature.ODE	Poincare.D10.jacobiSolSphere_solvesJacobiODE	theorem
MD	Poincare.D10.JacobiConstantCurvature.ODE	Poincare.D10.algebra_hyperbolic._simp_1_7	theorem
MD	Poincare.D10.JacobiConstantCurvature.ODE	Poincare.D10.jacobiSolSphere_hasNormalizedInitial	theorem
MD	Poincare.D10.JacobiConstantCurvature.ODE	Poincare.D10.algebra_sphere._simp_1_4	theorem
MD	Poincare.D10.JacobiConstantCurvature.ODE	Poincare.D10.jacobiSol_deriv	theorem
MD	Poincare.D10.JacobiConstantCurvature.ODE	Poincare.D10.jacobiSol_solves_ivp	theorem
MD	Poincare.D10.JacobiConstantCurvature.ODE	Poincare.D10.algebra_hyperbolic._simp_1_2	theorem
MD	Poincare.D10.JacobiConstantCurvature.ODE	Poincare.D10.algebra_sphere._simp_1_3	theorem
MD	Poincare.D10.JacobiConstantCurvature.ODE	Poincare.D10.jacobiSolFlat_initial	theorem
MD	Poincare.D10.JacobiConstantCurvature.ODE	Poincare.D10.hasDerivAt_jacobiDeriv	theorem
MD	Poincare.D10.JacobiConstantCurvature.ODE	Poincare.D10.hasDerivAt_jacobiDerivFlat	theorem
MD	Poincare.D10.JacobiConstantCurvature.ODE	Poincare.D10.algebra_hyperbolic._simp_1_4	theorem
MD	Poincare.D10.JacobiConstantCurvature.ODE	Poincare.D10.algebra_hyperbolic._simp_1_5	theorem
MD	Poincare.D10.JacobiConstantCurvature.ODE	Poincare.D10.jacobiSolSphere_ode	theorem
MD	Poincare.D10.JacobiConstantCurvature.ODE	Poincare.D10.jacobiSolFlat_ode	theorem
MD	Poincare.D10.JacobiConstantCurvature.ODE	Poincare.D10.algebra_sphere._simp_1_1	theorem
MD	Poincare.D10.JacobiConstantCurvature.ODE	Poincare.D10.jacobiSol_solvesJacobiODE	theorem
MD	Poincare.D10.JacobiConstantCurvature.ODE	Poincare.D10.SolvesJacobiODE	def
MD	Poincare.D10.JacobiConstantCurvature.ODE	Poincare.D10.jacobiSolFlat_deriv	theorem
MD	Poincare.D10.JacobiConstantCurvature.ODE	Poincare.D10.algebra_sphere	theorem
