MD	Poincare.D10.MaximumPrincipleRN.Basic	Poincare.D10.MaximumPrincipleRN.HeatSubsolutionData.le_operator	theorem
MD	Poincare.D10.MaximumPrincipleRN.Basic	Poincare.D10.MaximumPrincipleRN.HeatSubsolutionData.of_twoSided	def
MD	Poincare.D10.MaximumPrincipleRN.Basic	Poincare.D10.MaximumPrincipleRN.HeatSubsolutionData.subTime._proof_3	theorem
MD	Poincare.D10.MaximumPrincipleRN.Basic	Poincare.D10.MaximumPrincipleRN.HeatSubsolutionData.mk	ctor
MD	Poincare.D10.MaximumPrincipleRN.Basic	Poincare.D10.MaximumPrincipleRN.HeatSubsolutionData.mk.sizeOf_spec	theorem
MD	Poincare.D10.MaximumPrincipleRN.Basic	Poincare.D10.MaximumPrincipleRN.HeatSubsolutionData.mk.injEq	theorem
MD	Poincare.D10.MaximumPrincipleRN.Basic	Poincare.D10.MaximumPrincipleRN.HeatSubsolutionData.of_twoSided._proof_1	theorem
MD	Poincare.D10.MaximumPrincipleRN.Basic	Poincare.D10.MaximumPrincipleRN.mem_parabolicCylinder	theorem
MD	Poincare.D10.MaximumPrincipleRN.Basic	Poincare.D10.MaximumPrincipleRN.HeatSubsolutionData.hasDeriv_time	theorem
MD	Poincare.D10.MaximumPrincipleRN.Basic	Poincare.D10.MaximumPrincipleRN.HeatSubsolutionData.gx	def
MD	Poincare.D10.MaximumPrincipleRN.Basic	Poincare.D10.MaximumPrincipleRN.isHeatSubsolutionOn_const	theorem
MD	Poincare.D10.MaximumPrincipleRN.Basic	Poincare.D10.MaximumPrincipleRN.mem_parabolicBoundary	theorem
MD	Poincare.D10.MaximumPrincipleRN.Basic	Poincare.D10.MaximumPrincipleRN.parabolicBoundary.eq_1	theorem
MD	Poincare.D10.MaximumPrincipleRN.Basic	Poincare.D10.MaximumPrincipleRN.HeatSubsolutionData.hasDeriv_space2	theorem
MD	Poincare.D10.MaximumPrincipleRN.Basic	Poincare.D10.MaximumPrincipleRN.parabolicBoundary_subset_cylinder	theorem
MD	Poincare.D10.MaximumPrincipleRN.Basic	Poincare.D10.MaximumPrincipleRN.HeatSubsolutionData.subTime.eq_1	theorem
MD	Poincare.D10.MaximumPrincipleRN.Basic	Poincare.D10.MaximumPrincipleRN.HeatSubsolutionData.subTime._proof_2	theorem
MD	Poincare.D10.MaximumPrincipleRN.Basic	Poincare.D10.MaximumPrincipleRN.HeatSubsolutionData.gxx	def
MD	Poincare.D10.MaximumPrincipleRN.Basic	Poincare.D10.MaximumPrincipleRN.HeatSubsolutionData.mk._flat_ctor	def
MD	Poincare.D10.MaximumPrincipleRN.Basic	Poincare.D10.MaximumPrincipleRN.HeatSubsolutionData.of_classical._proof_1	theorem
MD	Poincare.D10.MaximumPrincipleRN.Basic	Poincare.D10.MaximumPrincipleRN.HeatSubsolutionData.td	def
MD	Poincare.D10.MaximumPrincipleRN.Basic	Poincare.D10.MaximumPrincipleRN.HeatSubsolutionData.mk.inj	theorem
MD	Poincare.D10.MaximumPrincipleRN.Basic	Poincare.D10.MaximumPrincipleRN.HeatSubsolutionData.hasDeriv_space	theorem
MD	Poincare.D10.MaximumPrincipleRN.Basic	Poincare.D10.MaximumPrincipleRN.IsHeatSubsolutionOn.of_twoSided	theorem
MD	Poincare.D10.MaximumPrincipleRN.Basic	Poincare.D10.MaximumPrincipleRN.mem_parabolicBoundary._simp_1_3	theorem
MD	Poincare.D10.MaximumPrincipleRN.Basic	Poincare.D10.MaximumPrincipleRN.parabolicCylinder	def
MD	Poincare.D10.MaximumPrincipleRN.Basic	Poincare.D10.MaximumPrincipleRN.HeatSubsolutionData	inductive
MD	Poincare.D10.MaximumPrincipleRN.Basic	Poincare.D10.MaximumPrincipleRN.HeatSubsolutionData.of_classical	def
MD	Poincare.D10.MaximumPrincipleRN.Basic	Poincare.D10.MaximumPrincipleRN.HeatSubsolutionData.rec	recursor
MD	Poincare.D10.MaximumPrincipleRN.Basic	Poincare.D10.MaximumPrincipleRN.HeatSubsolutionData.casesOn	def
MD	Poincare.D10.MaximumPrincipleRN.Basic	Poincare.D10.MaximumPrincipleRN.HeatSubsolutionData.subTime._proof_4	theorem
MD	Poincare.D10.MaximumPrincipleRN.Basic	Poincare.D10.MaximumPrincipleRN.HeatSubsolutionData.noConfusion	def
MD	Poincare.D10.MaximumPrincipleRN.Basic	Poincare.D10.MaximumPrincipleRN.HeatSubsolutionData.subTime	def
MD	Poincare.D10.MaximumPrincipleRN.Basic	Poincare.D10.MaximumPrincipleRN.parabolicBoundary_eq	theorem
MD	Poincare.D10.MaximumPrincipleRN.Basic	Poincare.D10.MaximumPrincipleRN.mem_parabolicBoundary._simp_1_4	theorem
MD	Poincare.D10.MaximumPrincipleRN.Basic	Poincare.D10.MaximumPrincipleRN.HeatSubsolutionData.subTime_operator_le	theorem
MD	Poincare.D10.MaximumPrincipleRN.Basic	Poincare.D10.MaximumPrincipleRN.HeatSubsolutionData.recOn	def
MD	Poincare.D10.MaximumPrincipleRN.Basic	Poincare.D10.MaximumPrincipleRN.HeatSubsolutionData._sizeOf_1	def
MD	Poincare.D10.MaximumPrincipleRN.Basic	Poincare.D10.MaximumPrincipleRN.parabolicBoundary	def
MD	Poincare.D10.MaximumPrincipleRN.Basic	Poincare.D10.MaximumPrincipleRN.HeatSubsolutionData.noConfusionType	def
MD	Poincare.D10.MaximumPrincipleRN.Basic	Poincare.D10.MaximumPrincipleRN.HeatSubsolutionData._sizeOf_inst	def
MD	Poincare.D10.MaximumPrincipleRN.Basic	Poincare.D10.MaximumPrincipleRN.IsHeatSubsolutionOn.subTime	theorem
MD	Poincare.D10.MaximumPrincipleRN.Basic	Poincare.D10.MaximumPrincipleRN.IsHeatSubsolutionOn	def
MD	Poincare.D10.MaximumPrincipleRN.Basic	Poincare.D10.MaximumPrincipleRN.HeatSubsolutionData.ctorIdx	def
MD	Poincare.D10.MaximumPrincipleRN.Basic	Poincare.D10.MaximumPrincipleRN.IsHeatSubsolutionOn.of_classical	theorem
MD	Poincare.D10.MaximumPrincipleRN.Basic	Poincare.D10.MaximumPrincipleRN.HeatSubsolutionData.mk.noConfusion	def
MD	Poincare.D10.MaximumPrincipleRN.Basic	Poincare.D10.MaximumPrincipleRN.mem_parabolicBoundary._simp_1_2	theorem
MD	Poincare.D10.MaximumPrincipleRN.Basic	Poincare.D10.MaximumPrincipleRN.HeatSubsolutionData.mk.congr_simp	theorem
MD	Poincare.D10.MaximumPrincipleRN.Basic	Poincare.D10.MaximumPrincipleRN.HeatSubsolutionData.subTime._proof_1	theorem
MD	Poincare.D10.MaximumPrincipleRN.Basic	Poincare.D10.MaximumPrincipleRN.HeatSubsolutionData.of_classical._proof_2	theorem
