MD	Poincare.D10.TriangulationLowDim.Models	Poincare.D10.TriangulationLowDim.octahedronBoundary_eulerChar	theorem
MD	Poincare.D10.TriangulationLowDim.Models	Poincare.D10.TriangulationLowDim.torus7Facets	def
MD	Poincare.D10.TriangulationLowDim.Models	Poincare.D10.TriangulationLowDim.cyclicTriples	def
MD	Poincare.D10.TriangulationLowDim.Models	Poincare.D10.TriangulationLowDim.triangleDisk	def
MD	Poincare.D10.TriangulationLowDim.Models	Poincare.D10.TriangulationLowDim.tetrahedronBoundary_fVector_one	theorem
MD	Poincare.D10.TriangulationLowDim.Models	Poincare.D10.TriangulationLowDim.octahedronBoundary_downward_closed	theorem
MD	Poincare.D10.TriangulationLowDim.Models	Poincare.D10.TriangulationLowDim.torus7_mem_torus7Mathlib	theorem
MD	Poincare.D10.TriangulationLowDim.Models	Poincare.D10.TriangulationLowDim.circleS1._proof_1	theorem
MD	Poincare.D10.TriangulationLowDim.Models	Poincare.D10.TriangulationLowDim.circleS1_singleton_mem	theorem
MD	Poincare.D10.TriangulationLowDim.Models	Poincare.D10.TriangulationLowDim.torus7_vertices_card	theorem
MD	Poincare.D10.TriangulationLowDim.Models	Poincare.D10.TriangulationLowDim.triangleDisk_eulerChar_eq_fVector	theorem
MD	Poincare.D10.TriangulationLowDim.Models	Poincare.D10.TriangulationLowDim.triangleDisk_fVector_zero	theorem
MD	Poincare.D10.TriangulationLowDim.Models	Poincare.D10.TriangulationLowDim.tetrahedronBoundary_fVector_zero	theorem
MD	Poincare.D10.TriangulationLowDim.Models	Poincare.D10.TriangulationLowDim.torus7_fVector_one	theorem
MD	Poincare.D10.TriangulationLowDim.Models	Poincare.D10.TriangulationLowDim.circleS1_vertices_card	theorem
MD	Poincare.D10.TriangulationLowDim.Models	Poincare.D10.TriangulationLowDim.circleS1	def
MD	Poincare.D10.TriangulationLowDim.Models	Poincare.D10.TriangulationLowDim.tetrahedronBoundary_vertices_card	theorem
MD	Poincare.D10.TriangulationLowDim.Models	Poincare.D10.TriangulationLowDim.torus7_eulerChar	theorem
MD	Poincare.D10.TriangulationLowDim.Models	Poincare.D10.TriangulationLowDim.tetrahedronBoundary_fVector_two	theorem
MD	Poincare.D10.TriangulationLowDim.Models	Poincare.D10.TriangulationLowDim.triangleDisk_vertices_card	theorem
MD	Poincare.D10.TriangulationLowDim.Models	Poincare.D10.TriangulationLowDim.circleS1._proof_2	theorem
MD	Poincare.D10.TriangulationLowDim.Models	Poincare.D10.TriangulationLowDim.circleS1_eulerChar_eq_fVector	theorem
MD	Poincare.D10.TriangulationLowDim.Models	Poincare.D10.TriangulationLowDim.octahedronFacets._proof_1	theorem
MD	Poincare.D10.TriangulationLowDim.Models	Poincare.D10.TriangulationLowDim.torus7Facets._proof_1	theorem
MD	Poincare.D10.TriangulationLowDim.Models	Poincare.D10.TriangulationLowDim.torus7	def
MD	Poincare.D10.TriangulationLowDim.Models	Poincare.D10.TriangulationLowDim.torus7_isClosedSurface	theorem
MD	Poincare.D10.TriangulationLowDim.Models	Poincare.D10.TriangulationLowDim.torus7_downward_closed	theorem
MD	Poincare.D10.TriangulationLowDim.Models	Poincare.D10.TriangulationLowDim.tetrahedronBoundary_downward_closed	theorem
MD	Poincare.D10.TriangulationLowDim.Models	Poincare.D10.TriangulationLowDim.tetrahedronBoundary_isClosedSurface	theorem
MD	Poincare.D10.TriangulationLowDim.Models	Poincare.D10.TriangulationLowDim.octahedronBoundary_eulerChar_eq_fVector	theorem
MD	Poincare.D10.TriangulationLowDim.Models	Poincare.D10.TriangulationLowDim.torus7_singleton_mem	theorem
MD	Poincare.D10.TriangulationLowDim.Models	Poincare.D10.TriangulationLowDim.torus7_linkNeighbors_card	theorem
MD	Poincare.D10.TriangulationLowDim.Models	Poincare.D10.TriangulationLowDim.octahedronBoundary_faces_card	theorem
MD	Poincare.D10.TriangulationLowDim.Models	Poincare.D10.TriangulationLowDim.torus7_eulerChar_eq_fVector	theorem
MD	Poincare.D10.TriangulationLowDim.Models	Poincare.D10.TriangulationLowDim.torus7_vertices_eq_univ	theorem
MD	Poincare.D10.TriangulationLowDim.Models	Poincare.D10.TriangulationLowDim.circleS1_eulerChar	theorem
MD	Poincare.D10.TriangulationLowDim.Models	Poincare.D10.TriangulationLowDim.torus7_faces_card	theorem
MD	Poincare.D10.TriangulationLowDim.Models	Poincare.D10.TriangulationLowDim.octahedronBoundary	def
MD	Poincare.D10.TriangulationLowDim.Models	Poincare.D10.TriangulationLowDim.octahedronBoundary_fVector_zero	theorem
MD	Poincare.D10.TriangulationLowDim.Models	Poincare.D10.TriangulationLowDim.octahedronBoundary_isClosedSurface	theorem
MD	Poincare.D10.TriangulationLowDim.Models	Poincare.D10.TriangulationLowDim.torus7Mathlib	def
MD	Poincare.D10.TriangulationLowDim.Models	Poincare.D10.TriangulationLowDim.circleS1_fVector_one	theorem
MD	Poincare.D10.TriangulationLowDim.Models	Poincare.D10.TriangulationLowDim.octahedronBoundary_fVector_two	theorem
MD	Poincare.D10.TriangulationLowDim.Models	Poincare.D10.TriangulationLowDim.octahedronFacets	def
MD	Poincare.D10.TriangulationLowDim.Models	Poincare.D10.TriangulationLowDim.triangleDisk_downward_closed	theorem
MD	Poincare.D10.TriangulationLowDim.Models	Poincare.D10.TriangulationLowDim.torus7_link_isCycle	theorem
MD	Poincare.D10.TriangulationLowDim.Models	Poincare.D10.TriangulationLowDim.torus7Facets_card	theorem
MD	Poincare.D10.TriangulationLowDim.Models	Poincare.D10.TriangulationLowDim.tetrahedronBoundary	def
MD	Poincare.D10.TriangulationLowDim.Models	Poincare.D10.TriangulationLowDim.tetrahedronBoundary_eulerChar	theorem
MD	Poincare.D10.TriangulationLowDim.Models	Poincare.D10.TriangulationLowDim.octahedronBoundary_vertices_card	theorem
MD	Poincare.D10.TriangulationLowDim.Models	Poincare.D10.TriangulationLowDim.triangleDisk_fVector_two	theorem
MD	Poincare.D10.TriangulationLowDim.Models	Poincare.D10.TriangulationLowDim.circleS1_downward_closed	theorem
MD	Poincare.D10.TriangulationLowDim.Models	Poincare.D10.TriangulationLowDim.circleS1_faces_card	theorem
MD	Poincare.D10.TriangulationLowDim.Models	Poincare.D10.TriangulationLowDim.circleS1_fVector_two	theorem
MD	Poincare.D10.TriangulationLowDim.Models	Poincare.D10.TriangulationLowDim.torus7_fVector_two	theorem
MD	Poincare.D10.TriangulationLowDim.Models	Poincare.D10.TriangulationLowDim.d10_eulerChar_values	theorem
MD	Poincare.D10.TriangulationLowDim.Models	Poincare.D10.TriangulationLowDim.tetrahedronBoundary_eulerChar_eq_fVector	theorem
MD	Poincare.D10.TriangulationLowDim.Models	Poincare.D10.TriangulationLowDim.torus7_fVector_zero	theorem
MD	Poincare.D10.TriangulationLowDim.Models	Poincare.D10.TriangulationLowDim.octahedronBoundary_fVector_one	theorem
MD	Poincare.D10.TriangulationLowDim.Models	Poincare.D10.TriangulationLowDim.triangleDisk_faces_card	theorem
MD	Poincare.D10.TriangulationLowDim.Models	Poincare.D10.TriangulationLowDim.circleS1_fVector_zero	theorem
MD	Poincare.D10.TriangulationLowDim.Models	Poincare.D10.TriangulationLowDim.triangleDisk._proof_1	theorem
MD	Poincare.D10.TriangulationLowDim.Models	Poincare.D10.TriangulationLowDim.circleS1_isClosedCurve	theorem
MD	Poincare.D10.TriangulationLowDim.Models	Poincare.D10.TriangulationLowDim.triangleDisk_eulerChar	theorem
MD	Poincare.D10.TriangulationLowDim.Models	Poincare.D10.TriangulationLowDim.tetrahedronBoundary._proof_1	theorem
MD	Poincare.D10.TriangulationLowDim.Models	Poincare.D10.TriangulationLowDim.tetrahedronBoundary_faces_card	theorem
MD	Poincare.D10.TriangulationLowDim.Models	Poincare.D10.TriangulationLowDim.triangleDisk_fVector_one	theorem
