MD	Poincare.D11.ComparisonModels.ModelMetrics	Poincare.D11.warpedProductModel_jacobiSolSphere	theorem
MD	Poincare.D11.ComparisonModels.ModelMetrics	Poincare.D11.WarpedProductModel.jacobi_ode	theorem
MD	Poincare.D11.ComparisonModels.ModelMetrics	Poincare.D11.WarpedProductModel.casesOn	def
MD	Poincare.D11.ComparisonModels.ModelMetrics	Poincare.D11.WarpedProductModel.recOn	def
MD	Poincare.D11.ComparisonModels.ModelMetrics	Poincare.D11.polarMetric_nonneg	theorem
MD	Poincare.D11.ComparisonModels.ModelMetrics	Poincare.D11.polarMetric_add_left	theorem
MD	Poincare.D11.ComparisonModels.ModelMetrics	Poincare.D11.modelHyperbolicMetric_symm	theorem
MD	Poincare.D11.ComparisonModels.ModelMetrics	Poincare.D11.WarpedProductModel.mk	ctor
MD	Poincare.D11.ComparisonModels.ModelMetrics	Poincare.D11.modelFlatMetric_symm	theorem
MD	Poincare.D11.ComparisonModels.ModelMetrics	Poincare.D11.WarpedProductModel.rec	recursor
MD	Poincare.D11.ComparisonModels.ModelMetrics	Poincare.D11.warpedProductModel_jacobiSol	theorem
MD	Poincare.D11.ComparisonModels.ModelMetrics	Poincare.D11.WarpedProductModel.normalized_initial	theorem
MD	Poincare.D11.ComparisonModels.ModelMetrics	Poincare.D11.polarMetric_add_right	theorem
MD	Poincare.D11.ComparisonModels.ModelMetrics	Poincare.D11.polarMetric	def
MD	Poincare.D11.ComparisonModels.ModelMetrics	Poincare.D11.modelHyperbolicMetric_posDef	theorem
MD	Poincare.D11.ComparisonModels.ModelMetrics	Poincare.D11.polarMetric_pos_of_pos	theorem
MD	Poincare.D11.ComparisonModels.ModelMetrics	Poincare.D11.warpedProductModel_jacobiSolFlat	theorem
MD	Poincare.D11.ComparisonModels.ModelMetrics	Poincare.D11.polarMetric_jacobiSol_posDef	theorem
MD	Poincare.D11.ComparisonModels.ModelMetrics	Poincare.D11.WarpedProductModel.initial	theorem
MD	Poincare.D11.ComparisonModels.ModelMetrics	Poincare.D11.modelHyperbolicMetric	def
MD	Poincare.D11.ComparisonModels.ModelMetrics	Poincare.D11.modelSphereMetric_symm	theorem
MD	Poincare.D11.ComparisonModels.ModelMetrics	Poincare.D11.WarpedProductModel.mk._flat_ctor	def
MD	Poincare.D11.ComparisonModels.ModelMetrics	Poincare.D11.modelSphereMetric_posDef	theorem
MD	Poincare.D11.ComparisonModels.ModelMetrics	Poincare.D11.polarMetric_symm	theorem
MD	Poincare.D11.ComparisonModels.ModelMetrics	Poincare.D11.polarMetric_smul_right	theorem
MD	Poincare.D11.ComparisonModels.ModelMetrics	Poincare.D11.modelFlatMetric	def
MD	Poincare.D11.ComparisonModels.ModelMetrics	Poincare.D11.WarpedProductModel	inductive
MD	Poincare.D11.ComparisonModels.ModelMetrics	Poincare.D11.WarpedProductModel.solves_ode	theorem
MD	Poincare.D11.ComparisonModels.ModelMetrics	Poincare.D11.polarMetric_smul_left	theorem
MD	Poincare.D11.ComparisonModels.ModelMetrics	Poincare.D11.polarMetric._proof_1	theorem
MD	Poincare.D11.ComparisonModels.ModelMetrics	Poincare.D11.warpedProductModel_jacobiSolHyperbolic	theorem
MD	Poincare.D11.ComparisonModels.ModelMetrics	Poincare.D11.modelSphereMetric	def
MD	Poincare.D11.ComparisonModels.ModelMetrics	Poincare.D11.modelFlatMetric_posDef	theorem
