MD	Poincare.D11.HeatKernelBridge.Basic	Poincare.D11.HeatKernelBridge.HeatKernelCore._sizeOf_inst	def
MD	Poincare.D11.HeatKernelBridge.Basic	Poincare.D11.HeatKernelBridge.HeatKernelCore.casesOn	def
MD	Poincare.D11.HeatKernelBridge.Basic	Poincare.D11.HeatKernelBridge.HeatKernelCore.C_up_nonneg	theorem
MD	Poincare.D11.HeatKernelBridge.Basic	Poincare.D11.HeatKernelBridge.HeatKernelCore.heatEquation	theorem
MD	Poincare.D11.HeatKernelBridge.Basic	Poincare.D11.HeatKernelBridge.HeatKernelCore.C_up	def
MD	Poincare.D11.HeatKernelBridge.Basic	Poincare.D11.HeatKernelBridge.HeatKernelCore.toCore_gaussianUpperBound	theorem
MD	Poincare.D11.HeatKernelBridge.Basic	Poincare.D7.HeatKernel.HeatKernelData.toCore	def
MD	Poincare.D11.HeatKernelBridge.Basic	Poincare.D11.HeatKernelBridge.HeatKernelCore.mk.noConfusion	def
MD	Poincare.D11.HeatKernelBridge.Basic	Poincare.D11.HeatKernelBridge.HeatKernelCore.toHeatKernelData	def
MD	Poincare.D11.HeatKernelBridge.Basic	Poincare.D11.HeatKernelBridge.HeatKernelCore.volume	def
MD	Poincare.D11.HeatKernelBridge.Basic	Poincare.D11.HeatKernelBridge.HeatKernelCore.c_up_pos	theorem
MD	Poincare.D11.HeatKernelBridge.Basic	Poincare.D11.HeatKernelBridge.HeatKernelCore.mk	ctor
MD	Poincare.D11.HeatKernelBridge.Basic	Poincare.D11.HeatKernelBridge.HeatKernelCore.mk._flat_ctor	def
MD	Poincare.D11.HeatKernelBridge.Basic	Poincare.D11.HeatKernelBridge.HeatKernelCore	inductive
MD	Poincare.D11.HeatKernelBridge.Basic	Poincare.D11.HeatKernelBridge.HeatKernelCore.FullInitialCondition	def
MD	Poincare.D11.HeatKernelBridge.Basic	Poincare.D11.HeatKernelBridge.HeatKernelCore.WeakInitialCondition	def
MD	Poincare.D11.HeatKernelBridge.Basic	Poincare.D11.HeatKernelBridge.HeatKernelCore.C_lo_nonneg	theorem
MD	Poincare.D11.HeatKernelBridge.Basic	Poincare.D11.HeatKernelBridge.HeatKernelCore.c_up	def
MD	Poincare.D11.HeatKernelBridge.Basic	Poincare.D11.HeatKernelBridge.HeatKernelCore.mk.inj	theorem
MD	Poincare.D11.HeatKernelBridge.Basic	Poincare.D11.HeatKernelBridge.HeatKernelCore.normalization	theorem
MD	Poincare.D11.HeatKernelBridge.Basic	Poincare.D11.HeatKernelBridge.HeatKernelCore.exists_toCore_eq_iff	theorem
MD	Poincare.D11.HeatKernelBridge.Basic	Poincare.D11.HeatKernelBridge.HeatKernelCore.mk.sizeOf_spec	theorem
MD	Poincare.D11.HeatKernelBridge.Basic	Poincare.D11.HeatKernelBridge.HeatKernelCore.c_lo_pos	theorem
MD	Poincare.D11.HeatKernelBridge.Basic	Poincare.D11.HeatKernelBridge.HeatKernelCore.semigroup	theorem
MD	Poincare.D11.HeatKernelBridge.Basic	Poincare.D11.HeatKernelBridge.HeatKernelCore.mk.injEq	theorem
MD	Poincare.D11.HeatKernelBridge.Basic	Poincare.D11.HeatKernelBridge.HeatKernelCore.dist_symm	theorem
MD	Poincare.D11.HeatKernelBridge.Basic	Poincare.D11.HeatKernelBridge.HeatKernelCore.noConfusion	def
MD	Poincare.D11.HeatKernelBridge.Basic	Poincare.D11.HeatKernelBridge.HeatKernelCore.ctorIdx	def
MD	Poincare.D11.HeatKernelBridge.Basic	Poincare.D11.HeatKernelBridge.HeatKernelCore.toHeatKernelData_toCore	theorem
MD	Poincare.D11.HeatKernelBridge.Basic	Poincare.D11.HeatKernelBridge.HeatKernelCore.recOn	def
MD	Poincare.D11.HeatKernelBridge.Basic	Poincare.D11.HeatKernelBridge.HeatKernelCore._sizeOf_1	def
MD	Poincare.D11.HeatKernelBridge.Basic	Poincare.D11.HeatKernelBridge.HeatKernelCore.kernel	def
MD	Poincare.D11.HeatKernelBridge.Basic	Poincare.D11.HeatKernelBridge.HeatKernelCore.noConfusionType	def
MD	Poincare.D11.HeatKernelBridge.Basic	Poincare.D11.HeatKernelBridge.HeatKernelCore.gaussianLowerBound	theorem
MD	Poincare.D11.HeatKernelBridge.Basic	Poincare.D11.HeatKernelBridge.HeatKernelCore.toCore_toHeatKernelData	theorem
MD	Poincare.D11.HeatKernelBridge.Basic	Poincare.D11.HeatKernelBridge.HeatKernelCore.dist_self	theorem
MD	Poincare.D11.HeatKernelBridge.Basic	Poincare.D11.HeatKernelBridge.HeatKernelCore.dist	def
MD	Poincare.D11.HeatKernelBridge.Basic	Poincare.D11.HeatKernelBridge.HeatKernelCore.WeakInitialCondition.of_full	theorem
MD	Poincare.D11.HeatKernelBridge.Basic	Poincare.D11.HeatKernelBridge.HeatKernelCore.laplacian	def
MD	Poincare.D11.HeatKernelBridge.Basic	Poincare.D7.HeatKernel.HeatKernelData.toCore_fullInitialCondition	theorem
MD	Poincare.D11.HeatKernelBridge.Basic	Poincare.D11.HeatKernelBridge.HeatKernelCore.rec	recursor
MD	Poincare.D11.HeatKernelBridge.Basic	Poincare.D11.HeatKernelBridge.HeatKernelCore.c_lo	def
MD	Poincare.D11.HeatKernelBridge.Basic	Poincare.D11.HeatKernelBridge.HeatKernelCore.kernel_nonneg	theorem
MD	Poincare.D11.HeatKernelBridge.Basic	Poincare.D11.HeatKernelBridge.HeatKernelCore.dist_nonneg	theorem
MD	Poincare.D11.HeatKernelBridge.Basic	Poincare.D11.HeatKernelBridge.HeatKernelCore.symmetry	theorem
MD	Poincare.D11.HeatKernelBridge.Basic	Poincare.D11.HeatKernelBridge.HeatKernelCore.gaussianUpperBound	theorem
MD	Poincare.D11.HeatKernelBridge.Basic	Poincare.D11.HeatKernelBridge.HeatKernelCore.C_lo	def
MD	Poincare.D11.HeatKernelBridge.Basic	Poincare.D11.HeatKernelBridge.HeatKernelCore.dim	def
