MD	Poincare.D11.ReducedVolume.StraightRays	Poincare.D11.ReducedVolume.LMinimizer_eq_straightRay	theorem
MD	Poincare.D11.ReducedVolume.StraightRays	Poincare.D11.ReducedVolume.heatKernelReducedDistance_eq_straightRayReducedLength	theorem
MD	Poincare.D11.ReducedVolume.StraightRays	Poincare.D11.ReducedVolume.flatDeficit_integral	theorem
MD	Poincare.D11.ReducedVolume.StraightRays	Poincare.D11.ReducedVolume.flatDeficit_nonneg	theorem
MD	Poincare.D11.ReducedVolume.StraightRays	Poincare.D11.ReducedVolume.straightRay_isLMinimizer	theorem
MD	Poincare.D11.ReducedVolume.StraightRays	Poincare.D11.ReducedVolume.straightRay_zero	theorem
MD	Poincare.D11.ReducedVolume.StraightRays	Poincare.D11.ReducedVolume.flatDeficit	def
MD	Poincare.D11.ReducedVolume.StraightRays	Poincare.D11.ReducedVolume.straightRayVelocity	def
MD	Poincare.D11.ReducedVolume.StraightRays	Poincare.D11.ReducedVolume.straightRay_length	theorem
MD	Poincare.D11.ReducedVolume.StraightRays	Poincare.D11.ReducedVolume.flatDeficit_eq_normSq	theorem
MD	Poincare.D11.ReducedVolume.StraightRays	Poincare.D11.ReducedVolume.straightRayLPath	def
MD	Poincare.D11.ReducedVolume.StraightRays	Poincare.D11.ReducedVolume.straightRay_hasDerivAt	theorem
MD	Poincare.D11.ReducedVolume.StraightRays	Poincare.D11.ReducedVolume.ae_velocity_eq_of_deficit_integral_zero	theorem
MD	Poincare.D11.ReducedVolume.StraightRays	Poincare.D11.ReducedVolume.straightRayVelocity_eq_gaussianVelocity	theorem
MD	Poincare.D11.ReducedVolume.StraightRays	Poincare.D11.ReducedVolume.IsLMinimizer_of_eq_straightRay._simp_1_1	theorem
MD	Poincare.D11.ReducedVolume.StraightRays	Poincare.D11.ReducedVolume.IsLMinimizer_of_eq_straightRay	theorem
MD	Poincare.D11.ReducedVolume.StraightRays	Poincare.D11.ReducedVolume.IsLMinimizer_of_eq_straightRay._simp_1_2	theorem
MD	Poincare.D11.ReducedVolume.StraightRays	Poincare.D11.ReducedVolume.euclidean_LMinimizerExistence	theorem
MD	Poincare.D11.ReducedVolume.StraightRays	Poincare.D11.ReducedVolume.minimizer_iff_eq_straightRay	theorem
MD	Poincare.D11.ReducedVolume.StraightRays	Poincare.D11.ReducedVolume.straightRay.eq_1	theorem
MD	Poincare.D11.ReducedVolume.StraightRays	Poincare.D11.ReducedVolume.straightRay	def
MD	Poincare.D11.ReducedVolume.StraightRays	Poincare.D11.ReducedVolume.straightRay_tau	theorem
MD	Poincare.D11.ReducedVolume.StraightRays	Poincare.D11.ReducedVolume.straightRay_reducedLength	theorem
MD	Poincare.D11.ReducedVolume.StraightRays	Poincare.D11.ReducedVolume.straightRayLPath.congr_simp	theorem
MD	Poincare.D11.ReducedVolume.StraightRays	Poincare.D11.ReducedVolume.straightRay_eq_gaussianPath	theorem
MD	Poincare.D11.ReducedVolume.StraightRays	Poincare.D11.ReducedVolume.straightRayVelocity._proof_1	theorem
