MD	Poincare.D12.EntropyVariation.GaussianShrinker	Poincare.D12.EntropyVariation.integrable_exp_neg_mul_normSq	theorem
MD	Poincare.D12.EntropyVariation.GaussianShrinker	Poincare.D12.EntropyVariation.integral_normSq_mul_gaussianKernel._simp_1_1	theorem
MD	Poincare.D12.EntropyVariation.GaussianShrinker	Poincare.D12.EntropyVariation.Euc	def
MD	Poincare.D12.EntropyVariation.GaussianShrinker	Poincare.D12.EntropyVariation.shrinkerEntropyData_F_value._simp_1_2	theorem
MD	Poincare.D12.EntropyVariation.GaussianShrinker	Poincare.D12.EntropyVariation.normSq_exp_neg_mul_le	theorem
MD	Poincare.D12.EntropyVariation.GaussianShrinker	Poincare.D12.EntropyVariation.FDissipationCorrected.eq_1	theorem
MD	Poincare.D12.EntropyVariation.GaussianShrinker	Poincare.D12.EntropyVariation.shrinkerRiccHess.eq_1	theorem
MD	Poincare.D12.EntropyVariation.GaussianShrinker	Poincare.D12.EntropyVariation.shrinkerEntropyData_F_value._simp_1_4	theorem
MD	Poincare.D12.EntropyVariation.GaussianShrinker	Poincare.D12.EntropyVariation.normSq_exp_neg_mul_le._simp_1_6	theorem
MD	Poincare.D12.EntropyVariation.GaussianShrinker	Poincare.D12.EntropyVariation.shrinker_hessian_eq_metricOverTwoTau	theorem
MD	Poincare.D12.EntropyVariation.GaussianShrinker	Poincare.D12.EntropyVariation.normSq_exp_neg_mul_le._simp_1_7	theorem
MD	Poincare.D12.EntropyVariation.GaussianShrinker	Poincare.D12.EntropyVariation.shrinkerEntropyData._proof_3	theorem
MD	Poincare.D12.EntropyVariation.GaussianShrinker	Poincare.D12.EntropyVariation.shrinkerEntropyData_secondMoment	theorem
MD	Poincare.D12.EntropyVariation.GaussianShrinker	Poincare.D12.EntropyVariation.shrinkerEntropyData_mass	theorem
MD	Poincare.D12.EntropyVariation.GaussianShrinker	Poincare.D12.EntropyVariation.shrinkerEntropyData_F_value._simp_1_8	theorem
MD	Poincare.D12.EntropyVariation.GaussianShrinker	Poincare.D12.EntropyVariation.integral_normSq_mul_gaussianKernel	theorem
MD	Poincare.D12.EntropyVariation.GaussianShrinker	Poincare.D12.EntropyVariation.normSq_exp_neg_mul_le._simp_1_5	theorem
MD	Poincare.D12.EntropyVariation.GaussianShrinker	Poincare.D12.EntropyVariation.hasFDerivAt_shrinkerFpot	theorem
MD	Poincare.D12.EntropyVariation.GaussianShrinker	Poincare.D12.EntropyVariation.shrinkerEntropyData_FDissipation_value._simp_1_3	theorem
MD	Poincare.D12.EntropyVariation.GaussianShrinker	Poincare.D12.EntropyVariation.shrinkerEntropyData_FDissipation_value._simp_1_8	theorem
MD	Poincare.D12.EntropyVariation.GaussianShrinker	Poincare.D12.EntropyVariation.integral_normSq_mul_gaussianKernel._simp_1_7	theorem
MD	Poincare.D12.EntropyVariation.GaussianShrinker	Poincare.D12.EntropyVariation.shrinker_riccHess_justified._simp_1_3	theorem
MD	Poincare.D12.EntropyVariation.GaussianShrinker	Poincare.D12.EntropyVariation.shrinker_riccHess_justified._simp_1_1	theorem
MD	Poincare.D12.EntropyVariation.GaussianShrinker	Poincare.D12.EntropyVariation.normSq_exp_neg_mul_le._simp_1_4	theorem
MD	Poincare.D12.EntropyVariation.GaussianShrinker	Poincare.D12.EntropyVariation.shrinkerEntropyData_FDissipation_value	theorem
MD	Poincare.D12.EntropyVariation.GaussianShrinker	Poincare.D12.EntropyVariation.shrinkerEntropyData_FDissipationCorrected_value._simp_1_10	theorem
MD	Poincare.D12.EntropyVariation.GaussianShrinker	Poincare.D12.EntropyVariation.shrinkerEntropyData	def
MD	Poincare.D12.EntropyVariation.GaussianShrinker	Poincare.D12.EntropyVariation.integral_normSq_mul_exp_neg_mul._simp_1_1	theorem
MD	Poincare.D12.EntropyVariation.GaussianShrinker	Poincare.D12.EntropyVariation.shrinker_riccHess_justified._simp_1_5	theorem
MD	Poincare.D12.EntropyVariation.GaussianShrinker	Poincare.D12.EntropyVariation.shrinkerRiccHess	def
MD	Poincare.D12.EntropyVariation.GaussianShrinker	Poincare.D12.EntropyVariation.shrinker_riccHess_justified	theorem
MD	Poincare.D12.EntropyVariation.GaussianShrinker	Poincare.D12.EntropyVariation.shrinker_riccHess_justified._simp_1_6	theorem
MD	Poincare.D12.EntropyVariation.GaussianShrinker	Poincare.D12.EntropyVariation.shrinkerEntropyData._proof_1	theorem
MD	Poincare.D12.EntropyVariation.GaussianShrinker	Poincare.D12.EntropyVariation.integrable_normSq_mul_gaussianKernel	theorem
MD	Poincare.D12.EntropyVariation.GaussianShrinker	Poincare.D12.EntropyVariation.shrinkerEntropyData_FDissipation_value._simp_1_6	theorem
MD	Poincare.D12.EntropyVariation.GaussianShrinker	Poincare.D12.EntropyVariation.hasDerivAt_neg_mul_const	theorem
MD	Poincare.D12.EntropyVariation.GaussianShrinker	Poincare.D12.EntropyVariation.integral_normSq_mul_exp_neg_mul._simp_1_5	theorem
MD	Poincare.D12.EntropyVariation.GaussianShrinker	Poincare.D12.EntropyVariation.integral_normSq_mul_exp_neg_mul._simp_1_3	theorem
MD	Poincare.D12.EntropyVariation.GaussianShrinker	Poincare.D12.EntropyVariation.shrinkerEntropyData_FDissipationCorrected_value	theorem
MD	Poincare.D12.EntropyVariation.GaussianShrinker	Poincare.D12.EntropyVariation.shrinkerEntropyData_F_value._simp_1_3	theorem
MD	Poincare.D12.EntropyVariation.GaussianShrinker	Poincare.D12.EntropyVariation.integral_normSq_mul_exp_neg_mul._simp_1_7	theorem
MD	Poincare.D12.EntropyVariation.GaussianShrinker	Poincare.D12.EntropyVariation.integral_normSq_mul_exp_neg_mul._simp_1_4	theorem
MD	Poincare.D12.EntropyVariation.GaussianShrinker	Poincare.D12.EntropyVariation.shrinkerEntropyData_FDissipation_value._simp_1_7	theorem
MD	Poincare.D12.EntropyVariation.GaussianShrinker	Poincare.D12.EntropyVariation.integrable_normSq_mul_exp_neg_mul	theorem
MD	Poincare.D12.EntropyVariation.GaussianShrinker	Poincare.D12.EntropyVariation.shrinkerEntropyData.eq_1	theorem
MD	Poincare.D12.EntropyVariation.GaussianShrinker	Poincare.D12.EntropyVariation.integral_normSq_mul_gaussianKernel._simp_1_5	theorem
MD	Poincare.D12.EntropyVariation.GaussianShrinker	Poincare.D12.EntropyVariation.shrinker_riccHess_justified._simp_1_2	theorem
MD	Poincare.D12.EntropyVariation.GaussianShrinker	Poincare.D12.EntropyVariation.shrinkerGradSq.eq_1	theorem
MD	Poincare.D12.EntropyVariation.GaussianShrinker	Poincare.D12.EntropyVariation.shrinkerEntropyData_FDissipation_value._simp_1_4	theorem
MD	Poincare.D12.EntropyVariation.GaussianShrinker	Poincare.D12.EntropyVariation.shrinkerEntropyData_W_value	theorem
MD	Poincare.D12.EntropyVariation.GaussianShrinker	Poincare.D12.EntropyVariation.shrinkerEntropyData._proof_4	theorem
MD	Poincare.D12.EntropyVariation.GaussianShrinker	Poincare.D12.EntropyVariation.shrinkerEntropyData_F_value._simp_1_5	theorem
MD	Poincare.D12.EntropyVariation.GaussianShrinker	Poincare.D12.EntropyVariation.shrinkerEntropyData_FDissipation_value._simp_1_5	theorem
MD	Poincare.D12.EntropyVariation.GaussianShrinker	Poincare.D12.EntropyVariation.shrinkerFpot.eq_1	theorem
MD	Poincare.D12.EntropyVariation.GaussianShrinker	Poincare.D12.EntropyVariation.normSq_exp_neg_mul_le._simp_1_3	theorem
MD	Poincare.D12.EntropyVariation.GaussianShrinker	Poincare.D12.EntropyVariation.integral_normSq_mul_exp_neg_mul._simp_1_6	theorem
MD	Poincare.D12.EntropyVariation.GaussianShrinker	Poincare.D12.EntropyVariation.shrinkerEntropyData_FDissipationCorrected_value._simp_1_8	theorem
MD	Poincare.D12.EntropyVariation.GaussianShrinker	Poincare.D12.EntropyVariation.shrinkerEntropyData_FDissipationCorrected_value._simp_1_6	theorem
MD	Poincare.D12.EntropyVariation.GaussianShrinker	Poincare.D12.EntropyVariation.integral_normSq_mul_gaussianKernel._simp_1_6	theorem
MD	Poincare.D12.EntropyVariation.GaussianShrinker	Poincare.D12.EntropyVariation.integral_normSq_mul_gaussianKernel._simp_1_3	theorem
MD	Poincare.D12.EntropyVariation.GaussianShrinker	Poincare.D12.EntropyVariation.shrinkerEntropyData_F_value._simp_1_7	theorem
MD	Poincare.D12.EntropyVariation.GaussianShrinker	Poincare.D12.EntropyVariation.shrinkerEntropyData._proof_5	theorem
MD	Poincare.D12.EntropyVariation.GaussianShrinker	Poincare.D12.EntropyVariation.shrinkerEntropyData_FDissipationCorrected_value._simp_1_4	theorem
MD	Poincare.D12.EntropyVariation.GaussianShrinker	Poincare.D12.EntropyVariation.shrinkerEntropyData_FDissipation_ne_corrected_one	theorem
MD	Poincare.D12.EntropyVariation.GaussianShrinker	Poincare.D12.EntropyVariation.normSq_exp_neg_mul_le._simp_1_2	theorem
MD	Poincare.D12.EntropyVariation.GaussianShrinker	Poincare.D12.EntropyVariation.integral_normSq_mul_gaussianKernel._simp_1_2	theorem
MD	Poincare.D12.EntropyVariation.GaussianShrinker	Poincare.D12.EntropyVariation.shrinkerEntropyData_F_value	theorem
MD	Poincare.D12.EntropyVariation.GaussianShrinker	Poincare.D12.EntropyVariation.shrinkerGradSq	def
MD	Poincare.D12.EntropyVariation.GaussianShrinker	Poincare.D12.EntropyVariation.integrable_gaussianKernel	theorem
MD	Poincare.D12.EntropyVariation.GaussianShrinker	Poincare.D12.EntropyVariation.shrinker_riccHess_justified._simp_1_7	theorem
MD	Poincare.D12.EntropyVariation.GaussianShrinker	Poincare.D12.EntropyVariation.shrinkerEntropyData_FDissipationCorrected_value._simp_1_9	theorem
MD	Poincare.D12.EntropyVariation.GaussianShrinker	Poincare.D12.EntropyVariation.integral_normSq_mul_exp_neg_mul._simp_1_2	theorem
MD	Poincare.D12.EntropyVariation.GaussianShrinker	Poincare.D12.EntropyVariation.shrinkerEntropyData_FDissipation_value._simp_1_9	theorem
MD	Poincare.D12.EntropyVariation.GaussianShrinker	Poincare.D12.EntropyVariation.shrinker_riccHess_justified._simp_1_4	theorem
MD	Poincare.D12.EntropyVariation.GaussianShrinker	Poincare.D12.EntropyVariation.integral_normSq_mul_exp_neg_mul	theorem
MD	Poincare.D12.EntropyVariation.GaussianShrinker	Poincare.D12.EntropyVariation.shrinkerEntropyData_FDissipationCorrected_value._simp_1_7	theorem
MD	Poincare.D12.EntropyVariation.GaussianShrinker	Poincare.D12.EntropyVariation.eventually_of_forall	theorem
MD	Poincare.D12.EntropyVariation.GaussianShrinker	Poincare.D12.EntropyVariation.shrinkerGradSq._proof_1	theorem
MD	Poincare.D12.EntropyVariation.GaussianShrinker	Poincare.D12.EntropyVariation.shrinkerFpot	def
MD	Poincare.D12.EntropyVariation.GaussianShrinker	Poincare.D12.EntropyVariation.shrinkerEntropyData_F_value._simp_1_6	theorem
MD	Poincare.D12.EntropyVariation.GaussianShrinker	Poincare.D12.EntropyVariation.integral_normSq_mul_gaussianKernel._simp_1_4	theorem
MD	Poincare.D12.EntropyVariation.GaussianShrinker	Poincare.D12.EntropyVariation.iteratedFDeriv_two_shrinkerFpot	theorem
MD	Poincare.D12.EntropyVariation.GaussianShrinker	Poincare.D12.EntropyVariation.shrinker_w_dissipation_density_zero	theorem
MD	Poincare.D12.EntropyVariation.GaussianShrinker	Poincare.D12.EntropyVariation.shrinkerEntropyData._proof_2	theorem
MD	Poincare.D12.EntropyVariation.GaussianShrinker	Poincare.Longrun.Entropy.EntropyData.extra.eq_1	theorem
MD	Poincare.D12.EntropyVariation.GaussianShrinker	Poincare.D12.EntropyVariation.normSq_exp_neg_mul_le._simp_1_1	theorem
MD	Poincare.D12.EntropyVariation.GaussianShrinker	Poincare.D12.EntropyVariation.shrinkerEntropyData_FDissipationCorrected_value._simp_1_5	theorem
