MD	Poincare.D12.HeatDomain.Counterexample	Poincare.D12.HeatDomain.not_fullInitialCondition_flat_of_pos	theorem
MD	Poincare.D12.HeatDomain.Counterexample	Poincare.D12.HeatDomain.ofLp_image_halfspace	theorem
MD	Poincare.D12.HeatDomain.Counterexample	Poincare.D12.HeatDomain.not_exists_heatKernelData_flat_one	theorem
MD	Poincare.D12.HeatDomain.Counterexample	Poincare.D12.HeatDomain.measurableSet_halfspace	theorem
MD	Poincare.D12.HeatDomain.Counterexample	Poincare.D12.HeatDomain.not_fullInitialCondition_flat_one	theorem
MD	Poincare.D12.HeatDomain.Counterexample	Poincare.D12.HeatDomain.volume_set_norm_ge_eq_top	theorem
MD	Poincare.D12.HeatDomain.Counterexample	Poincare.D12.HeatDomain.notIntegrable_fast_times_kernel._simp_1_3	theorem
MD	Poincare.D12.HeatDomain.Counterexample	Poincare.D12.HeatDomain.halfspace_eq_box	theorem
MD	Poincare.D12.HeatDomain.Counterexample	Poincare.D12.HeatDomain.halfspace_eq_box._simp_1_1	theorem
MD	Poincare.D12.HeatDomain.Counterexample	Poincare.D12.HeatDomain.fastFunction_continuous	theorem
MD	Poincare.D12.HeatDomain.Counterexample	Poincare.D12.HeatDomain.volume_halfspace_eq_top	theorem
MD	Poincare.D12.HeatDomain.Counterexample	Poincare.D12.HeatDomain.notIntegrable_fast_times_kernel._simp_1_5	theorem
MD	Poincare.D12.HeatDomain.Counterexample	Poincare.D12.HeatDomain.notIntegrable_fast_times_kernel._simp_1_1	theorem
MD	Poincare.D12.HeatDomain.Counterexample	Poincare.D12.HeatDomain.fastFunction	def
MD	Poincare.D12.HeatDomain.Counterexample	Poincare.D12.HeatDomain.measurableSet_norm_ge	theorem
MD	Poincare.D12.HeatDomain.Counterexample	Poincare.D12.HeatDomain.not_exists_heatKernelData_flat_of_pos	theorem
MD	Poincare.D12.HeatDomain.Counterexample	Poincare.D12.HeatDomain.fastFunction_nonneg	theorem
MD	Poincare.D12.HeatDomain.Counterexample	Poincare.D12.HeatDomain.notIntegrable_fast_times_kernel._simp_1_4	theorem
MD	Poincare.D12.HeatDomain.Counterexample	Poincare.D12.HeatDomain.notIntegrable_fast_times_kernel._simp_1_7	theorem
MD	Poincare.D12.HeatDomain.Counterexample	Poincare.D12.HeatDomain.notIntegrable_fast_times_kernel._simp_1_2	theorem
MD	Poincare.D12.HeatDomain.Counterexample	Poincare.D12.HeatDomain.flat_positive_dimension_weak_not_full	theorem
MD	Poincare.D12.HeatDomain.Counterexample	Poincare.D12.HeatDomain.integral_fast_times_kernel_eq_zero	theorem
MD	Poincare.D12.HeatDomain.Counterexample	Poincare.D12.HeatDomain.notIntegrable_fast_times_kernel._simp_1_6	theorem
MD	Poincare.D12.HeatDomain.Counterexample	Poincare.D12.HeatDomain.measurableSet_halfspace_fn	theorem
MD	Poincare.D12.HeatDomain.Counterexample	Poincare.D12.HeatDomain.fastFunction_zero	theorem
MD	Poincare.D12.HeatDomain.Counterexample	Poincare.D12.HeatDomain.volume_halfspace_eq_top._simp_1_1	theorem
MD	Poincare.D12.HeatDomain.Counterexample	Poincare.D12.HeatDomain.volume_eq_volume_pi_image_ofLp	theorem
MD	Poincare.D12.HeatDomain.Counterexample	Poincare.D12.HeatDomain.notIntegrable_fast_times_kernel	theorem
