MD	Poincare.D12.KappaVariational.GaussianNormalization	Poincare.D12.KappaVariational.gaussianReducedVolume.eq_1	theorem
MD	Poincare.D12.KappaVariational.GaussianNormalization	Poincare.D12.KappaVariational.gaussianKernel_tau_eq	theorem
MD	Poincare.D12.KappaVariational.GaussianNormalization	Poincare.D12.KappaVariational.gaussianReducedVolume._proof_2	theorem
MD	Poincare.D12.KappaVariational.GaussianNormalization	Poincare.D12.KappaVariational.gaussianReducedVolume_def	theorem
MD	Poincare.D12.KappaVariational.GaussianNormalization	Poincare.D12.KappaVariational.gaussianReducedVolume_eq_one	theorem
MD	Poincare.D12.KappaVariational.GaussianNormalization	Poincare.D12.KappaVariational.gaussianReducedVolumeViaL_eq_gaussianReducedVolume	theorem
MD	Poincare.D12.KappaVariational.GaussianNormalization	Poincare.D12.KappaVariational.integral_gaussianVecTauNormalized	theorem
MD	Poincare.D12.KappaVariational.GaussianNormalization	Poincare.D12.KappaVariational.integral_gaussianReducedVolumeDensity	theorem
MD	Poincare.D12.KappaVariational.GaussianNormalization	Poincare.D12.KappaVariational.gaussianReducedVolumeDensity_two_half_zero	theorem
MD	Poincare.D12.KappaVariational.GaussianNormalization	Poincare.D12.KappaVariational.gaussianReducedVolumeDensity_two_half_zero_ne_one	theorem
MD	Poincare.D12.KappaVariational.GaussianNormalization	Poincare.D12.KappaVariational.gaussianReducedVolumeDensity	def
MD	Poincare.D12.KappaVariational.GaussianNormalization	Poincare.D12.KappaVariational.gaussianReducedVolume._proof_1	theorem
MD	Poincare.D12.KappaVariational.GaussianNormalization	Poincare.D12.KappaVariational.integral_gaussianKernel_tau	theorem
MD	Poincare.D12.KappaVariational.GaussianNormalization	Poincare.D12.KappaVariational.integral_gaussianVecTau_fubini	theorem
MD	Poincare.D12.KappaVariational.GaussianNormalization	Poincare.D12.KappaVariational.gaussianVecTau_def	theorem
MD	Poincare.D12.KappaVariational.GaussianNormalization	Poincare.D12.KappaVariational.gaussianVecTau	def
MD	Poincare.D12.KappaVariational.GaussianNormalization	Poincare.D12.KappaVariational.integral_gaussianVecTau	theorem
MD	Poincare.D12.KappaVariational.GaussianNormalization	Poincare.D12.KappaVariational.gaussianReducedVolume	def
MD	Poincare.D12.KappaVariational.GaussianNormalization	Poincare.D12.KappaVariational.integral_exp_neg_normSq_div	theorem
MD	Poincare.D12.KappaVariational.GaussianNormalization	Poincare.D12.KappaVariational.gaussianReducedVolumeDensity.eq_1	theorem
MD	Poincare.D12.KappaVariational.GaussianNormalization	Poincare.D12.KappaVariational.integral_gaussianVecTau_eq_rpow	theorem
MD	Poincare.D12.KappaVariational.GaussianNormalization	Poincare.D12.KappaVariational.gaussianReducedVolumeViaL_eq_one	theorem
MD	Poincare.D12.KappaVariational.GaussianNormalization	Poincare.D12.KappaVariational.gaussianReducedVolumeViaL.eq_1	theorem
MD	Poincare.D12.KappaVariational.GaussianNormalization	Poincare.D12.KappaVariational.gaussianReducedVolumeDensity_pos	theorem
MD	Poincare.D12.KappaVariational.GaussianNormalization	Poincare.D12.KappaVariational.gaussianVecTau_eq_exp_neg_normSq_div	theorem
MD	Poincare.D12.KappaVariational.GaussianNormalization	Poincare.D12.KappaVariational.gaussianReducedVolumeViaL	def
MD	Poincare.D12.KappaVariational.GaussianNormalization	Poincare.D12.KappaVariational.gaussianReducedVolumeDensity_ne_zero	theorem
MD	Poincare.D12.KappaVariational.GaussianNormalization	Poincare.D12.KappaVariational.gaussianVecTau_eq_exp_neg_sum_sq	theorem
MD	Poincare.D12.KappaVariational.GaussianNormalization	Poincare.D12.KappaVariational.gaussianVecTauNormalized_def	theorem
MD	Poincare.D12.KappaVariational.GaussianNormalization	Poincare.D12.KappaVariational.gaussianVecTau._proof_1	theorem
MD	Poincare.D12.KappaVariational.GaussianNormalization	Poincare.D12.KappaVariational.gaussianVecTauNormalized	def
MD	Poincare.D12.KappaVariational.GaussianNormalization	Poincare.D12.KappaVariational.gaussianReducedVolumeDensity_def	theorem
MD	Poincare.D12.KappaVariational.GaussianNormalization	Poincare.D12.KappaVariational.gaussianVecTauNormalized._proof_1	theorem
