MD	Poincare.D12.ParabolicLocal.BUC	Poincare.D12.ParabolicLocal.BUCf.instAddCommGroupBUCn._proof_12	theorem
MD	Poincare.D12.ParabolicLocal.BUC	Poincare.D12.ParabolicLocal.BUCf.instAddBUCn	def
MD	Poincare.D12.ParabolicLocal.BUC	Poincare.D12.ParabolicLocal.BUCf.instAddCommGroupBUCn._proof_2	theorem
MD	Poincare.D12.ParabolicLocal.BUC	Poincare.D12.ParabolicLocal.BUCf.mk._flat_ctor	def
MD	Poincare.D12.ParabolicLocal.BUC	Poincare.D12.ParabolicLocal.BUCf.instAddBUCn._proof_1	theorem
MD	Poincare.D12.ParabolicLocal.BUC	Poincare.D12.ParabolicLocal.BUCf.instModuleRealBUCn	def
MD	Poincare.D12.ParabolicLocal.BUC	Poincare.D12.ParabolicLocal.BUCf	inductive
MD	Poincare.D12.ParabolicLocal.BUC	Poincare.D12.ParabolicLocal.BUCf.instModuleRealBUCn._proof_2	theorem
MD	Poincare.D12.ParabolicLocal.BUC	_private.Poincare.D12.ParabolicLocal.BUC.0.Poincare.D12.ParabolicLocal.BUCf.instAddCommGroupBUCn._abel_10	theorem
MD	Poincare.D12.ParabolicLocal.BUC	Poincare.D12.ParabolicLocal.BUCf.instModuleRealBUCn._proof_1	theorem
MD	Poincare.D12.ParabolicLocal.BUC	Poincare.D12.ParabolicLocal.BUCf.instAddCommGroupBUCn._proof_5	theorem
MD	Poincare.D12.ParabolicLocal.BUC	Poincare.D12.ParabolicLocal.BUCf.ext	theorem
MD	Poincare.D12.ParabolicLocal.BUC	Poincare.D12.ParabolicLocal.BUCf._sizeOf_inst	def
MD	Poincare.D12.ParabolicLocal.BUC	Poincare.D12.ParabolicLocal.BUCf.instZeroBUCn	def
MD	Poincare.D12.ParabolicLocal.BUC	Poincare.D12.ParabolicLocal.BUCf.instModuleRealBUCn._proof_5	theorem
MD	Poincare.D12.ParabolicLocal.BUC	Poincare.D12.ParabolicLocal.BUCf.instNegBUCn._proof_1	theorem
MD	Poincare.D12.ParabolicLocal.BUC	Poincare.D12.ParabolicLocal.BUCf.instAddCommGroupBUCn._proof_1	theorem
MD	Poincare.D12.ParabolicLocal.BUC	Poincare.D12.ParabolicLocal.BUCf.instModuleRealBUCn._proof_6	theorem
MD	Poincare.D12.ParabolicLocal.BUC	Poincare.D12.ParabolicLocal.BUCf.uniformContinuous_of_tendsto_uniform	theorem
MD	Poincare.D12.ParabolicLocal.BUC	Poincare.D12.ParabolicLocal.BUCf.instCompleteSpaceBUCn	theorem
MD	Poincare.D12.ParabolicLocal.BUC	Poincare.D12.ParabolicLocal.BUCf.instNormedAddCommGroupBUCn._proof_2	theorem
MD	Poincare.D12.ParabolicLocal.BUC	Poincare.D12.ParabolicLocal.BUCf.instModuleRealBUCn._proof_4	theorem
MD	Poincare.D12.ParabolicLocal.BUC	Poincare.D12.ParabolicLocal.BUCf.instAddCommGroupBUCn._proof_6	theorem
MD	Poincare.D12.ParabolicLocal.BUC	Poincare.D12.ParabolicLocal.BUCf.norm_mk	theorem
MD	Poincare.D12.ParabolicLocal.BUC	Poincare.D12.ParabolicLocal.BUCf.mk.injEq	theorem
MD	Poincare.D12.ParabolicLocal.BUC	Poincare.D12.ParabolicLocal.BUCf.instNormedAddCommGroupBUCn	def
MD	Poincare.D12.ParabolicLocal.BUC	Poincare.D12.ParabolicLocal.BUCf.mk.sizeOf_spec	theorem
MD	Poincare.D12.ParabolicLocal.BUC	Poincare.D12.ParabolicLocal.BUCf.instAddBUCn._proof_2	theorem
MD	Poincare.D12.ParabolicLocal.BUC	Poincare.D12.ParabolicLocal.BUCf.recOn	def
MD	Poincare.D12.ParabolicLocal.BUC	Poincare.D12.ParabolicLocal.BUCf.instAddCommGroupBUCn._proof_9	theorem
MD	Poincare.D12.ParabolicLocal.BUC	Poincare.D12.ParabolicLocal.BUCf.instSMulRealBUCn	def
MD	Poincare.D12.ParabolicLocal.BUC	Poincare.D12.ParabolicLocal.BUCf.instAddCommGroupBUCn._proof_8	theorem
MD	Poincare.D12.ParabolicLocal.BUC	Poincare.D12.ParabolicLocal.BUCn	def
MD	Poincare.D12.ParabolicLocal.BUC	Poincare.D12.ParabolicLocal.BUCf.instAddCommGroupBUCn._proof_7	theorem
MD	Poincare.D12.ParabolicLocal.BUC	Poincare.D12.ParabolicLocal.BUCf.norm_coe_le_norm	theorem
MD	Poincare.D12.ParabolicLocal.BUC	Poincare.D12.ParabolicLocal.BUCf.mk.noConfusion	def
MD	Poincare.D12.ParabolicLocal.BUC	Poincare.D12.ParabolicLocal.BUCf.noConfusion	def
MD	Poincare.D12.ParabolicLocal.BUC	Poincare.D12.ParabolicLocal.BUCf.instNormedSpaceRealBUCn._proof_1	theorem
MD	Poincare.D12.ParabolicLocal.BUC	Poincare.D12.ParabolicLocal.BUCf.instAddCommGroupBUCn._proof_4	theorem
MD	Poincare.D12.ParabolicLocal.BUC	Poincare.D12.ParabolicLocal.BUCf.instNormedAddCommGroupBUCn._proof_1	theorem
MD	Poincare.D12.ParabolicLocal.BUC	Poincare.D12.ParabolicLocal.BUCf.coe_apply	theorem
MD	Poincare.D12.ParabolicLocal.BUC	Poincare.D12.ParabolicLocal.BUCf.instAddCommGroupBUCn._proof_3	theorem
MD	Poincare.D12.ParabolicLocal.BUC	Poincare.D12.ParabolicLocal.BUCf.dist_eq_dist_val	theorem
MD	Poincare.D12.ParabolicLocal.BUC	Poincare.D12.ParabolicLocal.BUCf.uniformContinuous_val	theorem
MD	Poincare.D12.ParabolicLocal.BUC	Poincare.D12.ParabolicLocal.BUCf.ext_iff	theorem
MD	Poincare.D12.ParabolicLocal.BUC	Poincare.D12.ParabolicLocal.BUCf._sizeOf_1	def
MD	Poincare.D12.ParabolicLocal.BUC	Poincare.D12.ParabolicLocal.BUCf.mk	ctor
MD	Poincare.D12.ParabolicLocal.BUC	Poincare.D12.ParabolicLocal.BUCf.casesOn	def
MD	Poincare.D12.ParabolicLocal.BUC	Poincare.D12.ParabolicLocal.BUCf.mk.inj	theorem
MD	Poincare.D12.ParabolicLocal.BUC	Poincare.D12.ParabolicLocal.BUCf.dist_coe_le_dist	theorem
MD	Poincare.D12.ParabolicLocal.BUC	Poincare.D12.ParabolicLocal.BUCf.instZeroBUCn._proof_1	theorem
MD	Poincare.D12.ParabolicLocal.BUC	Poincare.D12.ParabolicLocal.BUCf.instNormedAddCommGroupBUCn._proof_3	theorem
MD	Poincare.D12.ParabolicLocal.BUC	Poincare.D12.ParabolicLocal.BUCf.instNegBUCn	def
MD	Poincare.D12.ParabolicLocal.BUC	Poincare.D12.ParabolicLocal.BUCf.val_neg	theorem
MD	Poincare.D12.ParabolicLocal.BUC	Poincare.D12.ParabolicLocal.BUCf.instAddCommGroupBUCn._proof_11	theorem
MD	Poincare.D12.ParabolicLocal.BUC	Poincare.D12.ParabolicLocal.BUCf.instCoeFunBUCnForallEuclideanSpaceRealFin	def
MD	Poincare.D12.ParabolicLocal.BUC	Poincare.D12.ParabolicLocal.BUCf.mk.congr_simp	theorem
MD	Poincare.D12.ParabolicLocal.BUC	Poincare.D12.ParabolicLocal.BUCf.instAddCommGroupBUCn	def
MD	Poincare.D12.ParabolicLocal.BUC	Poincare.D12.ParabolicLocal.BUCf.instCoeBUCnBCFn	def
MD	Poincare.D12.ParabolicLocal.BUC	Poincare.D12.ParabolicLocal.BUCf.val_zero	theorem
MD	Poincare.D12.ParabolicLocal.BUC	Poincare.D12.ParabolicLocal.BUCf.instModuleRealBUCn._proof_3	theorem
MD	Poincare.D12.ParabolicLocal.BUC	Poincare.D12.ParabolicLocal.BUCf.instNormedAddCommGroupBUCn._proof_4	theorem
MD	Poincare.D12.ParabolicLocal.BUC	Poincare.D12.ParabolicLocal.BUCf.val_smul	theorem
MD	Poincare.D12.ParabolicLocal.BUC	Poincare.D12.ParabolicLocal.BUCf.ctorIdx	def
MD	Poincare.D12.ParabolicLocal.BUC	Poincare.D12.ParabolicLocal.BUCf.instNormedSpaceRealBUCn	def
MD	Poincare.D12.ParabolicLocal.BUC	Poincare.D12.ParabolicLocal.BUCf.val_sub	theorem
MD	Poincare.D12.ParabolicLocal.BUC	Poincare.D12.ParabolicLocal.BUCf.val	def
MD	Poincare.D12.ParabolicLocal.BUC	Poincare.D12.ParabolicLocal.BUCf.val_add	theorem
MD	Poincare.D12.ParabolicLocal.BUC	Poincare.D12.ParabolicLocal.BUCf.instSMulRealBUCn._proof_1	theorem
MD	Poincare.D12.ParabolicLocal.BUC	Poincare.D12.ParabolicLocal.BUCf.val_apply	theorem
MD	Poincare.D12.ParabolicLocal.BUC	Poincare.D12.ParabolicLocal.BUCf.norm_val	theorem
MD	Poincare.D12.ParabolicLocal.BUC	Poincare.D12.ParabolicLocal.BUCf.rec	recursor
MD	Poincare.D12.ParabolicLocal.BUC	Poincare.D12.ParabolicLocal.BUCf.norm_val'	theorem
MD	Poincare.D12.ParabolicLocal.BUC	Poincare.D12.ParabolicLocal.BUCf.noConfusionType	def
