MD	Poincare.D12.ParabolicLocal.Duhamel	Poincare.D12.ParabolicLocal.DuhamelSetup.duhamelMap.congr_simp	theorem
MD	Poincare.D12.ParabolicLocal.Duhamel	Poincare.D12.ParabolicLocal.DuhamelSetup.mk.injEq	theorem
MD	Poincare.D12.ParabolicLocal.Duhamel	Poincare.D12.ParabolicLocal.DuhamelSetup.duhamelMap	def
MD	Poincare.D12.ParabolicLocal.Duhamel	Poincare.D12.ParabolicLocal.DuhamelSetup.clampSubtype._proof_1	theorem
MD	Poincare.D12.ParabolicLocal.Duhamel	Poincare.D12.ParabolicLocal.DuhamelSetup.rec	recursor
MD	Poincare.D12.ParabolicLocal.Duhamel	Poincare.D12.ParabolicLocal.DuhamelSetup.extendToInterval_eq_of_mem	theorem
MD	Poincare.D12.ParabolicLocal.Duhamel	Poincare.D12.ParabolicLocal.DuhamelSetup.F	def
MD	Poincare.D12.ParabolicLocal.Duhamel	Poincare.D12.ParabolicLocal.DuhamelSetup.M	def
MD	Poincare.D12.ParabolicLocal.Duhamel	Poincare.D12.ParabolicLocal.DuhamelSetup.extendToInterval_norm_le	theorem
MD	Poincare.D12.ParabolicLocal.Duhamel	Poincare.D12.ParabolicLocal.DuhamelSetup.noConfusionType	def
MD	Poincare.D12.ParabolicLocal.Duhamel	Poincare.D12.ParabolicLocal.DuhamelSetup.smap_continuous	theorem
MD	Poincare.D12.ParabolicLocal.Duhamel	Poincare.D12.ParabolicLocal.DuhamelSetup.F_lipschitz	theorem
MD	Poincare.D12.ParabolicLocal.Duhamel	Poincare.D12.ParabolicLocal.DuhamelSetup.duhamelMap.eq_1	theorem
MD	Poincare.D12.ParabolicLocal.Duhamel	Poincare.D12.ParabolicLocal.DuhamelSetup	inductive
MD	Poincare.D12.ParabolicLocal.Duhamel	Poincare.D12.ParabolicLocal.DuhamelSetup.clamp_eq_self	theorem
MD	Poincare.D12.ParabolicLocal.Duhamel	Poincare.D12.ParabolicLocal.DuhamelSetup.hM	theorem
MD	Poincare.D12.ParabolicLocal.Duhamel	Poincare.D12.ParabolicLocal.DuhamelSetup.clamp	def
MD	Poincare.D12.ParabolicLocal.Duhamel	Poincare.D12.ParabolicLocal.DuhamelSetup.mk.inj	theorem
MD	Poincare.D12.ParabolicLocal.Duhamel	Poincare.D12.ParabolicLocal.DuhamelSetup.clamp_mem	theorem
MD	Poincare.D12.ParabolicLocal.Duhamel	Poincare.D12.ParabolicLocal.DuhamelSetup.clamp_continuous	theorem
MD	Poincare.D12.ParabolicLocal.Duhamel	Poincare.D12.ParabolicLocal.DuhamelSetup.clamp.eq_1	theorem
MD	Poincare.D12.ParabolicLocal.Duhamel	Poincare.D12.ParabolicLocal.DuhamelSetup.duhamelMap_lipschitzWith	theorem
MD	Poincare.D12.ParabolicLocal.Duhamel	Poincare.D12.ParabolicLocal.DuhamelSetup.extendToInterval	def
MD	Poincare.D12.ParabolicLocal.Duhamel	Poincare.D12.ParabolicLocal.DuhamelSetup.extendToInterval.congr_simp	theorem
MD	Poincare.D12.ParabolicLocal.Duhamel	Poincare.D12.ParabolicLocal.DuhamelSetup.duhamelMap._proof_1	theorem
MD	Poincare.D12.ParabolicLocal.Duhamel	Poincare.D12.ParabolicLocal.DuhamelSetup.ctorIdx	def
MD	Poincare.D12.ParabolicLocal.Duhamel	Poincare.D12.ParabolicLocal.DuhamelSetup._sizeOf_inst	def
MD	Poincare.D12.ParabolicLocal.Duhamel	_private.Poincare.D12.ParabolicLocal.Duhamel.0.Poincare.D12.ParabolicLocal.DuhamelSetup.duhamelMap_pointwise_lipschitz._abel_1_1	theorem
MD	Poincare.D12.ParabolicLocal.Duhamel	Poincare.D12.ParabolicLocal.DuhamelSetup.mk.noConfusion	def
MD	Poincare.D12.ParabolicLocal.Duhamel	Poincare.D12.ParabolicLocal.DuhamelSetup.extendToInterval_apply	theorem
MD	Poincare.D12.ParabolicLocal.Duhamel	Poincare.D12.ParabolicLocal.DuhamelSetup.SolutionSpace	def
MD	Poincare.D12.ParabolicLocal.Duhamel	Poincare.D12.ParabolicLocal.DuhamelSetup.duhamelMap_apply	theorem
MD	Poincare.D12.ParabolicLocal.Duhamel	Poincare.D12.ParabolicLocal.DuhamelSetup.duhamelMap_pointwise_lipschitz	theorem
MD	Poincare.D12.ParabolicLocal.Duhamel	Poincare.D12.ParabolicLocal.DuhamelSetup.smap_norm_le	theorem
MD	Poincare.D12.ParabolicLocal.Duhamel	Poincare.D12.ParabolicLocal.DuhamelSetup.mk	ctor
MD	Poincare.D12.ParabolicLocal.Duhamel	Poincare.D12.ParabolicLocal.DuhamelSetup._sizeOf_1	def
MD	Poincare.D12.ParabolicLocal.Duhamel	Poincare.D12.ParabolicLocal.DuhamelSetup.S	def
MD	Poincare.D12.ParabolicLocal.Duhamel	Poincare.D12.ParabolicLocal.DuhamelSetup.noConfusion	def
MD	Poincare.D12.ParabolicLocal.Duhamel	Poincare.D12.ParabolicLocal.DuhamelSetup.clampSubtype	def
MD	Poincare.D12.ParabolicLocal.Duhamel	Poincare.D12.ParabolicLocal.DuhamelSetup.mk._flat_ctor	def
MD	Poincare.D12.ParabolicLocal.Duhamel	Poincare.D12.ParabolicLocal.DuhamelSetup.u₀	def
MD	Poincare.D12.ParabolicLocal.Duhamel	Poincare.D12.ParabolicLocal.DuhamelSetup.mk.sizeOf_spec	theorem
MD	Poincare.D12.ParabolicLocal.Duhamel	Poincare.D12.ParabolicLocal.DuhamelSetup.duhamelMap._proof_2	theorem
MD	Poincare.D12.ParabolicLocal.Duhamel	Poincare.D12.ParabolicLocal.DuhamelSetup.recOn	def
MD	Poincare.D12.ParabolicLocal.Duhamel	Poincare.D12.ParabolicLocal.DuhamelSetup.casesOn	def
MD	Poincare.D12.ParabolicLocal.Duhamel	Poincare.D12.ParabolicLocal.DuhamelSetup.duhamelIntegrand_continuous	theorem
