MD	Poincare.D12.ParabolicLocal.Examples	Poincare.D12.ParabolicLocal.linearCandidate_isFixedPt._simp_1_8	theorem
MD	Poincare.D12.ParabolicLocal.Examples	Poincare.D12.ParabolicLocal.linearCandidate_isFixedPt._simp_1_5	theorem
MD	Poincare.D12.ParabolicLocal.Examples	Poincare.D12.ParabolicLocal.arctanF	def
MD	Poincare.D12.ParabolicLocal.Examples	Poincare.D12.ParabolicLocal.linearCandidate_isFixedPt._simp_1_3	theorem
MD	Poincare.D12.ParabolicLocal.Examples	Poincare.D12.ParabolicLocal.linearCandidateSolution._proof_2	theorem
MD	Poincare.D12.ParabolicLocal.Examples	Poincare.D12.ParabolicLocal.linearCandidate	def
MD	Poincare.D12.ParabolicLocal.Examples	Poincare.D12.ParabolicLocal.linearCandidate_isFixedPt._simp_1_4	theorem
MD	Poincare.D12.ParabolicLocal.Examples	Poincare.D12.ParabolicLocal.linearCandidate_isFixedPt._simp_1_6	theorem
MD	Poincare.D12.ParabolicLocal.Examples	Poincare.D12.ParabolicLocal.linearCandidate_isFixedPt	theorem
MD	Poincare.D12.ParabolicLocal.Examples	Poincare.D12.ParabolicLocal.linearSmulF	def
MD	Poincare.D12.ParabolicLocal.Examples	Poincare.D12.ParabolicLocal.linearCandidate_continuous	theorem
MD	Poincare.D12.ParabolicLocal.Examples	Poincare.D12.ParabolicLocal.linearCandidateSolution.congr_simp	theorem
MD	Poincare.D12.ParabolicLocal.Examples	Poincare.D12.ParabolicLocal.arctanBCF	def
MD	Poincare.D12.ParabolicLocal.Examples	Poincare.D12.ParabolicLocal.arctanF.eq_1	theorem
MD	Poincare.D12.ParabolicLocal.Examples	Poincare.D12.ParabolicLocal.arctanBCF._proof_2	theorem
MD	Poincare.D12.ParabolicLocal.Examples	Poincare.D12.ParabolicLocal.arctanHeat_example	theorem
MD	Poincare.D12.ParabolicLocal.Examples	Poincare.D12.ParabolicLocal.linearCandidate_isFixedPt._simp_1_7	theorem
MD	Poincare.D12.ParabolicLocal.Examples	Poincare.D12.ParabolicLocal.arctanF_lipschitz	theorem
MD	Poincare.D12.ParabolicLocal.Examples	Poincare.D12.ParabolicLocal.lipschitzWith_arctan	theorem
MD	Poincare.D12.ParabolicLocal.Examples	Poincare.D12.ParabolicLocal.gaussianSetup.congr_simp	theorem
MD	Poincare.D12.ParabolicLocal.Examples	Poincare.D12.ParabolicLocal.linearCandidateSolution._proof_3	theorem
MD	Poincare.D12.ParabolicLocal.Examples	Poincare.D12.ParabolicLocal.arctanF_not_additive	theorem
MD	Poincare.D12.ParabolicLocal.Examples	Poincare.D12.ParabolicLocal.arctanBCF._proof_1	theorem
MD	Poincare.D12.ParabolicLocal.Examples	Poincare.D12.ParabolicLocal.heatMildSolution_linear_eq	theorem
MD	Poincare.D12.ParabolicLocal.Examples	Poincare.D12.ParabolicLocal.abs_arctan_le_pi_div_two	theorem
MD	Poincare.D12.ParabolicLocal.Examples	Poincare.D12.ParabolicLocal.linearCandidateSolution._proof_1	theorem
MD	Poincare.D12.ParabolicLocal.Examples	Poincare.D12.ParabolicLocal.intervalIntegral_exp_mul_eq	theorem
MD	Poincare.D12.ParabolicLocal.Examples	Poincare.D12.ParabolicLocal.bucConst.eq_1	theorem
MD	Poincare.D12.ParabolicLocal.Examples	Poincare.D12.ParabolicLocal.linearSmulF_lipschitz	theorem
MD	Poincare.D12.ParabolicLocal.Examples	Poincare.D12.ParabolicLocal.linearCandidate_norm_le	theorem
MD	Poincare.D12.ParabolicLocal.Examples	Poincare.D12.ParabolicLocal.bucConst	def
MD	Poincare.D12.ParabolicLocal.Examples	Poincare.D12.ParabolicLocal.linearCandidate_isFixedPt._simp_1_9	theorem
MD	Poincare.D12.ParabolicLocal.Examples	Poincare.D12.ParabolicLocal.arctanF._proof_1	theorem
MD	Poincare.D12.ParabolicLocal.Examples	Poincare.D12.ParabolicLocal.linearCandidate.eq_1	theorem
MD	Poincare.D12.ParabolicLocal.Examples	Poincare.D12.ParabolicLocal.linearHeat_example_nontrivial	theorem
MD	Poincare.D12.ParabolicLocal.Examples	Poincare.D12.ParabolicLocal.existsUnique_arctanHeatMildSolution	theorem
MD	Poincare.D12.ParabolicLocal.Examples	Poincare.D12.ParabolicLocal.linearCandidateSolution	def
MD	Poincare.D12.ParabolicLocal.Examples	Poincare.D12.ParabolicLocal.bucConst._proof_1	theorem
MD	Poincare.D12.ParabolicLocal.Examples	Poincare.D12.ParabolicLocal.linearHeat_example	theorem
