MD	Poincare.D12.ParabolicLocal.GaussianSemigroup	Poincare.D12.ParabolicLocal.heatConv_semigroup	theorem
MD	Poincare.D12.ParabolicLocal.GaussianSemigroup	Poincare.D12.ParabolicLocal.bucHeatOperator._proof_2	theorem
MD	Poincare.D12.ParabolicLocal.GaussianSemigroup	Poincare.D12.ParabolicLocal.gaussianS_norm_le	theorem
MD	Poincare.D12.ParabolicLocal.GaussianSemigroup	Poincare.D12.ParabolicLocal.heatConv_tendsto_self_BUC._abel_1_1	theorem
MD	Poincare.D12.ParabolicLocal.GaussianSemigroup	Poincare.D12.ParabolicLocal.gaussianS_of_zero	theorem
MD	Poincare.D12.ParabolicLocal.GaussianSemigroup	Poincare.D12.ParabolicLocal.bucHeatOperator.eq_1	theorem
MD	Poincare.D12.ParabolicLocal.GaussianSemigroup	Poincare.D12.ParabolicLocal.heatConv_uniformContinuous	theorem
MD	Poincare.D12.ParabolicLocal.GaussianSemigroup	Poincare.D12.ParabolicLocal.bucHeatOperator._proof_3	theorem
MD	Poincare.D12.ParabolicLocal.GaussianSemigroup	Poincare.D12.ParabolicLocal.bucHeatOperator._proof_1	theorem
MD	Poincare.D12.ParabolicLocal.GaussianSemigroup	Poincare.D12.ParabolicLocal.gaussianS	def
MD	Poincare.D12.ParabolicLocal.GaussianSemigroup	Poincare.D12.ParabolicLocal.gaussianS_semigroup	theorem
MD	Poincare.D12.ParabolicLocal.GaussianSemigroup	Poincare.D12.ParabolicLocal.heatConv_uniformContinuous._abel_1_1	theorem
MD	Poincare.D12.ParabolicLocal.GaussianSemigroup	Poincare.D12.ParabolicLocal.bucHeatOperator	def
MD	Poincare.D12.ParabolicLocal.GaussianSemigroup	Poincare.D12.ParabolicLocal.jointContinuous_of_absSemigroup._abel_1_2	theorem
MD	Poincare.D12.ParabolicLocal.GaussianSemigroup	Poincare.D12.ParabolicLocal.jointContinuous_of_absSemigroup._abel_1_3	theorem
MD	Poincare.D12.ParabolicLocal.GaussianSemigroup	Poincare.D12.ParabolicLocal.gaussianS_val_of_pos	theorem
MD	Poincare.D12.ParabolicLocal.GaussianSemigroup	Poincare.D12.ParabolicLocal.heatConv_tendsto_self_BUC	theorem
MD	Poincare.D12.ParabolicLocal.GaussianSemigroup	Poincare.D12.ParabolicLocal.bucHeatOperator._proof_5	theorem
MD	Poincare.D12.ParabolicLocal.GaussianSemigroup	Poincare.D12.ParabolicLocal.gaussianS_semigroup'	theorem
MD	Poincare.D12.ParabolicLocal.GaussianSemigroup	Poincare.D12.ParabolicLocal.gaussianS._proof_2	theorem
MD	Poincare.D12.ParabolicLocal.GaussianSemigroup	Poincare.D12.ParabolicLocal.jointContinuous_of_absSemigroup._abel_1_1	theorem
MD	Poincare.D12.ParabolicLocal.GaussianSemigroup	Poincare.D12.ParabolicLocal.bucHeatOperator._proof_4	theorem
MD	Poincare.D12.ParabolicLocal.GaussianSemigroup	Poincare.D12.ParabolicLocal.jointContinuous_of_absSemigroup	theorem
MD	Poincare.D12.ParabolicLocal.GaussianSemigroup	Poincare.D12.ParabolicLocal.gaussianS_tendsto_self	theorem
MD	Poincare.D12.ParabolicLocal.GaussianSemigroup	Poincare.D12.ParabolicLocal.gaussianS_val_of_ne_zero	theorem
MD	Poincare.D12.ParabolicLocal.GaussianSemigroup	Poincare.D12.ParabolicLocal.jointContinuous_of_absSemigroup._abel_1_4	theorem
MD	Poincare.D12.ParabolicLocal.GaussianSemigroup	Poincare.D12.ParabolicLocal.gaussianSmap_continuous	theorem
MD	Poincare.D12.ParabolicLocal.GaussianSemigroup	Poincare.D12.ParabolicLocal.gaussianS_add	theorem
MD	Poincare.D12.ParabolicLocal.GaussianSemigroup	Poincare.D12.ParabolicLocal.gaussianS_apply	theorem
MD	Poincare.D12.ParabolicLocal.GaussianSemigroup	Poincare.D12.ParabolicLocal.heatConv_apply_translated._abel_1_1	theorem
MD	Poincare.D12.ParabolicLocal.GaussianSemigroup	Poincare.D12.ParabolicLocal.gaussianS_of_pos	theorem
MD	Poincare.D12.ParabolicLocal.GaussianSemigroup	Poincare.D12.ParabolicLocal.gaussianS._proof_1	theorem
MD	Poincare.D12.ParabolicLocal.GaussianSemigroup	Poincare.D12.ParabolicLocal.gaussianS_abs	theorem
MD	Poincare.D12.ParabolicLocal.GaussianSemigroup	Poincare.D12.ParabolicLocal.bucHeatOperator.congr_simp	theorem
MD	Poincare.D12.ParabolicLocal.GaussianSemigroup	Poincare.D12.ParabolicLocal.gaussianS.eq_1	theorem
MD	Poincare.D12.ParabolicLocal.GaussianSemigroup	Poincare.D12.ParabolicLocal.heatConv_apply_translated	theorem
