MD	Poincare.D12.SpectralSobolev.Basic	Poincare.D12.SpectralSobolev.heatCoeffs	def
MD	Poincare.D12.SpectralSobolev.Basic	Poincare.D12.SpectralSobolev.heatEvolve._proof_1	theorem
MD	Poincare.D12.SpectralSobolev.Basic	Poincare.D12.SpectralSobolev.heatWeight_abs_le_one	theorem
MD	Poincare.D12.SpectralSobolev.Basic	Poincare.D12.SpectralSobolev.heatWeight._proof_1	theorem
MD	Poincare.D12.SpectralSobolev.Basic	Poincare.D12.SpectralSobolev.heatSeries_hasSum	theorem
MD	Poincare.D12.SpectralSobolev.Basic	Poincare.D12.SpectralSobolev.heatCoeffsL2	def
MD	Poincare.D12.SpectralSobolev.Basic	Poincare.D12.SpectralSobolev.heatWeight_pos	theorem
MD	Poincare.D12.SpectralSobolev.Basic	Poincare.D12.SpectralSobolev.heatWeight	def
MD	Poincare.D12.SpectralSobolev.Basic	Poincare.D12.SpectralSobolev.heatEvolve	def
MD	Poincare.D12.SpectralSobolev.Basic	Poincare.D12.SpectralSobolev.heatCoeffsL2._proof_1	theorem
MD	Poincare.D12.SpectralSobolev.Basic	Poincare.D12.SpectralSobolev.heatEvolve._proof_2	theorem
MD	Poincare.D12.SpectralSobolev.Basic	Poincare.D12.SpectralSobolev.heatCoeffs_apply	theorem
MD	Poincare.D12.SpectralSobolev.Basic	Poincare.D12.SpectralSobolev.heatWeight_tendsto_one	theorem
MD	Poincare.D12.SpectralSobolev.Basic	Poincare.D12.SpectralSobolev.fourierCoeff_heatEvolve	theorem
MD	Poincare.D12.SpectralSobolev.Basic	Poincare.D12.SpectralSobolev.heatWeight_nonneg	theorem
MD	Poincare.D12.SpectralSobolev.Basic	Poincare.D12.SpectralSobolev.summable_sq_heatCoeff	theorem
MD	Poincare.D12.SpectralSobolev.Basic	Poincare.D12.SpectralSobolev.heatEvolve.eq_1	theorem
MD	Poincare.D12.SpectralSobolev.Basic	Poincare.D12.SpectralSobolev.heatCoeffs._proof_1	theorem
MD	Poincare.D12.SpectralSobolev.Basic	Poincare.D12.SpectralSobolev.heatWeight_zero	theorem
MD	Poincare.D12.SpectralSobolev.Basic	Poincare.D12.SpectralSobolev.heatWeight.eq_1	theorem
MD	Poincare.D12.SpectralSobolev.Basic	Poincare.D12.SpectralSobolev.heatWeight_le_one	theorem
MD	Poincare.D12.SpectralSobolev.Basic	Poincare.D12.SpectralSobolev.heatCoeffsL2.eq_1	theorem
