MD	Poincare.D12.TriangulationTopology.AntipodalQuotient	Poincare.D12.TriangulationTopology.antipodalQuotientCovering	theorem
MD	Poincare.D12.TriangulationTopology.AntipodalQuotient	Poincare.D12.TriangulationTopology.antipodal_smul_ofAdd_one_eq	theorem
MD	Poincare.D12.TriangulationTopology.AntipodalQuotient	Poincare.D12.TriangulationTopology.rpNonempty	theorem
MD	Poincare.D12.TriangulationTopology.AntipodalQuotient	Poincare.D12.TriangulationTopology.antipodalContinuousConstSMul	theorem
MD	Poincare.D12.TriangulationTopology.AntipodalQuotient	Poincare.D12.TriangulationTopology.sphere_eq_neg_self_impossible	theorem
MD	Poincare.D12.TriangulationTopology.AntipodalQuotient	Poincare.D12.TriangulationTopology.antipodalSmul_one._simp_1_2	theorem
MD	Poincare.D12.TriangulationTopology.AntipodalQuotient	Poincare.D12.TriangulationTopology.antipodalSmul_ofAdd_one	theorem
MD	Poincare.D12.TriangulationTopology.AntipodalQuotient	Poincare.D12.TriangulationTopology.spherePathConnectedSpace_of_pos	theorem
MD	Poincare.D12.TriangulationTopology.AntipodalQuotient	Poincare.D12.TriangulationTopology.rpCompactSpace	theorem
MD	Poincare.D12.TriangulationTopology.AntipodalQuotient	Poincare.D12.TriangulationTopology.antipodalSmul.eq_1	theorem
MD	Poincare.D12.TriangulationTopology.AntipodalQuotient	Poincare.D12.TriangulationTopology.zmod2Mul_eq_ofAdd_one_or_one	theorem
MD	Poincare.D12.TriangulationTopology.AntipodalQuotient	Poincare.D12.TriangulationTopology.spherePathConnectedSpace_of_pos._proof_1_1	theorem
MD	Poincare.D12.TriangulationTopology.AntipodalQuotient	Poincare.D12.TriangulationTopology.locallyCompactSpace_of_compact_t2	theorem
MD	Poincare.D12.TriangulationTopology.AntipodalQuotient	Poincare.D12.TriangulationTopology.sphericalSpaceFormRecognition	theorem
MD	Poincare.D12.TriangulationTopology.AntipodalQuotient	Poincare.D12.TriangulationTopology.antipodalMulAction._proof_1	theorem
MD	Poincare.D12.TriangulationTopology.AntipodalQuotient	Poincare.D12.TriangulationTopology.zmod2_eq_zero_or_one	theorem
MD	Poincare.D12.TriangulationTopology.AntipodalQuotient	Poincare.D12.TriangulationTopology.RealProjective	def
MD	Poincare.D12.TriangulationTopology.AntipodalQuotient	Poincare.D12.TriangulationTopology.antipodalMulAction._proof_2	theorem
MD	Poincare.D12.TriangulationTopology.AntipodalQuotient	Poincare.D12.TriangulationTopology.one_ne_ofAdd_one	theorem
MD	Poincare.D12.TriangulationTopology.AntipodalQuotient	Poincare.D12.TriangulationTopology.zmod2_eq_zero_or_one._proof_1_1	theorem
MD	Poincare.D12.TriangulationTopology.AntipodalQuotient	Poincare.D12.TriangulationTopology.continuous_antipodal_ofAdd_one	theorem
MD	Poincare.D12.TriangulationTopology.AntipodalQuotient	Poincare.D12.TriangulationTopology.antipodal_smul_one_eq	theorem
MD	Poincare.D12.TriangulationTopology.AntipodalQuotient	Poincare.D12.TriangulationTopology.antipodalIsCancelSMul	theorem
MD	Poincare.D12.TriangulationTopology.AntipodalQuotient	Poincare.D12.TriangulationTopology.rpT2Space	theorem
MD	Poincare.D12.TriangulationTopology.AntipodalQuotient	Poincare.D12.TriangulationTopology.antipodalMulAction	def
MD	Poincare.D12.TriangulationTopology.AntipodalQuotient	Poincare.D12.TriangulationTopology.antipodal_mul_self	theorem
MD	Poincare.D12.TriangulationTopology.AntipodalQuotient	Poincare.D12.TriangulationTopology.antipodalSmul_one	theorem
MD	Poincare.D12.TriangulationTopology.AntipodalQuotient	Poincare.D12.TriangulationTopology.rpPathConnectedSpace_of_pos	theorem
MD	Poincare.D12.TriangulationTopology.AntipodalQuotient	Poincare.D12.TriangulationTopology.antipodalSmul	def
