MD	Poincare.D12.TriangulationTopology.SpherePolygonal	Poincare.D12.TriangulationTopology.segPiece.congr_simp	theorem
MD	Poincare.D12.TriangulationTopology.SpherePolygonal	Poincare.D12.TriangulationTopology.clampedMap_coe	theorem
MD	Poincare.D12.TriangulationTopology.SpherePolygonal	Poincare.D12.TriangulationTopology.clampedMap_of_one_le	theorem
MD	Poincare.D12.TriangulationTopology.SpherePolygonal	Poincare.D12.TriangulationTopology.dist_subdiv_succ_le	theorem
MD	Poincare.D12.TriangulationTopology.SpherePolygonal	Poincare.D12.TriangulationTopology.restrictionChain_homotopic_segChain	theorem
MD	Poincare.D12.TriangulationTopology.SpherePolygonal	Poincare.D12.TriangulationTopology.segChain.congr_simp	theorem
MD	Poincare.D12.TriangulationTopology.SpherePolygonal	Poincare.D12.TriangulationTopology.loop_homotopic_segChain._proof_1_1	theorem
MD	Poincare.D12.TriangulationTopology.SpherePolygonal	Poincare.D12.TriangulationTopology.subdiv_not_antipodal	theorem
MD	Poincare.D12.TriangulationTopology.SpherePolygonal	Poincare.D12.TriangulationTopology.homotopic_of_dist_le	theorem
MD	Poincare.D12.TriangulationTopology.SpherePolygonal	Poincare.D12.TriangulationTopology.normalize_mem_sphere	theorem
MD	Poincare.D12.TriangulationTopology.SpherePolygonal	Poincare.D12.TriangulationTopology.segChain.eq_2	theorem
MD	Poincare.D12.TriangulationTopology.SpherePolygonal	_private.Poincare.D12.TriangulationTopology.SpherePolygonal.0.Poincare.D12.TriangulationTopology.restrictionChain.match_1.splitter	def
MD	Poincare.D12.TriangulationTopology.SpherePolygonal	_private.Poincare.D12.TriangulationTopology.SpherePolygonal.0.Poincare.D12.TriangulationTopology.restrictionChain.match_1.eq_2	theorem
MD	Poincare.D12.TriangulationTopology.SpherePolygonal	Poincare.D12.TriangulationTopology.interp_ne_zero	theorem
MD	Poincare.D12.TriangulationTopology.SpherePolygonal	Poincare.D12.TriangulationTopology.segPiece.eq_1	theorem
MD	Poincare.D12.TriangulationTopology.SpherePolygonal	_private.Poincare.D12.TriangulationTopology.SpherePolygonal.0.Poincare.D12.TriangulationTopology.restrictionChain.match_1.eq_1	theorem
MD	Poincare.D12.TriangulationTopology.SpherePolygonal	Poincare.D12.TriangulationTopology.loop_homotopic_segChain	theorem
MD	Poincare.D12.TriangulationTopology.SpherePolygonal	Poincare.D12.TriangulationTopology.loop_cast_target	theorem
MD	Poincare.D12.TriangulationTopology.SpherePolygonal	Poincare.D12.TriangulationTopology.segChain.eq_def	theorem
MD	Poincare.D12.TriangulationTopology.SpherePolygonal	Poincare.D12.TriangulationTopology.restrictionPiece_homotopic_segPiece	theorem
MD	Poincare.D12.TriangulationTopology.SpherePolygonal	Poincare.D12.TriangulationTopology.segChain.eq_1	theorem
MD	Poincare.D12.TriangulationTopology.SpherePolygonal	Poincare.D12.TriangulationTopology.loop_cast_source	theorem
MD	Poincare.D12.TriangulationTopology.SpherePolygonal	Poincare.D12.TriangulationTopology.dist_segPiece_left	theorem
MD	Poincare.D12.TriangulationTopology.SpherePolygonal	Poincare.D12.TriangulationTopology.restrictionChain_homotopic_segChain._proof_1_2	theorem
MD	Poincare.D12.TriangulationTopology.SpherePolygonal	Poincare.D12.TriangulationTopology.restrictionChain_homotopic_segChain._proof_1_1	theorem
MD	Poincare.D12.TriangulationTopology.SpherePolygonal	Poincare.D12.TriangulationTopology.dist_restrictionPiece_left	theorem
MD	Poincare.D12.TriangulationTopology.SpherePolygonal	Poincare.D12.TriangulationTopology.segmentPath.congr_simp	theorem
