MD	Poincare.D7.Canonical.Statements	Poincare.D7.Canonical.perelmanCanonicalNeighborhoodBlockers_all_named	theorem
MD	Poincare.D7.Canonical.Statements	Poincare.D7.Canonical.BlockerManifold.eq_1	theorem
MD	Poincare.D7.Canonical.Statements	Poincare.D7.Canonical.CanonicalNeighborhoodHypotheses._sizeOf_inst	def
MD	Poincare.D7.Canonical.Statements	Poincare.D7.Canonical.BlockerNoncollapsing_ne_nil	theorem
MD	Poincare.D7.Canonical.Statements	Poincare.D7.Canonical.CanonicalNeighborhoodHypotheses.mk	ctor
MD	Poincare.D7.Canonical.Statements	Poincare.D7.Canonical.CanonicalNeighborhoodHypotheses.curvatureRadius_pos	theorem
MD	Poincare.D7.Canonical.Statements	Poincare.D7.Canonical.exists_admissible_scale_of_missingPerelmanCanonicalNeighborhood	theorem
MD	Poincare.D7.Canonical.Statements	Poincare.D7.Canonical.CanonicalNeighborhoodHypotheses.noncollapsed	def
MD	Poincare.D7.Canonical.Statements	Poincare.D7.Canonical.perelmanCanonicalNeighborhoodBlockers_ne_nil	theorem
MD	Poincare.D7.Canonical.Statements	Poincare.D7.Canonical.BlockerCurvature.eq_1	theorem
MD	Poincare.D7.Canonical.Statements	Poincare.D7.Canonical.BlockerSmoothCloseness.eq_1	theorem
MD	Poincare.D7.Canonical.Statements	Poincare.D7.Canonical.BlockerManifold	def
MD	Poincare.D7.Canonical.Statements	Poincare.D7.Canonical.perelmanCanonicalNeighborhoodDependencies_all_named	theorem
MD	Poincare.D7.Canonical.Statements	Poincare.D7.Canonical.BlockerAncient_ne_nil	theorem
MD	Poincare.D7.Canonical.Statements	Poincare.D7.Canonical.scale_le_two_mul_of_missingPerelman_conclusion	theorem
MD	Poincare.D7.Canonical.Statements	Poincare.D7.Canonical.CanonicalNeighborhoodHypotheses.curvatureLowerBound	def
MD	Poincare.D7.Canonical.Statements	Poincare.D7.Canonical.CanonicalNeighborhoodHypotheses.ancientKappaSolution	def
MD	Poincare.D7.Canonical.Statements	Poincare.D7.Canonical.exists_scale_below_curvatureRadius	theorem
MD	Poincare.D7.Canonical.Statements	Poincare.D7.Canonical.certificate_of_missingPerelmanCanonicalNeighborhood	theorem
MD	Poincare.D7.Canonical.Statements	Poincare.D7.Canonical.perelmanCanonicalNeighborhoodDependencies_ne_nil	theorem
MD	Poincare.D7.Canonical.Statements	Poincare.D7.Canonical.CanonicalNeighborhoodHypotheses.dim_eq_three	theorem
MD	Poincare.D7.Canonical.Statements	Poincare.D7.Canonical.not_conclusion_scale_of_two_mul_lt	theorem
MD	Poincare.D7.Canonical.Statements	Poincare.D7.Canonical.CanonicalNeighborhoodHypotheses.mk._flat_ctor	def
MD	Poincare.D7.Canonical.Statements	Poincare.D7.Canonical.CanonicalNeighborhoodHypotheses.mk.inj	theorem
MD	Poincare.D7.Canonical.Statements	Poincare.D7.Canonical.CanonicalNeighborhoodHypotheses	inductive
MD	Poincare.D7.Canonical.Statements	Poincare.D7.Canonical.CanonicalNeighborhoodHypotheses.rec	recursor
MD	Poincare.D7.Canonical.Statements	Poincare.D7.Canonical.CanonicalNeighborhoodHypotheses.kappa_pos	theorem
MD	Poincare.D7.Canonical.Statements	Poincare.D7.Canonical.perelmanCanonicalNeighborhoodBlockers	def
MD	Poincare.D7.Canonical.Statements	Poincare.D7.Canonical.BlockerNoncollapsing.eq_1	theorem
MD	Poincare.D7.Canonical.Statements	Poincare.D7.Canonical.BlockerNoncollapsing	def
MD	Poincare.D7.Canonical.Statements	Poincare.D7.Canonical.BlockerSmoothCloseness_ne_nil	theorem
MD	Poincare.D7.Canonical.Statements	Poincare.D7.Canonical.CanonicalNeighborhoodHypotheses.noConfusion	def
MD	Poincare.D7.Canonical.Statements	Poincare.D7.Canonical.CanonicalNeighborhoodHypotheses.recOn	def
MD	Poincare.D7.Canonical.Statements	Poincare.D7.Canonical.CanonicalNeighborhoodHypotheses.kappa	def
MD	Poincare.D7.Canonical.Statements	Poincare.D7.Canonical.BlockerSmoothCloseness	def
MD	Poincare.D7.Canonical.Statements	Poincare.D7.Canonical.CanonicalNeighborhoodHypotheses.casesOn	def
MD	Poincare.D7.Canonical.Statements	Poincare.D7.Canonical.CanonicalNeighborhoodHypotheses.mk.injEq	theorem
MD	Poincare.D7.Canonical.Statements	Poincare.D7.Canonical.BlockerQuantitative.eq_1	theorem
MD	Poincare.D7.Canonical.Statements	Poincare.D7.Canonical.CanonicalNeighborhoodHypotheses.mk.sizeOf_spec	theorem
MD	Poincare.D7.Canonical.Statements	Poincare.D7.Canonical.CanonicalNeighborhoodHypotheses.scalarCurvatureLarge	def
MD	Poincare.D7.Canonical.Statements	Poincare.D7.Canonical.BlockerAncient.eq_1	theorem
MD	Poincare.D7.Canonical.Statements	Poincare.D7.Canonical.CanonicalNeighborhoodHypotheses.mk.noConfusion	def
MD	Poincare.D7.Canonical.Statements	Poincare.D7.Canonical.BlockerAncient	def
MD	Poincare.D7.Canonical.Statements	Poincare.D7.Canonical.BlockerCurvature	def
MD	Poincare.D7.Canonical.Statements	Poincare.D7.Canonical.missingPerelmanCanonicalNeighborhood_iff	theorem
MD	Poincare.D7.Canonical.Statements	Poincare.D7.Canonical.perelmanCanonicalNeighborhoodDependencies.eq_1	theorem
MD	Poincare.D7.Canonical.Statements	Poincare.D7.Canonical.perelmanCanonicalNeighborhoodDependencies	def
MD	Poincare.D7.Canonical.Statements	Poincare.D7.Canonical.BlockerCurvature_ne_nil	theorem
MD	Poincare.D7.Canonical.Statements	Poincare.D7.Canonical.BlockerManifold_ne_nil	theorem
MD	Poincare.D7.Canonical.Statements	Poincare.D7.Canonical.missingPerelmanCanonicalNeighborhood	def
MD	Poincare.D7.Canonical.Statements	Poincare.D7.Canonical.CanonicalNeighborhoodHypotheses.boundedCurvatureDerivatives	def
MD	Poincare.D7.Canonical.Statements	Poincare.D7.Canonical.CanonicalNeighborhoodHypotheses.curvatureRadius	def
MD	Poincare.D7.Canonical.Statements	Poincare.D7.Canonical.CanonicalNeighborhoodHypotheses.noConfusionType	def
MD	Poincare.D7.Canonical.Statements	Poincare.D7.Canonical.CanonicalNeighborhoodHypotheses.ctorIdx	def
MD	Poincare.D7.Canonical.Statements	Poincare.D7.Canonical.perelmanCanonicalNeighborhoodBlockers.eq_1	theorem
MD	Poincare.D7.Canonical.Statements	Poincare.D7.Canonical.BlockerQuantitative	def
MD	Poincare.D7.Canonical.Statements	Poincare.D7.Canonical.missingPerelmanCanonicalNeighborhood_of_certificate	theorem
MD	Poincare.D7.Canonical.Statements	Poincare.D7.Canonical.CanonicalNeighborhoodHypotheses.dim	def
MD	Poincare.D7.Canonical.Statements	Poincare.D7.Canonical.CanonicalNeighborhoodHypotheses._sizeOf_1	def
MD	Poincare.D7.Canonical.Statements	Poincare.D7.Canonical.perelmanCanonicalNeighborhoodBlockers_length	theorem
MD	Poincare.D7.Canonical.Statements	Poincare.D7.Canonical.BlockerQuantitative_ne_nil	theorem
MD	Poincare.D7.Canonical.Statements	Poincare.D7.Canonical.perelmanCanonicalNeighborhoodDependencies_length	theorem
