MD	Poincare.D7.HeatKernel.Grid	Poincare.D7.HeatKernel.GridHeatSolution.mk.injEq	theorem
MD	Poincare.D7.HeatKernel.Grid	Poincare.D7.HeatKernel.finiteGrid_heatKernel_unique	theorem
MD	Poincare.D7.HeatKernel.Grid	Poincare.D7.HeatKernel.GridHeatSolution.mk.sizeOf_spec	theorem
MD	Poincare.D7.HeatKernel.Grid	Poincare.D7.HeatKernel.gridKernel._proof_2	theorem
MD	Poincare.D7.HeatKernel.Grid	Poincare.D7.HeatKernel.heatStep	def
MD	Poincare.D7.HeatKernel.Grid	Poincare.D7.HeatKernel.FiniteGridHeatKernel.unique	theorem
MD	Poincare.D7.HeatKernel.Grid	Poincare.D7.HeatKernel.gridKernel_K	theorem
MD	Poincare.D7.HeatKernel.Grid	Poincare.D7.HeatKernel.GridHeatSolution._sizeOf_inst	def
MD	Poincare.D7.HeatKernel.Grid	Poincare.D7.HeatKernel.GridHeatSolution.mk.inj	theorem
MD	Poincare.D7.HeatKernel.Grid	Poincare.D7.HeatKernel.FiniteGridHeatKernel.recOn	def
MD	Poincare.D7.HeatKernel.Grid	Poincare.D7.HeatKernel.FiniteGridHeatKernel.noConfusionType	def
MD	Poincare.D7.HeatKernel.Grid	Poincare.D7.HeatKernel.GridHeatSolution.noConfusion	def
MD	Poincare.D7.HeatKernel.Grid	Poincare.D7.HeatKernel.GridHeatSolution.mk.noConfusion	def
MD	Poincare.D7.HeatKernel.Grid	Poincare.D7.HeatKernel.GridHeatSolution.ctorIdx	def
MD	Poincare.D7.HeatKernel.Grid	Poincare.D7.HeatKernel.FiniteGridHeatKernel.mk.noConfusion	def
MD	Poincare.D7.HeatKernel.Grid	Poincare.D7.HeatKernel.FiniteGridHeatKernel.K	def
MD	Poincare.D7.HeatKernel.Grid	Poincare.D7.HeatKernel.GridHeatSolution.u	def
MD	Poincare.D7.HeatKernel.Grid	Poincare.D7.HeatKernel.GridHeatSolution.noConfusionType	def
MD	Poincare.D7.HeatKernel.Grid	Poincare.D7.HeatKernel.FiniteGridHeatKernel	inductive
MD	Poincare.D7.HeatKernel.Grid	Poincare.D7.HeatKernel.gridFlow.eq_1	theorem
MD	Poincare.D7.HeatKernel.Grid	Poincare.D7.HeatKernel.GridHeatSolution.recOn	def
MD	Poincare.D7.HeatKernel.Grid	Poincare.D7.HeatKernel.GridHeatSolution.mk	ctor
MD	Poincare.D7.HeatKernel.Grid	Poincare.D7.HeatKernel.FiniteGridHeatKernel.mk.injEq	theorem
MD	Poincare.D7.HeatKernel.Grid	Poincare.D7.HeatKernel.gridKernel	def
MD	Poincare.D7.HeatKernel.Grid	Poincare.D7.HeatKernel.GridHeatSolution.initial	theorem
MD	Poincare.D7.HeatKernel.Grid	Poincare.D7.HeatKernel.heatStep_one	theorem
MD	Poincare.D7.HeatKernel.Grid	Poincare.D7.HeatKernel.GridHeatSolution.mk._flat_ctor	def
MD	Poincare.D7.HeatKernel.Grid	Poincare.D7.HeatKernel.FiniteGridHeatKernel.eq_pow_of	theorem
MD	Poincare.D7.HeatKernel.Grid	Poincare.D7.HeatKernel.gridKernel._proof_3	theorem
MD	Poincare.D7.HeatKernel.Grid	Poincare.D7.HeatKernel.heatStep_mul	theorem
MD	Poincare.D7.HeatKernel.Grid	Poincare.D7.HeatKernel.FiniteGridHeatKernel._sizeOf_inst	def
MD	Poincare.D7.HeatKernel.Grid	Poincare.D7.HeatKernel.FiniteGridHeatKernel.initial	theorem
MD	Poincare.D7.HeatKernel.Grid	Poincare.D7.HeatKernel.IsFiniteGridHeatKernel._proof_1	theorem
MD	Poincare.D7.HeatKernel.Grid	Poincare.D7.HeatKernel.FiniteGridHeatKernel.semigroup	theorem
MD	Poincare.D7.HeatKernel.Grid	Poincare.D7.HeatKernel.FiniteGridHeatKernel.lowerBound	theorem
MD	Poincare.D7.HeatKernel.Grid	Poincare.D7.HeatKernel.GridHeatSolution._sizeOf_1	def
MD	Poincare.D7.HeatKernel.Grid	Poincare.D7.HeatKernel.FiniteGridHeatKernel.apply_unique	theorem
MD	Poincare.D7.HeatKernel.Grid	Poincare.D7.HeatKernel.gridFlow_succ	theorem
MD	Poincare.D7.HeatKernel.Grid	Poincare.D7.HeatKernel.heatStep_apply	theorem
MD	Poincare.D7.HeatKernel.Grid	Poincare.D7.HeatKernel.FiniteGridHeatKernel.ctorIdx	def
MD	Poincare.D7.HeatKernel.Grid	Poincare.D7.HeatKernel.FiniteGridHeatKernel.upperBound	theorem
MD	Poincare.D7.HeatKernel.Grid	Poincare.D7.HeatKernel.gridFlow_nonneg	theorem
MD	Poincare.D7.HeatKernel.Grid	Poincare.D7.HeatKernel.GridHeatSolution.rec	recursor
MD	Poincare.D7.HeatKernel.Grid	Poincare.D7.HeatKernel.GridHeatSolution	inductive
MD	Poincare.D7.HeatKernel.Grid	Poincare.D7.HeatKernel.FiniteGridHeatKernel.mk	ctor
MD	Poincare.D7.HeatKernel.Grid	Poincare.D7.HeatKernel.GridHeatSolution.step_eq	theorem
MD	Poincare.D7.HeatKernel.Grid	Poincare.D7.HeatKernel.GridHeatSolution.unique	theorem
MD	Poincare.D7.HeatKernel.Grid	Poincare.D7.HeatKernel.FiniteGridHeatKernel.mk._flat_ctor	def
MD	Poincare.D7.HeatKernel.Grid	Poincare.D7.HeatKernel.FiniteGridHeatKernel.mk.inj	theorem
MD	Poincare.D7.HeatKernel.Grid	Poincare.D7.HeatKernel.FiniteGridHeatKernel.noConfusion	def
MD	Poincare.D7.HeatKernel.Grid	Poincare.D7.HeatKernel.FiniteGridHeatKernel.casesOn	def
MD	Poincare.D7.HeatKernel.Grid	Poincare.D7.HeatKernel.heatStep.eq_1	theorem
MD	Poincare.D7.HeatKernel.Grid	Poincare.D7.HeatKernel.FiniteGridHeatKernel._sizeOf_1	def
MD	Poincare.D7.HeatKernel.Grid	Poincare.D7.HeatKernel.gridFlow	def
MD	Poincare.D7.HeatKernel.Grid	Poincare.D7.HeatKernel.GridHeatSolution.bounded	theorem
MD	Poincare.D7.HeatKernel.Grid	Poincare.D7.HeatKernel.GridHeatSolution.casesOn	def
MD	Poincare.D7.HeatKernel.Grid	Poincare.D7.HeatKernel.gridKernel._proof_1	theorem
MD	Poincare.D7.HeatKernel.Grid	Poincare.D7.HeatKernel.FiniteGridHeatKernel.rec	recursor
MD	Poincare.D7.HeatKernel.Grid	Poincare.D7.HeatKernel.FiniteGridHeatKernel.mk.sizeOf_spec	theorem
MD	Poincare.D7.HeatKernel.Grid	Poincare.D7.HeatKernel.IsFiniteGridHeatKernel	def
MD	Poincare.D7.HeatKernel.Grid	Poincare.D7.HeatKernel.FiniteGridHeatKernel.generator	theorem
MD	Poincare.D7.HeatKernel.Grid	Poincare.D7.HeatKernel.FiniteGridHeatKernel.eq_pow	theorem
