MD	Poincare.D7.LeviCivita.Koszul	Poincare.D7.LeviCivita.ChartMetricData.mk.injEq	theorem
MD	Poincare.D7.LeviCivita.Koszul	Poincare.D7.LeviCivita.ChartMetricData.noConfusion	def
MD	Poincare.D7.LeviCivita.Koszul	Poincare.D7.LeviCivita.ChartMetricData.inv_right	theorem
MD	Poincare.D7.LeviCivita.Koszul	Poincare.D7.LeviCivita.ChartMetricData.mk.inj	theorem
MD	Poincare.D7.LeviCivita.Koszul	Poincare.D7.LeviCivita.ChartMetricData.ginv	def
MD	Poincare.D7.LeviCivita.Koszul	Poincare.D7.LeviCivita.contDiff_euclidean_christoffel	theorem
MD	Poincare.D7.LeviCivita.Koszul	Poincare.D7.LeviCivita.ChartMetricData.inv_left	theorem
MD	Poincare.D7.LeviCivita.Koszul	Poincare.D7.LeviCivita.ChartMetricData.mk	ctor
MD	Poincare.D7.LeviCivita.Koszul	Poincare.D7.LeviCivita.christoffelSymbol	def
MD	Poincare.D7.LeviCivita.Koszul	Poincare.D7.LeviCivita.euclideanMetricData._simp_1	theorem
MD	Poincare.D7.LeviCivita.Koszul	Poincare.D7.LeviCivita.euclideanMetricData._proof_1	theorem
MD	Poincare.D7.LeviCivita.Koszul	Poincare.D7.LeviCivita.euclideanMetricData	def
MD	Poincare.D7.LeviCivita.Koszul	Poincare.D7.LeviCivita.ChartMetricData	inductive
MD	Poincare.D7.LeviCivita.Koszul	Poincare.D7.LeviCivita.ChartMetricData.g_symm	theorem
MD	Poincare.D7.LeviCivita.Koszul	Poincare.D7.LeviCivita.ChartMetricData._sizeOf_inst	def
MD	Poincare.D7.LeviCivita.Koszul	Poincare.D7.LeviCivita.ChartMetricData.rec	recursor
MD	Poincare.D7.LeviCivita.Koszul	Poincare.D7.LeviCivita.ChartMetricData.recOn	def
MD	Poincare.D7.LeviCivita.Koszul	Poincare.D7.LeviCivita.ChartMetricData._sizeOf_1	def
MD	Poincare.D7.LeviCivita.Koszul	Poincare.D7.LeviCivita.ChartMetricData.casesOn	def
MD	Poincare.D7.LeviCivita.Koszul	Poincare.D7.LeviCivita.ChartMetricData.ctorIdx	def
MD	Poincare.D7.LeviCivita.Koszul	Poincare.D7.LeviCivita.christoffelSymbol._proof_1	theorem
MD	Poincare.D7.LeviCivita.Koszul	Poincare.D7.LeviCivita.euclideanMetricData._proof_2	theorem
MD	Poincare.D7.LeviCivita.Koszul	Poincare.D7.LeviCivita.ChartMetricData.mk._flat_ctor	def
MD	Poincare.D7.LeviCivita.Koszul	Poincare.D7.LeviCivita.ChartMetricData.mk.noConfusion	def
MD	Poincare.D7.LeviCivita.Koszul	Poincare.D7.LeviCivita.euclideanMetricData._proof_3	theorem
MD	Poincare.D7.LeviCivita.Koszul	Poincare.D7.LeviCivita.contDiff_fderiv_coefficient	theorem
MD	Poincare.D7.LeviCivita.Koszul	Poincare.D7.LeviCivita.ChartMetricData.g	def
MD	Poincare.D7.LeviCivita.Koszul	Poincare.D7.LeviCivita.contDiff_christoffelSymbol	theorem
MD	Poincare.D7.LeviCivita.Koszul	Poincare.D7.LeviCivita.ChartMetricData.noConfusionType	def
MD	Poincare.D7.LeviCivita.Koszul	Poincare.D7.LeviCivita.ChartMetricData.mk.sizeOf_spec	theorem
