MD	Poincare.D7.Monotonicity.FMonotonicity	Poincare.D7.Monotonicity.PerelmanFAnalyticHypotheses.recOn	def
MD	Poincare.D7.Monotonicity.FMonotonicity	Poincare.D7.Monotonicity.PerelmanFAnalyticHypotheses.mk.inj	theorem
MD	Poincare.D7.Monotonicity.FMonotonicity	Poincare.D7.Monotonicity.PerelmanFAnalyticHypotheses.bochner_inequality	theorem
MD	Poincare.D7.Monotonicity.FMonotonicity	Poincare.D7.Monotonicity.PerelmanFAnalyticHypotheses.toBridge	theorem
MD	Poincare.D7.Monotonicity.FMonotonicity	Poincare.D7.Monotonicity.PerelmanFAnalyticHypotheses.gradient_estimate_eq_iff_ricci_zero	theorem
MD	Poincare.D7.Monotonicity.FMonotonicity	Poincare.D7.Monotonicity.PerelmanFAnalyticHypotheses.weighted_ibp	theorem
MD	Poincare.D7.Monotonicity.FMonotonicity	Poincare.D7.Monotonicity.PerelmanFAnalyticHypotheses.mk.sizeOf_spec	theorem
MD	Poincare.D7.Monotonicity.FMonotonicity	Poincare.D7.Monotonicity.PerelmanFAnalyticHypotheses.conjugate_measure_evolution	theorem
MD	Poincare.D7.Monotonicity.FMonotonicity	Poincare.D7.Monotonicity.PerelmanFAnalyticHypotheses.weighted_laplacian_compatibility	theorem
MD	Poincare.D7.Monotonicity.FMonotonicity	Poincare.D7.Monotonicity.PerelmanFAnalyticHypotheses.noConfusion	def
MD	Poincare.D7.Monotonicity.FMonotonicity	Poincare.D7.Monotonicity.PerelmanFAnalyticHypotheses.casesOn	def
MD	Poincare.D7.Monotonicity.FMonotonicity	Poincare.D7.Monotonicity.PerelmanFAnalyticHypotheses.mk._flat_ctor	def
MD	Poincare.D7.Monotonicity.FMonotonicity	Poincare.D7.Monotonicity.PerelmanFAnalyticHypotheses.toCertificate	def
MD	Poincare.D7.Monotonicity.FMonotonicity	Poincare.D7.Monotonicity.PerelmanFAnalyticHypotheses.gradient_estimate	theorem
MD	Poincare.D7.Monotonicity.FMonotonicity	Poincare.D7.Monotonicity.PerelmanFAnalyticHypotheses.mk.noConfusion	def
MD	Poincare.D7.Monotonicity.FMonotonicity	Poincare.D7.Monotonicity.PerelmanFAnalyticHypotheses.f_derivative	theorem
MD	Poincare.D7.Monotonicity.FMonotonicity	Poincare.D7.Monotonicity.PerelmanFAnalyticHypotheses.rec	recursor
MD	Poincare.D7.Monotonicity.FMonotonicity	Poincare.D7.Monotonicity.PerelmanFAnalyticHypotheses.bochner	theorem
MD	Poincare.D7.Monotonicity.FMonotonicity	Poincare.D7.Monotonicity.PerelmanFAnalyticHypotheses.mk	ctor
MD	Poincare.D7.Monotonicity.FMonotonicity	Poincare.D7.Monotonicity.PerelmanFAnalyticHypotheses.perelmanFMonotone_of_analyticHypotheses	theorem
MD	Poincare.D7.Monotonicity.FMonotonicity	Poincare.D7.Monotonicity.PerelmanFAnalyticHypotheses._sizeOf_1	def
MD	Poincare.D7.Monotonicity.FMonotonicity	Poincare.D7.Monotonicity.PerelmanFAnalyticHypotheses.perelmanFMonotone_dissipation_nonneg	theorem
MD	Poincare.D7.Monotonicity.FMonotonicity	Poincare.D7.Monotonicity.PerelmanFAnalyticHypotheses.bochnerCertificate	def
MD	Poincare.D7.Monotonicity.FMonotonicity	Poincare.D7.Monotonicity.PerelmanFAnalyticHypotheses.perelmanFMonotone_eq_on_Icc_of_eq_at	theorem
MD	Poincare.D7.Monotonicity.FMonotonicity	Poincare.D7.Monotonicity.PerelmanFAnalyticHypotheses.regularity	theorem
MD	Poincare.D7.Monotonicity.FMonotonicity	Poincare.D7.Monotonicity.PerelmanFAnalyticHypotheses.ricci_nonneg	theorem
MD	Poincare.D7.Monotonicity.FMonotonicity	Poincare.D7.Monotonicity.PerelmanFAnalyticHypotheses	inductive
MD	Poincare.D7.Monotonicity.FMonotonicity	Poincare.D7.Monotonicity.PerelmanFAnalyticHypotheses._sizeOf_inst	def
MD	Poincare.D7.Monotonicity.FMonotonicity	Poincare.D7.Monotonicity.PerelmanFAnalyticHypotheses.noConfusionType	def
MD	Poincare.D7.Monotonicity.FMonotonicity	Poincare.D7.Monotonicity.PerelmanFAnalyticHypotheses.upper_le	theorem
MD	Poincare.D7.Monotonicity.FMonotonicity	Poincare.D7.Monotonicity.PerelmanFAnalyticHypotheses.perelmanFMonotone_initial_le	theorem
MD	Poincare.D7.Monotonicity.FMonotonicity	Poincare.D7.Monotonicity.PerelmanFAnalyticHypotheses.mk.injEq	theorem
MD	Poincare.D7.Monotonicity.FMonotonicity	Poincare.D7.Monotonicity.PerelmanFAnalyticHypotheses.toCertificate_dissipation	theorem
MD	Poincare.D7.Monotonicity.FMonotonicity	Poincare.D7.Monotonicity.PerelmanFAnalyticHypotheses.upperBound	def
MD	Poincare.D7.Monotonicity.FMonotonicity	Poincare.D7.Monotonicity.PerelmanFAnalyticHypotheses.ctorIdx	def
