MD	Poincare.D7.ShortTime.Statements	Poincare.D7.ShortTime.DeTurckParabolicProblem.deTurckOp	def
MD	Poincare.D7.ShortTime.Statements	Poincare.D7.ShortTime.DeTurckParabolicProblem.isDeTurckSolutionOn_iff	theorem
MD	Poincare.D7.ShortTime.Statements	Poincare.D7.ShortTime.instInhabitedMissingDependency	def
MD	Poincare.D7.ShortTime.Statements	Poincare.D7.ShortTime.MissingDependency._sizeOf_1	def
MD	Poincare.D7.ShortTime.Statements	Poincare.D7.ShortTime.MissingDependency.reason	def
MD	Poincare.D7.ShortTime.Statements	Poincare.D7.ShortTime.matrixProblem._proof_2	theorem
MD	Poincare.D7.ShortTime.Statements	Poincare.D7.ShortTime.DeTurckParabolicProblem.isRicciFlowOn_iff	theorem
MD	Poincare.D7.ShortTime.Statements	Poincare.D7.ShortTime.quasilinearParabolicDependencies_length	theorem
MD	Poincare.D7.ShortTime.Statements	Poincare.D7.ShortTime.DeTurckParabolicProblem.ctorIdx	def
MD	Poincare.D7.ShortTime.Statements	Poincare.D7.ShortTime.instReprMissingDependency.repr	def
MD	Poincare.D7.ShortTime.Statements	Poincare.D7.ShortTime.MissingDependency._sizeOf_inst	def
MD	Poincare.D7.ShortTime.Statements	Poincare.D7.ShortTime.matrixProblem._proof_1	theorem
MD	Poincare.D7.ShortTime.Statements	Poincare.D7.ShortTime.DeTurckParabolicProblem._sizeOf_1	def
MD	Poincare.D7.ShortTime.Statements	Poincare.D7.ShortTime.DeTurckParabolicProblem.mk.noConfusion	def
MD	Poincare.D7.ShortTime.Statements	Poincare.D7.ShortTime.DeTurckParabolicProblem.IsRicciFlowOn	def
MD	Poincare.D7.ShortTime.Statements	Poincare.D7.ShortTime.instReprMissingDependency	def
MD	Poincare.D7.ShortTime.Statements	Poincare.D7.ShortTime.BlockerDeTurckShortTime_ne_nil	theorem
MD	Poincare.D7.ShortTime.Statements	Poincare.D7.ShortTime.BlockerDeTurckConversion	def
MD	Poincare.D7.ShortTime.Statements	Poincare.D7.ShortTime.matrixProblem._proof_4	theorem
MD	Poincare.D7.ShortTime.Statements	Poincare.D7.ShortTime.MissingDependency.noConfusionType	def
MD	Poincare.D7.ShortTime.Statements	Poincare.D7.ShortTime.DeTurckParabolicProblem.recOn	def
MD	Poincare.D7.ShortTime.Statements	Poincare.D7.ShortTime.MissingDependency.mk	ctor
MD	Poincare.D7.ShortTime.Statements	Poincare.D7.ShortTime.DeTurckParabolicProblem.mk.injEq	theorem
MD	Poincare.D7.ShortTime.Statements	Poincare.D7.ShortTime.MissingDependency.mk.sizeOf_spec	theorem
MD	Poincare.D7.ShortTime.Statements	Poincare.D7.ShortTime.matrixProblem._proof_3	theorem
MD	Poincare.D7.ShortTime.Statements	Poincare.D7.ShortTime.DeTurckShortTimeExistence	def
MD	Poincare.D7.ShortTime.Statements	Poincare.D7.ShortTime.quasilinearParabolicDependencies_all_named	theorem
MD	Poincare.D7.ShortTime.Statements	Poincare.D7.ShortTime.DeTurckParabolicProblem.IsDeTurckSolutionOn	def
MD	Poincare.D7.ShortTime.Statements	Poincare.D7.ShortTime.DeTurckParabolicProblem.noConfusionType	def
MD	Poincare.D7.ShortTime.Statements	Poincare.D7.ShortTime.matrixProblem._proof_5	theorem
MD	Poincare.D7.ShortTime.Statements	Poincare.D7.ShortTime.BlockerDeTurckShortTime.eq_1	theorem
MD	Poincare.D7.ShortTime.Statements	Poincare.D7.ShortTime.MissingDependency.ctorIdx	def
MD	Poincare.D7.ShortTime.Statements	Poincare.D7.ShortTime.quasilinearParabolicDependencies_ne_nil	theorem
MD	Poincare.D7.ShortTime.Statements	Poincare.D7.ShortTime.DeTurckParabolicProblem	inductive
MD	Poincare.D7.ShortTime.Statements	Poincare.D7.ShortTime.DeTurckParabolicProblem.mk.inj	theorem
MD	Poincare.D7.ShortTime.Statements	Poincare.D7.ShortTime.BlockerDeTurckConversion.eq_1	theorem
MD	Poincare.D7.ShortTime.Statements	Poincare.D7.ShortTime.matrixProblem	def
MD	Poincare.D7.ShortTime.Statements	Poincare.D7.ShortTime.DeTurckParabolicProblem.normedAddCommGroup	def
MD	Poincare.D7.ShortTime.Statements	Poincare.D7.ShortTime.DeTurckParabolicProblem.mk.sizeOf_spec	theorem
MD	Poincare.D7.ShortTime.Statements	Poincare.D7.ShortTime.MissingDependency	inductive
MD	Poincare.D7.ShortTime.Statements	Poincare.D7.ShortTime.quasilinearParabolicDependencies.eq_1	theorem
MD	Poincare.D7.ShortTime.Statements	Poincare.D7.ShortTime.DeTurckParabolicProblem.gaugeTransform_zero	theorem
MD	Poincare.D7.ShortTime.Statements	Poincare.D7.ShortTime.DeTurckParabolicProblem.casesOn	def
MD	Poincare.D7.ShortTime.Statements	Poincare.D7.ShortTime.MissingDependency.noConfusion	def
MD	Poincare.D7.ShortTime.Statements	Poincare.D7.ShortTime.DeTurckToRicciConversion	def
MD	Poincare.D7.ShortTime.Statements	Poincare.D7.ShortTime.BlockerDeTurckConversion_ne_nil	theorem
MD	Poincare.D7.ShortTime.Statements	Poincare.D7.ShortTime.instInhabitedMissingDependency.default	def
MD	Poincare.D7.ShortTime.Statements	Poincare.D7.ShortTime.DeTurckParabolicProblem.MetricState	def
MD	Poincare.D7.ShortTime.Statements	Poincare.D7.ShortTime.DeTurckParabolicProblem.gaugeTransform	def
MD	Poincare.D7.ShortTime.Statements	Poincare.D7.ShortTime.matrixProblem_deTurckToRicciConversion	theorem
MD	Poincare.D7.ShortTime.Statements	Poincare.D7.ShortTime.DeTurckParabolicProblem.mk	ctor
MD	Poincare.D7.ShortTime.Statements	Poincare.D7.ShortTime.DeTurckParabolicProblem._sizeOf_inst	def
MD	Poincare.D7.ShortTime.Statements	Poincare.D7.ShortTime.DeTurckParabolicProblem.ricciOp	def
MD	Poincare.D7.ShortTime.Statements	Poincare.D7.ShortTime.DeTurckParabolicProblem.mk._flat_ctor	def
MD	Poincare.D7.ShortTime.Statements	Poincare.D7.ShortTime.MissingDependency.casesOn	def
MD	Poincare.D7.ShortTime.Statements	Poincare.D7.ShortTime.MissingDependency.mk.inj	theorem
MD	Poincare.D7.ShortTime.Statements	Poincare.D7.ShortTime.MissingDependency.name	def
MD	Poincare.D7.ShortTime.Statements	Poincare.D7.ShortTime.MissingDependency.mk._flat_ctor	def
MD	Poincare.D7.ShortTime.Statements	Poincare.D7.ShortTime.DeTurckParabolicProblem.noConfusion	def
MD	Poincare.D7.ShortTime.Statements	Poincare.D7.ShortTime.MissingDependency.mk.noConfusion	def
MD	Poincare.D7.ShortTime.Statements	Poincare.D7.ShortTime.DeTurckParabolicProblem.normedSpace	def
MD	Poincare.D7.ShortTime.Statements	Poincare.D7.ShortTime.quasilinearParabolicDependencies	def
MD	Poincare.D7.ShortTime.Statements	Poincare.D7.ShortTime.DeTurckParabolicProblem.initial	def
MD	Poincare.D7.ShortTime.Statements	Poincare.D7.ShortTime.MissingDependency.recOn	def
MD	Poincare.D7.ShortTime.Statements	Poincare.D7.ShortTime.MissingDependency.mk.injEq	theorem
MD	Poincare.D7.ShortTime.Statements	Poincare.D7.ShortTime.MissingDependency.rec	recursor
MD	Poincare.D7.ShortTime.Statements	Poincare.D7.ShortTime.DeTurckParabolicProblem.rec	recursor
MD	Poincare.D7.ShortTime.Statements	Poincare.D7.ShortTime.BlockerDeTurckShortTime	def
