MD	Poincare.D7.TensorLaplacian.Blocked	Poincare.D7.TensorLaplacian.BlockerSmoothCommutation	def
MD	Poincare.D7.TensorLaplacian.Blocked	Poincare.D7.TensorLaplacian.SmoothTensorLaplacianDatum.metricInner	def
MD	Poincare.D7.TensorLaplacian.Blocked	Poincare.D7.TensorLaplacian.SmoothTensorLaplacianDatum.recOn	def
MD	Poincare.D7.TensorLaplacian.Blocked	Poincare.D7.TensorLaplacian.SmoothTensorLaplacianDatum.frame	def
MD	Poincare.D7.TensorLaplacian.Blocked	Poincare.D7.TensorLaplacian.BlockerSmoothTensorConnection	def
MD	Poincare.D7.TensorLaplacian.Blocked	Poincare.D7.TensorLaplacian.SmoothScalarEvolutionDatum.divdivH	def
MD	Poincare.D7.TensorLaplacian.Blocked	Poincare.D7.TensorLaplacian.BlockerManifoldCurvature	def
MD	Poincare.D7.TensorLaplacian.Blocked	Poincare.D7.TensorLaplacian.MissingMathlibDependencies	def
MD	Poincare.D7.TensorLaplacian.Blocked	Poincare.D7.TensorLaplacian.SmoothScalarEvolutionDatum.ricciNormSq	def
MD	Poincare.D7.TensorLaplacian.Blocked	Poincare.D7.TensorLaplacian.SmoothTensorLaplacianDatum.zero	def
MD	Poincare.D7.TensorLaplacian.Blocked	Poincare.D7.TensorLaplacian.SmoothScalarEvolutionStatement	def
MD	Poincare.D7.TensorLaplacian.Blocked	Poincare.D7.TensorLaplacian.PresentMathlibDependencies	def
MD	Poincare.D7.TensorLaplacian.Blocked	Poincare.D7.TensorLaplacian.SmoothScalarEvolutionDatum.mk	ctor
MD	Poincare.D7.TensorLaplacian.Blocked	Poincare.D7.TensorLaplacian.BlockerSmoothCommutation_ne_nil	theorem
MD	Poincare.D7.TensorLaplacian.Blocked	Poincare.D7.TensorLaplacian.SmoothScalarEvolutionDatum.scalarDeriv	def
MD	Poincare.D7.TensorLaplacian.Blocked	Poincare.D7.TensorLaplacian.SmoothScalarEvolutionDatum.noConfusionType	def
MD	Poincare.D7.TensorLaplacian.Blocked	Poincare.D7.TensorLaplacian.SmoothScalarEvolutionDatum.mk.sizeOf_spec	theorem
MD	Poincare.D7.TensorLaplacian.Blocked	Poincare.D7.TensorLaplacian.SmoothScalarEvolutionDatum.isSmooth_zero	theorem
MD	Poincare.D7.TensorLaplacian.Blocked	Poincare.D7.TensorLaplacian.SmoothScalarEvolutionDatum.zero.eq_1	theorem
MD	Poincare.D7.TensorLaplacian.Blocked	Poincare.D7.TensorLaplacian.BlockerSmoothRoughLaplacian	def
MD	Poincare.D7.TensorLaplacian.Blocked	Poincare.D7.TensorLaplacian.SmoothTensorLaplacianDatum.lieBracket	def
MD	Poincare.D7.TensorLaplacian.Blocked	Poincare.D7.TensorLaplacian.SmoothCurvatureCertificateStatement	def
MD	Poincare.D7.TensorLaplacian.Blocked	Poincare.D7.TensorLaplacian.SmoothTensorLaplacianDatum.zero.eq_1	theorem
MD	Poincare.D7.TensorLaplacian.Blocked	Poincare.D7.TensorLaplacian.SmoothScalarEvolutionDatum.laplaceScal	def
MD	Poincare.D7.TensorLaplacian.Blocked	Poincare.D7.TensorLaplacian.BlockerSmoothRoughLaplacian_ne_nil	theorem
MD	Poincare.D7.TensorLaplacian.Blocked	Poincare.D7.TensorLaplacian.IsSmoothScalarEvolutionDatum._proof_2	theorem
MD	Poincare.D7.TensorLaplacian.Blocked	Poincare.D7.TensorLaplacian.IsSmoothScalarEvolutionDatum._proof_1	theorem
MD	Poincare.D7.TensorLaplacian.Blocked	Poincare.D7.TensorLaplacian.SmoothFrameTraceCommutationStatement	def
MD	Poincare.D7.TensorLaplacian.Blocked	Poincare.D7.TensorLaplacian.SmoothTensorLaplacianDatum._sizeOf_1	def
MD	Poincare.D7.TensorLaplacian.Blocked	Poincare.D7.TensorLaplacian.SmoothScalarEvolutionDatum.zero	def
MD	Poincare.D7.TensorLaplacian.Blocked	Poincare.D7.TensorLaplacian.MissingMathlibDependencies_length	theorem
MD	Poincare.D7.TensorLaplacian.Blocked	Poincare.D7.TensorLaplacian.SmoothTensorLaplacianDatum.dim	def
MD	Poincare.D7.TensorLaplacian.Blocked	Poincare.D7.TensorLaplacian.SmoothTensorLaplacianDatum.curvatureAction	def
MD	Poincare.D7.TensorLaplacian.Blocked	Poincare.D7.TensorLaplacian.SmoothScalarEvolutionDatum.ricciForm	def
MD	Poincare.D7.TensorLaplacian.Blocked	Poincare.D7.TensorLaplacian.IsSmoothTensorLaplacianDatum	def
MD	Poincare.D7.TensorLaplacian.Blocked	Poincare.D7.TensorLaplacian.BlockerManifoldCurvature_ne_nil	theorem
MD	Poincare.D7.TensorLaplacian.Blocked	Poincare.D7.TensorLaplacian.SmoothScalarEvolutionDatum.metricVelocity	def
MD	Poincare.D7.TensorLaplacian.Blocked	Poincare.D7.TensorLaplacian.SmoothCommutationStatement	def
MD	Poincare.D7.TensorLaplacian.Blocked	Poincare.D7.TensorLaplacian.SmoothScalarEvolutionDatum.noConfusion	def
MD	Poincare.D7.TensorLaplacian.Blocked	Poincare.D7.TensorLaplacian.IsSmoothTensorLaplacianDatum._proof_1	theorem
MD	Poincare.D7.TensorLaplacian.Blocked	Poincare.D7.TensorLaplacian.SmoothScalarEvolutionDatum.mk._flat_ctor	def
MD	Poincare.D7.TensorLaplacian.Blocked	Poincare.D7.TensorLaplacian.IsSmoothScalarEvolutionDatum	def
MD	Poincare.D7.TensorLaplacian.Blocked	Poincare.D7.TensorLaplacian.SmoothScalarEvolutionDatum.casesOn	def
MD	Poincare.D7.TensorLaplacian.Blocked	Poincare.D7.TensorLaplacian.SmoothScalarEvolutionDatum	inductive
MD	Poincare.D7.TensorLaplacian.Blocked	Poincare.D7.TensorLaplacian.PresentMathlibDependencies_ne_nil	theorem
MD	Poincare.D7.TensorLaplacian.Blocked	Poincare.D7.TensorLaplacian.SmoothTensorLaplacianDatum.mk.injEq	theorem
MD	Poincare.D7.TensorLaplacian.Blocked	Poincare.D7.TensorLaplacian.SmoothScalarEvolutionDatum.mk.noConfusion	def
MD	Poincare.D7.TensorLaplacian.Blocked	Poincare.D7.TensorLaplacian.SmoothTensorLaplacianDatum.noConfusionType	def
MD	Poincare.D7.TensorLaplacian.Blocked	Poincare.D7.TensorLaplacian.SmoothTensorLaplacianDatum.isSmooth_zero	theorem
MD	Poincare.D7.TensorLaplacian.Blocked	Poincare.D7.TensorLaplacian.SmoothScalarEvolutionDatum.scal	def
MD	Poincare.D7.TensorLaplacian.Blocked	Poincare.D7.TensorLaplacian.IsSmoothScalarEvolutionDatum._proof_3	theorem
MD	Poincare.D7.TensorLaplacian.Blocked	Poincare.D7.TensorLaplacian.SmoothTensorLaplacianDatum.mk.sizeOf_spec	theorem
MD	Poincare.D7.TensorLaplacian.Blocked	Poincare.D7.TensorLaplacian.SmoothTensorLaplacianDatum.mk.inj	theorem
MD	Poincare.D7.TensorLaplacian.Blocked	Poincare.D7.TensorLaplacian.SmoothScalarEvolutionDatum.rec	recursor
MD	Poincare.D7.TensorLaplacian.Blocked	Poincare.D7.TensorLaplacian.SmoothTensorLaplacianDatum.roughLaplacian	def
MD	Poincare.D7.TensorLaplacian.Blocked	Poincare.D7.TensorLaplacian.BlockerSmoothTensorBundle	def
MD	Poincare.D7.TensorLaplacian.Blocked	Poincare.D7.TensorLaplacian.SmoothScalarEvolutionDatum.lapTrace	def
MD	Poincare.D7.TensorLaplacian.Blocked	Poincare.D7.TensorLaplacian.SmoothScalarEvolutionDatum._sizeOf_inst	def
MD	Poincare.D7.TensorLaplacian.Blocked	Poincare.D7.TensorLaplacian.BlockerSmoothScalarEvolution_ne_nil	theorem
MD	Poincare.D7.TensorLaplacian.Blocked	Poincare.D7.TensorLaplacian.SmoothScalarEvolutionDatum._sizeOf_1	def
MD	Poincare.D7.TensorLaplacian.Blocked	Poincare.D7.TensorLaplacian.SmoothTensorLaplacianDatum.rec	recursor
MD	Poincare.D7.TensorLaplacian.Blocked	Poincare.D7.TensorLaplacian.SmoothTensorLaplacianDatum.casesOn	def
MD	Poincare.D7.TensorLaplacian.Blocked	Poincare.D7.TensorLaplacian.SmoothTensorLaplacianDatum._sizeOf_inst	def
MD	Poincare.D7.TensorLaplacian.Blocked	Poincare.D7.TensorLaplacian.BlockerSmoothTensorBundle_ne_nil	theorem
MD	Poincare.D7.TensorLaplacian.Blocked	Poincare.D7.TensorLaplacian.SmoothScalarEvolutionDatum.mk.inj	theorem
MD	Poincare.D7.TensorLaplacian.Blocked	Poincare.D7.TensorLaplacian.SmoothTensorLaplacianDatum.mk._flat_ctor	def
MD	Poincare.D7.TensorLaplacian.Blocked	Poincare.D7.TensorLaplacian.SmoothScalarEvolutionDatum.recOn	def
MD	Poincare.D7.TensorLaplacian.Blocked	Poincare.D7.TensorLaplacian.SmoothTensorLaplacianDatum	inductive
MD	Poincare.D7.TensorLaplacian.Blocked	Poincare.D7.TensorLaplacian.SmoothScalarEvolutionDatum.ctorIdx	def
MD	Poincare.D7.TensorLaplacian.Blocked	Poincare.D7.TensorLaplacian.SmoothTensorLaplacianDatum.ctorIdx	def
MD	Poincare.D7.TensorLaplacian.Blocked	Poincare.D7.TensorLaplacian.SmoothScalarEvolutionDatum.pairingH	def
MD	Poincare.D7.TensorLaplacian.Blocked	Poincare.D7.TensorLaplacian.SmoothTensorLaplacianDatum.ricciAction	def
MD	Poincare.D7.TensorLaplacian.Blocked	Poincare.D7.TensorLaplacian.PresentMathlibDependencies_length	theorem
MD	Poincare.D7.TensorLaplacian.Blocked	Poincare.D7.TensorLaplacian.BlockerSmoothScalarEvolution	def
MD	Poincare.D7.TensorLaplacian.Blocked	Poincare.D7.TensorLaplacian.SmoothTensorLaplacianDatum.mk	ctor
MD	Poincare.D7.TensorLaplacian.Blocked	Poincare.D7.TensorLaplacian.MissingMathlibDependencies_ne_nil	theorem
MD	Poincare.D7.TensorLaplacian.Blocked	Poincare.D7.TensorLaplacian.IsSmoothScalarEvolutionDatum._proof_4	theorem
MD	Poincare.D7.TensorLaplacian.Blocked	Poincare.D7.TensorLaplacian.SmoothScalarEvolutionDatum.mk.injEq	theorem
MD	Poincare.D7.TensorLaplacian.Blocked	Poincare.D7.TensorLaplacian.SmoothTensorLaplacianDatum.mk.noConfusion	def
MD	Poincare.D7.TensorLaplacian.Blocked	Poincare.D7.TensorLaplacian.SmoothTensorLaplacianDatum.noConfusion	def
MD	Poincare.D7.TensorLaplacian.Blocked	Poincare.D7.TensorLaplacian.BlockerSmoothTensorConnection_ne_nil	theorem
MD	Poincare.D7.TensorLaplacian.Blocked	Poincare.D7.TensorLaplacian.SmoothTensorLaplacianDatum.isSmoothTensorField	def
MD	Poincare.D7.TensorLaplacian.Blocked	Poincare.D7.TensorLaplacian.SmoothTensorLaplacianDatum.tensorNabla	def
