MD	Poincare.D7.TensorLaplacian.Evolution	Poincare.D7.TensorLaplacian.flatCertificate	def
MD	Poincare.D7.TensorLaplacian.Evolution	Poincare.D7.TensorLaplacian.ScalarEvolutionCertificate.anchor	theorem
MD	Poincare.D7.TensorLaplacian.Evolution	Poincare.D7.TensorLaplacian.ScalarEvolutionCertificate.scalar_evolution_forall	theorem
MD	Poincare.D7.TensorLaplacian.Evolution	Poincare.D7.TensorLaplacian.ScalarEvolutionCertificate.noConfusion	def
MD	Poincare.D7.TensorLaplacian.Evolution	Poincare.D7.TensorLaplacian.isRicciFlowVelocity_ricciFlowVelocity	theorem
MD	Poincare.D7.TensorLaplacian.Evolution	Poincare.D7.TensorLaplacian.ScalarEvolutionCertificate.recOn	def
MD	Poincare.D7.TensorLaplacian.Evolution	Poincare.D7.TensorLaplacian.ScalarEvolutionCertificate.flow	theorem
MD	Poincare.D7.TensorLaplacian.Evolution	Poincare.D7.TensorLaplacian.ScalarEvolutionCertificate.scalDeriv	def
MD	Poincare.D7.TensorLaplacian.Evolution	Poincare.D7.TensorLaplacian.ScalarEvolutionCertificate.mk.sizeOf_spec	theorem
MD	Poincare.D7.TensorLaplacian.Evolution	Poincare.D7.TensorLaplacian.ScalarEvolutionCertificate.divdivH	def
MD	Poincare.D7.TensorLaplacian.Evolution	Poincare.D7.TensorLaplacian.flatCertificate._proof_4	theorem
MD	Poincare.D7.TensorLaplacian.Evolution	Poincare.D7.TensorLaplacian.ScalarEvolutionCertificate.traceH_eq	theorem
MD	Poincare.D7.TensorLaplacian.Evolution	Poincare.D7.TensorLaplacian.pairingH	def
MD	Poincare.D7.TensorLaplacian.Evolution	Poincare.D7.TensorLaplacian.ScalarEvolutionCertificate.scalPath_zero	theorem
MD	Poincare.D7.TensorLaplacian.Evolution	Poincare.D7.TensorLaplacian.ScalarEvolutionCertificate.variation_rhs_eq	theorem
MD	Poincare.D7.TensorLaplacian.Evolution	Poincare.D7.TensorLaplacian.ricciNormSq	def
MD	Poincare.D7.TensorLaplacian.Evolution	Poincare.D7.TensorLaplacian.ScalarEvolutionCertificate.casesOn	def
MD	Poincare.D7.TensorLaplacian.Evolution	Poincare.D7.TensorLaplacian.ScalarEvolutionCertificate.pairingH_eq	theorem
MD	Poincare.D7.TensorLaplacian.Evolution	Poincare.D7.TensorLaplacian.ScalarEvolutionCertificate.mk.noConfusion	def
MD	Poincare.D7.TensorLaplacian.Evolution	Poincare.D7.TensorLaplacian.flatCertificate._proof_2	theorem
MD	Poincare.D7.TensorLaplacian.Evolution	Poincare.D7.TensorLaplacian.flatCertificate._proof_1	theorem
MD	Poincare.D7.TensorLaplacian.Evolution	Poincare.D7.TensorLaplacian.ScalarEvolutionCertificate.mk.injEq	theorem
MD	Poincare.D7.TensorLaplacian.Evolution	Poincare.D7.TensorLaplacian.flatCertificate._proof_3	theorem
MD	Poincare.D7.TensorLaplacian.Evolution	Poincare.D7.TensorLaplacian.ScalarEvolutionCertificate.scalarDeriv_eq	theorem
MD	Poincare.D7.TensorLaplacian.Evolution	Poincare.D7.TensorLaplacian.ScalarEvolutionCertificate	inductive
MD	Poincare.D7.TensorLaplacian.Evolution	Poincare.D7.TensorLaplacian.ScalarEvolutionCertificate.scalar_evolution	theorem
MD	Poincare.D7.TensorLaplacian.Evolution	Poincare.D7.TensorLaplacian.IsRicciFlowVelocity	def
MD	Poincare.D7.TensorLaplacian.Evolution	Poincare.D7.TensorLaplacian.ScalarEvolutionCertificate.bianchi	theorem
MD	Poincare.D7.TensorLaplacian.Evolution	Poincare.D7.TensorLaplacian.ScalarEvolutionCertificate._sizeOf_1	def
MD	Poincare.D7.TensorLaplacian.Evolution	Poincare.D7.TensorLaplacian.traceH	def
MD	Poincare.D7.TensorLaplacian.Evolution	Poincare.D7.TensorLaplacian.flatCertificate._proof_5	theorem
MD	Poincare.D7.TensorLaplacian.Evolution	Poincare.D7.TensorLaplacian.ScalarEvolutionCertificate.scalPath	def
MD	Poincare.D7.TensorLaplacian.Evolution	Poincare.D7.TensorLaplacian.ScalarEvolutionCertificate.lapScal	def
MD	Poincare.D7.TensorLaplacian.Evolution	Poincare.D7.TensorLaplacian.pairingH_ricciFlowVelocity	theorem
MD	Poincare.D7.TensorLaplacian.Evolution	Poincare.D7.TensorLaplacian.ScalarEvolutionCertificate._sizeOf_inst	def
MD	Poincare.D7.TensorLaplacian.Evolution	Poincare.D7.TensorLaplacian.ricciNormSq._proof_1	theorem
MD	Poincare.D7.TensorLaplacian.Evolution	Poincare.D7.TensorLaplacian.ricciNormSq_nonneg	theorem
MD	Poincare.D7.TensorLaplacian.Evolution	Poincare.D7.TensorLaplacian.ScalarEvolutionCertificate.variation	theorem
MD	Poincare.D7.TensorLaplacian.Evolution	Poincare.D7.TensorLaplacian.flatCertificate._proof_6	theorem
MD	Poincare.D7.TensorLaplacian.Evolution	Poincare.D7.TensorLaplacian.ScalarEvolutionCertificate.velocity	theorem
MD	Poincare.D7.TensorLaplacian.Evolution	Poincare.D7.TensorLaplacian.ScalarEvolutionCertificate.mk.inj	theorem
MD	Poincare.D7.TensorLaplacian.Evolution	Poincare.D7.TensorLaplacian.ScalarEvolutionCertificate.ctorIdx	def
MD	Poincare.D7.TensorLaplacian.Evolution	Poincare.D7.TensorLaplacian.ScalarEvolutionCertificate.mk._flat_ctor	def
MD	Poincare.D7.TensorLaplacian.Evolution	Poincare.D7.TensorLaplacian.traceH_ricciFlowVelocity	theorem
MD	Poincare.D7.TensorLaplacian.Evolution	Poincare.D7.TensorLaplacian.ricciFlowVelocity._proof_1	theorem
MD	Poincare.D7.TensorLaplacian.Evolution	Poincare.D7.TensorLaplacian.ricciFlowVelocity	def
MD	Poincare.D7.TensorLaplacian.Evolution	Poincare.D7.TensorLaplacian.ScalarEvolutionCertificate.noConfusionType	def
MD	Poincare.D7.TensorLaplacian.Evolution	Poincare.D7.TensorLaplacian.ScalarEvolutionCertificate.rec	recursor
MD	Poincare.D7.TensorLaplacian.Evolution	Poincare.D7.TensorLaplacian.flatCertificate._proof_7	theorem
MD	Poincare.D7.TensorLaplacian.Evolution	Poincare.D7.TensorLaplacian.ScalarEvolutionCertificate.mk	ctor
MD	Poincare.D7.TensorLaplacian.Evolution	Poincare.D7.TensorLaplacian.ScalarEvolutionCertificate.scalar_evolution_iff	theorem
