MD	Poincare.D9.DeTurck.SymbolModel	LinearMap.mk₂.congr_simp	theorem
MD	Poincare.D9.DeTurck.SymbolModel	Poincare.Longrun.DeTurck.laplacianSymbol_symm	theorem
MD	Poincare.D9.DeTurck.SymbolModel	Poincare.Longrun.DeTurck.lieSymbol._proof_4	theorem
MD	Poincare.D9.DeTurck.SymbolModel	Poincare.Longrun.DeTurck.lieSymbol_symm	theorem
MD	Poincare.D9.DeTurck.SymbolModel	Poincare.Longrun.DeTurck.metricSharp_eq_zero_iff	theorem
MD	Poincare.D9.DeTurck.SymbolModel	Poincare.Longrun.DeTurck.metricSharp	def
MD	Poincare.D9.DeTurck.SymbolModel	Poincare.Longrun.DeTurck.deTurckFieldSymbol	def
MD	Poincare.D9.DeTurck.SymbolModel	Poincare.Longrun.DeTurck.form_metricSharp	theorem
MD	Poincare.D9.DeTurck.SymbolModel	Poincare.Longrun.DeTurck.lieSymbol._proof_2	theorem
MD	Poincare.D9.DeTurck.SymbolModel	Poincare.Longrun.DeTurck.covectorNormSq.eq_1	theorem
MD	Poincare.D9.DeTurck.SymbolModel	Poincare.Longrun.DeTurck.lieSymbol._proof_1	theorem
MD	Poincare.D9.DeTurck.SymbolModel	Poincare.Longrun.DeTurck.metricSharp.eq_1	theorem
MD	Poincare.D9.DeTurck.SymbolModel	Poincare.Longrun.DeTurck.ricciSymbol_symm	theorem
MD	Poincare.D9.DeTurck.SymbolModel	Poincare.Longrun.DeTurck.laplacianSymbol.eq_1	theorem
MD	Poincare.D9.DeTurck.SymbolModel	Poincare.Longrun.DeTurck.ricciSymbol_sub_half_lieSymbol	theorem
MD	Poincare.D9.DeTurck.SymbolModel	Poincare.Longrun.DeTurck.deTurckSymbol_eq_zero_iff	theorem
MD	Poincare.D9.DeTurck.SymbolModel	Poincare.Longrun.DeTurck.laplacianSymbol	def
MD	Poincare.D9.DeTurck.SymbolModel	Poincare.Longrun.DeTurck.ricciSymbol._proof_1	theorem
MD	Poincare.D9.DeTurck.SymbolModel	Poincare.Longrun.DeTurck.covectorNormSq	def
MD	Poincare.D9.DeTurck.SymbolModel	Poincare.Longrun.DeTurck.covectorNormSq_ne_zero	theorem
MD	Poincare.D9.DeTurck.SymbolModel	Poincare.Longrun.DeTurck.ricciSymbol	def
MD	Poincare.D9.DeTurck.SymbolModel	Poincare.Longrun.DeTurck.deTurckFieldSymbol.eq_1	theorem
MD	Poincare.D9.DeTurck.SymbolModel	Poincare.Longrun.DeTurck.covectorNormSq._proof_1	theorem
MD	Poincare.D9.DeTurck.SymbolModel	Poincare.Longrun.DeTurck.ricciSymbol._proof_4	theorem
MD	Poincare.D9.DeTurck.SymbolModel	Poincare.Longrun.DeTurck.laplacianSymbol._proof_1	theorem
MD	Poincare.D9.DeTurck.SymbolModel	Poincare.Longrun.DeTurck.ricciSymbol._proof_5	theorem
MD	Poincare.D9.DeTurck.SymbolModel	Poincare.Longrun.DeTurck.flowSymbol	theorem
MD	Poincare.D9.DeTurck.SymbolModel	Poincare.Longrun.DeTurck.ricciSymbol._proof_2	theorem
MD	Poincare.D9.DeTurck.SymbolModel	Poincare.Longrun.DeTurck.lieSymbol._proof_3	theorem
MD	Poincare.D9.DeTurck.SymbolModel	Poincare.Longrun.DeTurck.deTurckSymbol_bijective	theorem
MD	Poincare.D9.DeTurck.SymbolModel	Poincare.Longrun.DeTurck.lieSymbol.eq_1	theorem
MD	Poincare.D9.DeTurck.SymbolModel	Poincare.Longrun.DeTurck.bilinTrace	def
MD	Poincare.D9.DeTurck.SymbolModel	Poincare.Longrun.DeTurck.ricciSymbol_sub_half_lieSymbol_eq_smul	theorem
MD	Poincare.D9.DeTurck.SymbolModel	Poincare.Longrun.DeTurck.lieSymbol	def
MD	Poincare.D9.DeTurck.SymbolModel	Poincare.Longrun.DeTurck.ricciSymbol_sub_half_lieSymbol_apply	theorem
MD	Poincare.D9.DeTurck.SymbolModel	Poincare.Longrun.DeTurck.deTurckSymbol_injective	theorem
MD	Poincare.D9.DeTurck.SymbolModel	Poincare.Longrun.DeTurck.ricciSymbol._proof_3	theorem
MD	Poincare.D9.DeTurck.SymbolModel	Poincare.Longrun.DeTurck.covectorNormSq_eq_sum_sq	theorem
MD	Poincare.D9.DeTurck.SymbolModel	Poincare.Longrun.DeTurck.covectorNormSq_pos	theorem
MD	Poincare.D9.DeTurck.SymbolModel	Poincare.Longrun.DeTurck.ricciSymbol.eq_1	theorem
