MD	Poincare.D9.TensorAlgebra.Toy	Poincare.D9.TensorAlgebra.Toy.sharp._proof_4	theorem
MD	Poincare.D9.TensorAlgebra.Toy	Poincare.D9.TensorAlgebra.Toy.contract_tensorProduct	theorem
MD	Poincare.D9.TensorAlgebra.Toy	Poincare.D9.TensorAlgebra.Toy.inverseMetric._proof_2	theorem
MD	Poincare.D9.TensorAlgebra.Toy	Poincare.D9.TensorAlgebra.Toy.sharp_flat	theorem
MD	Poincare.D9.TensorAlgebra.Toy	Poincare.D9.TensorAlgebra.Toy.metricTrace_inverseMetric_eq_finrank	theorem
MD	Poincare.D9.TensorAlgebra.Toy	Poincare.D9.TensorAlgebra.Toy.sharp._proof_5	theorem
MD	Poincare.D9.TensorAlgebra.Toy	Poincare.D9.TensorAlgebra.Toy.tensorProductOneForm	def
MD	Poincare.D9.TensorAlgebra.Toy	Poincare.D9.TensorAlgebra.Toy.metric._proof_2	theorem
MD	Poincare.D9.TensorAlgebra.Toy	Poincare.D9.TensorAlgebra.Toy.inverseMetric._proof_3	theorem
MD	Poincare.D9.TensorAlgebra.Toy	Poincare.D9.TensorAlgebra.Toy.inverseMetric.eq_1	theorem
MD	Poincare.D9.TensorAlgebra.Toy	Poincare.D9.TensorAlgebra.Toy.sharp._proof_1	theorem
MD	Poincare.D9.TensorAlgebra.Toy	Poincare.D9.TensorAlgebra.Toy.sharp._proof_3	theorem
MD	Poincare.D9.TensorAlgebra.Toy	Poincare.D9.TensorAlgebra.Toy.metric	def
MD	Poincare.D9.TensorAlgebra.Toy	Poincare.D9.TensorAlgebra.Toy.inverseMetric._proof_1	theorem
MD	Poincare.D9.TensorAlgebra.Toy	Poincare.D9.TensorAlgebra.Toy.sharp.congr_simp	theorem
MD	Poincare.D9.TensorAlgebra.Toy	Poincare.D9.TensorAlgebra.Toy.OneForm	def
MD	Poincare.D9.TensorAlgebra.Toy	Poincare.D9.TensorAlgebra.Toy.metricTrace_metric_eq_finrank	theorem
MD	Poincare.D9.TensorAlgebra.Toy	Poincare.D9.TensorAlgebra.Toy.inverseMetric_apply	theorem
MD	Poincare.D9.TensorAlgebra.Toy	Poincare.D9.TensorAlgebra.Toy.inverseMetric.congr_simp	theorem
MD	Poincare.D9.TensorAlgebra.Toy	Poincare.D9.TensorAlgebra.Toy.inverseMetric	def
MD	Poincare.D9.TensorAlgebra.Toy	Poincare.D9.TensorAlgebra.Toy.flat	def
MD	Poincare.D9.TensorAlgebra.Toy	Poincare.D9.TensorAlgebra.Toy.metric._proof_4	theorem
MD	Poincare.D9.TensorAlgebra.Toy	Poincare.D9.TensorAlgebra.Toy.dualPairing.eq_1	theorem
MD	Poincare.D9.TensorAlgebra.Toy	Poincare.D9.TensorAlgebra.Toy.flat_sharp	theorem
MD	Poincare.D9.TensorAlgebra.Toy	Poincare.D9.TensorAlgebra.Toy.sharp	def
MD	Poincare.D9.TensorAlgebra.Toy	Poincare.D9.TensorAlgebra.Toy.trace_sharp_comp_flat	theorem
MD	Poincare.D9.TensorAlgebra.Toy	Poincare.D9.TensorAlgebra.Toy.dualPairing_eq_inner	theorem
MD	Poincare.D9.TensorAlgebra.Toy	Poincare.D9.TensorAlgebra.Toy.metric_apply	theorem
MD	Poincare.D9.TensorAlgebra.Toy	Poincare.D9.TensorAlgebra.Toy.sharp._proof_6	theorem
MD	Poincare.D9.TensorAlgebra.Toy	Poincare.D9.TensorAlgebra.Toy.tensorProductOneForm.eq_1	theorem
MD	Poincare.D9.TensorAlgebra.Toy	Poincare.D9.TensorAlgebra.Toy.metric._proof_3	theorem
MD	Poincare.D9.TensorAlgebra.Toy	Poincare.D9.TensorAlgebra.Toy.metric._proof_1	theorem
MD	Poincare.D9.TensorAlgebra.Toy	Poincare.D9.TensorAlgebra.Toy.contract_tensorProduct_eq_inner	theorem
MD	Poincare.D9.TensorAlgebra.Toy	Poincare.D9.TensorAlgebra.Toy.sharp._proof_2	theorem
MD	Poincare.D9.TensorAlgebra.Toy	Poincare.D9.TensorAlgebra.Toy.dualPairing	def
MD	Poincare.D9.TensorAlgebra.Toy	Poincare.D9.TensorAlgebra.Toy.tensorProductOneForm._proof_1	theorem
