MD	Poincare.Longrun.CurvatureODE.Evolution	Poincare.Longrun.CurvatureODE.EvolutionRelation.mk	ctor
MD	Poincare.Longrun.CurvatureODE.Evolution	Poincare.Longrun.CurvatureODE.ReactionField.recOn	def
MD	Poincare.Longrun.CurvatureODE.Evolution	Poincare.Longrun.CurvatureODE.ReactionField.hamilton.eq_1	theorem
MD	Poincare.Longrun.CurvatureODE.Evolution	Poincare.Longrun.CurvatureODE.eulerStep	def
MD	Poincare.Longrun.CurvatureODE.Evolution	Poincare.Longrun.CurvatureODE.EvolutionRelation.continuous	theorem
MD	Poincare.Longrun.CurvatureODE.Evolution	Poincare.Longrun.CurvatureODE.ReactionField	inductive
MD	Poincare.Longrun.CurvatureODE.Evolution	Poincare.Longrun.CurvatureODE.EvolutionRelation.mk._flat_ctor	def
MD	Poincare.Longrun.CurvatureODE.Evolution	Poincare.Longrun.CurvatureODE.ReactionField.a	def
MD	Poincare.Longrun.CurvatureODE.Evolution	Poincare.Longrun.CurvatureODE.ReactionField.mk	ctor
MD	Poincare.Longrun.CurvatureODE.Evolution	Poincare.Longrun.CurvatureODE.DiscreteEvolution.mk._flat_ctor	def
MD	Poincare.Longrun.CurvatureODE.Evolution	Poincare.Longrun.CurvatureODE.zero_discreteEvolution	theorem
MD	Poincare.Longrun.CurvatureODE.Evolution	Poincare.Longrun.CurvatureODE.ReactionField.noConfusion	def
MD	Poincare.Longrun.CurvatureODE.Evolution	Poincare.Longrun.CurvatureODE.EvolutionRelation.hasDeriv	theorem
MD	Poincare.Longrun.CurvatureODE.Evolution	Poincare.Longrun.CurvatureODE.DiscreteEvolution.rec	recursor
MD	Poincare.Longrun.CurvatureODE.Evolution	Poincare.Longrun.CurvatureODE.ReactionField._sizeOf_1	def
MD	Poincare.Longrun.CurvatureODE.Evolution	Poincare.Longrun.CurvatureODE.ReactionField.a_nonneg	theorem
MD	Poincare.Longrun.CurvatureODE.Evolution	Poincare.Longrun.CurvatureODE.ReactionField.eval.eq_1	theorem
MD	Poincare.Longrun.CurvatureODE.Evolution	Poincare.Longrun.CurvatureODE.ReactionField.hamilton_eval_zero	theorem
MD	Poincare.Longrun.CurvatureODE.Evolution	Poincare.Longrun.CurvatureODE.ReactionField.hamilton._proof_2	theorem
MD	Poincare.Longrun.CurvatureODE.Evolution	Poincare.Longrun.CurvatureODE.DiscreteEvolution.recOn	def
MD	Poincare.Longrun.CurvatureODE.Evolution	Poincare.Longrun.CurvatureODE.DiscreteEvolution.step	theorem
MD	Poincare.Longrun.CurvatureODE.Evolution	Poincare.Longrun.CurvatureODE.ReactionField.mk.sizeOf_spec	theorem
MD	Poincare.Longrun.CurvatureODE.Evolution	Poincare.Longrun.CurvatureODE.ReactionField.mk._flat_ctor	def
MD	Poincare.Longrun.CurvatureODE.Evolution	Poincare.Longrun.CurvatureODE.ReactionField.rec	recursor
MD	Poincare.Longrun.CurvatureODE.Evolution	Poincare.Longrun.CurvatureODE.ReactionField.eval	def
MD	Poincare.Longrun.CurvatureODE.Evolution	Poincare.Longrun.CurvatureODE.ReactionField.hamilton	def
MD	Poincare.Longrun.CurvatureODE.Evolution	Poincare.Longrun.CurvatureODE.ReactionField.noConfusionType	def
MD	Poincare.Longrun.CurvatureODE.Evolution	Poincare.Longrun.CurvatureODE.ReactionField.mk.inj	theorem
MD	Poincare.Longrun.CurvatureODE.Evolution	Poincare.Longrun.CurvatureODE.DiscreteEvolution	inductive
MD	Poincare.Longrun.CurvatureODE.Evolution	Poincare.Longrun.CurvatureODE.zero_evolutionRelation	theorem
MD	Poincare.Longrun.CurvatureODE.Evolution	Poincare.Longrun.CurvatureODE.DiscreteEvolution.mk	ctor
MD	Poincare.Longrun.CurvatureODE.Evolution	Poincare.Longrun.CurvatureODE.ReactionField.mk.congr_simp	theorem
MD	Poincare.Longrun.CurvatureODE.Evolution	Poincare.Longrun.CurvatureODE.ReactionField.g	def
MD	Poincare.Longrun.CurvatureODE.Evolution	Poincare.Longrun.CurvatureODE.ReactionField.ctorIdx	def
MD	Poincare.Longrun.CurvatureODE.Evolution	Poincare.Longrun.CurvatureODE.ReactionField.g_nonneg	theorem
MD	Poincare.Longrun.CurvatureODE.Evolution	Poincare.Longrun.CurvatureODE.EvolutionRelation.rec	recursor
MD	Poincare.Longrun.CurvatureODE.Evolution	Poincare.Longrun.CurvatureODE.ReactionField.hamilton._proof_1	theorem
MD	Poincare.Longrun.CurvatureODE.Evolution	Poincare.Longrun.CurvatureODE.DiscreteEvolution.casesOn	def
MD	Poincare.Longrun.CurvatureODE.Evolution	Poincare.Longrun.CurvatureODE.ReactionField.hamilton_eval	theorem
MD	Poincare.Longrun.CurvatureODE.Evolution	Poincare.Longrun.CurvatureODE.EvolutionRelation.recOn	def
MD	Poincare.Longrun.CurvatureODE.Evolution	Poincare.Longrun.CurvatureODE.EvolutionRelation.casesOn	def
MD	Poincare.Longrun.CurvatureODE.Evolution	Poincare.Longrun.CurvatureODE.ReactionField.mk.noConfusion	def
MD	Poincare.Longrun.CurvatureODE.Evolution	Poincare.Longrun.CurvatureODE.ReactionField.casesOn	def
MD	Poincare.Longrun.CurvatureODE.Evolution	Poincare.Longrun.CurvatureODE.ReactionField.eval_nonneg	theorem
MD	Poincare.Longrun.CurvatureODE.Evolution	Poincare.Longrun.CurvatureODE.ReactionField.mk.injEq	theorem
MD	Poincare.Longrun.CurvatureODE.Evolution	Poincare.Longrun.CurvatureODE.ReactionField._sizeOf_inst	def
MD	Poincare.Longrun.CurvatureODE.Evolution	Poincare.Longrun.CurvatureODE.EvolutionRelation	inductive
