A1USEN Poincare.Longrun.Evolution.gibbsTerm_strictAnti 292
A1USE Poincare.Longrun.Evolution.gibbsTerm_strictAnti Real
A1USE Poincare.Longrun.Evolution.gibbsTerm_strictAnti LE.le
A1USE Poincare.Longrun.Evolution.gibbsTerm_strictAnti Real.instLE
A1USE Poincare.Longrun.Evolution.gibbsTerm_strictAnti OfNat.ofNat
A1USE Poincare.Longrun.Evolution.gibbsTerm_strictAnti One.toOfNat1
A1USE Poincare.Longrun.Evolution.gibbsTerm_strictAnti Real.instOne
A1USE Poincare.Longrun.Evolution.gibbsTerm_strictAnti StrictAnti
A1USE Poincare.Longrun.Evolution.gibbsTerm_strictAnti Real.instPreorder
A1USE Poincare.Longrun.Evolution.gibbsTerm_strictAnti Poincare.Longrun.Evolution.gibbsTerm
A1USE Poincare.Longrun.Evolution.gibbsTerm_strictAnti Real
A1USE Poincare.Longrun.Evolution.gibbsTerm_strictAnti LE.le
A1USE Poincare.Longrun.Evolution.gibbsTerm_strictAnti Real.instLE
A1USE Poincare.Longrun.Evolution.gibbsTerm_strictAnti OfNat.ofNat
A1USE Poincare.Longrun.Evolution.gibbsTerm_strictAnti One.toOfNat1
A1USE Poincare.Longrun.Evolution.gibbsTerm_strictAnti Real.instOne
A1USE Poincare.Longrun.Evolution.gibbsTerm_strictAnti Or.casesOn
A1USE Poincare.Longrun.Evolution.gibbsTerm_strictAnti LT.lt
A1USE Poincare.Longrun.Evolution.gibbsTerm_strictAnti Preorder.toLT
A1USE Poincare.Longrun.Evolution.gibbsTerm_strictAnti PartialOrder.toPreorder
A1USE Poincare.Longrun.Evolution.gibbsTerm_strictAnti Real.partialOrder
A1USE Poincare.Longrun.Evolution.gibbsTerm_strictAnti Eq
A1USE Poincare.Longrun.Evolution.gibbsTerm_strictAnti Or
A1USE Poincare.Longrun.Evolution.gibbsTerm_strictAnti StrictAnti
A1USE Poincare.Longrun.Evolution.gibbsTerm_strictAnti Real.instPreorder
A1USE Poincare.Longrun.Evolution.gibbsTerm_strictAnti Poincare.Longrun.Evolution.gibbsTerm
A1USE Poincare.Longrun.Evolution.gibbsTerm_strictAnti lt_or_eq_of_le
A1USE Poincare.Longrun.Evolution.gibbsTerm_strictAnti strictAnti_of_deriv_neg
A1USE Poincare.Longrun.Evolution.gibbsTerm_strictAnti deriv
A1USE Poincare.Longrun.Evolution.gibbsTerm_strictAnti DenselyNormedField.toNontriviallyNormedField
A1USE Poincare.Longrun.Evolution.gibbsTerm_strictAnti Real.denselyNormedField
A1USE Poincare.Longrun.Evolution.gibbsTerm_strictAnti Real.instAddCommGroup
A1USE Poincare.Longrun.Evolution.gibbsTerm_strictAnti Semiring.toModule
A1USE Poincare.Longrun.Evolution.gibbsTerm_strictAnti CommSemiring.toSemiring
A1USE Poincare.Longrun.Evolution.gibbsTerm_strictAnti Semifield.toCommSemiring
A1USE Poincare.Longrun.Evolution.gibbsTerm_strictAnti Field.toSemifield
A1USE Poincare.Longrun.Evolution.gibbsTerm_strictAnti NormedField.toField
A1USE Poincare.Longrun.Evolution.gibbsTerm_strictAnti NontriviallyNormedField.toNormedField
A1USE Poincare.Longrun.Evolution.gibbsTerm_strictAnti UniformSpace.toTopologicalSpace
A1USE Poincare.Longrun.Evolution.gibbsTerm_strictAnti PseudoMetricSpace.toUniformSpace
A1USE Poincare.Longrun.Evolution.gibbsTerm_strictAnti Real.pseudoMetricSpace
A1USE Poincare.Longrun.Evolution.gibbsTerm_strictAnti HMul.hMul
A1USE Poincare.Longrun.Evolution.gibbsTerm_strictAnti instHMul
A1USE Poincare.Longrun.Evolution.gibbsTerm_strictAnti Real.instMul
A1USE Poincare.Longrun.Evolution.gibbsTerm_strictAnti Neg.neg
A1USE Poincare.Longrun.Evolution.gibbsTerm_strictAnti Real.instNeg
A1USE Poincare.Longrun.Evolution.gibbsTerm_strictAnti HAdd.hAdd
A1USE Poincare.Longrun.Evolution.gibbsTerm_strictAnti instHAdd
A1USE Poincare.Longrun.Evolution.gibbsTerm_strictAnti Real.instAdd
A1USE Poincare.Longrun.Evolution.gibbsTerm_strictAnti HPow.hPow
A1USE Poincare.Longrun.Evolution.gibbsTerm_strictAnti Nat
A1USE Poincare.Longrun.Evolution.gibbsTerm_strictAnti instHPow
A1USE Poincare.Longrun.Evolution.gibbsTerm_strictAnti NPow.toPow
A1USE Poincare.Longrun.Evolution.gibbsTerm_strictAnti Monoid.toNPow
A1USE Poincare.Longrun.Evolution.gibbsTerm_strictAnti Real.instMonoid
A1USE Poincare.Longrun.Evolution.gibbsTerm_strictAnti HSub.hSub
A1USE Poincare.Longrun.Evolution.gibbsTerm_strictAnti instHSub
A1USE Poincare.Longrun.Evolution.gibbsTerm_strictAnti Real.instSub
A1USE Poincare.Longrun.Evolution.gibbsTerm_strictAnti instOfNatNat
A1USE Poincare.Longrun.Evolution.gibbsTerm_strictAnti Real.exp
A1USE Poincare.Longrun.Evolution.gibbsTerm_strictAnti HasDerivAt.deriv
A1USE Poincare.Longrun.Evolution.gibbsTerm_strictAnti Real.normedAddCommGroup
A1USE Poincare.Longrun.Evolution.gibbsTerm_strictAnti InnerProductSpace.toNormedSpace
A1USE Poincare.Longrun.Evolution.gibbsTerm_strictAnti Real.instRCLike
A1USE Poincare.Longrun.Evolution.gibbsTerm_strictAnti NormedAddCommGroup.toSeminormedAddCommGroup
A1USE Poincare.Longrun.Evolution.gibbsTerm_strictAnti RCLike.toInnerProductSpaceReal
A1USE Poincare.Longrun.Evolution.gibbsTerm_strictAnti Poincare.Longrun.Evolution.gibbsTerm_hasDerivAt
A1USE Poincare.Longrun.Evolution.gibbsTerm_strictAnti Real.instLT
A1USE Poincare.Longrun.Evolution.gibbsTerm_strictAnti Zero.toOfNat0
A1USE Poincare.Longrun.Evolution.gibbsTerm_strictAnti Real.instZero
A1USE Poincare.Longrun.Evolution.gibbsTerm_strictAnti lt_of_not_ge
A1USE Poincare.Longrun.Evolution.gibbsTerm_strictAnti Real.linearOrder
A1USE Poincare.Longrun.Evolution.gibbsTerm_strictAnti Preorder.toLE
A1USE Poincare.Longrun.Evolution.gibbsTerm_strictAnti LinearOrder.toPartialOrder
A1USE Poincare.Longrun.Evolution.gibbsTerm_strictAnti Mathlib.Tactic.Linarith.lt_irrefl
A1USE Poincare.Longrun.Evolution.gibbsTerm_strictAnti Eq.mp
A1USE Poincare.Longrun.Evolution.gibbsTerm_strictAnti AddSemigroup.toAdd
A1USE Poincare.Longrun.Evolution.gibbsTerm_strictAnti AddMonoid.toAddSemigroup
A1USE Poincare.Longrun.Evolution.gibbsTerm_strictAnti Real.instAddMonoid
A1USE Poincare.Longrun.Evolution.gibbsTerm_strictAnti SubNegMonoid.toSub
A1USE Poincare.Longrun.Evolution.gibbsTerm_strictAnti AddGroup.toSubNegMonoid
A1USE Poincare.Longrun.Evolution.gibbsTerm_strictAnti AddGroupWithOne.toAddGroup
A1USE Poincare.Longrun.Evolution.gibbsTerm_strictAnti Ring.toAddGroupWithOne
A1USE Poincare.Longrun.Evolution.gibbsTerm_strictAnti Real.instRing
A1USE Poincare.Longrun.Evolution.gibbsTerm_strictAnti MulZeroClass.toZero
A1USE Poincare.Longrun.Evolution.gibbsTerm_strictAnti instMulZeroClassOfSemiring
A1USE Poincare.Longrun.Evolution.gibbsTerm_strictAnti Ring.toSemiring
A1USE Poincare.Longrun.Evolution.gibbsTerm_strictAnti congrArg
A1USE Poincare.Longrun.Evolution.gibbsTerm_strictAnti Mathlib.Tactic.Ring.of_eq
A1USE Poincare.Longrun.Evolution.gibbsTerm_strictAnti Real.instCommSemiring
A1USE Poincare.Longrun.Evolution.gibbsTerm_strictAnti Mathlib.Tactic.Ring.Common.add_congr
A1USE Poincare.Longrun.Evolution.gibbsTerm_strictAnti Distrib.toAdd
A1USE Poincare.Longrun.Evolution.gibbsTerm_strictAnti instDistribOfSemiring
A1USE Poincare.Longrun.Evolution.gibbsTerm_strictAnti Nat.rawCast
A1USE Poincare.Longrun.Evolution.gibbsTerm_strictAnti AddCommMonoidWithOne.toAddMonoidWithOne
A1USE Poincare.Longrun.Evolution.gibbsTerm_strictAnti NonAssocSemiring.toAddCommMonoidWithOne
A1USE Poincare.Longrun.Evolution.gibbsTerm_strictAnti Semiring.toNonAssocSemiring
A1USE Poincare.Longrun.Evolution.gibbsTerm_strictAnti Distrib.toMul
A1USE Poincare.Longrun.Evolution.gibbsTerm_strictAnti Semiring.toMonoid
A1USE Poincare.Longrun.Evolution.gibbsTerm_strictAnti Nat.instCommSemiring
A1USE Poincare.Longrun.Evolution.gibbsTerm_strictAnti Int.rawCast
A1USE Poincare.Longrun.Evolution.gibbsTerm_strictAnti inferInstance
A1USE Poincare.Longrun.Evolution.gibbsTerm_strictAnti Ring
A1USE Poincare.Longrun.Evolution.gibbsTerm_strictAnti CommRing.toRing
A1USE Poincare.Longrun.Evolution.gibbsTerm_strictAnti Real.commRing
A1USE Poincare.Longrun.Evolution.gibbsTerm_strictAnti Int.negOfNat
A1USE Poincare.Longrun.Evolution.gibbsTerm_strictAnti Mathlib.Tactic.Ring.Common.sub_congr
A1USE Poincare.Longrun.Evolution.gibbsTerm_strictAnti Mathlib.Tactic.Ring.cast_pos
A1USE Poincare.Longrun.Evolution.gibbsTerm_strictAnti Mathlib.Meta.NormNum.isNat_ofNat
A1USE Poincare.Longrun.Evolution.gibbsTerm_strictAnti AddGroupWithOne.toAddMonoidWithOne
A1USE Poincare.Longrun.Evolution.gibbsTerm_strictAnti Nat.cast_one
A1USE Poincare.Longrun.Evolution.gibbsTerm_strictAnti Mathlib.Tactic.Ring.Common.atom_pf
A1USE Poincare.Longrun.Evolution.gibbsTerm_strictAnti rfl
A1USE Poincare.Longrun.Evolution.gibbsTerm_strictAnti Eq.mpr
A1USE Poincare.Longrun.Evolution.gibbsTerm_strictAnti id
A1USE Poincare.Longrun.Evolution.gibbsTerm_strictAnti Eq.symm
A1USE Poincare.Longrun.Evolution.gibbsTerm_strictAnti Eq.refl
A1USE Poincare.Longrun.Evolution.gibbsTerm_strictAnti Mathlib.Tactic.Ring.Common.sub_pf
A1USE Poincare.Longrun.Evolution.gibbsTerm_strictAnti Mathlib.Tactic.Ring.Common.neg_add
A1USE Poincare.Longrun.Evolution.gibbsTerm_strictAnti Mathlib.Tactic.Ring.Common.neg_mul
A1USE Poincare.Longrun.Evolution.gibbsTerm_strictAnti Mathlib.Meta.NormNum.IsInt.to_raw_eq
A1USE Poincare.Longrun.Evolution.gibbsTerm_strictAnti NegZeroClass.toNeg
A1USE Poincare.Longrun.Evolution.gibbsTerm_strictAnti SubNegZeroMonoid.toNegZeroClass
A1USE Poincare.Longrun.Evolution.gibbsTerm_strictAnti SubtractionMonoid.toSubNegZeroMonoid
A1USE Poincare.Longrun.Evolution.gibbsTerm_strictAnti SubtractionCommMonoid.toSubtractionMonoid
A1USE Poincare.Longrun.Evolution.gibbsTerm_strictAnti AddCommGroup.toDivisionAddCommMonoid
A1USE Poincare.Longrun.Evolution.gibbsTerm_strictAnti Ring.toAddCommGroup
A1USE Poincare.Longrun.Evolution.gibbsTerm_strictAnti Mathlib.Meta.NormNum.isInt_neg
A1USE Poincare.Longrun.Evolution.gibbsTerm_strictAnti Int.ofNat
A1USE Poincare.Longrun.Evolution.gibbsTerm_strictAnti Mathlib.Meta.NormNum.IsNat.to_isInt
A1USE Poincare.Longrun.Evolution.gibbsTerm_strictAnti Mathlib.Meta.NormNum.IsNat.of_raw
A1USE Poincare.Longrun.Evolution.gibbsTerm_strictAnti Int
A1USE Poincare.Longrun.Evolution.gibbsTerm_strictAnti Mathlib.Tactic.Ring.Common.neg_zero
A1USE Poincare.Longrun.Evolution.gibbsTerm_strictAnti Mathlib.Tactic.Ring.Common.add_pf_add_lt
A1USE Poincare.Longrun.Evolution.gibbsTerm_strictAnti Mathlib.Tactic.Ring.Common.add_pf_zero_add
A1USE Poincare.Longrun.Evolution.gibbsTerm_strictAnti Mathlib.Tactic.Ring.Common.add_pf_add_gt
A1USE Poincare.Longrun.Evolution.gibbsTerm_strictAnti Mathlib.Tactic.Ring.Common.add_pf_add_zero
A1USE Poincare.Longrun.Evolution.gibbsTerm_strictAnti Mathlib.Tactic.Ring.cast_zero
A1USE Poincare.Longrun.Evolution.gibbsTerm_strictAnti Nat.cast_zero
A1USE Poincare.Longrun.Evolution.gibbsTerm_strictAnti Mathlib.Tactic.Ring.Common.add_pf_add_overlap_zero
A1USE Poincare.Longrun.Evolution.gibbsTerm_strictAnti Mathlib.Meta.NormNum.IsInt.to_isNat
A1USE Poincare.Longrun.Evolution.gibbsTerm_strictAnti Mathlib.Meta.NormNum.isInt_add
A1USE Poincare.Longrun.Evolution.gibbsTerm_strictAnti Mathlib.Meta.NormNum.IsInt.of_raw
A1USE Poincare.Longrun.Evolution.gibbsTerm_strictAnti Mathlib.Tactic.Ring.Common.add_overlap_pf_zero
A1USE Poincare.Longrun.Evolution.gibbsTerm_strictAnti Mathlib.Tactic.Linarith.add_lt_of_neg_of_le
A1USE Poincare.Longrun.Evolution.gibbsTerm_strictAnti Real.semiring
A1USE Poincare.Longrun.Evolution.gibbsTerm_strictAnti Real.instIsStrictOrderedRing
A1USE Poincare.Longrun.Evolution.gibbsTerm_strictAnti Mathlib.Tactic.Linarith.sub_neg_of_lt
A1USE Poincare.Longrun.Evolution.gibbsTerm_strictAnti Real.instIsOrderedRing
A1USE Poincare.Longrun.Evolution.gibbsTerm_strictAnti Mathlib.Tactic.Linarith.sub_nonpos_of_le
A1USE Poincare.Longrun.Evolution.gibbsTerm_strictAnti SemilatticeInf.toPartialOrder
A1USE Poincare.Longrun.Evolution.gibbsTerm_strictAnti Lattice.toSemilatticeInf
A1USE Poincare.Longrun.Evolution.gibbsTerm_strictAnti DistribLattice.toLattice
A1USE Poincare.Longrun.Evolution.gibbsTerm_strictAnti instDistribLatticeOfLinearOrder
A1USE Poincare.Longrun.Evolution.gibbsTerm_strictAnti sq_nonneg
A1USE Poincare.Longrun.Evolution.gibbsTerm_strictAnti AddGroup.existsAddOfLE
A1USE Poincare.Longrun.Evolution.gibbsTerm_strictAnti Real.instAddGroup
A1USE Poincare.Longrun.Evolution.gibbsTerm_strictAnti IsOrderedRing.toPosMulMono
A1USE Poincare.Longrun.Evolution.gibbsTerm_strictAnti IsOrderedAddMonoid.toAddLeftMono
A1USE Poincare.Longrun.Evolution.gibbsTerm_strictAnti Real.instAddCommMonoid
A1USE Poincare.Longrun.Evolution.gibbsTerm_strictAnti Real.instIsOrderedAddMonoid
A1USE Poincare.Longrun.Evolution.gibbsTerm_strictAnti Mathlib.Meta.NormNum.instAddMonoidWithOne
A1USE Poincare.Longrun.Evolution.gibbsTerm_strictAnti Mathlib.Tactic.Ring.Common.pow_congr
A1USE Poincare.Longrun.Evolution.gibbsTerm_strictAnti Nat.instAddMonoidWithOne
A1USE Poincare.Longrun.Evolution.gibbsTerm_strictAnti Mathlib.Tactic.Ring.Common.pow_add
A1USE Poincare.Longrun.Evolution.gibbsTerm_strictAnti Mathlib.Tactic.Ring.Common.pow_nat
A1USE Poincare.Longrun.Evolution.gibbsTerm_strictAnti Mathlib.Tactic.Ring.Common.coeff_one
A1USE Poincare.Longrun.Evolution.gibbsTerm_strictAnti Mathlib.Tactic.Ring.Common.pow_one_cast_of_isNat
A1USE Poincare.Longrun.Evolution.gibbsTerm_strictAnti Mathlib.Meta.NormNum.IsNat.mk
A1USE Poincare.Longrun.Evolution.gibbsTerm_strictAnti Mathlib.Tactic.Ring.Common.pow_bit0
A1USE Poincare.Longrun.Evolution.gibbsTerm_strictAnti Mathlib.Tactic.Ring.Common.pow_one
A1USE Poincare.Longrun.Evolution.gibbsTerm_strictAnti Mathlib.Tactic.Ring.Common.add_mul
A1USE Poincare.Longrun.Evolution.gibbsTerm_strictAnti Mathlib.Tactic.Ring.Common.mul_add
A1USE Poincare.Longrun.Evolution.gibbsTerm_strictAnti Mathlib.Meta.NormNum.IsNat.to_raw_eq
A1USE Poincare.Longrun.Evolution.gibbsTerm_strictAnti Mathlib.Meta.NormNum.isInt_mul
A1USE Poincare.Longrun.Evolution.gibbsTerm_strictAnti Mathlib.Tactic.Ring.Common.mul_pf_right
A1USE Poincare.Longrun.Evolution.gibbsTerm_strictAnti Mathlib.Tactic.Ring.Common.mul_zero
A1USE Poincare.Longrun.Evolution.gibbsTerm_strictAnti Mathlib.Tactic.Ring.Common.mul_pf_left
A1USE Poincare.Longrun.Evolution.gibbsTerm_strictAnti Mathlib.Tactic.Ring.Common.mul_pp_pf_overlap
A1USE Poincare.Longrun.Evolution.gibbsTerm_strictAnti Mathlib.Meta.NormNum.isNat_add
A1USE Poincare.Longrun.Evolution.gibbsTerm_strictAnti Mathlib.Meta.NormNum.isNat_mul
A1USE Poincare.Longrun.Evolution.gibbsTerm_strictAnti Mathlib.Tactic.Ring.Common.zero_mul
A1USE Poincare.Longrun.Evolution.gibbsTerm_strictAnti Mathlib.Tactic.Ring.Common.add_pf_add_overlap
A1USE Poincare.Longrun.Evolution.gibbsTerm_strictAnti Mathlib.Tactic.Ring.Common.add_overlap_pf
A1USE Poincare.Longrun.Evolution.gibbsTerm_strictAnti Mathlib.Tactic.Ring.Common.pow_zero
A1USE Poincare.Longrun.Evolution.gibbsTerm_strictAnti Real.exp_pos
A1USE Poincare.Longrun.Evolution.gibbsTerm_strictAnti Mathlib.Tactic.Ring.Common.mul_congr
A1USE Poincare.Longrun.Evolution.gibbsTerm_strictAnti Mathlib.Tactic.Ring.Common.neg_congr
A1USE Poincare.Longrun.Evolution.gibbsTerm_strictAnti Mathlib.Tactic.Linarith.add_lt_of_le_of_neg
A1USE Poincare.Longrun.Evolution.gibbsTerm_strictAnti Mathlib.Tactic.Linarith.add_nonpos
A1USE Poincare.Longrun.Evolution.gibbsTerm_strictAnti mul_nonneg_of_nonpos_of_nonpos
A1USE Poincare.Longrun.Evolution.gibbsTerm_strictAnti IsOrderedRing.toMulPosMono
A1USE Poincare.Longrun.Evolution.gibbsTerm_strictAnti IsOrderedAddMonoid.toAddRightMono
A1USE Poincare.Longrun.Evolution.gibbsTerm_strictAnti IsRightCancelAdd.addRightReflectLE_of_addRightReflectLT
A1USE Poincare.Longrun.Evolution.gibbsTerm_strictAnti instIsRightCancelAddOfAddRightReflectLE
A1USE Poincare.Longrun.Evolution.gibbsTerm_strictAnti addRightReflectLE_of_addLeftReflectLE
A1USE Poincare.Longrun.Evolution.gibbsTerm_strictAnti Real.instAddCommSemigroup
A1USE Poincare.Longrun.Evolution.gibbsTerm_strictAnti IsLeftCancelAdd.addLeftReflectLE_of_addLeftReflectLT
A1USE Poincare.Longrun.Evolution.gibbsTerm_strictAnti AddCommMagma.toAdd
A1USE Poincare.Longrun.Evolution.gibbsTerm_strictAnti AddCommSemigroup.toAddCommMagma
A1USE Poincare.Longrun.Evolution.gibbsTerm_strictAnti AddLeftCancelSemigroup.toIsLeftCancelAdd
A1USE Poincare.Longrun.Evolution.gibbsTerm_strictAnti Real.instAddLeftCancelSemigroup
A1USE Poincare.Longrun.Evolution.gibbsTerm_strictAnti contravariant_lt_of_covariant_le
A1USE Poincare.Longrun.Evolution.gibbsTerm_strictAnti Function.swap
A1USE Poincare.Longrun.Evolution.gibbsTerm_strictAnti le_of_lt
A1USE Poincare.Longrun.Evolution.gibbsTerm_strictAnti mul_pos_of_neg_of_neg
A1USE Poincare.Longrun.Evolution.gibbsTerm_strictAnti IsStrictOrderedRing.toMulPosStrictMono
A1USE Poincare.Longrun.Evolution.gibbsTerm_strictAnti IsRightCancelAdd.addRightStrictMono_of_addRightMono
A1USE Poincare.Longrun.Evolution.gibbsTerm_strictAnti Eq.ndrec
A1USE Poincare.Longrun.Evolution.gibbsTerm_strictAnti Continuous
A1USE Poincare.Longrun.Evolution.gibbsTerm_strictAnti Continuous.comp'
A1USE Poincare.Longrun.Evolution.gibbsTerm_strictAnti Prod
A1USE Poincare.Longrun.Evolution.gibbsTerm_strictAnti instTopologicalSpaceProd
A1USE Poincare.Longrun.Evolution.gibbsTerm_strictAnti Prod.mk
A1USE Poincare.Longrun.Evolution.gibbsTerm_strictAnti Prod.fst
A1USE Poincare.Longrun.Evolution.gibbsTerm_strictAnti Prod.snd
A1USE Poincare.Longrun.Evolution.gibbsTerm_strictAnti continuous_mul
A1USE Poincare.Longrun.Evolution.gibbsTerm_strictAnti IsTopologicalSemiring.toContinuousMul
A1USE Poincare.Longrun.Evolution.gibbsTerm_strictAnti NonUnitalNonAssocRing.toNonUnitalNonAssocSemiring
A1USE Poincare.Longrun.Evolution.gibbsTerm_strictAnti NonUnitalNonAssocCommRing.toNonUnitalNonAssocRing
A1USE Poincare.Longrun.Evolution.gibbsTerm_strictAnti NonUnitalCommRing.toNonUnitalNonAssocCommRing
A1USE Poincare.Longrun.Evolution.gibbsTerm_strictAnti CommRing.toNonUnitalCommRing
A1USE Poincare.Longrun.Evolution.gibbsTerm_strictAnti IsTopologicalRing.toIsTopologicalSemiring
A1USE Poincare.Longrun.Evolution.gibbsTerm_strictAnti instIsTopologicalRingReal
A1USE Poincare.Longrun.Evolution.gibbsTerm_strictAnti Continuous.prodMk
A1USE Poincare.Longrun.Evolution.gibbsTerm_strictAnti Continuous.const_add
A1USE Poincare.Longrun.Evolution.gibbsTerm_strictAnti instSeparatelyContinuousAddOfContinuousAdd
A1USE Poincare.Longrun.Evolution.gibbsTerm_strictAnti IsSemitopologicalSemiring.toContinuousAdd
A1USE Poincare.Longrun.Evolution.gibbsTerm_strictAnti IsSemitopologicalRing.toIsSemitopologicalSemiring
A1USE Poincare.Longrun.Evolution.gibbsTerm_strictAnti IsTopologicalRing.toIsSemitopologicalRing
A1USE Poincare.Longrun.Evolution.gibbsTerm_strictAnti Continuous.fun_pow
A1USE Poincare.Longrun.Evolution.gibbsTerm_strictAnti continuous_id'
A1USE Poincare.Longrun.Evolution.gibbsTerm_strictAnti Continuous.rexp
A1USE Poincare.Longrun.Evolution.gibbsTerm_strictAnti Continuous.fun_neg
A1USE Poincare.Longrun.Evolution.gibbsTerm_strictAnti IsSemitopologicalRing.toContinuousNeg
A1USE Poincare.Longrun.Evolution.gibbsTerm_strictAnti NormedAddCommGroup.toAddCommGroup
A1USE Poincare.Longrun.Evolution.gibbsTerm_strictAnti NormedSpace.toModule
A1USE Poincare.Longrun.Evolution.gibbsTerm_strictAnti SeminormedAddCommGroup.toPseudoMetricSpace
A1USE Poincare.Longrun.Evolution.gibbsTerm_strictAnti Ne
A1USE Poincare.Longrun.Evolution.gibbsTerm_strictAnti sq_pos_of_ne_zero
A1USE Poincare.Longrun.Evolution.gibbsTerm_strictAnti Iff.mpr
A1USE Poincare.Longrun.Evolution.gibbsTerm_strictAnti NegZeroClass.toZero
A1USE Poincare.Longrun.Evolution.gibbsTerm_strictAnti AddGroup.toSubtractionMonoid
A1USE Poincare.Longrun.Evolution.gibbsTerm_strictAnti sub_ne_zero
A1USE Poincare.Longrun.Evolution.gibbsTerm_strictAnti StrictAntiOn
A1USE Poincare.Longrun.Evolution.gibbsTerm_strictAnti Set.Iic
A1USE Poincare.Longrun.Evolution.gibbsTerm_strictAnti strictAntiOn_of_deriv_neg
A1USE Poincare.Longrun.Evolution.gibbsTerm_strictAnti convex_Iic
A1USE Poincare.Longrun.Evolution.gibbsTerm_strictAnti IsOrderedModule.toPosSMulMono
A1USE Poincare.Longrun.Evolution.gibbsTerm_strictAnti SMulZeroClass.toSMul
A1USE Poincare.Longrun.Evolution.gibbsTerm_strictAnti AddZero.toZero
A1USE Poincare.Longrun.Evolution.gibbsTerm_strictAnti AddZeroClass.toAddZero
A1USE Poincare.Longrun.Evolution.gibbsTerm_strictAnti AddMonoid.toAddZeroClass
A1USE Poincare.Longrun.Evolution.gibbsTerm_strictAnti AddCommMonoid.toAddMonoid
A1USE Poincare.Longrun.Evolution.gibbsTerm_strictAnti DistribSMul.toSMulZeroClass
A1USE Poincare.Longrun.Evolution.gibbsTerm_strictAnti DistribMulAction.toDistribSMul
A1USE Poincare.Longrun.Evolution.gibbsTerm_strictAnti Module.toDistribMulAction
A1USE Poincare.Longrun.Evolution.gibbsTerm_strictAnti IsStrictOrderedModule.toIsOrderedModule
A1USE Poincare.Longrun.Evolution.gibbsTerm_strictAnti MulZeroClass.toSMulWithZero
A1USE Poincare.Longrun.Evolution.gibbsTerm_strictAnti IsStrictOrderedRing.toIsStrictOrderedModule
A1USE Poincare.Longrun.Evolution.gibbsTerm_strictAnti Continuous.continuousOn
A1USE Poincare.Longrun.Evolution.gibbsTerm_strictAnti Membership.mem
A1USE Poincare.Longrun.Evolution.gibbsTerm_strictAnti Set
A1USE Poincare.Longrun.Evolution.gibbsTerm_strictAnti Set.instMembership
A1USE Poincare.Longrun.Evolution.gibbsTerm_strictAnti interior
A1USE Poincare.Longrun.Evolution.gibbsTerm_strictAnti ne_of_lt
A1USE Poincare.Longrun.Evolution.gibbsTerm_strictAnti Set.Iio
A1USE Poincare.Longrun.Evolution.gibbsTerm_strictAnti interior_Iic
A1USE Poincare.Longrun.Evolution.gibbsTerm_strictAnti instOrderTopologyReal
A1USE Poincare.Longrun.Evolution.gibbsTerm_strictAnti LinearOrderedSemiField.toDenselyOrdered
A1USE Poincare.Longrun.Evolution.gibbsTerm_strictAnti Real.instField
A1USE Poincare.Longrun.Evolution.gibbsTerm_strictAnti PosMulReflectLE.toPosMulReflectLT
A1USE Poincare.Longrun.Evolution.gibbsTerm_strictAnti PosMulStrictMono.toPosMulReflectLE
A1USE Poincare.Longrun.Evolution.gibbsTerm_strictAnti MulZeroClass.toMul
A1USE Poincare.Longrun.Evolution.gibbsTerm_strictAnti IsStrictOrderedRing.toPosMulStrictMono
A1USE Poincare.Longrun.Evolution.gibbsTerm_strictAnti instNoMaxOrderOfNontrivial
A1USE Poincare.Longrun.Evolution.gibbsTerm_strictAnti Real.instNontrivial
A1USE Poincare.Longrun.Evolution.gibbsTerm_strictAnti Set.Ici
A1USE Poincare.Longrun.Evolution.gibbsTerm_strictAnti convex_Ici
A1USE Poincare.Longrun.Evolution.gibbsTerm_strictAnti ne_of_gt
A1USE Poincare.Longrun.Evolution.gibbsTerm_strictAnti Set.Ioi
A1USE Poincare.Longrun.Evolution.gibbsTerm_strictAnti interior_Ici
A1USE Poincare.Longrun.Evolution.gibbsTerm_strictAnti instNoMinOrderOfNontrivial
A1USE Poincare.Longrun.Evolution.gibbsTerm_strictAnti le_or_gt
A1USE Poincare.Longrun.Evolution.gibbsTerm_strictAnti Set.mem_Iic
A1USE Poincare.Longrun.Evolution.gibbsTerm_strictAnti lt_of_lt_of_le
A1USE Poincare.Longrun.Evolution.gibbsTerm_strictAnti dite
A1USE Poincare.Longrun.Evolution.gibbsTerm_strictAnti Real.decidableLE
A1USE Poincare.Longrun.Evolution.gibbsTerm_strictAnti Set.mem_Ici
A1USE Poincare.Longrun.Evolution.gibbsTerm_strictAnti Not
A1USE Poincare.Longrun.Evolution.gibbsTerm_strictAnti Poincare.Longrun.Evolution.gibbsTerm_strictAnti._simp_1_1
A1USE Poincare.Longrun.Evolution.gibbsTerm_strictAnti le_refl
A1USE Poincare.Longrun.Evolution.gibbsTerm_strictAnti LT.lt.trans
A1USEN Poincare.Longrun.Evolution.gibbsTerm_step_lt 44
A1USE Poincare.Longrun.Evolution.gibbsTerm_step_lt Real
A1USE Poincare.Longrun.Evolution.gibbsTerm_step_lt LE.le
A1USE Poincare.Longrun.Evolution.gibbsTerm_step_lt Real.instLE
A1USE Poincare.Longrun.Evolution.gibbsTerm_step_lt OfNat.ofNat
A1USE Poincare.Longrun.Evolution.gibbsTerm_step_lt One.toOfNat1
A1USE Poincare.Longrun.Evolution.gibbsTerm_step_lt Real.instOne
A1USE Poincare.Longrun.Evolution.gibbsTerm_step_lt LT.lt
A1USE Poincare.Longrun.Evolution.gibbsTerm_step_lt Real.instLT
A1USE Poincare.Longrun.Evolution.gibbsTerm_step_lt Zero.toOfNat0
A1USE Poincare.Longrun.Evolution.gibbsTerm_step_lt Real.instZero
A1USE Poincare.Longrun.Evolution.gibbsTerm_step_lt Poincare.Longrun.Evolution.gibbsTerm
A1USE Poincare.Longrun.Evolution.gibbsTerm_step_lt HAdd.hAdd
A1USE Poincare.Longrun.Evolution.gibbsTerm_step_lt instHAdd
A1USE Poincare.Longrun.Evolution.gibbsTerm_step_lt Real.instAdd
A1USE Poincare.Longrun.Evolution.gibbsTerm_step_lt Real
A1USE Poincare.Longrun.Evolution.gibbsTerm_step_lt LE.le
A1USE Poincare.Longrun.Evolution.gibbsTerm_step_lt Real.instLE
A1USE Poincare.Longrun.Evolution.gibbsTerm_step_lt OfNat.ofNat
A1USE Poincare.Longrun.Evolution.gibbsTerm_step_lt One.toOfNat1
A1USE Poincare.Longrun.Evolution.gibbsTerm_step_lt Real.instOne
A1USE Poincare.Longrun.Evolution.gibbsTerm_step_lt LT.lt
A1USE Poincare.Longrun.Evolution.gibbsTerm_step_lt Real.instLT
A1USE Poincare.Longrun.Evolution.gibbsTerm_step_lt Zero.toOfNat0
A1USE Poincare.Longrun.Evolution.gibbsTerm_step_lt Real.instZero
A1USE Poincare.Longrun.Evolution.gibbsTerm_step_lt Poincare.Longrun.Evolution.gibbsTerm_strictAnti
A1USE Poincare.Longrun.Evolution.gibbsTerm_step_lt HAdd.hAdd
A1USE Poincare.Longrun.Evolution.gibbsTerm_step_lt instHAdd
A1USE Poincare.Longrun.Evolution.gibbsTerm_step_lt Real.instAdd
A1USE Poincare.Longrun.Evolution.gibbsTerm_step_lt lt_add_of_pos_right
A1USE Poincare.Longrun.Evolution.gibbsTerm_step_lt AddMonoid.toAddZeroClass
A1USE Poincare.Longrun.Evolution.gibbsTerm_step_lt Real.instAddMonoid
A1USE Poincare.Longrun.Evolution.gibbsTerm_step_lt IsLeftCancelAdd.addLeftStrictMono_of_addLeftMono
A1USE Poincare.Longrun.Evolution.gibbsTerm_step_lt AddZero.toAdd
A1USE Poincare.Longrun.Evolution.gibbsTerm_step_lt AddZeroClass.toAddZero
A1USE Poincare.Longrun.Evolution.gibbsTerm_step_lt instIsLeftCancelAddOfAddLeftReflectLE
A1USE Poincare.Longrun.Evolution.gibbsTerm_step_lt Real.partialOrder
A1USE Poincare.Longrun.Evolution.gibbsTerm_step_lt AddGroup.addLeftReflectLE_of_addLeftMono
A1USE Poincare.Longrun.Evolution.gibbsTerm_step_lt Real.instAddGroup
A1USE Poincare.Longrun.Evolution.gibbsTerm_step_lt Preorder.toLE
A1USE Poincare.Longrun.Evolution.gibbsTerm_step_lt PartialOrder.toPreorder
A1USE Poincare.Longrun.Evolution.gibbsTerm_step_lt IsOrderedAddMonoid.toAddLeftMono
A1USE Poincare.Longrun.Evolution.gibbsTerm_step_lt Real.instAddCommMonoid
A1USE Poincare.Longrun.Evolution.gibbsTerm_step_lt Real.instPreorder
A1USE Poincare.Longrun.Evolution.gibbsTerm_step_lt Real.instIsOrderedAddMonoid
A1USEN Poincare.Longrun.Evolution.perelmanF_step_lt 90
A1USE Poincare.Longrun.Evolution.perelmanF_step_lt Fintype
A1USE Poincare.Longrun.Evolution.perelmanF_step_lt Poincare.Longrun.CurvatureODE.ReactionField
A1USE Poincare.Longrun.Evolution.perelmanF_step_lt Real
A1USE Poincare.Longrun.Evolution.perelmanF_step_lt LE.le
A1USE Poincare.Longrun.Evolution.perelmanF_step_lt Real.instLE
A1USE Poincare.Longrun.Evolution.perelmanF_step_lt OfNat.ofNat
A1USE Poincare.Longrun.Evolution.perelmanF_step_lt One.toOfNat1
A1USE Poincare.Longrun.Evolution.perelmanF_step_lt Real.instOne
A1USE Poincare.Longrun.Evolution.perelmanF_step_lt LT.lt
A1USE Poincare.Longrun.Evolution.perelmanF_step_lt Real.instLT
A1USE Poincare.Longrun.Evolution.perelmanF_step_lt Zero.toOfNat0
A1USE Poincare.Longrun.Evolution.perelmanF_step_lt Real.instZero
A1USE Poincare.Longrun.Evolution.perelmanF_step_lt Nat
A1USE Poincare.Longrun.Evolution.perelmanF_step_lt Poincare.Longrun.CurvatureODE.DiscreteEvolution
A1USE Poincare.Longrun.Evolution.perelmanF_step_lt Poincare.Longrun.CurvatureODE.ReactionField.eval
A1USE Poincare.Longrun.Evolution.perelmanF_step_lt Poincare.Longrun.Evolution.perelmanF
A1USE Poincare.Longrun.Evolution.perelmanF_step_lt HAdd.hAdd
A1USE Poincare.Longrun.Evolution.perelmanF_step_lt instHAdd
A1USE Poincare.Longrun.Evolution.perelmanF_step_lt instAddNat
A1USE Poincare.Longrun.Evolution.perelmanF_step_lt instOfNatNat
A1USE Poincare.Longrun.Evolution.perelmanF_step_lt Fintype
A1USE Poincare.Longrun.Evolution.perelmanF_step_lt Poincare.Longrun.CurvatureODE.ReactionField
A1USE Poincare.Longrun.Evolution.perelmanF_step_lt Real
A1USE Poincare.Longrun.Evolution.perelmanF_step_lt LE.le
A1USE Poincare.Longrun.Evolution.perelmanF_step_lt Real.instLE
A1USE Poincare.Longrun.Evolution.perelmanF_step_lt OfNat.ofNat
A1USE Poincare.Longrun.Evolution.perelmanF_step_lt One.toOfNat1
A1USE Poincare.Longrun.Evolution.perelmanF_step_lt Real.instOne
A1USE Poincare.Longrun.Evolution.perelmanF_step_lt LT.lt
A1USE Poincare.Longrun.Evolution.perelmanF_step_lt Real.instLT
A1USE Poincare.Longrun.Evolution.perelmanF_step_lt Zero.toOfNat0
A1USE Poincare.Longrun.Evolution.perelmanF_step_lt Real.instZero
A1USE Poincare.Longrun.Evolution.perelmanF_step_lt Nat
A1USE Poincare.Longrun.Evolution.perelmanF_step_lt Poincare.Longrun.CurvatureODE.DiscreteEvolution
A1USE Poincare.Longrun.Evolution.perelmanF_step_lt Poincare.Longrun.CurvatureODE.ReactionField.eval
A1USE Poincare.Longrun.Evolution.perelmanF_step_lt id
A1USE Poincare.Longrun.Evolution.perelmanF_step_lt Poincare.Longrun.Evolution.perelmanF
A1USE Poincare.Longrun.Evolution.perelmanF_step_lt HAdd.hAdd
A1USE Poincare.Longrun.Evolution.perelmanF_step_lt instHAdd
A1USE Poincare.Longrun.Evolution.perelmanF_step_lt instAddNat
A1USE Poincare.Longrun.Evolution.perelmanF_step_lt instOfNatNat
A1USE Poincare.Longrun.Evolution.perelmanF_step_lt Finset.sum_lt_sum
A1USE Poincare.Longrun.Evolution.perelmanF_step_lt Real.instAddCommMonoid
A1USE Poincare.Longrun.Evolution.perelmanF_step_lt Real.instPreorder
A1USE Poincare.Longrun.Evolution.perelmanF_step_lt Real.instIsOrderedCancelAddMonoid
A1USE Poincare.Longrun.Evolution.perelmanF_step_lt Poincare.Longrun.Evolution.gibbsTerm
A1USE Poincare.Longrun.Evolution.perelmanF_step_lt Finset.univ
A1USE Poincare.Longrun.Evolution.perelmanF_step_lt IsLeftCancelAdd.addLeftStrictMono_of_addLeftMono
A1USE Poincare.Longrun.Evolution.perelmanF_step_lt AddZero.toAdd
A1USE Poincare.Longrun.Evolution.perelmanF_step_lt AddZeroClass.toAddZero
A1USE Poincare.Longrun.Evolution.perelmanF_step_lt AddMonoid.toAddZeroClass
A1USE Poincare.Longrun.Evolution.perelmanF_step_lt AddCommMonoid.toAddMonoid
A1USE Poincare.Longrun.Evolution.perelmanF_step_lt instIsLeftCancelAddOfAddLeftReflectLE
A1USE Poincare.Longrun.Evolution.perelmanF_step_lt Real.partialOrder
A1USE Poincare.Longrun.Evolution.perelmanF_step_lt AddGroup.addLeftReflectLE_of_addLeftMono
A1USE Poincare.Longrun.Evolution.perelmanF_step_lt Real.instAddGroup
A1USE Poincare.Longrun.Evolution.perelmanF_step_lt Preorder.toLE
A1USE Poincare.Longrun.Evolution.perelmanF_step_lt PartialOrder.toPreorder
A1USE Poincare.Longrun.Evolution.perelmanF_step_lt IsOrderedAddMonoid.toAddLeftMono
A1USE Poincare.Longrun.Evolution.perelmanF_step_lt Real.instIsOrderedAddMonoid
A1USE Poincare.Longrun.Evolution.perelmanF_step_lt Membership.mem
A1USE Poincare.Longrun.Evolution.perelmanF_step_lt Finset
A1USE Poincare.Longrun.Evolution.perelmanF_step_lt SetLike.instMembership
A1USE Poincare.Longrun.Evolution.perelmanF_step_lt Finset.instSetLike
A1USE Poincare.Longrun.Evolution.perelmanF_step_lt Eq.mpr
A1USE Poincare.Longrun.Evolution.perelmanF_step_lt Real.instAdd
A1USE Poincare.Longrun.Evolution.perelmanF_step_lt HMul.hMul
A1USE Poincare.Longrun.Evolution.perelmanF_step_lt instHMul
A1USE Poincare.Longrun.Evolution.perelmanF_step_lt Real.instMul
A1USE Poincare.Longrun.Evolution.perelmanF_step_lt Eq
A1USE Poincare.Longrun.Evolution.perelmanF_step_lt congrArg
A1USE Poincare.Longrun.Evolution.perelmanF_step_lt Poincare.Longrun.CurvatureODE.DiscreteEvolution.step
A1USE Poincare.Longrun.Evolution.perelmanF_step_lt Poincare.Longrun.Evolution.gibbsTerm_step_le
A1USE Poincare.Longrun.Evolution.perelmanF_step_lt mul_nonneg
A1USE Poincare.Longrun.Evolution.perelmanF_step_lt instMulZeroClassOfSemiring
A1USE Poincare.Longrun.Evolution.perelmanF_step_lt Real.semiring
A1USE Poincare.Longrun.Evolution.perelmanF_step_lt IsOrderedRing.toPosMulMono
A1USE Poincare.Longrun.Evolution.perelmanF_step_lt Real.instIsOrderedRing
A1USE Poincare.Longrun.Evolution.perelmanF_step_lt le_of_lt
A1USE Poincare.Longrun.Evolution.perelmanF_step_lt MulZeroClass.toZero
A1USE Poincare.Longrun.Evolution.perelmanF_step_lt Poincare.Longrun.CurvatureODE.ReactionField.eval_nonneg
A1USE Poincare.Longrun.Evolution.perelmanF_step_lt Exists.intro
A1USE Poincare.Longrun.Evolution.perelmanF_step_lt And
A1USE Poincare.Longrun.Evolution.perelmanF_step_lt Preorder.toLT
A1USE Poincare.Longrun.Evolution.perelmanF_step_lt And.intro
A1USE Poincare.Longrun.Evolution.perelmanF_step_lt Finset.mem_univ
A1USE Poincare.Longrun.Evolution.perelmanF_step_lt Poincare.Longrun.Evolution.gibbsTerm_step_lt
A1USE Poincare.Longrun.Evolution.perelmanF_step_lt mul_pos
A1USE Poincare.Longrun.Evolution.perelmanF_step_lt IsStrictOrderedRing.toPosMulStrictMono
A1USE Poincare.Longrun.Evolution.perelmanF_step_lt Real.instIsStrictOrderedRing
A1USEN Poincare.D7.EvolutionSharp.gibbsTerm_strictAnti_at_threshold_one 14
A1USE Poincare.D7.EvolutionSharp.gibbsTerm_strictAnti_at_threshold_one StrictAnti
A1USE Poincare.D7.EvolutionSharp.gibbsTerm_strictAnti_at_threshold_one Real
A1USE Poincare.D7.EvolutionSharp.gibbsTerm_strictAnti_at_threshold_one Real.instPreorder
A1USE Poincare.D7.EvolutionSharp.gibbsTerm_strictAnti_at_threshold_one Poincare.Longrun.Evolution.gibbsTerm
A1USE Poincare.D7.EvolutionSharp.gibbsTerm_strictAnti_at_threshold_one OfNat.ofNat
A1USE Poincare.D7.EvolutionSharp.gibbsTerm_strictAnti_at_threshold_one One.toOfNat1
A1USE Poincare.D7.EvolutionSharp.gibbsTerm_strictAnti_at_threshold_one Real.instOne
A1USE Poincare.D7.EvolutionSharp.gibbsTerm_strictAnti_at_threshold_one Poincare.Longrun.Evolution.gibbsTerm_strictAnti
A1USE Poincare.D7.EvolutionSharp.gibbsTerm_strictAnti_at_threshold_one OfNat.ofNat
A1USE Poincare.D7.EvolutionSharp.gibbsTerm_strictAnti_at_threshold_one Real
A1USE Poincare.D7.EvolutionSharp.gibbsTerm_strictAnti_at_threshold_one One.toOfNat1
A1USE Poincare.D7.EvolutionSharp.gibbsTerm_strictAnti_at_threshold_one Real.instOne
A1USE Poincare.D7.EvolutionSharp.gibbsTerm_strictAnti_at_threshold_one le_rfl
A1USE Poincare.D7.EvolutionSharp.gibbsTerm_strictAnti_at_threshold_one Real.instPreorder
A1USEN Poincare.D7.EvolutionSharp.perelmanF_step_lt_at_threshold_one 37
A1USE Poincare.D7.EvolutionSharp.perelmanF_step_lt_at_threshold_one Fintype
A1USE Poincare.D7.EvolutionSharp.perelmanF_step_lt_at_threshold_one Poincare.Longrun.CurvatureODE.ReactionField
A1USE Poincare.D7.EvolutionSharp.perelmanF_step_lt_at_threshold_one Real
A1USE Poincare.D7.EvolutionSharp.perelmanF_step_lt_at_threshold_one Eq
A1USE Poincare.D7.EvolutionSharp.perelmanF_step_lt_at_threshold_one OfNat.ofNat
A1USE Poincare.D7.EvolutionSharp.perelmanF_step_lt_at_threshold_one One.toOfNat1
A1USE Poincare.D7.EvolutionSharp.perelmanF_step_lt_at_threshold_one Real.instOne
A1USE Poincare.D7.EvolutionSharp.perelmanF_step_lt_at_threshold_one LT.lt
A1USE Poincare.D7.EvolutionSharp.perelmanF_step_lt_at_threshold_one Real.instLT
A1USE Poincare.D7.EvolutionSharp.perelmanF_step_lt_at_threshold_one Zero.toOfNat0
A1USE Poincare.D7.EvolutionSharp.perelmanF_step_lt_at_threshold_one Real.instZero
A1USE Poincare.D7.EvolutionSharp.perelmanF_step_lt_at_threshold_one Nat
A1USE Poincare.D7.EvolutionSharp.perelmanF_step_lt_at_threshold_one Poincare.Longrun.CurvatureODE.DiscreteEvolution
A1USE Poincare.D7.EvolutionSharp.perelmanF_step_lt_at_threshold_one Poincare.Longrun.CurvatureODE.ReactionField.eval
A1USE Poincare.D7.EvolutionSharp.perelmanF_step_lt_at_threshold_one Poincare.Longrun.Evolution.perelmanF
A1USE Poincare.D7.EvolutionSharp.perelmanF_step_lt_at_threshold_one HAdd.hAdd
A1USE Poincare.D7.EvolutionSharp.perelmanF_step_lt_at_threshold_one instHAdd
A1USE Poincare.D7.EvolutionSharp.perelmanF_step_lt_at_threshold_one instAddNat
A1USE Poincare.D7.EvolutionSharp.perelmanF_step_lt_at_threshold_one instOfNatNat
A1USE Poincare.D7.EvolutionSharp.perelmanF_step_lt_at_threshold_one Fintype
A1USE Poincare.D7.EvolutionSharp.perelmanF_step_lt_at_threshold_one Poincare.Longrun.CurvatureODE.ReactionField
A1USE Poincare.D7.EvolutionSharp.perelmanF_step_lt_at_threshold_one Real
A1USE Poincare.D7.EvolutionSharp.perelmanF_step_lt_at_threshold_one Eq
A1USE Poincare.D7.EvolutionSharp.perelmanF_step_lt_at_threshold_one OfNat.ofNat
A1USE Poincare.D7.EvolutionSharp.perelmanF_step_lt_at_threshold_one One.toOfNat1
A1USE Poincare.D7.EvolutionSharp.perelmanF_step_lt_at_threshold_one Real.instOne
A1USE Poincare.D7.EvolutionSharp.perelmanF_step_lt_at_threshold_one LT.lt
A1USE Poincare.D7.EvolutionSharp.perelmanF_step_lt_at_threshold_one Real.instLT
A1USE Poincare.D7.EvolutionSharp.perelmanF_step_lt_at_threshold_one Zero.toOfNat0
A1USE Poincare.D7.EvolutionSharp.perelmanF_step_lt_at_threshold_one Real.instZero
A1USE Poincare.D7.EvolutionSharp.perelmanF_step_lt_at_threshold_one Nat
A1USE Poincare.D7.EvolutionSharp.perelmanF_step_lt_at_threshold_one Poincare.Longrun.CurvatureODE.DiscreteEvolution
A1USE Poincare.D7.EvolutionSharp.perelmanF_step_lt_at_threshold_one Poincare.Longrun.CurvatureODE.ReactionField.eval
A1USE Poincare.D7.EvolutionSharp.perelmanF_step_lt_at_threshold_one Poincare.Longrun.Evolution.perelmanF_step_lt
A1USE Poincare.D7.EvolutionSharp.perelmanF_step_lt_at_threshold_one le_of_eq
A1USE Poincare.D7.EvolutionSharp.perelmanF_step_lt_at_threshold_one Real.instPreorder
A1USE Poincare.D7.EvolutionSharp.perelmanF_step_lt_at_threshold_one Eq.symm
A1USEN Poincare.D7.EvolutionSharp.perelmanF_step_lt_sharp_of_lt 34
A1USE Poincare.D7.EvolutionSharp.perelmanF_step_lt_sharp_of_lt Fintype
A1USE Poincare.D7.EvolutionSharp.perelmanF_step_lt_sharp_of_lt Poincare.Longrun.CurvatureODE.ReactionField
A1USE Poincare.D7.EvolutionSharp.perelmanF_step_lt_sharp_of_lt Real
A1USE Poincare.D7.EvolutionSharp.perelmanF_step_lt_sharp_of_lt LT.lt
A1USE Poincare.D7.EvolutionSharp.perelmanF_step_lt_sharp_of_lt Real.instLT
A1USE Poincare.D7.EvolutionSharp.perelmanF_step_lt_sharp_of_lt OfNat.ofNat
A1USE Poincare.D7.EvolutionSharp.perelmanF_step_lt_sharp_of_lt One.toOfNat1
A1USE Poincare.D7.EvolutionSharp.perelmanF_step_lt_sharp_of_lt Real.instOne
A1USE Poincare.D7.EvolutionSharp.perelmanF_step_lt_sharp_of_lt Zero.toOfNat0
A1USE Poincare.D7.EvolutionSharp.perelmanF_step_lt_sharp_of_lt Real.instZero
A1USE Poincare.D7.EvolutionSharp.perelmanF_step_lt_sharp_of_lt Nat
A1USE Poincare.D7.EvolutionSharp.perelmanF_step_lt_sharp_of_lt Poincare.Longrun.CurvatureODE.DiscreteEvolution
A1USE Poincare.D7.EvolutionSharp.perelmanF_step_lt_sharp_of_lt Poincare.Longrun.CurvatureODE.ReactionField.eval
A1USE Poincare.D7.EvolutionSharp.perelmanF_step_lt_sharp_of_lt Poincare.Longrun.Evolution.perelmanF
A1USE Poincare.D7.EvolutionSharp.perelmanF_step_lt_sharp_of_lt HAdd.hAdd
A1USE Poincare.D7.EvolutionSharp.perelmanF_step_lt_sharp_of_lt instHAdd
A1USE Poincare.D7.EvolutionSharp.perelmanF_step_lt_sharp_of_lt instAddNat
A1USE Poincare.D7.EvolutionSharp.perelmanF_step_lt_sharp_of_lt instOfNatNat
A1USE Poincare.D7.EvolutionSharp.perelmanF_step_lt_sharp_of_lt Fintype
A1USE Poincare.D7.EvolutionSharp.perelmanF_step_lt_sharp_of_lt Poincare.Longrun.CurvatureODE.ReactionField
A1USE Poincare.D7.EvolutionSharp.perelmanF_step_lt_sharp_of_lt Real
A1USE Poincare.D7.EvolutionSharp.perelmanF_step_lt_sharp_of_lt LT.lt
A1USE Poincare.D7.EvolutionSharp.perelmanF_step_lt_sharp_of_lt Real.instLT
A1USE Poincare.D7.EvolutionSharp.perelmanF_step_lt_sharp_of_lt OfNat.ofNat
A1USE Poincare.D7.EvolutionSharp.perelmanF_step_lt_sharp_of_lt One.toOfNat1
A1USE Poincare.D7.EvolutionSharp.perelmanF_step_lt_sharp_of_lt Real.instOne
A1USE Poincare.D7.EvolutionSharp.perelmanF_step_lt_sharp_of_lt Zero.toOfNat0
A1USE Poincare.D7.EvolutionSharp.perelmanF_step_lt_sharp_of_lt Real.instZero
A1USE Poincare.D7.EvolutionSharp.perelmanF_step_lt_sharp_of_lt Nat
A1USE Poincare.D7.EvolutionSharp.perelmanF_step_lt_sharp_of_lt Poincare.Longrun.CurvatureODE.DiscreteEvolution
A1USE Poincare.D7.EvolutionSharp.perelmanF_step_lt_sharp_of_lt Poincare.Longrun.CurvatureODE.ReactionField.eval
A1USE Poincare.D7.EvolutionSharp.perelmanF_step_lt_sharp_of_lt Poincare.Longrun.Evolution.perelmanF_step_lt
A1USE Poincare.D7.EvolutionSharp.perelmanF_step_lt_sharp_of_lt le_of_lt
A1USE Poincare.D7.EvolutionSharp.perelmanF_step_lt_sharp_of_lt Real.instPreorder
A1USEN Poincare.D7.EvolutionSharp.perelmanF_step_lt_of_one_le 90
A1USE Poincare.D7.EvolutionSharp.perelmanF_step_lt_of_one_le Fintype
A1USE Poincare.D7.EvolutionSharp.perelmanF_step_lt_of_one_le Poincare.Longrun.CurvatureODE.ReactionField
A1USE Poincare.D7.EvolutionSharp.perelmanF_step_lt_of_one_le Real
A1USE Poincare.D7.EvolutionSharp.perelmanF_step_lt_of_one_le LE.le
A1USE Poincare.D7.EvolutionSharp.perelmanF_step_lt_of_one_le Real.instLE
A1USE Poincare.D7.EvolutionSharp.perelmanF_step_lt_of_one_le OfNat.ofNat
A1USE Poincare.D7.EvolutionSharp.perelmanF_step_lt_of_one_le One.toOfNat1
A1USE Poincare.D7.EvolutionSharp.perelmanF_step_lt_of_one_le Real.instOne
A1USE Poincare.D7.EvolutionSharp.perelmanF_step_lt_of_one_le LT.lt
A1USE Poincare.D7.EvolutionSharp.perelmanF_step_lt_of_one_le Real.instLT
A1USE Poincare.D7.EvolutionSharp.perelmanF_step_lt_of_one_le Zero.toOfNat0
A1USE Poincare.D7.EvolutionSharp.perelmanF_step_lt_of_one_le Real.instZero
A1USE Poincare.D7.EvolutionSharp.perelmanF_step_lt_of_one_le Nat
A1USE Poincare.D7.EvolutionSharp.perelmanF_step_lt_of_one_le Poincare.Longrun.CurvatureODE.DiscreteEvolution
A1USE Poincare.D7.EvolutionSharp.perelmanF_step_lt_of_one_le Poincare.Longrun.CurvatureODE.ReactionField.eval
A1USE Poincare.D7.EvolutionSharp.perelmanF_step_lt_of_one_le Poincare.Longrun.Evolution.perelmanF
A1USE Poincare.D7.EvolutionSharp.perelmanF_step_lt_of_one_le HAdd.hAdd
A1USE Poincare.D7.EvolutionSharp.perelmanF_step_lt_of_one_le instHAdd
A1USE Poincare.D7.EvolutionSharp.perelmanF_step_lt_of_one_le instAddNat
A1USE Poincare.D7.EvolutionSharp.perelmanF_step_lt_of_one_le instOfNatNat
A1USE Poincare.D7.EvolutionSharp.perelmanF_step_lt_of_one_le Fintype
A1USE Poincare.D7.EvolutionSharp.perelmanF_step_lt_of_one_le Poincare.Longrun.CurvatureODE.ReactionField
A1USE Poincare.D7.EvolutionSharp.perelmanF_step_lt_of_one_le Real
A1USE Poincare.D7.EvolutionSharp.perelmanF_step_lt_of_one_le LE.le
A1USE Poincare.D7.EvolutionSharp.perelmanF_step_lt_of_one_le Real.instLE
A1USE Poincare.D7.EvolutionSharp.perelmanF_step_lt_of_one_le OfNat.ofNat
A1USE Poincare.D7.EvolutionSharp.perelmanF_step_lt_of_one_le One.toOfNat1
A1USE Poincare.D7.EvolutionSharp.perelmanF_step_lt_of_one_le Real.instOne
A1USE Poincare.D7.EvolutionSharp.perelmanF_step_lt_of_one_le LT.lt
A1USE Poincare.D7.EvolutionSharp.perelmanF_step_lt_of_one_le Real.instLT
A1USE Poincare.D7.EvolutionSharp.perelmanF_step_lt_of_one_le Zero.toOfNat0
A1USE Poincare.D7.EvolutionSharp.perelmanF_step_lt_of_one_le Real.instZero
A1USE Poincare.D7.EvolutionSharp.perelmanF_step_lt_of_one_le Nat
A1USE Poincare.D7.EvolutionSharp.perelmanF_step_lt_of_one_le Poincare.Longrun.CurvatureODE.DiscreteEvolution
A1USE Poincare.D7.EvolutionSharp.perelmanF_step_lt_of_one_le Poincare.Longrun.CurvatureODE.ReactionField.eval
A1USE Poincare.D7.EvolutionSharp.perelmanF_step_lt_of_one_le id
A1USE Poincare.D7.EvolutionSharp.perelmanF_step_lt_of_one_le Poincare.Longrun.Evolution.perelmanF
A1USE Poincare.D7.EvolutionSharp.perelmanF_step_lt_of_one_le HAdd.hAdd
A1USE Poincare.D7.EvolutionSharp.perelmanF_step_lt_of_one_le instHAdd
A1USE Poincare.D7.EvolutionSharp.perelmanF_step_lt_of_one_le instAddNat
A1USE Poincare.D7.EvolutionSharp.perelmanF_step_lt_of_one_le instOfNatNat
A1USE Poincare.D7.EvolutionSharp.perelmanF_step_lt_of_one_le Finset.sum_lt_sum
A1USE Poincare.D7.EvolutionSharp.perelmanF_step_lt_of_one_le Real.instAddCommMonoid
A1USE Poincare.D7.EvolutionSharp.perelmanF_step_lt_of_one_le Real.instPreorder
A1USE Poincare.D7.EvolutionSharp.perelmanF_step_lt_of_one_le Real.instIsOrderedCancelAddMonoid
A1USE Poincare.D7.EvolutionSharp.perelmanF_step_lt_of_one_le Poincare.Longrun.Evolution.gibbsTerm
A1USE Poincare.D7.EvolutionSharp.perelmanF_step_lt_of_one_le Finset.univ
A1USE Poincare.D7.EvolutionSharp.perelmanF_step_lt_of_one_le IsLeftCancelAdd.addLeftStrictMono_of_addLeftMono
A1USE Poincare.D7.EvolutionSharp.perelmanF_step_lt_of_one_le AddZero.toAdd
A1USE Poincare.D7.EvolutionSharp.perelmanF_step_lt_of_one_le AddZeroClass.toAddZero
A1USE Poincare.D7.EvolutionSharp.perelmanF_step_lt_of_one_le AddMonoid.toAddZeroClass
A1USE Poincare.D7.EvolutionSharp.perelmanF_step_lt_of_one_le AddCommMonoid.toAddMonoid
A1USE Poincare.D7.EvolutionSharp.perelmanF_step_lt_of_one_le instIsLeftCancelAddOfAddLeftReflectLE
A1USE Poincare.D7.EvolutionSharp.perelmanF_step_lt_of_one_le Real.partialOrder
A1USE Poincare.D7.EvolutionSharp.perelmanF_step_lt_of_one_le AddGroup.addLeftReflectLE_of_addLeftMono
A1USE Poincare.D7.EvolutionSharp.perelmanF_step_lt_of_one_le Real.instAddGroup
A1USE Poincare.D7.EvolutionSharp.perelmanF_step_lt_of_one_le Preorder.toLE
A1USE Poincare.D7.EvolutionSharp.perelmanF_step_lt_of_one_le PartialOrder.toPreorder
A1USE Poincare.D7.EvolutionSharp.perelmanF_step_lt_of_one_le IsOrderedAddMonoid.toAddLeftMono
A1USE Poincare.D7.EvolutionSharp.perelmanF_step_lt_of_one_le Real.instIsOrderedAddMonoid
A1USE Poincare.D7.EvolutionSharp.perelmanF_step_lt_of_one_le Membership.mem
A1USE Poincare.D7.EvolutionSharp.perelmanF_step_lt_of_one_le Finset
A1USE Poincare.D7.EvolutionSharp.perelmanF_step_lt_of_one_le SetLike.instMembership
A1USE Poincare.D7.EvolutionSharp.perelmanF_step_lt_of_one_le Finset.instSetLike
A1USE Poincare.D7.EvolutionSharp.perelmanF_step_lt_of_one_le Eq.mpr
A1USE Poincare.D7.EvolutionSharp.perelmanF_step_lt_of_one_le Real.instAdd
A1USE Poincare.D7.EvolutionSharp.perelmanF_step_lt_of_one_le HMul.hMul
A1USE Poincare.D7.EvolutionSharp.perelmanF_step_lt_of_one_le instHMul
A1USE Poincare.D7.EvolutionSharp.perelmanF_step_lt_of_one_le Real.instMul
A1USE Poincare.D7.EvolutionSharp.perelmanF_step_lt_of_one_le Eq
A1USE Poincare.D7.EvolutionSharp.perelmanF_step_lt_of_one_le congrArg
A1USE Poincare.D7.EvolutionSharp.perelmanF_step_lt_of_one_le Poincare.Longrun.CurvatureODE.DiscreteEvolution.step
A1USE Poincare.D7.EvolutionSharp.perelmanF_step_lt_of_one_le Poincare.Longrun.Evolution.gibbsTerm_step_le
A1USE Poincare.D7.EvolutionSharp.perelmanF_step_lt_of_one_le mul_nonneg
A1USE Poincare.D7.EvolutionSharp.perelmanF_step_lt_of_one_le instMulZeroClassOfSemiring
A1USE Poincare.D7.EvolutionSharp.perelmanF_step_lt_of_one_le Real.semiring
A1USE Poincare.D7.EvolutionSharp.perelmanF_step_lt_of_one_le IsOrderedRing.toPosMulMono
A1USE Poincare.D7.EvolutionSharp.perelmanF_step_lt_of_one_le Real.instIsOrderedRing
A1USE Poincare.D7.EvolutionSharp.perelmanF_step_lt_of_one_le le_of_lt
A1USE Poincare.D7.EvolutionSharp.perelmanF_step_lt_of_one_le MulZeroClass.toZero
A1USE Poincare.D7.EvolutionSharp.perelmanF_step_lt_of_one_le Poincare.Longrun.CurvatureODE.ReactionField.eval_nonneg
A1USE Poincare.D7.EvolutionSharp.perelmanF_step_lt_of_one_le Exists.intro
A1USE Poincare.D7.EvolutionSharp.perelmanF_step_lt_of_one_le And
A1USE Poincare.D7.EvolutionSharp.perelmanF_step_lt_of_one_le Preorder.toLT
A1USE Poincare.D7.EvolutionSharp.perelmanF_step_lt_of_one_le And.intro
A1USE Poincare.D7.EvolutionSharp.perelmanF_step_lt_of_one_le Finset.mem_univ
A1USE Poincare.D7.EvolutionSharp.perelmanF_step_lt_of_one_le Poincare.D7.EvolutionSharp.gibbsTerm_step_lt_of_one_le
A1USE Poincare.D7.EvolutionSharp.perelmanF_step_lt_of_one_le mul_pos
A1USE Poincare.D7.EvolutionSharp.perelmanF_step_lt_of_one_le IsStrictOrderedRing.toPosMulStrictMono
A1USE Poincare.D7.EvolutionSharp.perelmanF_step_lt_of_one_le Real.instIsStrictOrderedRing
A1USEN Poincare.D7.EvolutionSharp.perelmanF_step_lt_old_recovered 33
A1USE Poincare.D7.EvolutionSharp.perelmanF_step_lt_old_recovered Fintype
A1USE Poincare.D7.EvolutionSharp.perelmanF_step_lt_old_recovered Poincare.Longrun.CurvatureODE.ReactionField
A1USE Poincare.D7.EvolutionSharp.perelmanF_step_lt_old_recovered Real
A1USE Poincare.D7.EvolutionSharp.perelmanF_step_lt_old_recovered LT.lt
A1USE Poincare.D7.EvolutionSharp.perelmanF_step_lt_old_recovered Real.instLT
A1USE Poincare.D7.EvolutionSharp.perelmanF_step_lt_old_recovered OfNat.ofNat
A1USE Poincare.D7.EvolutionSharp.perelmanF_step_lt_old_recovered One.toOfNat1
A1USE Poincare.D7.EvolutionSharp.perelmanF_step_lt_old_recovered Real.instOne
A1USE Poincare.D7.EvolutionSharp.perelmanF_step_lt_old_recovered Zero.toOfNat0
A1USE Poincare.D7.EvolutionSharp.perelmanF_step_lt_old_recovered Real.instZero
A1USE Poincare.D7.EvolutionSharp.perelmanF_step_lt_old_recovered Nat
A1USE Poincare.D7.EvolutionSharp.perelmanF_step_lt_old_recovered Poincare.Longrun.CurvatureODE.DiscreteEvolution
A1USE Poincare.D7.EvolutionSharp.perelmanF_step_lt_old_recovered Poincare.Longrun.CurvatureODE.ReactionField.eval
A1USE Poincare.D7.EvolutionSharp.perelmanF_step_lt_old_recovered Poincare.Longrun.Evolution.perelmanF
A1USE Poincare.D7.EvolutionSharp.perelmanF_step_lt_old_recovered HAdd.hAdd
A1USE Poincare.D7.EvolutionSharp.perelmanF_step_lt_old_recovered instHAdd
A1USE Poincare.D7.EvolutionSharp.perelmanF_step_lt_old_recovered instAddNat
A1USE Poincare.D7.EvolutionSharp.perelmanF_step_lt_old_recovered instOfNatNat
A1USE Poincare.D7.EvolutionSharp.perelmanF_step_lt_old_recovered Fintype
A1USE Poincare.D7.EvolutionSharp.perelmanF_step_lt_old_recovered Poincare.Longrun.CurvatureODE.ReactionField
A1USE Poincare.D7.EvolutionSharp.perelmanF_step_lt_old_recovered Real
A1USE Poincare.D7.EvolutionSharp.perelmanF_step_lt_old_recovered LT.lt
A1USE Poincare.D7.EvolutionSharp.perelmanF_step_lt_old_recovered Real.instLT
A1USE Poincare.D7.EvolutionSharp.perelmanF_step_lt_old_recovered OfNat.ofNat
A1USE Poincare.D7.EvolutionSharp.perelmanF_step_lt_old_recovered One.toOfNat1
A1USE Poincare.D7.EvolutionSharp.perelmanF_step_lt_old_recovered Real.instOne
A1USE Poincare.D7.EvolutionSharp.perelmanF_step_lt_old_recovered Zero.toOfNat0
A1USE Poincare.D7.EvolutionSharp.perelmanF_step_lt_old_recovered Real.instZero
A1USE Poincare.D7.EvolutionSharp.perelmanF_step_lt_old_recovered Nat
A1USE Poincare.D7.EvolutionSharp.perelmanF_step_lt_old_recovered Poincare.Longrun.CurvatureODE.DiscreteEvolution
A1USE Poincare.D7.EvolutionSharp.perelmanF_step_lt_old_recovered Poincare.Longrun.CurvatureODE.ReactionField.eval
A1USE Poincare.D7.EvolutionSharp.perelmanF_step_lt_old_recovered Poincare.D7.EvolutionSharp.perelmanF_step_lt_old_of_sharp
A1USE Poincare.D7.EvolutionSharp.perelmanF_step_lt_old_recovered Poincare.D7.EvolutionSharp.perelmanF_step_lt_of_one_le
A1USEN Poincare.D7.EvolutionSharp.gibbsTerm_strictAnti_of_one_le 30
A1USE Poincare.D7.EvolutionSharp.gibbsTerm_strictAnti_of_one_le Real
A1USE Poincare.D7.EvolutionSharp.gibbsTerm_strictAnti_of_one_le LE.le
A1USE Poincare.D7.EvolutionSharp.gibbsTerm_strictAnti_of_one_le Real.instLE
A1USE Poincare.D7.EvolutionSharp.gibbsTerm_strictAnti_of_one_le OfNat.ofNat
A1USE Poincare.D7.EvolutionSharp.gibbsTerm_strictAnti_of_one_le One.toOfNat1
A1USE Poincare.D7.EvolutionSharp.gibbsTerm_strictAnti_of_one_le Real.instOne
A1USE Poincare.D7.EvolutionSharp.gibbsTerm_strictAnti_of_one_le StrictAnti
A1USE Poincare.D7.EvolutionSharp.gibbsTerm_strictAnti_of_one_le Real.instPreorder
A1USE Poincare.D7.EvolutionSharp.gibbsTerm_strictAnti_of_one_le Poincare.Longrun.Evolution.gibbsTerm
A1USE Poincare.D7.EvolutionSharp.gibbsTerm_strictAnti_of_one_le Real
A1USE Poincare.D7.EvolutionSharp.gibbsTerm_strictAnti_of_one_le LE.le
A1USE Poincare.D7.EvolutionSharp.gibbsTerm_strictAnti_of_one_le Real.instLE
A1USE Poincare.D7.EvolutionSharp.gibbsTerm_strictAnti_of_one_le OfNat.ofNat
A1USE Poincare.D7.EvolutionSharp.gibbsTerm_strictAnti_of_one_le One.toOfNat1
A1USE Poincare.D7.EvolutionSharp.gibbsTerm_strictAnti_of_one_le Real.instOne
A1USE Poincare.D7.EvolutionSharp.gibbsTerm_strictAnti_of_one_le Or.casesOn
A1USE Poincare.D7.EvolutionSharp.gibbsTerm_strictAnti_of_one_le LT.lt
A1USE Poincare.D7.EvolutionSharp.gibbsTerm_strictAnti_of_one_le Preorder.toLT
A1USE Poincare.D7.EvolutionSharp.gibbsTerm_strictAnti_of_one_le PartialOrder.toPreorder
A1USE Poincare.D7.EvolutionSharp.gibbsTerm_strictAnti_of_one_le Real.partialOrder
A1USE Poincare.D7.EvolutionSharp.gibbsTerm_strictAnti_of_one_le Eq
A1USE Poincare.D7.EvolutionSharp.gibbsTerm_strictAnti_of_one_le Or
A1USE Poincare.D7.EvolutionSharp.gibbsTerm_strictAnti_of_one_le StrictAnti
A1USE Poincare.D7.EvolutionSharp.gibbsTerm_strictAnti_of_one_le Real.instPreorder
A1USE Poincare.D7.EvolutionSharp.gibbsTerm_strictAnti_of_one_le Poincare.Longrun.Evolution.gibbsTerm
A1USE Poincare.D7.EvolutionSharp.gibbsTerm_strictAnti_of_one_le lt_or_eq_of_le
A1USE Poincare.D7.EvolutionSharp.gibbsTerm_strictAnti_of_one_le Poincare.Longrun.Evolution.gibbsTerm_strictAnti
A1USE Poincare.D7.EvolutionSharp.gibbsTerm_strictAnti_of_one_le le_of_lt
A1USE Poincare.D7.EvolutionSharp.gibbsTerm_strictAnti_of_one_le Eq.ndrec
A1USE Poincare.D7.EvolutionSharp.gibbsTerm_strictAnti_of_one_le Poincare.D7.EvolutionSharp.gibbsTerm_strictAnti_one
A1USEN Poincare.D7.EvolutionSharp.gibbsTerm_step_lt_promoted 23
A1USE Poincare.D7.EvolutionSharp.gibbsTerm_step_lt_promoted Real
A1USE Poincare.D7.EvolutionSharp.gibbsTerm_step_lt_promoted LT.lt
A1USE Poincare.D7.EvolutionSharp.gibbsTerm_step_lt_promoted Real.instLT
A1USE Poincare.D7.EvolutionSharp.gibbsTerm_step_lt_promoted OfNat.ofNat
A1USE Poincare.D7.EvolutionSharp.gibbsTerm_step_lt_promoted One.toOfNat1
A1USE Poincare.D7.EvolutionSharp.gibbsTerm_step_lt_promoted Real.instOne
A1USE Poincare.D7.EvolutionSharp.gibbsTerm_step_lt_promoted Zero.toOfNat0
A1USE Poincare.D7.EvolutionSharp.gibbsTerm_step_lt_promoted Real.instZero
A1USE Poincare.D7.EvolutionSharp.gibbsTerm_step_lt_promoted Poincare.Longrun.Evolution.gibbsTerm
A1USE Poincare.D7.EvolutionSharp.gibbsTerm_step_lt_promoted HAdd.hAdd
A1USE Poincare.D7.EvolutionSharp.gibbsTerm_step_lt_promoted instHAdd
A1USE Poincare.D7.EvolutionSharp.gibbsTerm_step_lt_promoted Real.instAdd
A1USE Poincare.D7.EvolutionSharp.gibbsTerm_step_lt_promoted Real
A1USE Poincare.D7.EvolutionSharp.gibbsTerm_step_lt_promoted LT.lt
A1USE Poincare.D7.EvolutionSharp.gibbsTerm_step_lt_promoted Real.instLT
A1USE Poincare.D7.EvolutionSharp.gibbsTerm_step_lt_promoted OfNat.ofNat
A1USE Poincare.D7.EvolutionSharp.gibbsTerm_step_lt_promoted One.toOfNat1
A1USE Poincare.D7.EvolutionSharp.gibbsTerm_step_lt_promoted Real.instOne
A1USE Poincare.D7.EvolutionSharp.gibbsTerm_step_lt_promoted Zero.toOfNat0
A1USE Poincare.D7.EvolutionSharp.gibbsTerm_step_lt_promoted Real.instZero
A1USE Poincare.D7.EvolutionSharp.gibbsTerm_step_lt_promoted Poincare.Longrun.Evolution.gibbsTerm_step_lt
A1USE Poincare.D7.EvolutionSharp.gibbsTerm_step_lt_promoted le_of_lt
A1USE Poincare.D7.EvolutionSharp.gibbsTerm_step_lt_promoted Real.instPreorder
A1USEN Poincare.D7.EvolutionSharp.perelmanF_step_lt_promoted 34
A1USE Poincare.D7.EvolutionSharp.perelmanF_step_lt_promoted Fintype
A1USE Poincare.D7.EvolutionSharp.perelmanF_step_lt_promoted Poincare.Longrun.CurvatureODE.ReactionField
A1USE Poincare.D7.EvolutionSharp.perelmanF_step_lt_promoted Real
A1USE Poincare.D7.EvolutionSharp.perelmanF_step_lt_promoted LT.lt
A1USE Poincare.D7.EvolutionSharp.perelmanF_step_lt_promoted Real.instLT
A1USE Poincare.D7.EvolutionSharp.perelmanF_step_lt_promoted OfNat.ofNat
A1USE Poincare.D7.EvolutionSharp.perelmanF_step_lt_promoted One.toOfNat1
A1USE Poincare.D7.EvolutionSharp.perelmanF_step_lt_promoted Real.instOne
A1USE Poincare.D7.EvolutionSharp.perelmanF_step_lt_promoted Zero.toOfNat0
A1USE Poincare.D7.EvolutionSharp.perelmanF_step_lt_promoted Real.instZero
A1USE Poincare.D7.EvolutionSharp.perelmanF_step_lt_promoted Nat
A1USE Poincare.D7.EvolutionSharp.perelmanF_step_lt_promoted Poincare.Longrun.CurvatureODE.DiscreteEvolution
A1USE Poincare.D7.EvolutionSharp.perelmanF_step_lt_promoted Poincare.Longrun.CurvatureODE.ReactionField.eval
A1USE Poincare.D7.EvolutionSharp.perelmanF_step_lt_promoted Poincare.Longrun.Evolution.perelmanF
A1USE Poincare.D7.EvolutionSharp.perelmanF_step_lt_promoted HAdd.hAdd
A1USE Poincare.D7.EvolutionSharp.perelmanF_step_lt_promoted instHAdd
A1USE Poincare.D7.EvolutionSharp.perelmanF_step_lt_promoted instAddNat
A1USE Poincare.D7.EvolutionSharp.perelmanF_step_lt_promoted instOfNatNat
A1USE Poincare.D7.EvolutionSharp.perelmanF_step_lt_promoted Fintype
A1USE Poincare.D7.EvolutionSharp.perelmanF_step_lt_promoted Poincare.Longrun.CurvatureODE.ReactionField
A1USE Poincare.D7.EvolutionSharp.perelmanF_step_lt_promoted Real
A1USE Poincare.D7.EvolutionSharp.perelmanF_step_lt_promoted LT.lt
A1USE Poincare.D7.EvolutionSharp.perelmanF_step_lt_promoted Real.instLT
A1USE Poincare.D7.EvolutionSharp.perelmanF_step_lt_promoted OfNat.ofNat
A1USE Poincare.D7.EvolutionSharp.perelmanF_step_lt_promoted One.toOfNat1
A1USE Poincare.D7.EvolutionSharp.perelmanF_step_lt_promoted Real.instOne
A1USE Poincare.D7.EvolutionSharp.perelmanF_step_lt_promoted Zero.toOfNat0
A1USE Poincare.D7.EvolutionSharp.perelmanF_step_lt_promoted Real.instZero
A1USE Poincare.D7.EvolutionSharp.perelmanF_step_lt_promoted Nat
A1USE Poincare.D7.EvolutionSharp.perelmanF_step_lt_promoted Poincare.Longrun.CurvatureODE.DiscreteEvolution
A1USE Poincare.D7.EvolutionSharp.perelmanF_step_lt_promoted Poincare.Longrun.CurvatureODE.ReactionField.eval
A1USE Poincare.D7.EvolutionSharp.perelmanF_step_lt_promoted Poincare.Longrun.Evolution.perelmanF_step_lt
A1USE Poincare.D7.EvolutionSharp.perelmanF_step_lt_promoted le_of_lt
A1USE Poincare.D7.EvolutionSharp.perelmanF_step_lt_promoted Real.instPreorder
A1USEN D4Audit.gibbsTerm_strictAnti_of_one_le 295
A1USE D4Audit.gibbsTerm_strictAnti_of_one_le Real
A1USE D4Audit.gibbsTerm_strictAnti_of_one_le LE.le
A1USE D4Audit.gibbsTerm_strictAnti_of_one_le Real.instLE
A1USE D4Audit.gibbsTerm_strictAnti_of_one_le OfNat.ofNat
A1USE D4Audit.gibbsTerm_strictAnti_of_one_le One.toOfNat1
A1USE D4Audit.gibbsTerm_strictAnti_of_one_le Real.instOne
A1USE D4Audit.gibbsTerm_strictAnti_of_one_le StrictAnti
A1USE D4Audit.gibbsTerm_strictAnti_of_one_le Real.instPreorder
A1USE D4Audit.gibbsTerm_strictAnti_of_one_le Poincare.Longrun.Evolution.gibbsTerm
A1USE D4Audit.gibbsTerm_strictAnti_of_one_le Real
A1USE D4Audit.gibbsTerm_strictAnti_of_one_le LE.le
A1USE D4Audit.gibbsTerm_strictAnti_of_one_le Real.instLE
A1USE D4Audit.gibbsTerm_strictAnti_of_one_le OfNat.ofNat
A1USE D4Audit.gibbsTerm_strictAnti_of_one_le One.toOfNat1
A1USE D4Audit.gibbsTerm_strictAnti_of_one_le Real.instOne
A1USE D4Audit.gibbsTerm_strictAnti_of_one_le Or.casesOn
A1USE D4Audit.gibbsTerm_strictAnti_of_one_le LT.lt
A1USE D4Audit.gibbsTerm_strictAnti_of_one_le Preorder.toLT
A1USE D4Audit.gibbsTerm_strictAnti_of_one_le PartialOrder.toPreorder
A1USE D4Audit.gibbsTerm_strictAnti_of_one_le Real.partialOrder
A1USE D4Audit.gibbsTerm_strictAnti_of_one_le Eq
A1USE D4Audit.gibbsTerm_strictAnti_of_one_le Or
A1USE D4Audit.gibbsTerm_strictAnti_of_one_le StrictAnti
A1USE D4Audit.gibbsTerm_strictAnti_of_one_le Real.instPreorder
A1USE D4Audit.gibbsTerm_strictAnti_of_one_le Poincare.Longrun.Evolution.gibbsTerm
A1USE D4Audit.gibbsTerm_strictAnti_of_one_le lt_or_eq_of_le
A1USE D4Audit.gibbsTerm_strictAnti_of_one_le Poincare.Longrun.Evolution.gibbsTerm_strictAnti
A1USE D4Audit.gibbsTerm_strictAnti_of_one_le le_of_lt
A1USE D4Audit.gibbsTerm_strictAnti_of_one_le Eq.ndrec
A1USE D4Audit.gibbsTerm_strictAnti_of_one_le Continuous
A1USE D4Audit.gibbsTerm_strictAnti_of_one_le UniformSpace.toTopologicalSpace
A1USE D4Audit.gibbsTerm_strictAnti_of_one_le PseudoMetricSpace.toUniformSpace
A1USE D4Audit.gibbsTerm_strictAnti_of_one_le Real.pseudoMetricSpace
A1USE D4Audit.gibbsTerm_strictAnti_of_one_le id
A1USE D4Audit.gibbsTerm_strictAnti_of_one_le Continuous.comp'
A1USE D4Audit.gibbsTerm_strictAnti_of_one_le Prod
A1USE D4Audit.gibbsTerm_strictAnti_of_one_le instTopologicalSpaceProd
A1USE D4Audit.gibbsTerm_strictAnti_of_one_le Prod.mk
A1USE D4Audit.gibbsTerm_strictAnti_of_one_le HAdd.hAdd
A1USE D4Audit.gibbsTerm_strictAnti_of_one_le instHAdd
A1USE D4Audit.gibbsTerm_strictAnti_of_one_le Real.instAdd
A1USE D4Audit.gibbsTerm_strictAnti_of_one_le HPow.hPow
A1USE D4Audit.gibbsTerm_strictAnti_of_one_le Nat
A1USE D4Audit.gibbsTerm_strictAnti_of_one_le instHPow
A1USE D4Audit.gibbsTerm_strictAnti_of_one_le NPow.toPow
A1USE D4Audit.gibbsTerm_strictAnti_of_one_le Monoid.toNPow
A1USE D4Audit.gibbsTerm_strictAnti_of_one_le Real.instMonoid
A1USE D4Audit.gibbsTerm_strictAnti_of_one_le instOfNatNat
A1USE D4Audit.gibbsTerm_strictAnti_of_one_le Real.exp
A1USE D4Audit.gibbsTerm_strictAnti_of_one_le Neg.neg
A1USE D4Audit.gibbsTerm_strictAnti_of_one_le Real.instNeg
A1USE D4Audit.gibbsTerm_strictAnti_of_one_le HMul.hMul
A1USE D4Audit.gibbsTerm_strictAnti_of_one_le instHMul
A1USE D4Audit.gibbsTerm_strictAnti_of_one_le Real.instMul
A1USE D4Audit.gibbsTerm_strictAnti_of_one_le Prod.fst
A1USE D4Audit.gibbsTerm_strictAnti_of_one_le Prod.snd
A1USE D4Audit.gibbsTerm_strictAnti_of_one_le continuous_mul
A1USE D4Audit.gibbsTerm_strictAnti_of_one_le IsTopologicalSemiring.toContinuousMul
A1USE D4Audit.gibbsTerm_strictAnti_of_one_le NonUnitalNonAssocRing.toNonUnitalNonAssocSemiring
A1USE D4Audit.gibbsTerm_strictAnti_of_one_le NonUnitalNonAssocCommRing.toNonUnitalNonAssocRing
A1USE D4Audit.gibbsTerm_strictAnti_of_one_le NonUnitalCommRing.toNonUnitalNonAssocCommRing
A1USE D4Audit.gibbsTerm_strictAnti_of_one_le CommRing.toNonUnitalCommRing
A1USE D4Audit.gibbsTerm_strictAnti_of_one_le Real.commRing
A1USE D4Audit.gibbsTerm_strictAnti_of_one_le IsTopologicalRing.toIsTopologicalSemiring
A1USE D4Audit.gibbsTerm_strictAnti_of_one_le instIsTopologicalRingReal
A1USE D4Audit.gibbsTerm_strictAnti_of_one_le Continuous.prodMk
A1USE D4Audit.gibbsTerm_strictAnti_of_one_le Continuous.const_add
A1USE D4Audit.gibbsTerm_strictAnti_of_one_le instSeparatelyContinuousAddOfContinuousAdd
A1USE D4Audit.gibbsTerm_strictAnti_of_one_le IsSemitopologicalSemiring.toContinuousAdd
A1USE D4Audit.gibbsTerm_strictAnti_of_one_le IsSemitopologicalRing.toIsSemitopologicalSemiring
A1USE D4Audit.gibbsTerm_strictAnti_of_one_le IsTopologicalRing.toIsSemitopologicalRing
A1USE D4Audit.gibbsTerm_strictAnti_of_one_le Continuous.fun_pow
A1USE D4Audit.gibbsTerm_strictAnti_of_one_le continuous_id'
A1USE D4Audit.gibbsTerm_strictAnti_of_one_le Continuous.rexp
A1USE D4Audit.gibbsTerm_strictAnti_of_one_le Continuous.fun_neg
A1USE D4Audit.gibbsTerm_strictAnti_of_one_le IsSemitopologicalRing.toContinuousNeg
A1USE D4Audit.gibbsTerm_strictAnti_of_one_le deriv
A1USE D4Audit.gibbsTerm_strictAnti_of_one_le DenselyNormedField.toNontriviallyNormedField
A1USE D4Audit.gibbsTerm_strictAnti_of_one_le Real.denselyNormedField
A1USE D4Audit.gibbsTerm_strictAnti_of_one_le Real.instAddCommGroup
A1USE D4Audit.gibbsTerm_strictAnti_of_one_le Semiring.toModule
A1USE D4Audit.gibbsTerm_strictAnti_of_one_le CommSemiring.toSemiring
A1USE D4Audit.gibbsTerm_strictAnti_of_one_le Semifield.toCommSemiring
A1USE D4Audit.gibbsTerm_strictAnti_of_one_le Field.toSemifield
A1USE D4Audit.gibbsTerm_strictAnti_of_one_le NormedField.toField
A1USE D4Audit.gibbsTerm_strictAnti_of_one_le NontriviallyNormedField.toNormedField
A1USE D4Audit.gibbsTerm_strictAnti_of_one_le HSub.hSub
A1USE D4Audit.gibbsTerm_strictAnti_of_one_le instHSub
A1USE D4Audit.gibbsTerm_strictAnti_of_one_le Real.instSub
A1USE D4Audit.gibbsTerm_strictAnti_of_one_le Eq.mpr
A1USE D4Audit.gibbsTerm_strictAnti_of_one_le congrArg
A1USE D4Audit.gibbsTerm_strictAnti_of_one_le NormedAddCommGroup.toAddCommGroup
A1USE D4Audit.gibbsTerm_strictAnti_of_one_le Real.normedAddCommGroup
A1USE D4Audit.gibbsTerm_strictAnti_of_one_le NormedSpace.toModule
A1USE D4Audit.gibbsTerm_strictAnti_of_one_le NormedAddCommGroup.toSeminormedAddCommGroup
A1USE D4Audit.gibbsTerm_strictAnti_of_one_le InnerProductSpace.toNormedSpace
A1USE D4Audit.gibbsTerm_strictAnti_of_one_le Real.instRCLike
A1USE D4Audit.gibbsTerm_strictAnti_of_one_le RCLike.toInnerProductSpaceReal
A1USE D4Audit.gibbsTerm_strictAnti_of_one_le SeminormedAddCommGroup.toPseudoMetricSpace
A1USE D4Audit.gibbsTerm_strictAnti_of_one_le HasDerivAt.deriv
A1USE D4Audit.gibbsTerm_strictAnti_of_one_le Poincare.Longrun.Evolution.gibbsTerm_hasDerivAt
A1USE D4Audit.gibbsTerm_strictAnti_of_one_le Mathlib.Tactic.Ring.of_eq
A1USE D4Audit.gibbsTerm_strictAnti_of_one_le Distrib.toAdd
A1USE D4Audit.gibbsTerm_strictAnti_of_one_le instDistribOfSemiring
A1USE D4Audit.gibbsTerm_strictAnti_of_one_le Real.instCommSemiring
A1USE D4Audit.gibbsTerm_strictAnti_of_one_le Distrib.toMul
A1USE D4Audit.gibbsTerm_strictAnti_of_one_le Semiring.toMonoid
A1USE D4Audit.gibbsTerm_strictAnti_of_one_le Nat.rawCast
A1USE D4Audit.gibbsTerm_strictAnti_of_one_le AddCommMonoidWithOne.toAddMonoidWithOne
A1USE D4Audit.gibbsTerm_strictAnti_of_one_le NonAssocSemiring.toAddCommMonoidWithOne
A1USE D4Audit.gibbsTerm_strictAnti_of_one_le Semiring.toNonAssocSemiring
A1USE D4Audit.gibbsTerm_strictAnti_of_one_le Nat.instCommSemiring
A1USE D4Audit.gibbsTerm_strictAnti_of_one_le Int.rawCast
A1USE D4Audit.gibbsTerm_strictAnti_of_one_le inferInstance
A1USE D4Audit.gibbsTerm_strictAnti_of_one_le Ring
A1USE D4Audit.gibbsTerm_strictAnti_of_one_le CommRing.toRing
A1USE D4Audit.gibbsTerm_strictAnti_of_one_le Int.negOfNat
A1USE D4Audit.gibbsTerm_strictAnti_of_one_le Zero.toOfNat0
A1USE D4Audit.gibbsTerm_strictAnti_of_one_le MulZeroClass.toZero
A1USE D4Audit.gibbsTerm_strictAnti_of_one_le instMulZeroClassOfSemiring
A1USE D4Audit.gibbsTerm_strictAnti_of_one_le Mathlib.Tactic.Ring.Common.mul_congr
A1USE D4Audit.gibbsTerm_strictAnti_of_one_le Mathlib.Meta.NormNum.instAddMonoidWithOne
A1USE D4Audit.gibbsTerm_strictAnti_of_one_le Mathlib.Tactic.Ring.Common.neg_congr
A1USE D4Audit.gibbsTerm_strictAnti_of_one_le Mathlib.Tactic.Ring.Common.add_congr
A1USE D4Audit.gibbsTerm_strictAnti_of_one_le Mathlib.Tactic.Ring.Common.pow_congr
A1USE D4Audit.gibbsTerm_strictAnti_of_one_le Mathlib.Tactic.Ring.Common.sub_congr
A1USE D4Audit.gibbsTerm_strictAnti_of_one_le Mathlib.Tactic.Ring.Common.atom_pf
A1USE D4Audit.gibbsTerm_strictAnti_of_one_le rfl
A1USE D4Audit.gibbsTerm_strictAnti_of_one_le Eq.symm
A1USE D4Audit.gibbsTerm_strictAnti_of_one_le Eq.refl
A1USE D4Audit.gibbsTerm_strictAnti_of_one_le Mathlib.Tactic.Ring.cast_pos
A1USE D4Audit.gibbsTerm_strictAnti_of_one_le Mathlib.Meta.NormNum.isNat_ofNat
A1USE D4Audit.gibbsTerm_strictAnti_of_one_le AddGroupWithOne.toAddMonoidWithOne
A1USE D4Audit.gibbsTerm_strictAnti_of_one_le Ring.toAddGroupWithOne
A1USE D4Audit.gibbsTerm_strictAnti_of_one_le Real.instRing
A1USE D4Audit.gibbsTerm_strictAnti_of_one_le Nat.cast_one
A1USE D4Audit.gibbsTerm_strictAnti_of_one_le Mathlib.Tactic.Ring.Common.sub_pf
A1USE D4Audit.gibbsTerm_strictAnti_of_one_le Mathlib.Tactic.Ring.Common.neg_add
A1USE D4Audit.gibbsTerm_strictAnti_of_one_le Mathlib.Meta.NormNum.IsInt.to_raw_eq
A1USE D4Audit.gibbsTerm_strictAnti_of_one_le NegZeroClass.toNeg
A1USE D4Audit.gibbsTerm_strictAnti_of_one_le SubNegZeroMonoid.toNegZeroClass
A1USE D4Audit.gibbsTerm_strictAnti_of_one_le SubtractionMonoid.toSubNegZeroMonoid
A1USE D4Audit.gibbsTerm_strictAnti_of_one_le SubtractionCommMonoid.toSubtractionMonoid
A1USE D4Audit.gibbsTerm_strictAnti_of_one_le AddCommGroup.toDivisionAddCommMonoid
A1USE D4Audit.gibbsTerm_strictAnti_of_one_le Ring.toAddCommGroup
A1USE D4Audit.gibbsTerm_strictAnti_of_one_le Mathlib.Meta.NormNum.isInt_neg
A1USE D4Audit.gibbsTerm_strictAnti_of_one_le Int.ofNat
A1USE D4Audit.gibbsTerm_strictAnti_of_one_le Mathlib.Meta.NormNum.IsNat.to_isInt
A1USE D4Audit.gibbsTerm_strictAnti_of_one_le Mathlib.Meta.NormNum.IsNat.of_raw
A1USE D4Audit.gibbsTerm_strictAnti_of_one_le Int
A1USE D4Audit.gibbsTerm_strictAnti_of_one_le Mathlib.Tactic.Ring.Common.neg_zero
A1USE D4Audit.gibbsTerm_strictAnti_of_one_le Mathlib.Tactic.Ring.Common.add_pf_add_gt
A1USE D4Audit.gibbsTerm_strictAnti_of_one_le Mathlib.Tactic.Ring.Common.add_pf_add_zero
A1USE D4Audit.gibbsTerm_strictAnti_of_one_le Nat.instAddMonoidWithOne
A1USE D4Audit.gibbsTerm_strictAnti_of_one_le Mathlib.Tactic.Ring.Common.pow_add
A1USE D4Audit.gibbsTerm_strictAnti_of_one_le Mathlib.Tactic.Ring.Common.pow_nat
A1USE D4Audit.gibbsTerm_strictAnti_of_one_le Mathlib.Tactic.Ring.Common.coeff_one
A1USE D4Audit.gibbsTerm_strictAnti_of_one_le Mathlib.Tactic.Ring.Common.pow_one_cast_of_isNat
A1USE D4Audit.gibbsTerm_strictAnti_of_one_le Mathlib.Meta.NormNum.IsNat.mk
A1USE D4Audit.gibbsTerm_strictAnti_of_one_le Mathlib.Tactic.Ring.Common.pow_bit0
A1USE D4Audit.gibbsTerm_strictAnti_of_one_le Mathlib.Tactic.Ring.Common.pow_one
A1USE D4Audit.gibbsTerm_strictAnti_of_one_le Mathlib.Tactic.Ring.Common.add_mul
A1USE D4Audit.gibbsTerm_strictAnti_of_one_le Mathlib.Tactic.Ring.Common.mul_add
A1USE D4Audit.gibbsTerm_strictAnti_of_one_le Mathlib.Meta.NormNum.IsNat.to_raw_eq
A1USE D4Audit.gibbsTerm_strictAnti_of_one_le Mathlib.Meta.NormNum.IsInt.to_isNat
A1USE D4Audit.gibbsTerm_strictAnti_of_one_le Mathlib.Meta.NormNum.isInt_mul
A1USE D4Audit.gibbsTerm_strictAnti_of_one_le Ring.toSemiring
A1USE D4Audit.gibbsTerm_strictAnti_of_one_le Mathlib.Meta.NormNum.IsInt.of_raw
A1USE D4Audit.gibbsTerm_strictAnti_of_one_le Mathlib.Tactic.Ring.Common.mul_pf_right
A1USE D4Audit.gibbsTerm_strictAnti_of_one_le Mathlib.Tactic.Ring.Common.mul_zero
A1USE D4Audit.gibbsTerm_strictAnti_of_one_le Mathlib.Tactic.Ring.Common.add_pf_add_lt
A1USE D4Audit.gibbsTerm_strictAnti_of_one_le Mathlib.Tactic.Ring.Common.add_pf_zero_add
A1USE D4Audit.gibbsTerm_strictAnti_of_one_le Mathlib.Tactic.Ring.Common.mul_pf_left
A1USE D4Audit.gibbsTerm_strictAnti_of_one_le Mathlib.Tactic.Ring.Common.mul_pp_pf_overlap
A1USE D4Audit.gibbsTerm_strictAnti_of_one_le Mathlib.Meta.NormNum.isNat_add
A1USE D4Audit.gibbsTerm_strictAnti_of_one_le Mathlib.Meta.NormNum.isNat_mul
A1USE D4Audit.gibbsTerm_strictAnti_of_one_le Mathlib.Tactic.Ring.Common.zero_mul
A1USE D4Audit.gibbsTerm_strictAnti_of_one_le Mathlib.Tactic.Ring.Common.add_pf_add_overlap
A1USE D4Audit.gibbsTerm_strictAnti_of_one_le Mathlib.Tactic.Ring.Common.add_overlap_pf
A1USE D4Audit.gibbsTerm_strictAnti_of_one_le Mathlib.Meta.NormNum.isInt_add
A1USE D4Audit.gibbsTerm_strictAnti_of_one_le Mathlib.Tactic.Ring.Common.pow_zero
A1USE D4Audit.gibbsTerm_strictAnti_of_one_le Mathlib.Tactic.Ring.Common.add_pf_add_overlap_zero
A1USE D4Audit.gibbsTerm_strictAnti_of_one_le Mathlib.Tactic.Ring.Common.neg_mul
A1USE D4Audit.gibbsTerm_strictAnti_of_one_le Ne
A1USE D4Audit.gibbsTerm_strictAnti_of_one_le Real.instLT
A1USE D4Audit.gibbsTerm_strictAnti_of_one_le Real.instZero
A1USE D4Audit.gibbsTerm_strictAnti_of_one_le sq_pos_of_ne_zero
A1USE D4Audit.gibbsTerm_strictAnti_of_one_le Real.semiring
A1USE D4Audit.gibbsTerm_strictAnti_of_one_le Real.linearOrder
A1USE D4Audit.gibbsTerm_strictAnti_of_one_le Real.instIsStrictOrderedRing
A1USE D4Audit.gibbsTerm_strictAnti_of_one_le StarOrderedRing.toExistsAddOfLE
A1USE D4Audit.gibbsTerm_strictAnti_of_one_le NonUnitalCommSemiring.toNonUnitalSemiring
A1USE D4Audit.gibbsTerm_strictAnti_of_one_le NonUnitalCommRing.toNonUnitalCommSemiring
A1USE D4Audit.gibbsTerm_strictAnti_of_one_le instStarRingReal
A1USE D4Audit.gibbsTerm_strictAnti_of_one_le Real.instStarOrderedRing
A1USE D4Audit.gibbsTerm_strictAnti_of_one_le Iff.mpr
A1USE D4Audit.gibbsTerm_strictAnti_of_one_le SubNegMonoid.toSub
A1USE D4Audit.gibbsTerm_strictAnti_of_one_le AddGroup.toSubNegMonoid
A1USE D4Audit.gibbsTerm_strictAnti_of_one_le Real.instAddGroup
A1USE D4Audit.gibbsTerm_strictAnti_of_one_le NegZeroClass.toZero
A1USE D4Audit.gibbsTerm_strictAnti_of_one_le AddGroup.toSubtractionMonoid
A1USE D4Audit.gibbsTerm_strictAnti_of_one_le sub_ne_zero
A1USE D4Audit.gibbsTerm_strictAnti_of_one_le Real.exp_pos
A1USE D4Audit.gibbsTerm_strictAnti_of_one_le lt_of_not_ge
A1USE D4Audit.gibbsTerm_strictAnti_of_one_le Preorder.toLE
A1USE D4Audit.gibbsTerm_strictAnti_of_one_le LinearOrder.toPartialOrder
A1USE D4Audit.gibbsTerm_strictAnti_of_one_le Mathlib.Tactic.Linarith.lt_irrefl
A1USE D4Audit.gibbsTerm_strictAnti_of_one_le Eq.mp
A1USE D4Audit.gibbsTerm_strictAnti_of_one_le AddSemigroup.toAdd
A1USE D4Audit.gibbsTerm_strictAnti_of_one_le AddMonoid.toAddSemigroup
A1USE D4Audit.gibbsTerm_strictAnti_of_one_le Real.instAddMonoid
A1USE D4Audit.gibbsTerm_strictAnti_of_one_le AddGroupWithOne.toAddGroup
A1USE D4Audit.gibbsTerm_strictAnti_of_one_le Mathlib.Tactic.Ring.cast_zero
A1USE D4Audit.gibbsTerm_strictAnti_of_one_le Nat.cast_zero
A1USE D4Audit.gibbsTerm_strictAnti_of_one_le Mathlib.Tactic.Ring.Common.add_overlap_pf_zero
A1USE D4Audit.gibbsTerm_strictAnti_of_one_le Mathlib.Tactic.Linarith.add_lt_of_le_of_neg
A1USE D4Audit.gibbsTerm_strictAnti_of_one_le Mathlib.Tactic.Linarith.sub_nonpos_of_le
A1USE D4Audit.gibbsTerm_strictAnti_of_one_le Real.instIsOrderedRing
A1USE D4Audit.gibbsTerm_strictAnti_of_one_le Mathlib.Tactic.Linarith.sub_neg_of_lt
A1USE D4Audit.gibbsTerm_strictAnti_of_one_le mul_pos_of_neg_of_neg
A1USE D4Audit.gibbsTerm_strictAnti_of_one_le IsStrictOrderedRing.toMulPosStrictMono
A1USE D4Audit.gibbsTerm_strictAnti_of_one_le IsRightCancelAdd.addRightStrictMono_of_addRightMono
A1USE D4Audit.gibbsTerm_strictAnti_of_one_le instIsRightCancelAddOfAddRightReflectLE
A1USE D4Audit.gibbsTerm_strictAnti_of_one_le addRightReflectLE_of_addLeftReflectLE
A1USE D4Audit.gibbsTerm_strictAnti_of_one_le Real.instAddCommSemigroup
A1USE D4Audit.gibbsTerm_strictAnti_of_one_le IsLeftCancelAdd.addLeftReflectLE_of_addLeftReflectLT
A1USE D4Audit.gibbsTerm_strictAnti_of_one_le AddCommMagma.toAdd
A1USE D4Audit.gibbsTerm_strictAnti_of_one_le AddCommSemigroup.toAddCommMagma
A1USE D4Audit.gibbsTerm_strictAnti_of_one_le AddLeftCancelSemigroup.toIsLeftCancelAdd
A1USE D4Audit.gibbsTerm_strictAnti_of_one_le Real.instAddLeftCancelSemigroup
A1USE D4Audit.gibbsTerm_strictAnti_of_one_le contravariant_lt_of_covariant_le
A1USE D4Audit.gibbsTerm_strictAnti_of_one_le IsOrderedAddMonoid.toAddLeftMono
A1USE D4Audit.gibbsTerm_strictAnti_of_one_le Real.instAddCommMonoid
A1USE D4Audit.gibbsTerm_strictAnti_of_one_le Real.instIsOrderedAddMonoid
A1USE D4Audit.gibbsTerm_strictAnti_of_one_le IsOrderedAddMonoid.toAddRightMono
A1USE D4Audit.gibbsTerm_strictAnti_of_one_le Function.swap
A1USE D4Audit.gibbsTerm_strictAnti_of_one_le StrictAntiOn
A1USE D4Audit.gibbsTerm_strictAnti_of_one_le Set.Iic
A1USE D4Audit.gibbsTerm_strictAnti_of_one_le strictAntiOn_of_deriv_neg
A1USE D4Audit.gibbsTerm_strictAnti_of_one_le convex_Iic
A1USE D4Audit.gibbsTerm_strictAnti_of_one_le IsOrderedModule.toPosSMulMono
A1USE D4Audit.gibbsTerm_strictAnti_of_one_le SMulZeroClass.toSMul
A1USE D4Audit.gibbsTerm_strictAnti_of_one_le AddZero.toZero
A1USE D4Audit.gibbsTerm_strictAnti_of_one_le AddZeroClass.toAddZero
A1USE D4Audit.gibbsTerm_strictAnti_of_one_le AddMonoid.toAddZeroClass
A1USE D4Audit.gibbsTerm_strictAnti_of_one_le AddCommMonoid.toAddMonoid
A1USE D4Audit.gibbsTerm_strictAnti_of_one_le DistribSMul.toSMulZeroClass
A1USE D4Audit.gibbsTerm_strictAnti_of_one_le DistribMulAction.toDistribSMul
A1USE D4Audit.gibbsTerm_strictAnti_of_one_le Module.toDistribMulAction
A1USE D4Audit.gibbsTerm_strictAnti_of_one_le NonUnitalNonAssocSemiring.toMulZeroClass
A1USE D4Audit.gibbsTerm_strictAnti_of_one_le NonUnitalSemiring.toNonUnitalNonAssocSemiring
A1USE D4Audit.gibbsTerm_strictAnti_of_one_le instIsOrderedModule
A1USE D4Audit.gibbsTerm_strictAnti_of_one_le RCLike.instStarModuleReal
A1USE D4Audit.gibbsTerm_strictAnti_of_one_le IsScalarTower.right
A1USE D4Audit.gibbsTerm_strictAnti_of_one_le Algebra.id
A1USE D4Audit.gibbsTerm_strictAnti_of_one_le Algebra.to_smulCommClass
A1USE D4Audit.gibbsTerm_strictAnti_of_one_le Continuous.continuousOn
A1USE D4Audit.gibbsTerm_strictAnti_of_one_le Membership.mem
A1USE D4Audit.gibbsTerm_strictAnti_of_one_le Set
A1USE D4Audit.gibbsTerm_strictAnti_of_one_le Set.instMembership
A1USE D4Audit.gibbsTerm_strictAnti_of_one_le interior
A1USE D4Audit.gibbsTerm_strictAnti_of_one_le ne_of_lt
A1USE D4Audit.gibbsTerm_strictAnti_of_one_le SemilatticeInf.toPartialOrder
A1USE D4Audit.gibbsTerm_strictAnti_of_one_le Lattice.toSemilatticeInf
A1USE D4Audit.gibbsTerm_strictAnti_of_one_le DistribLattice.toLattice
A1USE D4Audit.gibbsTerm_strictAnti_of_one_le instDistribLatticeOfLinearOrder
A1USE D4Audit.gibbsTerm_strictAnti_of_one_le Set.Iio
A1USE D4Audit.gibbsTerm_strictAnti_of_one_le interior_Iic
A1USE D4Audit.gibbsTerm_strictAnti_of_one_le instOrderTopologyReal
A1USE D4Audit.gibbsTerm_strictAnti_of_one_le LinearOrderedSemiField.toDenselyOrdered
A1USE D4Audit.gibbsTerm_strictAnti_of_one_le Real.instField
A1USE D4Audit.gibbsTerm_strictAnti_of_one_le PosMulReflectLE.toPosMulReflectLT
A1USE D4Audit.gibbsTerm_strictAnti_of_one_le PosMulStrictMono.toPosMulReflectLE
A1USE D4Audit.gibbsTerm_strictAnti_of_one_le MulZeroClass.toMul
A1USE D4Audit.gibbsTerm_strictAnti_of_one_le IsStrictOrderedRing.toPosMulStrictMono
A1USE D4Audit.gibbsTerm_strictAnti_of_one_le instNoMaxOrderOfNontrivial
A1USE D4Audit.gibbsTerm_strictAnti_of_one_le Real.instNontrivial
A1USE D4Audit.gibbsTerm_strictAnti_of_one_le Set.Ici
A1USE D4Audit.gibbsTerm_strictAnti_of_one_le convex_Ici
A1USE D4Audit.gibbsTerm_strictAnti_of_one_le ne_of_gt
A1USE D4Audit.gibbsTerm_strictAnti_of_one_le Set.Ioi
A1USE D4Audit.gibbsTerm_strictAnti_of_one_le interior_Ici
A1USE D4Audit.gibbsTerm_strictAnti_of_one_le instNoMinOrderOfNontrivial
A1USE D4Audit.gibbsTerm_strictAnti_of_one_le le_or_gt
A1USE D4Audit.gibbsTerm_strictAnti_of_one_le Set.mem_Iic
A1USE D4Audit.gibbsTerm_strictAnti_of_one_le le_of_not_gt
A1USE D4Audit.gibbsTerm_strictAnti_of_one_le Mathlib.Tactic.Linarith.add_neg
A1USE D4Audit.gibbsTerm_strictAnti_of_one_le Mathlib.Tactic.Linarith.add_lt_of_neg_of_le
A1USE D4Audit.gibbsTerm_strictAnti_of_one_le dite
A1USE D4Audit.gibbsTerm_strictAnti_of_one_le Real.decidableLE
A1USE D4Audit.gibbsTerm_strictAnti_of_one_le Set.mem_Ici
A1USE D4Audit.gibbsTerm_strictAnti_of_one_le Not
A1USE D4Audit.gibbsTerm_strictAnti_of_one_le D4Audit.gibbsTerm_strictAnti_of_one_le._simp_1_1
A1USE D4Audit.gibbsTerm_strictAnti_of_one_le le_refl
A1USE D4Audit.gibbsTerm_strictAnti_of_one_le LT.lt.trans
A1USEN D4Audit.perelmanF_step_lt_of_one_le 90
A1USE D4Audit.perelmanF_step_lt_of_one_le Fintype
A1USE D4Audit.perelmanF_step_lt_of_one_le Poincare.Longrun.CurvatureODE.ReactionField
A1USE D4Audit.perelmanF_step_lt_of_one_le Real
A1USE D4Audit.perelmanF_step_lt_of_one_le LE.le
A1USE D4Audit.perelmanF_step_lt_of_one_le Real.instLE
A1USE D4Audit.perelmanF_step_lt_of_one_le OfNat.ofNat
A1USE D4Audit.perelmanF_step_lt_of_one_le One.toOfNat1
A1USE D4Audit.perelmanF_step_lt_of_one_le Real.instOne
A1USE D4Audit.perelmanF_step_lt_of_one_le LT.lt
A1USE D4Audit.perelmanF_step_lt_of_one_le Real.instLT
A1USE D4Audit.perelmanF_step_lt_of_one_le Zero.toOfNat0
A1USE D4Audit.perelmanF_step_lt_of_one_le Real.instZero
A1USE D4Audit.perelmanF_step_lt_of_one_le Nat
A1USE D4Audit.perelmanF_step_lt_of_one_le Poincare.Longrun.CurvatureODE.DiscreteEvolution
A1USE D4Audit.perelmanF_step_lt_of_one_le Poincare.Longrun.CurvatureODE.ReactionField.eval
A1USE D4Audit.perelmanF_step_lt_of_one_le Poincare.Longrun.Evolution.perelmanF
A1USE D4Audit.perelmanF_step_lt_of_one_le HAdd.hAdd
A1USE D4Audit.perelmanF_step_lt_of_one_le instHAdd
A1USE D4Audit.perelmanF_step_lt_of_one_le instAddNat
A1USE D4Audit.perelmanF_step_lt_of_one_le instOfNatNat
A1USE D4Audit.perelmanF_step_lt_of_one_le Fintype
A1USE D4Audit.perelmanF_step_lt_of_one_le Poincare.Longrun.CurvatureODE.ReactionField
A1USE D4Audit.perelmanF_step_lt_of_one_le Real
A1USE D4Audit.perelmanF_step_lt_of_one_le LE.le
A1USE D4Audit.perelmanF_step_lt_of_one_le Real.instLE
A1USE D4Audit.perelmanF_step_lt_of_one_le OfNat.ofNat
A1USE D4Audit.perelmanF_step_lt_of_one_le One.toOfNat1
A1USE D4Audit.perelmanF_step_lt_of_one_le Real.instOne
A1USE D4Audit.perelmanF_step_lt_of_one_le LT.lt
A1USE D4Audit.perelmanF_step_lt_of_one_le Real.instLT
A1USE D4Audit.perelmanF_step_lt_of_one_le Zero.toOfNat0
A1USE D4Audit.perelmanF_step_lt_of_one_le Real.instZero
A1USE D4Audit.perelmanF_step_lt_of_one_le Nat
A1USE D4Audit.perelmanF_step_lt_of_one_le Poincare.Longrun.CurvatureODE.DiscreteEvolution
A1USE D4Audit.perelmanF_step_lt_of_one_le Poincare.Longrun.CurvatureODE.ReactionField.eval
A1USE D4Audit.perelmanF_step_lt_of_one_le id
A1USE D4Audit.perelmanF_step_lt_of_one_le Poincare.Longrun.Evolution.perelmanF
A1USE D4Audit.perelmanF_step_lt_of_one_le HAdd.hAdd
A1USE D4Audit.perelmanF_step_lt_of_one_le instHAdd
A1USE D4Audit.perelmanF_step_lt_of_one_le instAddNat
A1USE D4Audit.perelmanF_step_lt_of_one_le instOfNatNat
A1USE D4Audit.perelmanF_step_lt_of_one_le Finset.sum_lt_sum
A1USE D4Audit.perelmanF_step_lt_of_one_le Real.instAddCommMonoid
A1USE D4Audit.perelmanF_step_lt_of_one_le Real.instPreorder
A1USE D4Audit.perelmanF_step_lt_of_one_le Real.instIsOrderedCancelAddMonoid
A1USE D4Audit.perelmanF_step_lt_of_one_le Poincare.Longrun.Evolution.gibbsTerm
A1USE D4Audit.perelmanF_step_lt_of_one_le Finset.univ
A1USE D4Audit.perelmanF_step_lt_of_one_le IsLeftCancelAdd.addLeftStrictMono_of_addLeftMono
A1USE D4Audit.perelmanF_step_lt_of_one_le AddZero.toAdd
A1USE D4Audit.perelmanF_step_lt_of_one_le AddZeroClass.toAddZero
A1USE D4Audit.perelmanF_step_lt_of_one_le AddMonoid.toAddZeroClass
A1USE D4Audit.perelmanF_step_lt_of_one_le AddCommMonoid.toAddMonoid
A1USE D4Audit.perelmanF_step_lt_of_one_le instIsLeftCancelAddOfAddLeftReflectLE
A1USE D4Audit.perelmanF_step_lt_of_one_le Real.partialOrder
A1USE D4Audit.perelmanF_step_lt_of_one_le AddGroup.addLeftReflectLE_of_addLeftMono
A1USE D4Audit.perelmanF_step_lt_of_one_le Real.instAddGroup
A1USE D4Audit.perelmanF_step_lt_of_one_le Preorder.toLE
A1USE D4Audit.perelmanF_step_lt_of_one_le PartialOrder.toPreorder
A1USE D4Audit.perelmanF_step_lt_of_one_le IsOrderedAddMonoid.toAddLeftMono
A1USE D4Audit.perelmanF_step_lt_of_one_le Real.instIsOrderedAddMonoid
A1USE D4Audit.perelmanF_step_lt_of_one_le Membership.mem
A1USE D4Audit.perelmanF_step_lt_of_one_le Finset
A1USE D4Audit.perelmanF_step_lt_of_one_le SetLike.instMembership
A1USE D4Audit.perelmanF_step_lt_of_one_le Finset.instSetLike
A1USE D4Audit.perelmanF_step_lt_of_one_le Eq.mpr
A1USE D4Audit.perelmanF_step_lt_of_one_le Real.instAdd
A1USE D4Audit.perelmanF_step_lt_of_one_le HMul.hMul
A1USE D4Audit.perelmanF_step_lt_of_one_le instHMul
A1USE D4Audit.perelmanF_step_lt_of_one_le Real.instMul
A1USE D4Audit.perelmanF_step_lt_of_one_le Eq
A1USE D4Audit.perelmanF_step_lt_of_one_le congrArg
A1USE D4Audit.perelmanF_step_lt_of_one_le Poincare.Longrun.CurvatureODE.DiscreteEvolution.step
A1USE D4Audit.perelmanF_step_lt_of_one_le Poincare.Longrun.Evolution.gibbsTerm_step_le
A1USE D4Audit.perelmanF_step_lt_of_one_le mul_nonneg
A1USE D4Audit.perelmanF_step_lt_of_one_le instMulZeroClassOfSemiring
A1USE D4Audit.perelmanF_step_lt_of_one_le Real.semiring
A1USE D4Audit.perelmanF_step_lt_of_one_le IsOrderedRing.toPosMulMono
A1USE D4Audit.perelmanF_step_lt_of_one_le Real.instIsOrderedRing
A1USE D4Audit.perelmanF_step_lt_of_one_le le_of_lt
A1USE D4Audit.perelmanF_step_lt_of_one_le MulZeroClass.toZero
A1USE D4Audit.perelmanF_step_lt_of_one_le Poincare.Longrun.CurvatureODE.ReactionField.eval_nonneg
A1USE D4Audit.perelmanF_step_lt_of_one_le Exists.intro
A1USE D4Audit.perelmanF_step_lt_of_one_le And
A1USE D4Audit.perelmanF_step_lt_of_one_le Preorder.toLT
A1USE D4Audit.perelmanF_step_lt_of_one_le And.intro
A1USE D4Audit.perelmanF_step_lt_of_one_le Finset.mem_univ
A1USE D4Audit.perelmanF_step_lt_of_one_le D4Audit.gibbsTerm_step_lt_of_one_le
A1USE D4Audit.perelmanF_step_lt_of_one_le mul_pos
A1USE D4Audit.perelmanF_step_lt_of_one_le IsStrictOrderedRing.toPosMulStrictMono
A1USE D4Audit.perelmanF_step_lt_of_one_le Real.instIsStrictOrderedRing
