'Poincare.D11.MaximumPrincipleTensor.psdCone_closed' depends on axioms: [propext, Classical.choice, Quot.sound]
'Poincare.D11.MaximumPrincipleTensor.psdCone_convex' depends on axioms: [propext, Classical.choice, Quot.sound]
'Poincare.D11.MaximumPrincipleTensor.le_iff_sub_posSemidef' depends on axioms: [propext, Classical.choice, Quot.sound]
'Poincare.D11.MaximumPrincipleTensor.posSemidef_iff_quadForm_nonneg' depends on axioms: [propext,
 Classical.choice,
 Quot.sound]
'Poincare.D11.MaximumPrincipleTensor.quadForm_nonneg' depends on axioms: [propext, Classical.choice, Quot.sound]
'Poincare.D11.MaximumPrincipleTensor.quadForm_eq_zero_iff_mulVec_eq_zero' depends on axioms: [propext,
 Classical.choice,
 Quot.sound]
'Poincare.D11.MaximumPrincipleTensor.hasDerivAt_quadForm' depends on axioms: [propext, Classical.choice, Quot.sound]
'Poincare.D11.MaximumPrincipleTensor.quadForm_eulerStep_of_nullVector' depends on axioms: [propext,
 Classical.choice,
 Quot.sound]
'Poincare.D11.MaximumPrincipleTensor.quadForm_eulerStep_nonneg_of_nullVector' depends on axioms: [propext,
 Classical.choice,
 Quot.sound]
'Poincare.D11.MaximumPrincipleTensor.quadForm_eulerStep_nonneg_of_boundary' depends on axioms: [propext,
 Classical.choice,
 Quot.sound]
'Poincare.D11.MaximumPrincipleTensor.not_posSemidef_eulerStep_of_nullVector' depends on axioms: [propext,
 Classical.choice,
 Quot.sound]
'Poincare.D11.MaximumPrincipleTensor.eulerStep_posSemidef' depends on axioms: [propext, Classical.choice, Quot.sound]
'Poincare.D11.MaximumPrincipleTensor.eulerIterate_posSemidef' depends on axioms: [propext, Classical.choice, Quot.sound]
'Poincare.D11.MaximumPrincipleTensor.eulerStep_mono' depends on axioms: [propext, Classical.choice, Quot.sound]
'Poincare.D11.MaximumPrincipleTensor.PositivityPreserving.sq' depends on axioms: [propext, Classical.choice, Quot.sound]
'Poincare.D11.MaximumPrincipleTensor.positivityPreserving_const_smul_add_sq' depends on axioms: [propext,
 Classical.choice,
 Quot.sound]
'Poincare.D11.MaximumPrincipleTensor.exp_smul_posSemidef' depends on axioms: [propext, Classical.choice, Quot.sound]
'Poincare.D11.MaximumPrincipleTensor.not_positivityPreserving_neg' depends on axioms: [propext,
 Classical.choice,
 Quot.sound]
'Poincare.D11.MaximumPrincipleTensor.boundary_condition_strictly_weaker' depends on axioms: [propext,
 Classical.choice,
 Quot.sound]
'Poincare.D11.MaximumPrincipleTensor.scalar_forward_invariance' depends on axioms: [propext,
 Classical.choice,
 Quot.sound]
'Poincare.D11.MaximumPrincipleTensor.scalar_forward_invariance_of_global_reaction' depends on axioms: [propext,
 Classical.choice,
 Quot.sound]
'Poincare.D11.MaximumPrincipleTensor.exp_shift_forward_invariance' depends on axioms: [propext,
 Classical.choice,
 Quot.sound]
'Poincare.D11.MaximumPrincipleTensor.oneByOne_posSemidef_iff' depends on axioms: [propext, Classical.choice, Quot.sound]
'Poincare.D11.MaximumPrincipleTensor.oneByOne_forward_invariance' depends on axioms: [propext,
 Classical.choice,
 Quot.sound]
'Poincare.D11.MaximumPrincipleTensor.sqrtNegReaction_nonneg' depends on axioms: [propext, Classical.choice, Quot.sound]
'Poincare.D11.MaximumPrincipleTensor.sqrtNegReaction_negSquare' depends on axioms: [propext,
 Classical.choice,
 Quot.sound]
'Poincare.D11.MaximumPrincipleTensor.hasDerivAt_negSquare' depends on axioms: [propext, Classical.choice, Quot.sound]
'Poincare.D11.MaximumPrincipleTensor.scalar_invariance_oneSided_false' depends on axioms: [propext,
 Classical.choice,
 Quot.sound]
'Poincare.D11.MaximumPrincipleTensor.ConeInvariantUnderReaction' depends on axioms: [propext,
 Classical.choice,
 Quot.sound]
'Poincare.D11.MaximumPrincipleTensor.tensor_maximum_principle_ode' depends on axioms: [propext,
 Classical.choice,
 Quot.sound]
'Poincare.D11.MaximumPrincipleTensor.quadForm_monotone_of_reaction_posSemidef' depends on axioms: [propext,
 Classical.choice,
 Quot.sound]
'Poincare.D11.MaximumPrincipleTensor.mat_one_eq_oneByOne' depends on axioms: [propext, Classical.choice, Quot.sound]
'Poincare.D11.MaximumPrincipleTensor.coneInvariantUnderReaction_oneByOne' depends on axioms: [propext,
 Classical.choice,
 Quot.sound]
