Poincare/D12/ConnectionCurvature/ChartLeviCivitaSmooth.lean:106:0: warning: automatically included section variable(s) unused in theorem `Poincare.D12.ConnectionCurvature.fderiv_mul_mul_apply`:
  [DecidableEq ι]
consider restructuring your `variable` declarations so that the variables are not in scope or explicitly omit them:
  omit [DecidableEq ι] in theorem ...

Note: This linter can be disabled with `set_option linter.unusedSectionVars false`
Poincare/D12/ConnectionCurvature/ChartLeviCivitaSmooth.lean:148:0: warning: automatically included section variable(s) unused in theorem `Poincare.D12.ConnectionCurvature.sum_add_split`:
  [DecidableEq ι]
consider restructuring your `variable` declarations so that the variables are not in scope or explicitly omit them:
  omit [DecidableEq ι] in theorem ...

Note: This linter can be disabled with `set_option linter.unusedSectionVars false`
Poincare/D12/ConnectionCurvature/ChartLeviCivitaSmooth.lean:154:0: warning: automatically included section variable(s) unused in theorem `Poincare.D12.ConnectionCurvature.sum_three_cycle`:
  [DecidableEq ι]
consider restructuring your `variable` declarations so that the variables are not in scope or explicitly omit them:
  omit [DecidableEq ι] in theorem ...

Note: This linter can be disabled with `set_option linter.unusedSectionVars false`
Poincare/D12/ConnectionCurvature/ChartLeviCivitaSmooth.lean:186:0: warning: automatically included section variable(s) unused in theorem `Poincare.D12.ConnectionCurvature.sum_cycle_first_to_last`:
  [DecidableEq ι]
consider restructuring your `variable` declarations so that the variables are not in scope or explicitly omit them:
  omit [DecidableEq ι] in theorem ...

Note: This linter can be disabled with `set_option linter.unusedSectionVars false`
