Poincare.Stage6.poincareConjectureTopologicalThree.{u_1} (M : Type u_1) [TopologicalSpace M] [T2Space M]
  [ChartedSpace (EuclideanSpace ℝ (Fin 3)) M] [SimplyConnectedSpace M] [CompactSpace M] : Prop
Poincare.Stage6.sphereThreeSimplyConnected : Prop
Poincare.Stage6.sphereThreePiOneTrivial : Prop
Poincare.Stage6.pathConnectedSpace_sphereThree : PathConnectedSpace ↑(Metric.sphere 0 1)
Poincare.Stage6.sphereThreeSimplyConnected_iff_simplyConnectedSpace :
  Poincare.Stage6.sphereThreeSimplyConnected ↔ SimplyConnectedSpace ↑(Metric.sphere 0 1)
Poincare.Longrun.Surgery.ExtinctionTheorem.{u} (P : Poincare.Longrun.Surgery.LedgerPredicates) : Type (u + 1)
Poincare.Longrun.Surgery.NeckAnalysis.{u} (P : Poincare.Longrun.Surgery.LedgerPredicates)
  {X Y : Poincare.Longrun.Surgery.TopSpace} (D : Poincare.Longrun.Surgery.SurgeryDatum X Y) : Type (u + 1)
Poincare.Longrun.Surgery.ChainCertificate.{u} (P : Poincare.Longrun.Surgery.LedgerPredicates)
  {X Y : Poincare.Longrun.Surgery.TopSpace} : Poincare.Longrun.Surgery.SurgeryChain X Y → Prop
Poincare.Longrun.Surgery.ExtinctionTheorem.finitelyMany_of_complexity.{u}
  {P : Poincare.Longrun.Surgery.LedgerPredicates} (E : Poincare.Longrun.Surgery.ExtinctionTheorem P)
  (h : E.complexityDecreases) : E.finitelyManySurgeries
Poincare.Longrun.Surgery.ExtinctionTheorem.extincts_of_complexity.{u} {P : Poincare.Longrun.Surgery.LedgerPredicates}
  (E : Poincare.Longrun.Surgery.ExtinctionTheorem P) (h : E.complexityDecreases) : E.extincts
Poincare.Longrun.Evolution.perelmanF_step_lt.{w} {ι : Type w} [Fintype ι]
  (F : Poincare.Longrun.CurvatureODE.ReactionField ι) {c : ι → ℝ} (hc : ∀ (i : ι), 1 < c i) {h : ℝ} (hh : 0 < h)
  {traj : ℕ → ι → ℝ} (ev : Poincare.Longrun.CurvatureODE.DiscreteEvolution F h traj) {n : ℕ} {i : ι}
  (hi : 0 < F.eval (traj n) i) :
  Poincare.Longrun.Evolution.perelmanF c (traj (n + 1)) < Poincare.Longrun.Evolution.perelmanF c (traj n)
Poincare.Longrun.Evolution.gibbsTerm_strictAnti (c : ℝ) (hc : 1 < c) :
  StrictAnti (Poincare.Longrun.Evolution.gibbsTerm c)
Poincare.Longrun.Evolution.gibbsTerm_step_lt {c x u : ℝ} (hc : 1 < c) (hu : 0 < u) :
  Poincare.Longrun.Evolution.gibbsTerm c (x + u) < Poincare.Longrun.Evolution.gibbsTerm c x
Poincare.Longrun.Evolution.perelmanF.{w} {ι : Type w} [Fintype ι] (c lam : ι → ℝ) : ℝ
Poincare.Longrun.PDE.HeatGridEvolution.le_sup'_initial {N : ℕ} {α : ℝ} (ev : Poincare.Longrun.PDE.HeatGridEvolution N α)
  (hα0 : 0 ≤ α) (hα1 : α ≤ 1 / 2) (t : ℕ) {i : ℕ} (hi : i ≤ N + 1) :
  ev.u t i ≤ max ((Finset.range (N + 2)).sup' ⋯ fun j => ev.u 0 j) 0
Poincare.Longrun.PDE.HeatGridEvolution.energy_nonincreasing {N : ℕ} {α : ℝ}
  (ev : Poincare.Longrun.PDE.HeatGridEvolution N α) (hα0 : 0 ≤ α) (hα1 : α ≤ 1 / 2) (t : ℕ) :
  Poincare.Longrun.PDE.energy (ev.u t) N ≤ Poincare.Longrun.PDE.energy (ev.u 0) N
Poincare.Longrun.PDE.ContinuousHeatMaximumPrincipleInterface (u : ℝ → ℝ → ℝ) (a b T : ℝ) : Prop
Probe.PdeApi.HeatSlabMaximumPrincipleInterface (u : ℝ → ℝ → ℝ) (a b T : ℝ) : Prop
Probe.PdeApi.strict_finite_grid_max_principle {N : ℕ} (u : ℕ → ℝ)
  (hsub : ∀ (i : ℕ), 0 < i → i < N → u i < (u (i - 1) + u (i + 1)) / 2) (i : ℕ) : 0 < i → i < N → u i < max (u 0) (u N)
Poincare.Longrun.Topology.missingKappaNoncollapsing.{u_1} {M : Type u_1} [PseudoEMetricSpace M] [MeasurableSpace M]
  (μ : MeasureTheory.Measure M) (K : Poincare.Longrun.Topology.CurvatureBoundedOn M) (FlowHypotheses : Prop) : Prop
Poincare.Longrun.Topology.missingNormalizedNoLocalCollapsing.{u_1} {M : Type u_1} [PseudoEMetricSpace M]
  [MeasurableSpace M] (μ : MeasureTheory.Measure M) (K : Poincare.Longrun.Topology.CurvatureBoundedOn M)
  (FlowHypotheses : Prop) : Prop
Poincare.Longrun.Topology.missingConjugateHeatKernel.{u_1} {M : Type u_1} [PseudoEMetricSpace M] [MeasurableSpace M]
  (μ : MeasureTheory.Measure M) (FlowHypotheses : Prop) : Prop
Poincare.Longrun.Topology.missingReducedVolumeMonotonicity (V : ℝ → ℝ) (T : Set ℝ) : Prop
'Poincare.Longrun.Evolution.perelmanF_step_lt' depends on axioms: [propext, Classical.choice, Quot.sound]
'Poincare.Longrun.PDE.HeatGridEvolution.le_sup'_initial' depends on axioms: [propext, Classical.choice, Quot.sound]
'Poincare.Longrun.Surgery.ExtinctionTheorem.finitelyMany_of_complexity' does not depend on any axioms
'Poincare.Stage6.pathConnectedSpace_sphereThree' depends on axioms: [propext, Classical.choice, Quot.sound]
