'Poincare.D13.CriticalPathReview.approvedAxioms' does not depend on any axioms
'Poincare.D13.CriticalPathReview.auditedDeclarations' depends on axioms: [propext, Classical.choice, Quot.sound]
'Poincare.D13.CriticalPathReview.auditedDeclarations.match_1' does not depend on any axioms
Poincare/D13/CriticalPathReview/PrintAxiomsAll.lean:12:14: warning: `Poincare.D13.CriticalPathReview.auditedDeclarations.match_1` refers to an auto-generated auxiliary declaration. These are not stable across refactors; consider using a different approach.

Note: This linter can be disabled with `set_option linter.auxLemma false`
'Poincare.D13.CriticalPathReview.auditNamespace' depends on axioms: [propext]
'Poincare.D13.CriticalPathReview.«_aux_Poincare_D13_CriticalPathReview_AxiomAudit___elabRules_Poincare_D13_CriticalPathReview_command#d13_axiom_audit_1»' depends on axioms: [propext,
 Classical.choice,
 Quot.sound]
'Poincare.D13.CriticalPathReview.«_aux_Poincare_D13_CriticalPathReview_StatementAudit___elabRules_Poincare_D13_CriticalPathReview_command#d13_cp_audit_1»' depends on axioms: [propext,
 Classical.choice,
 Quot.sound]
'Poincare.D13.CriticalPathReview.«_aux_Poincare_D13_CriticalPathReview_UsageProbe___elabRules_Poincare_D13_CriticalPathReview_command#d13_usage_probe_1»' depends on axioms: [propext,
 Classical.choice,
 Quot.sound]
'Poincare.D13.CriticalPathReview.b1_dimension_one' depends on axioms: [propext, Classical.choice, Quot.sound]
'Poincare.D13.CriticalPathReview.buildReverseGraph' depends on axioms: [propext, Classical.choice, Quot.sound]
'Poincare.D13.CriticalPathReview.closurePairs' does not depend on any axioms
'Poincare.D13.CriticalPathReview.«command#d13_axiom_audit»' does not depend on any axioms
'Poincare.D13.CriticalPathReview.«command#d13_cp_audit»' does not depend on any axioms
'Poincare.D13.CriticalPathReview.«command#d13_usage_probe»' does not depend on any axioms
'Poincare.D13.CriticalPathReview.consumerCount' depends on axioms: [propext, Classical.choice, Quot.sound]
'Poincare.D13.CriticalPathReview.directDependencies' depends on axioms: [propext, Classical.choice, Quot.sound]
'Poincare.D13.CriticalPathReview.directDependencies.match_1' does not depend on any axioms
Poincare/D13/CriticalPathReview/PrintAxiomsAll.lean:25:14: warning: `Poincare.D13.CriticalPathReview.directDependencies.match_1` refers to an auto-generated auxiliary declaration. These are not stable across refactors; consider using a different approach.

Note: This linter can be disabled with `set_option linter.auxLemma false`
'Poincare.D13.CriticalPathReview.directDependencies.match_3' does not depend on any axioms
Poincare/D13/CriticalPathReview/PrintAxiomsAll.lean:26:14: warning: `Poincare.D13.CriticalPathReview.directDependencies.match_3` refers to an auto-generated auxiliary declaration. These are not stable across refactors; consider using a different approach.

Note: This linter can be disabled with `set_option linter.auxLemma false`
'Poincare.D13.CriticalPathReview.eq_scalarMat_of_fin_one' depends on axioms: [propext, Classical.choice, Quot.sound]
'Poincare.D13.CriticalPathReview.exists_last_zero' depends on axioms: [propext, Classical.choice, Quot.sound]
'Poincare.D13.CriticalPathReview.forbiddenInType' does not depend on any axioms
'Poincare.D13.CriticalPathReview.kernelTangent_scalarField_id' depends on axioms: [propext,
 Classical.choice,
 Quot.sound]
'Poincare.D13.CriticalPathReview.kernelTangent_scalarField_iff' depends on axioms: [propext,
 Classical.choice,
 Quot.sound]
'Poincare.D13.CriticalPathReview.kindLabel' does not depend on any axioms
'Poincare.D13.CriticalPathReview.kindLabel.match_1' does not depend on any axioms
Poincare/D13/CriticalPathReview/PrintAxiomsAll.lean:33:14: warning: `Poincare.D13.CriticalPathReview.kindLabel.match_1` refers to an auto-generated auxiliary declaration. These are not stable across refactors; consider using a different approach.

Note: This linter can be disabled with `set_option linter.auxLemma false`
'Poincare.D13.CriticalPathReview.kindLabel.match_3' does not depend on any axioms
Poincare/D13/CriticalPathReview/PrintAxiomsAll.lean:34:14: warning: `Poincare.D13.CriticalPathReview.kindLabel.match_3` refers to an auto-generated auxiliary declaration. These are not stable across refactors; consider using a different approach.

Note: This linter can be disabled with `set_option linter.auxLemma false`
'Poincare.D13.CriticalPathReview.loadBearingDeclarations' does not depend on any axioms
'Poincare.D13.CriticalPathReview.mainChainDecls' does not depend on any axioms
'Poincare.D13.CriticalPathReview.nativeAxioms' does not depend on any axioms
'Poincare.D13.CriticalPathReview.projectDeclarations' depends on axioms: [propext, Classical.choice, Quot.sound]
'Poincare.D13.CriticalPathReview.requiredInType' does not depend on any axioms
'Poincare.D13.CriticalPathReview.runAxiomAudit' depends on axioms: [propext, Classical.choice, Quot.sound]
'Poincare.D13.CriticalPathReview.runAxiomAudit.match_1' depends on axioms: [propext]
Poincare/D13/CriticalPathReview/PrintAxiomsAll.lean:41:14: warning: `Poincare.D13.CriticalPathReview.runAxiomAudit.match_1` refers to an auto-generated auxiliary declaration. These are not stable across refactors; consider using a different approach.

Note: This linter can be disabled with `set_option linter.auxLemma false`
'Poincare.D13.CriticalPathReview.runAxiomAudit.match_4' does not depend on any axioms
Poincare/D13/CriticalPathReview/PrintAxiomsAll.lean:42:14: warning: `Poincare.D13.CriticalPathReview.runAxiomAudit.match_4` refers to an auto-generated auxiliary declaration. These are not stable across refactors; consider using a different approach.

Note: This linter can be disabled with `set_option linter.auxLemma false`
'Poincare.D13.CriticalPathReview.runAxiomAudit.match_6' does not depend on any axioms
Poincare/D13/CriticalPathReview/PrintAxiomsAll.lean:43:14: warning: `Poincare.D13.CriticalPathReview.runAxiomAudit.match_6` refers to an auto-generated auxiliary declaration. These are not stable across refactors; consider using a different approach.

Note: This linter can be disabled with `set_option linter.auxLemma false`
'Poincare.D13.CriticalPathReview.runAxiomAudit.match_8' does not depend on any axioms
Poincare/D13/CriticalPathReview/PrintAxiomsAll.lean:44:14: warning: `Poincare.D13.CriticalPathReview.runAxiomAudit.match_8` refers to an auto-generated auxiliary declaration. These are not stable across refactors; consider using a different approach.

Note: This linter can be disabled with `set_option linter.auxLemma false`
'Poincare.D13.CriticalPathReview.runAxiomAudit._sparseCasesOn_1' depends on axioms: [propext]
'Poincare.D13.CriticalPathReview.runCriticalPathAudit' depends on axioms: [propext, Classical.choice, Quot.sound]
'Poincare.D13.CriticalPathReview.runCriticalPathAudit.match_1' does not depend on any axioms
Poincare/D13/CriticalPathReview/PrintAxiomsAll.lean:47:14: warning: `Poincare.D13.CriticalPathReview.runCriticalPathAudit.match_1` refers to an auto-generated auxiliary declaration. These are not stable across refactors; consider using a different approach.

Note: This linter can be disabled with `set_option linter.auxLemma false`
'Poincare.D13.CriticalPathReview.runCriticalPathAudit.match_3' does not depend on any axioms
Poincare/D13/CriticalPathReview/PrintAxiomsAll.lean:48:14: warning: `Poincare.D13.CriticalPathReview.runCriticalPathAudit.match_3` refers to an auto-generated auxiliary declaration. These are not stable across refactors; consider using a different approach.

Note: This linter can be disabled with `set_option linter.auxLemma false`
'Poincare.D13.CriticalPathReview.runUsageProbe' depends on axioms: [propext, Classical.choice, Quot.sound]
'Poincare.D13.CriticalPathReview.runUsageProbe.match_1' does not depend on any axioms
Poincare/D13/CriticalPathReview/PrintAxiomsAll.lean:50:14: warning: `Poincare.D13.CriticalPathReview.runUsageProbe.match_1` refers to an auto-generated auxiliary declaration. These are not stable across refactors; consider using a different approach.

Note: This linter can be disabled with `set_option linter.auxLemma false`
'Poincare.D13.CriticalPathReview.scalarField' depends on axioms: [propext, Classical.choice, Quot.sound]
'Poincare.D13.CriticalPathReview.scalarField.eq_1' depends on axioms: [propext, Classical.choice, Quot.sound]
'Poincare.D13.CriticalPathReview.scalarField._proof_1' depends on axioms: [propext]
Poincare/D13/CriticalPathReview/PrintAxiomsAll.lean:53:14: warning: `Poincare.D13.CriticalPathReview.scalarField._proof_1` refers to an auto-generated auxiliary declaration. These are not stable across refactors; consider using a different approach.

Note: This linter can be disabled with `set_option linter.auxLemma false`
'Poincare.D13.CriticalPathReview.scalarField_scalarMat' depends on axioms: [propext, Classical.choice, Quot.sound]
'Poincare.D13.CriticalPathReview.scalar_forward_invariance' depends on axioms: [propext, Classical.choice, Quot.sound]
'Poincare.D13.CriticalPathReview.scalar_forward_invariance_of_locallyLipschitz' depends on axioms: [propext,
 Classical.choice,
 Quot.sound]
'Poincare.D13.CriticalPathReview.scalar_forward_invariance._simp_1_1' depends on axioms: [propext]
'Poincare.D13.CriticalPathReview.scalar_forward_invariance_witness' depends on axioms: [propext,
 Classical.choice,
 Quot.sound]
'Poincare.D13.CriticalPathReview.scalarMat' depends on axioms: [propext, Classical.choice, Quot.sound]
'Poincare.D13.CriticalPathReview.scalarMat_apply' depends on axioms: [propext, Classical.choice, Quot.sound]
'Poincare.D13.CriticalPathReview.scalarMat.eq_1' depends on axioms: [propext, Classical.choice, Quot.sound]
'Poincare.D13.CriticalPathReview.scalarMat_posSemidef_iff' depends on axioms: [propext, Classical.choice, Quot.sound]
'Poincare.D13.CriticalPathReview.sorryAxiom' does not depend on any axioms
'Poincare.D13.CriticalPathReview.statementConstants' depends on axioms: [propext, Classical.choice, Quot.sound]
'Poincare.D13.CriticalPathReview.statementConstants.match_1' does not depend on any axioms
Poincare/D13/CriticalPathReview/PrintAxiomsAll.lean:65:14: warning: `Poincare.D13.CriticalPathReview.statementConstants.match_1` refers to an auto-generated auxiliary declaration. These are not stable across refactors; consider using a different approach.

Note: This linter can be disabled with `set_option linter.auxLemma false`
'Poincare.D13.CriticalPathReview.statementConstants.match_3' does not depend on any axioms
Poincare/D13/CriticalPathReview/PrintAxiomsAll.lean:66:14: warning: `Poincare.D13.CriticalPathReview.statementConstants.match_3` refers to an auto-generated auxiliary declaration. These are not stable across refactors; consider using a different approach.

Note: This linter can be disabled with `set_option linter.auxLemma false`
'Poincare.D13.CriticalPathReview.statementConstants.match_5' depends on axioms: [propext]
Poincare/D13/CriticalPathReview/PrintAxiomsAll.lean:67:14: warning: `Poincare.D13.CriticalPathReview.statementConstants.match_5` refers to an auto-generated auxiliary declaration. These are not stable across refactors; consider using a different approach.

Note: This linter can be disabled with `set_option linter.auxLemma false`
'Poincare.D13.CriticalPathReview.statementConstants.match_8' does not depend on any axioms
Poincare/D13/CriticalPathReview/PrintAxiomsAll.lean:68:14: warning: `Poincare.D13.CriticalPathReview.statementConstants.match_8` refers to an auto-generated auxiliary declaration. These are not stable across refactors; consider using a different approach.

Note: This linter can be disabled with `set_option linter.auxLemma false`
'Poincare.D13.CriticalPathReview.statementConstants._sparseCasesOn_5' depends on axioms: [propext]
'Poincare.D13.CriticalPathReview.transitiveProofConstants' depends on axioms: [propext, Classical.choice, Quot.sound]
'Poincare.D13.CriticalPathReview.transitiveProofConstants.match_1' does not depend on any axioms
Poincare/D13/CriticalPathReview/PrintAxiomsAll.lean:71:14: warning: `Poincare.D13.CriticalPathReview.transitiveProofConstants.match_1` refers to an auto-generated auxiliary declaration. These are not stable across refactors; consider using a different approach.

Note: This linter can be disabled with `set_option linter.auxLemma false`
'Poincare.D13.CriticalPathReview.usageTargets' does not depend on any axioms
