'Poincare.D12.TensorMaximumBochner.lambdaInv' depends on axioms: [propext, Classical.choice, Quot.sound]
'Poincare.D12.TensorMaximumBochner.quadSelfPath' depends on axioms: [propext, Classical.choice, Quot.sound]
'Poincare.D12.TensorMaximumBochner.quadSelfSquareSub' depends on axioms: [propext, Classical.choice, Quot.sound]
'Poincare.D12.TensorMaximumBochner.exists_first_zero' depends on axioms: [propext, Classical.choice, Quot.sound]
'Poincare.D12.TensorMaximumBochner.nonneg_of_nonneg_init_of_deriv_nonneg_on_nonpos' depends on axioms: [propext,
 Classical.choice,
 Quot.sound]
'Poincare.D12.TensorMaximumBochner.nonneg_of_nonneg_init_of_deriv_nonneg_on_nonpos_Icc' depends on axioms: [propext,
 Classical.choice,
 Quot.sound]
'Poincare.D12.TensorMaximumBochner.staysPosSemidef_of_tangent' depends on axioms: [propext,
 Classical.choice,
 Quot.sound]
'Poincare.D12.TensorMaximumBochner.staysPosSemidef_of_tangent_Icc' depends on axioms: [propext,
 Classical.choice,
 Quot.sound]
'Poincare.D12.TensorMaximumBochner.staysPosSemidef_of_field' depends on axioms: [propext, Classical.choice, Quot.sound]
'Poincare.D12.TensorMaximumBochner.tangentCondition_selfSq_sub_self' depends on axioms: [propext,
 Classical.choice,
 Quot.sound]
'Poincare.D12.TensorMaximumBochner.hasDerivAt_lambdaInv' depends on axioms: [propext, Classical.choice, Quot.sound]
'Poincare.D12.TensorMaximumBochner.lambdaInv_sq_sub' depends on axioms: [propext, Classical.choice, Quot.sound]
'Poincare.D12.TensorMaximumBochner.diagonal_hasDerivAt' depends on axioms: [propext, Classical.choice, Quot.sound]
'Poincare.D12.TensorMaximumBochner.quadSelfPath_posSemidef' depends on axioms: [propext, Classical.choice, Quot.sound]
'Poincare.D12.TensorMaximumBochner.quadSelfPath_hermitian' depends on axioms: [propext, Classical.choice, Quot.sound]
'Poincare.D12.TensorMaximumBochner.quadSelfPath_solves' depends on axioms: [propext, Classical.choice, Quot.sound]
'Poincare.D12.TensorMaximumBochner.quadSelfPath_stays_posSemidef' depends on axioms: [propext,
 Classical.choice,
 Quot.sound]
'Poincare.D12.TensorMaximumBochner.negSqrtCounterexample' depends on axioms: [propext, Classical.choice, Quot.sound]
