'Poincare.D7.EvolutionSharp.one_le_one_and_not_one_lt_one' depends on axioms: [propext, Classical.choice, Quot.sound]
'Poincare.D7.EvolutionSharp.gibbsTerm_strictAnti_at_one' depends on axioms: [propext, Classical.choice, Quot.sound]
'Poincare.D7.EvolutionSharp.gibbsTerm_strict_decrease_at_one' depends on axioms: [propext, Classical.choice, Quot.sound]
'Poincare.D7.EvolutionSharp.gibbsTerm_step_lt_at_one' depends on axioms: [propext, Classical.choice, Quot.sound]
'Poincare.D7.EvolutionSharp.gibbsTerm_strictAnti_strictly_generalizes' depends on axioms: [propext,
 Classical.choice,
 Quot.sound]
'Poincare.D7.EvolutionSharp.gibbsTerm_step_lt_strictly_generalizes' depends on axioms: [propext,
 Classical.choice,
 Quot.sound]
'Poincare.D7.EvolutionSharp.sharpWitnessTraj' depends on axioms: [propext, Classical.choice, Quot.sound]
'Poincare.D7.EvolutionSharp.sharpWitnessTraj_evolution' depends on axioms: [propext, Classical.choice, Quot.sound]
'Poincare.D7.EvolutionSharp.sharpWitnessTraj_zero' depends on axioms: [propext, Classical.choice, Quot.sound]
'Poincare.D7.EvolutionSharp.sharpWitnessTraj_one' depends on axioms: [propext, Classical.choice, Quot.sound]
'Poincare.D7.EvolutionSharp.sharpWitness_c_new' depends on axioms: [propext, Classical.choice, Quot.sound]
'Poincare.D7.EvolutionSharp.sharpWitness_c_old_fails' depends on axioms: [propext, Classical.choice, Quot.sound]
'Poincare.D7.EvolutionSharp.sharpWitness_reaction_pos' depends on axioms: [propext, Classical.choice, Quot.sound]
'Poincare.D7.EvolutionSharp.sharpWitness_strict_decrease' depends on axioms: [propext, Classical.choice, Quot.sound]
'Poincare.D7.EvolutionSharp.sharpWitness_values' depends on axioms: [propext, Classical.choice, Quot.sound]
'Poincare.D7.EvolutionSharp.sharpWitness_strict_decrease_by_values' depends on axioms: [propext,
 Classical.choice,
 Quot.sound]
'Poincare.D7.EvolutionSharp.perelmanF_step_lt_strictly_generalizes' depends on axioms: [propext,
 Classical.choice,
 Quot.sound]
'Poincare.D7.EvolutionSharp.perelmanF_step_lt_strictly_generalizes_by_values' depends on axioms: [propext,
 Classical.choice,
 Quot.sound]
'Poincare.D7.EvolutionSharp.sharp_hypothesis_strictly_weaker' depends on axioms: [propext, Classical.choice, Quot.sound]
