Poincare.D7.Kappa.BallVolumeComparison.{u_1, u_2} (M : Type u_1) [PseudoEMetricSpace M] [MeasurableSpace M]
  (μ : MeasureTheory.Measure M) (K : Poincare.Longrun.Topology.CurvatureBoundedOn M) {E : Type u_2}
  [NormedAddCommGroup E] [InnerProductSpace ℝ E] (C : Poincare.D7.Reduced.ReducedVolumeCertificate E) (φ : ℝ → ℝ)
  (r₀ : ℝ) : Prop
Poincare.D7.Kappa.BallVolumeComparison.apply.{u_1, u_2} {M : Type u_1} [PseudoEMetricSpace M] [MeasurableSpace M]
  {μ : MeasureTheory.Measure M} {K : Poincare.Longrun.Topology.CurvatureBoundedOn M} {E : Type u_2}
  [NormedAddCommGroup E] [InnerProductSpace ℝ E] {C : Poincare.D7.Reduced.ReducedVolumeCertificate E} {φ : ℝ → ℝ}
  {r₀ : ℝ} (h : Poincare.D7.Kappa.BallVolumeComparison M μ K C φ r₀) {x : M} {r : ℝ} (hr : 0 < r) (hr₀ : r ≤ r₀)
  (hK : K x r) : ENNReal.ofReal (φ (C.volume (r ^ 2))) ≤ Poincare.Longrun.Topology.normalizedBallVolume μ x r
Poincare.D7.Kappa.BallVolumeComparison.mono.{u_1, u_2} {M : Type u_1} [PseudoEMetricSpace M] [MeasurableSpace M]
  {μ : MeasureTheory.Measure M} {K : Poincare.Longrun.Topology.CurvatureBoundedOn M} {E : Type u_2}
  [NormedAddCommGroup E] [InnerProductSpace ℝ E] {C : Poincare.D7.Reduced.ReducedVolumeCertificate E} {φ : ℝ → ℝ}
  {r₀ : ℝ} {ψ : ℝ → ℝ} (h : Poincare.D7.Kappa.BallVolumeComparison M μ K C φ r₀) (hψ : ∀ (v : ℝ), ψ v ≤ φ v) :
  Poincare.D7.Kappa.BallVolumeComparison M μ K C ψ r₀
Poincare.D7.Kappa.uniformReducedVolumeLowerBound.{u_1} {E : Type u_1} [NormedAddCommGroup E] [InnerProductSpace ℝ E]
  (C : Poincare.D7.Reduced.ReducedVolumeCertificate E) {τ₀ v₀ : ℝ} (hτ₀ : 0 < τ₀) (hv : v₀ ≤ C.volume τ₀) (τ : ℝ) :
  0 < τ → τ ≤ τ₀ → v₀ ≤ C.volume τ
Poincare.D7.Kappa.phi_uniformLowerBound.{u_1} {E : Type u_1} [NormedAddCommGroup E] [InnerProductSpace ℝ E]
  (C : Poincare.D7.Reduced.ReducedVolumeCertificate E) {φ : ℝ → ℝ} {v₀ κ τ₀ : ℝ} (hv₀ : 0 < v₀)
  (hφmono : MonotoneOn φ (Set.Ioi 0)) (hφ : φ v₀ = κ) (hτ₀ : 0 < τ₀) (hv : v₀ ≤ C.volume τ₀) (τ : ℝ) :
  0 < τ → τ ≤ τ₀ → κ ≤ φ (C.volume τ)
Poincare.D7.Kappa.normalizedBallVolumeLowerBound_of_entropy_and_volumeComparison.{u_1, u_2} {M : Type u_1}
  [PseudoEMetricSpace M] [MeasurableSpace M] {μ : MeasureTheory.Measure M}
  {K : Poincare.Longrun.Topology.CurvatureBoundedOn M} {E : Type u_2} [NormedAddCommGroup E] [InnerProductSpace ℝ E]
  (C : Poincare.D7.Reduced.ReducedVolumeCertificate E) (φ : ℝ → ℝ) {κ r₀ τ₀ v₀ : ℝ} (hκ : 0 < κ) (hr₀ : 0 < r₀)
  (hτ₀ : 0 < τ₀) (hscale : r₀ ^ 2 ≤ τ₀) (hv₀ : 0 < v₀) (hv : v₀ ≤ C.volume τ₀) (hφmono : MonotoneOn φ (Set.Ioi 0))
  (hφ : φ v₀ = κ) (comparison : Poincare.D7.Kappa.BallVolumeComparison M μ K C φ r₀) :
  Poincare.Longrun.Topology.NormalizedBallVolumeLowerBound M μ K κ r₀
Poincare.D7.Kappa.kappaNoncollapsing_of_entropy_and_volumeComparison.{u_1, u_2} {M : Type u_1} [PseudoEMetricSpace M]
  [MeasurableSpace M] {μ : MeasureTheory.Measure M} {K : Poincare.Longrun.Topology.CurvatureBoundedOn M} {E : Type u_2}
  [NormedAddCommGroup E] [InnerProductSpace ℝ E] (C : Poincare.D7.Reduced.ReducedVolumeCertificate E) (φ : ℝ → ℝ)
  {κ r₀ τ₀ v₀ : ℝ} (hκ : 0 < κ) (hr₀ : 0 < r₀) (hτ₀ : 0 < τ₀) (hscale : r₀ ^ 2 ≤ τ₀) (hv₀ : 0 < v₀)
  (hv : v₀ ≤ C.volume τ₀) (hφmono : MonotoneOn φ (Set.Ioi 0)) (hφ : φ v₀ = κ)
  (comparison : Poincare.D7.Kappa.BallVolumeComparison M μ K C φ r₀) :
  Poincare.Longrun.Topology.KappaNoncollapsingCertificate M μ K κ r₀
Poincare.D7.Kappa.volume_ball_lower_of_entropy_and_volumeComparison.{u_1, u_2} {M : Type u_1} [PseudoEMetricSpace M]
  [MeasurableSpace M] {μ : MeasureTheory.Measure M} {K : Poincare.Longrun.Topology.CurvatureBoundedOn M} {E : Type u_2}
  [NormedAddCommGroup E] [InnerProductSpace ℝ E] (C : Poincare.D7.Reduced.ReducedVolumeCertificate E) (φ : ℝ → ℝ)
  {κ r₀ τ₀ v₀ : ℝ} (hκ : 0 < κ) (hr₀ : 0 < r₀) (hτ₀ : 0 < τ₀) (hscale : r₀ ^ 2 ≤ τ₀) (hv₀ : 0 < v₀)
  (hv : v₀ ≤ C.volume τ₀) (hφmono : MonotoneOn φ (Set.Ioi 0)) (hφ : φ v₀ = κ)
  (comparison : Poincare.D7.Kappa.BallVolumeComparison M μ K C φ r₀) {x : M} {r : ℝ} (hr : 0 < r) (hrle : r ≤ r₀)
  (hK : K x r) : ENNReal.ofReal (κ * r ^ 3) ≤ μ (Metric.eball x (ENNReal.ofReal r))
Poincare.D7.Kappa.KappaComparisonData.{u_1, u_2} (M : Type u_1) [PseudoEMetricSpace M] [MeasurableSpace M]
  (μ : MeasureTheory.Measure M) (K : Poincare.Longrun.Topology.CurvatureBoundedOn M) (E : Type u_2)
  [NormedAddCommGroup E] [InnerProductSpace ℝ E] (κ r₀ : ℝ) : Type u_2
Poincare.D7.Kappa.KappaComparisonData.uniform_volume_lower.{u_1, u_2} {M : Type u_1} [PseudoEMetricSpace M]
  [MeasurableSpace M] {μ : MeasureTheory.Measure M} {K : Poincare.Longrun.Topology.CurvatureBoundedOn M} {E : Type u_2}
  [NormedAddCommGroup E] [InnerProductSpace ℝ E] {κ r₀ : ℝ} (D : Poincare.D7.Kappa.KappaComparisonData M μ K E κ r₀)
  {τ : ℝ} (hτ : 0 < τ) (hττ : τ ≤ D.tau0) : D.v0 ≤ D.reducedVolume.volume τ
Poincare.D7.Kappa.KappaComparisonData.toKappaCertificate.{u_1, u_2} {M : Type u_1} [PseudoEMetricSpace M]
  [MeasurableSpace M] {μ : MeasureTheory.Measure M} {K : Poincare.Longrun.Topology.CurvatureBoundedOn M} {E : Type u_2}
  [NormedAddCommGroup E] [InnerProductSpace ℝ E] {κ r₀ : ℝ} (D : Poincare.D7.Kappa.KappaComparisonData M μ K E κ r₀) :
  Poincare.D7.Kappa.KappaCertificate M μ K E κ r₀
Poincare.D7.Kappa.KappaCertificate.{u_1, u_2} (M : Type u_1) [PseudoEMetricSpace M] [MeasurableSpace M]
  (μ : MeasureTheory.Measure M) (K : Poincare.Longrun.Topology.CurvatureBoundedOn M) (E : Type u_2)
  [NormedAddCommGroup E] [InnerProductSpace ℝ E] (κ r₀ : ℝ) : Type u_2
Poincare.D7.Kappa.KappaCertificate.volume_ball_lower.{u_1, u_2} {M : Type u_1} [PseudoEMetricSpace M]
  [MeasurableSpace M] {μ : MeasureTheory.Measure M} {K : Poincare.Longrun.Topology.CurvatureBoundedOn M} {E : Type u_2}
  [NormedAddCommGroup E] [InnerProductSpace ℝ E] {κ r₀ : ℝ} (h : Poincare.D7.Kappa.KappaCertificate M μ K E κ r₀)
  {x : M} {r : ℝ} (hr : 0 < r) (hr₀ : r ≤ r₀) (hK : K x r) :
  ENNReal.ofReal (κ * r ^ 3) ≤ μ (Metric.eball x (ENNReal.ofReal r))
Poincare.D7.Kappa.KappaCertificate.volume_ball_pos.{u_1, u_2} {M : Type u_1} [PseudoEMetricSpace M] [MeasurableSpace M]
  {μ : MeasureTheory.Measure M} {K : Poincare.Longrun.Topology.CurvatureBoundedOn M} {E : Type u_2}
  [NormedAddCommGroup E] [InnerProductSpace ℝ E] {κ r₀ : ℝ} (h : Poincare.D7.Kappa.KappaCertificate M μ K E κ r₀)
  {x : M} {r : ℝ} (hr : 0 < r) (hr₀ : r ≤ r₀) (hK : K x r) : 0 < μ (Metric.eball x (ENNReal.ofReal r))
Poincare.D7.Kappa.KappaCertificate.toNormalizedBallVolumeLowerBound.{u_1, u_2} {M : Type u_1} [PseudoEMetricSpace M]
  [MeasurableSpace M] {μ : MeasureTheory.Measure M} {K : Poincare.Longrun.Topology.CurvatureBoundedOn M} {E : Type u_2}
  [NormedAddCommGroup E] [InnerProductSpace ℝ E] {κ r₀ : ℝ} (h : Poincare.D7.Kappa.KappaCertificate M μ K E κ r₀) :
  Poincare.Longrun.Topology.NormalizedBallVolumeLowerBound M μ K κ r₀
Poincare.D7.Kappa.KappaCertificate.mono.{u_1, u_2} {M : Type u_1} [PseudoEMetricSpace M] [MeasurableSpace M]
  {μ : MeasureTheory.Measure M} {K : Poincare.Longrun.Topology.CurvatureBoundedOn M} {E : Type u_2}
  [NormedAddCommGroup E] [InnerProductSpace ℝ E] {κ r₀ : ℝ} (h : Poincare.D7.Kappa.KappaCertificate M μ K E κ r₀)
  {κ' : ℝ} (hκ' : 0 < κ') (hle : κ' ≤ κ) : Poincare.D7.Kappa.KappaCertificate M μ K E κ' r₀
Poincare.D7.Kappa.KappaCertificate.uniform_volume_lower.{u_1, u_2} {M : Type u_1} [PseudoEMetricSpace M]
  [MeasurableSpace M] {μ : MeasureTheory.Measure M} {K : Poincare.Longrun.Topology.CurvatureBoundedOn M} {E : Type u_2}
  [NormedAddCommGroup E] [InnerProductSpace ℝ E] {κ r₀ : ℝ} (h : Poincare.D7.Kappa.KappaCertificate M μ K E κ r₀)
  {τ : ℝ} (hτ : 0 < τ) (hττ : τ ≤ h.tau0) : h.v0 ≤ h.reducedVolume.volume τ
Poincare.D7.Kappa.kappaCertificate_of_entropy_and_volumeComparison.{u_1, u_2} {M : Type u_1} [PseudoEMetricSpace M]
  [MeasurableSpace M] {μ : MeasureTheory.Measure M} {K : Poincare.Longrun.Topology.CurvatureBoundedOn M} {E : Type u_2}
  [NormedAddCommGroup E] [InnerProductSpace ℝ E] (C : Poincare.D7.Reduced.ReducedVolumeCertificate E) (φ : ℝ → ℝ)
  {κ r₀ τ₀ v₀ : ℝ} (hκ : 0 < κ) (hr₀ : 0 < r₀) (hτ₀ : 0 < τ₀) (hscale : r₀ ^ 2 ≤ τ₀) (hv₀ : 0 < v₀)
  (hv : v₀ ≤ C.volume τ₀) (hφmono : MonotoneOn φ (Set.Ioi 0)) (hφ : φ v₀ = κ)
  (comparison : Poincare.D7.Kappa.BallVolumeComparison M μ K C φ r₀) : Poincare.D7.Kappa.KappaCertificate M μ K E κ r₀
Poincare.D7.Kappa.perelmanWMu_monotone_and_uniformReducedVolume.{u, u_1, u_2} {X : Type u} [MeasurableSpace X]
  {μX : MeasureTheory.Measure X} {F : Type u_1} [AddCommGroup F] [Module ℝ F] {ι : Type u_2} [Fintype ι] [Nonempty ι]
  {fam : ι → ℝ → Poincare.Longrun.Entropy.EntropyData X μX}
  (H : Poincare.D7.Monotonicity.PerelmanWMuKernelHypotheses F fam) (i₀ : ι) {τ₀ v₀ : ℝ} (hτ₀ : 0 < τ₀)
  (hv : v₀ ≤ H.reducedVolume.volume τ₀) :
  MonotoneOn (fun t => (fam i₀ t).W) (Set.Ici 0) ∧
    MonotoneOn (Poincare.D7.Monotonicity.muOfFamily fam) (Set.Ici 0) ∧
      ∀ (τ : ℝ), 0 < τ → τ ≤ τ₀ → v₀ ≤ H.reducedVolume.volume τ
Poincare.D7.Kappa.kappaNoncollapsing_of_perelmanWMu.{u, u_1, u_2, u_3} {X : Type u} [MeasurableSpace X]
  {μX : MeasureTheory.Measure X} {F : Type u_1} [AddCommGroup F] [Module ℝ F] {ι : Type u_2} [Fintype ι] [Nonempty ι]
  {fam : ι → ℝ → Poincare.Longrun.Entropy.EntropyData X μX} {M : Type u_3} [PseudoEMetricSpace M] [MeasurableSpace M]
  {μ : MeasureTheory.Measure M} {K : Poincare.Longrun.Topology.CurvatureBoundedOn M}
  (H : Poincare.D7.Monotonicity.PerelmanWMuKernelHypotheses F fam) (φ : ℝ → ℝ) {κ r₀ τ₀ v₀ : ℝ} (hκ : 0 < κ)
  (hr₀ : 0 < r₀) (hτ₀ : 0 < τ₀) (hscale : r₀ ^ 2 ≤ τ₀) (hv₀ : 0 < v₀) (hv : v₀ ≤ H.reducedVolume.volume τ₀)
  (hφmono : MonotoneOn φ (Set.Ioi 0)) (hφ : φ v₀ = κ)
  (comparison : Poincare.D7.Kappa.BallVolumeComparison M μ K H.reducedVolume φ r₀) :
  Poincare.Longrun.Topology.KappaNoncollapsingCertificate M μ K κ r₀
Poincare.D7.Kappa.kappaComparisonData_of_perelmanWMu.{u, u_1, u_2, u_3} {X : Type u} [MeasurableSpace X]
  {μX : MeasureTheory.Measure X} {F : Type u_1} [AddCommGroup F] [Module ℝ F] {ι : Type u_2} [Fintype ι] [Nonempty ι]
  {fam : ι → ℝ → Poincare.Longrun.Entropy.EntropyData X μX} {M : Type u_3} [PseudoEMetricSpace M] [MeasurableSpace M]
  {μ : MeasureTheory.Measure M} {K : Poincare.Longrun.Topology.CurvatureBoundedOn M}
  (H : Poincare.D7.Monotonicity.PerelmanWMuKernelHypotheses F fam) (φ : ℝ → ℝ) {κ r₀ τ₀ v₀ : ℝ} (hκ : 0 < κ)
  (hr₀ : 0 < r₀) (hτ₀ : 0 < τ₀) (hscale : r₀ ^ 2 ≤ τ₀) (hv₀ : 0 < v₀) (hv : v₀ ≤ H.reducedVolume.volume τ₀)
  (hφmono : MonotoneOn φ (Set.Ioi 0)) (hφ : φ v₀ = κ)
  (comparison : Poincare.D7.Kappa.BallVolumeComparison M μ K H.reducedVolume φ r₀) :
  Poincare.D7.Kappa.KappaComparisonData M μ K ℝ κ r₀
Poincare.D7.Kappa.kappaCertificate_of_perelmanWMu.{u, u_1, u_2, u_3} {X : Type u} [MeasurableSpace X]
  {μX : MeasureTheory.Measure X} {F : Type u_1} [AddCommGroup F] [Module ℝ F] {ι : Type u_2} [Fintype ι] [Nonempty ι]
  {fam : ι → ℝ → Poincare.Longrun.Entropy.EntropyData X μX} {M : Type u_3} [PseudoEMetricSpace M] [MeasurableSpace M]
  {μ : MeasureTheory.Measure M} {K : Poincare.Longrun.Topology.CurvatureBoundedOn M}
  (H : Poincare.D7.Monotonicity.PerelmanWMuKernelHypotheses F fam) (φ : ℝ → ℝ) {κ r₀ τ₀ v₀ : ℝ} (hκ : 0 < κ)
  (hr₀ : 0 < r₀) (hτ₀ : 0 < τ₀) (hscale : r₀ ^ 2 ≤ τ₀) (hv₀ : 0 < v₀) (hv : v₀ ≤ H.reducedVolume.volume τ₀)
  (hφmono : MonotoneOn φ (Set.Ioi 0)) (hφ : φ v₀ = κ)
  (comparison : Poincare.D7.Kappa.BallVolumeComparison M μ K H.reducedVolume φ r₀) :
  Poincare.D7.Kappa.KappaCertificate M μ K ℝ κ r₀
Poincare.D7.Kappa.kappaNoncollapsing_of_reducedVolumeWDuality.{u_3} {W : ℝ → ℝ}
  {C : Poincare.D7.Reduced.ReducedVolumeCertificate ℝ} (D : Poincare.D7.Monotonicity.ReducedVolumeWDuality W C)
  {M : Type u_3} [PseudoEMetricSpace M] [MeasurableSpace M] {μ : MeasureTheory.Measure M}
  {K : Poincare.Longrun.Topology.CurvatureBoundedOn M} (φ : ℝ → ℝ) {κ r₀ τ₀ v₀ : ℝ} (hκ : 0 < κ) (hr₀ : 0 < r₀)
  (hτ₀ : 0 < τ₀) (hscale : r₀ ^ 2 ≤ τ₀) (hv₀ : 0 < v₀) (hv : v₀ ≤ C.volume τ₀) (hφmono : MonotoneOn φ (Set.Ioi 0))
  (hφ : φ v₀ = κ) (comparison : Poincare.D7.Kappa.BallVolumeComparison M μ K C φ r₀) :
  Poincare.Longrun.Topology.KappaNoncollapsingCertificate M μ K κ r₀ ∧ AntitoneOn W (Set.Ioi 0)
Poincare.D7.Kappa.PerelmanNoncollapsingConclusion.{u_1} (M : Type u_1) [PseudoEMetricSpace M] [MeasurableSpace M]
  (μ : MeasureTheory.Measure M) (K : Poincare.Longrun.Topology.CurvatureBoundedOn M) : Prop
Poincare.D7.Kappa.fullPerelmanNoncollapsing.{u_1} (M : Type u_1) [PseudoEMetricSpace M] [MeasurableSpace M]
  (μ : MeasureTheory.Measure M) (K : Poincare.Longrun.Topology.CurvatureBoundedOn M) (FlowHypotheses : Prop) : Prop
Poincare.D7.Kappa.fullPerelmanNoncollapsing_iff_missingKappaNoncollapsing.{u_1} {M : Type u_1} [PseudoEMetricSpace M]
  [MeasurableSpace M] (μ : MeasureTheory.Measure M) (K : Poincare.Longrun.Topology.CurvatureBoundedOn M)
  (FlowHypotheses : Prop) :
  Poincare.D7.Kappa.fullPerelmanNoncollapsing M μ K FlowHypotheses ↔
    Poincare.Longrun.Topology.missingKappaNoncollapsing μ K FlowHypotheses
Poincare.D7.Kappa.fullPerelmanNoncollapsing_of_comparisonData.{u_1, u_2} {M : Type u_1} [PseudoEMetricSpace M]
  [MeasurableSpace M] {μ : MeasureTheory.Measure M} {K : Poincare.Longrun.Topology.CurvatureBoundedOn M} {E : Type u_2}
  [NormedAddCommGroup E] [InnerProductSpace ℝ E] {κ r₀ : ℝ} (D : Poincare.D7.Kappa.KappaComparisonData M μ K E κ r₀)
  (FlowHypotheses : Prop) : Poincare.D7.Kappa.fullPerelmanNoncollapsing M μ K FlowHypotheses
Poincare.D7.Kappa.fullPerelmanNoncollapsing_of_entropy_and_comparison.{u, u_1, u_2, u_3} {M : Type u_1}
  [PseudoEMetricSpace M] [MeasurableSpace M] {μ : MeasureTheory.Measure M}
  {K : Poincare.Longrun.Topology.CurvatureBoundedOn M} {X : Type u} [MeasurableSpace X] {μX : MeasureTheory.Measure X}
  {F : Type u_2} [AddCommGroup F] [Module ℝ F] {ι : Type u_3} [Fintype ι] [Nonempty ι]
  {fam : ι → ℝ → Poincare.Longrun.Entropy.EntropyData X μX}
  (H : Poincare.D7.Monotonicity.PerelmanWMuKernelHypotheses F fam) (φ : ℝ → ℝ) {κ r₀ τ₀ v₀ : ℝ} (hκ : 0 < κ)
  (hr₀ : 0 < r₀) (hτ₀ : 0 < τ₀) (hscale : r₀ ^ 2 ≤ τ₀) (hv₀ : 0 < v₀) (hv : v₀ ≤ H.reducedVolume.volume τ₀)
  (hφmono : MonotoneOn φ (Set.Ioi 0)) (hφ : φ v₀ = κ)
  (comparison : Poincare.D7.Kappa.BallVolumeComparison M μ K H.reducedVolume φ r₀) (FlowHypotheses : Prop) :
  Poincare.D7.Kappa.fullPerelmanNoncollapsing M μ K FlowHypotheses
Poincare.D7.Kappa.missingKappaNoncollapsingOfMuMonotonicity_of_comparisonData.{u_1, u_2} {M : Type u_1}
  [PseudoEMetricSpace M] [MeasurableSpace M] {μ : MeasureTheory.Measure M}
  {K : Poincare.Longrun.Topology.CurvatureBoundedOn M} {E : Type u_2} [NormedAddCommGroup E] [InnerProductSpace ℝ E]
  {κ r₀ : ℝ} (D : Poincare.D7.Kappa.KappaComparisonData M μ K E κ r₀) (MuMonotone FlowHypotheses : Prop) :
  Poincare.Longrun.Topology.missingKappaNoncollapsingOfMuMonotonicity μ K MuMonotone FlowHypotheses
Poincare.D7.Kappa.perelmanNoncollapsingDependencies : List Poincare.D7.ShortTime.MissingDependency
Poincare.D7.Kappa.perelmanNoncollapsingBlockers : List String
Poincare.D7.Kappa.ballVolumeComparison_unit :
  Poincare.D7.Kappa.BallVolumeComparison Unit MeasureTheory.Measure.count (fun x x_1 => True)
    Poincare.D7.Monotonicity.constantReducedVolumeCertificate (fun x => 1) 1
Poincare.D7.Kappa.kappaNoncollapsing_of_entropy_and_volumeComparison_unit :
  Poincare.Longrun.Topology.KappaNoncollapsingCertificate Unit MeasureTheory.Measure.count (fun x x_1 => True) 1 1
Poincare.D7.Kappa.kappaNoncollapsing_of_perelmanWMu_unit :
  Poincare.Longrun.Topology.KappaNoncollapsingCertificate Unit MeasureTheory.Measure.count (fun x x_1 => True) 1 1
Poincare.D7.Kappa.unitKappaCertificate :
  Poincare.D7.Kappa.KappaCertificate Unit MeasureTheory.Measure.count (fun x x_1 => True) ℝ 1 1
Poincare.D7.Kappa.kappaNoncollapsing_unit :
  Poincare.Longrun.Topology.KappaNoncollapsingCertificate Unit MeasureTheory.Measure.count (fun x x_1 => True) 1 1
Poincare.D7.Kappa.perelmanNoncollapsingConclusion_unit :
  Poincare.D7.Kappa.PerelmanNoncollapsingConclusion Unit MeasureTheory.Measure.count fun x x_1 => True
Poincare.D7.Kappa.fullPerelmanNoncollapsing_unit :
  Poincare.D7.Kappa.fullPerelmanNoncollapsing Unit MeasureTheory.Measure.count (fun x x_1 => True) True
