'Poincare.D7.Curvature.RiemannCurvatureData' depends on axioms: [propext, Classical.choice, Quot.sound]
'Poincare.D7.Curvature.RiemannCurvatureData.curvature' depends on axioms: [propext, Classical.choice, Quot.sound]
'Poincare.D7.Curvature.RiemannCurvatureData.curvatureForm' depends on axioms: [propext, Classical.choice, Quot.sound]
'Poincare.D7.Curvature.RiemannCurvatureData.toCurvatureOperator' depends on axioms: [propext,
 Classical.choice,
 Quot.sound]
'Poincare.D7.Curvature.RiemannCurvatureData.zero' depends on axioms: [propext, Classical.choice, Quot.sound]
'Poincare.D7.Curvature.RiemannCurvatureData.mean' depends on axioms: [propext, Classical.choice, Quot.sound]
'Poincare.D7.Curvature.RiemannCurvatureData.curvature_skew₁₂' depends on axioms: [propext, Classical.choice, Quot.sound]
'Poincare.D7.Curvature.RiemannCurvatureData.curvatureForm_skew₁₂' depends on axioms: [propext,
 Classical.choice,
 Quot.sound]
'Poincare.D7.Curvature.RiemannCurvatureData.curvature_bianchi' depends on axioms: [propext,
 Classical.choice,
 Quot.sound]
'Poincare.D7.Curvature.RiemannCurvatureData.curvatureForm_bianchi' depends on axioms: [propext,
 Classical.choice,
 Quot.sound]
'Poincare.D7.Curvature.RiemannCurvatureData.form_comp_sub_skew' depends on axioms: [propext,
 Classical.choice,
 Quot.sound]
'Poincare.D7.Curvature.RiemannCurvatureData.curvatureForm_skew₃₄' depends on axioms: [propext,
 Classical.choice,
 Quot.sound]
'Poincare.D7.Curvature.RiemannCurvatureData.curvatureForm_interchange' depends on axioms: [propext,
 Classical.choice,
 Quot.sound]
'Poincare.D7.Curvature.RiemannCurvatureData.curvatureForm_self₁' depends on axioms: [propext,
 Classical.choice,
 Quot.sound]
'Poincare.D7.Curvature.RiemannCurvatureData.curvatureForm_self₂' depends on axioms: [propext,
 Classical.choice,
 Quot.sound]
'Poincare.D7.Curvature.RiemannCurvatureData.curvatureForm_swap_pairs' depends on axioms: [propext,
 Classical.choice,
 Quot.sound]
'Poincare.D7.Curvature.RiemannCurvatureData.ricciForm' depends on axioms: [propext, Classical.choice, Quot.sound]
'Poincare.D7.Curvature.RiemannCurvatureData.ricciForm_eq_ricciOperator' depends on axioms: [propext,
 Classical.choice,
 Quot.sound]
'Poincare.D7.Curvature.RiemannCurvatureData.ricciForm_eq_sum_basis' depends on axioms: [propext,
 Classical.choice,
 Quot.sound]
'Poincare.D7.Curvature.RiemannCurvatureData.ricciForm_symm' depends on axioms: [propext, Classical.choice, Quot.sound]
'Poincare.D7.Curvature.RiemannCurvatureData.ricciEndo' depends on axioms: [propext, Classical.choice, Quot.sound]
'Poincare.D7.Curvature.RiemannCurvatureData.form_ricciEndo' depends on axioms: [propext, Classical.choice, Quot.sound]
'Poincare.D7.Curvature.RiemannCurvatureData.form_ricciEndo_symm' depends on axioms: [propext,
 Classical.choice,
 Quot.sound]
'Poincare.D7.Curvature.RiemannCurvatureData.scalarCurvature' depends on axioms: [propext, Classical.choice, Quot.sound]
'Poincare.D7.Curvature.RiemannCurvatureData.scalarCurvature_eq_sum_basis' depends on axioms: [propext,
 Classical.choice,
 Quot.sound]
'Poincare.D7.Curvature.RiemannCurvatureData.scalarCurvature_eq_d2' depends on axioms: [propext,
 Classical.choice,
 Quot.sound]
'Poincare.D7.Curvature.RiemannCurvatureData.gramForm' depends on axioms: [propext, Classical.choice, Quot.sound]
'Poincare.D7.Curvature.RiemannCurvatureData.gramForm_gl2' depends on axioms: [propext, Classical.choice, Quot.sound]
'Poincare.D7.Curvature.RiemannCurvatureData.isNondegenerate2Plane_gl2' depends on axioms: [propext,
 Classical.choice,
 Quot.sound]
'Poincare.D7.Curvature.RiemannCurvatureData.sectionalCurvature' depends on axioms: [propext,
 Classical.choice,
 Quot.sound]
'Poincare.D7.Curvature.RiemannCurvatureData.sectionalCurvature_swap' depends on axioms: [propext,
 Classical.choice,
 Quot.sound]
'Poincare.D7.Curvature.RiemannCurvatureData.sectionalCurvature_smul' depends on axioms: [propext,
 Classical.choice,
 Quot.sound]
'Poincare.D7.Curvature.RiemannCurvatureData.sectionalCurvature_shear_left' depends on axioms: [propext,
 Classical.choice,
 Quot.sound]
'Poincare.D7.Curvature.RiemannCurvatureData.sectionalCurvature_gl2' depends on axioms: [propext,
 Classical.choice,
 Quot.sound]
'Poincare.D7.Curvature.RiemannCurvatureData.TwoPlane.sectionalCurvature_congr' depends on axioms: [propext,
 Classical.choice,
 Quot.sound]
'Poincare.D7.Curvature.alternating_bilinear_apply' depends on axioms: [propext, Classical.choice, Quot.sound]
'Poincare.Longrun.Geometry.RiemannCurvatureTensor' depends on axioms: [propext, Classical.choice, Quot.sound]
'Poincare.Longrun.Geometry.RiemannCurvatureTensor_first_pair_skew' depends on axioms: [propext,
 Classical.choice,
 Quot.sound]
'Poincare.Longrun.Geometry.RiemannCurvatureTensor_bianchi' depends on axioms: [propext, Classical.choice, Quot.sound]
'Poincare.Longrun.Geometry.RiemannCurvatureTensor_interchange' depends on axioms: [propext,
 Classical.choice,
 Quot.sound]
'Poincare.Longrun.Geometry.RiemannCurvatureTensor_second_pair_skew' depends on axioms: [propext,
 Classical.choice,
 Quot.sound]
'Probe.CurvatureTensor.toCurvatureOperator' depends on axioms: [propext, Classical.choice, Quot.sound]
'Poincare.D7.Curvature.ricci_eq_probe_ricci' depends on axioms: [propext, Classical.choice, Quot.sound]
'Poincare.D7.Curvature.ManifoldCurvatureStatement' depends on axioms: [propext, Classical.choice, Quot.sound]
'Poincare.D7.Curvature.SecondBianchiStatement' depends on axioms: [propext, Classical.choice, Quot.sound]
'Poincare.D7.Curvature.CovariantDerivativeOfCurvature' depends on axioms: [propext, Classical.choice, Quot.sound]
'Poincare.D7.Curvature.BlockerManifoldCurvature_ne_nil' depends on axioms: [propext, Classical.choice, Quot.sound]
'Poincare.D7.Curvature.BlockerSecondBianchi_ne_nil' depends on axioms: [propext, Classical.choice, Quot.sound]
'Poincare.D7.Curvature.So3.stdForm' depends on axioms: [propext, Classical.choice, Quot.sound]
'Poincare.D7.Curvature.So3.stdMetric' depends on axioms: [propext, Classical.choice, Quot.sound]
'Poincare.D7.Curvature.So3.crossBracket' depends on axioms: [propext, Classical.choice, Quot.sound]
'Poincare.D7.Curvature.So3.crossBracket_compatible' depends on axioms: [propext, Classical.choice, Quot.sound]
'Poincare.D7.Curvature.So3.so3' depends on axioms: [propext, Classical.choice, Quot.sound]
'Poincare.D7.Curvature.So3.so3_curvature_e0_e1_e1' depends on axioms: [propext, Classical.choice, Quot.sound]
'Poincare.D7.Curvature.So3.so3_gramForm_e0_e1' depends on axioms: [propext, Classical.choice, Quot.sound]
'Poincare.D7.Curvature.So3.so3_isNondegenerate2Plane_e0_e1' depends on axioms: [propext, Classical.choice, Quot.sound]
'Poincare.D7.Curvature.So3.so3_sectionalCurvature_e0_e1' depends on axioms: [propext, Classical.choice, Quot.sound]
'Poincare.D7.Curvature.So3.so3_sectionalCurvature_gl2_witness' depends on axioms: [propext,
 Classical.choice,
 Quot.sound]
'Poincare.D7.Curvature.So3.so3_ricciForm_e0_e0' depends on axioms: [propext, Classical.choice, Quot.sound]
