'Poincare.D12.SpectralSobolev.heatWeight' depends on axioms: [propext, Classical.choice, Quot.sound]
'Poincare.D12.SpectralSobolev.heatWeight_zero' depends on axioms: [propext, Classical.choice, Quot.sound]
'Poincare.D12.SpectralSobolev.heatWeight_pos' depends on axioms: [propext, Classical.choice, Quot.sound]
'Poincare.D12.SpectralSobolev.heatWeight_nonneg' depends on axioms: [propext, Classical.choice, Quot.sound]
'Poincare.D12.SpectralSobolev.heatWeight_le_one' depends on axioms: [propext, Classical.choice, Quot.sound]
'Poincare.D12.SpectralSobolev.heatWeight_abs_le_one' depends on axioms: [propext, Classical.choice, Quot.sound]
'Poincare.D12.SpectralSobolev.heatWeight_tendsto_one' depends on axioms: [propext, Classical.choice, Quot.sound]
'Poincare.D12.SpectralSobolev.heatCoeffs' depends on axioms: [propext, Classical.choice, Quot.sound]
'Poincare.D12.SpectralSobolev.heatCoeffs_apply' depends on axioms: [propext, Classical.choice, Quot.sound]
'Poincare.D12.SpectralSobolev.summable_sq_heatCoeff' depends on axioms: [propext, Classical.choice, Quot.sound]
'Poincare.D12.SpectralSobolev.heatCoeffsL2' depends on axioms: [propext, Classical.choice, Quot.sound]
'Poincare.D12.SpectralSobolev.heatEvolve' depends on axioms: [propext, Classical.choice, Quot.sound]
'Poincare.D12.SpectralSobolev.heatSeries_hasSum' depends on axioms: [propext, Classical.choice, Quot.sound]
'Poincare.D12.SpectralSobolev.fourierCoeff_heatEvolve' depends on axioms: [propext, Classical.choice, Quot.sound]
'Poincare.D12.SpectralSobolev.heatEvolve_norm_le' depends on axioms: [propext, Classical.choice, Quot.sound]
'Poincare.D12.SpectralSobolev.heatEvolve_tendsto_self' depends on axioms: [propext, Classical.choice, Quot.sound]
'Poincare.D12.SpectralSobolev.heatEvolve_fourierLp' depends on axioms: [propext, Classical.choice, Quot.sound]
'Poincare.D12.SpectralSobolev.norm_heatEvolve_fourierLp' depends on axioms: [propext, Classical.choice, Quot.sound]
'Poincare.D12.SpectralSobolev.sq_eigenvalue_pos' depends on axioms: [propext, Classical.choice, Quot.sound]
'Poincare.D12.SpectralSobolev.heatWeight_lt_one_of_pos' depends on axioms: [propext, Classical.choice, Quot.sound]
'Poincare.D12.SpectralSobolev.fourierCoeffOn_deriv_periodic' depends on axioms: [propext, Classical.choice, Quot.sound]
'Poincare.D12.SpectralSobolev.sq_norm_eigenvalue' depends on axioms: [propext, Classical.choice, Quot.sound]
'Poincare.D12.SpectralSobolev.sq_norm_fourierCoeffOn_deriv_periodic' depends on axioms: [propext,
 Classical.choice,
 Quot.sound]
'Poincare.D12.SpectralSobolev.fourierCoeffOn_zero_eq_mean' depends on axioms: [propext, Classical.choice, Quot.sound]
'Poincare.D12.SpectralSobolev.poincare_wirtinger' depends on axioms: [propext, Classical.choice, Quot.sound]
'Poincare.D12.SpectralSobolev.heatEvolve_zero' depends on axioms: [propext, Classical.choice, Quot.sound]
'Poincare.D12.SpectralSobolev.heatEvolve_add' depends on axioms: [propext, Classical.choice, Quot.sound]
'Poincare.D12.SpectralSobolev.norm_sin_le_one' depends on axioms: [propext, Classical.choice, Quot.sound]
'Poincare.D12.SpectralSobolev.norm_cos_le_one' depends on axioms: [propext, Classical.choice, Quot.sound]
'Poincare.D12.SpectralSobolev.sine_wave_hypotheses' depends on axioms: [propext, Classical.choice, Quot.sound]
'Poincare.D12.SpectralSobolev.integral_sin_sq_period' depends on axioms: [propext, Classical.choice, Quot.sound]
'Poincare.D12.SpectralSobolev.integral_cos_sq_period' depends on axioms: [propext, Classical.choice, Quot.sound]
'Poincare.D12.SpectralSobolev.poincare_wirtinger_sine' depends on axioms: [propext, Classical.choice, Quot.sound]
'Poincare.D12.SpectralSobolev.poincare_wirtinger_sine_saturates' depends on axioms: [propext,
 Classical.choice,
 Quot.sound]
'Poincare.D12.SpectralSobolev.poincare_constant_sharp' depends on axioms: [propext, Classical.choice, Quot.sound]
'Poincare.D12.SpectralSobolev.heat_evolution_first_mode_nontrivial' depends on axioms: [propext,
 Classical.choice,
 Quot.sound]
