'Poincare.D12.TriangulationTopology.disk_boundary_eq_sphere' depends on axioms: [propext, Classical.choice, Quot.sound]
'Poincare.D12.TriangulationTopology.sphereCompactSpace' depends on axioms: [propext, Classical.choice, Quot.sound]
'Poincare.D12.TriangulationTopology.diskCompactSpace' depends on axioms: [propext, Classical.choice, Quot.sound]
'Poincare.D12.TriangulationTopology.iccCompactSpace' depends on axioms: [propext, Classical.choice, Quot.sound]
'Poincare.D12.TriangulationTopology.diskNonempty' depends on axioms: [propext, Classical.choice, Quot.sound]
'Poincare.D12.TriangulationTopology.esnoc' depends on axioms: [propext, Classical.choice, Quot.sound]
'Poincare.D12.TriangulationTopology.esnoc_last' depends on axioms: [propext, Classical.choice, Quot.sound]
'Poincare.D12.TriangulationTopology.esnoc_castSucc' depends on axioms: [propext, Classical.choice, Quot.sound]
'Poincare.D12.TriangulationTopology.esnoc_injective2' depends on axioms: [propext, Classical.choice, Quot.sound]
'Poincare.D12.TriangulationTopology.norm_sq_esnoc' depends on axioms: [propext, Classical.choice, Quot.sound]
'Poincare.D12.TriangulationTopology.norm_eq_one_iff_norm_sq_eq_one' depends on axioms: [propext,
 Classical.choice,
 Quot.sound]
'Poincare.D12.TriangulationTopology.sphereNonempty' depends on axioms: [propext, Classical.choice, Quot.sound]
'Poincare.D12.TriangulationTopology.norm_esnoc_smul_sqrt_sub_sq_eq_one' depends on axioms: [propext,
 Classical.choice,
 Quot.sound]
'Poincare.D12.TriangulationTopology.coneRel' depends on axioms: [propext, Classical.choice, Quot.sound]
'Poincare.D12.TriangulationTopology.coneMap_mem' depends on axioms: [propext, Classical.choice, Quot.sound]
'Poincare.D12.TriangulationTopology.coneMap' depends on axioms: [propext, Classical.choice, Quot.sound]
'Poincare.D12.TriangulationTopology.continuous_coneMap' depends on axioms: [propext, Classical.choice, Quot.sound]
'Poincare.D12.TriangulationTopology.coneMap_respects' depends on axioms: [propext, Classical.choice, Quot.sound]
'Poincare.D12.TriangulationTopology.coneMapQuot' depends on axioms: [propext, Classical.choice, Quot.sound]
'Poincare.D12.TriangulationTopology.continuous_coneMapQuot' depends on axioms: [propext, Classical.choice, Quot.sound]
'Poincare.D12.TriangulationTopology.coneMapQuot_surjective' depends on axioms: [propext, Classical.choice, Quot.sound]
'Poincare.D12.TriangulationTopology.coneMapQuot_injective' depends on axioms: [propext, Classical.choice, Quot.sound]
'Poincare.D12.TriangulationTopology.coneQuotHomeoDisk' depends on axioms: [propext, Classical.choice, Quot.sound]
'Poincare.D12.TriangulationTopology.suspRel' depends on axioms: [propext, Classical.choice, Quot.sound]
'Poincare.D12.TriangulationTopology.suspMap_mem' depends on axioms: [propext, Classical.choice, Quot.sound]
'Poincare.D12.TriangulationTopology.suspMap' depends on axioms: [propext, Classical.choice, Quot.sound]
'Poincare.D12.TriangulationTopology.continuous_suspMap' depends on axioms: [propext, Classical.choice, Quot.sound]
'Poincare.D12.TriangulationTopology.suspMap_respects' depends on axioms: [propext, Classical.choice, Quot.sound]
'Poincare.D12.TriangulationTopology.suspMapQuot' depends on axioms: [propext, Classical.choice, Quot.sound]
'Poincare.D12.TriangulationTopology.continuous_suspMapQuot' depends on axioms: [propext, Classical.choice, Quot.sound]
'Poincare.D12.TriangulationTopology.sqrt_one_sub_sq_eq_norm_of_norm_sq_add_sq_eq_one' depends on axioms: [propext,
 Classical.choice,
 Quot.sound]
'Poincare.D12.TriangulationTopology.suspMapQuot_surjective' depends on axioms: [propext, Classical.choice, Quot.sound]
'Poincare.D12.TriangulationTopology.suspMapQuot_injective' depends on axioms: [propext, Classical.choice, Quot.sound]
'Poincare.D12.TriangulationTopology.suspQuotHomeoSphere' depends on axioms: [propext, Classical.choice, Quot.sound]
'Poincare.D12.TriangulationTopology.doubleDiskRel' depends on axioms: [propext, Classical.choice, Quot.sound]
'Poincare.D12.TriangulationTopology.doubleDiskMap_mem_pos' depends on axioms: [propext, Classical.choice, Quot.sound]
'Poincare.D12.TriangulationTopology.doubleDiskMap_mem_neg' depends on axioms: [propext, Classical.choice, Quot.sound]
'Poincare.D12.TriangulationTopology.doubleDiskMap' depends on axioms: [propext, Classical.choice, Quot.sound]
'Poincare.D12.TriangulationTopology.continuous_doubleDiskMap' depends on axioms: [propext, Classical.choice, Quot.sound]
'Poincare.D12.TriangulationTopology.doubleDiskMap_respects' depends on axioms: [propext, Classical.choice, Quot.sound]
'Poincare.D12.TriangulationTopology.doubleDiskMapQuot' depends on axioms: [propext, Classical.choice, Quot.sound]
'Poincare.D12.TriangulationTopology.continuous_doubleDiskMapQuot' depends on axioms: [propext,
 Classical.choice,
 Quot.sound]
'Poincare.D12.TriangulationTopology.doubleDiskMapQuot_surjective' depends on axioms: [propext,
 Classical.choice,
 Quot.sound]
'Poincare.D12.TriangulationTopology.eq_neg_self_of_sqrt_eq_neg_sqrt' depends on axioms: [propext,
 Classical.choice,
 Quot.sound]
'Poincare.D12.TriangulationTopology.doubleDiskMapQuot_injective' depends on axioms: [propext,
 Classical.choice,
 Quot.sound]
'Poincare.D12.TriangulationTopology.doubleDiskQuotHomeoSphere' depends on axioms: [propext,
 Classical.choice,
 Quot.sound]
'Poincare.D12.TriangulationTopology.coneQuotHomeoTopCatDisk' depends on axioms: [propext, Classical.choice, Quot.sound]
'Poincare.D12.TriangulationTopology.suspQuotHomeoTopCatSphere' depends on axioms: [propext,
 Classical.choice,
 Quot.sound]
'Poincare.D12.TriangulationTopology.doubleDiskQuotHomeoTopCatSphere' depends on axioms: [propext,
 Classical.choice,
 Quot.sound]
Poincare.D12.TriangulationTopology.LocallyEuclideanOfDimension (M : Type) [TopologicalSpace M] (n : ℕ) : Prop
Poincare.D12.TriangulationTopology.vanKampenSimplyConnectedCover : Prop
Poincare.D12.TriangulationTopology.simplexBoundaryHomeoSphere (n : ℕ) :
  { x // 0 ∈ Set.range fun i => x.weights i } ≃ₜ ↑(Poincare.D12.TriangulationTopology.Sphere n)
Poincare.D12.TriangulationTopology.moiseWeakenedCW : Prop
Poincare.D12.TriangulationTopology.sphereThree_eq_sphere3 :
  Poincare.Longrun.Topology.SphereThree = ↑(Poincare.D12.TriangulationTopology.Sphere 3)
Poincare.D12.TriangulationTopology.disk3_boundary_eq_sphere2 :
  Metric.sphere 0 1 = Poincare.D12.TriangulationTopology.Sphere 2
Poincare.D12.TriangulationTopology.coneQuotNonempty (n : ℕ) : Nonempty (Poincare.D12.TriangulationTopology.ConeQuot n)
Poincare.D12.TriangulationTopology.suspQuotNonempty (n : ℕ) : Nonempty (Poincare.D12.TriangulationTopology.SuspQuot n)
Poincare.D12.TriangulationTopology.doubleDiskQuotNonempty (n : ℕ) :
  Nonempty (Poincare.D12.TriangulationTopology.DoubleDiskQuot n)
Poincare.D12.TriangulationTopology.sphereThreeGluedDisks :
  Poincare.D12.TriangulationTopology.DoubleDiskQuot 2 ≃ₜ Poincare.Longrun.Topology.SphereThree
Poincare.D12.TriangulationTopology.sphereThreeSuspension :
  Poincare.D12.TriangulationTopology.SuspQuot 2 ≃ₜ Poincare.Longrun.Topology.SphereThree
Poincare.D12.TriangulationTopology.coneOverSphere2HomeoDisk3 :
  Poincare.D12.TriangulationTopology.ConeQuot 2 ≃ₜ ↑(Poincare.D12.TriangulationTopology.Disk 3)
Poincare.D12.TriangulationTopology.coveringOfSimplyConnectedIsHomeo.{u_1, u_2} {E : Type u_1} {X : Type u_2}
  [TopologicalSpace E] [TopologicalSpace X] [CompactSpace E] [T2Space X] [PathConnectedSpace E] [SimplyConnectedSpace X]
  (p : E → X) (hp : IsCoveringMap p) (hsurj : Function.Surjective p) : Nonempty (E ≃ₜ X)
Poincare.D12.TriangulationTopology.sphericalSpaceFormRecognition.{u} (G : Type u) [Group G] [Finite G]
  [MulAction G ↑(Poincare.D12.TriangulationTopology.Sphere 3)]
  [ContinuousConstSMul G ↑(Poincare.D12.TriangulationTopology.Sphere 3)]
  [IsCancelSMul G ↑(Poincare.D12.TriangulationTopology.Sphere 3)]
  (hsc : SimplyConnectedSpace (Quotient (MulAction.orbitRel G ↑(Poincare.D12.TriangulationTopology.Sphere 3)))) :
  Nonempty
    (Quotient (MulAction.orbitRel G ↑(Poincare.D12.TriangulationTopology.Sphere 3)) ≃ₜ
      ↑(Poincare.D12.TriangulationTopology.Sphere 3))
'Poincare.D12.TriangulationTopology.coveringOfSimplyConnectedIsHomeo' depends on axioms: [propext,
 Classical.choice,
 Quot.sound]
'Poincare.D12.TriangulationTopology.coveringOfSimplyConnectedIsHomeo_bijective' depends on axioms: [propext,
 Classical.choice,
 Quot.sound]
'Poincare.D12.TriangulationTopology.coveringOfSimplyConnectedIsHomeo_of_nonempty' depends on axioms: [propext,
 Classical.choice,
 Quot.sound]
'Poincare.D12.TriangulationTopology.coveringMap_surjective_of_pathConnected' depends on axioms: [propext,
 Classical.choice,
 Quot.sound]
'Poincare.D12.TriangulationTopology.coveringMap_injective_of_simplyConnected' depends on axioms: [propext,
 Classical.choice,
 Quot.sound]
'Poincare.D12.TriangulationTopology.trivialization_id' depends on axioms: [propext, Classical.choice, Quot.sound]
'Poincare.D12.TriangulationTopology.isCoveringMap_id' depends on axioms: [propext, Classical.choice, Quot.sound]
'Poincare.D12.TriangulationTopology.diskContractible' depends on axioms: [propext, Classical.choice, Quot.sound]
'Poincare.D12.TriangulationTopology.diskSimplyConnected' depends on axioms: [propext, Classical.choice, Quot.sound]
'Poincare.D12.TriangulationTopology.diskCoverPipeline' depends on axioms: [propext, Classical.choice, Quot.sound]
'Poincare.D12.TriangulationTopology.locallyCompactSpace_of_compact_t2' depends on axioms: [propext,
 Classical.choice,
 Quot.sound]
'Poincare.D12.TriangulationTopology.zmod2_eq_zero_or_one' depends on axioms: [propext, Classical.choice, Quot.sound]
'Poincare.D12.TriangulationTopology.zmod2Mul_eq_ofAdd_one_or_one' depends on axioms: [propext,
 Classical.choice,
 Quot.sound]
'Poincare.D12.TriangulationTopology.antipodal_mul_self' depends on axioms: [propext, Classical.choice, Quot.sound]
'Poincare.D12.TriangulationTopology.sphere_eq_neg_self_impossible' depends on axioms: [propext,
 Classical.choice,
 Quot.sound]
'Poincare.D12.TriangulationTopology.antipodalSmul' depends on axioms: [propext, Classical.choice, Quot.sound]
'Poincare.D12.TriangulationTopology.one_ne_ofAdd_one' depends on axioms: [propext, Classical.choice, Quot.sound]
'Poincare.D12.TriangulationTopology.antipodalSmul_one' depends on axioms: [propext, Classical.choice, Quot.sound]
'Poincare.D12.TriangulationTopology.antipodalSmul_ofAdd_one' depends on axioms: [propext, Classical.choice, Quot.sound]
'Poincare.D12.TriangulationTopology.antipodalMulAction' depends on axioms: [propext, Classical.choice, Quot.sound]
'Poincare.D12.TriangulationTopology.antipodal_smul_one_eq' depends on axioms: [propext, Classical.choice, Quot.sound]
'Poincare.D12.TriangulationTopology.antipodal_smul_ofAdd_one_eq' depends on axioms: [propext,
 Classical.choice,
 Quot.sound]
'Poincare.D12.TriangulationTopology.continuous_antipodal_ofAdd_one' depends on axioms: [propext,
 Classical.choice,
 Quot.sound]
'Poincare.D12.TriangulationTopology.antipodalContinuousConstSMul' depends on axioms: [propext,
 Classical.choice,
 Quot.sound]
'Poincare.D12.TriangulationTopology.antipodalIsCancelSMul' depends on axioms: [propext, Classical.choice, Quot.sound]
'Poincare.D12.TriangulationTopology.RealProjective' depends on axioms: [propext, Classical.choice, Quot.sound]
'Poincare.D12.TriangulationTopology.antipodalQuotientCovering' depends on axioms: [propext,
 Classical.choice,
 Quot.sound]
'Poincare.D12.TriangulationTopology.rpCompactSpace' depends on axioms: [propext, Classical.choice, Quot.sound]
'Poincare.D12.TriangulationTopology.rpT2Space' depends on axioms: [propext, Classical.choice, Quot.sound]
'Poincare.D12.TriangulationTopology.rpNonempty' depends on axioms: [propext, Classical.choice, Quot.sound]
'Poincare.D12.TriangulationTopology.spherePathConnectedSpace_of_pos' depends on axioms: [propext,
 Classical.choice,
 Quot.sound]
'Poincare.D12.TriangulationTopology.rpPathConnectedSpace_of_pos' depends on axioms: [propext,
 Classical.choice,
 Quot.sound]
'Poincare.D12.TriangulationTopology.sphericalSpaceFormRecognition' depends on axioms: [propext,
 Classical.choice,
 Quot.sound]
'Poincare.D12.TriangulationTopology.simplexCenter' depends on axioms: [propext, Classical.choice, Quot.sound]
'Poincare.D12.TriangulationTopology.simplexCenter_pos' depends on axioms: [propext, Classical.choice, Quot.sound]
'Poincare.D12.TriangulationTopology.simplexCenter_total' depends on axioms: [propext, Classical.choice, Quot.sound]
'Poincare.D12.TriangulationTopology.simplexBoundarySet' depends on axioms: [propext, Classical.choice, Quot.sound]
'Poincare.D12.TriangulationTopology.SimplexBoundaryFn' depends on axioms: [propext, Classical.choice, Quot.sound]
'Poincare.D12.TriangulationTopology.simplexDir' depends on axioms: [propext, Classical.choice, Quot.sound]
'Poincare.D12.TriangulationTopology.simplexDir_last' depends on axioms: [propext, Classical.choice, Quot.sound]
'Poincare.D12.TriangulationTopology.simplexDir_castSucc' depends on axioms: [propext, Classical.choice, Quot.sound]
'Poincare.D12.TriangulationTopology.simplexDir_sum' depends on axioms: [propext, Classical.choice, Quot.sound]
'Poincare.D12.TriangulationTopology.simplexMin' depends on axioms: [propext, Classical.choice, Quot.sound]
'Poincare.D12.TriangulationTopology.simplexMin_le' depends on axioms: [propext, Classical.choice, Quot.sound]
'Poincare.D12.TriangulationTopology.le_simplexMin' depends on axioms: [propext, Classical.choice, Quot.sound]
'Poincare.D12.TriangulationTopology.simplexMin_attains' depends on axioms: [propext, Classical.choice, Quot.sound]
'Poincare.D12.TriangulationTopology.simplexMin_neg_of_unit' depends on axioms: [propext, Classical.choice, Quot.sound]
'Poincare.D12.TriangulationTopology.continuous_simplexDir_apply' depends on axioms: [propext,
 Classical.choice,
 Quot.sound]
'Poincare.D12.TriangulationTopology.continuous_simplexDir' depends on axioms: [propext, Classical.choice, Quot.sound]
'Poincare.D12.TriangulationTopology.continuous_simplexMin' depends on axioms: [propext, Classical.choice, Quot.sound]
'Poincare.D12.TriangulationTopology.simplexLambda' depends on axioms: [propext, Classical.choice, Quot.sound]
'Poincare.D12.TriangulationTopology.simplexLambda_pos_of_unit' depends on axioms: [propext,
 Classical.choice,
 Quot.sound]
'Poincare.D12.TriangulationTopology.continuous_sphere_simplexLambda' depends on axioms: [propext,
 Classical.choice,
 Quot.sound]
'Poincare.D12.TriangulationTopology.truncToCenter' depends on axioms: [propext, Classical.choice, Quot.sound]
'Poincare.D12.TriangulationTopology.truncToCenter_ne_zero' depends on axioms: [propext, Classical.choice, Quot.sound]
'Poincare.D12.TriangulationTopology.simplexBoundaryToSphere' depends on axioms: [propext, Classical.choice, Quot.sound]
'Poincare.D12.TriangulationTopology.continuous_truncToCenter' depends on axioms: [propext, Classical.choice, Quot.sound]
'Poincare.D12.TriangulationTopology.continuous_simplexBoundaryToSphere' depends on axioms: [propext,
 Classical.choice,
 Quot.sound]
'Poincare.D12.TriangulationTopology.sphereToSimplexBoundary' depends on axioms: [propext, Classical.choice, Quot.sound]
'Poincare.D12.TriangulationTopology.sphereToSimplexBoundary_mem' depends on axioms: [propext,
 Classical.choice,
 Quot.sound]
'Poincare.D12.TriangulationTopology.sphereToSimplexBoundaryFn' depends on axioms: [propext,
 Classical.choice,
 Quot.sound]
'Poincare.D12.TriangulationTopology.continuous_sphereToSimplexBoundaryFn' depends on axioms: [propext,
 Classical.choice,
 Quot.sound]
'Poincare.D12.TriangulationTopology.truncToCenter_sphereToSimplexBoundary' depends on axioms: [propext,
 Classical.choice,
 Quot.sound]
'Poincare.D12.TriangulationTopology.simplexBoundaryToSphere_sphereToSimplexBoundary' depends on axioms: [propext,
 Classical.choice,
 Quot.sound]
'Poincare.D12.TriangulationTopology.simplexMin_eq_zero_of_mem_boundary' depends on axioms: [propext,
 Classical.choice,
 Quot.sound]
'Poincare.D12.TriangulationTopology.simplexDir_of_simplexBoundaryToSphere' depends on axioms: [propext,
 Classical.choice,
 Quot.sound]
'Poincare.D12.TriangulationTopology.simplexMin_of_simplexBoundaryToSphere' depends on axioms: [propext,
 Classical.choice,
 Quot.sound]
'Poincare.D12.TriangulationTopology.sphereToSimplexBoundary_simplexBoundaryToSphere' depends on axioms: [propext,
 Classical.choice,
 Quot.sound]
'Poincare.D12.TriangulationTopology.simplexBoundaryFnHomeoSphere' depends on axioms: [propext,
 Classical.choice,
 Quot.sound]
'Poincare.D12.TriangulationTopology.SimplexBoundary' depends on axioms: [propext, Classical.choice, Quot.sound]
'Poincare.D12.TriangulationTopology.range_weights_eq_simplex' depends on axioms: [propext, Classical.choice, Quot.sound]
'Poincare.D12.TriangulationTopology.image_weights_boundary_eq' depends on axioms: [propext,
 Classical.choice,
 Quot.sound]
'Poincare.D12.TriangulationTopology.simplexBoundaryHomeoBoundaryFn' depends on axioms: [propext,
 Classical.choice,
 Quot.sound]
'Poincare.D12.TriangulationTopology.simplexBoundaryCompactSpace' depends on axioms: [propext,
 Classical.choice,
 Quot.sound]
'Poincare.D12.TriangulationTopology.simplexBoundaryT2Space' depends on axioms: [propext, Classical.choice, Quot.sound]
'Poincare.D12.TriangulationTopology.simplexBoundaryNonempty' depends on axioms: [propext, Classical.choice, Quot.sound]
'Poincare.D12.TriangulationTopology.LowerHemisphere' depends on axioms: [propext, Classical.choice, Quot.sound]
'Poincare.D12.TriangulationTopology.esnoc'' depends on axioms: [propext, Classical.choice, Quot.sound]
'Poincare.D12.TriangulationTopology.esnoc'_last' depends on axioms: [propext, Classical.choice, Quot.sound]
'Poincare.D12.TriangulationTopology.esnoc'_castSucc' depends on axioms: [propext, Classical.choice, Quot.sound]
'Poincare.D12.TriangulationTopology.norm_sq_esnoc'' depends on axioms: [propext, Classical.choice, Quot.sound]
'Poincare.D12.TriangulationTopology.lowerTrunc' depends on axioms: [propext, Classical.choice, Quot.sound]
'Poincare.D12.TriangulationTopology.esnoc'_lowerTrunc_eq' depends on axioms: [propext, Classical.choice, Quot.sound]
'Poincare.D12.TriangulationTopology.trunc_norm_sq_add_last_sq_eq_one' depends on axioms: [propext,
 Classical.choice,
 Quot.sound]
'Poincare.D12.TriangulationTopology.sqrt_one_sub_trunc_norm_sq_eq_neg_last' depends on axioms: [propext,
 Classical.choice,
 Quot.sound]
'Poincare.D12.TriangulationTopology.lowerHemisphereToDisk' depends on axioms: [propext, Classical.choice, Quot.sound]
'Poincare.D12.TriangulationTopology.diskToLowerHemisphere' depends on axioms: [propext, Classical.choice, Quot.sound]
'Poincare.D12.TriangulationTopology.continuous_esnoc'' depends on axioms: [propext, Classical.choice, Quot.sound]
'Poincare.D12.TriangulationTopology.continuous_lowerHemisphereToDisk' depends on axioms: [propext,
 Classical.choice,
 Quot.sound]
'Poincare.D12.TriangulationTopology.continuous_diskToLowerHemisphere' depends on axioms: [propext,
 Classical.choice,
 Quot.sound]
'Poincare.D12.TriangulationTopology.lowerHemisphereToDisk_diskToLowerHemisphere' depends on axioms: [propext,
 Classical.choice,
 Quot.sound]
'Poincare.D12.TriangulationTopology.diskToLowerHemisphere_lowerHemisphereToDisk' depends on axioms: [propext,
 Classical.choice,
 Quot.sound]
'Poincare.D12.TriangulationTopology.lowerHemisphereHomeoDisk' depends on axioms: [propext, Classical.choice, Quot.sound]
'Poincare.D12.TriangulationTopology.lowerHemisphereCompactSpace' depends on axioms: [propext,
 Classical.choice,
 Quot.sound]
'Poincare.D12.TriangulationTopology.lowerHemisphereT2Space' depends on axioms: [propext, Classical.choice, Quot.sound]
'Poincare.D12.TriangulationTopology.lowerHemisphereNonempty' depends on axioms: [propext, Classical.choice, Quot.sound]
'Poincare.D12.TriangulationTopology.vanKampenSimplyConnectedCover' depends on axioms: [propext,
 Classical.choice,
 Quot.sound]
'Poincare.D12.TriangulationTopology.simplexBoundaryHomeoSphere' depends on axioms: [propext,
 Classical.choice,
 Quot.sound]
'Poincare.D12.TriangulationTopology.moiseWeakenedCW' depends on axioms: [propext, Classical.choice, Quot.sound]
'Poincare.D12.TriangulationTopology.LocallyEuclideanOfDimension' depends on axioms: [propext,
 Classical.choice,
 Quot.sound]
'Poincare.D12.TriangulationTopology.sphereThree_eq_sphere3' depends on axioms: [propext, Classical.choice, Quot.sound]
'Poincare.D12.TriangulationTopology.disk3_boundary_eq_sphere2' depends on axioms: [propext,
 Classical.choice,
 Quot.sound]
'Poincare.D12.TriangulationTopology.coneQuotNonempty' depends on axioms: [propext, Classical.choice, Quot.sound]
'Poincare.D12.TriangulationTopology.suspQuotNonempty' depends on axioms: [propext, Classical.choice, Quot.sound]
'Poincare.D12.TriangulationTopology.doubleDiskQuotNonempty' depends on axioms: [propext, Classical.choice, Quot.sound]
'Poincare.D12.TriangulationTopology.sphereThreeGluedDisks' depends on axioms: [propext, Classical.choice, Quot.sound]
'Poincare.D12.TriangulationTopology.sphereThreeSuspension' depends on axioms: [propext, Classical.choice, Quot.sound]
'Poincare.D12.TriangulationTopology.coneOverSphere2HomeoDisk3' depends on axioms: [propext,
 Classical.choice,
 Quot.sound]
'Poincare.D12.TriangulationTopology.simplexSet' depends on axioms: [propext, Classical.choice, Quot.sound]
'Poincare.D12.TriangulationTopology.simplexFnNonempty' depends on axioms: [propext, Classical.choice, Quot.sound]
'Poincare.D12.TriangulationTopology.simplexFnT2Space' depends on axioms: [propext, Classical.choice, Quot.sound]
'Poincare.D12.TriangulationTopology.simplexConeMap' depends on axioms: [propext, Classical.choice, Quot.sound]
'Poincare.D12.TriangulationTopology.simplexConeMap_mem' depends on axioms: [propext, Classical.choice, Quot.sound]
'Poincare.D12.TriangulationTopology.continuous_sphereToSimplexBoundary_apply' depends on axioms: [propext,
 Classical.choice,
 Quot.sound]
'Poincare.D12.TriangulationTopology.continuous_sphereToSimplexBoundary' depends on axioms: [propext,
 Classical.choice,
 Quot.sound]
'Poincare.D12.TriangulationTopology.continuous_simplexConeMap' depends on axioms: [propext,
 Classical.choice,
 Quot.sound]
'Poincare.D12.TriangulationTopology.simplexConeMap_respects' depends on axioms: [propext, Classical.choice, Quot.sound]
'Poincare.D12.TriangulationTopology.simplexConeMapQuot' depends on axioms: [propext, Classical.choice, Quot.sound]
'Poincare.D12.TriangulationTopology.continuous_simplexConeMapQuot' depends on axioms: [propext,
 Classical.choice,
 Quot.sound]
'Poincare.D12.TriangulationTopology.truncToCenter_simplexConeMap' depends on axioms: [propext,
 Classical.choice,
 Quot.sound]
'Poincare.D12.TriangulationTopology.simplex_point_eq_center_add_norm_mul_dir' depends on axioms: [propext,
 Classical.choice,
 Quot.sound]
'Poincare.D12.TriangulationTopology.simplexConeMapQuot_injective' depends on axioms: [propext,
 Classical.choice,
 Quot.sound]
'Poincare.D12.TriangulationTopology.simplexConeMapQuot_surjective' depends on axioms: [propext,
 Classical.choice,
 Quot.sound]
'Poincare.D12.TriangulationTopology.sphereConeHomeoSimplex' depends on axioms: [propext, Classical.choice, Quot.sound]
'Poincare.D12.TriangulationTopology.simplexHomeoConeQuot' depends on axioms: [propext, Classical.choice, Quot.sound]
'Poincare.D12.TriangulationTopology.simplexBoundaryConeRel' depends on axioms: [propext, Classical.choice, Quot.sound]
'Poincare.D12.TriangulationTopology.simplexBoundaryConeMap' depends on axioms: [propext, Classical.choice, Quot.sound]
'Poincare.D12.TriangulationTopology.simplexBoundaryConeMap_mem' depends on axioms: [propext,
 Classical.choice,
 Quot.sound]
'Poincare.D12.TriangulationTopology.continuous_simplexBoundaryConeMap' depends on axioms: [propext,
 Classical.choice,
 Quot.sound]
'Poincare.D12.TriangulationTopology.simplexBoundaryConeMap_respects' depends on axioms: [propext,
 Classical.choice,
 Quot.sound]
'Poincare.D12.TriangulationTopology.simplexBoundaryConeMapQuot' depends on axioms: [propext,
 Classical.choice,
 Quot.sound]
'Poincare.D12.TriangulationTopology.continuous_simplexBoundaryConeMapQuot' depends on axioms: [propext,
 Classical.choice,
 Quot.sound]
'Poincare.D12.TriangulationTopology.simplexMin_le_center' depends on axioms: [propext, Classical.choice, Quot.sound]
'Poincare.D12.TriangulationTopology.simplexMin_lt_center_of_ne_center' depends on axioms: [propext,
 Classical.choice,
 Quot.sound]
'Poincare.D12.TriangulationTopology.simplexRadialTime' depends on axioms: [propext, Classical.choice, Quot.sound]
'Poincare.D12.TriangulationTopology.simplexBoundaryPoint' depends on axioms: [propext, Classical.choice, Quot.sound]
'Poincare.D12.TriangulationTopology.simplexRadialTime_nonneg' depends on axioms: [propext, Classical.choice, Quot.sound]
'Poincare.D12.TriangulationTopology.simplexRadialTime_le_one' depends on axioms: [propext, Classical.choice, Quot.sound]
'Poincare.D12.TriangulationTopology.simplexRadialTime_pos_of_ne_center' depends on axioms: [propext,
 Classical.choice,
 Quot.sound]
'Poincare.D12.TriangulationTopology.simplexBoundaryPoint_mem_of_ne_center' depends on axioms: [propext,
 Classical.choice,
 Quot.sound]
'Poincare.D12.TriangulationTopology.simplexRadialTime_eq_of_radial_repr' depends on axioms: [propext,
 Classical.choice,
 Quot.sound]
'Poincare.D12.TriangulationTopology.simplexBoundaryPoint_eq_of_radial_repr' depends on axioms: [propext,
 Classical.choice,
 Quot.sound]
'Poincare.D12.TriangulationTopology.simplexBoundaryConeMapQuot_injective' depends on axioms: [propext,
 Classical.choice,
 Quot.sound]
'Poincare.D12.TriangulationTopology.simplexVertexZero' depends on axioms: [propext, Classical.choice, Quot.sound]
'Poincare.D12.TriangulationTopology.simplexVertexZero_mem_boundary' depends on axioms: [propext,
 Classical.choice,
 Quot.sound]
'Poincare.D12.TriangulationTopology.simplexBoundaryConeMapQuot_surjective' depends on axioms: [propext,
 Classical.choice,
 Quot.sound]
'Poincare.D12.TriangulationTopology.simplexBoundaryConeHomeoSimplex' depends on axioms: [propext,
 Classical.choice,
 Quot.sound]
'Poincare.D12.TriangulationTopology.simplexHomeoBoundaryCone' depends on axioms: [propext, Classical.choice, Quot.sound]
'Poincare.D12.TriangulationTopology.simplexHomeoStdSimplexFn' depends on axioms: [propext, Classical.choice, Quot.sound]
'Poincare.D12.TriangulationTopology.simplexHomeoDisk' depends on axioms: [propext, Classical.choice, Quot.sound]
'Poincare.D12.TriangulationTopology.simplexHomeoBoundaryConeStd' depends on axioms: [propext,
 Classical.choice,
 Quot.sound]
'Poincare.D12.TriangulationTopology.simplexFnCompactSpace' depends on axioms: [propext, Classical.choice, Quot.sound]
'Poincare.D12.TriangulationTopology.simplexBoundaryFnCompactSpace' depends on axioms: [propext,
 Classical.choice,
 Quot.sound]
'Poincare.D12.TriangulationTopology.simplexBoundaryConeCompactSpace' depends on axioms: [propext,
 Classical.choice,
 Quot.sound]
'Poincare.D12.TriangulationTopology.simplexBoundaryConeT2Space' depends on axioms: [propext,
 Classical.choice,
 Quot.sound]
'Poincare.D12.TriangulationTopology.simplexBoundaryConeNonempty' depends on axioms: [propext,
 Classical.choice,
 Quot.sound]
'Poincare.D12.TriangulationTopology.quotMapHomeo' depends on axioms: [propext, Classical.choice, Quot.sound]
'Poincare.D12.TriangulationTopology.simplexBoundaryConeRel_iff_coneRel' depends on axioms: [propext,
 Classical.choice,
 Quot.sound]
'Poincare.D12.TriangulationTopology.simplexBoundaryConeHomeoSphereCone' depends on axioms: [propext,
 Classical.choice,
 Quot.sound]
'Poincare.D12.TriangulationTopology.linePoints_le_one_of_not_mem' depends on axioms: [propext,
 Classical.choice,
 Quot.sound]
'Poincare.D12.TriangulationTopology.linePoints_le_one_of_not_mem'' depends on axioms: [propext,
 Classical.choice,
 Quot.sound]
'Poincare.D12.TriangulationTopology.exists_not_mem_finset_submodule_union' depends on axioms: [propext,
 Classical.choice,
 Quot.sound]
'Poincare.D12.TriangulationTopology.span_pair_ne_top' depends on axioms: [propext, Classical.choice, Quot.sound]
'Poincare.D12.TriangulationTopology.segment_ne_zero' depends on axioms: [propext, Classical.choice, Quot.sound]
'Poincare.D12.TriangulationTopology.norm_segment_sq_lower_bound' depends on axioms: [propext,
 Classical.choice,
 Quot.sound]
'Poincare.D12.TriangulationTopology.norm_segment_sub_left_le' depends on axioms: [propext, Classical.choice, Quot.sound]
'Poincare.D12.TriangulationTopology.norm_segment_sub_left_le_two_thirds' depends on axioms: [propext,
 Classical.choice,
 Quot.sound]
'Poincare.D12.TriangulationTopology.segmentPath' depends on axioms: [propext, Classical.choice, Quot.sound]
'Poincare.D12.TriangulationTopology.segmentPath_sub_left_le_two_thirds' depends on axioms: [propext,
 Classical.choice,
 Quot.sound]
'Poincare.D12.TriangulationTopology.clampedMap' depends on axioms: [propext, Classical.choice, Quot.sound]
'Poincare.D12.TriangulationTopology.clampedMap_clamp_idem' depends on axioms: [propext, Classical.choice, Quot.sound]
'Poincare.D12.TriangulationTopology.clampedMap_of_mem_Icc' depends on axioms: [propext, Classical.choice, Quot.sound]
'Poincare.D12.TriangulationTopology.continuous_clampedMap' depends on axioms: [propext, Classical.choice, Quot.sound]
'Poincare.D12.TriangulationTopology.subdiv' depends on axioms: [propext, Classical.choice, Quot.sound]
'Poincare.D12.TriangulationTopology.exists_fine_subdivision' depends on axioms: [propext, Classical.choice, Quot.sound]
'Poincare.D12.TriangulationTopology.restrictionPiece' depends on axioms: [propext, Classical.choice, Quot.sound]
'Poincare.D12.TriangulationTopology.segPiece' depends on axioms: [propext, Classical.choice, Quot.sound]
'Poincare.D12.TriangulationTopology.restrictionChain' depends on axioms: [propext, Classical.choice, Quot.sound]
'Poincare.D12.TriangulationTopology.segChain' depends on axioms: [propext, Classical.choice, Quot.sound]
'Poincare.D12.TriangulationTopology.idChain' depends on axioms: [propext, Classical.choice, Quot.sound]
'Poincare.D12.TriangulationTopology.restrictionChain_source' depends on axioms: [propext, Classical.choice, Quot.sound]
'Poincare.D12.TriangulationTopology.restrictionChain_target' depends on axioms: [propext, Classical.choice, Quot.sound]
'Poincare.D12.TriangulationTopology.restrictionPiece_apply' depends on axioms: [propext, Classical.choice, Quot.sound]
'Poincare.D12.TriangulationTopology.restrictionPiece_id_apply' depends on axioms: [propext,
 Classical.choice,
 Quot.sound]
'Poincare.D12.TriangulationTopology.idChain_zero_apply' depends on axioms: [propext, Classical.choice, Quot.sound]
'Poincare.D12.TriangulationTopology.trans_apply_extend' depends on axioms: [propext, Classical.choice, Quot.sound]
'Poincare.D12.TriangulationTopology.restrictionPiece_extend_two_mul' depends on axioms: [propext,
 Classical.choice,
 Quot.sound]
'Poincare.D12.TriangulationTopology.restrictionPiece_id_extend_two_mul' depends on axioms: [propext,
 Classical.choice,
 Quot.sound]
'Poincare.D12.TriangulationTopology.restrictionChain_extend_two_mul_sub_one' depends on axioms: [propext,
 Classical.choice,
 Quot.sound]
'Poincare.D12.TriangulationTopology.restrictionChain_succ_apply' depends on axioms: [propext,
 Classical.choice,
 Quot.sound]
'Poincare.D12.TriangulationTopology.restrictionChain_apply_eq_clampedMap_idChain' depends on axioms: [propext,
 Classical.choice,
 Quot.sound]
'Poincare.D12.TriangulationTopology.idChain_zero' depends on axioms: [propext, Classical.choice, Quot.sound]
'Poincare.D12.TriangulationTopology.idChain_one' depends on axioms: [propext, Classical.choice, Quot.sound]
'Poincare.D12.TriangulationTopology.normalize_mem_sphere' depends on axioms: [propext, Classical.choice, Quot.sound]
'Poincare.D12.TriangulationTopology.interp_ne_zero' depends on axioms: [propext, Classical.choice, Quot.sound]
'Poincare.D12.TriangulationTopology.homotopic_of_dist_le' depends on axioms: [propext, Classical.choice, Quot.sound]
'Poincare.D12.TriangulationTopology.dist_restrictionPiece_left' depends on axioms: [propext,
 Classical.choice,
 Quot.sound]
'Poincare.D12.TriangulationTopology.dist_subdiv_succ_le' depends on axioms: [propext, Classical.choice, Quot.sound]
'Poincare.D12.TriangulationTopology.subdiv_not_antipodal' depends on axioms: [propext, Classical.choice, Quot.sound]
'Poincare.D12.TriangulationTopology.dist_segPiece_left' depends on axioms: [propext, Classical.choice, Quot.sound]
'Poincare.D12.TriangulationTopology.restrictionPiece_homotopic_segPiece' depends on axioms: [propext,
 Classical.choice,
 Quot.sound]
'Poincare.D12.TriangulationTopology.clampedMap_coe' depends on axioms: [propext, Classical.choice, Quot.sound]
'Poincare.D12.TriangulationTopology.clampedMap_of_one_le' depends on axioms: [propext, Classical.choice, Quot.sound]
'Poincare.D12.TriangulationTopology.restrictionChain_homotopic_segChain' depends on axioms: [propext,
 Classical.choice,
 Quot.sound]
'Poincare.D12.TriangulationTopology.loop_cast_source' depends on axioms: [propext, Classical.choice, Quot.sound]
'Poincare.D12.TriangulationTopology.loop_cast_target' depends on axioms: [propext, Classical.choice, Quot.sound]
'Poincare.D12.TriangulationTopology.loop_homotopic_segChain' depends on axioms: [propext, Classical.choice, Quot.sound]
'Poincare.D12.TriangulationTopology.subdivPoint' depends on axioms: [propext, Classical.choice, Quot.sound]
'Poincare.D12.TriangulationTopology.segPiece_mem_span' depends on axioms: [propext, Classical.choice, Quot.sound]
'Poincare.D12.TriangulationTopology.subdivSpans' depends on axioms: [propext, Classical.choice, Quot.sound]
'Poincare.D12.TriangulationTopology.subdivSpans_proper' depends on axioms: [propext, Classical.choice, Quot.sound]
'Poincare.D12.TriangulationTopology.segChain_mem_iUnion_spans' depends on axioms: [propext,
 Classical.choice,
 Quot.sound]
'Poincare.D12.TriangulationTopology.exists_unit_notMem_segChain' depends on axioms: [propext,
 Classical.choice,
 Quot.sound]
'Poincare.D12.TriangulationTopology.contractibleSpace_puncturedSphere' depends on axioms: [propext,
 Classical.choice,
 Quot.sound]
'Poincare.D12.TriangulationTopology.loop_nullhomotopic_of_forall_ne' depends on axioms: [propext,
 Classical.choice,
 Quot.sound]
'Poincare.D12.TriangulationTopology.subdiv_not_antipodal_all' depends on axioms: [propext, Classical.choice, Quot.sound]
'Poincare.D12.TriangulationTopology.simplyConnectedSpace_sphere' depends on axioms: [propext,
 Classical.choice,
 Quot.sound]
'Poincare.D12.TriangulationTopology.sphereSimplyConnectedSpaceOfFact' depends on axioms: [propext,
 Classical.choice,
 Quot.sound]
'Poincare.D12.TriangulationTopology.simplyConnectedSpace_sphereThree' depends on axioms: [propext,
 Classical.choice,
 Quot.sound]
'Poincare.D12.TriangulationTopology.sphereThreeSimplyConnectedSpace' depends on axioms: [propext,
 Classical.choice,
 Quot.sound]
'Poincare.D12.TriangulationTopology.stage6Sphere_eq_sphereThree' depends on axioms: [propext,
 Classical.choice,
 Quot.sound]
'Poincare.D12.TriangulationTopology.stage6_sphereThreeSimplyConnected' depends on axioms: [propext,
 Classical.choice,
 Quot.sound]
'Poincare.D12.TriangulationTopology.longrun_missingSphereThreeSimplyConnected' depends on axioms: [propext,
 Classical.choice,
 Quot.sound]
'Poincare.D12.TriangulationTopology.stage6_sphereThreePiOneTrivial' depends on axioms: [propext,
 Classical.choice,
 Quot.sound]
'Poincare.D12.TriangulationTopology.longrun_missingSphereThreePiOneTrivial' depends on axioms: [propext,
 Classical.choice,
 Quot.sound]
'Poincare.D12.TriangulationTopology.sphereThree_fundamentalGroup_subsingleton' depends on axioms: [propext,
 Classical.choice,
 Quot.sound]
'Poincare.D12.TriangulationTopology.sphereThree_pi1_subsingleton' depends on axioms: [propext,
 Classical.choice,
 Quot.sound]
'Poincare.D12.TriangulationTopology.sphere_pi1_subsingleton' depends on axioms: [propext, Classical.choice, Quot.sound]
'Poincare.D12.TriangulationTopology.sphereThree_cover_isHomeo' depends on axioms: [propext,
 Classical.choice,
 Quot.sound]
'Poincare.D12.TriangulationTopology.sphereThree_identityCover' depends on axioms: [propext,
 Classical.choice,
 Quot.sound]
'Poincare.D12.TriangulationTopology.sphereThreeTarget_cover_isHomeo' depends on axioms: [propext,
 Classical.choice,
 Quot.sound]
'Poincare.D12.TriangulationTopology.sphereThreeTarget_homeo_sphereThree' depends on axioms: [propext,
 Classical.choice,
 Quot.sound]
'Poincare.D12.TriangulationTopology.SimplexFn' depends on axioms: [propext, Classical.choice, Quot.sound]
'Poincare.D12.TriangulationTopology.SimplexBoundaryCone' depends on axioms: [propext, Classical.choice, Quot.sound]
'Poincare.D12.TriangulationTopology.Sphere' depends on axioms: [propext, Classical.choice, Quot.sound]
'Poincare.D12.TriangulationTopology.Disk' depends on axioms: [propext, Classical.choice, Quot.sound]
'Poincare.D12.TriangulationTopology.ConeQuot' depends on axioms: [propext, Classical.choice, Quot.sound]
'Poincare.D12.TriangulationTopology.SuspCyl' depends on axioms: [propext, Classical.choice, Quot.sound]
'Poincare.D12.TriangulationTopology.SuspQuot' depends on axioms: [propext, Classical.choice, Quot.sound]
'Poincare.D12.TriangulationTopology.DoubleDisk' depends on axioms: [propext, Classical.choice, Quot.sound]
'Poincare.D12.TriangulationTopology.DoubleDiskQuot' depends on axioms: [propext, Classical.choice, Quot.sound]
'Poincare.D12.TriangulationTopology.sphere_cover_isHomeo' depends on axioms: [propext, Classical.choice, Quot.sound]
'Poincare.D12.TriangulationTopology.PuncturedDisk' depends on axioms: [propext, Classical.choice, Quot.sound]
'Poincare.D12.TriangulationTopology.sphereBase' depends on axioms: [propext, Classical.choice, Quot.sound]
'Poincare.D12.TriangulationTopology.diskDirection' depends on axioms: [propext, Classical.choice, Quot.sound]
'Poincare.D12.TriangulationTopology.diskDirection_of_ne' depends on axioms: [propext, Classical.choice, Quot.sound]
'Poincare.D12.TriangulationTopology.radialExtend' depends on axioms: [propext, Classical.choice, Quot.sound]
'Poincare.D12.TriangulationTopology.radialExtend_apply' depends on axioms: [propext, Classical.choice, Quot.sound]
'Poincare.D12.TriangulationTopology.norm_radialExtend' depends on axioms: [propext, Classical.choice, Quot.sound]
'Poincare.D12.TriangulationTopology.radialExtend_zero' depends on axioms: [propext, Classical.choice, Quot.sound]
'Poincare.D12.TriangulationTopology.diskDirection_radialExtend' depends on axioms: [propext,
 Classical.choice,
 Quot.sound]
'Poincare.D12.TriangulationTopology.continuous_diskDirection_punctured' depends on axioms: [propext,
 Classical.choice,
 Quot.sound]
'Poincare.D12.TriangulationTopology.continuousOn_diskDirection' depends on axioms: [propext,
 Classical.choice,
 Quot.sound]
'Poincare.D12.TriangulationTopology.continuous_radialExtend' depends on axioms: [propext, Classical.choice, Quot.sound]
'Poincare.D12.TriangulationTopology.sphereToDisk' depends on axioms: [propext, Classical.choice, Quot.sound]
'Poincare.D12.TriangulationTopology.sphereToDisk_coe' depends on axioms: [propext, Classical.choice, Quot.sound]
'Poincare.D12.TriangulationTopology.diskDirection_sphereToDisk' depends on axioms: [propext,
 Classical.choice,
 Quot.sound]
'Poincare.D12.TriangulationTopology.radialExtend_sphereToDisk' depends on axioms: [propext,
 Classical.choice,
 Quot.sound]
'Poincare.D12.TriangulationTopology.radialExtend_id' depends on axioms: [propext, Classical.choice, Quot.sound]
'Poincare.D12.TriangulationTopology.radialExtend_comp' depends on axioms: [propext, Classical.choice, Quot.sound]
'Poincare.D12.TriangulationTopology.alexanderHomeo' depends on axioms: [propext, Classical.choice, Quot.sound]
'Poincare.D12.TriangulationTopology.alexanderHomeo_refl' depends on axioms: [propext, Classical.choice, Quot.sound]
'Poincare.D12.TriangulationTopology.alexanderHomeo_zero' depends on axioms: [propext, Classical.choice, Quot.sound]
'Poincare.D12.TriangulationTopology.alexanderHomeo_sphereToDisk' depends on axioms: [propext,
 Classical.choice,
 Quot.sound]
'Poincare.D12.TriangulationTopology.alexanderHomeo_eq_refl_iff' depends on axioms: [propext,
 Classical.choice,
 Quot.sound]
'Poincare.D12.TriangulationTopology.diskGlueRel' depends on axioms: [propext, Classical.choice, Quot.sound]
'Poincare.D12.TriangulationTopology.DiskGlueQuot' depends on axioms: [propext, Classical.choice, Quot.sound]
'Poincare.D12.TriangulationTopology.quotMapHomeo_mk' depends on axioms: [propext, Classical.choice, Quot.sound]
'Poincare.D12.TriangulationTopology.diskGlueSumHomeo' depends on axioms: [propext, Classical.choice, Quot.sound]
'Poincare.D12.TriangulationTopology.diskGlueSumHomeo_inl' depends on axioms: [propext, Classical.choice, Quot.sound]
'Poincare.D12.TriangulationTopology.diskGlueSumHomeo_inr' depends on axioms: [propext, Classical.choice, Quot.sound]
'Poincare.D12.TriangulationTopology.alexanderHomeo_symm_sphereToDisk' depends on axioms: [propext,
 Classical.choice,
 Quot.sound]
'Poincare.D12.TriangulationTopology.diskGlueRel_transport' depends on axioms: [propext, Classical.choice, Quot.sound]
'Poincare.D12.TriangulationTopology.diskGlueRel_id_iff_doubleDiskRel' depends on axioms: [propext,
 Classical.choice,
 Quot.sound]
'Poincare.D12.TriangulationTopology.diskGlueQuotHomeoSphere' depends on axioms: [propext, Classical.choice, Quot.sound]
'Poincare.D12.TriangulationTopology.diskGlueQuotHomeoSphere_refl_apply' depends on axioms: [propext,
 Classical.choice,
 Quot.sound]
'Poincare.D12.TriangulationTopology.diskGlueQuotCompactSpace' depends on axioms: [propext, Classical.choice, Quot.sound]
'Poincare.D12.TriangulationTopology.diskGlueQuotT2Space' depends on axioms: [propext, Classical.choice, Quot.sound]
'Poincare.D12.TriangulationTopology.diskGlueQuotNonempty' depends on axioms: [propext, Classical.choice, Quot.sound]
'Poincare.D12.TriangulationTopology.sphereOfTwoDisks' depends on axioms: [propext, Classical.choice, Quot.sound]
'Poincare.D12.TriangulationTopology.UpperHemisphere' depends on axioms: [propext, Classical.choice, Quot.sound]
'Poincare.D12.TriangulationTopology.sphere_trunc_norm_sq_add_last_sq_eq_one' depends on axioms: [propext,
 Classical.choice,
 Quot.sound]
'Poincare.D12.TriangulationTopology.sqrt_one_sub_trunc_norm_sq_eq_last' depends on axioms: [propext,
 Classical.choice,
 Quot.sound]
'Poincare.D12.TriangulationTopology.upperHemisphereToDisk' depends on axioms: [propext, Classical.choice, Quot.sound]
'Poincare.D12.TriangulationTopology.diskToUpperHemisphere' depends on axioms: [propext, Classical.choice, Quot.sound]
'Poincare.D12.TriangulationTopology.continuous_upperHemisphereToDisk' depends on axioms: [propext,
 Classical.choice,
 Quot.sound]
'Poincare.D12.TriangulationTopology.continuous_diskToUpperHemisphere' depends on axioms: [propext,
 Classical.choice,
 Quot.sound]
'Poincare.D12.TriangulationTopology.upperHemisphereToDisk_diskToUpperHemisphere' depends on axioms: [propext,
 Classical.choice,
 Quot.sound]
'Poincare.D12.TriangulationTopology.diskToUpperHemisphere_upperHemisphereToDisk' depends on axioms: [propext,
 Classical.choice,
 Quot.sound]
'Poincare.D12.TriangulationTopology.upperHemisphereHomeoDisk' depends on axioms: [propext, Classical.choice, Quot.sound]
'Poincare.D12.TriangulationTopology.upperHemisphereCompactSpace' depends on axioms: [propext,
 Classical.choice,
 Quot.sound]
'Poincare.D12.TriangulationTopology.upperHemisphereT2Space' depends on axioms: [propext, Classical.choice, Quot.sound]
'Poincare.D12.TriangulationTopology.upperHemisphereNonempty' depends on axioms: [propext, Classical.choice, Quot.sound]
'Poincare.D12.TriangulationTopology.lowerHemisphere_boundary_eq_inter' depends on axioms: [propext,
 Classical.choice,
 Quot.sound]
'Poincare.D12.TriangulationTopology.lowerHemisphere_isClosed' depends on axioms: [propext, Classical.choice, Quot.sound]
'Poincare.D12.TriangulationTopology.upperHemisphere_isClosed' depends on axioms: [propext, Classical.choice, Quot.sound]
'Poincare.D12.TriangulationTopology.hemisphere_cover' depends on axioms: [propext, Classical.choice, Quot.sound]
'Poincare.D12.TriangulationTopology.hemisphere_charts_agree' depends on axioms: [propext, Classical.choice, Quot.sound]
'Poincare.D12.TriangulationTopology.sphereOfTwoDisks_hemisphere_instance' depends on axioms: [propext,
 Classical.choice,
 Quot.sound]
