'Poincare.D12.VolumeIBP.ChartMetric.matrix' depends on axioms: [propext, Classical.choice, Quot.sound]
'Poincare.D12.VolumeIBP.ChartMetric.g_symm' depends on axioms: [propext, Classical.choice, Quot.sound]
'Poincare.D12.VolumeIBP.ChartMetric.det_pos' depends on axioms: [propext, Classical.choice, Quot.sound]
'Poincare.D12.VolumeIBP.ChartMetric.density' depends on axioms: [propext, Classical.choice, Quot.sound]
'Poincare.D12.VolumeIBP.ChartMetric.density_pos' depends on axioms: [propext, Classical.choice, Quot.sound]
'Poincare.D12.VolumeIBP.ChartMetric.inner' depends on axioms: [propext, Classical.choice, Quot.sound]
'Poincare.D12.VolumeIBP.ChartMetric.inner_comm' depends on axioms: [propext, Classical.choice, Quot.sound]
'Poincare.D12.VolumeIBP.ChartMetric.inner_pos_of_ne_zero' depends on axioms: [propext, Classical.choice, Quot.sound]
'Poincare.D12.VolumeIBP.ChartMetric.invMatrix' depends on axioms: [propext, Classical.choice, Quot.sound]
'Poincare.D12.VolumeIBP.ChartMetric.invMatrix_mul' depends on axioms: [propext, Classical.choice, Quot.sound]
'Poincare.D12.VolumeIBP.ChartMetric.invMatrix_symm' depends on axioms: [propext, Classical.choice, Quot.sound]
'Poincare.D12.VolumeIBP.ChartMetric.riemannianMeasure' depends on axioms: [propext, Classical.choice, Quot.sound]
'Poincare.D12.VolumeIBP.ChartMetric.euclideanChartMetric' depends on axioms: [propext, Classical.choice, Quot.sound]
'Poincare.D12.VolumeIBP.contDiff_if_const' depends on axioms: [propext, Classical.choice, Quot.sound]
'Poincare.D12.VolumeIBP.ChartMetric.det_contDiff' depends on axioms: [propext, Classical.choice, Quot.sound]
'Poincare.D12.VolumeIBP.ChartMetric.adjugate_entry_contDiff' depends on axioms: [propext, Classical.choice, Quot.sound]
'Poincare.D12.VolumeIBP.ChartMetric.invMatrix_entry_contDiff' depends on axioms: [propext, Classical.choice, Quot.sound]
'Poincare.D12.VolumeIBP.ChartMetric.density_contDiff' depends on axioms: [propext, Classical.choice, Quot.sound]
'Poincare.D12.VolumeIBP.ChartMetric.density_measurable' depends on axioms: [propext, Classical.choice, Quot.sound]
'Poincare.D12.VolumeIBP.ChartMetric.integral_riemannianMeasure_eq' depends on axioms: [propext,
 Classical.choice,
 Quot.sound]
'Poincare.D12.VolumeIBP.ChartMetric.riemannianMeasure_absolutelyContinuous' depends on axioms: [propext,
 Classical.choice,
 Quot.sound]
'Poincare.D12.VolumeIBP.ChartMetric.riemannianMeasure_univ' depends on axioms: [propext, Classical.choice, Quot.sound]
'Poincare.D12.VolumeIBP.exists_pi_Ioo_supset_compact' depends on axioms: [propext, Classical.choice, Quot.sound]
'Poincare.D12.VolumeIBP.ChartMetric.partialDeriv' depends on axioms: [propext, Classical.choice, Quot.sound]
'Poincare.D12.VolumeIBP.ChartMetric.weightedDivergence' depends on axioms: [propext, Classical.choice, Quot.sound]
'Poincare.D12.VolumeIBP.ChartMetric.divergence' depends on axioms: [propext, Classical.choice, Quot.sound]
'Poincare.D12.VolumeIBP.ChartMetric.weighted_divergence_integral_eq_zero' depends on axioms: [propext,
 Classical.choice,
 Quot.sound]
'Poincare.D12.VolumeIBP.ChartMetric.divergence_integral_eq_zero' depends on axioms: [propext,
 Classical.choice,
 Quot.sound]
'Poincare.D12.VolumeIBP.ChartMetric.grad' depends on axioms: [propext, Classical.choice, Quot.sound]
'Poincare.D12.VolumeIBP.ChartMetric.laplacian' depends on axioms: [propext, Classical.choice, Quot.sound]
'Poincare.D12.VolumeIBP.ChartMetric.gradInnerInverse' depends on axioms: [propext, Classical.choice, Quot.sound]
'Poincare.D12.VolumeIBP.ChartMetric.driftLaplacian' depends on axioms: [propext, Classical.choice, Quot.sound]
'Poincare.D12.VolumeIBP.ChartMetric.partialDeriv_contDiff_one' depends on axioms: [propext,
 Classical.choice,
 Quot.sound]
'Poincare.D12.VolumeIBP.ChartMetric.grad_contDiff_one' depends on axioms: [propext, Classical.choice, Quot.sound]
'Poincare.D12.VolumeIBP.ChartMetric.grad_hasCompactSupport' depends on axioms: [propext, Classical.choice, Quot.sound]
'Poincare.D12.VolumeIBP.ChartMetric.gradInnerInverse_eq_sum' depends on axioms: [propext, Classical.choice, Quot.sound]
'Poincare.D12.VolumeIBP.ChartMetric.laplacian_continuous' depends on axioms: [propext, Classical.choice, Quot.sound]
'Poincare.D12.VolumeIBP.ChartMetric.laplacian_contDiff_two' depends on axioms: [propext, Classical.choice, Quot.sound]
'Poincare.D12.VolumeIBP.ChartMetric.weighted_divergence_mul_grad' depends on axioms: [propext,
 Classical.choice,
 Quot.sound]
'Poincare.D12.VolumeIBP.ChartMetric.chart_ibp' depends on axioms: [propext, Classical.choice, Quot.sound]
'Poincare.D12.VolumeIBP.ChartMetric.laplacian_integral_eq_zero' depends on axioms: [propext,
 Classical.choice,
 Quot.sound]
'Poincare.D12.VolumeIBP.ChartMetric.chart_ibp_laplacian' depends on axioms: [propext, Classical.choice, Quot.sound]
'Poincare.D12.VolumeIBP.ChartMetric.exp_neg_contDiff_one' depends on axioms: [propext, Classical.choice, Quot.sound]
'Poincare.D12.VolumeIBP.ChartMetric.gradInnerInverse_comm' depends on axioms: [propext, Classical.choice, Quot.sound]
'Poincare.D12.VolumeIBP.ChartMetric.weighted_divergence_mul_exp_grad' depends on axioms: [propext,
 Classical.choice,
 Quot.sound]
'Poincare.D12.VolumeIBP.ChartMetric.chart_weighted_ibp' depends on axioms: [propext, Classical.choice, Quot.sound]
'Poincare.D12.VolumeIBP.ChartMetric.driftLaplacian_continuous' depends on axioms: [propext,
 Classical.choice,
 Quot.sound]
'Poincare.D12.VolumeIBP.ChartDiffeomorphism' depends on axioms: [propext, Classical.choice, Quot.sound]
'Poincare.D12.VolumeIBP.ChartMetric.jacobianMatrix' depends on axioms: [propext, Classical.choice, Quot.sound]
'Poincare.D12.VolumeIBP.ChartMetric.pullbackMatrix' depends on axioms: [propext, Classical.choice, Quot.sound]
'Poincare.D12.VolumeIBP.ChartMetric.jacobianMatrix_det' depends on axioms: [propext, Classical.choice, Quot.sound]
'Poincare.D12.VolumeIBP.ChartMetric.det_pullbackMatrix' depends on axioms: [propext, Classical.choice, Quot.sound]
'Poincare.D12.VolumeIBP.ChartMetric.jentry_contDiff' depends on axioms: [propext, Classical.choice, Quot.sound]
'Poincare.D12.VolumeIBP.ChartMetric.jacobianMatrix_mulVec_eq_fderiv' depends on axioms: [propext,
 Classical.choice,
 Quot.sound]
'Poincare.D12.VolumeIBP.ChartMetric.inner_grad_eq_gradInnerInverse' depends on axioms: [propext,
 Classical.choice,
 Quot.sound]
'Poincare.D12.VolumeIBP.ChartMetric.pullbackMetric' depends on axioms: [propext, Classical.choice, Quot.sound]
'Poincare.D12.VolumeIBP.ChartMetric.pullbackDensity_eq' depends on axioms: [propext, Classical.choice, Quot.sound]
'Poincare.D12.VolumeIBP.ChartMetric.pullback_measure_naturality' depends on axioms: [propext,
 Classical.choice,
 Quot.sound]
'Poincare.D12.VolumeIBP.ChartMetric.euclideanChartMetric_density_one' depends on axioms: [propext,
 Classical.choice,
 Quot.sound]
'Poincare.D12.VolumeIBP.ChartMetric.expMetricOne' depends on axioms: [propext, Classical.choice, Quot.sound]
'Poincare.D12.VolumeIBP.ChartMetric.expMetricOne_density_eq' depends on axioms: [propext, Classical.choice, Quot.sound]
'Poincare.D12.VolumeIBP.ChartMetric.chart_ibp_euclidean_one' depends on axioms: [propext, Classical.choice, Quot.sound]
'Poincare.D12.VolumeIBP.chartWeightedIBPStatementRestricted_holds' depends on axioms: [propext,
 Classical.choice,
 Quot.sound]
'Poincare.D12.VolumeIBP.Audit.negativeControl' depends on axioms: [negativeControl]
