L5A3NTYPE	Poincare.CurvatureAlgebra.CurvatureOperator.ScalarContractionData.mk.inj	Poincare.Stage1.CurvatureAlgebra	1
L5A3NTYPE	Poincare.CurvatureAlgebra.CurvatureOperator.ScalarContractionData.mk.injEq	Poincare.Stage1.CurvatureAlgebra	0
L5A3NTYPE	Poincare.CurvatureAlgebra.CurvatureOperator.ScalarContractionData.mk.sizeOf_spec	Poincare.Stage1.CurvatureAlgebra	0
L5A3NTYPE	Poincare.CurvatureAlgebra.CurvatureOperator.add._proof_1	Poincare.Stage1.CurvatureAlgebra	0
L5A3NTYPE	Poincare.CurvatureAlgebra.CurvatureOperator.add._proof_2	Poincare.Stage1.CurvatureAlgebra	0
L5A3NTYPE	Poincare.CurvatureAlgebra.CurvatureOperator.add_assoc	Poincare.Stage1.CurvatureAlgebra	0
L5A3NTYPE	Poincare.CurvatureAlgebra.CurvatureOperator.add_comm	Poincare.Stage1.CurvatureAlgebra	0
L5A3NTYPE	Poincare.CurvatureAlgebra.CurvatureOperator.add_left_neg	Poincare.Stage1.CurvatureAlgebra	0
L5A3NTYPE	Poincare.CurvatureAlgebra.CurvatureOperator.add_neg_cancel	Poincare.Stage1.CurvatureAlgebra	0
L5A3NTYPE	Poincare.CurvatureAlgebra.CurvatureOperator.add_smul	Poincare.Stage1.CurvatureAlgebra	0
L5A3NTYPE	Poincare.CurvatureAlgebra.CurvatureOperator.add_zero	Poincare.Stage1.CurvatureAlgebra	0
L5A3NTYPE	Poincare.CurvatureAlgebra.CurvatureOperator.endoRicci._proof_1	Poincare.Stage1.CurvatureAlgebra	0
L5A3NTYPE	Poincare.CurvatureAlgebra.CurvatureOperator.endoRicci._proof_2	Poincare.Stage1.CurvatureAlgebra	0
L5A3NTYPE	Poincare.CurvatureAlgebra.CurvatureOperator.endoRicci₁._proof_1	Poincare.Stage1.CurvatureAlgebra	0
L5A3NTYPE	Poincare.CurvatureAlgebra.CurvatureOperator.endoRicci₁._proof_2	Poincare.Stage1.CurvatureAlgebra	0
L5A3NTYPE	Poincare.CurvatureAlgebra.CurvatureOperator.endoRicci₂._proof_1	Poincare.Stage1.CurvatureAlgebra	0
L5A3NTYPE	Poincare.CurvatureAlgebra.CurvatureOperator.endoRicci₂._proof_2	Poincare.Stage1.CurvatureAlgebra	0
L5A3NTYPE	Poincare.CurvatureAlgebra.CurvatureOperator.ext	Poincare.Stage1.CurvatureAlgebra	1
L5A3NTYPE	Poincare.CurvatureAlgebra.CurvatureOperator.ext_iff	Poincare.Stage1.CurvatureAlgebra	0
L5A3NTYPE	Poincare.CurvatureAlgebra.CurvatureOperator.first_bianchi	Poincare.Stage1.CurvatureAlgebra	0
L5A3NTYPE	Poincare.CurvatureAlgebra.CurvatureOperator.first_bianchi_cyclic	Poincare.Stage1.CurvatureAlgebra	0
L5A3NTYPE	Poincare.CurvatureAlgebra.CurvatureOperator.first_bianchi_cyclic_swap	Poincare.Stage1.CurvatureAlgebra	0
L5A3NTYPE	Poincare.CurvatureAlgebra.CurvatureOperator.first_bianchi_neg_sum	Poincare.Stage1.CurvatureAlgebra	0
L5A3NTYPE	Poincare.CurvatureAlgebra.CurvatureOperator.first_bianchi_reverse_cyclic	Poincare.Stage1.CurvatureAlgebra	0
L5A3NTYPE	Poincare.CurvatureAlgebra.CurvatureOperator.first_bianchi_split	Poincare.Stage1.CurvatureAlgebra	0
L5A3NTYPE	Poincare.CurvatureAlgebra.CurvatureOperator.first_pair_skew	Poincare.Stage1.CurvatureAlgebra	0
L5A3NTYPE	Poincare.CurvatureAlgebra.CurvatureOperator.first_pair_skew_add_zero	Poincare.Stage1.CurvatureAlgebra	0
L5A3NTYPE	Poincare.CurvatureAlgebra.CurvatureOperator.first_pair_skew_add_zero'	Poincare.Stage1.CurvatureAlgebra	0
L5A3NTYPE	Poincare.CurvatureAlgebra.CurvatureOperator.first_pair_skew_apply	Poincare.Stage1.CurvatureAlgebra	0
L5A3NTYPE	Poincare.CurvatureAlgebra.CurvatureOperator.first_pair_skew_swap	Poincare.Stage1.CurvatureAlgebra	0
L5A3NTYPE	Poincare.CurvatureAlgebra.CurvatureOperator.instCoeFunForallForallForall._proof_1	Poincare.Stage1.CurvatureAlgebra	0
L5A3NTYPE	Poincare.CurvatureAlgebra.CurvatureOperator.instCoeFunForallForallForall._proof_2	Poincare.Stage1.CurvatureAlgebra	0
L5A3NTYPE	Poincare.CurvatureAlgebra.CurvatureOperator.mk.inj	Poincare.Stage1.CurvatureAlgebra	5
L5A3NTYPE	Poincare.CurvatureAlgebra.CurvatureOperator.mk.injEq	Poincare.Stage1.CurvatureAlgebra	4
L5A3NTYPE	Poincare.CurvatureAlgebra.CurvatureOperator.mk.sizeOf_spec	Poincare.Stage1.CurvatureAlgebra	2
L5A3NTYPE	Poincare.CurvatureAlgebra.CurvatureOperator.neg._proof_1	Poincare.Stage1.CurvatureAlgebra	0
L5A3NTYPE	Poincare.CurvatureAlgebra.CurvatureOperator.neg._proof_2	Poincare.Stage1.CurvatureAlgebra	0
L5A3NTYPE	Poincare.CurvatureAlgebra.CurvatureOperator.one_smul	Poincare.Stage1.CurvatureAlgebra	0
L5A3NTYPE	Poincare.CurvatureAlgebra.CurvatureOperator.ricci._proof_1	Poincare.Stage1.CurvatureAlgebra	0
L5A3NTYPE	Poincare.CurvatureAlgebra.CurvatureOperator.ricci._proof_2	Poincare.Stage1.CurvatureAlgebra	0
L5A3NTYPE	Poincare.CurvatureAlgebra.CurvatureOperator.ricci._proof_3	Poincare.Stage1.CurvatureAlgebra	0
L5A3NTYPE	Poincare.CurvatureAlgebra.CurvatureOperator.ricciHom._proof_1	Poincare.Stage1.CurvatureAlgebra	0
L5A3NTYPE	Poincare.CurvatureAlgebra.CurvatureOperator.ricciHom._proof_2	Poincare.Stage1.CurvatureAlgebra	0
L5A3NTYPE	Poincare.CurvatureAlgebra.CurvatureOperator.ricciHom._proof_3	Poincare.Stage1.CurvatureAlgebra	0
L5A3NTYPE	Poincare.CurvatureAlgebra.CurvatureOperator.ricciSum._proof_1	Poincare.Stage1.CurvatureAlgebra	0
L5A3NTYPE	Poincare.CurvatureAlgebra.CurvatureOperator.ricciSum.eq_1	Poincare.Stage1.CurvatureAlgebra	0
L5A3NTYPE	Poincare.CurvatureAlgebra.CurvatureOperator.ricci_eq_ricciSum	Poincare.Stage1.CurvatureAlgebra	0
L5A3NTYPE	Poincare.CurvatureAlgebra.CurvatureOperator.ricci_zero	Poincare.Stage1.CurvatureAlgebra	0
L5A3NTYPE	Poincare.CurvatureAlgebra.CurvatureOperator.scalarCurvature._proof_1	Poincare.Stage1.CurvatureAlgebra	0
L5A3NTYPE	Poincare.CurvatureAlgebra.CurvatureOperator.scalarCurvature_zero	Poincare.Stage1.CurvatureAlgebra	0
L5A3NTYPE	Poincare.CurvatureAlgebra.CurvatureOperator.smul._proof_1	Poincare.Stage1.CurvatureAlgebra	0
L5A3NTYPE	Poincare.CurvatureAlgebra.CurvatureOperator.smul._proof_2	Poincare.Stage1.CurvatureAlgebra	0
L5A3NTYPE	Poincare.CurvatureAlgebra.CurvatureOperator.smul._proof_3	Poincare.Stage1.CurvatureAlgebra	0
L5A3NTYPE	Poincare.CurvatureAlgebra.CurvatureOperator.smul_add	Poincare.Stage1.CurvatureAlgebra	0
L5A3NTYPE	Poincare.CurvatureAlgebra.CurvatureOperator.smul_smul	Poincare.Stage1.CurvatureAlgebra	0
L5A3NTYPE	Poincare.CurvatureAlgebra.CurvatureOperator.smul_zero	Poincare.Stage1.CurvatureAlgebra	0
L5A3NTYPE	Poincare.CurvatureAlgebra.CurvatureOperator.trace_eq_sum_diag	Poincare.Stage1.CurvatureAlgebra	0
L5A3NTYPE	Poincare.CurvatureAlgebra.CurvatureOperator.zero._proof_1	Poincare.Stage1.CurvatureAlgebra	0
L5A3NTYPE	Poincare.CurvatureAlgebra.CurvatureOperator.zero._proof_2	Poincare.Stage1.CurvatureAlgebra	0
L5A3NTYPE	Poincare.CurvatureAlgebra.CurvatureOperator.zero_add	Poincare.Stage1.CurvatureAlgebra	0
L5A3NTYPE	Poincare.CurvatureAlgebra.CurvatureOperator.zero_smul	Poincare.Stage1.CurvatureAlgebra	0
L5A3NTYPE	Poincare.Longrun.CurvatureODE.DiscreteEvolution.step	Poincare.Longrun.CurvatureODE.Evolution	1
L5A3NTYPE	Poincare.Longrun.CurvatureODE.EvolutionRelation.continuous	Poincare.Longrun.CurvatureODE.Evolution	3
L5A3NTYPE	Poincare.Longrun.CurvatureODE.EvolutionRelation.hasDeriv	Poincare.Longrun.CurvatureODE.Evolution	2
L5A3NTYPE	Poincare.Longrun.CurvatureODE.ManifoldCurvatureRealization._proof_1	Poincare.Longrun.CurvatureODE.Bridge	0
L5A3NTYPE	Poincare.Longrun.CurvatureODE.ManifoldCurvatureRealization._proof_2	Poincare.Longrun.CurvatureODE.Bridge	0
L5A3NTYPE	Poincare.Longrun.CurvatureODE.MetricFamilySolvesRicciFlow._proof_1	Poincare.Longrun.CurvatureODE.Bridge	0
L5A3NTYPE	Poincare.Longrun.CurvatureODE.MetricFamilySolvesRicciFlow._proof_2	Poincare.Longrun.CurvatureODE.Bridge	0
L5A3NTYPE	Poincare.Longrun.CurvatureODE.MetricFamilySolvesRicciFlow._proof_3	Poincare.Longrun.CurvatureODE.Bridge	0
L5A3NTYPE	Poincare.Longrun.CurvatureODE.MetricFamilySolvesRicciFlow._proof_4	Poincare.Longrun.CurvatureODE.Bridge	0
L5A3NTYPE	Poincare.Longrun.CurvatureODE.ReactionField.a_nonneg	Poincare.Longrun.CurvatureODE.Evolution	0
L5A3NTYPE	Poincare.Longrun.CurvatureODE.ReactionField.eval.eq_1	Poincare.Longrun.CurvatureODE.Evolution	0
L5A3NTYPE	Poincare.Longrun.CurvatureODE.ReactionField.eval_nonneg	Poincare.Longrun.CurvatureODE.Evolution	0
L5A3NTYPE	Poincare.Longrun.CurvatureODE.ReactionField.g_nonneg	Poincare.Longrun.CurvatureODE.Evolution	0
L5A3NTYPE	Poincare.Longrun.CurvatureODE.ReactionField.hamilton._proof_1	Poincare.Longrun.CurvatureODE.Evolution	0
L5A3NTYPE	Poincare.Longrun.CurvatureODE.ReactionField.hamilton._proof_2	Poincare.Longrun.CurvatureODE.Evolution	0
L5A3NTYPE	Poincare.Longrun.CurvatureODE.ReactionField.hamilton.eq_1	Poincare.Longrun.CurvatureODE.Evolution	0
L5A3NTYPE	Poincare.Longrun.CurvatureODE.ReactionField.hamilton_eval	Poincare.Longrun.CurvatureODE.Evolution	0
L5A3NTYPE	Poincare.Longrun.CurvatureODE.ReactionField.hamilton_eval_pos	Poincare.Longrun.CurvatureODE.Monotonicity	1
L5A3NTYPE	Poincare.Longrun.CurvatureODE.ReactionField.hamilton_eval_zero	Poincare.Longrun.CurvatureODE.Evolution	0
L5A3NTYPE	Poincare.Longrun.CurvatureODE.ReactionField.mk.congr_simp	Poincare.Longrun.CurvatureODE.Evolution	4
L5A3NTYPE	Poincare.Longrun.CurvatureODE.ReactionField.mk.inj	Poincare.Longrun.CurvatureODE.Evolution	5
L5A3NTYPE	Poincare.Longrun.CurvatureODE.ReactionField.mk.injEq	Poincare.Longrun.CurvatureODE.Evolution	4
L5A3NTYPE	Poincare.Longrun.CurvatureODE.ReactionField.mk.sizeOf_spec	Poincare.Longrun.CurvatureODE.Evolution	2
L5A3NTYPE	Poincare.Longrun.CurvatureODE.TensorRicciFlowODEBridge.basis_fixed	Poincare.Longrun.CurvatureODE.Bridge	3
L5A3NTYPE	Poincare.Longrun.CurvatureODE.TensorRicciFlowODEBridge.continuous	Poincare.Longrun.CurvatureODE.Bridge	4
L5A3NTYPE	Poincare.Longrun.CurvatureODE.TensorRicciFlowODEBridge.evolves	Poincare.Longrun.CurvatureODE.Bridge	3
L5A3NTYPE	Poincare.Longrun.CurvatureODE.TensorRicciFlowODEBridge.mk.inj	Poincare.Longrun.CurvatureODE.Bridge	13
L5A3NTYPE	Poincare.Longrun.CurvatureODE.TensorRicciFlowODEBridge.mk.injEq	Poincare.Longrun.CurvatureODE.Bridge	12
L5A3NTYPE	Poincare.Longrun.CurvatureODE.TensorRicciFlowODEBridge.mk.sizeOf_spec	Poincare.Longrun.CurvatureODE.Bridge	7
L5A3NTYPE	Poincare.Longrun.CurvatureODE.TensorRicciFlowODEBridge.realization	Poincare.Longrun.CurvatureODE.Bridge	2
L5A3NTYPE	Poincare.Longrun.CurvatureODE.TensorRicciFlowODEBridge.state_eq	Poincare.Longrun.CurvatureODE.Bridge	3
L5A3NTYPE	Poincare.Longrun.CurvatureODE.bridge_state_eq_ricciDiagonal	Poincare.Longrun.CurvatureODE.Bridge	3
L5A3NTYPE	Poincare.Longrun.CurvatureODE.component_monotone	Poincare.Longrun.CurvatureODE.Invariant	2
L5A3NTYPE	Poincare.Longrun.CurvatureODE.component_monotone_discrete	Poincare.Longrun.CurvatureODE.Invariant	2
L5A3NTYPE	Poincare.Longrun.CurvatureODE.diagonalEndomorphism._proof_1	Poincare.Longrun.CurvatureODE.State	0
L5A3NTYPE	Poincare.Longrun.CurvatureODE.diagonalEndomorphism.eq_1	Poincare.Longrun.CurvatureODE.State	1
L5A3NTYPE	Poincare.Longrun.CurvatureODE.diagonalEndomorphism_apply	Poincare.Longrun.CurvatureODE.State	1
L5A3NTYPE	Poincare.Longrun.CurvatureODE.diagonalEndomorphism_basis	Poincare.Longrun.CurvatureODE.State	1
L5A3NTYPE	Poincare.Longrun.CurvatureODE.diagonalEndomorphism_selfAdjoint	Poincare.Longrun.CurvatureODE.State	1
L5A3NTYPE	Poincare.Longrun.CurvatureODE.evolutionRelation_of_bridge	Poincare.Longrun.CurvatureODE.Bridge	2
L5A3NTYPE	Poincare.Longrun.CurvatureODE.form_diagonalEndomorphism	Poincare.Longrun.CurvatureODE.State	1
L5A3NTYPE	Poincare.Longrun.CurvatureODE.ge_zero_of_hasDerivWithinAt_mul_le	Poincare.Longrun.CurvatureODE.ScalarODE	5
L5A3NTYPE	Poincare.Longrun.CurvatureODE.hasDerivWithinAt_scalarFunctional	Poincare.Longrun.CurvatureODE.Monotonicity	2
L5A3NTYPE	Poincare.Longrun.CurvatureODE.le_left_of_hasDerivWithinAt_nonpos	Poincare.Longrun.CurvatureODE.ScalarODE	4
L5A3NTYPE	Poincare.Longrun.CurvatureODE.le_zero_of_hasDerivWithinAt_le_mul	Poincare.Longrun.CurvatureODE.ScalarODE	5
L5A3NTYPE	Poincare.Longrun.CurvatureODE.nonneg_component	Poincare.Longrun.CurvatureODE.Invariant	3
L5A3NTYPE	Poincare.Longrun.CurvatureODE.nonneg_orthant_invariant	Poincare.Longrun.CurvatureODE.Invariant	3
L5A3NTYPE	Poincare.Longrun.CurvatureODE.nonneg_orthant_invariant_discrete	Poincare.Longrun.CurvatureODE.Invariant	3
L5A3NTYPE	Poincare.Longrun.CurvatureODE.ricciDiagonal_nonneg_of_bridge	Poincare.Longrun.CurvatureODE.Bridge	4
L5A3NTYPE	Poincare.Longrun.CurvatureODE.scalarCurvature_monotone_of_bridge	Poincare.Longrun.CurvatureODE.Bridge	4
L5A3NTYPE	Poincare.Longrun.CurvatureODE.scalarFunctional.eq_1	Poincare.Longrun.CurvatureODE.Monotonicity	0
L5A3NTYPE	Poincare.Longrun.CurvatureODE.scalarFunctional_monotone	Poincare.Longrun.CurvatureODE.Monotonicity	3
L5A3NTYPE	Poincare.Longrun.CurvatureODE.scalarFunctional_monotone_discrete	Poincare.Longrun.CurvatureODE.Monotonicity	3
L5A3NTYPE	Poincare.Longrun.CurvatureODE.scalarOfState.eq_1	Poincare.Longrun.CurvatureODE.State	0
L5A3NTYPE	Poincare.Longrun.CurvatureODE.scalarOfState_eq_trace	Poincare.Longrun.CurvatureODE.State	1
L5A3NTYPE	Poincare.Longrun.CurvatureODE.scalarOfState_monotone	Poincare.Longrun.CurvatureODE.Monotonicity	2
L5A3NTYPE	Poincare.Longrun.CurvatureODE.scalarOfState_monotone_discrete	Poincare.Longrun.CurvatureODE.Monotonicity	2
L5A3NTYPE	Poincare.Longrun.CurvatureODE.scalarOfState_nonneg	Poincare.Longrun.CurvatureODE.State	1
L5A3NTYPE	Poincare.Longrun.CurvatureODE.scalarOfState_stateOfCurvature	Poincare.Longrun.CurvatureODE.State	1
L5A3NTYPE	Poincare.Longrun.CurvatureODE.stateOfCurvature._proof_1	Poincare.Longrun.CurvatureODE.State	0
L5A3NTYPE	Poincare.Longrun.CurvatureODE.stateOfCurvature.eq_1	Poincare.Longrun.CurvatureODE.State	1
L5A3NTYPE	Poincare.Longrun.CurvatureODE.stateOfCurvature_zero	Poincare.Longrun.CurvatureODE.State	1
L5A3NTYPE	Poincare.Longrun.CurvatureODE.trace_diagonalEndomorphism	Poincare.Longrun.CurvatureODE.State	1
L5A3NTYPE	Poincare.Longrun.CurvatureODE.zero_discreteEvolution	Poincare.Longrun.CurvatureODE.Evolution	0
L5A3NTYPE	Poincare.Longrun.CurvatureODE.zero_evolutionRelation	Poincare.Longrun.CurvatureODE.Evolution	0
L5A3NTYPE	Poincare.Longrun.CurvatureODE.zero_orthant_invariant	Poincare.Longrun.CurvatureODE.Invariant	1
L5A3NTYPE	Poincare.Longrun.CurvatureODE.zero_scalar_monotone	Poincare.Longrun.CurvatureODE.Monotonicity	1
L5A3NTYPE	Poincare.Longrun.Entropy.AntitoneCertificate.F_le_at	Poincare.Longrun.Entropy.Certificate	1
L5A3NTYPE	Poincare.Longrun.Entropy.AntitoneCertificate.F_le_of_le	Poincare.Longrun.Entropy.Certificate	1
L5A3NTYPE	Poincare.Longrun.Entropy.AntitoneCertificate.eq_of_le_of_eq	Poincare.Longrun.Entropy.Certificate	3
L5A3NTYPE	Poincare.Longrun.Entropy.AntitoneCertificate.lower_le	Poincare.Longrun.Entropy.Certificate	0
L5A3NTYPE	Poincare.Longrun.Entropy.AntitoneCertificate.lower_le_value	Poincare.Longrun.Entropy.Certificate	0
L5A3NTYPE	Poincare.Longrun.Entropy.AntitoneCertificate.mk.inj	Poincare.Longrun.Entropy.Certificate	5
L5A3NTYPE	Poincare.Longrun.Entropy.AntitoneCertificate.mk.injEq	Poincare.Longrun.Entropy.Certificate	4
L5A3NTYPE	Poincare.Longrun.Entropy.AntitoneCertificate.mk.sizeOf_spec	Poincare.Longrun.Entropy.Certificate	2
L5A3NTYPE	Poincare.Longrun.Entropy.AntitoneCertificate.mono	Poincare.Longrun.Entropy.Certificate	1
L5A3NTYPE	Poincare.Longrun.Entropy.BochnerStatement._proof_1	Poincare.Longrun.Entropy.Bridge	0
L5A3NTYPE	Poincare.Longrun.Entropy.ConjugateMeasureEvolutionStatement._proof_1	Poincare.Longrun.Entropy.Bridge	0
L5A3NTYPE	Poincare.Longrun.Entropy.ContinuousAntitoneCertificate.F_le_initial	Poincare.Longrun.Entropy.Certificate	1
L5A3NTYPE	Poincare.Longrun.Entropy.ContinuousAntitoneCertificate.antitoneOn	Poincare.Longrun.Entropy.Certificate	3
L5A3NTYPE	Poincare.Longrun.Entropy.ContinuousAntitoneCertificate.continuousOn_F	Poincare.Longrun.Entropy.Certificate	2
L5A3NTYPE	Poincare.Longrun.Entropy.ContinuousAntitoneCertificate.dissipation_nonpos	Poincare.Longrun.Entropy.Certificate	1
L5A3NTYPE	Poincare.Longrun.Entropy.ContinuousAntitoneCertificate.eq_on_Icc_of_eq_at	Poincare.Longrun.Entropy.Certificate	3
L5A3NTYPE	Poincare.Longrun.Entropy.ContinuousAntitoneCertificate.hasDerivAt_F	Poincare.Longrun.Entropy.Certificate	1
L5A3NTYPE	Poincare.Longrun.Entropy.ContinuousAntitoneCertificate.lower_le	Poincare.Longrun.Entropy.Certificate	1
L5A3NTYPE	Poincare.Longrun.Entropy.ContinuousAntitoneCertificate.lower_le_initial	Poincare.Longrun.Entropy.Certificate	0
L5A3NTYPE	Poincare.Longrun.Entropy.ContinuousAntitoneCertificate.mk.inj	Poincare.Longrun.Entropy.Certificate	9
L5A3NTYPE	Poincare.Longrun.Entropy.ContinuousAntitoneCertificate.mk.injEq	Poincare.Longrun.Entropy.Certificate	8
L5A3NTYPE	Poincare.Longrun.Entropy.ContinuousAntitoneCertificate.mk.sizeOf_spec	Poincare.Longrun.Entropy.Certificate	4
L5A3NTYPE	Poincare.Longrun.Entropy.ContinuousAntitoneCertificate.toAntitoneCertificateOnIci._proof_1	Poincare.Longrun.Entropy.Certificate	1
L5A3NTYPE	Poincare.Longrun.Entropy.ContinuousAntitoneCertificate.toAntitoneCertificateOnIci._proof_2	Poincare.Longrun.Entropy.Certificate	0
L5A3NTYPE	Poincare.Longrun.Entropy.ContinuousMonotoneCertificate.F_ge_initial	Poincare.Longrun.Entropy.Certificate	1
L5A3NTYPE	Poincare.Longrun.Entropy.ContinuousMonotoneCertificate.continuousOn_F	Poincare.Longrun.Entropy.Certificate	2
L5A3NTYPE	Poincare.Longrun.Entropy.ContinuousMonotoneCertificate.dissipation_nonneg	Poincare.Longrun.Entropy.Certificate	1
L5A3NTYPE	Poincare.Longrun.Entropy.ContinuousMonotoneCertificate.eq_on_Icc_of_eq_at	Poincare.Longrun.Entropy.Certificate	3
L5A3NTYPE	Poincare.Longrun.Entropy.ContinuousMonotoneCertificate.hasDerivAt_F	Poincare.Longrun.Entropy.Certificate	1
L5A3NTYPE	Poincare.Longrun.Entropy.ContinuousMonotoneCertificate.mk.inj	Poincare.Longrun.Entropy.Certificate	9
L5A3NTYPE	Poincare.Longrun.Entropy.ContinuousMonotoneCertificate.mk.injEq	Poincare.Longrun.Entropy.Certificate	8
L5A3NTYPE	Poincare.Longrun.Entropy.ContinuousMonotoneCertificate.mk.sizeOf_spec	Poincare.Longrun.Entropy.Certificate	4
L5A3NTYPE	Poincare.Longrun.Entropy.ContinuousMonotoneCertificate.monotoneOn	Poincare.Longrun.Entropy.Certificate	3
L5A3NTYPE	Poincare.Longrun.Entropy.ContinuousMonotoneCertificate.toMonotoneCertificateOnIci._proof_1	Poincare.Longrun.Entropy.Certificate	1
L5A3NTYPE	Poincare.Longrun.Entropy.ContinuousMonotoneCertificate.toMonotoneCertificateOnIci._proof_2	Poincare.Longrun.Entropy.Certificate	0
L5A3NTYPE	Poincare.Longrun.Entropy.ContinuousMonotoneCertificate.upper_le	Poincare.Longrun.Entropy.Certificate	1
L5A3NTYPE	Poincare.Longrun.Entropy.EntropyData.F.eq_1	Poincare.Longrun.Entropy.Certificate	0
L5A3NTYPE	Poincare.Longrun.Entropy.EntropyData.FDissipation._proof_1	Poincare.Longrun.Entropy.Functional	0
L5A3NTYPE	Poincare.Longrun.Entropy.EntropyData.FDissipation.eq_1	Poincare.Longrun.Entropy.Bridge	0
L5A3NTYPE	Poincare.Longrun.Entropy.EntropyData.FDissipation_nonneg	Poincare.Longrun.Entropy.Functional	0
L5A3NTYPE	Poincare.Longrun.Entropy.EntropyData.F_mono_integrand	Poincare.Longrun.Entropy.Functional	1
L5A3NTYPE	Poincare.Longrun.Entropy.EntropyData.W_eq	Poincare.Longrun.Entropy.Functional	0
L5A3NTYPE	Poincare.Longrun.Entropy.EntropyData.conjugateWeight_pos	Poincare.Longrun.Entropy.Functional	1
L5A3NTYPE	Poincare.Longrun.Entropy.EntropyData.integrable_F	Poincare.Longrun.Entropy.Functional	0
L5A3NTYPE	Poincare.Longrun.Entropy.EntropyData.integrable_W	Poincare.Longrun.Entropy.Functional	0
L5A3NTYPE	Poincare.Longrun.Entropy.EntropyData.integrable_extra	Poincare.Longrun.Entropy.Functional	0
L5A3NTYPE	Poincare.Longrun.Entropy.EntropyData.mk.congr_simp	Poincare.Longrun.Entropy.Certificate	11
L5A3NTYPE	Poincare.Longrun.Entropy.EntropyData.mk.inj	Poincare.Longrun.Entropy.Functional	9
L5A3NTYPE	Poincare.Longrun.Entropy.EntropyData.mk.injEq	Poincare.Longrun.Entropy.Functional	8
L5A3NTYPE	Poincare.Longrun.Entropy.EntropyData.mk.sizeOf_spec	Poincare.Longrun.Entropy.Functional	4
L5A3NTYPE	Poincare.Longrun.Entropy.EntropyData.ρ_nonneg	Poincare.Longrun.Entropy.Functional	0
L5A3NTYPE	Poincare.Longrun.Entropy.EntropyData.τ_pos	Poincare.Longrun.Entropy.Functional	0
L5A3NTYPE	Poincare.Longrun.Entropy.EntropyRegularityBridge.bochner	Poincare.Longrun.Entropy.Bridge	1
L5A3NTYPE	Poincare.Longrun.Entropy.EntropyRegularityBridge.conjugate_measure_evolution	Poincare.Longrun.Entropy.Bridge	2
L5A3NTYPE	Poincare.Longrun.Entropy.EntropyRegularityBridge.f_derivative	Poincare.Longrun.Entropy.Bridge	2
L5A3NTYPE	Poincare.Longrun.Entropy.EntropyRegularityBridge.regularity	Poincare.Longrun.Entropy.Bridge	3
L5A3NTYPE	Poincare.Longrun.Entropy.EntropyRegularityBridge.weighted_ibp	Poincare.Longrun.Entropy.Bridge	2
L5A3NTYPE	Poincare.Longrun.Entropy.EntropyRegularityBridge.weighted_laplacian_compatibility	Poincare.Longrun.Entropy.Bridge	2
L5A3NTYPE	Poincare.Longrun.Entropy.LinearDecayCertificate.F_le_initial	Poincare.Longrun.Entropy.Certificate	1
L5A3NTYPE	Poincare.Longrun.Entropy.LinearDecayCertificate.decay	Poincare.Longrun.Entropy.Certificate	1
L5A3NTYPE	Poincare.Longrun.Entropy.LinearDecayCertificate.lower_le_value	Poincare.Longrun.Entropy.Certificate	1
L5A3NTYPE	Poincare.Longrun.Entropy.LinearDecayCertificate.mk.inj	Poincare.Longrun.Entropy.Certificate	5
L5A3NTYPE	Poincare.Longrun.Entropy.LinearDecayCertificate.mk.injEq	Poincare.Longrun.Entropy.Certificate	4
L5A3NTYPE	Poincare.Longrun.Entropy.LinearDecayCertificate.mk.sizeOf_spec	Poincare.Longrun.Entropy.Certificate	2
L5A3NTYPE	Poincare.Longrun.Entropy.LinearDecayCertificate.rate_pos	Poincare.Longrun.Entropy.Certificate	0
L5A3NTYPE	Poincare.Longrun.Entropy.LinearDecayCertificate.time_le	Poincare.Longrun.Entropy.Certificate	1
L5A3NTYPE	Poincare.Longrun.Entropy.MonotoneCertificate.F_ge_at	Poincare.Longrun.Entropy.Certificate	1
L5A3NTYPE	Poincare.Longrun.Entropy.MonotoneCertificate.F_le_of_le	Poincare.Longrun.Entropy.Certificate	1
L5A3NTYPE	Poincare.Longrun.Entropy.MonotoneCertificate.eq_of_le_of_eq	Poincare.Longrun.Entropy.Certificate	3
L5A3NTYPE	Poincare.Longrun.Entropy.MonotoneCertificate.le_upper	Poincare.Longrun.Entropy.Certificate	0
L5A3NTYPE	Poincare.Longrun.Entropy.MonotoneCertificate.mk.inj	Poincare.Longrun.Entropy.Certificate	5
L5A3NTYPE	Poincare.Longrun.Entropy.MonotoneCertificate.mk.injEq	Poincare.Longrun.Entropy.Certificate	4
L5A3NTYPE	Poincare.Longrun.Entropy.MonotoneCertificate.mk.sizeOf_spec	Poincare.Longrun.Entropy.Certificate	2
L5A3NTYPE	Poincare.Longrun.Entropy.MonotoneCertificate.mono	Poincare.Longrun.Entropy.Certificate	1
L5A3NTYPE	Poincare.Longrun.Entropy.MonotoneCertificate.upper_le	Poincare.Longrun.Entropy.Certificate	0
L5A3NTYPE	Poincare.Longrun.Entropy.WeightedCalculus.mk.inj	Poincare.Longrun.Entropy.Bridge	1
L5A3NTYPE	Poincare.Longrun.Entropy.WeightedCalculus.mk.injEq	Poincare.Longrun.Entropy.Bridge	0
L5A3NTYPE	Poincare.Longrun.Entropy.WeightedCalculus.mk.sizeOf_spec	Poincare.Longrun.Entropy.Bridge	0
L5A3NTYPE	Poincare.Longrun.Entropy.continuousAntitoneCertificate_zero._proof_1	Poincare.Longrun.Entropy.Certificate	1
L5A3NTYPE	Poincare.Longrun.Entropy.continuousMonotoneCertificateOfBridge._proof_1	Poincare.Longrun.Entropy.Bridge	3
L5A3NTYPE	Poincare.Longrun.Entropy.continuousMonotoneCertificateOfBridge._proof_2	Poincare.Longrun.Entropy.Bridge	1
L5A3NTYPE	Poincare.Longrun.Entropy.continuousMonotoneCertificate_zero._proof_1	Poincare.Longrun.Entropy.Certificate	0
L5A3NTYPE	Poincare.Longrun.Entropy.continuousMonotoneCertificate_zero._proof_2	Poincare.Longrun.Entropy.Certificate	1
L5A3NTYPE	Poincare.Longrun.Entropy.continuousMonotoneCertificate_zero._proof_3	Poincare.Longrun.Entropy.Certificate	2
L5A3NTYPE	Poincare.Longrun.Entropy.continuousMonotoneCertificate_zero._proof_4	Poincare.Longrun.Entropy.Certificate	1
L5A3NTYPE	Poincare.Longrun.Entropy.continuousMonotoneCertificate_zero._proof_5	Poincare.Longrun.Entropy.Certificate	1
L5A3NTYPE	Poincare.Longrun.Entropy.continuousMonotoneCertificate_zero_viaBridge._proof_1	Poincare.Longrun.Entropy.Bridge	1
L5A3NTYPE	Poincare.Longrun.Entropy.entropyRegularityBridge_zero	Poincare.Longrun.Entropy.Bridge	0
L5A3NTYPE	Poincare.Longrun.Entropy.finiteCurvatureDatum._proof_1	Poincare.Longrun.Entropy.FiniteGeometry	0
L5A3NTYPE	Poincare.Longrun.Entropy.finiteCurvatureDatum._proof_2	Poincare.Longrun.Entropy.FiniteGeometry	0
L5A3NTYPE	Poincare.Longrun.Entropy.finiteCurvatureDatum._proof_3	Poincare.Longrun.Entropy.FiniteGeometry	0
L5A3NTYPE	Poincare.Longrun.Entropy.finiteCurvatureDatum._proof_4	Poincare.Longrun.Entropy.FiniteGeometry	2
L5A3NTYPE	Poincare.Longrun.Entropy.finiteCurvatureDatum._proof_5	Poincare.Longrun.Entropy.FiniteGeometry	2
L5A3NTYPE	Poincare.Longrun.Entropy.finiteCurvatureDatum.eq_1	Poincare.Longrun.Entropy.FiniteGeometry	2
L5A3NTYPE	Poincare.Longrun.Entropy.finiteCurvatureDatum_F	Poincare.Longrun.Entropy.FiniteGeometry	2
L5A3NTYPE	Poincare.Longrun.Entropy.finiteCurvatureDatum_FDissipation	Poincare.Longrun.Entropy.FiniteGeometry	2
L5A3NTYPE	Poincare.Longrun.Entropy.finiteCurvatureDatum_F_add	Poincare.Longrun.Entropy.FiniteGeometry	2
L5A3NTYPE	Poincare.Longrun.Entropy.finiteCurvatureDatum_F_zero	Poincare.Longrun.Entropy.FiniteGeometry	2
L5A3NTYPE	Poincare.Longrun.Entropy.finiteCurvatureDatum_W	Poincare.Longrun.Entropy.FiniteGeometry	2
L5A3NTYPE	Poincare.Longrun.Entropy.gradInner.eq_1	Poincare.Longrun.Entropy.Bridge	0
L5A3NTYPE	Poincare.Longrun.Entropy.heatEnergyCertificate._proof_1	Poincare.Longrun.Entropy.DiscreteHeat	0
L5A3NTYPE	Poincare.Longrun.Entropy.heatEnergyCertificate_zero	Poincare.Longrun.Entropy.DiscreteHeat	2
L5A3NTYPE	Poincare.Longrun.Entropy.heatEnergy_eq_of_eq_initial	Poincare.Longrun.Entropy.DiscreteHeat	4
L5A3NTYPE	Poincare.Longrun.Entropy.heatEnergy_le_initial	Poincare.Longrun.Entropy.DiscreteHeat	2
L5A3NTYPE	Poincare.Longrun.Entropy.heatEnergy_nonneg	Poincare.Longrun.Entropy.DiscreteHeat	2
L5A3NTYPE	Poincare.Longrun.Entropy.zeroCalculus.eq_1	Poincare.Longrun.Entropy.Bridge	0
L5A3NTYPE	Poincare.Longrun.Entropy.zeroEntropyData._proof_1	Poincare.Longrun.Entropy.Certificate	0
L5A3NTYPE	Poincare.Longrun.Entropy.zeroEntropyData._proof_2	Poincare.Longrun.Entropy.Certificate	0
L5A3NTYPE	Poincare.Longrun.Entropy.zeroEntropyData._proof_3	Poincare.Longrun.Entropy.Certificate	0
L5A3NTYPE	Poincare.Longrun.Entropy.zeroEntropyData._proof_4	Poincare.Longrun.Entropy.Certificate	0
L5A3NTYPE	Poincare.Longrun.Entropy.zeroEntropyData.eq_1	Poincare.Longrun.Entropy.Certificate	0
L5A3NTYPE	Poincare.Longrun.Entropy.zeroEntropyData_F	Poincare.Longrun.Entropy.Certificate	0
L5A3NTYPE	Poincare.Longrun.PDE.ContinuousHeatHypotheses.continuous_on_slab	Poincare.Longrun.PDE.ContinuousInterface	3
L5A3NTYPE	Poincare.Longrun.PDE.ContinuousHeatHypotheses.heat_equation	Poincare.Longrun.PDE.ContinuousInterface	3
L5A3NTYPE	Poincare.Longrun.PDE.ContinuousHeatHypotheses.initial_nonpos	Poincare.Longrun.PDE.ContinuousInterface	2
L5A3NTYPE	Poincare.Longrun.PDE.ContinuousHeatHypotheses.lateral_nonpos	Poincare.Longrun.PDE.ContinuousInterface	2
L5A3NTYPE	Poincare.Longrun.PDE.HeatGridEvolution.boundary_left	Poincare.Longrun.PDE.HeatGrid	0
L5A3NTYPE	Poincare.Longrun.PDE.HeatGridEvolution.boundary_right	Poincare.Longrun.PDE.HeatGrid	0
L5A3NTYPE	Poincare.Longrun.PDE.HeatGridEvolution.energy_antitone	Poincare.Longrun.Entropy.DiscreteHeat	3
L5A3NTYPE	Poincare.Longrun.PDE.HeatGridEvolution.energy_nonincreasing	Poincare.Longrun.PDE.Energy	2
L5A3NTYPE	Poincare.Longrun.PDE.HeatGridEvolution.energy_succ_le	Poincare.Longrun.PDE.Energy	2
L5A3NTYPE	Poincare.Longrun.PDE.HeatGridEvolution.le_of_initial_le	Poincare.Longrun.PDE.DiscreteMaximumPrinciple	5
L5A3NTYPE	Poincare.Longrun.PDE.HeatGridEvolution.le_sup'_initial	Poincare.Longrun.PDE.DiscreteMaximumPrinciple	3
L5A3NTYPE	Poincare.Longrun.PDE.HeatGridEvolution.le_sup'_initial._proof_1	Poincare.Longrun.PDE.DiscreteMaximumPrinciple	1
L5A3NTYPE	Poincare.Longrun.PDE.HeatGridEvolution.le_sup'_initial._proof_1_1	Poincare.Longrun.PDE.DiscreteMaximumPrinciple	1
L5A3NTYPE	Poincare.Longrun.PDE.HeatGridEvolution.le_sup'_initial._proof_1_2	Poincare.Longrun.PDE.DiscreteMaximumPrinciple	2
L5A3NTYPE	Poincare.Longrun.PDE.HeatGridEvolution.mk.inj	Poincare.Longrun.PDE.HeatGrid	7
L5A3NTYPE	Poincare.Longrun.PDE.HeatGridEvolution.mk.injEq	Poincare.Longrun.PDE.HeatGrid	6
L5A3NTYPE	Poincare.Longrun.PDE.HeatGridEvolution.mk.sizeOf_spec	Poincare.Longrun.PDE.HeatGrid	3
L5A3NTYPE	Poincare.Longrun.PDE.HeatGridEvolution.step	Poincare.Longrun.PDE.HeatGrid	2
L5A3NTYPE	Poincare.Longrun.PDE.HeatGridEvolution.step_eq_convex	Poincare.Longrun.PDE.HeatGrid	2
L5A3NTYPE	Poincare.Longrun.PDE.HeatGridEvolution.step_eq_discreteLaplacian	Poincare.Longrun.PDE.HeatGrid	2
L5A3NTYPE	Poincare.Longrun.PDE.HeatGridEvolution.step_eq_heatStep	Poincare.Longrun.PDE.HeatGrid	2
L5A3NTYPE	Poincare.Longrun.PDE.HeatGridEvolution.step_eq_heatStep._proof_1_1	Poincare.Longrun.PDE.HeatGrid	3
L5A3NTYPE	Poincare.Longrun.PDE.HeatGridEvolution.step_eq_heatStep._proof_1_2	Poincare.Longrun.PDE.HeatGrid	2
L5A3NTYPE	Poincare.Longrun.PDE.HeatGridEvolution.step_eq_heatStep._proof_1_3	Poincare.Longrun.PDE.HeatGrid	2
L5A3NTYPE	Poincare.Longrun.PDE.HeatGridEvolution.succ_le	Poincare.Longrun.PDE.DiscreteMaximumPrinciple	5
L5A3NTYPE	Poincare.Longrun.PDE.continuousHeatHypotheses_affine	Poincare.Longrun.PDE.ContinuousInterface	3
L5A3NTYPE	Poincare.Longrun.PDE.continuousHeatHypotheses_quadratic	Poincare.Longrun.PDE.ContinuousInterface	0
L5A3NTYPE	Poincare.Longrun.PDE.continuousHeatHypotheses_zero	Poincare.Longrun.PDE.ContinuousInterface	0
L5A3NTYPE	Poincare.Longrun.PDE.continuousHeatMaxPrinciple_affine	Poincare.Longrun.PDE.ContinuousInterface	3
L5A3NTYPE	Poincare.Longrun.PDE.continuousHeatMaxPrinciple_of_timeIndependent	Poincare.Longrun.PDE.ContinuousInterface	4
L5A3NTYPE	Poincare.Longrun.PDE.continuousHeatMaxPrinciple_quadratic	Poincare.Longrun.PDE.ContinuousInterface	3
L5A3NTYPE	Poincare.Longrun.PDE.continuousHeatMaxPrinciple_zero	Poincare.Longrun.PDE.ContinuousInterface	3
L5A3NTYPE	Poincare.Longrun.PDE.convex_combo_sq_le	Poincare.Longrun.PDE.Energy	4
L5A3NTYPE	Poincare.Longrun.PDE.discreteLaplacian._proof_1	Poincare.Longrun.PDE.HeatGrid	0
L5A3NTYPE	Poincare.Longrun.PDE.discreteLaplacian.eq_1	Poincare.Longrun.PDE.HeatGrid	0
L5A3NTYPE	Poincare.Longrun.PDE.energy_heatStep_le	Poincare.Longrun.PDE.Energy	4
L5A3NTYPE	Poincare.Longrun.PDE.energy_heatStep_le._proof_1_1	Poincare.Longrun.PDE.Energy	1
L5A3NTYPE	Poincare.Longrun.PDE.energy_nonneg	Poincare.Longrun.PDE.Energy	0
L5A3NTYPE	Poincare.Longrun.PDE.energy_step_le	Poincare.Longrun.PDE.Energy	5
L5A3NTYPE	Poincare.Longrun.PDE.energy_step_le._proof_1_1	Poincare.Longrun.PDE.Energy	2
L5A3NTYPE	Poincare.Longrun.PDE.heatStep.eq_1	Poincare.Longrun.PDE.HeatGrid	0
L5A3NTYPE	Poincare.Longrun.PDE.heatStep_eq_discreteLaplacian	Poincare.Longrun.PDE.HeatGrid	0
L5A3NTYPE	Poincare.Longrun.PDE.heatStep_le	Poincare.Longrun.PDE.DiscreteMaximumPrinciple	4
L5A3NTYPE	Poincare.Longrun.PDE.heatStep_sq_le	Poincare.Longrun.PDE.Energy	2
L5A3NTYPE	Poincare.Longrun.PDE.strict_grid_max_principle	Poincare.Longrun.PDE.DiscreteMaximumPrinciple	3
L5A3NTYPE	Poincare.Longrun.PDE.strict_grid_max_principle_max	Poincare.Longrun.PDE.DiscreteMaximumPrinciple	3
L5A3NTYPE	Poincare.Longrun.PDE.strict_grid_max_principle_max._proof_1_2	Poincare.Longrun.PDE.DiscreteMaximumPrinciple	3
L5A3NTYPE	Poincare.Longrun.PDE.strict_grid_max_principle_max._proof_1_3	Poincare.Longrun.PDE.DiscreteMaximumPrinciple	2
L5A3NTYPE	Poincare.Longrun.PDE.strict_grid_max_principle_max._proof_1_4	Poincare.Longrun.PDE.DiscreteMaximumPrinciple	3
L5A3NTYPE	Poincare.Longrun.PDE.strict_grid_max_principle_max._proof_1_5	Poincare.Longrun.PDE.DiscreteMaximumPrinciple	2
L5A3NTYPE	Poincare.Longrun.PDE.strict_grid_max_principle_max._simp_1_1	Poincare.Longrun.PDE.DiscreteMaximumPrinciple	0
L5A3NTYPE	Poincare.Longrun.PDE.sum_shift_pred	Poincare.Longrun.PDE.Energy	2
L5A3NTYPE	Poincare.Longrun.PDE.sum_shift_succ	Poincare.Longrun.PDE.Energy	2
L5A3NTYPE	Poincare.Longrun.PDE.zeroExtend.eq_1	Poincare.Longrun.PDE.HeatGrid	0
L5A3NTYPE	Poincare.Longrun.PDE.zeroExtend_le	Poincare.Longrun.PDE.DiscreteMaximumPrinciple	2
L5A3NTYPE	Poincare.Longrun.PDE.zeroHeatGridEvolution._proof_1	Poincare.Longrun.Entropy.DiscreteHeat	0
L5A3NTYPE	Poincare.Longrun.PDE.zeroHeatGridEvolution._proof_2	Poincare.Longrun.Entropy.DiscreteHeat	0
L5A3NTYPE	Poincare.Longrun.PDE.zeroHeatGridEvolution._proof_3	Poincare.Longrun.Entropy.DiscreteHeat	2
L5A3NTYPE	Poincare.RiemannAdapter.PointwiseCurvature._proof_1	Poincare.Stage1.RiemannAdapter	0
L5A3NTYPE	Poincare.RiemannAdapter.PointwiseCurvature._proof_2	Poincare.Stage1.RiemannAdapter	0
L5A3NTYPE	Poincare.RiemannAdapter.RiemannianCurvatureData.curvatureForm._proof_1	Poincare.Stage1.RiemannAdapter	0
L5A3NTYPE	Poincare.RiemannAdapter.RiemannianCurvatureData.curvatureForm.eq_1	Poincare.Stage1.RiemannAdapter	1
L5A3NTYPE	Poincare.RiemannAdapter.RiemannianCurvatureData.curvatureForm_first_bianchi	Poincare.Stage1.RiemannAdapter	1
L5A3NTYPE	Poincare.RiemannAdapter.RiemannianCurvatureData.curvatureForm_first_bianchi._simp_1_2	Poincare.Stage1.RiemannAdapter	0
L5A3NTYPE	Poincare.RiemannAdapter.RiemannianCurvatureData.curvatureForm_first_pair_skew	Poincare.Stage1.RiemannAdapter	1
L5A3NTYPE	Poincare.RiemannAdapter.RiemannianCurvatureData.first_bianchi	Poincare.Stage1.RiemannAdapter	1
L5A3NTYPE	Poincare.RiemannAdapter.RiemannianCurvatureData.first_pair_skew	Poincare.Stage1.RiemannAdapter	1
L5A3NTYPE	Poincare.RiemannAdapter.RiemannianCurvatureData.mk.congr_simp	Poincare.Stage1.RiemannAdapter	5
L5A3NTYPE	Poincare.RiemannAdapter.RiemannianCurvatureData.mk.inj	Poincare.Stage1.RiemannAdapter	6
L5A3NTYPE	Poincare.RiemannAdapter.RiemannianCurvatureData.mk.injEq	Poincare.Stage1.RiemannAdapter	5
L5A3NTYPE	Poincare.RiemannAdapter.RiemannianCurvatureData.mk.sizeOf_spec	Poincare.Stage1.RiemannAdapter	3
L5A3NTYPE	Poincare.RiemannAdapter.RiemannianCurvatureData.ofCurvature._proof_1	Poincare.Stage1.RiemannAdapter	0
L5A3NTYPE	Poincare.RiemannAdapter.RiemannianCurvatureData.ofCurvature._proof_2	Poincare.Stage1.RiemannAdapter	0
L5A3NTYPE	Poincare.RiemannAdapter.RiemannianCurvatureData.ofCurvatureOperators._proof_1	Poincare.Stage1.RiemannAdapter	0
L5A3NTYPE	Poincare.RiemannAdapter.RiemannianCurvatureData.ofCurvatureOperators._proof_2	Poincare.Stage1.RiemannAdapter	0
L5A3NTYPE	Poincare.RiemannAdapter.RiemannianCurvatureData.ofCurvatureOperators._proof_3	Poincare.Stage1.RiemannAdapter	0
L5A3NTYPE	Poincare.RiemannAdapter.RiemannianCurvatureData.ofCurvatureOperators._proof_4	Poincare.Stage1.RiemannAdapter	0
L5A3NTYPE	Poincare.RiemannAdapter.RiemannianCurvatureData.toCurvatureOperator_apply	Poincare.Stage1.RiemannAdapter	1
L5A3NTYPE	Poincare.RiemannAdapter.RiemannianCurvatureData.toCurvatureOperator_ofCurvatureOperators	Poincare.Stage1.RiemannAdapter	1
L5A3NTYPE	Poincare.RiemannAdapter.RiemannianCurvatureData.zero._proof_1	Poincare.Stage1.RiemannAdapter	0
L5A3NTYPE	Poincare.RiemannAdapter.RiemannianCurvatureData.zero._proof_2	Poincare.Stage1.RiemannAdapter	0
L5A3NTYPE	Poincare.RiemannAdapter.RiemannianCurvatureData.zero._proof_3	Poincare.Stage1.RiemannAdapter	0
L5A3NTYPE	Poincare.RiemannAdapter.RiemannianCurvatureData.zero._proof_4	Poincare.Stage1.RiemannAdapter	0
L5A3NTYPE	Poincare.RiemannAdapter.RiemannianCurvatureData.zero._proof_5	Poincare.Stage1.RiemannAdapter	0
L5A3NTYPE	Poincare.RiemannAdapter.RiemannianCurvatureData.zero.eq_1	Poincare.Stage1.RiemannAdapter	1
L5A3NTYPE	Poincare.RiemannAdapter.RiemannianCurvatureData.zero_curvatureForm	Poincare.Stage1.RiemannAdapter	1
L5A3NTYPE	Poincare.RiemannAdapter.RiemannianCurvatureData.zero_toCurvatureOperator	Poincare.Stage1.RiemannAdapter	1
L5A3	declarations	596
L5A3	theorems	327
L5A3	hypotheses	504
L5A3	unused_hypotheses	0
L5A3	trivial_conclusions	0
L5A3	vacuous_false_hypotheses	0
L5A3	circular_hypotheses	0
L5A3	tautological_prop_defs	0
L5A3	analysis_errors	0
L5A3VERDICT	SCREEN_COMPLETE — no counterexample search; A3 remains open
A3_EXIT=0
