L5MOD	imported_total	11147
L5MOD	imported_package	10
L5MOD	Poincare.D12.VolumeIBP.Basic
L5MOD	Poincare.D12.VolumeIBP.Regularity
L5MOD	Poincare.D12.VolumeIBP.Divergence
L5MOD	Poincare.D12.VolumeIBP.IBP
L5MOD	Poincare.D12.VolumeIBP.ChangeOfVariables
L5MOD	Poincare.D12.VolumeIBP.Example
L5MOD	Poincare.D12.VolumeIBP.Blocked
L5MOD	Poincare.D12.VolumeIBP
L5MOD	Poincare.D12.VolumeIBP.Compat
L5MOD	Poincare.D12.VolumeIBP.Audit
L5PKG	declarations	160
L5PKG	theorems	108
L5PKG	modules_with_declarations	8
L5PKG	project_axiom_declarations_unexpected	1
L5PKG	unsafe_declarations	0
L5PKG	partial_declarations	0
L5PKG	sorryAx_declarations_unexpected	0
L5PKG	native_decide_declarations_unexpected	0
L5PKG	unapproved_axiom_declarations_all	1
L5PKG	unapproved_axiom_declarations_unexpected	1
L5PKG	proof_wanted_declarations	0
L5PKG	collect_failures	0
L5PKGFAIL	project_axiom	Poincare.D12.VolumeIBP.Audit.negativeControl
L5PKGFAIL	unapproved_axiom	Poincare.D12.VolumeIBP.Audit.negativeControl	Poincare.D12.VolumeIBP.Audit.negativeControl
L5NEGCLUSTER	registered	5
L5NEGCLUSTER	d12NegControlBadAxiom	present=true	kind=axiom	cone=d12NegControlBadAxiom
L5NEGCLUSTER	d12NegControlBadTheorem	present=true	kind=theorem	cone=d12NegControlBadAxiom
L5NEGCLUSTER	Poincare.D12.VolumeIBP.Audit.negativeControl	present=true	kind=axiom	cone=Poincare.D12.VolumeIBP.Audit.negativeControl
L5NEGCLUSTER	Poincare.D13.CriticalPathReview.NegControl.negControlBadAxiom	present=true	kind=axiom	cone=Poincare.D13.CriticalPathReview.NegControl.negControlBadAxiom
L5NEGCLUSTER	Poincare.D13.CriticalPathReview.NegControl.negControlBadTheorem	present=true	kind=theorem	cone=Poincare.D13.CriticalPathReview.NegControl.negControlBadAxiom
L5VERDICT	FAIL
/data3/guoshaoyang/workdir/lean_poincare/longrun/worktrees/leaders/L5-topology-audit/audit-evidence/negcontrol/L5AuditNegativeRelease.lean:14:0: error: L5Audit: unexpected forbidden kernel dependency detected (see L5PKGFAIL lines)
