dsh: reasoning:
The gate.json says `"ok": true` and all files exit 0. Interesting. But the task says the compile gate failed (attempt 1). Maybe the gate.json is stale or there's a newer gate file. Let me check the state dir and logs.
dsh: reasoning:
The gate.json says ok:true and all exit 0. But the task states the compile gate failed (attempt 1). Let me check `last_run.json`, `latest.log`, `heartbeat.json`, and the result card. Maybe the gate that ran includes files that are missing from gate.json (e.g., D9 files added after). Let me look at the results dir and the latest logs.
dsh: reasoning:
The gate.json reports ok:true, all exit 0. But last_run.json says exit code 1. Perhaps the gate.json was written after a re-check? Actually gate.json's `checked_at` is 2026-09-10T09:54:54 and ok true. The result card was last updated 09:51. Then last_run at 09:57 exit 1. Hmm.

Maybe the compile gate includes more than the files listed in gate.json, e.g., files added after the gate ran (like Probe files etc. all listed). Or maybe the failing check is the "forbidden scan" — no, that passed.

Wait — perhaps the gate that failed is a *fresh* run of the gate that checks files not in gate.json, or the gate run at 09:57 re-ran and something failed. Let me check logs/gate_replicate.json which is 09:49 and gate_sim.json at 09:31. The last_run exit 1 at 09:57:45. Are there logs after 09:54? Let's look at the newest files in the worktree logs.

Actually let me just re-run the compile gate myself for all .lean files and see which fail. But full scan of ~70 files with lake env lean would be slow. Let me first check what the "gate" script might be: maybe in the longrun dir elsewhere, e.g. /data/home/guoshaoyang/workdir/lean_poincare/longrun/tools. Let me look around the parent dir.

Also the result card in longrun/results/D9-parabolic-maximum-principle.md should be updated.

But wait: the earlier session (previous attempt) evidently already fixed things up to 09:54 (gate.json ok:true). Then last_run exit 1 at 09:57. Possibly the failure is at the card-update / forbidden-scan stage. Let me check for a forbidden scan result and any newer log.

Let's check the state dir files listing again: latest.log only has my current reasoning (this session's log). last_run.json exit 1 at 09:57:45. Hmm, that was the previous run ending. So maybe the previous run ended with exit code 1 due to the harness, not due to compile.

Let me check the forbidden scan jsons and gate_replicate. Also check for files modified recently in worktree (newest .lean files).
dsh: reasoning:
Everything compiles at 09:49 replicate with OK. So why did the harness's run end with exit 1 at 09:57? Maybe the harness's gate script had a timeout, or maybe it checks something beyond compile — like the result card presence/last line. Or maybe the run was killed for taking too long (8950 jobs rebuild). But the reason given to me: "The compile gate failed (attempt 1)".

Wait — maybe the harness gate ran a *different* set of commands: e.g. `lake build` in the worktree and then per-file `lake env lean` from the *worktree root* (not release/). gate_replicate.py shows the command. Let me read it. Also maybe the gate ran at 09:54 and gate.json is that gate → ok:true. But last_run at 09:57 exit 1 could be the wrapper: perhaps the model ended without TASK_DONE. Hmm.

Actually, since gate.json says ok:true and all files 0, maybe the real "failure" is a different thing: the result card must be updated and end with TASK_DONE. The handoff says compile gate failed attempt 1. Let me check gate_replicate.py to understand the gate's definition, and check /data/home/guoshaoyang/workdir/lean_poincare/longrun for the orchestrator scripts that produce gate.json.
dsh: reasoning:
The gate replicate script at 09:49 gave OK. Let me check the dispatch runner in longrun/bin or elsewhere that produces gate.json; it may be that gate.json at 09:54 was written by the real gate with ok:true. But last_run.json says exit_code 1 at 09:57:45 — that may be the model's session ending without TASK_DONE, or the *worker* process failing for another reason (e.g., timed out). But the prompt to me says compile gate failed attempt 1.

Hmm, wait. Maybe there's a subtlety: the real gate may have run *before* the previous session's fixes and produced a failing gate.json; then the previous session fixed it and its own replicate passed, but the real gate was re-run at 09:54... and shows ok:true. Yet the run ended exit 1 at 09:57.

Let me check the logs dir in longrun (orchestrator logs) for D9 to see what happened.
dsh: reasoning:
Let me look at dispatch360.py to see how the gate and repair work, and dispatch.log to see what happened.
dsh: reasoning:
The dispatcher promoted D9-parabolic-maximum-principle as verified at 09:54:54. So actually the task is already verified. But I'm being launched now (10:00) with a repair prompt? Wait — the queue.json says D9-parabolic-maximum-principle status running, repair_count 1. But dispatch.log says PROMOTE ... verified at 09:54:54. Wait, queue.json shows "status": "running" for D9-parabolic-maximum-principle with repair_count 1. Hmm, the queue.json was last modified 09:40. Actually dispatch log PROMOTE says verified; queue save should have happened. Let me check queue.json again — it shows the D9 task still "running". Hmm, odd. Maybe queue.json shown above is the one at the top of the file... no, it lists all tasks with status running.

Wait, actually maybe the PROMOTE at 09:54:54 happened and then something reset the queue? The queue.json mtime is 09:40. That's weird: dispatch saves queue on change; promotions at 09:54 and 09:59 should have rewritten queue.json. Unless... the dispatch360.py process that's running right now is a different one writing to a different queue? No.

Hmm, but the current session was launched at ~09:59-10:00 with the REPAIR prompt (the prompt.md matches write_repair_prompt, "attempt 1"). Since DONE file exists and gate.json ok, the dispatcher would promote rather than launch. But the queue shows "running" and dispatch log shows PROMOTE... Contradiction suggests queue.json we read is stale from a cached view? Let me re-read queue.json now.

Actually, wait. The `cat queue.json` output above shows mtime 09:40 but PROMOTE at 09:54 requires save_queue → queue.json mtime 09:54. Unless save failed? Or unless the read was from a different path... The `ls -la` showed queue.json 09:40 size 1162.

Let me just check now with fresh stat and cat. Also there are multiple D9 tasks. Maybe dispatch.log I read is from a *different* copy of the repo (the root /data/home/guoshaoyang/workdir/lean_poincare/longrun) and this worktree belongs to that. Yes the dispatcher is at that root.

Whatever the orchestrator state, my job: ensure every .lean file in this worktree compiles with `lake env lean` exit 0, no forbidden constructs, update result card ending with TASK_DONE, and reply with TASK_DONE and card path.

But wait: maybe I was launched by a different worker_loop instance from a snapshot of the queue. The prompt file `prompts/REPAIR_D9-parabolic-maximum-principle.md` was created at 09:20. The previous repair session presumably was launched at 09:20 and finished at 09:57 (last_run exit_code 1). The gate was promoted at 09:54:54. But then why am I now running? Perhaps the previous session exit 1 was because it hit some limit and the worker loop restarted it with the same prompt (worker_loop.sh may retry). Let me read worker_loop.sh and relay_push.log.

Also importantly: DONE file at 09:13 and PUSHED at 09:17. So a previous run already had DONE. The dispatcher at 09:20 saw DONE + card status and gate failing → repair attempt 1. The repair session fixed everything, gate at 09:54 → verified. Then the worker apparently restarted (maybe the session ended with exit 1 at 09:57 because of harness issues), and I'm a fresh launch with the same repair prompt.

Hmm, actually is_running checks heartbeat mtime < 45min, and QUEUED tasks are launched. Since queue.json says running, no relaunch. So who launched me? Probably the same worker_loop.sh loop: let me read it.
dsh: reasoning:
So the worker_loop restarted the dsh session because the previous run exited non-zero (exit_code 1) at 09:57. That's why I'm running. The gate itself passed and the task was promoted to verified at 09:54:54.

But wait: the gate.json has no "worktree" key while the replicate has. Fine — dispatcher's compile_gate writes {"ok","files","checked_at"} — matches gate.json. So gate.json is genuine and ok.

So the compile gate actually passed. The repair prompt I got is because worker_loop re-ran the same prompt after exit 1. Hmm, but the prompt I received is the repair prompt from state/prompt.md (copied at launch... actually worker_loop copies prompt to state/prompt.md then invokes dsh with `$(cat PROMPT)`; the state/prompt.md is REPAIR prompt).

So my job now: verify everything still compiles (nothing changed since gate), ensure forbidden scan clean (verified), update the result card and end with TASK_DONE.

But there's a nuance: the dispatcher launched the previous repair at 09:20, and the "first" gate failure had a gate.json which was deleted (`os.remove(gpath)` when queuing repair). The new gate at 09:54 is ok.

Now: exit code 1 of my dsh run at the end determines whether the worker loop considers the task finished. The `dsh_fixed.sh --profile headless "$(cat PROMPT)"` returns rc; if rc != 0, it retries. So I should end with TASK_DONE and presumably the harness returns 0. But the previous session also probably ended with TASK_DONE and still exit 1... hard to say. Maybe the process was killed, or maybe the harness returned non-zero due to something else.

Anyway, my task: ensure all .lean files compile, update result card, end with TASK_DONE.

Let me be careful: are there any .lean files in the worktree not covered by gate.json? gate has 68 files; replicate has 68 lines? Let's count. The dispatcher walks the whole worktree excluding .lake/.git/.dshpkg. Note: the worktree has `release/.lake` — excluded by name ".lake". Good. Any .lean under input/ or longrun? gate lists 68 files. Let me count current .lean files.

Also verify the "authored files" contain no forbidden constructs across the whole worktree. The forbidden scan only scanned 4 files (Poincare/D9/ParabolicMaximumPrinciple). The task says no `sorry`, `axiom`, etc. There are pre-existing files (from D5/D6) that may contain `axiom` (e.g., Poincare/Longrun/Surgery/Axioms.lean!). But those are not authored by me in this task. The instruction says fix ONLY authored files. The forbidden scan for the D9 task scoped to the D9 directory. Good.

Since gate.json says ok and the previous repair session presumably did the work, maybe there's nothing to fix. But I must double check: maybe there are .lean files that were created after 09:54 gate run? Nothing newer than 09:09 among .lean files. So the gate result is current.

However, I need to be diligent: the claim "compile gate failed (attempt 1)" — but the current gate.json is ok. Perhaps the harness that invoked me is from a *different* state, or perhaps the gate.json is the stale artifact from a successful repair attempt and the actual failure is elsewhere. But per dispatch.log, the task got promoted verified. So we're done compile-wise.

Wait, but is there another interpretation: the "compile gate failed (attempt 1)" could refer to the state where a *newer* gate run (maybe by a different verification stage, e.g., "D9 adversarial audit" or a final release gate) failed. But no: the prompt is the repair prompt generated by dispatch360 at 09:20.

Let me now look at the result card and D9 directory to review content quality, and confirm all files compile. Let me also check the queue: D9 status "running" in queue.json, but dispatch log says PROMOTE verified. Strange — perhaps save_queue wrote it but the file we see was... mtime 09:40 = when D9-tensor repair attempt 2 was launched. But PROMOTE at 09:54 should rewrite with verified. Unless the dispatcher crashed after log? save_queue is called after the loop over tasks. Actually the dispatcher iterates: for each task with DONE and running/queued, checks card_status. For D9-parabolic at 09:54: st == done → compile gate → promote. Then after loop, `if changed: save_queue(q)`. Should have saved. But queue.json mtime 09:40...

Hmm, unless there are TWO dispatcher processes and the one that promoted used a different QUEUE path. No: ROOT derived from __file__ → /data/home/.../longrun. Same.

Wait, maybe the queue.json we see is being overwritten by another process, e.g., relay_push.sh which might "MARK_FAIL" and set statuses. relay_push.sh pushes worktree to remote; on mark_fail it might modify queue. Its log shows PUSH MARK_FAIL entries at 09:37:59 for D10-jacobi etc. Maybe it reset statuses. Let me read relay_push.sh. Hmm, but the queue's mtime 09:40 aligns with the "REPAIR D9-tensor attempt 2 queued" at 09:40:09, which rewrote queue with all tasks running. Then PROMOTE at 09:54:54 and 09:59:25 should have rewritten. Unless a dispatcher exception occurred... log shows no error.

Actually! Look more carefully: dispatch.log timestamps: "2026-09-10T09:54:54+0800 PROMOTE D9-parabolic-maximum-principle verified (gate 68 files)". That log line is written inside the `if g["ok"]` branch, and save_queue happens at end of `try`. If an exception occurred in the `for t in q["tasks"]` second loop or later, it'd log DISPATCH_ERROR. None. Then save_queue... unless `changed` was False? No, set True.

Hmm, maybe the file was restored from a snapshot by some external process (the "relay push" pulls?). Whatever. This doesn't matter much: gate.json is ok:true.

Hold on. Maybe it does matter: the dsh session I'm in was launched because queue said D9 running and heartbeat stale? is_running checks heartbeat mtime < 45min. The prior session ended at 09:57:45, then worker_loop slept 120 and relaunched at ~09:59:45. That relaunch is me. Fine. The worker loop will keep retrying until `dsh_fixed.sh` exits 0. So if the underlying dsh system exits 1 regardless (e.g., due to API errors at the end), we'd loop forever. Not my problem beyond doing the task.

Plan:
1. Read the D9 authored files and the result card.
2. Re-run the per-file gate (or at least a representative check) to confirm exit 0 — full run takes ~5 min per replicate (68 files × ~5s = 340s, though many cached at 2-3s). Since artifacts (.olean) exist in release/.lake, `lake env lean` still re-elaborates each file (lean always elaborates; ~2-7s each). It's ~4-5 minutes. I can run the full gate_replicate.py in background.
3. Check forbidden constructs.
4. Update result card to end with TASK_DONE (it probably already does, given promote).
5. Reply concise summary ending with TASK_DONE and card path.

Let me first read the result card and D9 files.
dsh: reasoning:
The result card already documents the repair and ends with TASK_DONE. The gate replicate script is running in background (job? It was started with nohup & inside bash, so not a tracked background job — I'll poll the file).

Wait, I used `nohup ... &` inside a bash call, so it detaches; the bash call returned. That's fine but I should track it. I don't have a job id. I'll poll logs/gate_replicate2.stdout.

Now, while the gate runs (~5 min), let me:
1. Read the four D9 files to check content honesty.
2. Check the worktree-root lakefile.toml and .lake symlink.
3. Verify the forbidden scan.

Also consider: the prompt says the compile gate failed at attempt 1 — but actual gate.json is ok. Maybe I should be cautious: maybe the *harness* will run a fresh gate that differs in env (e.g., ELAN_HOME) and something will fail. The dispatcher's gate uses ENV with ELAN_HOME and NODE_OPTIONS; gate_replicate.py replicates exactly. Good.

One potential issue: `lake env lean` from worktree root requires `lakefile.toml` at root and `.lake` symlink. These exist. But do they reference mathlib properly? The replicate passed at 09:49, so yes.

Let me read the D9 sources for honesty checks now.
dsh: reasoning:
The four D9 files look honest: `#print axioms` commands are not the `axiom` keyword (the forbidden scan treats `axiom` keyword; the scan result was 0 hard matches, good — presumably the scanner is regex aware of `#print axioms`).

Wait, the forbidden scan says hard_match_count 0 scanning 4 files. Good, the scanner must exclude `#print axioms`.

Now let me read the other three D9 files to check for honesty and quality. Also check the git status of the worktree (if it's a git repo). The instruction "Fix ONLY the authored files in your worktree" — I should not modify release files unnecessarily.

Given the gate passed at 09:54 and no .lean file changed since 09:09, there's likely nothing to fix. But I need to be sure the harness's gate run (the one the message references) failed. It says "compile gate failed (attempt 1)", and the gate.json I read is from... hmm wait. Maybe the gate.json currently on disk was written by the *successful* promotion at 09:54, and the repair prompt was generated at 09:20 from an earlier failed gate. My session launched at ~09:59 with the same prompt (worker_loop retry). So the repair already happened; nothing to do except confirm and mark TASK_DONE.

But careful: is it possible that the worktree `.lake` symlink or root lakefile was modified in a way that breaks `lake build`? The gate only runs `lake env lean`. `lake build` also might be part of some future check, but the task says every `.lean` file compiles with `lake env lean`. Let me also run `lake build` at the release dir to be safe? That could take long but it's prebuilt (8950 jobs done successfully at 09:13). Probably fine.

Let me read StateOnly.lean and DiscreteComparison.lean and AxiomAudit.lean for correctness. Actually the biggest risk: content honesty. Let me review.
dsh: reasoning:
StateOnly.lean looks honest. The "HamiltonTensorMaximumPrincipleStatement" hypothesis is convoluted: the HasDerivAt hypothesis has `HasDerivAt ... (...) t` with the derivative value depending on t but the function `fun s => tensorQuad (S s x) v` — this is fine as a statement.

Let me check DiscreteComparison.lean (the checked toy theorem) and AxiomAudit.lean. And check the gate progress.
dsh: reasoning:
This is a solid checked toy theorem. Let me check `grid_le_of_constant_barrier`: it requires `hstab : 2α + β - γ ≤ 1` and `hγ : γ ≤ 0`, `hM : 0 ≤ M`. The supersolution check: fdStep of constant M at interior i: α*M + (1-2α-β+γ)*M + (α+β)*M = M(1+γ) ≤ M since γ ≤ 0 and M ≥ 0. The proof uses `nlinarith [mul_nonpos_of_nonpos_of_nonneg hγ hM]`. OK.

Now check AxiomAudit.lean.

Then check the gate progress.
dsh: reasoning:
Gate is progressing (28/68 done, all 0). It will take a few more minutes.

Meanwhile, let me consider whether anything actually needs fixing. The result card says repair complete. The gate.json is ok. So the honest answer: nothing to fix; but I should make sure the artifacts referenced in the card exist and are consistent, and maybe re-verify the forbidden scan.

Let me run the forbidden scan with the input tool: `python3 ../input/d5-tools/scan_forbidden.py Poincare/D9/ParabolicMaximumPrinciple`. Check input/d5-tools contents.

Also, one concern: the worktree root now has a `lakefile.toml` and `.lake` symlink that were authored as part of the repair (the card says the root cause was no worktree-root Lake workspace). Are those "authored files"? They're in the worktree and are what makes the gate pass. They should stay.

But there's a subtle risk: `lake env lean` from the worktree root uses `release/.lake/build/lib` — does the LEAN_PATH include the release oleans so that cross-file imports resolve? Yes, since the replicate passes.

Another risk: `lake env lean <file>` when the file is inside `release/` and the package root is the worktree root... fine.

Now let me also double-check there are no other .lean files outside gate.json (68 listed). Count them.

Also let me verify the forbidden scan explicitly.

Then, since the card already exists and ends with TASK_DONE, maybe I should refresh the card's "Repair status" to note a second verification pass (attempt 2 of the worker loop) with a fresh timestamp, so the card reflects this run. But careful: the dispatcher's card_status looks for "TASK_DONE" in the last 400 chars. Keep it at the end.

Actually, is updating the card needed? The task says "Update the result card and end it with TASK_DONE." The card already ends with TASK_DONE. To be safe and honest, I'll append a short verification note for this second pass (with fresh gate results) and keep TASK_DONE as the last line. But I should wait for the gate to finish first.

Also I should double check the JSON card version longrun/results/D9-parabolic-maximum-principle.json for consistency. Let me look at it briefly and its tail.

Let me run the forbidden scan now.
dsh: reasoning:
Wait: `find . -name "*.lean" -not -path "./.lake/*" | wc -l` returned 9793! That's because the worktree `.lake` symlink points to release/.lake and find follows into it? `-not -path "./.lake/*"` — find doesn't follow symlinks by default, and `.lake` itself is a symlink; `find . -name "*.lean"` won't traverse symlinked dirs unless -L. Hmm, 9793 suggests it traversed into release/.lake/packages/mathlib (which is under ./release/.lake, not ./.lake). Right — mathlib sources are in release/.lake/packages/mathlib. The gate script excludes any dir named ".lake" at any depth. So the gate covers 68 authored files, not mathlib.

So the count isn't meaningful. Fine.

The prior gate replicate (09:49) had 68 files ok. The current one is running. Let me wait for it.

Meanwhile, is there anything else the harness might check? "Fix ONLY the authored files in your worktree so that every `.lean` file compiles with `lake env lean` (exit 0)." The gate excludes .lake dirs, so mathlib files are excluded. Good.

Potential issue: the previous run exit code 1 at 09:57 may have been because the dsh process had trouble at exit. Perhaps the previous session ended without a final message? Anyway.

Now, one more consideration: the worker_loop will rerun the prompt until dsh_fixed.sh exits 0. If everything already passes, I just need to produce the final answer. But there's a risk the same exit-1 problem recurs. Not much I can do.

Let me wait for the gate to finish, then decide whether any file needs touching. If all 68 pass, I'll update the card with a fresh verification line (dated) and keep TASK_DONE last.

Let me also check the JSON result card for its status fields, to keep it consistent.
dsh: reasoning:
The JSON card is complete and consistent. Now let me check the gate progress. It's been ~3 min. Let me check again and wait.

While waiting, consider whether the D9 files have any issue. One thing I want to verify: `#print axioms` output in AxiomAudit or Interface doesn't count as forbidden token — scanner handles it.

Another potential concern: the `verification` list len 7 in JSON card. Fine.

Let me now wait for the gate. I'll poll with a sleep in a background-free manner. Actually I can just run a wait loop in bash with a timeout (foreground, e.g., up to 300s), then tail.

Actually, better: use a bash command that waits for the process to finish and prints tail. The process PID was 265414 but that was the backgrounded subshell's pid (python). Let me check `pgrep -f gate_replicate.py`. I'll write a wait loop.
dsh: reasoning:
Hmm, the wait timed out at 600s (the cap), and pgrep maybe kept matching itself? Actually `pgrep -f "gate_replicate.py"` would match the bash command line itself (which contains the string "gate_replicate.py")! So the loop never broke. Oops. The command got killed by SIGTERM after the cap.

Let me check current state of gate_replicate2.stdout now.
dsh: reasoning:
The gate replicate finished: 68 files + "OK" line = 69 lines. All exit 0. The Python process finished before the timeout; my loop was just matching itself.

Let me verify the JSON output and confirm 68/68 exit 0 and ok true.
dsh: reasoning:
All 68 files compile, matching the dispatcher's gate exactly. The forbidden scan is clean. The result card already documents the repair and ends with TASK_DONE.

Now: the task says "Update the result card and end it with TASK_DONE." I'll append a short verification-pass note to the markdown card reflecting this second confirmation (timestamp, gate_replicate2, scan), keeping TASK_DONE as the final line. I should also make sure the card's tail stays within 400 chars of "TASK_DONE" — the dispatcher checks the last 400 chars. Appending a paragraph then TASK_DONE at the end is fine.

Should I update the JSON card too? The JSON has `generated_at` and `gate_repair` fields. I can add a `reverify` entry with the new gate timestamp and counts for consistency. That's optional but good practice. Let me do both minimal updates:

1. In the .md card §9, add a line about the second verification pass (fresh full gate at 10:06, 68/68, scan re-run clean).
2. In the .json card, add `"reverify": {...}` key (or update gate_repair.at?). Adding a key is safer than rewriting.

Let me read the exact tail region of the .md card to edit precisely (I already saw the tail; I need the exact text). Let me read the last ~30 lines with line numbers.

Also note file permissions: cards are `-rw-------` owned by guoshaoyang; I'm running as that user presumably. Let me check.

Then finish with the final answer: last line "TASK_DONE" plus card path. The instruction from the dispatcher prompt: "Last line: TASK_DONE or TASK_BLOCKED with the card path." So my final message must end with a line like `TASK_DONE /data/.../longrun/results/D9-parabolic-maximum-principle.md`.

Let me now read the tail of the md card.
dsh: reasoning:
Now update the JSON card with a `reverify` field. Let me read the JSON around top-level keys to insert cleanly. I'll use python to add the key and preserve formatting (json.dump indent=2). But careful: rewriting the whole JSON with python changes formatting (it was likely produced with indent 2). Let me check the current formatting — cat the head.
dsh: reasoning:
I'll add a `reverify` object after `gate_repair` via a targeted python edit that preserves the rest (I can load and re-dump with indent=2; the file appears to be exactly `json.dump(..., indent=2)` style — note the tail has no trailing newline? tail showed `}`. Let me check if there's a trailing newline. I'll write with indent=2 and a trailing newline, or match original. Simpler: use python json load/dump with indent=2 and add "\n". Risk: reformatting changes nothing semantically.

Actually, safer approach: do a literal string edit via the edit tool. The `gate_repair` block ends with:
```
    "d9_math_files_changed": false
  },
```
I can insert a new key after `},`. Let me do that with edit (I've read the file portion via bash head/tail — but the fs-observation policy requires reading with the read tool? It said edit requires reading the file first. I read via bash head, not the read tool. The earlier error was for the .md file because I hadn't used the read tool. To be safe, use the read tool on the JSON (it's 11050 bytes, ~400 lines; read limit 2000 fine). Let me read it and then edit.

Actually since JSON is one logical structure, I'll just use python to load/dump — that's simpler and safe, and the fs policy only restricts the edit tool, not bash writes. But "prefer edit for targeted changes". The policy for edit requires read first. Let me read the file with the read tool (offset around gate_repair) and then do the literal edit.

Given time, let me just do python: it preserves content exactly (semantically), and I'll match indent=2. Check trailing newline first.
dsh: reasoning:
Now verify the JSON is valid, the md card ends with TASK_DONE, and no .lean files were changed. Also verify that the .md card's last 400 chars contain TASK_DONE (dispatcher check).

Also double-check that nothing in the worktree got modified by my actions other than the two cards + log files: the gate_replicate.py script overwrote logs/gate_replicate.json (that's a log file, fine).

Note: the gate_replicate.py writes gate_replicate.json — mtime updated. Fine.

Let me run final validations.
dsh: reasoning:
Everything is verified:
- All 68 .lean files in the worktree compile with `lake env lean` exit 0 (fresh full run at 10:06, identical to dispatcher gate.json).
- No forbidden constructs in the four authored D9 files (4 scanned, 0 hard/soft matches).
- No .lean file modified since 09:09 (the math content is untouched by this repair).
- Result card (md + json) updated and md ends with TASK_DONE.

The gate.json already says ok:true and the dispatcher promoted the task. So I can end with TASK_DONE.

One more sanity thought: the compile gate "failed (attempt 1)" per the prompt — the root cause was no worktree-root Lake workspace, already fixed by the previous repair pass (root lakefile.toml + .lake symlink), and my independent re-run confirms 68/68 exit 0 both with the dispatcher's exact command and the replication script. Nothing further to fix.

Final answer should briefly summarize and end with last line: TASK_DONE <card path>.

The instruction: "Last line: TASK_DONE or TASK_BLOCKED with the card path." So last line: `TASK_DONE /data/home/guoshaoyang/workdir/lean_poincare/longrun/worktrees/D9-parabolic-maximum-principle/longrun/results/D9-parabolic-maximum-principle.md`.

Let me write a concise summary.
Verification complete. Summary of this pass:

**Gate status:** The gate failure referenced in the repair prompt (attempt 1) was already root-caused and fixed: the worktree root had no Lake workspace, so `lake env lean <file>` run from the worktree root could not resolve mathlib/release oleans. The fix is the root `lakefile.toml` (library `Poincare`, `srcDir = "release"`, mathlib pinned to the same revision) plus `.lake -> release/.lake`, so the gate reuses prebuilt oleans. No mathematical `.lean` file was touched (newest D9 source: 09:09).

**Independent re-verification (this pass, 2026-09-10T10:06:02+0800):**
- Full dispatch-equivalent gate (`logs/gate_replicate.py`: `lake env lean` per file, cwd = worktree root, excluding `.lake`): **68/68 files exit 0, `ok: true`**, exit codes identical to the dispatcher's `gate.json` (which reads `ok: true`, 68 files, checked 09:54:54).
- Forbidden-token scan over `release/Poincare/D9/ParabolicMaximumPrinciple` (`input/d5-tools/scan_forbidden.py`): **4 files scanned, 0 hard matches, 0 soft matches, exit 0**; no `sorry`/`axiom`/`unsafe`/`native_decide`/`proof_wanted`/`sorryAx`.
- Content honesty confirmed by inspection: the three continuous maximum principles (weak, strong, Hamilton tensor with PC condition) are explicit hypothesis-complete `def … : Prop` statements, while the kept checked toy theorem is the fully proved `comparison_of_monotoneScheme` / `grid_comparison` discrete comparison layer plus non-vacuity witnesses (`comparisonPrincipleStatement_zeroHeatTypeData`, `gridSolution_zero`, `zero_inPositiveCone`, `diagonalPositiveConeCondition_hamilton`).

**Card updates:** `longrun/results/D9-parabolic-maximum-principle.md` (new §9 re-verification entry, still ends with `TASK_DONE` within the last 400 chars) and `longrun/results/D9-parabolic-maximum-principle.json` (new `reverify` block recording the 68/68 gate, clean scan, and unchanged sources).

TASK_DONE /data/home/guoshaoyang/workdir/lean_poincare/longrun/worktrees/D9-parabolic-maximum-principle/longrun/results/D9-parabolic-maximum-principle.md
