### kind audit card=D12-spectral-sobolev at 2026-09-11T13:49:00+08:00
### sha256: 8cc211f7fda141f8325d078b54a3702d86e826f00d55335a08e8ef3ffc50faa3
A3KIND	Poincare.D12.SpectralSobolev.heatWeight	def	DataResult
A3KIND	Poincare.D12.SpectralSobolev.heatWeight_zero	theorem	PropResult
A3KIND	Poincare.D12.SpectralSobolev.heatWeight_pos	theorem	PropResult
A3KIND	Poincare.D12.SpectralSobolev.heatWeight_nonneg	theorem	PropResult
A3KIND	Poincare.D12.SpectralSobolev.heatWeight_le_one	theorem	PropResult
A3KIND	Poincare.D12.SpectralSobolev.heatWeight_abs_le_one	theorem	PropResult
A3KIND	Poincare.D12.SpectralSobolev.heatWeight_tendsto_one	theorem	PropResult
A3KIND	Poincare.D12.SpectralSobolev.heatCoeffs	def	DataResult
A3KIND	Poincare.D12.SpectralSobolev.heatCoeffs_apply	theorem	PropResult
A3KIND	Poincare.D12.SpectralSobolev.summable_sq_heatCoeff	theorem	PropResult
A3KIND	Poincare.D12.SpectralSobolev.heatCoeffsL2	def	DataResult
A3KIND	Poincare.D12.SpectralSobolev.heatEvolve	def	DataResult
A3KIND	Poincare.D12.SpectralSobolev.heatSeries_hasSum	theorem	PropResult
A3KIND	Poincare.D12.SpectralSobolev.fourierCoeff_heatEvolve	theorem	PropResult
A3KIND	Poincare.D12.SpectralSobolev.heatEvolve_norm_le	theorem	PropResult
A3KIND	Poincare.D12.SpectralSobolev.heatEvolve_tendsto_self	theorem	PropResult
A3KIND	Poincare.D12.SpectralSobolev.heatEvolve_fourierLp	theorem	PropResult
A3KIND	Poincare.D12.SpectralSobolev.norm_heatEvolve_fourierLp	theorem	PropResult
A3KIND	Poincare.D12.SpectralSobolev.sq_eigenvalue_pos	theorem	PropResult
A3KIND	Poincare.D12.SpectralSobolev.heatWeight_lt_one_of_pos	theorem	PropResult
A3KIND	Poincare.D12.SpectralSobolev.heatEvolve_zero	theorem	PropResult
A3KIND	Poincare.D12.SpectralSobolev.heatEvolve_add	theorem	PropResult
A3KIND	Poincare.D12.SpectralSobolev.fourierCoeffOn_deriv_periodic	theorem	PropResult
A3KIND	Poincare.D12.SpectralSobolev.sq_norm_eigenvalue	theorem	PropResult
A3KIND	Poincare.D12.SpectralSobolev.sq_norm_fourierCoeffOn_deriv_periodic	theorem	PropResult
A3KIND	Poincare.D12.SpectralSobolev.fourierCoeffOn_zero_eq_mean	theorem	PropResult
A3KIND	Poincare.D12.SpectralSobolev.poincare_wirtinger	theorem	PropResult
A3KIND	Poincare.D12.SpectralSobolev.norm_sin_le_one	theorem	PropResult
A3KIND	Poincare.D12.SpectralSobolev.norm_cos_le_one	theorem	PropResult
A3KIND	Poincare.D12.SpectralSobolev.sine_wave_hypotheses	theorem	PropResult
A3KIND	Poincare.D12.SpectralSobolev.integral_sin_sq_period	theorem	PropResult
A3KIND	Poincare.D12.SpectralSobolev.integral_cos_sq_period	theorem	PropResult
A3KIND	Poincare.D12.SpectralSobolev.poincare_wirtinger_sine	theorem	PropResult
A3KIND	Poincare.D12.SpectralSobolev.poincare_wirtinger_sine_saturates	theorem	PropResult
A3KIND	Poincare.D12.SpectralSobolev.poincare_constant_sharp	theorem	PropResult
A3KIND	Poincare.D12.SpectralSobolev.heat_evolution_first_mode_nontrivial	theorem	PropResult
A3KIND-SUMMARY	[(theorem:PropResult, 32), (def:DataResult, 4)]
