### kind audit card=D12-connection-curvature at 2026-09-11T13:48:53+08:00
### sha256: 550a47ddf78044a61dcc3bf8471a72c3c416b2b3ceb62ca4e1d9f65c9be37c48
A3KIND	Poincare.D12.ConnectionCurvature.ChartMetricCoefficients	inductive	TypeFormer
A3KIND	Poincare.D12.ConnectionCurvature.ChartMetricCoefficients.christoffel	def	DataResult
A3KIND	Poincare.D12.ConnectionCurvature.ChartMetricCoefficients.christoffelLower	def	DataResult
A3KIND	Poincare.D12.ConnectionCurvature.ChartMetricCoefficients.christoffel_raised_contraction	theorem	PropResult
A3KIND	Poincare.D12.ConnectionCurvature.ChartMetricCoefficients.christoffel_raised_contraction_first	theorem	PropResult
A3KIND	Poincare.D12.ConnectionCurvature.ChartMetricCoefficients.christoffel_symm	theorem	PropResult
A3KIND	Poincare.D12.ConnectionCurvature.ChartMetricCoefficients.gram_christoffel_contraction	theorem	PropResult
A3KIND	Poincare.D12.ConnectionCurvature.ChartMetricCoefficients.gram_mul_gInv_delta	theorem	PropResult
A3KIND	Poincare.D12.ConnectionCurvature.ChartMetricCoefficients.gram_mul_gInv_delta_first	theorem	PropResult
A3KIND	Poincare.D12.ConnectionCurvature.ChartMetricCoefficients.metricDerivative_christoffel	theorem	PropResult
A3KIND	Poincare.D12.ConnectionCurvature.ChartMetricCoefficients.metricDerivative_christoffel'	theorem	PropResult
A3KIND	Poincare.D12.ConnectionCurvature.chartAbstractConnection	def	DataResult
A3KIND	Poincare.D12.ConnectionCurvature.chartCurvatureOperator	def	DataResult
A3KIND	Poincare.D12.ConnectionCurvature.chartCurvatureOperator_apply	theorem	PropResult
A3KIND	Poincare.D12.ConnectionCurvature.chartMetricCompatible_form	theorem	PropResult
A3KIND	Poincare.D12.ConnectionCurvature.chartTorsionFree_form	theorem	PropResult
A3KIND	Poincare.D12.ConnectionCurvature.dFormOf	def	DataResult
A3KIND	Poincare.D12.ConnectionCurvature.formOf	def	DataResult
A3KIND	Poincare.D12.ConnectionCurvature.formOf_apply	theorem	PropResult
A3KIND	Poincare.D12.ConnectionCurvature.form_nabla_eq_sum	theorem	PropResult
A3KIND	Poincare.D12.ConnectionCurvature.form_nabla_second_eq_sum	theorem	PropResult
A3KIND	Poincare.D12.ConnectionCurvature.nablaOf	def	DataResult
A3KIND	Poincare.D12.ConnectionCurvature.nablaOf_apply	theorem	PropResult
A3KIND	Poincare.D12.ConnectionCurvature.sum_four_reorder	theorem	PropResult
A3KIND	Poincare.D12.ConnectionCurvature.sum_three_reorder	theorem	PropResult
A3KIND	Poincare.D12.ConnectionCurvature.SmoothChartData	inductive	TypeFormer
A3KIND	Poincare.D12.ConnectionCurvature.SmoothChartData.chartCoefficients	def	DataResult
A3KIND	Poincare.D12.ConnectionCurvature.SmoothChartData.christoffelFamily	def	DataResult
A3KIND	Poincare.D12.ConnectionCurvature.SmoothChartData.christoffelFamily_metricDerivative	theorem	PropResult
A3KIND	Poincare.D12.ConnectionCurvature.SmoothChartData.christoffelFamily_smooth	theorem	PropResult
A3KIND	Poincare.D12.ConnectionCurvature.SmoothChartData.christoffelFamily_symm	theorem	PropResult
A3KIND	Poincare.D12.ConnectionCurvature.SmoothChartData.dFamily	def	DataResult
A3KIND	Poincare.D12.ConnectionCurvature.SmoothChartData.dFamily_smooth	theorem	PropResult
A3KIND	Poincare.D12.ConnectionCurvature.SmoothChartData.dFamily_symm	theorem	PropResult
A3KIND	Poincare.D12.ConnectionCurvature.SmoothChartData.formField	def	DataResult
A3KIND	Poincare.D12.ConnectionCurvature.SmoothChartData.gInv_component_smooth	theorem	PropResult
A3KIND	Poincare.D12.ConnectionCurvature.SmoothChartData.g_component_smooth	theorem	PropResult
A3KIND	Poincare.D12.ConnectionCurvature.SmoothChartData.lieBracket	def	DataResult
A3KIND	Poincare.D12.ConnectionCurvature.SmoothChartData.lieBracket_smooth	theorem	PropResult
A3KIND	Poincare.D12.ConnectionCurvature.SmoothChartData.nabla	def	DataResult
A3KIND	Poincare.D12.ConnectionCurvature.SmoothChartData.nabla_apply	theorem	PropResult
A3KIND	Poincare.D12.ConnectionCurvature.SmoothChartData.nabla_const_apply	theorem	PropResult
A3KIND	Poincare.D12.ConnectionCurvature.SmoothChartData.nabla_metricCompatible	theorem	PropResult
A3KIND	Poincare.D12.ConnectionCurvature.SmoothChartData.nabla_smooth	theorem	PropResult
A3KIND	Poincare.D12.ConnectionCurvature.SmoothChartData.nabla_smul	theorem	PropResult
A3KIND	Poincare.D12.ConnectionCurvature.SmoothChartData.nabla_torsionFree	theorem	PropResult
A3KIND	Poincare.D12.ConnectionCurvature.fderiv_apply_eq_sum_single	theorem	PropResult
A3KIND	Poincare.D12.ConnectionCurvature.fderiv_mul_mul_apply	theorem	PropResult
A3KIND	Poincare.D12.ConnectionCurvature.linMap_apply_eq_sum_single	theorem	PropResult
A3KIND	Poincare.D12.ConnectionCurvature.sum_add_split	theorem	PropResult
A3KIND	Poincare.D12.ConnectionCurvature.sum_cycle_first_to_last	theorem	PropResult
A3KIND	Poincare.D12.ConnectionCurvature.sum_three_cycle	theorem	PropResult
A3KIND	Poincare.D12.ConnectionCurvature.ChartModel1D.chart1D	def	DataResult
A3KIND	Poincare.D12.ConnectionCurvature.ChartModel1D.chart1D_christoffel	theorem	PropResult
A3KIND	Poincare.D12.ConnectionCurvature.ChartModel1D.chart1D_christoffel_ne_zero	theorem	PropResult
A3KIND	Poincare.D12.ConnectionCurvature.ChartModel1D.chart1D_curvature_zero	theorem	PropResult
A3KIND	Poincare.D12.ConnectionCurvature.ChartModel1D.chart1D_metricCompatible	theorem	PropResult
A3KIND	Poincare.D12.ConnectionCurvature.ChartPoint	def	TypeFormer
A3KIND	Poincare.D12.ConnectionCurvature.adTranspose	def	DataResult
A3KIND	Poincare.D12.ConnectionCurvature.adTranspose_apply_form	theorem	PropResult
A3KIND	Poincare.D12.ConnectionCurvature.adTranspose_apply_form_swap	theorem	PropResult
A3KIND	Poincare.D12.ConnectionCurvature.bracketInvariant	def	PropFormer
A3KIND	Poincare.D12.ConnectionCurvature.leviCivitaExists	theorem	PropResult
A3KIND	Poincare.D12.ConnectionCurvature.meanLeviCivitaData	def	DataResult
A3KIND	Poincare.D12.ConnectionCurvature.milnorAbstractConnection	def	DataResult
A3KIND	Poincare.D12.ConnectionCurvature.milnorConnection	def	DataResult
A3KIND	Poincare.D12.ConnectionCurvature.milnorConnection_apply	theorem	PropResult
A3KIND	Poincare.D12.ConnectionCurvature.milnorConnection_eq_mean_iff	theorem	PropResult
A3KIND	Poincare.D12.ConnectionCurvature.milnorConnection_isLeviCivita	theorem	PropResult
A3KIND	Poincare.D12.ConnectionCurvature.milnorConnection_metricCompatible	theorem	PropResult
A3KIND	Poincare.D12.ConnectionCurvature.milnorConnection_torsionFree	theorem	PropResult
A3KIND	Poincare.D12.ConnectionCurvature.milnorLeviCivitaData	def	DataResult
A3KIND	Poincare.D12.ConnectionCurvature.curvatureEndo	def	DataResult
A3KIND	Poincare.D12.ConnectionCurvature.curvature_skew_adjoint	theorem	PropResult
A3KIND	Poincare.D12.ConnectionCurvature.form_basis_apply_of_orthonormal	theorem	PropResult
A3KIND	Poincare.D12.ConnectionCurvature.milnor_ricci_symm	theorem	PropResult
A3KIND	Poincare.D12.ConnectionCurvature.ricci_contraction_eq_sum_basis	theorem	PropResult
A3KIND	Poincare.D12.ConnectionCurvature.ricci_symm	theorem	PropResult
A3KIND	Poincare.D12.ConnectionCurvature.scalarCurvature_eq_sum_ricci_basis	theorem	PropResult
A3KIND	Poincare.D12.ConnectionCurvature.trace_skew_adjoint_zero	theorem	PropResult
A3KIND	Poincare.D12.ConnectionCurvature.SmoothChartData	inductive	TypeFormer
A3KIND	Poincare.D12.ConnectionCurvature.SoThreeModel.cross_e0_e1	theorem	PropResult
A3KIND	Poincare.D12.ConnectionCurvature.SoThreeModel.cross_e1_e0	theorem	PropResult
A3KIND	Poincare.D12.ConnectionCurvature.SoThreeModel.cross_e2_e0	theorem	PropResult
A3KIND	Poincare.D12.ConnectionCurvature.SoThreeModel.cross_e2_e1	theorem	PropResult
A3KIND	Poincare.D12.ConnectionCurvature.SoThreeModel.dot3	def	DataResult
A3KIND	Poincare.D12.ConnectionCurvature.SoThreeModel.dot3_apply	theorem	PropResult
A3KIND	Poincare.D12.ConnectionCurvature.SoThreeModel.so3Lie	def	DataResult
A3KIND	Poincare.D12.ConnectionCurvature.SoThreeModel.so3MeanLeviCivita	def	DataResult
A3KIND	Poincare.D12.ConnectionCurvature.SoThreeModel.so3Metric	def	DataResult
A3KIND	Poincare.D12.ConnectionCurvature.SoThreeModel.so3_basis_eq_single	theorem	PropResult
A3KIND	Poincare.D12.ConnectionCurvature.SoThreeModel.so3_bracketInvariant	theorem	PropResult
A3KIND	Poincare.D12.ConnectionCurvature.SoThreeModel.so3_curvature_basis	theorem	PropResult
A3KIND	Poincare.D12.ConnectionCurvature.SoThreeModel.so3_curvature_nonzero	theorem	PropResult
A3KIND	Poincare.D12.ConnectionCurvature.SoThreeModel.so3_milnor_eq_mean	theorem	PropResult
A3KIND	Poincare.D12.ConnectionCurvature.SoThreeModel.so3_ricci_e00	theorem	PropResult
A3KIND	Poincare.D12.ConnectionCurvature.SoThreeModel.so3_ricci_symm	theorem	PropResult
A3KIND	Poincare.D12.ConnectionCurvature.VectorField	def	TypeFormer
A3KIND	Poincare.D12.ConnectionCurvature.christoffel_pointwise_conformal	theorem	PropResult
A3KIND	Poincare.D12.ConnectionCurvature.conformalG	def	DataResult
A3KIND	Poincare.D12.ConnectionCurvature.conformalGInv	def	DataResult
A3KIND	Poincare.D12.ConnectionCurvature.conformalGInv_smooth	theorem	PropResult
A3KIND	Poincare.D12.ConnectionCurvature.conformalG_smooth	theorem	PropResult
A3KIND	Poincare.D12.ConnectionCurvature.conformalGamma	def	DataResult
A3KIND	Poincare.D12.ConnectionCurvature.conformalGamma_101_zero	theorem	PropResult
A3KIND	Poincare.D12.ConnectionCurvature.conformalGamma_origin_zero	theorem	PropResult
A3KIND	Poincare.D12.ConnectionCurvature.conformalPointwise	def	DataResult
A3KIND	Poincare.D12.ConnectionCurvature.conformal_contDiff_proj	theorem	PropResult
A3KIND	Poincare.D12.ConnectionCurvature.conformal_curvature_nonzero	theorem	PropResult
A3KIND	Poincare.D12.ConnectionCurvature.conformal_denom_ne_zero	theorem	PropResult
A3KIND	Poincare.D12.ConnectionCurvature.conformal_denom_pos	theorem	PropResult
A3KIND	Poincare.D12.ConnectionCurvature.conformal_riemann_1212_origin	theorem	PropResult
A3KIND	Poincare.D12.ConnectionCurvature.fderiv_apply_eq_sum_single	theorem	PropResult
A3KIND	Poincare.D12.ConnectionCurvature.fderiv_mul_mul_apply	theorem	PropResult
A3KIND	Poincare.D12.ConnectionCurvature.linMap_apply_eq_sum_single	theorem	PropResult
A3KIND	Poincare.D12.ConnectionCurvature.riemannComp	def	DataResult
A3KIND	Poincare.D12.ConnectionCurvature.sum_add_split	theorem	PropResult
A3KIND	Poincare.D12.ConnectionCurvature.sum_cycle_first_to_last	theorem	PropResult
A3KIND	Poincare.D12.ConnectionCurvature.sum_three_cycle	theorem	PropResult
A3KIND-SUMMARY	[(theorem:PropResult, 84), (def:DataResult, 29), (def:PropFormer, 1), (def:TypeFormer, 2), (inductive:TypeFormer, 3)]
