'Poincare.L4.Compactness.exists_finset_ball_cover_card_le_of_coveringNumber_le' depends on axioms: [propext,
 Classical.choice,
 Quot.sound]
'Poincare.L4.Compactness.exists_set_ball_cover_card_le_of_coveringNumber_le' depends on axioms: [propext,
 Classical.choice,
 Quot.sound]
'Poincare.L4.Compactness.coveringNumber_univ_le_of_uniformDoubling' depends on axioms: [propext,
 Classical.choice,
 Quot.sound]
'Poincare.L4.Compactness.uniformCovers_of_uniformDoubling' depends on axioms: [propext, Classical.choice, Quot.sound]
'Poincare.L4.Compactness.uniformCovers_of_uniformDoubling_familyScale' depends on axioms: [propext,
 Classical.choice,
 Quot.sound]
'Poincare.L4.Compactness.coveringNumber_univ_le_of_ghDist_lt_of_familyDoubling' depends on axioms: [propext,
 Classical.choice,
 Quot.sound]
'Poincare.L4.Compactness.totallyBounded_of_uniformDoubling' depends on axioms: [propext, Classical.choice, Quot.sound]
'Poincare.L4.Compactness.isCompact_of_uniformDoubling' depends on axioms: [propext, Classical.choice, Quot.sound]
'Poincare.L4.Compactness.finiteDiscFamily_hypotheses' depends on axioms: [propext, Classical.choice, Quot.sound]
'Poincare.L4.Compactness.finiteDiscFamily_coveringNumber_quarter' depends on axioms: [propext,
 Classical.choice,
 Quot.sound]
'Poincare.L4.Compactness.not_uniformCovers_allDiscFamily' depends on axioms: [propext, Classical.choice, Quot.sound]
'Poincare.L4.Compactness.not_uniformDoubling_allDiscFamily' depends on axioms: [propext, Classical.choice, Quot.sound]
Poincare.L4.Compactness.exists_finset_ball_cover_card_le_of_coveringNumber_le: axioms [propext,
 Classical.choice,
 Quot.sound]
Poincare.L4.Compactness.exists_set_ball_cover_card_le_of_coveringNumber_le: axioms [propext,
 Classical.choice,
 Quot.sound]
Poincare.L4.Compactness.exists_div_pow_two_le: axioms [propext, Classical.choice, Quot.sound]
Poincare.L4.Compactness.coveringNumber_univ_le_of_uniformDoubling: axioms [propext, Classical.choice, Quot.sound]
Poincare.L4.Compactness.uniformCovers_of_uniformDoubling: axioms [propext, Classical.choice, Quot.sound]
Poincare.L4.Compactness.uniformCovers_of_uniformDoubling_familyScale: axioms [propext, Classical.choice, Quot.sound]
Poincare.L4.Compactness.coveringNumber_univ_le_of_ghDist_lt_of_familyDoubling: axioms [propext,
 Classical.choice,
 Quot.sound]
Poincare.L4.Compactness.totallyBounded_of_uniformDoubling: axioms [propext, Classical.choice, Quot.sound]
Poincare.L4.Compactness.isCompact_of_uniformDoubling: axioms [propext, Classical.choice, Quot.sound]
Poincare.L4.Compactness.Disc: axioms []
Poincare.L4.Compactness.Disc.instMetricSpace: axioms [propext, Classical.choice, Quot.sound]
Poincare.L4.Compactness.Disc.dist_def: axioms [propext, Classical.choice, Quot.sound]
Poincare.L4.Compactness.Disc.dist_eq_zero: axioms [propext, Classical.choice, Quot.sound]
Poincare.L4.Compactness.Disc.dist_eq_one: axioms [propext, Classical.choice, Quot.sound]
Poincare.L4.Compactness.Disc.dist_le_one: axioms [propext, Classical.choice, Quot.sound]
Poincare.L4.Compactness.Disc.closedBall_eq_univ: axioms [propext, Classical.choice, Quot.sound]
Poincare.L4.Compactness.Disc.ball_one_eq_singleton: axioms [propext, Classical.choice, Quot.sound]
Poincare.L4.Compactness.Disc.ball_half_eq_singleton: axioms [propext, Classical.choice, Quot.sound]
Poincare.L4.Compactness.Disc.encard_le_of_univ_subset_ball_half_cover: axioms [propext, Classical.choice, Quot.sound]
Poincare.L4.Compactness.discGH: axioms [propext, Classical.choice, Quot.sound]
Poincare.L4.Compactness.finiteDiscFamily: axioms [propext, Classical.choice, Quot.sound]
Poincare.L4.Compactness.allDiscFamily: axioms [propext, Classical.choice, Quot.sound]
Poincare.L4.Compactness.mem_finiteDiscFamily: axioms [propext, Classical.choice, Quot.sound]
Poincare.L4.Compactness.mem_allDiscFamily: axioms [propext, Classical.choice, Quot.sound]
Poincare.L4.Compactness.finiteDiscFamily_subset_allDiscFamily: axioms [propext, Classical.choice, Quot.sound]
Poincare.L4.Compactness.discGH_injective: axioms [propext, Classical.choice, Quot.sound]
Poincare.L4.Compactness.finiteDiscFamily_finite: axioms [propext, Classical.choice, Quot.sound]
Poincare.L4.Compactness.finiteDiscFamily_nonempty: axioms [propext, Classical.choice, Quot.sound]
Poincare.L4.Compactness.discGH_rep_isometryEquiv: axioms [propext, Classical.choice, Quot.sound]
Poincare.L4.Compactness.encard_univ_rep_discGH: axioms [propext, Classical.choice, Quot.sound]
Poincare.L4.Compactness.cardinal_mk_univ_rep_discGH: axioms [propext, Classical.choice, Quot.sound]
Poincare.L4.Compactness.cardinal_mk_univ_disc: axioms [propext, Classical.choice, Quot.sound]
Poincare.L4.Compactness.coveringNumber_closedBall_discGH_le: axioms [propext, Classical.choice, Quot.sound]
Poincare.L4.Compactness.discGH_scale: axioms [propext, Classical.choice, Quot.sound]
Poincare.L4.Compactness.finiteDiscFamily_doubling: axioms [propext, Classical.choice, Quot.sound]
Poincare.L4.Compactness.finiteDiscFamily_scale: axioms [propext, Classical.choice, Quot.sound]
Poincare.L4.Compactness.finiteDiscFamily_hypotheses: axioms [propext, Classical.choice, Quot.sound]
Poincare.L4.Compactness.finiteDiscFamily_coveringNumber_quarter: axioms [propext, Classical.choice, Quot.sound]
Poincare.L4.Compactness.finiteDiscFamily_uniformCovers_half_explicit: axioms [propext, Classical.choice, Quot.sound]
Poincare.L4.Compactness.finiteDiscFamily_cover_half_card_ge: axioms [propext, Classical.choice, Quot.sound]
Poincare.L4.Compactness.finiteDiscFamily_uniformCovers_half: axioms [propext, Classical.choice, Quot.sound]
Poincare.L4.Compactness.totallyBounded_finiteDiscFamily: axioms [propext, Classical.choice, Quot.sound]
Poincare.L4.Compactness.isCompact_finiteDiscFamily: axioms [propext, Classical.choice, Quot.sound]
Poincare.L4.Compactness.exists_ball_cover_card_le_of_isometryEquiv: axioms [propext, Classical.choice, Quot.sound]
Poincare.L4.Compactness.allDiscFamily_scale: axioms [propext, Classical.choice, Quot.sound]
Poincare.L4.Compactness.not_uniformCovers_allDiscFamily: axioms [propext, Classical.choice, Quot.sound]
Poincare.L4.Compactness.not_uniformDoubling_allDiscFamily: axioms [propext, Classical.choice, Quot.sound]
Poincare.L4.Compactness.coveringNumber_le_of_ghDist_lt: axioms [propext, Classical.choice, Quot.sound]
Poincare.L4.Compactness.coveringNumber_univ_le_of_ghDist_lt_of_doubling: axioms [propext, Classical.choice, Quot.sound]
Poincare.L4.Compactness.coveringNumber_le_of_doubling: axioms [propext, Classical.choice, Quot.sound]
Poincare.L4.Compactness.coveringNumber_le_of_doubling_of_le: axioms [propext, Classical.choice, Quot.sound]
Poincare.L4.Compactness.exists_finset_isCover_card_le: axioms [propext, Classical.choice, Quot.sound]
Poincare.D12.GeometricCompactness.uniformCovers_of_totallyBounded: axioms [propext, Classical.choice, Quot.sound]
Poincare.D12.GeometricCompactness.totallyBounded_iff_uniformCovers: axioms [propext, Classical.choice, Quot.sound]
Poincare.D12.GeometricCompactness.isCompact_of_uniformCovers: axioms [propext, Classical.choice, Quot.sound]
L4FamilyCoversAxiomAudit: declarations audited: 55
L4FamilyCoversAxiomAudit: PASS — every cone is contained in propext, Classical.choice, Quot.sound
