/data3/guoshaoyang/workdir/lean_poincare/longrun/worktrees/leaders/L4-geometric-critical-path/scratch/accept-gh-family-covers/ReviewerAxiomAudit.lean:75:21: error(lean.synthInstanceFailed): failed to synthesize instance of type class
  OfNat MessageData 0
numerals are polymorphic in Lean, but the numeral `0` cannot be used in a context where the expected type is
  MessageData
due to the absence of the instance above

Hint: Type class instance resolution failures can be inspected with the `set_option trace.Meta.synthInstance true` command.
/data3/guoshaoyang/workdir/lean_poincare/longrun/worktrees/leaders/L4-geometric-critical-path/scratch/accept-gh-family-covers/ReviewerAxiomAudit.lean:80:15: error(lean.synthInstanceFailed): failed to synthesize instance of type class
  HAdd MessageData ℕ MessageData

Hint: Type class instance resolution failures can be inspected with the `set_option trace.Meta.synthInstance true` command.
'Poincare.L4.Compactness.exists_finset_ball_cover_card_le_of_coveringNumber_le' depends on axioms: [propext,
 Classical.choice,
 Quot.sound]
'Poincare.L4.Compactness.exists_set_ball_cover_card_le_of_coveringNumber_le' depends on axioms: [propext,
 Classical.choice,
 Quot.sound]
'Poincare.L4.Compactness.exists_div_pow_two_le' depends on axioms: [propext, Classical.choice, Quot.sound]
'Poincare.L4.Compactness.coveringNumber_univ_le_of_uniformDoubling' depends on axioms: [propext,
 Classical.choice,
 Quot.sound]
'Poincare.L4.Compactness.uniformCovers_of_uniformDoubling' depends on axioms: [propext, Classical.choice, Quot.sound]
'Poincare.L4.Compactness.uniformCovers_of_uniformDoubling_familyScale' depends on axioms: [propext,
 Classical.choice,
 Quot.sound]
'Poincare.L4.Compactness.coveringNumber_univ_le_of_ghDist_lt_of_familyDoubling' depends on axioms: [propext,
 Classical.choice,
 Quot.sound]
'Poincare.L4.Compactness.totallyBounded_of_uniformDoubling' depends on axioms: [propext, Classical.choice, Quot.sound]
'Poincare.L4.Compactness.isCompact_of_uniformDoubling' depends on axioms: [propext, Classical.choice, Quot.sound]
'Poincare.L4.Compactness.Disc' does not depend on any axioms
'Poincare.L4.Compactness.Disc.instTopologicalSpace' depends on axioms: [propext, Classical.choice, Quot.sound]
'Poincare.L4.Compactness.Disc.instDiscreteTopology' depends on axioms: [propext, Classical.choice, Quot.sound]
'Poincare.L4.Compactness.Disc.instDecidableEq' does not depend on any axioms
'Poincare.L4.Compactness.Disc.instFintype' depends on axioms: [propext, Classical.choice, Quot.sound]
'Poincare.L4.Compactness.Disc.instNonempty' depends on axioms: [propext]
'Poincare.L4.Compactness.Disc.d' depends on axioms: [propext, Classical.choice, Quot.sound]
'Poincare.L4.Compactness.Disc.instMetricSpace' depends on axioms: [propext, Classical.choice, Quot.sound]
'Poincare.L4.Compactness.Disc.dist_def' depends on axioms: [propext, Classical.choice, Quot.sound]
'Poincare.L4.Compactness.Disc.dist_eq_zero' depends on axioms: [propext, Classical.choice, Quot.sound]
'Poincare.L4.Compactness.Disc.dist_eq_one' depends on axioms: [propext, Classical.choice, Quot.sound]
'Poincare.L4.Compactness.Disc.dist_le_one' depends on axioms: [propext, Classical.choice, Quot.sound]
'Poincare.L4.Compactness.Disc.closedBall_eq_univ' depends on axioms: [propext, Classical.choice, Quot.sound]
'Poincare.L4.Compactness.Disc.ball_one_eq_singleton' depends on axioms: [propext, Classical.choice, Quot.sound]
'Poincare.L4.Compactness.Disc.ball_half_eq_singleton' depends on axioms: [propext, Classical.choice, Quot.sound]
'Poincare.L4.Compactness.Disc.encard_le_of_univ_subset_ball_half_cover' depends on axioms: [propext,
 Classical.choice,
 Quot.sound]
'Poincare.L4.Compactness.discGH' depends on axioms: [propext, Classical.choice, Quot.sound]
'Poincare.L4.Compactness.finiteDiscFamily' depends on axioms: [propext, Classical.choice, Quot.sound]
'Poincare.L4.Compactness.allDiscFamily' depends on axioms: [propext, Classical.choice, Quot.sound]
'Poincare.L4.Compactness.mem_finiteDiscFamily' depends on axioms: [propext, Classical.choice, Quot.sound]
'Poincare.L4.Compactness.mem_allDiscFamily' depends on axioms: [propext, Classical.choice, Quot.sound]
'Poincare.L4.Compactness.finiteDiscFamily_subset_allDiscFamily' depends on axioms: [propext,
 Classical.choice,
 Quot.sound]
'Poincare.L4.Compactness.discGH_injective' depends on axioms: [propext, Classical.choice, Quot.sound]
'Poincare.L4.Compactness.finiteDiscFamily_finite' depends on axioms: [propext, Classical.choice, Quot.sound]
'Poincare.L4.Compactness.finiteDiscFamily_nonempty' depends on axioms: [propext, Classical.choice, Quot.sound]
'Poincare.L4.Compactness.discGH_rep_isometryEquiv' depends on axioms: [propext, Classical.choice, Quot.sound]
'Poincare.L4.Compactness.encard_univ_rep_discGH' depends on axioms: [propext, Classical.choice, Quot.sound]
'Poincare.L4.Compactness.cardinal_mk_univ_rep_discGH' depends on axioms: [propext, Classical.choice, Quot.sound]
'Poincare.L4.Compactness.cardinal_mk_univ_disc' depends on axioms: [propext, Classical.choice, Quot.sound]
'Poincare.L4.Compactness.coveringNumber_closedBall_discGH_le' depends on axioms: [propext, Classical.choice, Quot.sound]
'Poincare.L4.Compactness.discGH_scale' depends on axioms: [propext, Classical.choice, Quot.sound]
'Poincare.L4.Compactness.finiteDiscFamily_doubling' depends on axioms: [propext, Classical.choice, Quot.sound]
'Poincare.L4.Compactness.finiteDiscFamily_scale' depends on axioms: [propext, Classical.choice, Quot.sound]
'Poincare.L4.Compactness.finiteDiscFamily_hypotheses' depends on axioms: [propext, Classical.choice, Quot.sound]
'Poincare.L4.Compactness.finiteDiscFamily_coveringNumber_quarter' depends on axioms: [propext,
 Classical.choice,
 Quot.sound]
'Poincare.L4.Compactness.finiteDiscFamily_uniformCovers_half_explicit' depends on axioms: [propext,
 Classical.choice,
 Quot.sound]
'Poincare.L4.Compactness.finiteDiscFamily_cover_half_card_ge' depends on axioms: [propext, Classical.choice, Quot.sound]
'Poincare.L4.Compactness.finiteDiscFamily_uniformCovers_half' depends on axioms: [propext, Classical.choice, Quot.sound]
'Poincare.L4.Compactness.totallyBounded_finiteDiscFamily' depends on axioms: [propext, Classical.choice, Quot.sound]
'Poincare.L4.Compactness.isCompact_finiteDiscFamily' depends on axioms: [propext, Classical.choice, Quot.sound]
'Poincare.L4.Compactness.exists_ball_cover_card_le_of_isometryEquiv' depends on axioms: [propext,
 Classical.choice,
 Quot.sound]
'Poincare.L4.Compactness.allDiscFamily_scale' depends on axioms: [propext, Classical.choice, Quot.sound]
'Poincare.L4.Compactness.not_uniformCovers_allDiscFamily' depends on axioms: [propext, Classical.choice, Quot.sound]
'Poincare.L4.Compactness.not_uniformDoubling_allDiscFamily' depends on axioms: [propext, Classical.choice, Quot.sound]
