dsh: reasoning:
Let me start by understanding the current state of the worktree. I need to inspect the existing files, checkpoint.json, the release directory, and the upstream documentation. Let me get oriented first.
dsh: reasoning:
There's no checkpoint.json at the root. Let me look around more. The task says "Continue from existing files and checkpoint.json in this worktree". Let me search for checkpoint.json and look at the structure more carefully.
dsh: reasoning:
No checkpoint.json exists yet. There's no D12 directory yet. Let me look at:
1. LONG_PLAN.json
2. input/ directory (D7/D8/D10/D11 sources)
3. release/Poincare/Basic.lean, Stage1, Stage6
4. third_party/frenzymath
5. docs/UPSTREAM-INTEGRATION.md — wait, where is docs/? Let me check third_party structure.
dsh: reasoning:
Now let me look at the rest of LONG_PLAN.json (particularly dependencies/blockers), the third_party frenzymath snapshot, and the docs/UPSTREAM-INTEGRATION.md. Wait, the docs directory — let me check.
dsh: reasoning:
The third_party/frenzymath directory listing came back empty at maxdepth 4 for files. Let me check deeper. Also find the UPSTREAM-INTEGRATION.md.
dsh: reasoning:
The third_party/frenzymath directory is empty, and there is no docs/UPSTREAM-INTEGRATION.md. The supervisor update claims these exist, but they don't in this worktree. Let me check the longrun/frenzymath-source.json to see what's recorded. Also check the release/ directory structure more, and the manifest directory at root.
dsh: reasoning:
The third_party/frenzymath directory is empty (just the dir exists). The docs/UPSTREAM-INTEGRATION.md doesn't exist. The frenzymath-source.json only has metadata, not the actual files. The supervisor update says the snapshot is pinned at bb91a091f0b968f8bbe8d861e025a88d82b161be — but the files aren't there. Maybe I need to check if it's a git worktree with submodules. Let me check git status in the worktree.

Also, let me set up a goal since this is a long-running task. First, let me get oriented:

1. Check git status, existing release build state
2. Read the relevant D8/D10/D11 sources (Topology modules)
3. Check mathlib version and what topology APIs exist (triangulation? simplicial complexes? There's `Mathlib.Topology.Category.TopCat`, `SimplicialComplex`? Let me check mathlib for `Triangulation` — actually mathlib has `Mathlib/AlgebraicTopology/SimplicialSet.lean` and there's a new `Mathlib.Topology.SimplicialComplex`? Not sure. Let me check the pinned mathlib source.)

Key checks:
- release/lakefile.toml, lean-toolchain
- Does the release build currently?
- What does the D8 "Moise bridge" contain? There's release/Poincare/Longrun/Topology/* including MissingTheorems.lean. D8 files might be under Longrun/Topology. The task says "D8 Moise bridge and D10/D11 triangulation modules". Let me search for "Moise" and "triangul" in the release tree.

Let me first create a goal, then explore.
dsh: reasoning:
No "moise" or "triangul" references in release/*.lean. Interesting — so the "D8 Moise bridge and D10/D11 triangulation modules" may be named differently. Let me search the manifest directory at root for Moise/triangulation mentions, and check the Topology modules in release.
dsh: reasoning:
Now let me look at the D8 Moise bridge and D10/D11 triangulation modules. The task says "after inspecting D8 Moise bridge and D10/D11 triangulation modules". These might be in the release under other names. Let me search for the key terms in release/*.lean: "sphere recognition", "SphereRecognition", "TopologicalSphere", "S3", "homeomorph". Let me look at Stage6/SphereSimplyConnected.lean, TopologyBridge.lean, and Longrun/Topology/*.

Also check the ledger-probe-names.json and theorem-dependency-ledger for what modules exist in D7-D11. Wait — D8 Moise bridge: maybe in a different worktree? The task says read D7/D10/D11 sources... and inspect D8 Moise bridge. Perhaps D8 content was integrated into the release (D5 clean rebuild integrated D1-D4; D6 added the report). Hmm, "release/Poincare/Stage6/SphereSimplyConnected.lean" sounds like sphere recognition. Let me look at these files.
dsh: reasoning:
Now I understand the landscape. There's no existing D8 "Moise bridge" module under that name in this worktree — the task description refers to D8/D10/D11 modules that may exist in the parent worktree or in the release under different names. Let me look at the parent directory to see the other worktrees (read-only inspection is fine).
dsh: reasoning:
There are sibling worktrees: D10-triangulation-low-dim and D11-triangulation-3d. Those are the D10/D11 triangulation modules to inspect. D8 Moise bridge — hmm, no D8 worktree listed. Let me check the D8 module in the parent's state or look inside the D10/D11 worktrees. Let me check what's in D10-triangulation-low-dim and D11-triangulation-3d worktrees, and search the whole parent for "Moise".
