✔ [3453/3454] Built Poincare.L4.Compactness.RicciToDoubling (3.4s)
✖ [3454/3454] Building Poincare.L4.Compactness.RicciToDoublingHyperbolic (3.5s)
trace: .> LEAN_PATH=/data3/guoshaoyang/workdir/lean_poincare/poincare-lab/.lake/packages/Cli/.lake/build/lib/lean:/data3/guoshaoyang/workdir/lean_poincare/poincare-lab/.lake/packages/batteries/.lake/build/lib/lean:/data3/guoshaoyang/workdir/lean_poincare/poincare-lab/.lake/packages/Qq/.lake/build/lib/lean:/data3/guoshaoyang/workdir/lean_poincare/poincare-lab/.lake/packages/aesop/.lake/build/lib/lean:/data3/guoshaoyang/workdir/lean_poincare/poincare-lab/.lake/packages/proofwidgets/.lake/build/lib/lean:/data3/guoshaoyang/workdir/lean_poincare/poincare-lab/.lake/packages/importGraph/.lake/build/lib/lean:/data3/guoshaoyang/workdir/lean_poincare/poincare-lab/.lake/packages/LeanSearchClient/.lake/build/lib/lean:/data3/guoshaoyang/workdir/lean_poincare/poincare-lab/.lake/packages/plausible/.lake/build/lib/lean:/data3/guoshaoyang/workdir/lean_poincare/poincare-lab/.lake/packages/mathlib/.lake/build/lib/lean:/data3/guoshaoyang/workdir/lean_poincare/longrun/worktrees/L4-child-ricci-to-doubling/release/.lake/build/lib/lean /data3/guoshaoyang/workdir/lean_poincare/toolchain-cache/extracted/lean-4.34.0-rc2-linux/bin/lean /data3/guoshaoyang/workdir/lean_poincare/longrun/worktrees/L4-child-ricci-to-doubling/release/Poincare/L4/Compactness/RicciToDoublingHyperbolic.lean -o /data3/guoshaoyang/workdir/lean_poincare/longrun/worktrees/L4-child-ricci-to-doubling/release/.lake/build/lib/lean/Poincare/L4/Compactness/RicciToDoublingHyperbolic.olean -i /data3/guoshaoyang/workdir/lean_poincare/longrun/worktrees/L4-child-ricci-to-doubling/release/.lake/build/lib/lean/Poincare/L4/Compactness/RicciToDoublingHyperbolic.ilean -c /data3/guoshaoyang/workdir/lean_poincare/longrun/worktrees/L4-child-ricci-to-doubling/release/.lake/build/ir/Poincare/L4/Compactness/RicciToDoublingHyperbolic.c --setup /data3/guoshaoyang/workdir/lean_poincare/longrun/worktrees/L4-child-ricci-to-doubling/release/.lake/build/ir/Poincare/L4/Compactness/RicciToDoublingHyperbolic.setup.json --json
error: Poincare/L4/Compactness/RicciToDoublingHyperbolic.lean:114:6: `ring_nf` made no progress on the goal
error: Poincare/L4/Compactness/RicciToDoublingHyperbolic.lean:141:73: Application type mismatch: The argument
  LT.lt.le hxsinh
has type
  0 ≤ x * Real.sinh x
but is expected to have type
  0 ≤ Real.sinh x * x
in the application
  div_nonneg ?m.94 (LT.lt.le hxsinh)
error: Poincare/L4/Compactness/RicciToDoublingHyperbolic.lean:144:38: linarith failed to find a contradiction
x : ℝ
hx : 0 < x
hs : 0 < Real.sinh x
hxsinh : 0 < x * Real.sinh x
hlower : 0 ≤ Real.cosh x / Real.sinh x - 1 / x
a✝ : x * Real.sinh x < ?m.152
⊢ False
failed
error: Poincare/L4/Compactness/RicciToDoublingHyperbolic.lean:172:2: Type mismatch: After simplification, term
  hmain
 has type
  @HasDerivAt ℝ DenselyNormedField.toNontriviallyNormedField ℝ Real.normedCommRing.toAddCommGroup
    (NormedAlgebra.toNormedSpace ℝ).toModule PseudoMetricSpace.toUniformSpace.toTopologicalSpace ⋯
    (fun y => ↑d * κ * ((fun s => Real.cosh (κ * s)) / fun s => Real.sinh (κ * s)) y)
    (-(↑d * κ ^ 2 / Real.sinh (κ * t) ^ 2)) t
but is expected to have type
  @HasDerivAt ℝ DenselyNormedField.toNontriviallyNormedField ℝ Real.normedAddCommGroup.toAddCommGroup
    RCLike.toInnerProductSpaceReal.toModule PseudoMetricSpace.toUniformSpace.toTopologicalSpace HasDerivAtR._proof_1
    (fun t => ↑d * κ * (Real.cosh (κ * t) / Real.sinh (κ * t))) (-(↑d * κ ^ 2 / Real.sinh (κ * t) ^ 2)) t
error: Poincare/L4/Compactness/RicciToDoublingHyperbolic.lean:184:2: linarith failed to find a contradiction
case h1
d : ℕ
κ t : ℝ
hd : ↑d ≠ 0
hκ : κ ≠ 0
ht : t ≠ 0
hsinhne : Real.sinh (κ * t) ≠ 0
a✝ : ↑d * κ ^ 2 * (-1 + Real.cosh (κ * t) ^ 2 + -Real.sinh (κ * t) ^ 2) < Real.sinh (κ * t) ^ 2 * 0
⊢ False
failed
error: Poincare/L4/Compactness/RicciToDoublingHyperbolic.lean:215:4: No goals to be solved
error: Poincare/L4/Compactness/RicciToDoublingHyperbolic.lean:239:4: `field_simp` made no progress on the goal
error: Poincare/L4/Compactness/RicciToDoublingHyperbolic.lean:242:4: No applicable extensionality theorem found for type
  AddCommGroup ℝ

Note: Extensionality theorems can be registered by marking them with the `[ext]` attribute
error: Poincare/L4/Compactness/RicciToDoublingHyperbolic.lean:244:11: Tactic `unfold` failed to unfold `hypModelDA` in
  (fun t => (Real.sinh (κ * t) / κ) ^ d) = (fun s => Real.sinh (κ * s) / κ) ^ d
warning: Poincare/L4/Compactness/RicciToDoublingHyperbolic.lean:251:44: Variable name `hκ` is not explicitly referenced.

Hint: The binding can be removed (if unused) or named `_` (if used implicitly). Alternatively, prefix the name with `_` to silence this warning:
  [apply] _hκ

Note: This linter can be disabled with `set_option linter.unusedVariables false`
warning: Poincare/L4/Compactness/RicciToDoublingHyperbolic.lean:270:56: Variable name `hκ` is not explicitly referenced.

Hint: The binding can be removed (if unused) or named `_` (if used implicitly). Alternatively, prefix the name with `_` to silence this warning:
  [apply] _hκ

Note: This linter can be disabled with `set_option linter.unusedVariables false`
error: Poincare/L4/Compactness/RicciToDoublingHyperbolic.lean:344:22: Application type mismatch: The argument
  hypModelK d κ
has type
  ℝ
but is expected to have type
  ℝ → ℝ
in the application
  @bishopGromov_volume_le ↑d ?m.258 ?m.259 ?m.260 k (hypModelK d κ)
error: Poincare/L4/Compactness/RicciToDoublingHyperbolic.lean:349:64: Application type mismatch: The argument
  le_rfl
has type
  ?m.284 ≤ ?m.284
but is expected to have type
  ↑d * κ ≤ C
in the application
  hypModelM_normalized hκ le_rfl
error: Poincare/L4/Compactness/RicciToDoublingHyperbolic.lean:405:10: Application type mismatch: The argument
  hypModelK d κ
has type
  ℝ
but is expected to have type
  ℝ → ℝ
in the application
  @hyp_volume_doubling_of_ricci_ge d hdpos κ T 0 T hκ hT le_rfl hT le_rfl (hypModelK d κ)
Some required targets logged failures:
- Poincare.L4.Compactness.RicciToDoublingHyperbolic
error: build failed
