✖ [3450/3450] Building Poincare.L4.Compactness.RicciToDoubling (2.6s)
trace: .> LEAN_PATH=/data3/guoshaoyang/workdir/lean_poincare/poincare-lab/.lake/packages/Cli/.lake/build/lib/lean:/data3/guoshaoyang/workdir/lean_poincare/poincare-lab/.lake/packages/batteries/.lake/build/lib/lean:/data3/guoshaoyang/workdir/lean_poincare/poincare-lab/.lake/packages/Qq/.lake/build/lib/lean:/data3/guoshaoyang/workdir/lean_poincare/poincare-lab/.lake/packages/aesop/.lake/build/lib/lean:/data3/guoshaoyang/workdir/lean_poincare/poincare-lab/.lake/packages/proofwidgets/.lake/build/lib/lean:/data3/guoshaoyang/workdir/lean_poincare/poincare-lab/.lake/packages/importGraph/.lake/build/lib/lean:/data3/guoshaoyang/workdir/lean_poincare/poincare-lab/.lake/packages/LeanSearchClient/.lake/build/lib/lean:/data3/guoshaoyang/workdir/lean_poincare/poincare-lab/.lake/packages/plausible/.lake/build/lib/lean:/data3/guoshaoyang/workdir/lean_poincare/poincare-lab/.lake/packages/mathlib/.lake/build/lib/lean:/data3/guoshaoyang/workdir/lean_poincare/longrun/worktrees/L4-child-ricci-to-doubling/release/.lake/build/lib/lean /data3/guoshaoyang/workdir/lean_poincare/toolchain-cache/extracted/lean-4.34.0-rc2-linux/bin/lean /data3/guoshaoyang/workdir/lean_poincare/longrun/worktrees/L4-child-ricci-to-doubling/release/Poincare/L4/Compactness/RicciToDoubling.lean -o /data3/guoshaoyang/workdir/lean_poincare/longrun/worktrees/L4-child-ricci-to-doubling/release/.lake/build/lib/lean/Poincare/L4/Compactness/RicciToDoubling.olean -i /data3/guoshaoyang/workdir/lean_poincare/longrun/worktrees/L4-child-ricci-to-doubling/release/.lake/build/lib/lean/Poincare/L4/Compactness/RicciToDoubling.ilean -c /data3/guoshaoyang/workdir/lean_poincare/longrun/worktrees/L4-child-ricci-to-doubling/release/.lake/build/ir/Poincare/L4/Compactness/RicciToDoubling.c --setup /data3/guoshaoyang/workdir/lean_poincare/longrun/worktrees/L4-child-ricci-to-doubling/release/.lake/build/ir/Poincare/L4/Compactness/RicciToDoubling.setup.json --json
error: Poincare/L4/Compactness/RicciToDoubling.lean:313:24: Unknown identifier `closedBall`
warning: Poincare/L4/Compactness/RicciToDoubling.lean:324:8: declaration uses `sorry`
warning: Poincare/L4/Compactness/RicciToDoubling.lean:327:2: Unused tactic linter: `rw [Real.volume_closedBall]` does nothing

Note: This linter can be disabled with `set_option linter.unusedTactic false`
warning: Poincare/L4/Compactness/RicciToDoubling.lean:328:2: Unused tactic linter: `congr 1` does nothing

Note: This linter can be disabled with `set_option linter.unusedTactic false`
warning: Poincare/L4/Compactness/RicciToDoubling.lean:329:2: Unused tactic linter: `unfold radialVolume` does nothing

Note: This linter can be disabled with `set_option linter.unusedTactic false`
warning: Poincare/L4/Compactness/RicciToDoubling.lean:330:2: Unused tactic linter: `rw [intervalIntegral.integral_const]` does nothing

Note: This linter can be disabled with `set_option linter.unusedTactic false`
warning: Poincare/L4/Compactness/RicciToDoubling.lean:331:2: Unused tactic linter: `ring` does nothing

Note: This linter can be disabled with `set_option linter.unusedTactic false`
warning: Poincare/L4/Compactness/RicciToDoubling.lean:328:2: this tactic is never executed

Note: This linter can be disabled with `set_option linter.unreachableTactic false`
warning: Poincare/L4/Compactness/RicciToDoubling.lean:329:2: this tactic is never executed

Note: This linter can be disabled with `set_option linter.unreachableTactic false`
warning: Poincare/L4/Compactness/RicciToDoubling.lean:330:2: this tactic is never executed

Note: This linter can be disabled with `set_option linter.unreachableTactic false`
warning: Poincare/L4/Compactness/RicciToDoubling.lean:331:2: this tactic is never executed

Note: This linter can be disabled with `set_option linter.unreachableTactic false`
error: Poincare/L4/Compactness/RicciToDoubling.lean:348:30: Function expected at
  closedBall
but this term has type
  ?m.1

Note: Expected a function because this term is being applied to the argument
  x

Hint: The identifier `closedBall` is unknown, and Lean's `autoImplicit` option causes an unknown identifier to be treated as an implicitly bound variable with an unknown type. However, the unknown type cannot be a function, and a function is what Lean expects here. This is often the result of a typo or a missing `import` or `open` statement.
error: Poincare/L4/Compactness/RicciToDoubling.lean:352:14: Type mismatch
  ⟨radialVolume A (↑r / 2), ⋯⟩
has type
  { r // 0 ≤ r }
but is expected to have type
  ℝ≥0∞
error: Poincare/L4/Compactness/RicciToDoubling.lean:355:22: Function expected at
  closedBall
but this term has type
  x✝

Note: Expected a function because this term is being applied to the argument
  x
error: Poincare/L4/Compactness/RicciToDoubling.lean:356:6: Type mismatch
  ⟨radialVolume A (↑r / 2), ⋯⟩
has type
  { r // 0 ≤ r }
but is expected to have type
  ℝ≥0∞
error: Poincare/L4/Compactness/RicciToDoubling.lean:357:11: Function expected at
  closedBall
but this term has type
  x✝

Note: Expected a function because this term is being applied to the argument
  y
error: Poincare/L4/Compactness/RicciToDoubling.lean:350:57: unsolved goals
x✝ : Sort u_2
closedBall : x✝
X : Type u_1
inst✝² : PseudoMetricSpace X
inst✝¹ : MeasurableSpace X
inst✝ : BorelSpace X
μ : Measure X
A : ℝ → ℝ
r : ℝ≥0
x : X
hμ : IsRadialBallMeasure μ A
hpos : 0 < radialVolume A (↑r / 2)
hm : 0 < ⟨radialVolume A (↑r / 2), ⋯⟩
hcoe : sorry = ENNReal.ofReal (radialVolume A (↑r / 2))
⊢ ↑(Metric.coveringNumber r sorry) ≤ ENNReal.ofReal (radialVolume A (4 * ↑r)) / ENNReal.ofReal (radialVolume A (↑r / 2))
error: Poincare/L4/Compactness/RicciToDoubling.lean:387:30: Function expected at
  closedBall
but this term has type
  ?m.1

Note: Expected a function because this term is being applied to the argument
  x

Hint: The identifier `closedBall` is unknown, and Lean's `autoImplicit` option causes an unknown identifier to be treated as an implicitly bound variable with an unknown type. However, the unknown type cannot be a function, and a function is what Lean expects here. This is often the result of a typo or a missing `import` or `open` statement.
error: Poincare/L4/Compactness/RicciToDoubling.lean:389:14: Type mismatch
  ⟨radialVolume A (↑r / 2), ⋯⟩
has type
  { r // 0 ≤ r }
but is expected to have type
  ℝ≥0∞
error: Poincare/L4/Compactness/RicciToDoubling.lean:392:54: Type mismatch
  ENNReal.ofReal_coe_nnreal
has type
  ENNReal.ofReal ↑?m.121 = ↑?m.121
but is expected to have type
  ↑C = ENNReal.ofReal ↑C
error: Poincare/L4/Compactness/RicciToDoubling.lean:393:54: Type mismatch
  ENNReal.ofReal_coe_nnreal
has type
  ENNReal.ofReal ↑?m.125 = ↑?m.125
but is expected to have type
  ↑K = ENNReal.ofReal ↑K
error: Poincare/L4/Compactness/RicciToDoubling.lean:394:22: Function expected at
  closedBall
but this term has type
  x✝

Note: Expected a function because this term is being applied to the argument
  x
error: Poincare/L4/Compactness/RicciToDoubling.lean:395:6: Type mismatch
  ⟨radialVolume A (↑r / 2), ⋯⟩
has type
  { r // 0 ≤ r }
but is expected to have type
  ℝ≥0∞
error: Poincare/L4/Compactness/RicciToDoubling.lean:396:11: Function expected at
  closedBall
but this term has type
  x✝

Note: Expected a function because this term is being applied to the argument
  y
error: Poincare/L4/Compactness/RicciToDoubling.lean:387:99: unsolved goals
x✝ : Sort u_2
closedBall : x✝
X : Type u_1
inst✝² : PseudoMetricSpace X
inst✝¹ : MeasurableSpace X
inst✝ : BorelSpace X
μ : Measure X
A : ℝ → ℝ
C K r : ℝ≥0
x : X
hμ : IsRadialBallMeasure μ A
hdbl : ∀ (s : ℝ), radialVolume A s ≤ ↑C * radialVolume A (s / 2)
hpos : 0 < radialVolume A (↑r / 2)
hcomp : radialVolume A (↑r / 2) ≤ ↑K * radialVolume A (↑r / 2)
hm : 0 < ⟨radialVolume A (↑r / 2), ⋯⟩
hcoe : sorry = ENNReal.ofReal (radialVolume A (↑r / 2))
hCcoe : ↑C = ENNReal.ofReal ↑C
hKcoe : ↑K = ENNReal.ofReal ↑K
⊢ ↑(Metric.coveringNumber r sorry) ≤ ↑C ^ 3 * ↑K
error: Poincare/L4/Compactness/RicciToDoubling.lean:450:30: Function expected at
  closedBall
but this term has type
  ?m.1

Note: Expected a function because this term is being applied to the argument
  x

Hint: The identifier `closedBall` is unknown, and Lean's `autoImplicit` option causes an unknown identifier to be treated as an implicitly bound variable with an unknown type. However, the unknown type cannot be a function, and a function is what Lean expects here. This is often the result of a typo or a missing `import` or `open` statement.
error: Poincare/L4/Compactness/RicciToDoubling.lean:472:26: Type mismatch: After simplification, term
  hpos
 has type
  (0 : ℝ) < radialVolume A (↑r / 2)
but is expected to have type
  (0 : ℝ≥0) < ⟨radialVolume A (↑r / 2), ⋯⟩
error: Poincare/L4/Compactness/RicciToDoubling.lean:473:77: unsolved goals
x✝ : Sort u_2
closedBall : x✝
X : Type u_1
inst✝² : PseudoMetricSpace X
inst✝¹ : MeasurableSpace X
inst✝ : BorelSpace X
d : ℕ
hdpos : 0 < d
T C t₀ : ℝ
hT : 0 < T
hC : 0 ≤ C
ht₀ : 0 < t₀
ht₀T : t₀ ≤ T
k m dm A dA : ℝ → ℝ
hk : ∀ ⦃t : ℝ⦄, t ∈ Ioo 0 T → 0 ≤ k t
hineq : ∀ ⦃t : ℝ⦄, t ∈ Ioo 0 T → dm t + m t ^ 2 / ↑d + k t ≤ 0
hm : ∀ ⦃t : ℝ⦄, t ∈ Ioo 0 T → HasDerivAtR m (dm t) t
hmcont : ContinuousOn m (Ioc 0 T)
hnorm : EuclideanNormalizedOn m (↑d) C t₀
hA : ∀ ⦃t : ℝ⦄, t ∈ Ioo 0 T → HasDerivAtR A (dA t) t
hAcont : ContinuousOn A (Icc 0 T)
hApos : ∀ ⦃t : ℝ⦄, t ∈ Ioc 0 T → 0 < A t
hA0 : A 0 = 0
hmA : ∀ ⦃t : ℝ⦄, t ∈ Ioo 0 T → m t = dA t / A t
μ : Measure X
hμ : IsRadialBallMeasure μ A
r : ℝ≥0
hr0 : 0 < r
hrT : 4 * ↑r ≤ T
x : X
hrR : 0 < ↑r
hV4 : radialVolume A (4 * ↑r) ≤ 2 ^ (d + 1) * radialVolume A (2 * ↑r)
hV2 : radialVolume A (2 * ↑r) ≤ 2 ^ (d + 1) * radialVolume A ↑r
hV1 : radialVolume A ↑r ≤ 2 ^ (d + 1) * radialVolume A (↑r / 2)
hpos : 0 < radialVolume A (↑r / 2)
mm : ℝ≥0 := ⟨radialVolume A (↑r / 2), ⋯⟩
hmdef : mm = ⟨radialVolume A (↑r / 2), ⋯⟩
hmm : 0 < mm
⊢ ENNReal.ofReal ↑⟨radialVolume A (↑r / 2), ⋯⟩ = ENNReal.ofReal (radialVolume A (↑r / 2))
error: Poincare/L4/Compactness/RicciToDoubling.lean:476:8: Tactic `rewrite` failed: Did not find an occurrence of the pattern
  ↑?r ^ ?n
in the target expression
  ↑(2 ^ (d + 1)) = ENNReal.ofReal (2 ^ (d + 1))

x✝ : Sort u_2
closedBall : x✝
X : Type u_1
inst✝² : PseudoMetricSpace X
inst✝¹ : MeasurableSpace X
inst✝ : BorelSpace X
d : ℕ
hdpos : 0 < d
T C t₀ : ℝ
hT : 0 < T
hC : 0 ≤ C
ht₀ : 0 < t₀
ht₀T : t₀ ≤ T
k m dm A dA : ℝ → ℝ
hk : ∀ ⦃t : ℝ⦄, t ∈ Ioo 0 T → 0 ≤ k t
hineq : ∀ ⦃t : ℝ⦄, t ∈ Ioo 0 T → dm t + m t ^ 2 / ↑d + k t ≤ 0
hm : ∀ ⦃t : ℝ⦄, t ∈ Ioo 0 T → HasDerivAtR m (dm t) t
hmcont : ContinuousOn m (Ioc 0 T)
hnorm : EuclideanNormalizedOn m (↑d) C t₀
hA : ∀ ⦃t : ℝ⦄, t ∈ Ioo 0 T → HasDerivAtR A (dA t) t
hAcont : ContinuousOn A (Icc 0 T)
hApos : ∀ ⦃t : ℝ⦄, t ∈ Ioc 0 T → 0 < A t
hA0 : A 0 = 0
hmA : ∀ ⦃t : ℝ⦄, t ∈ Ioo 0 T → m t = dA t / A t
μ : Measure X
hμ : IsRadialBallMeasure μ A
r : ℝ≥0
hr0 : 0 < r
hrT : 4 * ↑r ≤ T
x : X
hrR : 0 < ↑r
hV4 : radialVolume A (4 * ↑r) ≤ 2 ^ (d + 1) * radialVolume A (2 * ↑r)
hV2 : radialVolume A (2 * ↑r) ≤ 2 ^ (d + 1) * radialVolume A ↑r
hV1 : radialVolume A ↑r ≤ 2 ^ (d + 1) * radialVolume A (↑r / 2)
hpos : 0 < radialVolume A (↑r / 2)
mm : ℝ≥0 := ⟨radialVolume A (↑r / 2), ⋯⟩
hmdef : mm = ⟨radialVolume A (↑r / 2), ⋯⟩
hmm : 0 < mm
hcoe : ↑mm = ENNReal.ofReal (radialVolume A (↑r / 2))
⊢ ↑(2 ^ (d + 1)) = ENNReal.ofReal (2 ^ (d + 1))
error: Poincare/L4/Compactness/RicciToDoubling.lean:479:9: Function expected at
  closedBall
but this term has type
  x✝

Note: Expected a function because this term is being applied to the argument
  x
error: Poincare/L4/Compactness/RicciToDoubling.lean:479:69: Function expected at
  closedBall
but this term has type
  x✝

Note: Expected a function because this term is being applied to the argument
  x
error: Poincare/L4/Compactness/RicciToDoubling.lean:483:22: Function expected at
  closedBall
but this term has type
  x✝

Note: Expected a function because this term is being applied to the argument
  x
error: Poincare/L4/Compactness/RicciToDoubling.lean:483:67: Function expected at
  closedBall
but this term has type
  x✝

Note: Expected a function because this term is being applied to the argument
  y
error: Poincare/L4/Compactness/RicciToDoubling.lean:451:43: unsolved goals
x✝ : Sort u_2
closedBall : x✝
X : Type u_1
inst✝² : PseudoMetricSpace X
inst✝¹ : MeasurableSpace X
inst✝ : BorelSpace X
d : ℕ
hdpos : 0 < d
T C t₀ : ℝ
hT : 0 < T
hC : 0 ≤ C
ht₀ : 0 < t₀
ht₀T : t₀ ≤ T
k m dm A dA : ℝ → ℝ
hk : ∀ ⦃t : ℝ⦄, t ∈ Ioo 0 T → 0 ≤ k t
hineq : ∀ ⦃t : ℝ⦄, t ∈ Ioo 0 T → dm t + m t ^ 2 / ↑d + k t ≤ 0
hm : ∀ ⦃t : ℝ⦄, t ∈ Ioo 0 T → HasDerivAtR m (dm t) t
hmcont : ContinuousOn m (Ioc 0 T)
hnorm : EuclideanNormalizedOn m (↑d) C t₀
hA : ∀ ⦃t : ℝ⦄, t ∈ Ioo 0 T → HasDerivAtR A (dA t) t
hAcont : ContinuousOn A (Icc 0 T)
hApos : ∀ ⦃t : ℝ⦄, t ∈ Ioc 0 T → 0 < A t
hA0 : A 0 = 0
hmA : ∀ ⦃t : ℝ⦄, t ∈ Ioo 0 T → m t = dA t / A t
μ : Measure X
hμ : IsRadialBallMeasure μ A
r : ℝ≥0
hr0 : 0 < r
hrT : 4 * ↑r ≤ T
x : X
hrR : 0 < ↑r
hV4 : radialVolume A (4 * ↑r) ≤ 2 ^ (d + 1) * radialVolume A (2 * ↑r)
hV2 : radialVolume A (2 * ↑r) ≤ 2 ^ (d + 1) * radialVolume A ↑r
hV1 : radialVolume A ↑r ≤ 2 ^ (d + 1) * radialVolume A (↑r / 2)
hpos : 0 < radialVolume A (↑r / 2)
mm : ℝ≥0 := ⟨radialVolume A (↑r / 2), ⋯⟩
hmdef : mm = ⟨radialVolume A (↑r / 2), ⋯⟩
hmm : 0 < mm
hcoe : ↑mm = ENNReal.ofReal (radialVolume A (↑r / 2))
hCcoe : ↑(2 ^ (d + 1)) = ENNReal.ofReal (2 ^ (d + 1))
hconv : ∀ {s t : ℝ}, radialVolume A s ≤ 2 ^ (d + 1) * radialVolume A t → μ sorry ≤ ↑(2 ^ (d + 1)) * μ sorry
⊢ ↑(Metric.coveringNumber r sorry) ≤ ↑((2 ^ (d + 1)) ^ 3)
Some required targets logged failures:
- Poincare.L4.Compactness.RicciToDoubling
error: build failed
