✖ [3450/3450] Building Poincare.L4.Compactness.RicciToDoubling (2.5s)
trace: .> LEAN_PATH=/data3/guoshaoyang/workdir/lean_poincare/poincare-lab/.lake/packages/Cli/.lake/build/lib/lean:/data3/guoshaoyang/workdir/lean_poincare/poincare-lab/.lake/packages/batteries/.lake/build/lib/lean:/data3/guoshaoyang/workdir/lean_poincare/poincare-lab/.lake/packages/Qq/.lake/build/lib/lean:/data3/guoshaoyang/workdir/lean_poincare/poincare-lab/.lake/packages/aesop/.lake/build/lib/lean:/data3/guoshaoyang/workdir/lean_poincare/poincare-lab/.lake/packages/proofwidgets/.lake/build/lib/lean:/data3/guoshaoyang/workdir/lean_poincare/poincare-lab/.lake/packages/importGraph/.lake/build/lib/lean:/data3/guoshaoyang/workdir/lean_poincare/poincare-lab/.lake/packages/LeanSearchClient/.lake/build/lib/lean:/data3/guoshaoyang/workdir/lean_poincare/poincare-lab/.lake/packages/plausible/.lake/build/lib/lean:/data3/guoshaoyang/workdir/lean_poincare/poincare-lab/.lake/packages/mathlib/.lake/build/lib/lean:/data3/guoshaoyang/workdir/lean_poincare/longrun/worktrees/L4-child-ricci-to-doubling/release/.lake/build/lib/lean /data3/guoshaoyang/workdir/lean_poincare/toolchain-cache/extracted/lean-4.34.0-rc2-linux/bin/lean /data3/guoshaoyang/workdir/lean_poincare/longrun/worktrees/L4-child-ricci-to-doubling/release/Poincare/L4/Compactness/RicciToDoubling.lean -o /data3/guoshaoyang/workdir/lean_poincare/longrun/worktrees/L4-child-ricci-to-doubling/release/.lake/build/lib/lean/Poincare/L4/Compactness/RicciToDoubling.olean -i /data3/guoshaoyang/workdir/lean_poincare/longrun/worktrees/L4-child-ricci-to-doubling/release/.lake/build/lib/lean/Poincare/L4/Compactness/RicciToDoubling.ilean -c /data3/guoshaoyang/workdir/lean_poincare/longrun/worktrees/L4-child-ricci-to-doubling/release/.lake/build/ir/Poincare/L4/Compactness/RicciToDoubling.c --setup /data3/guoshaoyang/workdir/lean_poincare/longrun/worktrees/L4-child-ricci-to-doubling/release/.lake/build/ir/Poincare/L4/Compactness/RicciToDoubling.setup.json --json
error: Poincare/L4/Compactness/RicciToDoubling.lean:499:20: Tactic `rewrite` failed: Did not find an occurrence of the pattern
  ENNReal.ofReal ↑?m.771
in the target expression
  ENNReal.ofReal (radialVolume A (↑r / 2)) ≤ 1 * ENNReal.ofReal (radialVolume A (↑r / 2))

X : Type u_1
inst✝² : PseudoMetricSpace X
inst✝¹ : MeasurableSpace X
inst✝ : BorelSpace X
d : ℕ
hdpos : 0 < d
T C t₀ : ℝ
hT : 0 < T
hC : 0 ≤ C
ht₀ : 0 < t₀
ht₀T : t₀ ≤ T
k m dm A dA : ℝ → ℝ
hk : ∀ ⦃t : ℝ⦄, t ∈ Ioo 0 T → 0 ≤ k t
hineq : ∀ ⦃t : ℝ⦄, t ∈ Ioo 0 T → dm t + m t ^ 2 / ↑d + k t ≤ 0
hm : ∀ ⦃t : ℝ⦄, t ∈ Ioo 0 T → HasDerivAtR m (dm t) t
hmcont : ContinuousOn m (Ioc 0 T)
hnorm : EuclideanNormalizedOn m (↑d) C t₀
hA : ∀ ⦃t : ℝ⦄, t ∈ Ioo 0 T → HasDerivAtR A (dA t) t
hAcont : ContinuousOn A (Icc 0 T)
hApos : ∀ ⦃t : ℝ⦄, t ∈ Ioc 0 T → 0 < A t
hA0 : A 0 = 0
hmA : ∀ ⦃t : ℝ⦄, t ∈ Ioo 0 T → m t = dA t / A t
μ : Measure X
hμ : IsRadialBallMeasure μ A
r : ℝ≥0
hr0 : 0 < r
hrT : 4 * ↑r ≤ T
x : X
hrR : 0 < ↑r
hV4 : radialVolume A (4 * ↑r) ≤ 2 ^ (d + 1) * radialVolume A (2 * ↑r)
hV2 : radialVolume A (2 * ↑r) ≤ 2 ^ (d + 1) * radialVolume A ↑r
hV1 : radialVolume A ↑r ≤ 2 ^ (d + 1) * radialVolume A (↑r / 2)
hpos : 0 < radialVolume A (↑r / 2)
mm : ℝ≥0 := ⟨radialVolume A (↑r / 2), ⋯⟩
hmdef : mm = ⟨radialVolume A (↑r / 2), ⋯⟩
hmmR : 0 < ↑mm
hmm : 0 < mm
hcoe : ↑mm = ENNReal.ofReal (radialVolume A (↑r / 2))
hCcoe : ↑(2 ^ (d + 1)) = ENNReal.ofReal (2 ^ (d + 1))
hconv :
  ∀ {s t : ℝ},
    radialVolume A s ≤ 2 ^ (d + 1) * radialVolume A t → μ (closedBall x s) ≤ ↑(2 ^ (d + 1)) * μ (closedBall x t)
hlower : ∀ y ∈ closedBall x (2 * ↑r), ↑mm ≤ μ (closedBall y (↑r / 2))
⊢ ENNReal.ofReal (radialVolume A (↑r / 2)) ≤ 1 * ENNReal.ofReal (radialVolume A (↑r / 2))
Some required targets logged failures:
- Poincare.L4.Compactness.RicciToDoubling
error: build failed
