⚠ [8891/8916] Replayed Poincare.D12.ParabolicLocal.DerivativeLoss
info: Poincare/D12/ParabolicLocal/DerivativeLoss.lean:285:14: Try this:
  [apply] ring_nf
  
  The `ring` tactic failed to close the goal. Use `ring_nf` to obtain a normal form.
    
  Note that `ring` works primarily in *commutative* rings. If you have a noncommutative ring, abelian group or module, consider using `noncomm_ring`, `abel` or `module` instead.
info: Poincare/D12/ParabolicLocal/DerivativeLoss.lean:328:10: Try this:
  [apply] ring_nf
  
  The `ring` tactic failed to close the goal. Use `ring_nf` to obtain a normal form.
    
  Note that `ring` works primarily in *commutative* rings. If you have a noncommutative ring, abelian group or module, consider using `noncomm_ring`, `abel` or `module` instead.
warning: Poincare/D12/ParabolicLocal/DerivativeLoss.lean:529:10: `if_pos` has been deprecated: Use `ite_eq_left` instead
warning: Poincare/D12/ParabolicLocal/DerivativeLoss.lean:535:12: `if_neg` has been deprecated: Use `ite_eq_right` instead
warning: Poincare/D12/ParabolicLocal/DerivativeLoss.lean:514:17: This simp argument is unused:
  neg_mul

Hint: Omit it from the simp argument list.
  [apply] simp only [Finset.sum_neg_distrib]

Note: This linter can be disabled with `set_option linter.unusedSimpArgs false`
info: Poincare/D12/ParabolicLocal/DerivativeLoss.lean:650:10: Try this:
  [apply] ring_nf
  
  The `ring` tactic failed to close the goal. Use `ring_nf` to obtain a normal form.
    
  Note that `ring` works primarily in *commutative* rings. If you have a noncommutative ring, abelian group or module, consider using `noncomm_ring`, `abel` or `module` instead.
info: Poincare/D12/ParabolicLocal/DerivativeLoss.lean:653:10: Try this:
  [apply] ring_nf
  
  The `ring` tactic failed to close the goal. Use `ring_nf` to obtain a normal form.
    
  Note that `ring` works primarily in *commutative* rings. If you have a noncommutative ring, abelian group or module, consider using `noncomm_ring`, `abel` or `module` instead.
info: Poincare/D12/ParabolicLocal/DerivativeLoss.lean:798:4: Try this:
  [apply] ring_nf
  
  The `ring` tactic failed to close the goal. Use `ring_nf` to obtain a normal form.
    
  Note that `ring` works primarily in *commutative* rings. If you have a noncommutative ring, abelian group or module, consider using `noncomm_ring`, `abel` or `module` instead.
⚠ [8894/8916] Replayed Poincare.D9.DeTurck.SymbolModel
warning: Poincare/D9/DeTurck/SymbolModel.lean:139:43: This simp argument is unused:
  LinearMap.add_apply

Hint: Omit it from the simp argument list.
  [apply] simp only [map_add]

Note: This linter can be disabled with `set_option linter.unusedSimpArgs false`
warning: Poincare/D9/DeTurck/SymbolModel.lean:140:42: This simp argument is unused:
  LinearMap.smul_apply

Hint: Omit it from the simp argument list.
  [apply] simp only [map_smul, smul_eq_mul]

Note: This linter can be disabled with `set_option linter.unusedSimpArgs false`
warning: Poincare/D9/DeTurck/SymbolModel.lean:154:43: This simp argument is unused:
  LinearMap.add_apply

Hint: Omit it from the simp argument list.
  [apply] simp only [map_add]

Note: This linter can be disabled with `set_option linter.unusedSimpArgs false`
warning: Poincare/D9/DeTurck/SymbolModel.lean:155:42: This simp argument is unused:
  LinearMap.smul_apply

Hint: Omit it from the simp argument list.
  [apply] simp only [map_smul, smul_eq_mul]

Note: This linter can be disabled with `set_option linter.unusedSimpArgs false`
warning: Poincare/D9/DeTurck/SymbolModel.lean:156:43: This simp argument is unused:
  LinearMap.add_apply

Hint: Omit it from the simp argument list.
  [apply] simp only [map_add]

Note: This linter can be disabled with `set_option linter.unusedSimpArgs false`
warning: Poincare/D9/DeTurck/SymbolModel.lean:157:42: This simp argument is unused:
  LinearMap.smul_apply

Hint: Omit it from the simp argument list.
  [apply] simp only [map_smul, smul_eq_mul]

Note: This linter can be disabled with `set_option linter.unusedSimpArgs false`
warning: Poincare/D9/DeTurck/SymbolModel.lean:174:47: This simp argument is unused:
  LinearMap.add_apply

Hint: Omit it from the simp argument list.
  [apply] simp only [ricciSymbol, lieSymbol, deTurckFieldSymbol, LinearMap.mk₂_apply, LinearMap.sub_apply,
    LinearMap.smul_apply, smul_eq_mul]

Note: This linter can be disabled with `set_option linter.unusedSimpArgs false`
info: Poincare/D9/DeTurck/SymbolModel.lean:282:0: 'Poincare.Longrun.DeTurck.metricSharp' depends on axioms: [propext, Classical.choice, Quot.sound]
info: Poincare/D9/DeTurck/SymbolModel.lean:283:0: 'Poincare.Longrun.DeTurck.form_metricSharp' depends on axioms: [propext, Classical.choice, Quot.sound]
info: Poincare/D9/DeTurck/SymbolModel.lean:284:0: 'Poincare.Longrun.DeTurck.metricSharp_eq_zero_iff' depends on axioms: [propext, Classical.choice, Quot.sound]
info: Poincare/D9/DeTurck/SymbolModel.lean:285:0: 'Poincare.Longrun.DeTurck.covectorNormSq' depends on axioms: [propext, Classical.choice, Quot.sound]
info: Poincare/D9/DeTurck/SymbolModel.lean:286:0: 'Poincare.Longrun.DeTurck.covectorNormSq_eq_sum_sq' depends on axioms: [propext, Classical.choice, Quot.sound]
info: Poincare/D9/DeTurck/SymbolModel.lean:287:0: 'Poincare.Longrun.DeTurck.covectorNormSq_pos' depends on axioms: [propext, Classical.choice, Quot.sound]
info: Poincare/D9/DeTurck/SymbolModel.lean:288:0: 'Poincare.Longrun.DeTurck.covectorNormSq_ne_zero' depends on axioms: [propext, Classical.choice, Quot.sound]
info: Poincare/D9/DeTurck/SymbolModel.lean:289:0: 'Poincare.Longrun.DeTurck.bilinTrace' depends on axioms: [propext, Classical.choice, Quot.sound]
info: Poincare/D9/DeTurck/SymbolModel.lean:290:0: 'Poincare.Longrun.DeTurck.ricciSymbol' depends on axioms: [propext, Classical.choice, Quot.sound]
info: Poincare/D9/DeTurck/SymbolModel.lean:291:0: 'Poincare.Longrun.DeTurck.deTurckFieldSymbol' depends on axioms: [propext, Classical.choice, Quot.sound]
info: Poincare/D9/DeTurck/SymbolModel.lean:292:0: 'Poincare.Longrun.DeTurck.lieSymbol' depends on axioms: [propext, Classical.choice, Quot.sound]
info: Poincare/D9/DeTurck/SymbolModel.lean:293:0: 'Poincare.Longrun.DeTurck.laplacianSymbol' depends on axioms: [propext, Classical.choice, Quot.sound]
info: Poincare/D9/DeTurck/SymbolModel.lean:294:0: 'Poincare.Longrun.DeTurck.ricciSymbol_sub_half_lieSymbol_apply' depends on axioms: [propext,
 Classical.choice,
 Quot.sound]
info: Poincare/D9/DeTurck/SymbolModel.lean:295:0: 'Poincare.Longrun.DeTurck.ricciSymbol_sub_half_lieSymbol' depends on axioms: [propext, Classical.choice, Quot.sound]
info: Poincare/D9/DeTurck/SymbolModel.lean:296:0: 'Poincare.Longrun.DeTurck.ricciSymbol_sub_half_lieSymbol_eq_smul' depends on axioms: [propext,
 Classical.choice,
 Quot.sound]
info: Poincare/D9/DeTurck/SymbolModel.lean:297:0: 'Poincare.Longrun.DeTurck.flowSymbol' depends on axioms: [propext, Classical.choice, Quot.sound]
info: Poincare/D9/DeTurck/SymbolModel.lean:298:0: 'Poincare.Longrun.DeTurck.ricciSymbol_symm' depends on axioms: [propext, Classical.choice, Quot.sound]
info: Poincare/D9/DeTurck/SymbolModel.lean:299:0: 'Poincare.Longrun.DeTurck.lieSymbol_symm' depends on axioms: [propext, Classical.choice, Quot.sound]
info: Poincare/D9/DeTurck/SymbolModel.lean:300:0: 'Poincare.Longrun.DeTurck.laplacianSymbol_symm' depends on axioms: [propext, Classical.choice, Quot.sound]
info: Poincare/D9/DeTurck/SymbolModel.lean:301:0: 'Poincare.Longrun.DeTurck.deTurckSymbol_bijective' depends on axioms: [propext, Classical.choice, Quot.sound]
info: Poincare/D9/DeTurck/SymbolModel.lean:302:0: 'Poincare.Longrun.DeTurck.deTurckSymbol_injective' depends on axioms: [propext, Classical.choice, Quot.sound]
info: Poincare/D9/DeTurck/SymbolModel.lean:303:0: 'Poincare.Longrun.DeTurck.deTurckSymbol_eq_zero_iff' depends on axioms: [propext, Classical.choice, Quot.sound]
ℹ [8900/8916] Replayed Poincare.D11.HeatKernelBridge.InitialCondition
info: Poincare/D11/HeatKernelBridge/InitialCondition.lean:89:2: Try this:
  [apply] ring_nf
  
  The `ring` tactic failed to close the goal. Use `ring_nf` to obtain a normal form.
    
  Note that `ring` works primarily in *commutative* rings. If you have a noncommutative ring, abelian group or module, consider using `noncomm_ring`, `abel` or `module` instead.
⚠ [8901/8916] Replayed Poincare.D12.HeatSemigroup.Smoothing
warning: Poincare/D12/HeatSemigroup/Smoothing.lean:63:6: `ContinuousLinearMap.smul_apply` has been deprecated: Use `smul_apply` instead

Note: The updated constant is in a different namespace. Dot notation may need to be changed (e.g., from `x.smul_apply` to `smul_apply x`).
warning: Poincare/D12/HeatSemigroup/Smoothing.lean:76:43: `ContinuousLinearMap.smul_apply` has been deprecated: Use `smul_apply` instead

Note: The updated constant is in a different namespace. Dot notation may need to be changed (e.g., from `x.smul_apply` to `smul_apply x`).
info: Poincare/D12/HeatSemigroup/Smoothing.lean:113:6: Try this:
  [apply] ring_nf
  
  The `ring` tactic failed to close the goal. Use `ring_nf` to obtain a normal form.
    
  Note that `ring` works primarily in *commutative* rings. If you have a noncommutative ring, abelian group or module, consider using `noncomm_ring`, `abel` or `module` instead.
warning: Poincare/D12/HeatSemigroup/Smoothing.lean:116:17: `ContinuousLinearMap.coe_smul'` has been deprecated: Use `FunLike.coe_smul` instead

Note: The updated constant is in a different namespace. Dot notation may need to be changed (e.g., from `x.coe_smul'` to `FunLike.coe_smul x`).
warning: Poincare/D12/HeatSemigroup/Smoothing.lean:116:48: `ContinuousLinearMap.coe_smul` has been deprecated: Use `ContinuousLinearMap.toLinearMap_smul` instead
info: Poincare/D12/HeatSemigroup/Smoothing.lean:121:6: Try this:
  [apply] ring_nf
  
  The `ring` tactic failed to close the goal. Use `ring_nf` to obtain a normal form.
    
  Note that `ring` works primarily in *commutative* rings. If you have a noncommutative ring, abelian group or module, consider using `noncomm_ring`, `abel` or `module` instead.
warning: Poincare/D12/HeatSemigroup/Smoothing.lean:128:15: `ContinuousLinearMap.coe_smul'` has been deprecated: Use `FunLike.coe_smul` instead

Note: The updated constant is in a different namespace. Dot notation may need to be changed (e.g., from `x.coe_smul'` to `FunLike.coe_smul x`).
warning: Poincare/D12/HeatSemigroup/Smoothing.lean:116:48: This simp argument is unused:
  ContinuousLinearMap.coe_smul

Hint: Omit it from the simp argument list.
  [apply] simp only [ContinuousLinearMap.coe_smul', Pi.smul_apply, smul_eq_mul, innerCLM, ContinuousLinearMap.coe_mk',
    LinearMap.coe_mk, AddHom.coe_mk, innerSL_apply_apply]

Note: This linter can be disabled with `set_option linter.unusedSimpArgs false`
warning: Poincare/D12/HeatSemigroup/Smoothing.lean:117:21: This simp argument is unused:
  innerCLM

Hint: Omit it from the simp argument list.
  [apply] simp only [ContinuousLinearMap.coe_smul', ContinuousLinearMap.coe_smul, Pi.smul_apply, smul_eq_mul,
    ContinuousLinearMap.coe_mk', LinearMap.coe_mk, AddHom.coe_mk, innerSL_apply_apply]

Note: This linter can be disabled with `set_option linter.unusedSimpArgs false`
warning: Poincare/D12/HeatSemigroup/Smoothing.lean:117:31: This simp argument is unused:
  ContinuousLinearMap.coe_mk'

Hint: Omit it from the simp argument list.
  [apply] simp only [ContinuousLinearMap.coe_smul', ContinuousLinearMap.coe_smul, Pi.smul_apply, smul_eq_mul, innerCLM,
    LinearMap.coe_mk, AddHom.coe_mk, innerSL_apply_apply]

Note: This linter can be disabled with `set_option linter.unusedSimpArgs false`
warning: Poincare/D12/HeatSemigroup/Smoothing.lean:117:60: This simp argument is unused:
  LinearMap.coe_mk

Hint: Omit it from the simp argument list.
  [apply] simp only [ContinuousLinearMap.coe_smul', ContinuousLinearMap.coe_smul, Pi.smul_apply, smul_eq_mul, innerCLM,
    ContinuousLinearMap.coe_mk', AddHom.coe_mk, innerSL_apply_apply]

Note: This linter can be disabled with `set_option linter.unusedSimpArgs false`
warning: Poincare/D12/HeatSemigroup/Smoothing.lean:117:78: This simp argument is unused:
  AddHom.coe_mk

Hint: Omit it from the simp argument list.
  [apply] simp only [ContinuousLinearMap.coe_smul', ContinuousLinearMap.coe_smul, Pi.smul_apply, smul_eq_mul, innerCLM,
    ContinuousLinearMap.coe_mk', LinearMap.coe_mk, innerSL_apply_apply]

Note: This linter can be disabled with `set_option linter.unusedSimpArgs false`
info: Poincare/D12/HeatSemigroup/Smoothing.lean:351:2: Try this:
  [apply] ring_nf
  
  The `ring` tactic failed to close the goal. Use `ring_nf` to obtain a normal form.
    
  Note that `ring` works primarily in *commutative* rings. If you have a noncommutative ring, abelian group or module, consider using `noncomm_ring`, `abel` or `module` instead.
warning: Poincare/D12/HeatSemigroup/Smoothing.lean:350:2: Unused tactic linter: `congr 1` does nothing

Note: This linter can be disabled with `set_option linter.unusedTactic false`
ℹ [8904/8916] Replayed Poincare.D12.HeatSemigroup.Semigroup
info: Poincare/D12/HeatSemigroup/Semigroup.lean:98:4: Try this:
  [apply] abel_nf
⚠ [8908/8916] Replayed Poincare.D12.ParabolicLocal.GaussianSemigroup
info: Poincare/D12/ParabolicLocal/GaussianSemigroup.lean:189:22: Try this:
  [apply] abel_nf
warning: Poincare/D12/ParabolicLocal/GaussianSemigroup.lean:608:2: try 'simp' instead of 'simpa'

Note: This linter can be disabled with `set_option linter.unnecessarySimpa false`
warning: Poincare/D12/ParabolicLocal/GaussianSemigroup.lean:617:2: try 'simp' instead of 'simpa'

Note: This linter can be disabled with `set_option linter.unnecessarySimpa false`
warning: Poincare/D12/ParabolicLocal/GaussianSemigroup.lean:680:19: try 'simp' instead of 'simpa'

Note: This linter can be disabled with `set_option linter.unnecessarySimpa false`
⚠ [8909/8916] Replayed Poincare.D12.ParabolicLocal.GaussianSetup
warning: Poincare/D12/ParabolicLocal/GaussianSetup.lean:96:8: try 'simp' instead of 'simpa'

Note: This linter can be disabled with `set_option linter.unnecessarySimpa false`
⚠ [8910/8916] Replayed Poincare.D12.ParabolicLocal.Examples
warning: Poincare/D12/ParabolicLocal/Examples.lean:59:10: try 'simp' instead of 'simpa'

Note: This linter can be disabled with `set_option linter.unnecessarySimpa false`
warning: Poincare/D12/ParabolicLocal/Examples.lean:77:57: Variable name `hT` is not explicitly referenced.

Hint: The binding can be removed (if unused) or named `_` (if used implicitly). Alternatively, prefix the name with `_` to silence this warning:
  [apply] _hT

Note: This linter can be disabled with `set_option linter.unusedVariables false`
warning: Poincare/D12/ParabolicLocal/Examples.lean:140:5: Variable name `hK` is not explicitly referenced.

Hint: The binding can be removed (if unused) or named `_` (if used implicitly). Alternatively, prefix the name with `_` to silence this warning:
  [apply] _hK

Note: This linter can be disabled with `set_option linter.unusedVariables false`
warning: Poincare/D12/ParabolicLocal/Examples.lean:243:2: Try this: intro u h
⚠ [8911/8916] Replayed Poincare.D12.ParabolicLocal.Obligations
warning: Poincare/D12/ParabolicLocal/Obligations.lean:110:17: try 'simp' instead of 'simpa'

Note: This linter can be disabled with `set_option linter.unnecessarySimpa false`
warning: Poincare/D12/ParabolicLocal/Obligations.lean:209:13: Variable name `ht` is not explicitly referenced.

Hint: The binding can be removed (if unused) or named `_` (if used implicitly). Alternatively, prefix the name with `_` to silence this warning:
  [apply] _ht

Note: This linter can be disabled with `set_option linter.unusedVariables false`
warning: Poincare/D12/ParabolicLocal/Obligations.lean:223:40: Variable name `ht` is not explicitly referenced.

Hint: The binding can be removed (if unused) or named `_` (if used implicitly). Alternatively, prefix the name with `_` to silence this warning:
  [apply] _ht

Note: This linter can be disabled with `set_option linter.unusedVariables false`
warning: Poincare/D12/ParabolicLocal/Obligations.lean:224:5: Variable name `hf` is not explicitly referenced.

Hint: The binding can be removed (if unused) or named `_` (if used implicitly). Alternatively, prefix the name with `_` to silence this warning:
  [apply] _hf

Note: This linter can be disabled with `set_option linter.unusedVariables false`
ℹ [8916/8916] Built Poincare.L3.HeatTimeDeriv.Audit (3.9s)
info: Poincare/L3/HeatTimeDeriv/Audit.lean:47:0: 'Poincare.L3.HeatTimeDeriv.timeCoeff' depends on axioms: [propext, Classical.choice, Quot.sound]
info: Poincare/L3/HeatTimeDeriv/Audit.lean:48:0: 'Poincare.L3.HeatTimeDeriv.timeDerivKernel' depends on axioms: [propext, Classical.choice, Quot.sound]
info: Poincare/L3/HeatTimeDeriv/Audit.lean:49:0: 'Poincare.L3.HeatTimeDeriv.timeDerivBound' depends on axioms: [propext, Classical.choice, Quot.sound]
info: Poincare/L3/HeatTimeDeriv/Audit.lean:50:0: 'Poincare.L3.HeatTimeDeriv.timeDerivBound_nonneg' depends on axioms: [propext, Classical.choice, Quot.sound]
info: Poincare/L3/HeatTimeDeriv/Audit.lean:51:0: 'Poincare.L3.HeatTimeDeriv.norm_timeDerivKernel_le' depends on axioms: [propext, Classical.choice, Quot.sound]
info: Poincare/L3/HeatTimeDeriv/Audit.lean:52:0: 'Poincare.L3.HeatTimeDeriv.normSq_mul_exp_neg_le' depends on axioms: [propext, Classical.choice, Quot.sound]
info: Poincare/L3/HeatTimeDeriv/Audit.lean:53:0: 'Poincare.L3.HeatTimeDeriv.integrable_gaussianKernel_mul_normSq' depends on axioms: [propext,
 Classical.choice,
 Quot.sound]
info: Poincare/L3/HeatTimeDeriv/Audit.lean:54:0: 'Poincare.L3.HeatTimeDeriv.integrable_gaussianKernel_mul_coeff' depends on axioms: [propext,
 Classical.choice,
 Quot.sound]
info: Poincare/L3/HeatTimeDeriv/Audit.lean:55:0: 'Poincare.L3.HeatTimeDeriv.integrable_timeDerivBound' depends on axioms: [propext, Classical.choice, Quot.sound]
info: Poincare/L3/HeatTimeDeriv/Audit.lean:56:0: 'Poincare.L3.HeatTimeDeriv.hasDerivAt_heatOperator' depends on axioms: [propext, Classical.choice, Quot.sound]
info: Poincare/L3/HeatTimeDeriv/Audit.lean:57:0: 'Poincare.L3.HeatTimeDeriv.heatOperator_time_deriv_eq_kernelLaplacian' depends on axioms: [propext,
 Classical.choice,
 Quot.sound]
info: Poincare/L3/HeatTimeDeriv/Audit.lean:58:0: 'Poincare.L3.HeatTimeDeriv.hasDerivAt_heatOperator_kernelLaplacian' depends on axioms: [propext,
 Classical.choice,
 Quot.sound]
info: Poincare/L3/HeatTimeDeriv/Audit.lean:59:0: 'Poincare.L3.HeatTimeDeriv.heatOperator_const' depends on axioms: [propext, Classical.choice, Quot.sound]
info: Poincare/L3/HeatTimeDeriv/Audit.lean:60:0: 'Poincare.L3.HeatTimeDeriv.hasDerivAt_heatOperator_const' depends on axioms: [propext, Classical.choice, Quot.sound]
info: Poincare/L3/HeatTimeDeriv/Audit.lean:61:0: 'Poincare.L3.HeatTimeDeriv.integral_timeDerivKernel_mul_const' depends on axioms: [propext,
 Classical.choice,
 Quot.sound]
info: Poincare/L3/HeatTimeDeriv/Audit.lean:62:0: 'Poincare.L3.HeatTimeDeriv.timeDerivIntegral' depends on axioms: [propext, Classical.choice, Quot.sound]
info: Poincare/L3/HeatTimeDeriv/Audit.lean:63:0: 'Poincare.L3.HeatTimeDeriv.hasDerivAt_heatConv_apply' depends on axioms: [propext, Classical.choice, Quot.sound]
info: Poincare/L3/HeatTimeDeriv/Audit.lean:64:0: 'Poincare.L3.HeatTimeDeriv.hasDerivAt_heatConv_apply_kernelLaplacian' depends on axioms: [propext,
 Classical.choice,
 Quot.sound]
info: Poincare/L3/HeatTimeDeriv/Audit.lean:65:0: 'Poincare.L3.HeatTimeDeriv.mildToClassicalBridge_pointwise' depends on axioms: [propext, Classical.choice, Quot.sound]
info: Poincare/L3/HeatTimeDeriv/Audit.lean:66:0: 'Poincare.L3.HeatTimeDeriv.mildToClassicalBridge_holds' depends on axioms: [propext, Classical.choice, Quot.sound]
info: Poincare/L3/HeatTimeDeriv/Audit.lean:67:0: 'Poincare.L3.HeatTimeDeriv.mildToClassicalBridge_const' depends on axioms: [propext, Classical.choice, Quot.sound]
info: Poincare/L3/HeatTimeDeriv/Audit.lean:68:0: 'Poincare.L3.HeatTimeDeriv.KernelClassicalHeatSolution' depends on axioms: [propext, Classical.choice, Quot.sound]
info: Poincare/L3/HeatTimeDeriv/Audit.lean:69:0: 'Poincare.L3.HeatTimeDeriv.heatConv_classicalHeatSolution' depends on axioms: [propext, Classical.choice, Quot.sound]
info: Poincare/L3/HeatTimeDeriv/Audit.lean:70:0: 'Poincare.L3.HeatTimeDeriv.UniformMildToClassicalBridge' depends on axioms: [propext, Classical.choice, Quot.sound]
info: Poincare/L3/HeatTimeDeriv/Audit.lean:71:0: 'Poincare.L3.HeatTimeDeriv.mildToClassicalBridge_of_uniform' depends on axioms: [propext, Classical.choice, Quot.sound]
info: Poincare/L3/HeatTimeDeriv/Audit.lean:72:0: 'Poincare.L3.HeatTimeDeriv.SpatialLaplacianBridge' depends on axioms: [propext, Classical.choice, Quot.sound]
info: Poincare/L3/HeatTimeDeriv/Audit.lean:73:0: 'Poincare.L3.HeatTimeDeriv.integrable_timeDerivBound_one' depends on axioms: [propext, Classical.choice, Quot.sound]
info: Poincare/L3/HeatTimeDeriv/Audit.lean:74:0: 'Poincare.L3.HeatTimeDeriv.norm_timeDerivKernel_le_normalized' depends on axioms: [propext,
 Classical.choice,
 Quot.sound]
info: Poincare/L3/HeatTimeDeriv/Audit.lean:75:0: 'Poincare.L3.HeatTimeDeriv.norm_timeDerivKernel_le_normalized_self' depends on axioms: [propext,
 Classical.choice,
 Quot.sound]
info: Poincare/L3/HeatTimeDeriv/Audit.lean:76:0: 'Poincare.L3.HeatTimeDeriv.continuous_timeDerivKernel' depends on axioms: [propext, Classical.choice, Quot.sound]
info: Poincare/L3/HeatTimeDeriv/Audit.lean:77:0: 'Poincare.L3.HeatTimeDeriv.integrable_abs_timeDerivKernel_sub' depends on axioms: [propext,
 Classical.choice,
 Quot.sound]
info: Poincare/L3/HeatTimeDeriv/Audit.lean:78:0: 'Poincare.L3.HeatTimeDeriv.tendsto_integral_abs_timeDerivKernel_sub' depends on axioms: [propext,
 Classical.choice,
 Quot.sound]
info: Poincare/L3/HeatTimeDeriv/Audit.lean:79:0: 'Poincare.L3.HeatTimeDeriv.timeDerivIntegral_eq_translate' depends on axioms: [propext, Classical.choice, Quot.sound]
info: Poincare/L3/HeatTimeDeriv/Audit.lean:80:0: 'Poincare.L3.HeatTimeDeriv.integrable_timeDerivKernel_mul' depends on axioms: [propext, Classical.choice, Quot.sound]
info: Poincare/L3/HeatTimeDeriv/Audit.lean:81:0: 'Poincare.L3.HeatTimeDeriv.abs_timeDerivIntegral_sub_le' depends on axioms: [propext, Classical.choice, Quot.sound]
info: Poincare/L3/HeatTimeDeriv/Audit.lean:82:0: 'Poincare.L3.HeatTimeDeriv.exists_slope_eq_timeDerivIntegral' depends on axioms: [propext, Classical.choice, Quot.sound]
info: Poincare/L3/HeatTimeDeriv/Audit.lean:83:0: 'Poincare.L3.HeatTimeDeriv.uniformMildToClassicalBridge_holds' depends on axioms: [propext,
 Classical.choice,
 Quot.sound]
info: Poincare/L3/HeatTimeDeriv/Audit.lean:84:0: 'Poincare.L3.HeatTimeDeriv.continuous_timeDerivIntegral' depends on axioms: [propext, Classical.choice, Quot.sound]
info: Poincare/L3/HeatTimeDeriv/Audit.lean:85:0: 'Poincare.L3.HeatTimeDeriv.norm_timeDerivIntegral_le' depends on axioms: [propext, Classical.choice, Quot.sound]
info: Poincare/L3/HeatTimeDeriv/Audit.lean:86:0: 'Poincare.L3.HeatTimeDeriv.timeDerivBCF' depends on axioms: [propext, Classical.choice, Quot.sound]
info: Poincare/L3/HeatTimeDeriv/Audit.lean:87:0: 'Poincare.L3.HeatTimeDeriv.timeDerivBCF_apply' depends on axioms: [propext, Classical.choice, Quot.sound]
info: Poincare/L3/HeatTimeDeriv/Audit.lean:88:0: 'Poincare.L3.HeatTimeDeriv.hasDerivAt_heatConv_BCF' depends on axioms: [propext, Classical.choice, Quot.sound]
info: Poincare/L3/HeatTimeDeriv/Audit.lean:92:0: 'Poincare.D12.ParabolicLocal.mildToClassicalBridge' depends on axioms: [propext, Classical.choice, Quot.sound]
info: Poincare/L3/HeatTimeDeriv/Audit.lean:93:0: 'Poincare.D12.ParabolicLocal.heatConv' depends on axioms: [propext, Classical.choice, Quot.sound]
info: Poincare/L3/HeatTimeDeriv/Audit.lean:94:0: 'Poincare.D12.ParabolicLocal.heatConv_apply' depends on axioms: [propext, Classical.choice, Quot.sound]
info: Poincare/L3/HeatTimeDeriv/Audit.lean:95:0: 'Poincare.D12.ParabolicLocal.heatConv_tendsto_self_BUC' depends on axioms: [propext, Classical.choice, Quot.sound]
info: Poincare/L3/HeatTimeDeriv/Audit.lean:96:0: 'Poincare.D10.HeatKernelEuclidean.hasDerivAt_gaussianKernel' depends on axioms: [propext, Classical.choice, Quot.sound]
info: Poincare/L3/HeatTimeDeriv/Audit.lean:97:0: 'Poincare.D10.HeatKernelEuclidean.laplacian_gaussianKernel' depends on axioms: [propext, Classical.choice, Quot.sound]
info: Poincare/L3/HeatTimeDeriv/Audit.lean:98:0: 'Poincare.D12.HeatSemigroup.heatOperator' depends on axioms: [propext, Classical.choice, Quot.sound]
info: Poincare/L3/HeatTimeDeriv/Audit.lean:99:0: 'Poincare.D12.HeatSemigroup.gaussianKernel_interval_bound' depends on axioms: [propext, Classical.choice, Quot.sound]
info: Poincare/L3/HeatTimeDeriv/Audit.lean:100:0: 'Poincare.D12.HeatSemigroup.gaussianKernel_interval_bound_le' depends on axioms: [propext, Classical.choice, Quot.sound]
info: Poincare/L3/HeatTimeDeriv/Audit.lean:104:0: fun {t} =>
  Poincare.L3.HeatTimeDeriv.mildToClassicalBridge_holds
    3 : ∀ {t : ℝ},
  0 < t →
    ∀ (f : Poincare.D12.ParabolicLocal.BUCn 3),
      HasDerivAt (fun s x => (Poincare.D12.ParabolicLocal.heatConv 3 s f.val) x)
        (fun x =>
          ∫ (y : EuclideanSpace ℝ (Fin 3)),
            Poincare.D10.HeatKernelEuclidean.gaussianKernel 3 t (x - y) * (‖x - y‖ ^ 2 / (4 * t ^ 2) - ↑3 / (2 * t)) *
              f.val y)
        t
info: Poincare/L3/HeatTimeDeriv/Audit.lean:106:0: fun f =>
  (Poincare.L3.HeatTimeDeriv.heatConv_classicalHeatSolution 2
      f).isSolution : ∀ (f : Poincare.D12.ParabolicLocal.BUCn 2),
  ∀ t ∈ Set.Ioo 0 (Poincare.L3.HeatTimeDeriv.heatConv_classicalHeatSolution 2 f).T,
    ∀ (x : EuclideanSpace ℝ (Fin 2)),
      HasDerivAt (fun s => ((Poincare.L3.HeatTimeDeriv.heatConv_classicalHeatSolution 2 f).u s) x)
        (∫ (y : EuclideanSpace ℝ (Fin 2)),
          Laplacian.laplacian (Poincare.D10.HeatKernelEuclidean.gaussianKernel 2 t) (x - y) *
            (Poincare.L3.HeatTimeDeriv.heatConv_classicalHeatSolution 2 f).u₀ y)
        t
info: Poincare/L3/HeatTimeDeriv/Audit.lean:108:0: fun f x =>
  Poincare.L3.HeatTimeDeriv.hasDerivAt_heatConv_apply 1
    (Mathlib.Meta.NormNum.isNat_lt_true (Mathlib.Meta.NormNum.isNat_ofNat ℝ Nat.cast_zero)
      (Mathlib.Meta.NormNum.isNat_ofNat ℝ Nat.cast_one) (Eq.refl false))
    f
    x : ∀ (f : Poincare.D12.ParabolicLocal.BUCn 1) (x : EuclideanSpace ℝ (Fin 1)),
  HasDerivAt (fun s => (Poincare.D12.ParabolicLocal.heatConv 1 s f.val) x)
    (Poincare.L3.HeatTimeDeriv.timeDerivIntegral 1 1 (⇑f.val) x) 1
info: Poincare/L3/HeatTimeDeriv/Audit.lean:111:0: fun n =>
  Poincare.L3.HeatTimeDeriv.mildToClassicalBridge_of_uniform n fun {t} =>
    Poincare.L3.HeatTimeDeriv.uniformMildToClassicalBridge_holds
      n : ∀ (n : ℕ),
  0 < ?m.3 n →
    ∀ (f : Poincare.D12.ParabolicLocal.BUCn n),
      HasDerivAt (fun s x => (Poincare.D12.ParabolicLocal.heatConv n s f.val) x)
        (fun x =>
          ∫ (y : EuclideanSpace ℝ (Fin n)),
            Poincare.D10.HeatKernelEuclidean.gaussianKernel n (?m.3 n) (x - y) *
                (‖x - y‖ ^ 2 / (4 * ?m.3 n ^ 2) - ↑n / (2 * ?m.3 n)) *
              f.val y)
        (?m.3 n)
info: Poincare/L3/HeatTimeDeriv/Audit.lean:113:0: fun n f =>
  Poincare.L3.HeatTimeDeriv.hasDerivAt_heatConv_BCF n
    (Mathlib.Meta.NormNum.isNat_lt_true (Mathlib.Meta.NormNum.isNat_ofNat ℝ Nat.cast_zero)
      (Mathlib.Meta.NormNum.isNat_ofNat ℝ Nat.cast_one) (Eq.refl false))
    f : ∀ (n : ℕ) (f : Poincare.D12.ParabolicLocal.BUCn n),
  HasDerivAt (fun s => Poincare.D12.ParabolicLocal.heatConv n s f.val) (Poincare.L3.HeatTimeDeriv.timeDerivBCF n ⋯ f) 1
info: Poincare/L3/HeatTimeDeriv/Audit.lean:175:0: L3HeatTimeDerivAxiomCheck: PASS — all 51 audited declarations depend only on [propext, Classical.choice, Quot.sound]
Build completed successfully (8916 jobs).
