SEMREV-CONSUMER|ENV|constants|805395
SEMREV-CONSUMER|Poincare.L3.HeatTimeDeriv.KernelClassicalHeatSolution.T|def|Poincare.L3.HeatTimeDeriv.KernelClassicalHeatSolution|type+value|internal
SEMREV-CONSUMER|Poincare.L3.HeatTimeDeriv.KernelClassicalHeatSolution.u|def|Poincare.L3.HeatTimeDeriv.KernelClassicalHeatSolution|type+value|internal
SEMREV-CONSUMER|Poincare.L3.HeatTimeDeriv.KernelClassicalHeatSolution.isSolution|theorem|Poincare.L3.HeatTimeDeriv.KernelClassicalHeatSolution|type+value|internal
SEMREV-CONSUMER|Poincare.L3.HeatTimeDeriv.mildToClassicalBridge_pointwise|theorem|Poincare.L3.HeatTimeDeriv.hasDerivAt_heatConv_apply|value|internal
SEMREV-CONSUMER|Poincare.L3.HeatTimeDeriv.KernelClassicalHeatSolution.noConfusionType|def|Poincare.L3.HeatTimeDeriv.KernelClassicalHeatSolution|type+value|internal
SEMREV-CONSUMER|Poincare.L3.HeatTimeDeriv.KernelClassicalHeatSolution.noConfusion|def|Poincare.L3.HeatTimeDeriv.KernelClassicalHeatSolution|type+value|internal
SEMREV-CONSUMER|Poincare.L3.HeatTimeDeriv.KernelClassicalHeatSolution.mk.inj|theorem|Poincare.L3.HeatTimeDeriv.KernelClassicalHeatSolution|type+value|internal
SEMREV-CONSUMER|Poincare.L3.HeatTimeDeriv.heatConv_classicalHeatSolution|def|Poincare.L3.HeatTimeDeriv.KernelClassicalHeatSolution|type|internal
SEMREV-CONSUMER|Poincare.L3.HeatTimeDeriv.timeDerivBCF_apply|theorem|Poincare.L3.HeatTimeDeriv.timeDerivBCF|type+value|internal
SEMREV-CONSUMER|Poincare.L3.HeatTimeDeriv.KernelClassicalHeatSolution.rec|rec|Poincare.L3.HeatTimeDeriv.KernelClassicalHeatSolution|type|internal
SEMREV-CONSUMER|Poincare.L3.HeatTimeDeriv.KernelClassicalHeatSolution.T_pos|theorem|Poincare.L3.HeatTimeDeriv.KernelClassicalHeatSolution|type+value|internal
SEMREV-CONSUMER|Poincare.L3.HeatTimeDeriv.hasDerivAt_heatConv_BCF|theorem|Poincare.L3.HeatTimeDeriv.timeDerivBCF,Poincare.L3.HeatTimeDeriv.uniformMildToClassicalBridge_holds|type+value|internal
SEMREV-CONSUMER|Poincare.L3.HeatTimeDeriv.heatConv_classicalHeatSolution._proof_3|theorem|Poincare.L3.HeatTimeDeriv.hasDerivAt_heatConv_apply_kernelLaplacian|value|internal
SEMREV-CONSUMER|Poincare.L3.HeatTimeDeriv.timeDerivBCF.congr_simp|theorem|Poincare.L3.HeatTimeDeriv.timeDerivBCF|type+value|internal
SEMREV-CONSUMER|Poincare.L3.HeatTimeDeriv.KernelClassicalHeatSolution.u₀|def|Poincare.L3.HeatTimeDeriv.KernelClassicalHeatSolution|type+value|internal
SEMREV-CONSUMER|Poincare.L3.HeatTimeDeriv.exists_slope_eq_timeDerivIntegral|theorem|Poincare.L3.HeatTimeDeriv.hasDerivAt_heatConv_apply|value|internal
SEMREV-CONSUMER|Poincare.L3.HeatTimeDeriv.KernelClassicalHeatSolution.mk.noConfusion|def|Poincare.L3.HeatTimeDeriv.KernelClassicalHeatSolution|type+value|internal
SEMREV-CONSUMER|Poincare.L3.HeatTimeDeriv.KernelClassicalHeatSolution.initial|theorem|Poincare.L3.HeatTimeDeriv.KernelClassicalHeatSolution|type+value|internal
SEMREV-CONSUMER|Poincare.L3.HeatTimeDeriv.KernelClassicalHeatSolution._sizeOf_1|def|Poincare.L3.HeatTimeDeriv.KernelClassicalHeatSolution|type+value|internal
SEMREV-CONSUMER|Poincare.L3.HeatTimeDeriv.KernelClassicalHeatSolution.casesOn|def|Poincare.L3.HeatTimeDeriv.KernelClassicalHeatSolution|type+value|internal
SEMREV-CONSUMER|Poincare.L3.HeatTimeDeriv.KernelClassicalHeatSolution.mk._flat_ctor|def|Poincare.L3.HeatTimeDeriv.KernelClassicalHeatSolution|type|internal
SEMREV-CONSUMER|Poincare.L3.HeatTimeDeriv.KernelClassicalHeatSolution.mk|ctor|Poincare.L3.HeatTimeDeriv.KernelClassicalHeatSolution|type|internal
SEMREV-CONSUMER|Poincare.L3.HeatTimeDeriv.KernelClassicalHeatSolution._sizeOf_inst|def|Poincare.L3.HeatTimeDeriv.KernelClassicalHeatSolution|type+value|internal
SEMREV-CONSUMER|Poincare.L3.HeatTimeDeriv.mildToClassicalBridge_holds|theorem|Poincare.L3.HeatTimeDeriv.mildToClassicalBridge_pointwise|value|internal
SEMREV-CONSUMER|Poincare.L3.HeatTimeDeriv.KernelClassicalHeatSolution.mk.injEq|theorem|Poincare.L3.HeatTimeDeriv.KernelClassicalHeatSolution|type+value|internal
SEMREV-CONSUMER|Poincare.L3.HeatTimeDeriv.KernelClassicalHeatSolution.ctorIdx|def|Poincare.L3.HeatTimeDeriv.KernelClassicalHeatSolution|type+value|internal
SEMREV-CONSUMER|Poincare.L3.HeatTimeDeriv.KernelClassicalHeatSolution.mk.sizeOf_spec|theorem|Poincare.L3.HeatTimeDeriv.KernelClassicalHeatSolution|type|internal
SEMREV-CONSUMER|Poincare.L3.HeatTimeDeriv.KernelClassicalHeatSolution.recOn|def|Poincare.L3.HeatTimeDeriv.KernelClassicalHeatSolution|type+value|internal
SEMREV-CONSUMER-SUMMARY|Poincare.L3.HeatTimeDeriv.mildToClassicalBridge_holds|0|external|0
SEMREV-CONSUMER-SUMMARY|Poincare.L3.HeatTimeDeriv.mildToClassicalBridge_pointwise|1|external|0
SEMREV-CONSUMER-SUMMARY|Poincare.L3.HeatTimeDeriv.mildToClassicalBridge_of_uniform|0|external|0
SEMREV-CONSUMER-SUMMARY|Poincare.L3.HeatTimeDeriv.uniformMildToClassicalBridge_holds|1|external|0
SEMREV-CONSUMER-SUMMARY|Poincare.L3.HeatTimeDeriv.hasDerivAt_heatConv_BCF|0|external|0
SEMREV-CONSUMER-SUMMARY|Poincare.L3.HeatTimeDeriv.heatConv_classicalHeatSolution|0|external|0
SEMREV-CONSUMER-SUMMARY|Poincare.L3.HeatTimeDeriv.KernelClassicalHeatSolution|21|external|0
SEMREV-CONSUMER-SUMMARY|Poincare.L3.HeatTimeDeriv.SpatialLaplacianBridge|0|external|0
SEMREV-CONSUMER-SUMMARY|Poincare.L3.HeatTimeDeriv.timeDerivBCF|3|external|0
SEMREV-CONSUMER-SUMMARY|Poincare.L3.HeatTimeDeriv.hasDerivAt_heatConv_apply|2|external|0
SEMREV-CONSUMER-SUMMARY|Poincare.L3.HeatTimeDeriv.hasDerivAt_heatConv_apply_kernelLaplacian|1|external|0
SEMREV-CONSUMER-SUMMARY|Poincare.L3.HeatTimeDeriv.mildToClassicalBridge_const|0|external|0
SEMREV-CONSUMER-SUMMARY|Poincare.L3.HeatTimeDeriv.timeDerivBCF_apply|0|external|0
SEMREV-CONSUMER-TOTAL|28|external|0

real	2m44.299s
user	2m41.240s
sys	0m3.129s
