=== ROUND 5 RELEASE-WIDE AUTHORED SWEEP 2026-09-12T04:15:52Z TOTAL=530 ===
OK Poincare/D10/GaussianToolbox/Basic.lean
OK Poincare/D10/BochnerEuclidean/Corollary.lean
OK Poincare/D10/BochnerEuclidean/Compat.lean
OK Poincare/D10/BochnerEuclidean/Axioms.lean
OK Ledger/PerelmanDefinitions.lean
OK Poincare/D10/BochnerEuclidean/Bochner.lean
OK Ledger/DefinitionSmoke.lean
OK Audit/GeometryAudit.lean
OK Poincare/D10/BochnerEuclidean/Basic.lean
OK Poincare/Basic.lean
OK Audit/CurvatureODEAudit.lean
OK Poincare/D10/GaussianToolbox/PrintAxioms.lean
OK Poincare/D10/GaussianToolbox/Multivariate.lean
OK Poincare/D10/HeatKernelEuclidean/Basic.lean
OK Poincare/D10/HeatKernelEuclidean/AxiomAudit.lean
OK Poincare/D10/GaussianToolbox/Convolution.lean
OK Audit/PromotedEvolutionAudit.lean
OK Poincare/D10/HeatKernelEuclidean/HeatEquation.lean
OK Audit/EvolutionAudit.lean
OK Poincare/D10/HeatKernelEuclidean/Mass.lean
OK Poincare/D10/JacobiConstantCurvature/AxiomAudit.lean
OK Poincare/D10/HeatKernelEuclidean/Semigroup.lean
OK Poincare/D10/JacobiConstantCurvature/Basic.lean
OK Audit/CounterexampleAudit.lean
OK D6LedgerProbe.lean
OK Poincare/D10/HeatKernelEuclidean/GaussianIntegral.lean
OK Poincare/D10/JacobiConstantCurvature/ODE.lean
OK Poincare/D10/JacobiConstantCurvature/Comparison.lean
OK D6AuditReport.lean
OK Poincare/D11/BochnerManifold/Axioms.lean
OK Poincare/D11/BochnerManifold/ModelSpace.lean
OK Poincare/D10/TriangulationLowDim/Complex.lean
OK Poincare/D11/BochnerManifold/Probe.lean
OK Poincare/D11/BochnerManifold/D7Bridge.lean
OK Poincare/D10/MaximumPrincipleRN/AxiomAudit.lean
OK Poincare/D11/BochnerManifold/Basic.lean
OK Poincare/D11/BochnerManifold/RadialBochner.lean
OK Poincare/D10/MaximumPrincipleRN/Basic.lean
OK Poincare/D10/MaximumPrincipleRN/Semidiscrete.lean
OK Poincare/D10/MaximumPrincipleRN/SecondDerivativeTest.lean
OK Poincare/D10/MaximumPrincipleRN/WeakMaximumPrinciple.lean
OK Poincare/D10/TriangulationLowDim/Audit.lean
OK Poincare/D11/ComparisonModels/Basic.lean
OK Poincare/D11/ComparisonModels/AxiomAudit.lean
OK Poincare/D11/BochnerManifold/Corollaries.lean
OK Poincare/D10/TriangulationLowDim/Moise.lean
OK Poincare/D11/ComparisonModels/ModelMetrics.lean
OK Poincare/D11/ComparisonModels/LaplacianComparison.lean
OK Poincare/D11/ComparisonModels/BishopGromov.lean
OK Poincare/D11/HeatKernelBridge/EuclideanLaplacian.lean
OK Poincare/D11/ReducedVolume/All.lean
OK Poincare/D11/HeatKernelBridge/All.lean
OK Poincare/D11/HeatKernelBridge/Basic.lean
OK Poincare/D11/HeatKernelBridge/AxiomAudit.lean
OK Poincare/D11/ReducedVolume/Audit.lean
OK Poincare/D11/HeatKernelBridge/EuclideanInstance.lean
OK Poincare/D11/MaximumPrincipleTensor/AxiomAudit.lean
OK Poincare/D11/MaximumPrincipleTensor/Flow.lean
OK Poincare/D11/ReducedVolume/Probe.lean
OK Poincare/D11/HeatKernelBridge/ZeroDimension.lean
OK Poincare/D11/ReducedVolume/Basic.lean
OK Poincare/D11/HeatKernelBridge/InitialCondition.lean
OK Poincare/D11/MaximumPrincipleTensor/Euler.lean
OK Poincare/D11/MaximumPrincipleTensor/ScalarODE.lean
OK Poincare/D11/MaximumPrincipleTensor/Basic.lean
OK Poincare/D11/SpectralTorus/AxiomsCheck.lean
OK Poincare/D11/ReducedVolume/Statements.lean
OK Poincare/D11/ReducedVolume/Volume.lean
OK Poincare/D11/ReducedVolume/StraightRays.lean
OK Poincare/D11/SpectralTorus/Basic.lean
OK Poincare/D12/ComparisonGeodesics/AxiomAudit.lean
OK Poincare/D11/SpectralTorus/Parseval.lean
OK Poincare/D12/ComparisonGeodesics/ModelEuclidean.lean
OK Poincare/D12/ComparisonGeodesics/Definitions.lean
OK Poincare/D11/SpectralTorus/Sobolev.lean
OK Poincare/D11/SpectralTorus/Laplacian.lean
OK Poincare/D12/ComparisonGeodesics/RiccatiComparison.lean
OK Poincare/D12/ComparisonGeodesics/VolumeRatio.lean
OK Poincare/D11/SpectralTorus/Poincare.lean
OK Poincare/D12/ComparisonGeodesics/SturmComparison.lean
OK Poincare/D12/ConnectionCurvature/ChartLeviCivitaForm.lean
OK Poincare/D12/ConnectionCurvature/ChartLeviCivita.lean
OK Poincare/D12/ComparisonGeodesics/SingularRiccati.lean
OK Poincare/D12/ConnectionCurvature/ChartModel1D.lean
OK Poincare/D12/ConnectionCurvature.lean
OK Poincare/D12/ConnectionCurvature/ConformalChartModel.lean
OK Poincare/D12/ConnectionCurvature/RicciSymmetry.lean
OK Poincare/D12/ConnectionCurvature/MilnorLeviCivita.lean
OK Poincare/D12/GeometricCompactness/AxiomAudit.lean
OK Poincare/D12/ConnectionCurvature/ChartLeviCivitaSmooth.lean
OK Poincare/D12/GeometricCompactness/Criterion.lean
OK Poincare/D12/ConnectionCurvature/SoThreeModel.lean
OK Poincare/D12/EntropyVariation/WeightedIntegral.lean
OK Poincare/D12/GeometricCompactness/Basic.lean
OK Poincare/D12/EntropyVariation/AxiomAudit.lean
OK Poincare/D12/GeometricCompactness/Frontier.lean
OK Poincare/D12/EntropyVariation/SignDistinction.lean
OK Poincare/D12/EntropyVariation/All.lean
OK Poincare/D12/EntropyVariation/EntropyDerivative.lean
OK Poincare/D12/GeometricCompactness/GridFamily.lean
OK Poincare/D12/HeatDomain/All.lean
OK Poincare/D12/HeatDomain/CompactCompatibility.lean
OK Poincare/D12/HeatDomain/AxiomAudit.lean
OK Poincare/D12/HeatDomain/FlatInstance.lean
OK Poincare/D12/EntropyVariation/FFlowModel.lean
OK Poincare/D12/EntropyVariation/GaussianShrinker.lean
OK Poincare/D12/HeatDomain/TestFunction.lean
OK Poincare/D12/HeatSemigroup/Example.lean
OK Poincare/D12/HeatSemigroup/Basic.lean
OK Poincare/D12/HeatSemigroup/All.lean
OK Poincare/D12/HeatDomain/Counterexample.lean
OK Poincare/D12/HeatSemigroup/L1Contraction.lean
OK Poincare/D12/HeatSemigroup/AxiomAudit.lean
OK Poincare/D12/HeatSemigroup/LinfContraction.lean
OK Poincare/D10/TriangulationLowDim/Models.lean
OK Poincare/D12/HeatSemigroup/ManifoldObligations.lean
OK Poincare/D12/KappaVariational/CurvatureEnergy.lean
OK Poincare/D12/KappaVariational/GaussianNormalization.lean
OK Poincare/D12/ParabolicLocal/BUC.lean
OK Poincare/D12/ParabolicLocal/Duhamel.lean
OK Poincare/D12/HeatSemigroup/StrongContinuityL1.lean
OK Poincare/D12/KappaVariational/All.lean
OK Poincare/D12/KappaVariational/Transfer.lean
OK Poincare/D12/KappaVariational/Statements.lean
OK Poincare/D12/HeatSemigroup/Semigroup.lean
OK Poincare/D12/HeatSemigroup/StrongContinuity.lean
OK Poincare/D12/ParabolicLocal/GaussianConv.lean
OK Poincare/D12/KappaVariational/Audit.lean
OK Poincare/D12/ParabolicLocal/MildExistence.lean
OK Poincare/D12/ParabolicLocal/DerivativeLoss.lean
OK Poincare/D12/ParabolicLocal/ParametricIntegral.lean
OK Poincare/D12/ParabolicLocal/AxiomAudit.lean
OK Poincare/D12/SpectralSobolev/All.lean
OK Poincare/D12/ParabolicLocal/Examples.lean
OK Poincare/D12/SpectralSobolev/AxiomAudit.lean
OK Poincare/D12/ParabolicLocal/GaussianSetup.lean
OK Poincare/D12/SpectralSobolev/Basic.lean
OK Poincare/D12/SpectralSobolev/Examples.lean
OK Poincare/D12/ParabolicLocal/Obligations.lean
OK Poincare/D12/SpectralSobolev/HeatConvergence.lean
OK Poincare/D12/SemanticLedger/Defect.lean
OK Poincare/D12/SpectralSobolev/Poincare.lean
OK Poincare/D12/SemanticLedger/AxiomAudit.lean
OK Poincare/D12/SemanticLedger/LedgerProbe.lean
OK Poincare/D12/SpectralSobolev/Semigroup.lean
OK Poincare/D12/SurgeryRecognition/BallGluing.lean
OK Poincare/D12/SurgeryRecognition/ConnectedSumTopology.lean
OK Poincare/D12/ParabolicLocal/GaussianSemigroup.lean
OK Poincare/D12/SurgeryRecognition/All.lean
OK Poincare/D12/TensorMaximumBochner/So3Model.lean
OK Poincare/D12/SurgeryRecognition/Audit.lean
OK Poincare/D12/TensorMaximumBochner/So3RicciFlow.lean
OK Poincare/D12/TensorMaximumBochner/So3Polynomial.lean
OK Poincare/D12/SurgeryRecognition/ExpandedInterfaces.lean
OK Poincare/D12/TensorMaximumBochner/PositivityPreservation.lean
OK Poincare/D12/TensorMaximumBochner/TangentCone.lean
OK Poincare/D12/SurgeryRecognition/DeckTrivial.lean
OK Poincare/D12/TensorMaximumBochner/Audit.lean
OK Poincare/D12/TriangulationTopology/NegControl/NegControl.lean
OK Poincare/D12/SurgeryRecognition/SphereOfSpheres.lean
OK Poincare/D12/SurgeryRecognition/CoveringRecognition.lean
OK Poincare/D12/TriangulationTopology/AxiomAudit.lean
OK Poincare/D12/TriangulationTopology/Downstream.lean
OK Poincare/D12/TriangulationTopology/CoveringLemma.lean
OK Poincare/D12/TensorMaximumBochner/BochnerIdentity.lean
OK Poincare/D12/TriangulationTopology/AntipodalQuotient.lean
OK Poincare/D12/TriangulationTopology/MoiseBranch.lean
OK Poincare/D12/TriangulationTopology/HemisphereDisk.lean
OK Poincare/D12/TriangulationTopology/SphereMissedPoint.lean
OK Poincare/D12/TriangulationTopology/SimplexBoundary.lean
OK Poincare/D12/TriangulationTopology/DiskGluing.lean
OK Poincare/D12/TriangulationTopology/SimplexCone.lean
OK Poincare/D12/TriangulationTopology/SphereOfTwoDisks.lean
OK Poincare/D12/TriangulationTopology/SphereGluing.lean
OK Poincare/D12/TensorMaximumBochner/TensorCalculus.lean
OK Poincare/D12/TriangulationTopology/SphereRecognition.lean
OK Poincare/D12/TriangulationTopology/SphereSimplyConnectedMain.lean
OK Poincare/D12/TriangulationTopology/SpherePolygonal.lean
OK Poincare/D12/VolumeIBP/Blocked.lean
OK Poincare/D12/VolumeIBP/Example.lean
OK Poincare/D12/VolumeIBP.lean
OK Poincare/D12/VolumeIBP/Basic.lean
OK Poincare/D12/HeatSemigroup/Smoothing.lean
OK Poincare/D12/VolumeIBP/Audit.lean
OK Poincare/D12/TriangulationTopology/TwoHemisphereInstance.lean
OK Poincare/D12/TriangulationTopology/SphereSimplyConnected.lean
OK Poincare/D12/VolumeIBP/ChangeOfVariables.lean
OK Poincare/D12/VolumeIBP/Compat.lean
OK Poincare/D13/CriticalPathReview/NegControl.lean
OK Poincare/D12/VolumeIBP/Regularity.lean
OK Poincare/D12/VolumeIBP/Divergence.lean
OK Poincare/D13/Audit.lean
OK Poincare/D12/VolumeIBP/IBP.lean
OK Poincare/D13/CriticalPathReview/B1DimensionOne.lean
OK Poincare/D13/CriticalPathReview/ScalarViability.lean
OK Poincare/D13/BochnerFlat.lean
OK Poincare/D13/Bridge.lean
OK Poincare/D13/CertificateOn.lean
OK Poincare/D13/CriticalPathReview/PrintAxiomsAll.lean
OK Poincare/D13/CriticalPathReview/AxiomAudit.lean
OK Poincare/D13/GaussianF.lean
OK Poincare/D13/CriticalPathReview/PrintAxioms.lean
OK Poincare/D13/CriticalPathReview/UsageProbe.lean
OK Poincare/D13/HeatBridge.lean
OK Poincare/D13/GaussianMoment.lean
OK Poincare/D13/ManifoldIBP/Blocked.lean
OK Poincare/D13/ManifoldIBP/ChartSum.lean
OK Poincare/D13/HeatKernelBridge.lean
OK Poincare/D13/ManifoldIBP/GlobalIBP.lean
OK Poincare/D13/ManifoldIBP/DisjointModel.lean
OK Poincare/D13/ManifoldIBP/IntegrableTransfer.lean
OK Poincare/D13/ManifoldIBP/GlobalMeasure.lean
OK Poincare/D13/ManifoldIBP.lean
OK Poincare/D13/EuclideanChart.lean
OK Poincare/D13/ManifoldIBP/OverlapIBPData.lean
OK Poincare/D13/ManifoldIBP/OverlapIBP.lean
OK Poincare/D13/ManifoldIBP/OverlapModel.lean
OK Poincare/D13/ManifoldIBP/OverlapOperatorCheck.lean
OK Poincare/D13/ManifoldIBP/OverlapIBPModel.lean
OK Poincare/D13/ManifoldIBP/PartialChartModel.lean
OK Poincare/D13/ManifoldIBP/POUAssemblyAE.lean
OK Poincare/D13/ManifoldIBP/PartialChartModelPOU.lean
OK Poincare/D13/ManifoldIBP/POUAssembly.lean
OK Poincare/D13/ManifoldIBP/SmoothAtlas.lean
OK Poincare/D13/ManifoldIBP/SmoothAtlasIBP.lean
OK Poincare/D13/ManifoldIBP/POUModel.lean
OK Poincare/D13/ManifoldIBP/SmoothAtlasModel.lean
OK Poincare/D13/ManifoldIBP/SmoothAtlasPartialAE.lean
OK Poincare/D13/ManifoldIBP/POUConstruction.lean
OK Poincare/D13/CriticalPathReview/StatementAudit.lean
OK Poincare/D13/ManifoldIBP/SmoothAtlasPartial.lean
OK Poincare/D13/ManifoldIBP/VolumeFormBridge.lean
OK Poincare/D13/ManifoldIBP/Transfer.lean
OK Poincare/D13/ManifoldIBP/SmoothPartition.lean
OK Poincare/D13/Riemannian/MetricBridgeSmooth.lean
OK Poincare/D13/Riemannian/AtlasPairing.lean
OK Poincare/D13/Riemannian/AtlasBridge.lean
OK Poincare/D13/Riemannian/MetricBridge.lean
OK Poincare/D7/Bochner/Basic.lean
OK Poincare/D13/Riemannian.lean
OK Poincare/D7/Bochner/Blocked.lean
OK Poincare/D13/VolumeForm.lean
OK Poincare/D7/Bochner/Audit.lean
OK Poincare/D13/Riemannian/PullbackPairing.lean
OK Poincare/D13/VolumeForm/Transformation.lean
OK Poincare/D13/VolumeForm/Gluing.lean
OK Poincare/D7/Bochner/Euclidean.lean
OK Poincare/D7/Bochner/GradientEstimate.lean
OK Poincare/D13/VolumeForm/Basic.lean
OK Poincare/D7/Bochner/Example.lean
OK Poincare/D7/Canonical/All.lean
OK Poincare/D7/Bochner/Probe.lean
OK Poincare/D7/Canonical/Audit.lean
OK Poincare/D7/Canonical/Basic.lean
OK Poincare/D7/Canonical/Classification.lean
OK Poincare/D7/Compactness/Basic.lean
OK Poincare/D13/Riemannian/ChartMetricBridge.lean
OK Poincare/D7/Canonical/Curvature.lean
OK Poincare/D7/Compactness/TotalBounded.lean
OK Poincare/D7/Canonical/Models.lean
OK Poincare/D7/Compactness/ToyCompactness.lean
OK Poincare/D7/Canonical/Probe.lean
OK Poincare/D7/Canonical/Statements.lean
OK Poincare/D7/Compactness/All.lean
OK Poincare/D7/ConjugateHeat/All.lean
OK Poincare/D7/Compactness/Audit.lean
OK Poincare/D7/ConjugateHeat/Instance.lean
OK Poincare/D7/ConjugateHeat/Audit.lean
OK Poincare/D7/ConjugateHeat/Basic.lean
OK Poincare/D7/Compactness/ManifoldStatements.lean
OK Poincare/D7/ConjugateHeat/Blocked.lean
OK Poincare/D7/Compactness/Probe.lean
OK Poincare/D7/Compactness/Nonvacuity.lean
OK Poincare/D7/ConjugateHeat/Slab.lean
OK Poincare/D7/Curvature/Audit.lean
OK Poincare/D7/ConjugateHeat/Example.lean
OK Poincare/D7/Curvature/Basic.lean
OK Poincare/D7/Curvature/Blocked.lean
OK Poincare/D7/ConjugateHeat/Probe.lean
OK Poincare/D7/ConjugateHeat/Laplacian.lean
OK Poincare/D7/Curvature.lean
OK Poincare/D7/Curvature/Example.lean
OK Poincare/D7/Curvature/Probe.lean
OK Poincare/D7/Divergence/Blocked.lean
OK Poincare/D7/Curvature/Sectional.lean
OK Poincare/D7/Divergence/Graph.lean
OK Poincare/D7/Curvature/Bridge.lean
OK Poincare/D7/Divergence/Slab.lean
OK Poincare/D7/Divergence/Example.lean
OK Poincare/D7/Divergence.lean
OK Poincare/D7/Divergence/Basic.lean
OK Poincare/D7/Curvature/Symmetries.lean
OK Poincare/D7/Divergence/Audit.lean
OK Poincare/D7/Divergence/Probe.lean
OK Poincare/D7/Geodesic/AxiomAudit.lean
OK Poincare/D7/EvolutionSharp/AxiomAudit.lean
OK Poincare/D7/Geodesic/MathlibProbe.lean
OK Poincare/D7/Geodesic/Smoke.lean
OK Poincare/D7/EvolutionSharp/FunctionalSharp.lean
OK Poincare/D7/EvolutionSharp/Certificates.lean
OK Poincare/D7/Geodesic/ManifoldInterfaces.lean
OK Poincare/D7/Geodesic/FlatUniqueness.lean
OK Poincare/D7/Geodesic/Reparam.lean
OK Poincare/D7/Geodesic/MetricSpeed.lean
OK Poincare/D7/Geodesic/Basic.lean
OK Poincare/D7/EvolutionSharp/GibbsSharp.lean
OK Poincare/D7/EvolutionSharp/Implications.lean
OK Poincare/D7/EvolutionSharp/Witnesses.lean
OK Poincare/D7/EvolutionSharp/ReleaseAudit.lean
OK Poincare/D7/HeatKernel/All.lean
OK Poincare/D7/HeatKernel/Audit.lean
OK Poincare/D7/HeatKernel/Blocked.lean
OK Poincare/D7/HeatKernel/Content.lean
OK Poincare/D7/HeatKernel/Basic.lean
OK Poincare/D7/HeatKernel/Example.lean
OK Poincare/D7/HeatKernel/Grid.lean
OK Poincare/D7/HeatKernel/Instance.lean
OK Poincare/D7/Kappa/EntropyBridge.lean
OK Poincare/D7/LeviCivita/Audit.lean
OK Poincare/D7/Kappa/All.lean
OK Poincare/D7/Kappa/Audit.lean
OK Poincare/D7/LeviCivita/Koszul.lean
OK Poincare/D7/HeatKernel/Probe.lean
OK Poincare/D7/Kappa/Basic.lean
OK Poincare/D7/Kappa/Statements.lean
OK Poincare/D7/Kappa/Probe.lean
OK Poincare/D7/LeviCivita/Blocked.lean
OK Poincare/D7/Kappa/Nonvacuity.lean
OK Poincare/D7/LeviCivita/Basic.lean
OK Poincare/D7/LeviCivita/Probe.lean
OK Poincare/D7/LeviCivita/Smoke.lean
OK Poincare/D7/LeviCivita/Coefficients.lean
OK Poincare/D7/Limit/All.lean
OK Poincare/D7/Limit/Audit.lean
OK Poincare/D7/Monotonicity/BochnerGradientEstimate.lean
OK Poincare/D7/Monotonicity/BochnerCertificate.lean
OK Poincare/D7/Limit/Basic.lean
OK Poincare/D7/Limit/Convergence.lean
OK Poincare/D7/Limit/ErrorRecursion.lean
OK Poincare/D7/Limit/Example.lean
OK Poincare/D7/Limit/Refinement.lean
OK Poincare/D7/Monotonicity/All.lean
OK Poincare/D7/Limit/Blocked.lean
OK Poincare/D7/Limit/Probe.lean
OK Poincare/D7/Monotonicity/Blockers.lean
OK Poincare/D7/Limit/Stability.lean
OK Poincare/D7/Monotonicity/ConjugateHeatCertificate.lean
OK Poincare/D7/Monotonicity/FMonotonicity.lean
OK Poincare/D7/Reduced/Basic.lean
OK Poincare/D7/Recognition/All.lean
OK Poincare/D7/Recognition/Assembly.lean
OK Poincare/D7/Monotonicity/ReducedVolumeInput.lean
OK Poincare/D7/Reduced/All.lean
OK Poincare/D7/Reduced/Audit.lean
OK Poincare/D7/Monotonicity/WMuMonotonicity.lean
OK Poincare/D7/Recognition/Audit.lean
OK Poincare/D7/Recognition/Basic.lean
OK Poincare/D7/Reduced/Certificate.lean
OK Poincare/D7/Monotonicity/Nonvacuity.lean
OK Poincare/D7/Recognition/Homeomorphism.lean
OK Poincare/D7/Recognition/Probe.lean
OK Poincare/D7/Reduced/Statements.lean
OK Poincare/D7/Reduced/Probe.lean
OK Poincare/D7/Reduced/Gaussian.lean
OK Poincare/D7/RicciScalar/Bridge.lean
OK Poincare/D7/RicciScalar.lean
OK Poincare/D7/RicciScalar/Basic.lean
OK Poincare/D7/RicciScalar/Audit.lean
OK Poincare/D7/RicciScalar/Probe.lean
OK Poincare/D7/RicciScalar/Example.lean
OK Poincare/D7/ShortTime/Basic.lean
OK Poincare/D7/ShortTime/Equivalence.lean
OK Poincare/D7/RicciScalar/Variation.lean
OK Poincare/D7/RicciScalar/Scalar.lean
OK Poincare/D7/ShortTime/Audit.lean
OK Poincare/D7/ShortTime/Gauge.lean
OK Poincare/D7/RicciScalar/Product.lean
OK Poincare/D7/ShortTime/ODE.lean
OK Poincare/D7/ShortTime.lean
OK Poincare/D7/ShortTime/MatrixDeriv.lean
OK Poincare/D7/ShortTime/Example.lean
OK Poincare/D7/SurgeryFlow/Extinction.lean
OK Poincare/D7/ShortTime/Statements.lean
OK Poincare/D7/ShortTime/Probe.lean
OK Poincare/D7/SurgeryFlow/Basic.lean
OK Poincare/D7/SurgeryFlow/All.lean
OK Poincare/D7/SurgeryFlow/Audit.lean
OK Poincare/D7/SurgeryFlow/Probe.lean
OK Poincare/D7/SurgeryFlow/Statements.lean
OK Poincare/D7/SurgeryFlow/Times.lean
OK Poincare/D7/TensorLaplacian/Audit.lean
OK Poincare/D7/TensorLaplacian/Blocked.lean
OK Poincare/D7/TensorLaplacian/Evolution.lean
OK Poincare/D7/TensorLaplacian.lean
OK Poincare/D7/TensorLaplacian/Basic.lean
OK Poincare/D7/Volume/Audit.lean
OK Poincare/D7/Volume/ChangeOfVariables.lean
OK Poincare/D7/TensorLaplacian/Probe.lean
OK Poincare/D7/Volume/Blocked.lean
OK Poincare/D7/Volume/Basic.lean
OK Poincare/D7/TensorLaplacian/Commutation.lean
OK Poincare/D7/Volume.lean
OK Poincare/D7/Volume/Example.lean
OK Poincare/D7/Volume/Scaling.lean
OK Poincare/D7/Volume/Probe.lean
OK Poincare/D9/AncientKappa/PrintAxioms.lean
OK Poincare/D9/AncientKappa/Classification.lean
OK Poincare/D9/AncientKappa/Basic.lean
OK Poincare/D8/Fidelity/FidelityCard.lean
OK Poincare/D7/TensorLaplacian/Example.lean
OK Poincare/D8/Fidelity/SmoothStructure.lean
OK Poincare/D8/Fidelity/MoiseData.lean
OK Poincare/D8/Fidelity/Bridge.lean
OK Poincare/D8/Fidelity/MoiseStatement.lean
OK Poincare/D9/AncientKappa/GaussianSoliton.lean
OK Poincare/D8/Fidelity/AxiomAudit.lean
OK Poincare/D9/DeTurck/StatementOnly.lean
OK Poincare/D9/CheegerGromov/AxiomAudit.lean
OK Poincare/D9/DeTurck/ConnectionLayer.lean
OK Poincare/D9/DeTurck/SymbolModel.lean
OK Poincare/D9/CheegerGromov/DiscreteModel.lean
OK Poincare/D9/CheegerGromov/CheegerGromov.lean
OK Poincare/D9/CheegerGromov/PointedConvergence.lean
OK Poincare/D9/Surfaces/All.lean
OK Poincare/D9/TensorAlgebra/Props.lean
OK Poincare/D9/TensorAlgebra/AxiomAudit.lean
OK Poincare/D9/ParabolicEstimates/Gronwall.lean
OK Poincare/D9/TensorAlgebra/Interface.lean
OK Poincare/D9/Surfaces/AxiomAudit.lean
OK Poincare/D9/ParabolicEstimates/Basic.lean
OK Poincare/D9/Surfaces/Basic.lean
OK Poincare/D9/ParabolicEstimates/AxiomAudit.lean
OK Poincare/D9/TensorAlgebra/Toy.lean
OK Poincare/D9/Surfaces/Statements.lean
OK Poincare/D9/ParabolicEstimates/Statements.lean
OK Poincare/D9/Surfaces/HomogeneousODE.lean
OK Poincare/D9/ParabolicEstimates/MatrixModel.lean
OK Poincare/L4/Compactness/CoveringStability.lean
OK Poincare/L4/Compactness/MeasureGrowthChainCircle.lean
OK Poincare/L4/Compactness/MeasureGrowthChain.lean
OK Poincare/L4/Compactness/FamilyCoversWitness.lean
OK Poincare/L4/Compactness/MeasureGrowthChainCircleFamily.lean
OK Poincare/L4/Compactness/DoublingToCovers.lean
OK Poincare/L4/Compactness/FamilyCovers.lean
OK Poincare/L4/Compactness/MeasureGrowthChainWitness.lean
OK Poincare/L4/Compactness/MeasureGrowthCovers.lean
OK Poincare/L4/AxiomAudit.lean
OK Poincare/L4/Compactness/RicciToDoublingHyperbolic.lean
OK Poincare/L4/GeodesicComparison/ConstantCurvatureRauchLower.lean
OK Poincare/L4/Compactness/RicciToDoublingHyperbolicClosedForm.lean
OK Poincare/L4/GeodesicComparison/ConstantCurvatureRauch.lean
OK Poincare/L4/GeodesicComparison/CurvatureBoundRauch.lean
OK Poincare/L4/Compactness/RicciToDoubling.lean
OK Poincare/L4/GeodesicComparison/ConjugatePointBound.lean
OK Poincare/L4/GeodesicComparison/TwoSidedSturm.lean
OK Poincare/L4/GeodesicComparison/SturmUniqueness.lean
OK Poincare/L4/GeodesicComparison/ZeroSpacing.lean
OK Poincare/L4/GeodesicComparison/SturmZeroCount.lean
OK Poincare/L4/GeodesicComparison/RauchBridge.lean
OK Poincare/L4/GeodesicComparison/DownstreamComparison.lean
OK Poincare/L4/PointedGH/AxiomAudit.lean
OK Poincare/L4/PointedGH/Family.lean
OK Poincare/L4/PointedGH/Transport.lean
OK Poincare/Longrun/CurvatureODE.lean
OK Poincare/Longrun/CurvatureODE/Evolution.lean
OK Poincare/L4/PointedGH/Instances.lean
OK Poincare/Longrun/CurvatureODE/Bridge.lean
OK Poincare/Longrun/CurvatureODE/Invariant.lean
OK Poincare/L4/ManifoldIBP/AtlasHypothesisRedundancy.lean
OK Poincare/L4/ManifoldIBP/D13HeadlineAudit.lean
OK Poincare/Longrun/CurvatureODE/ScalarODE.lean
OK Poincare/L4/ManifoldIBP/WeightedSelfAdjointness.lean
OK Poincare/Longrun/CurvatureODE/Monotonicity.lean
OK Poincare/Longrun/CurvatureODE/State.lean
OK Poincare/Longrun/Entropy/AxiomAudit.lean
OK Poincare/Longrun/Evolution/Gibbs.lean
OK Poincare/Longrun/Entropy/FiniteGeometry.lean
OK Poincare/Longrun/Entropy/Certificate.lean
OK Poincare/Longrun/Entropy/DiscreteHeat.lean
OK Poincare/Longrun/Entropy.lean
OK Poincare/Longrun/Geometry/Contraction.lean
OK Poincare/Longrun/Entropy/Bridge.lean
OK Poincare/Longrun/Entropy/Functional.lean
OK Poincare/Longrun/Geometry/ConnectionAdapter.lean
OK Poincare/Longrun/Evolution/Discrete.lean
OK Poincare/Longrun/Evolution/Continuous.lean
OK Poincare/Longrun/Evolution/Bridge.lean
OK Poincare/Longrun/Geometry.lean
OK Poincare/Longrun/Evolution/Counterexample.lean
OK Poincare/Longrun/Evolution.lean
OK Poincare/Longrun/Geometry/LeviCivitaBlocked.lean
OK Poincare/Longrun/Surgery/Axioms.lean
OK Poincare/Longrun/Surgery/Chain.lean
OK Poincare/Longrun/Evolution/Functional.lean
OK Poincare/Longrun/Geometry/MetricData.lean
OK Poincare/Longrun/Surgery.lean
OK Poincare/Longrun/Surgery/Missing.lean
OK Poincare/Longrun/Surgery/Toy.lean
OK Poincare/Longrun/Surgery/Basic.lean
OK Poincare/Longrun/PDE/DiscreteMaximumPrinciple.lean
OK Poincare/Longrun/PDE/AxiomAudit.lean
OK Poincare/Stage6/SphereSimplyConnected.lean
OK Poincare/Longrun/PDE/Energy.lean
OK Poincare/Longrun/PDE/HeatGrid.lean
OK Poincare/Stage1/RiemannAdapter.lean
OK Poincare/Longrun/PDE/ContinuousInterface.lean
OK Poincare/Stage6/TopologyBridge.lean
OK Poincare/Stage1/CurvatureAlgebra.lean
OK Poincare/VKPort/HatcherLib/Ch1/BasicConstructions.lean
OK Poincare/Longrun/Topology/AxiomAudit.lean
OK Poincare/Longrun/Topology/Basic.lean
OK Poincare/Longrun/Topology/Noncollapsing.lean
OK Poincare/Longrun/Topology/MissingTheorems.lean
OK Poincare/Longrun/Topology/Stage6Bridge.lean
OK Poincare/Longrun/Topology/CompactThreeManifold.lean
OK Poincare/Longrun/Topology/NormalizedVolume.lean
OK Poincare/VKPort/HatcherLib/Ch1/AlgebraicConstructions.lean
OK Poincare/VKPort/HatcherLib/Ch1/VanKampenGlobalSweep.lean
OK Poincare/VKPort/HatcherLib/Ch1/VanKampenWordCalculus.lean
OK Poincare/VKPort/HatcherLib/Ch1/VanKampenSubdivision.lean
OK Poincare/VKPort/HatcherLib/Ch1/VanKampenGrid.lean
OK Poincare/VKPort/HatcherLib/Ch1/VanKampenSweep.lean
OK Poincare/VKPort/HatcherLib/Ch1/VanKampenAdaptedGrid.lean
OK Poincare/VKPort/HatcherLib/VKProbe.lean
OK Poincare/VKPort/HatcherLib/Ch1/VanKampen.lean
OK ReleaseCheck.lean
OK Probe/PdeApi.lean
OK Probe/GeometryApi.lean
OK ReleaseClaims.lean
OK ReleaseAudit.lean
SWEEP_TOTAL=530 SWEEP_FAIL=0
SWEEP_DONE
