D13XMOD	Poincare.D11.BochnerManifold.Basic
D13XMOD	Poincare.D11.BochnerManifold.Corollaries
D13XMOD	Poincare.D11.BochnerManifold.D7Bridge
D13XMOD	Poincare.D11.BochnerManifold.ModelSpace
D13XMOD	Poincare.D11.BochnerManifold.RadialBochner
D13XMOD	Poincare.D11.ComparisonModels.Basic
D13XMOD	Poincare.D11.ComparisonModels.BishopGromov
D13XMOD	Poincare.D11.ComparisonModels.LaplacianComparison
D13XMOD	Poincare.D11.ComparisonModels.ModelMetrics
D13XMOD	Poincare.D11.HeatKernelBridge.AxiomAudit
D13XMOD	Poincare.D11.HeatKernelBridge.Basic
D13XMOD	Poincare.D11.HeatKernelBridge.EuclideanInstance
D13XMOD	Poincare.D11.HeatKernelBridge.EuclideanLaplacian
D13XMOD	Poincare.D11.HeatKernelBridge.InitialCondition
D13XMOD	Poincare.D11.HeatKernelBridge.ZeroDimension
D13XMOD	Poincare.D11.MaximumPrincipleTensor.Basic
D13XMOD	Poincare.D11.MaximumPrincipleTensor.Euler
D13XMOD	Poincare.D11.MaximumPrincipleTensor.Flow
D13XMOD	Poincare.D11.MaximumPrincipleTensor.ScalarODE
D13XMOD	Poincare.D11.ReducedVolume.Basic
D13XMOD	Poincare.D11.ReducedVolume.Statements
D13XMOD	Poincare.D11.ReducedVolume.StraightRays
D13XMOD	Poincare.D11.ReducedVolume.Volume
D13XMOD	Poincare.D11.SpectralTorus.Basic
D13XMOD	Poincare.D11.SpectralTorus.Laplacian
D13XMOD	Poincare.D11.SpectralTorus.Parseval
D13XMOD	Poincare.D11.SpectralTorus.Poincare
D13XMOD	Poincare.D11.SpectralTorus.Sobolev
D13XMOD	Poincare.D12.ComparisonGeodesics.Definitions
D13XMOD	Poincare.D12.ComparisonGeodesics.ModelEuclidean
D13XMOD	Poincare.D12.ComparisonGeodesics.RiccatiComparison
D13XMOD	Poincare.D12.ComparisonGeodesics.SingularRiccati
D13XMOD	Poincare.D12.ComparisonGeodesics.SturmComparison
D13XMOD	Poincare.D12.ComparisonGeodesics.VolumeRatio
D13XMOD	Poincare.D12.ConnectionCurvature.ChartLeviCivita
D13XMOD	Poincare.D12.ConnectionCurvature.ChartLeviCivitaForm
D13XMOD	Poincare.D12.ConnectionCurvature.ChartLeviCivitaSmooth
D13XMOD	Poincare.D12.ConnectionCurvature.ChartModel1D
D13XMOD	Poincare.D12.ConnectionCurvature.ConformalChartModel
D13XMOD	Poincare.D12.ConnectionCurvature.MilnorLeviCivita
D13XMOD	Poincare.D12.ConnectionCurvature.RicciSymmetry
D13XMOD	Poincare.D12.ConnectionCurvature.SoThreeModel
D13XMOD	Poincare.D12.EntropyVariation.EntropyDerivative
D13XMOD	Poincare.D12.EntropyVariation.FFlowModel
D13XMOD	Poincare.D12.EntropyVariation.GaussianShrinker
D13XMOD	Poincare.D12.EntropyVariation.SignDistinction
D13XMOD	Poincare.D12.EntropyVariation.WeightedIntegral
D13XMOD	Poincare.D12.GeometricCompactness.Basic
D13XMOD	Poincare.D12.GeometricCompactness.Criterion
D13XMOD	Poincare.D12.GeometricCompactness.Frontier
D13XMOD	Poincare.D12.GeometricCompactness.GridFamily
D13XMOD	Poincare.D12.HeatDomain.AxiomAudit
D13XMOD	Poincare.D12.HeatDomain.CompactCompatibility
D13XMOD	Poincare.D12.HeatDomain.Counterexample
D13XMOD	Poincare.D12.HeatDomain.FlatInstance
D13XMOD	Poincare.D12.HeatDomain.TestFunction
D13XMOD	Poincare.D12.HeatSemigroup.AxiomAudit
D13XMOD	Poincare.D12.HeatSemigroup.Basic
D13XMOD	Poincare.D12.HeatSemigroup.Example
D13XMOD	Poincare.D12.HeatSemigroup.L1Contraction
D13XMOD	Poincare.D12.HeatSemigroup.LinfContraction
D13XMOD	Poincare.D12.HeatSemigroup.ManifoldObligations
D13XMOD	Poincare.D12.HeatSemigroup.Semigroup
D13XMOD	Poincare.D12.HeatSemigroup.Smoothing
D13XMOD	Poincare.D12.HeatSemigroup.StrongContinuity
D13XMOD	Poincare.D12.HeatSemigroup.StrongContinuityL1
D13XMOD	Poincare.D12.KappaVariational.CurvatureEnergy
D13XMOD	Poincare.D12.KappaVariational.GaussianNormalization
D13XMOD	Poincare.D12.KappaVariational.Statements
D13XMOD	Poincare.D12.KappaVariational.Transfer
D13XMOD	Poincare.D12.ParabolicLocal.BUC
D13XMOD	Poincare.D12.ParabolicLocal.DerivativeLoss
D13XMOD	Poincare.D12.ParabolicLocal.Duhamel
D13XMOD	Poincare.D12.ParabolicLocal.Examples
D13XMOD	Poincare.D12.ParabolicLocal.GaussianConv
D13XMOD	Poincare.D12.ParabolicLocal.GaussianSemigroup
D13XMOD	Poincare.D12.ParabolicLocal.GaussianSetup
D13XMOD	Poincare.D12.ParabolicLocal.MildExistence
D13XMOD	Poincare.D12.ParabolicLocal.Obligations
D13XMOD	Poincare.D12.ParabolicLocal.ParametricIntegral
D13XMOD	Poincare.D12.SemanticLedger.AxiomAudit
D13XMOD	Poincare.D12.SemanticLedger.Defect
D13XMOD	Poincare.D12.SpectralSobolev.Basic
D13XMOD	Poincare.D12.SpectralSobolev.Examples
D13XMOD	Poincare.D12.SpectralSobolev.HeatConvergence
D13XMOD	Poincare.D12.SpectralSobolev.Poincare
D13XMOD	Poincare.D12.SpectralSobolev.Semigroup
D13XMOD	Poincare.D12.SurgeryRecognition.BallGluing
D13XMOD	Poincare.D12.SurgeryRecognition.ConnectedSumTopology
D13XMOD	Poincare.D12.SurgeryRecognition.CoveringRecognition
D13XMOD	Poincare.D12.SurgeryRecognition.DeckTrivial
D13XMOD	Poincare.D12.SurgeryRecognition.ExpandedInterfaces
D13XMOD	Poincare.D12.SurgeryRecognition.SphereOfSpheres
D13XMOD	Poincare.D12.TensorMaximumBochner.Audit
D13XMOD	Poincare.D12.TensorMaximumBochner.BochnerIdentity
D13XMOD	Poincare.D12.TensorMaximumBochner.PositivityPreservation
D13XMOD	Poincare.D12.TensorMaximumBochner.So3Model
D13XMOD	Poincare.D12.TensorMaximumBochner.So3Polynomial
D13XMOD	Poincare.D12.TensorMaximumBochner.So3RicciFlow
D13XMOD	Poincare.D12.TensorMaximumBochner.TangentCone
D13XMOD	Poincare.D12.TensorMaximumBochner.TensorCalculus
D13XMOD	Poincare.D12.TriangulationTopology.AntipodalQuotient
D13XMOD	Poincare.D12.TriangulationTopology.CoveringLemma
D13XMOD	Poincare.D12.TriangulationTopology.DiskGluing
D13XMOD	Poincare.D12.TriangulationTopology.Downstream
D13XMOD	Poincare.D12.TriangulationTopology.HemisphereDisk
D13XMOD	Poincare.D12.TriangulationTopology.MoiseBranch
D13XMOD	Poincare.D12.TriangulationTopology.SimplexBoundary
D13XMOD	Poincare.D12.TriangulationTopology.SimplexCone
D13XMOD	Poincare.D12.TriangulationTopology.SphereGluing
D13XMOD	Poincare.D12.TriangulationTopology.SphereMissedPoint
D13XMOD	Poincare.D12.TriangulationTopology.SphereOfTwoDisks
D13XMOD	Poincare.D12.TriangulationTopology.SpherePolygonal
D13XMOD	Poincare.D12.TriangulationTopology.SphereRecognition
D13XMOD	Poincare.D12.TriangulationTopology.SphereSimplyConnected
D13XMOD	Poincare.D12.TriangulationTopology.SphereSimplyConnectedMain
D13XMOD	Poincare.D12.TriangulationTopology.TwoHemisphereInstance
D13XMOD	Poincare.D12.VolumeIBP.Basic
D13XMOD	Poincare.D12.VolumeIBP.Blocked
D13XMOD	Poincare.D12.VolumeIBP.ChangeOfVariables
D13XMOD	Poincare.D12.VolumeIBP.Divergence
D13XMOD	Poincare.D12.VolumeIBP.Example
D13XMOD	Poincare.D12.VolumeIBP.IBP
D13XMOD	Poincare.D12.VolumeIBP.Regularity
D13XMOD	Poincare.VKPort.HatcherLib.Ch1.AlgebraicConstructions
D13XMOD	Poincare.VKPort.HatcherLib.Ch1.BasicConstructions
D13XMOD	Poincare.VKPort.HatcherLib.Ch1.VanKampen
D13XMOD	Poincare.VKPort.HatcherLib.Ch1.VanKampenAdaptedGrid
D13XMOD	Poincare.VKPort.HatcherLib.Ch1.VanKampenGlobalSweep
D13XMOD	Poincare.VKPort.HatcherLib.Ch1.VanKampenGrid
D13XMOD	Poincare.VKPort.HatcherLib.Ch1.VanKampenSubdivision
D13XMOD	Poincare.VKPort.HatcherLib.Ch1.VanKampenSweep
D13XMOD	Poincare.VKPort.HatcherLib.Ch1.VanKampenWordCalculus
D13XNEW	modules	133
D13XNEW	declarations	4343
D13XNEW	theorems	3196
D13XNEW	partial_defs	15
D13XNEW	project_axioms	0
D13XNEW	unsafe	0
D13XNEW	sorry_cones	0
D13XNEW	native_cones	0
D13XNEW	unapproved_cones	0
D13XNEW	collect_failures	0
D13XNEW	VERDICT	PASS
