'D4Audit.NoSignEvolution' depends on axioms: [propext, Classical.choice, Quot.sound]
'D4Audit.noSignEvolution_neg' depends on axioms: [propext, Classical.choice, Quot.sound]
'D6AuditReport.kindOf.match_1' does not depend on any axioms
../../../baseline/v1-independent/SpotCheck_G1.lean:445:14: warning: `D6AuditReport.kindOf.match_1` refers to an auto-generated auxiliary declaration. These are not stable across refactors; consider using a different approach.

Note: This linter can be disabled with `set_option linter.auxLemma false`
'HatcherLib.CoveredPathChain.brecOn.go' depends on axioms: [propext, Classical.choice, Quot.sound]
'HatcherLib.CoveredPathChain.prefix_loops_mem_carrierSets._simp_1_5' depends on axioms: [propext]
'HatcherLib.Path.Homotopic' depends on axioms: [propext, Classical.choice, Quot.sound]
'HatcherLib.VanKampenRectangularSubdivision.horizontalCut' depends on axioms: [propext, Classical.choice, Quot.sound]
'HatcherLib.VanKampenSquareGrid.cellConvexHomotopy._proof_1' depends on axioms: [propext, Classical.choice, Quot.sound]
../../../baseline/v1-independent/SpotCheck_G1.lean:450:14: warning: `HatcherLib.VanKampenSquareGrid.cellConvexHomotopy._proof_1` refers to an auto-generated auxiliary declaration. These are not stable across refactors; consider using a different approach.

Note: This linter can be disabled with `set_option linter.auxLemma false`
'HatcherLib.VanKampenSquareGrid.horizontalEdgeClassInCell.eq_1' depends on axioms: [propext,
 Classical.choice,
 Quot.sound]
'HatcherLib.VanKampenSquareGrid.noConfusionType' depends on axioms: [propext, Classical.choice, Quot.sound]
'HatcherLib.VanKampenSquareGrid.verticalCut_zero' depends on axioms: [propext, Classical.choice, Quot.sound]
'HatcherLib.VanKampenSweepCell.ctorIdx' depends on axioms: [propext, Classical.choice, Quot.sound]
'HatcherLib.VanKampenSweepCell.right' depends on axioms: [propext, Classical.choice, Quot.sound]
'HatcherLib.VanKampenSweepRow.rightBoundary._f' depends on axioms: [propext, Classical.choice, Quot.sound]
'HatcherLib.VanKampenSweepStage.noConfusion' depends on axioms: [propext, Classical.choice, Quot.sound]
'HatcherLib.coverIntersectionInclusionRight' depends on axioms: [propext, Classical.choice, Quot.sound]
'HatcherLib.exists_vanKampenSquareGrid._proof_1_2' depends on axioms: [propext, Quot.sound]
'HatcherLib.pathInSubtypeBetween._proof_1' depends on axioms: [propext, Classical.choice, Quot.sound]
../../../baseline/v1-independent/SpotCheck_G1.lean:460:14: warning: `HatcherLib.pathInSubtypeBetween._proof_1` refers to an auto-generated auxiliary declaration. These are not stable across refactors; consider using a different approach.

Note: This linter can be disabled with `set_option linter.auxLemma false`
'HatcherLib.vanKampenMap_factorRepresentative' depends on axioms: [propext, Classical.choice, Quot.sound]
'HatcherLib.vanKampenWordLoop_homotopic_of_equivalent' depends on axioms: [propext, Classical.choice, Quot.sound]
'Perelman.MetricFlowData._sizeOf_inst' depends on axioms: [propext, Classical.choice, Quot.sound]
'Perelman.RicciTensor._proof_3' depends on axioms: [propext, Classical.choice, Quot.sound]
../../../baseline/v1-independent/SpotCheck_G1.lean:464:14: warning: `Perelman.RicciTensor._proof_3` refers to an auto-generated auxiliary declaration. These are not stable across refactors; consider using a different approach.

Note: This linter can be disabled with `set_option linter.auxLemma false`
'Perelman.VolumeFormData.noConfusion' depends on axioms: [propext, Classical.choice, Quot.sound]
'Perelman.riemannianVolumeDensity_pos_of_posDef' depends on axioms: [propext, Classical.choice, Quot.sound]
'Poincare.CurvatureAlgebra.CurvatureOperator.endoRicci.eq_1' depends on axioms: [propext, Quot.sound]
'Poincare.CurvatureAlgebra.CurvatureOperator.recOn' depends on axioms: [propext, Quot.sound]
'Poincare.D10.BochnerEuclidean.D.eq_1' depends on axioms: [propext, Classical.choice, Quot.sound]
'Poincare.D10.BochnerEuclidean.hessNormSq.eq_1' depends on axioms: [propext, Classical.choice, Quot.sound]
'Poincare.D10.HeatKernelEuclidean.innerCLM._proof_6' depends on axioms: [propext, Classical.choice, Quot.sound]
../../../baseline/v1-independent/SpotCheck_G1.lean:471:14: warning: `Poincare.D10.HeatKernelEuclidean.innerCLM._proof_6` refers to an auto-generated auxiliary declaration. These are not stable across refactors; consider using a different approach.

Note: This linter can be disabled with `set_option linter.auxLemma false`
'Poincare.D10.MaximumPrincipleRN.HeatSubsolutionData.of_twoSided' depends on axioms: [propext,
 Classical.choice,
 Quot.sound]
'Poincare.D10.MaximumPrincipleRN.weak_maximum_principle' depends on axioms: [propext, Classical.choice, Quot.sound]
'Poincare.D10.TriangulationLowDim.FiniteAbstractSimplicialComplex.mk._flat_ctor' depends on axioms: [propext,
 Classical.choice,
 Quot.sound]
'Poincare.D10.TriangulationLowDim.circleS1_vertices_card' depends on axioms: [propext, Classical.choice, Quot.sound]
'Poincare.D10.TriangulationLowDim.torus7_isClosedSurface' depends on axioms: [propext, Classical.choice, Quot.sound]
'Poincare.D10.hasDerivAt_jacobiSol' depends on axioms: [propext, Classical.choice, Quot.sound]
'Poincare.D10.jacobiSolSphere_pos' depends on axioms: [propext, Classical.choice, Quot.sound]
'Poincare.D11.BochnerManifold.flatCertificateWitness._proof_3' depends on axioms: [propext,
 Classical.choice,
 Quot.sound]
../../../baseline/v1-independent/SpotCheck_G1.lean:479:14: warning: `Poincare.D11.BochnerManifold.flatCertificateWitness._proof_3` refers to an auto-generated auxiliary declaration. These are not stable across refactors; consider using a different approach.

Note: This linter can be disabled with `set_option linter.auxLemma false`
'Poincare.D11.BochnerManifold.lapG.eq_1' depends on axioms: [propext, Classical.choice, Quot.sound]
'Poincare.D11.BochnerManifold.radial_bochner_identity' depends on axioms: [propext, Classical.choice, Quot.sound]
'Poincare.D11.HeatKernelBridge.HeatKernelCore.mk.sizeOf_spec' depends on axioms: [propext, Classical.choice, Quot.sound]
'Poincare.D11.HeatKernelBridge.flatHeatKernelCore_c_lo' depends on axioms: [propext, Classical.choice, Quot.sound]
'Poincare.D11.HeatKernelBridge.mem_contDiffTwoSubmodule._simp_1' depends on axioms: [propext,
 Classical.choice,
 Quot.sound]
../../../baseline/v1-independent/SpotCheck_G1.lean:484:14: warning: `Poincare.D11.HeatKernelBridge.mem_contDiffTwoSubmodule._simp_1` refers to an auto-generated auxiliary declaration. These are not stable across refactors; consider using a different approach.

Note: This linter can be disabled with `set_option linter.auxLemma false`
'Poincare.D11.MaximumPrincipleTensor.exp_shift_forward_invariance' depends on axioms: [propext,
 Classical.choice,
 Quot.sound]
'Poincare.D11.MaximumPrincipleTensor.quadForm_smul' depends on axioms: [propext, Classical.choice, Quot.sound]
'Poincare.D11.ReducedVolume.euclideanFlow_metric' depends on axioms: [propext, Classical.choice, Quot.sound]
'Poincare.D11.ReducedVolume.flatReducedLength._proof_1' depends on axioms: [propext]
../../../baseline/v1-independent/SpotCheck_G1.lean:488:14: warning: `Poincare.D11.ReducedVolume.flatReducedLength._proof_1` refers to an auto-generated auxiliary declaration. These are not stable across refactors; consider using a different approach.

Note: This linter can be disabled with `set_option linter.auxLemma false`
'Poincare.D11.ReducedVolume.straightRay_length' depends on axioms: [propext, Classical.choice, Quot.sound]
'Poincare.D11.SpectralTorus.innerForm._proof_1' depends on axioms: [propext, Classical.choice, Quot.sound]
../../../baseline/v1-independent/SpotCheck_G1.lean:490:14: warning: `Poincare.D11.SpectralTorus.innerForm._proof_1` refers to an auto-generated auxiliary declaration. These are not stable across refactors; consider using a different approach.

Note: This linter can be disabled with `set_option linter.auxLemma false`
'Poincare.D11.SpectralTorus.one_add_normSq_inv_le_prod._simp_1_6' depends on axioms: [propext,
 Classical.choice,
 Quot.sound]
'Poincare.D11.SpectralTorus.summable_sobolevWeight_inv._simp_1_4' depends on axioms: [propext]
'Poincare.D11.SpectralTorus.trigPolyDerivL2._proof_4' depends on axioms: [propext, Classical.choice, Quot.sound]
../../../baseline/v1-independent/SpotCheck_G1.lean:493:14: warning: `Poincare.D11.SpectralTorus.trigPolyDerivL2._proof_4` refers to an auto-generated auxiliary declaration. These are not stable across refactors; consider using a different approach.

Note: This linter can be disabled with `set_option linter.auxLemma false`
'Poincare.D11.ballVolume.eq_1' depends on axioms: [propext, Classical.choice, Quot.sound]
'Poincare.D11.polarMetric._proof_1' depends on axioms: [propext]
../../../baseline/v1-independent/SpotCheck_G1.lean:495:14: warning: `Poincare.D11.polarMetric._proof_1` refers to an auto-generated auxiliary declaration. These are not stable across refactors; consider using a different approach.

Note: This linter can be disabled with `set_option linter.auxLemma false`
'Poincare.D12.ComparisonGeodesics.RiccatiEqOn.hasDerivAt_m' depends on axioms: [propext, Classical.choice, Quot.sound]
'Poincare.D12.ComparisonGeodesics.euclidModelA_zero' depends on axioms: [propext, Classical.choice, Quot.sound]
'Poincare.D12.ComparisonGeodesics.logDeriv_le_of_le._simp_1_7' depends on axioms: [propext]
'Poincare.D12.ConnectionCurvature.ChartMetricCoefficients' depends on axioms: [propext, Classical.choice, Quot.sound]
'Poincare.D12.ConnectionCurvature.ChartModel1D.chart1D._proof_1' depends on axioms: [propext]
../../../baseline/v1-independent/SpotCheck_G1.lean:500:14: warning: `Poincare.D12.ConnectionCurvature.ChartModel1D.chart1D._proof_1` refers to an auto-generated auxiliary declaration. These are not stable across refactors; consider using a different approach.

Note: This linter can be disabled with `set_option linter.auxLemma false`
'Poincare.D12.ConnectionCurvature.SmoothChartData.gInv_smooth' depends on axioms: [propext,
 Classical.choice,
 Quot.sound]
'Poincare.D12.ConnectionCurvature.SoThreeModel.dot3._proof_9' depends on axioms: [propext, Classical.choice, Quot.sound]
../../../baseline/v1-independent/SpotCheck_G1.lean:502:14: warning: `Poincare.D12.ConnectionCurvature.SoThreeModel.dot3._proof_9` refers to an auto-generated auxiliary declaration. These are not stable across refactors; consider using a different approach.

Note: This linter can be disabled with `set_option linter.auxLemma false`
'Poincare.D12.ConnectionCurvature.chartCurvatureOperator_apply' depends on axioms: [propext,
 Classical.choice,
 Quot.sound]
'Poincare.D12.ConnectionCurvature.curvatureEndo._proof_4' depends on axioms: [propext, Classical.choice, Quot.sound]
../../../baseline/v1-independent/SpotCheck_G1.lean:504:14: warning: `Poincare.D12.ConnectionCurvature.curvatureEndo._proof_4` refers to an auto-generated auxiliary declaration. These are not stable across refactors; consider using a different approach.

Note: This linter can be disabled with `set_option linter.auxLemma false`
'Poincare.D12.ConnectionCurvature.nablaOf._proof_1' depends on axioms: [propext, Classical.choice, Quot.sound]
../../../baseline/v1-independent/SpotCheck_G1.lean:505:14: warning: `Poincare.D12.ConnectionCurvature.nablaOf._proof_1` refers to an auto-generated auxiliary declaration. These are not stable across refactors; consider using a different approach.

Note: This linter can be disabled with `set_option linter.auxLemma false`
'Poincare.D12.EntropyVariation.fflowGradSq._proof_1' depends on axioms: [propext]
../../../baseline/v1-independent/SpotCheck_G1.lean:506:14: warning: `Poincare.D12.EntropyVariation.fflowGradSq._proof_1` refers to an auto-generated auxiliary declaration. These are not stable across refactors; consider using a different approach.

Note: This linter can be disabled with `set_option linter.auxLemma false`
'Poincare.D12.EntropyVariation.fflow_F_value' depends on axioms: [propext, Classical.choice, Quot.sound]
'Poincare.D12.EntropyVariation.hasDerivAt_F_of_pointwise' depends on axioms: [propext, Classical.choice, Quot.sound]
'Poincare.D12.EntropyVariation.normSq_exp_neg_mul_le._simp_1_2' depends on axioms: [propext]
'Poincare.D12.EntropyVariation.shrinkerEntropyData_W_value' depends on axioms: [propext, Classical.choice, Quot.sound]
'Poincare.D12.GeometricCompactness.cover_transfer_of_ghDist' depends on axioms: [propext, Classical.choice, Quot.sound]
'Poincare.D12.GeometricCompactness.isCompact_unitSquare' depends on axioms: [propext, Classical.choice, Quot.sound]
'Poincare.D12.HeatDomain.AdmissibleTestClass.mk._flat_ctor' depends on axioms: [propext, Classical.choice, Quot.sound]
'Poincare.D12.HeatDomain.notIntegrable_fast_times_kernel._simp_1_2' depends on axioms: [propext]
'Poincare.D12.HeatSemigroup.gaussianKernelFDerivCLM._proof_1' depends on axioms: [propext, Classical.choice, Quot.sound]
../../../baseline/v1-independent/SpotCheck_G1.lean:515:14: warning: `Poincare.D12.HeatSemigroup.gaussianKernelFDerivCLM._proof_1` refers to an auto-generated auxiliary declaration. These are not stable across refactors; consider using a different approach.

Note: This linter can be disabled with `set_option linter.auxLemma false`
'Poincare.D12.HeatSemigroup.heatOperator_comp_heatOperator' depends on axioms: [propext, Classical.choice, Quot.sound]
'Poincare.D12.HeatSemigroup.lintegral_enorm_heatKernelProduct_le' depends on axioms: [propext,
 Classical.choice,
 Quot.sound]
'Poincare.D12.KappaVariational.constantCurvatureFlow._proof_5' depends on axioms: [propext,
 Classical.choice,
 Quot.sound]
../../../baseline/v1-independent/SpotCheck_G1.lean:518:14: warning: `Poincare.D12.KappaVariational.constantCurvatureFlow._proof_5` refers to an auto-generated auxiliary declaration. These are not stable across refactors; consider using a different approach.

Note: This linter can be disabled with `set_option linter.auxLemma false`
'Poincare.D12.KappaVariational.gaussianReducedVolumeDensity_ne_zero' depends on axioms: [propext,
 Classical.choice,
 Quot.sound]
'Poincare.D12.KappaVariational.ncf12ModelClosure.eq_1' depends on axioms: [propext, Classical.choice, Quot.sound]
'Poincare.D12.ParabolicLocal.BUCf.instAddCommGroupBUCn._proof_6' depends on axioms: [propext,
 Classical.choice,
 Quot.sound]
../../../baseline/v1-independent/SpotCheck_G1.lean:521:14: warning: `Poincare.D12.ParabolicLocal.BUCf.instAddCommGroupBUCn._proof_6` refers to an auto-generated auxiliary declaration. These are not stable across refactors; consider using a different approach.

Note: This linter can be disabled with `set_option linter.auxLemma false`
'Poincare.D12.ParabolicLocal.BUCf.rec' depends on axioms: [propext, Classical.choice, Quot.sound]
'Poincare.D12.ParabolicLocal.DuhamelSetup.duhamelMap_pointwise_lipschitz' depends on axioms: [propext,
 Classical.choice,
 Quot.sound]
'Poincare.D12.ParabolicLocal.arctanF_not_additive' depends on axioms: [propext, Classical.choice, Quot.sound]
'Poincare.D12.ParabolicLocal.gaussianS._proof_1' depends on axioms: [propext, Classical.choice, Quot.sound]
../../../baseline/v1-independent/SpotCheck_G1.lean:525:14: warning: `Poincare.D12.ParabolicLocal.gaussianS._proof_1` refers to an auto-generated auxiliary declaration. These are not stable across refactors; consider using a different approach.

Note: This linter can be disabled with `set_option linter.auxLemma false`
'Poincare.D12.ParabolicLocal.heatConv_nonneg' depends on axioms: [propext, Classical.choice, Quot.sound]
'Poincare.D12.ParabolicLocal.kernelIntegrandFderiv._proof_6' depends on axioms: [propext]
../../../baseline/v1-independent/SpotCheck_G1.lean:527:14: warning: `Poincare.D12.ParabolicLocal.kernelIntegrandFderiv._proof_6` refers to an auto-generated auxiliary declaration. These are not stable across refactors; consider using a different approach.

Note: This linter can be disabled with `set_option linter.auxLemma false`
'Poincare.D12.ParabolicLocal.sq_mul_exp_neg_mul_sq_le' depends on axioms: [propext, Classical.choice, Quot.sound]
'Poincare.D12.SemanticLedger.tendsto_testFunction_atTop' depends on axioms: [propext, Classical.choice, Quot.sound]
'Poincare.D12.SpectralSobolev.heatWeight_zero' depends on axioms: [propext, Classical.choice, Quot.sound]
'Poincare.D12.SurgeryRecognition.ConnectedSumDecompositionV2.mk._flat_ctor' depends on axioms: [propext,
 Classical.choice,
 Quot.sound]
'Poincare.D12.SurgeryRecognition.RemainingRecognitionHypotheses.noConfusion' depends on axioms: [propext,
 Classical.choice,
 Quot.sound]
'Poincare.D12.SurgeryRecognition.RemainingRecognitionHypothesesV3.spaceForm' depends on axioms: [propext,
 Classical.choice,
 Quot.sound]
'Poincare.D12.SurgeryRecognition.SphericalSum._sizeOf_1' depends on axioms: [propext, Classical.choice, Quot.sound]
../../../baseline/v1-independent/SpotCheck_G1.lean:534:14: warning: `Poincare.D12.SurgeryRecognition.SphericalSum._sizeOf_1` refers to an auto-generated auxiliary declaration. These are not stable across refactors; consider using a different approach.

Note: This linter can be disabled with `set_option linter.auxLemma false`
'Poincare.D12.SurgeryRecognition.ballOrigin' depends on axioms: [propext, Classical.choice, Quot.sound]
'Poincare.D12.SurgeryRecognition.equatorHomeoS2._proof_4' depends on axioms: [propext, Classical.choice, Quot.sound]
../../../baseline/v1-independent/SpotCheck_G1.lean:536:14: warning: `Poincare.D12.SurgeryRecognition.equatorHomeoS2._proof_4` refers to an auto-generated auxiliary declaration. These are not stable across refactors; consider using a different approach.

Note: This linter can be disabled with `set_option linter.auxLemma false`
'Poincare.D12.SurgeryRecognition.iteratedSphereSum._proof_6' depends on axioms: [propext, Classical.choice, Quot.sound]
../../../baseline/v1-independent/SpotCheck_G1.lean:537:14: warning: `Poincare.D12.SurgeryRecognition.iteratedSphereSum._proof_6` refers to an auto-generated auxiliary declaration. These are not stable across refactors; consider using a different approach.

Note: This linter can be disabled with `set_option linter.auxLemma false`
'Poincare.D12.SurgeryRecognition.quotientHomeoOfSubsingleton' depends on axioms: [propext, Classical.choice, Quot.sound]
'Poincare.D12.SurgeryRecognition.sphere2ToBall_continuous' depends on axioms: [propext, Classical.choice, Quot.sound]
'Poincare.D12.SurgeryRecognition.up' depends on axioms: [propext, Classical.choice, Quot.sound]
'Poincare.D12.TensorMaximumBochner.Bochner.D_one' depends on axioms: [propext, Classical.choice, Quot.sound]
'Poincare.D12.TensorMaximumBochner.Bochner.cG_antisym._abel_1_1' depends on axioms: [propext,
 Classical.choice,
 Quot.sound]
'Poincare.D12.TensorMaximumBochner.Bochner.lap' depends on axioms: [propext, Classical.choice, Quot.sound]
'Poincare.D12.TensorMaximumBochner.Bochner.weitzenboeck_half._abel_1_1' depends on axioms: [propext,
 Classical.choice,
 Quot.sound]
'Poincare.D12.TensorMaximumBochner.So3Polynomial.D_rotVec' depends on axioms: [propext, Classical.choice, Quot.sound]
'Poincare.D12.TensorMaximumBochner.So3Polynomial.polyVec' depends on axioms: [propext, Classical.choice, Quot.sound]
'Poincare.D12.TensorMaximumBochner.So3RicciFlow.metricMatrix_at_one' depends on axioms: [propext,
 Classical.choice,
 Quot.sound]
'Poincare.D12.TensorMaximumBochner.hasDerivAt_lambdaInv._simp_1_3' depends on axioms: [propext]
'Poincare.D12.TriangulationTopology.SuspCyl' depends on axioms: [propext, Classical.choice, Quot.sound]
'Poincare.D12.TriangulationTopology.coneMap_mem' depends on axioms: [propext, Classical.choice, Quot.sound]
'Poincare.D12.TriangulationTopology.coveringMap_injective_of_simplyConnected' depends on axioms: [propext,
 Classical.choice,
 Quot.sound]
'Poincare.D12.TriangulationTopology.dist_restrictionPiece_left' depends on axioms: [propext,
 Classical.choice,
 Quot.sound]
'Poincare.D12.TriangulationTopology.hemisphere_cover._simp_1_1' depends on axioms: [propext]
'Poincare.D12.TriangulationTopology.norm_radialExtend' depends on axioms: [propext, Classical.choice, Quot.sound]
'Poincare.D12.TriangulationTopology.restrictionChain_apply_eq_clampedMap_idChain' depends on axioms: [propext,
 Classical.choice,
 Quot.sound]
'Poincare.D12.TriangulationTopology.segPiece' depends on axioms: [propext, Classical.choice, Quot.sound]
'Poincare.D12.TriangulationTopology.simplexBoundaryNonempty' depends on axioms: [propext, Classical.choice, Quot.sound]
'Poincare.D12.TriangulationTopology.simplexConeMapQuot_surjective' depends on axioms: [propext,
 Classical.choice,
 Quot.sound]
'Poincare.D12.TriangulationTopology.simplexRadialTime_pos_of_ne_center' depends on axioms: [propext,
 Classical.choice,
 Quot.sound]
'Poincare.D12.TriangulationTopology.sphereThreeGluedDisks' depends on axioms: [propext, Classical.choice, Quot.sound]
'Poincare.D12.TriangulationTopology.suspMapQuot' depends on axioms: [propext, Classical.choice, Quot.sound]
'Poincare.D12.TriangulationTopology.zmod2Mul_eq_ofAdd_one_or_one' depends on axioms: [propext,
 Classical.choice,
 Quot.sound]
'Poincare.D12.VolumeIBP.ChartMetric.densityNNReal_eq' depends on axioms: [propext, Classical.choice, Quot.sound]
'Poincare.D12.VolumeIBP.ChartMetric.gradInnerInverse' depends on axioms: [propext, Classical.choice, Quot.sound]
'Poincare.D12.VolumeIBP.ChartMetric.mk._flat_ctor' depends on axioms: [propext, Classical.choice, Quot.sound]
'Poincare.D12.VolumeIBP.manifoldOrientationVolumeFormCompat' does not depend on any axioms
'Poincare.D13.IntegratedAudit.reaches._unsafe_rec' depends on axioms: [propext, Classical.choice, Quot.sound]
'Poincare.D7.Bochner.RawGradientModel._sizeOf_1' depends on axioms: [propext, Classical.choice, Quot.sound]
../../../baseline/v1-independent/SpotCheck_G1.lean:568:14: warning: `Poincare.D7.Bochner.RawGradientModel._sizeOf_1` refers to an auto-generated auxiliary declaration. These are not stable across refactors; consider using a different approach.

Note: This linter can be disabled with `set_option linter.auxLemma false`
'Poincare.D7.Bochner.SmoothBochnerDatum.mk.injEq' depends on axioms: [propext, Classical.choice, Quot.sound]
'Poincare.D7.Bochner.diff_sub' depends on axioms: [propext, Classical.choice, Quot.sound]
'Poincare.D7.Bochner.negativeControl._proof_5' depends on axioms: [propext, Classical.choice, Quot.sound]
../../../baseline/v1-independent/SpotCheck_G1.lean:571:14: warning: `Poincare.D7.Bochner.negativeControl._proof_5` refers to an auto-generated auxiliary declaration. These are not stable across refactors; consider using a different approach.

Note: This linter can be disabled with `set_option linter.auxLemma false`
'Poincare.D7.Canonical.CanonicalKind.cap.sizeOf_spec' does not depend on any axioms
'Poincare.D7.Canonical.CanonicalNeighborhoodCertificate.scale_pos' depends on axioms: [propext,
 Classical.choice,
 Quot.sound]
'Poincare.D7.Canonical.CapInterface.mk.inj' depends on axioms: [propext, Classical.choice, Quot.sound]
'Poincare.D7.Canonical.CylinderInterface' depends on axioms: [propext, Classical.choice, Quot.sound]
'Poincare.D7.Canonical.EpsilonApproximation.distortion' depends on axioms: [propext, Classical.choice, Quot.sound]
'Poincare.D7.Canonical.EpsilonCap.mk.sizeOf_spec' depends on axioms: [propext, Classical.choice, Quot.sound]
'Poincare.D7.Canonical.EpsilonSpherical.mk.noConfusion' depends on axioms: [propext, Classical.choice, Quot.sound]
'Poincare.D7.Canonical.SphereInterface.mk.sizeOf_spec' depends on axioms: [propext, Classical.choice, Quot.sound]
'Poincare.D7.Canonical.instInhabitedCanonicalKind.default' does not depend on any axioms
'Poincare.D7.Canonical.piIntervalSphereInterface._proof_6' depends on axioms: [propext, Classical.choice, Quot.sound]
../../../baseline/v1-independent/SpotCheck_G1.lean:581:14: warning: `Poincare.D7.Canonical.piIntervalSphereInterface._proof_6` refers to an auto-generated auxiliary declaration. These are not stable across refactors; consider using a different approach.

Note: This linter can be disabled with `set_option linter.auxLemma false`
'Poincare.D7.Compactness.CheegerGromovConvergenceData._sizeOf_inst' depends on axioms: [propext,
 Classical.choice,
 Quot.sound]
'Poincare.D7.Compactness.GHConvergenceData.comp' depends on axioms: [propext, Classical.choice, Quot.sound]
'Poincare.D7.Compactness.GHPrecompactCertificate' depends on axioms: [propext, Classical.choice, Quot.sound]
'Poincare.D7.Compactness.GHPrecompactCertificate.uniform_finite_net' depends on axioms: [propext,
 Classical.choice,
 Quot.sound]
'Poincare.D7.Compactness.PointedMetricSpace.rec' depends on axioms: [propext, Classical.choice, Quot.sound]
'Poincare.D7.Compactness.missingPointedGHConvergentSubsequence_iff' depends on axioms: [propext,
 Classical.choice,
 Quot.sound]
'Poincare.D7.ConjugateHeat.Blocker.mk.inj' does not depend on any axioms
'Poincare.D7.ConjugateHeat.ConjugateHeatSpacetime.conjugateHeat.eq_1' depends on axioms: [propext,
 Classical.choice,
 Quot.sound]
'Poincare.D7.ConjugateHeat.boundaryForm_antisymm' depends on axioms: [propext, Classical.choice, Quot.sound]
'Poincare.D7.ConjugateHeat.cycleSlab' depends on axioms: [propext, Classical.choice, Quot.sound]
'Poincare.D7.ConjugateHeat.edgeLapAt' depends on axioms: [propext, Classical.choice, Quot.sound]
'Poincare.D7.ConjugateHeat.pairingLM_apply' depends on axioms: [propext, Classical.choice, Quot.sound]
'Poincare.D7.Curvature.CovariantDerivativeOfCurvature.rec' depends on axioms: [propext, Classical.choice, Quot.sound]
'Poincare.D7.Curvature.RiemannCurvatureData.curvatureForm_add₂' depends on axioms: [propext,
 Classical.choice,
 Quot.sound]
'Poincare.D7.Curvature.RiemannCurvatureData.meanData' depends on axioms: [propext, Classical.choice, Quot.sound]
'Poincare.D7.Curvature.RiemannCurvatureData.sectionalCurvature_gl2' depends on axioms: [propext,
 Classical.choice,
 Quot.sound]
'Poincare.D7.Curvature.So3.so3_isNondegenerate2Plane_e0_e1' depends on axioms: [propext, Classical.choice, Quot.sound]
'Poincare.D7.Divergence.DivergenceData.boundaryIn.eq_1' depends on axioms: [propext, Classical.choice, Quot.sound]
'Poincare.D7.Divergence.DivergenceData.src' depends on axioms: [propext, Classical.choice, Quot.sound]
'Poincare.D7.Divergence.ManifoldDivergenceDatum' depends on axioms: [propext, Classical.choice, Quot.sound]
'Poincare.D7.Divergence.edgeData_divergence_zero' depends on axioms: [propext, Classical.choice, Quot.sound]
'Poincare.D7.Divergence.triangleData' depends on axioms: [propext, Classical.choice, Quot.sound]
'Poincare.D7.EvolutionSharp.gibbsTerm_step_lt_old_recovered' depends on axioms: [propext, Classical.choice, Quot.sound]
'Poincare.D7.EvolutionSharp.sharpWitnessTraj.eq_2' depends on axioms: [propext, Classical.choice, Quot.sound]
'Poincare.D7.Geodesic.GeodesicContext.mk' depends on axioms: [propext, Classical.choice, Quot.sound]
'Poincare.D7.Geodesic.GeodesicData.reparam_v' depends on axioms: [propext, Classical.choice, Quot.sound]
'Poincare.D7.Geodesic.flatGeodesicData._proof_6' depends on axioms: [propext, Classical.choice, Quot.sound]
../../../baseline/v1-independent/SpotCheck_G1.lean:608:14: warning: `Poincare.D7.Geodesic.flatGeodesicData._proof_6` refers to an auto-generated auxiliary declaration. These are not stable across refactors; consider using a different approach.

Note: This linter can be disabled with `set_option linter.auxLemma false`
'Poincare.D7.HeatKernel.FiniteGridHeatKernel.K' depends on axioms: [propext, Classical.choice, Quot.sound]
'Poincare.D7.HeatKernel.GridHeatSolution.recOn' depends on axioms: [propext, Classical.choice, Quot.sound]
'Poincare.D7.HeatKernel.HeatKernelData.normalization_symm' depends on axioms: [propext, Classical.choice, Quot.sound]
'Poincare.D7.HeatKernel.IsClosedRiemannianManifold.casesOn' depends on axioms: [propext, Classical.choice, Quot.sound]
'Poincare.D7.HeatKernel.gridKernel._proof_2' depends on axioms: [propext, Classical.choice, Quot.sound]
../../../baseline/v1-independent/SpotCheck_G1.lean:613:14: warning: `Poincare.D7.HeatKernel.gridKernel._proof_2` refers to an auto-generated auxiliary declaration. These are not stable across refactors; consider using a different approach.

Note: This linter can be disabled with `set_option linter.auxLemma false`
'Poincare.D7.HeatKernel.punitHeatKernelData._proof_12' depends on axioms: [propext, Classical.choice, Quot.sound]
../../../baseline/v1-independent/SpotCheck_G1.lean:614:14: warning: `Poincare.D7.HeatKernel.punitHeatKernelData._proof_12` refers to an auto-generated auxiliary declaration. These are not stable across refactors; consider using a different approach.

Note: This linter can be disabled with `set_option linter.auxLemma false`
'Poincare.D7.HeatKernel.u0.eq_1' depends on axioms: [propext, Classical.choice, Quot.sound]
'Poincare.D7.Kappa.KappaCertificate.casesOn' depends on axioms: [propext, Classical.choice, Quot.sound]
'Poincare.D7.Kappa.KappaComparisonData.mk.inj' depends on axioms: [propext, Classical.choice, Quot.sound]
'Poincare.D7.LeviCivita.BlockerCovariantDerivativeCurvature_ne_nil' depends on axioms: [propext,
 Classical.choice,
 Quot.sound]
'Poincare.D7.LeviCivita.SmoothCoefficientSystem.affineCombination' depends on axioms: [propext,
 Classical.choice,
 Quot.sound]
'Poincare.D7.LeviCivita.affineConnection_self._simp_1_1' does not depend on any axioms
'Poincare.D7.LeviCivita.differenceTensor_add_right' depends on axioms: [propext, Classical.choice, Quot.sound]
'Poincare.D7.Limit.Blocker' does not depend on any axioms
'Poincare.D7.Limit.ConsistencyCertificate.error_step' depends on axioms: [propext, Classical.choice, Quot.sound]
'Poincare.D7.Limit.GridMesh.casesOn' depends on axioms: [propext, Classical.choice, Quot.sound]
'Poincare.D7.Limit.HeatMeshSequence.grid' depends on axioms: [propext, Classical.choice, Quot.sound]
'Poincare.D7.Limit.SlabGrid._sizeOf_inst' depends on axioms: [propext, Classical.choice, Quot.sound]
'Poincare.D7.Limit.TimeMesh.time' depends on axioms: [propext, Classical.choice, Quot.sound]
'Poincare.D7.Limit.quadCertificate._proof_3' depends on axioms: [propext, Classical.choice, Quot.sound]
../../../baseline/v1-independent/SpotCheck_G1.lean:628:14: warning: `Poincare.D7.Limit.quadCertificate._proof_3` refers to an auto-generated auxiliary declaration. These are not stable across refactors; consider using a different approach.

Note: This linter can be disabled with `set_option linter.auxLemma false`
'Poincare.D7.Recognition.CanonicalNeighborhoodInput' depends on axioms: [propext, Classical.choice, Quot.sound]
'Poincare.D7.Recognition.ConnectedSumDecomposition.mk.noConfusion' depends on axioms: [propext,
 Classical.choice,
 Quot.sound]
'Poincare.D7.Recognition.ExtinctionConclusion.casesOn' depends on axioms: [propext, Classical.choice, Quot.sound]
'Poincare.D7.Recognition.RecognitionHypotheses' depends on axioms: [propext, Classical.choice, Quot.sound]
'Poincare.D7.Recognition.SphericalPiece.homeomorphic' depends on axioms: [propext, Classical.choice, Quot.sound]
'Poincare.D7.Recognition.finalHomeomorphismBlockers_ne_nil' depends on axioms: [propext]
'Poincare.D7.Reduced.FiniteReducedVolumeCertificate.derivative_nonpos' depends on axioms: [propext,
 Classical.choice,
 Quot.sound]
'Poincare.D7.Reduced.JacobianComparisonInterface.recOn' depends on axioms: [propext, Classical.choice, Quot.sound]
'Poincare.D7.Reduced.MetricFlowInterface.Llength_eq_LlengthAlong' depends on axioms: [propext,
 Classical.choice,
 Quot.sound]
'Poincare.D7.Reduced.ReducedLengthData.mk.noConfusion' depends on axioms: [propext, Classical.choice, Quot.sound]
'Poincare.D7.Reduced.ReducedLengthDensityCertificate.noConfusion' depends on axioms: [propext,
 Classical.choice,
 Quot.sound]
'Poincare.D7.Reduced.ReducedVolumeCertificate.volume_le_one' depends on axioms: [propext, Classical.choice, Quot.sound]
'Poincare.D7.Reduced.gaussianReducedLengthData.eq_1' depends on axioms: [propext, Classical.choice, Quot.sound]
'Poincare.D7.Reduced.integral_one_div_sqrt._simp_1_2' depends on axioms: [propext]
'Poincare.D7.RicciScalar.FlowPath.LeviCivitaEvolution.hasDeriv' depends on axioms: [propext,
 Classical.choice,
 Quot.sound]
'Poincare.D7.RicciScalar.FlowPath.mk._flat_ctor' depends on axioms: [propext, Classical.choice, Quot.sound]
'Poincare.D7.RicciScalar.prodConn._proof_5' depends on axioms: [propext, Classical.choice, Quot.sound]
../../../baseline/v1-independent/SpotCheck_G1.lean:645:14: warning: `Poincare.D7.RicciScalar.prodConn._proof_5` refers to an auto-generated auxiliary declaration. These are not stable across refactors; consider using a different approach.

Note: This linter can be disabled with `set_option linter.auxLemma false`
'Poincare.D7.RicciScalar.ricciTensor_symm' depends on axioms: [propext, Classical.choice, Quot.sound]
'Poincare.D7.RicciScalar.so3_ricciTrace_permBasis_e0_e0' depends on axioms: [propext, Classical.choice, Quot.sound]
'Poincare.D7.ShortTime.DeTurckCertificate.mk.injEq' depends on axioms: [propext, Classical.choice, Quot.sound]
'Poincare.D7.ShortTime.DeTurckParabolicProblem.mk.sizeOf_spec' depends on axioms: [propext,
 Classical.choice,
 Quot.sound]
'Poincare.D7.ShortTime.MissingDependency.mk.noConfusion' does not depend on any axioms
'Poincare.D7.ShortTime.RicciLipschitzInterface.ctorIdx' depends on axioms: [propext, Classical.choice, Quot.sound]
'Poincare.D7.ShortTime.gaugeAction_inv' depends on axioms: [propext, Classical.choice, Quot.sound]
'Poincare.D7.ShortTime.nilpotentDeTurckCertificate._proof_4' depends on axioms: [propext, Classical.choice, Quot.sound]
../../../baseline/v1-independent/SpotCheck_G1.lean:653:14: warning: `Poincare.D7.ShortTime.nilpotentDeTurckCertificate._proof_4` refers to an auto-generated auxiliary declaration. These are not stable across refactors; consider using a different approach.

Note: This linter can be disabled with `set_option linter.auxLemma false`
'Poincare.D7.SurgeryFlow.CurvatureBoundInterface._sizeOf_1' depends on axioms: [propext, Classical.choice, Quot.sound]
../../../baseline/v1-independent/SpotCheck_G1.lean:654:14: warning: `Poincare.D7.SurgeryFlow.CurvatureBoundInterface._sizeOf_1` refers to an auto-generated auxiliary declaration. These are not stable across refactors; consider using a different approach.

Note: This linter can be disabled with `set_option linter.auxLemma false`
'Poincare.D7.SurgeryFlow.ExtinctionData.mk.injEq' depends on axioms: [propext]
'Poincare.D7.SurgeryFlow.NeckAnalysisHypotheses.target_of_realizes' depends on axioms: [propext,
 Classical.choice,
 Quot.sound]
'Poincare.D7.SurgeryFlow.SurgeryProcedureData._sizeOf_1' depends on axioms: [propext, Classical.choice, Quot.sound]
../../../baseline/v1-independent/SpotCheck_G1.lean:657:14: warning: `Poincare.D7.SurgeryFlow.SurgeryProcedureData._sizeOf_1` refers to an auto-generated auxiliary declaration. These are not stable across refactors; consider using a different approach.

Note: This linter can be disabled with `set_option linter.auxLemma false`
'Poincare.D7.SurgeryFlow.SurgeryProcedureData.toSurgeryCertificate' depends on axioms: [propext,
 Classical.choice,
 Quot.sound]
'Poincare.D7.SurgeryFlow.extinct_of_missingExtinctionTheorem' does not depend on any axioms
'Poincare.D7.SurgeryFlow.surgeryFlowDependencies_all_named' depends on axioms: [propext, Classical.choice, Quot.sound]
'Poincare.D7.TensorLaplacian.IsSmoothTensorLaplacianDatum' depends on axioms: [propext, Classical.choice, Quot.sound]
'Poincare.D7.TensorLaplacian.ScalarEvolutionCertificate.velocity' depends on axioms: [propext,
 Classical.choice,
 Quot.sound]
'Poincare.D7.TensorLaplacian.SmoothTensorLaplacianDatum.isSmoothTensorField' depends on axioms: [propext,
 Classical.choice,
 Quot.sound]
'Poincare.D7.TensorLaplacian.TensorConnectionData.RicciCommutationCertificate._sizeOf_inst' depends on axioms: [propext,
 Classical.choice,
 Quot.sound]
'Poincare.D7.TensorLaplacian.TensorConnectionData.commutator_term._abel_1_5' depends on axioms: [propext,
 Classical.choice,
 Quot.sound]
'Poincare.D7.TensorLaplacian.TensorConnectionData.rec' depends on axioms: [propext, Classical.choice, Quot.sound]
'Poincare.D7.TensorLaplacian.WrongBianchiData.mk.sizeOf_spec' depends on axioms: [propext, Classical.choice, Quot.sound]
'Poincare.D7.TensorLaplacian.prodTensorData._proof_25' depends on axioms: [propext, Classical.choice, Quot.sound]
../../../baseline/v1-independent/SpotCheck_G1.lean:668:14: warning: `Poincare.D7.TensorLaplacian.prodTensorData._proof_25` refers to an auto-generated auxiliary declaration. These are not stable across refactors; consider using a different approach.

Note: This linter can be disabled with `set_option linter.auxLemma false`
'Poincare.D7.TensorLaplacian.wrongBianchiExample._proof_3' depends on axioms: [propext, Classical.choice, Quot.sound]
../../../baseline/v1-independent/SpotCheck_G1.lean:669:14: warning: `Poincare.D7.TensorLaplacian.wrongBianchiExample._proof_3` refers to an auto-generated auxiliary declaration. These are not stable across refactors; consider using a different approach.

Note: This linter can be disabled with `set_option linter.auxLemma false`
'Poincare.D7.Volume.TopFormBundle.normedAddCommGroupF' depends on axioms: [propext, Classical.choice, Quot.sound]
'Poincare.D7.Volume.VolumeFormData.scaledBasis_orthonormal._simp_1_4' depends on axioms: [propext]
'Poincare.D7.Volume.sqrtInvUnit' depends on axioms: [propext, Classical.choice, Quot.sound]
'Poincare.D8.Fidelity.MoiseData.mk' depends on axioms: [propext, Classical.choice, Quot.sound]
'Poincare.D8.Fidelity.SmoothStructure._sizeOf_1' depends on axioms: [propext, Classical.choice, Quot.sound]
../../../baseline/v1-independent/SpotCheck_G1.lean:674:14: warning: `Poincare.D8.Fidelity.SmoothStructure._sizeOf_1` refers to an auto-generated auxiliary declaration. These are not stable across refactors; consider using a different approach.

Note: This linter can be disabled with `set_option linter.auxLemma false`
'Poincare.D8.Fidelity.moiseExistence_of_moiseTheorem' depends on axioms: [propext, Classical.choice, Quot.sound]
'Poincare.D9.CheegerGromov.CkCloseAtScale.mono_scale._proof_1' depends on axioms: [propext,
 Classical.choice,
 Quot.sound]
../../../baseline/v1-independent/SpotCheck_G1.lean:676:14: warning: `Poincare.D9.CheegerGromov.CkCloseAtScale.mono_scale._proof_1` refers to an auto-generated auxiliary declaration. These are not stable across refactors; consider using a different approach.

Note: This linter can be disabled with `set_option linter.auxLemma false`
'Poincare.D9.CheegerGromov.CompactExhaustion._sizeOf_1' depends on axioms: [propext, Classical.choice, Quot.sound]
../../../baseline/v1-independent/SpotCheck_G1.lean:677:14: warning: `Poincare.D9.CheegerGromov.CompactExhaustion._sizeOf_1` refers to an auto-generated auxiliary declaration. These are not stable across refactors; consider using a different approach.

Note: This linter can be disabled with `set_option linter.auxLemma false`
'Poincare.D9.CheegerGromov.DiscreteMetricDatum.exists_convergent_subsequence' depends on axioms: [propext,
 Classical.choice,
 Quot.sound]
'Poincare.D9.CheegerGromov.PointedManifold.metricBall' depends on axioms: [propext, Classical.choice, Quot.sound]
'Poincare.D9.CheegerGromov.ckCloseAtScale_self._proof_2' depends on axioms: [propext, Classical.choice, Quot.sound]
../../../baseline/v1-independent/SpotCheck_G1.lean:680:14: warning: `Poincare.D9.CheegerGromov.ckCloseAtScale_self._proof_2` refers to an auto-generated auxiliary declaration. These are not stable across refactors; consider using a different approach.

Note: This linter can be disabled with `set_option linter.auxLemma false`
'Poincare.D9.ParabolicEstimates.ClassicalSolution.mk.sizeOf_spec' depends on axioms: [propext,
 Classical.choice,
 Quot.sound]
'Poincare.D9.ParabolicEstimates.EnergyFunctional.integrable_energy' depends on axioms: [propext,
 Classical.choice,
 Quot.sound]
'Poincare.D9.ParabolicEstimates.ParabolicData.f' depends on axioms: [propext, Classical.choice, Quot.sound]
'Poincare.D9.ParabolicEstimates.SemiDiscreteHeatFlow.matrixDirichletForm' depends on axioms: [propext,
 Classical.choice,
 Quot.sound]
'Poincare.D9.ParabolicEstimates.SobolevScale.mk.sizeOf_spec' depends on axioms: [propext, Classical.choice, Quot.sound]
'Poincare.D9.ParabolicEstimates.forcingEnergy' depends on axioms: [propext, Classical.choice, Quot.sound]
'Poincare.D9.ParabolicEstimates.zeroDirichletForm._proof_1' depends on axioms: [propext, Classical.choice, Quot.sound]
../../../baseline/v1-independent/SpotCheck_G1.lean:687:14: warning: `Poincare.D9.ParabolicEstimates.zeroDirichletForm._proof_1` refers to an auto-generated auxiliary declaration. These are not stable across refactors; consider using a different approach.

Note: This linter can be disabled with `set_option linter.auxLemma false`
'Poincare.D9.Surfaces.IsLogisticSolution' depends on axioms: [propext, Classical.choice, Quot.sound]
'Poincare.D9.Surfaces.averageScalar' depends on axioms: [propext, Classical.choice, Quot.sound]
'Poincare.D9.Surfaces.tendsto_homogeneousSolution_zero' depends on axioms: [propext, Classical.choice, Quot.sound]
'Poincare.D9.TensorAlgebra.TensorBundleData.mk.sizeOf_spec' depends on axioms: [propext, Classical.choice, Quot.sound]
'Poincare.D9.TensorAlgebra.Toy.metric._proof_3' depends on axioms: [propext, Classical.choice, Quot.sound]
../../../baseline/v1-independent/SpotCheck_G1.lean:692:14: warning: `Poincare.D9.TensorAlgebra.Toy.metric._proof_3` refers to an auto-generated auxiliary declaration. These are not stable across refactors; consider using a different approach.

Note: This linter can be disabled with `set_option linter.auxLemma false`
'Poincare.D9.TensorAlgebra.flat_smooth' depends on axioms: [propext, Classical.choice, Quot.sound]
'Poincare.GaussianToolbox.integral_moment_succ' depends on axioms: [propext, Classical.choice, Quot.sound]
'Poincare.Longrun.AncientKappa.AncientSolution.time_le_zero' depends on axioms: [propext, Classical.choice, Quot.sound]
'Poincare.Longrun.AncientKappa.GradientShrinkingSoliton.mk.sizeOf_spec' depends on axioms: [propext,
 Classical.choice,
 Quot.sound]
'Poincare.Longrun.AncientKappa.ManifoldGradientShrinkingSoliton.rec' depends on axioms: [propext,
 Classical.choice,
 Quot.sound]
'Poincare.Longrun.AncientKappa.ThreeDimKappaSolution.noConfusion' depends on axioms: [propext,
 Classical.choice,
 Quot.sound]
'Poincare.Longrun.AncientKappa.hessianCLM._proof_1' depends on axioms: [propext, Classical.choice, Quot.sound]
../../../baseline/v1-independent/SpotCheck_G1.lean:699:14: warning: `Poincare.Longrun.AncientKappa.hessianCLM._proof_1` refers to an auto-generated auxiliary declaration. These are not stable across refactors; consider using a different approach.

Note: This linter can be disabled with `set_option linter.auxLemma false`
'Poincare.Longrun.CurvatureODE.ReactionField._sizeOf_inst' depends on axioms: [propext, Classical.choice, Quot.sound]
'Poincare.Longrun.CurvatureODE.TensorRicciFlowODEBridge.mk.inj' depends on axioms: [propext,
 Classical.choice,
 Quot.sound]
'Poincare.Longrun.CurvatureODE.scalarOfState_monotone' depends on axioms: [propext, Classical.choice, Quot.sound]
'Poincare.Longrun.DeTurck.ConnectionLayer.gtildeinv_symm' depends on axioms: [propext, Classical.choice, Quot.sound]
'Poincare.Longrun.DeTurck.FlowInterface.noConfusion' depends on axioms: [propext, Classical.choice, Quot.sound]
'Poincare.Longrun.DeTurck.bilinTrace' depends on axioms: [propext, Classical.choice, Quot.sound]
'Poincare.Longrun.DeTurck.ricciSymbol.eq_1' depends on axioms: [propext, Classical.choice, Quot.sound]
'Poincare.Longrun.Entropy.ContinuousAntitoneCertificate._sizeOf_inst' depends on axioms: [propext,
 Classical.choice,
 Quot.sound]
'Poincare.Longrun.Entropy.ContinuousMonotoneCertificate.mk.noConfusion' depends on axioms: [propext,
 Classical.choice,
 Quot.sound]
'Poincare.Longrun.Entropy.EntropyData.mk.inj' depends on axioms: [propext, Classical.choice, Quot.sound]
'Poincare.Longrun.Entropy.LinearDecayCertificate.mk.injEq' depends on axioms: [propext, Classical.choice, Quot.sound]
'Poincare.Longrun.Entropy.WeightedCalculus.metric' depends on axioms: [propext, Classical.choice, Quot.sound]
'Poincare.Longrun.Entropy.finiteCurvatureDatum_W' depends on axioms: [propext, Classical.choice, Quot.sound]
'Poincare.Longrun.Evolution.PerelmanApproximation.mk.noConfusion' depends on axioms: [propext,
 Classical.choice,
 Quot.sound]
'Poincare.Longrun.Evolution.finiteReactionEntropyData_F_antitone' depends on axioms: [propext,
 Classical.choice,
 Quot.sound]
'Poincare.Longrun.Evolution.perelmanF_one_two_le' depends on axioms: [propext, Classical.choice, Quot.sound]
'Poincare.Longrun.Geometry.AbstractConnection.curvatureEndo._proof_1' depends on axioms: [propext, Quot.sound]
../../../baseline/v1-independent/SpotCheck_G1.lean:716:14: warning: `Poincare.Longrun.Geometry.AbstractConnection.curvatureEndo._proof_1` refers to an auto-generated auxiliary declaration. These are not stable across refactors; consider using a different approach.

Note: This linter can be disabled with `set_option linter.auxLemma false`
'Poincare.Longrun.Geometry.LeviCivitaData' depends on axioms: [propext, Classical.choice, Quot.sound]
'Poincare.Longrun.Geometry.LieBracketData.mk.sizeOf_spec' depends on axioms: [propext, Quot.sound]
'Poincare.Longrun.Geometry.MetricData.raiseIndex._proof_2' depends on axioms: [propext, Classical.choice, Quot.sound]
../../../baseline/v1-independent/SpotCheck_G1.lean:719:14: warning: `Poincare.Longrun.Geometry.MetricData.raiseIndex._proof_2` refers to an auto-generated auxiliary declaration. These are not stable across refactors; consider using a different approach.

Note: This linter can be disabled with `set_option linter.auxLemma false`
'Poincare.Longrun.Geometry.meanConnection_lie' depends on axioms: [propext, Classical.choice, Quot.sound]
'Poincare.Longrun.PDE.HeatGridEvolution.rec' depends on axioms: [propext, Classical.choice, Quot.sound]
'Poincare.Longrun.PDE.sum_shift_pred' depends on axioms: [propext, Classical.choice, Quot.sound]
'Poincare.Longrun.Surgery.ExtinctionTheorem.ctorIdx' does not depend on any axioms
'Poincare.Longrun.Surgery.MissingInputs._sizeOf_inst' does not depend on any axioms
'Poincare.Longrun.Surgery.NeckAnalysis.recOn' does not depend on any axioms
'Poincare.Longrun.Surgery.SurgeryChain.ctorElimType' does not depend on any axioms
'Poincare.Longrun.Surgery.SurgeryDatum.trivial' does not depend on any axioms
'Poincare.Longrun.Surgery.canonicalLedger' depends on axioms: [propext, Classical.choice, Quot.sound]
'Poincare.Longrun.Topology.CompactThreeManifold.noConfusion' depends on axioms: [propext, Classical.choice, Quot.sound]
'Poincare.Longrun.Topology.NormalizedBallVolumeLowerBound.r0_pos' depends on axioms: [propext,
 Classical.choice,
 Quot.sound]
'Poincare.Longrun.Topology.missingReducedVolumeMonotonicity' depends on axioms: [propext, Classical.choice, Quot.sound]
'Poincare.RiemannAdapter.RiemannianCurvatureData.curvatureForm_first_pair_skew' depends on axioms: [propext,
 Classical.choice,
 Quot.sound]
'Poincare.Stage6.simplyConnectedSpace_of_homeomorph' depends on axioms: [propext, Classical.choice, Quot.sound]
'Probe.CurvatureTensor.noConfusionType' depends on axioms: [propext, Classical.choice, Quot.sound]
'Probe.CurvatureTensor.toCurvatureOperator._proof_4' depends on axioms: [propext, Classical.choice, Quot.sound]
../../../baseline/v1-independent/SpotCheck_G1.lean:735:14: warning: `Probe.CurvatureTensor.toCurvatureOperator._proof_4` refers to an auto-generated auxiliary declaration. These are not stable across refactors; consider using a different approach.

Note: This linter can be disabled with `set_option linter.auxLemma false`
'Probe.PdeApi.heat_slab_zero_interface' depends on axioms: [propext, Classical.choice, Quot.sound]
../../../baseline/v1-independent/SpotCheck_G1.lean:737:14: error(lean.unknownIdentifier): Unknown constant `_private.Poincare.D12.ConnectionCurvature.ConformalChartModel`
../../../baseline/v1-independent/SpotCheck_G1.lean:737:75: error: unexpected token '.'; expected command
../../../baseline/v1-independent/SpotCheck_G1.lean:738:14: error(lean.unknownIdentifier): Unknown constant `_private.Poincare.D12.ParabolicLocal.DerivativeLoss`
../../../baseline/v1-independent/SpotCheck_G1.lean:738:65: error: unexpected token '.'; expected command
../../../baseline/v1-independent/SpotCheck_G1.lean:739:14: error(lean.unknownIdentifier): Unknown constant `_private.Poincare.Stage6.TopologyBridge`
../../../baseline/v1-independent/SpotCheck_G1.lean:739:53: error: unexpected token '.'; expected command
../../../baseline/v1-independent/SpotCheck_G1.lean:740:14: error(lean.unknownIdentifier): Unknown constant `_private.Poincare.VKPort.HatcherLib.Ch1.VanKampenAdaptedGrid`
../../../baseline/v1-independent/SpotCheck_G1.lean:740:74: error: unexpected token '.'; expected command
'dotProductBilin.congr_simp' depends on axioms: [propext, Classical.choice, Quot.sound]
