'Poincare.D7.Bochner.GradientCertificate.product_rule' depends on axioms: [propext, Classical.choice, Quot.sound]
'Poincare.D7.Bochner.gradLaplacianDot_zero_left' depends on axioms: [propext, Classical.choice, Quot.sound]
'Poincare.D7.ConjugateHeat.ConjugateHeatData.ctorIdx' depends on axioms: [propext, Classical.choice, Quot.sound]
'Poincare.D7.ConjugateHeat.ConjugateHeatIBPCertificate.heatPairing_sub_conjugatePairing' depends on axioms: [propext,
 Classical.choice,
 Quot.sound]
'Poincare.D7.ConjugateHeat.MetricFlowInterface.pairing' depends on axioms: [propext, Classical.choice, Quot.sound]
'Poincare.D7.Monotonicity.PerelmanFAnalyticHypotheses.bochnerCertificate' depends on axioms: [propext,
 Classical.choice,
 Quot.sound]
'Poincare.D7.Monotonicity.PerelmanMuKernelHypotheses.mk.noConfusion' depends on axioms: [propext,
 Classical.choice,
 Quot.sound]
'Poincare.D7.Monotonicity.PerelmanWMuKernelHypotheses' depends on axioms: [propext, Classical.choice, Quot.sound]
'Poincare.D7.Monotonicity.perelmanFMonotone_zero' depends on axioms: [propext, Classical.choice, Quot.sound]
'Poincare.D7.Monotonicity.trivialMetricFlowInterface._proof_4' depends on axioms: [propext,
 Classical.choice,
 Quot.sound]
../../../baseline/v1-independent/sampleB/SpotCheckB_G2.lean:26:14: warning: `Poincare.D7.Monotonicity.trivialMetricFlowInterface._proof_4` refers to an auto-generated auxiliary declaration. These are not stable across refactors; consider using a different approach.

Note: This linter can be disabled with `set_option linter.auxLemma false`
