def Poincare.D13.ManifoldIBP.ChartSumData.density : {n ι : ℕ} →
  Poincare.D13.ManifoldIBP.ChartSumData n ι → Fin ι → Poincare.D13.ManifoldIBP.Vec (n + 1) → ℝ :=
fun {n ι} D i x => (D.metric i).density x
def Poincare.D13.ManifoldIBP.ChartSumData.driftLaplacian : {n ι : ℕ} →
  Poincare.D13.ManifoldIBP.ChartSumData n ι →
    (Fin ι → Poincare.D13.ManifoldIBP.Vec (n + 1) → ℝ) →
      (Fin ι → Poincare.D13.ManifoldIBP.Vec (n + 1) → ℝ) → Fin ι → Poincare.D13.ManifoldIBP.Vec (n + 1) → ℝ :=
fun {n ι} D f u i x => (D.metric i).driftLaplacian (f i) (u i) x
def Poincare.D13.ManifoldIBP.ChartSumData.gradInnerInverse : {n ι : ℕ} →
  Poincare.D13.ManifoldIBP.ChartSumData n ι →
    (Fin ι → Poincare.D13.ManifoldIBP.Vec (n + 1) → ℝ) →
      (Fin ι → Poincare.D13.ManifoldIBP.Vec (n + 1) → ℝ) → Fin ι → Poincare.D13.ManifoldIBP.Vec (n + 1) → ℝ :=
fun {n ι} D u v i x => (D.metric i).gradInnerInverse (u i) (v i) x
def Poincare.D13.ManifoldIBP.ChartSumData.laplacian : {n ι : ℕ} →
  Poincare.D13.ManifoldIBP.ChartSumData n ι →
    (Fin ι → Poincare.D13.ManifoldIBP.Vec (n + 1) → ℝ) → Fin ι → Poincare.D13.ManifoldIBP.Vec (n + 1) → ℝ :=
fun {n ι} D u i x => (D.metric i).laplacian (u i) x
def Poincare.D13.ManifoldIBP.ChartSumData.divergence : {n ι : ℕ} →
  Poincare.D13.ManifoldIBP.ChartSumData n ι →
    (Fin ι → Poincare.D13.ManifoldIBP.Vec (n + 1) → Poincare.D13.ManifoldIBP.Vec (n + 1)) →
      Fin ι → Poincare.D13.ManifoldIBP.Vec (n + 1) → ℝ :=
fun {n ι} D X i x => (D.metric i).divergence (X i) x
def Poincare.D13.ManifoldIBP.ChartSumData.globalIntegral : {n ι : ℕ} →
  Poincare.D13.ManifoldIBP.ChartSumData n ι →
    (Fin ι → Poincare.D13.ManifoldIBP.Vec (n + 1) → ℝ) → (Fin ι → Poincare.D13.ManifoldIBP.Vec (n + 1) → ℝ) → ℝ :=
fun {n ι} D f g => ∑ i, ∫ (x : Poincare.D13.ManifoldIBP.Vec (n + 1)), g i x * Real.exp (-f i x) * (D.metric i).density x
def Poincare.D13.ManifoldIBP.ChartSumData.globalIntegralUnweighted : {n ι : ℕ} →
  Poincare.D13.ManifoldIBP.ChartSumData n ι → (Fin ι → Poincare.D13.ManifoldIBP.Vec (n + 1) → ℝ) → ℝ :=
fun {n ι} D g => ∑ i, ∫ (x : Poincare.D13.ManifoldIBP.Vec (n + 1)), g i x * (D.metric i).density x
def Poincare.D13.ManifoldIBP.OverlapAtlas.weight.{u_1} : {M : Type u_1} →
  [inst : MeasurableSpace M] → {n : ℕ} → Poincare.D13.ManifoldIBP.OverlapAtlas M (n + 1) → (M → ℝ) → M → ENNReal :=
fun {M} [MeasurableSpace M] {n} A f m => ENNReal.ofReal (Real.exp (-f m))
def Poincare.D13.ManifoldIBP.OverlapAtlas.chartPiece.{u_1} : {M : Type u_1} →
  [inst : MeasurableSpace M] → {d : ℕ} → Poincare.D13.ManifoldIBP.OverlapAtlas M d → ℕ → Set M :=
fun {M} [MeasurableSpace M] {d} A n => disjointed (fun k => A.chart k '' A.source k) n
def Poincare.D13.ManifoldIBP.overlapOf.{u_1} : {M : Type u_1} →
  {d : ℕ} →
    (ℕ → Poincare.D12.VolumeIBP.Vec d → M) →
      (ℕ → Set (Poincare.D12.VolumeIBP.Vec d)) → ℕ → ℕ → Set (Poincare.D12.VolumeIBP.Vec d) :=
fun {M} {d} chart source i j => source j ∩ chart j ⁻¹' chart i '' source i
def Poincare.D13.ManifoldIBP.jacobianOf : {d : ℕ} →
  (Poincare.D12.VolumeIBP.Vec d → Poincare.D12.VolumeIBP.Vec d) →
    Set (Poincare.D12.VolumeIBP.Vec d) → Poincare.D12.VolumeIBP.Vec d → Matrix (Fin d) (Fin d) ℝ :=
fun {d} ψ s y => (LinearMap.toMatrix (Pi.basisFun ℝ (Fin d)) (Pi.basisFun ℝ (Fin d))) ↑(fderivWithin ℝ ψ s y)
../debug/IBPSig2.lean:21:7: error(lean.unknownIdentifier): Unknown constant `Poincare.D13.ManifoldIBP.OverlapAtlas.dilationAtlasTwoData`
../debug/IBPSig2.lean:22:7: error(lean.unknownIdentifier): Unknown constant `Poincare.D13.ManifoldIBP.OverlapAtlas.disjointAtlasData`
../debug/IBPSig2.lean:23:7: error(lean.unknownIdentifier): Unknown constant `Poincare.D13.ManifoldIBP.OverlapAtlas.disjointAtlasMeasure`
../debug/IBPSig2.lean:24:7: error(lean.unknownIdentifier): Unknown constant `Poincare.D13.ManifoldIBP.OverlapAtlas.weightedChartMeasure`
../debug/IBPSig2.lean:25:7: error(lean.unknownIdentifier): Unknown constant `Poincare.D13.ManifoldIBP.OverlapAtlas.disjointAtlas_weightedIBP`
../debug/IBPSig2.lean:26:7: error(lean.unknownIdentifier): Unknown constant `Poincare.D13.ManifoldIBP.OverlapAtlas.integral_disjointAtlasMeasure`
theorem Poincare.D13.ManifoldIBP.OverlapAtlas.dilationAtlasTwo_integral_eq_chart : ∀ {n : ℕ}
  (G : Poincare.D12.VolumeIBP.ChartMetric (n + 1)) (F g : Poincare.D12.VolumeIBP.Vec (n + 1) → ℝ),
  Measurable F →
    MeasureTheory.AEStronglyMeasurable g
        ((Poincare.D13.ManifoldIBP.OverlapAtlas.dilationAtlasTwo n G).chartMeasure MeasureTheory.volume 0) →
      ∫ (m : Poincare.D12.VolumeIBP.Vec (n + 1)),
          g
            m ∂((Poincare.D13.ManifoldIBP.OverlapAtlas.dilationAtlasTwo n G).globalMeasure
                MeasureTheory.volume).withDensity
            ((Poincare.D13.ManifoldIBP.OverlapAtlas.dilationAtlasTwo n G).weight F) =
        ∫ (y : Poincare.D12.VolumeIBP.Vec (n + 1)), g y * Real.exp (-F y) * G.density y :=
fun {n} G F g hF hg =>
  have hsupp := fun m a =>
    Eq.mpr (id (congrArg (fun _a => m ∈ _a) (Poincare.D13.ManifoldIBP.OverlapAtlas.dilationAtlasTwo_image_zero G)))
      (Set.mem_univ m);
  Eq.mpr
    (id
      (congrArg (fun _a => _a = ∫ (y : Poincare.D12.VolumeIBP.Vec (n + 1)), g y * Real.exp (-F y) * G.density y)
        (Poincare.D13.ManifoldIBP.OverlapAtlas.integral_globalMeasure_withDensity_of_supported
          (Poincare.D13.ManifoldIBP.OverlapAtlas.dilationAtlasTwo n G) MeasureTheory.volume 0 hF hg hsupp)))
    (Eq.mpr
      (id
        (congrArg
          (fun _a =>
            ∫ (y : Poincare.D12.VolumeIBP.Vec (n + 1)) in _a,
                Real.exp (-F ((Poincare.D13.ManifoldIBP.OverlapAtlas.dilationAtlasTwo n G).chart 0 y)) *
                    g ((Poincare.D13.ManifoldIBP.OverlapAtlas.dilationAtlasTwo n G).chart 0 y) *
                  (Poincare.D13.ManifoldIBP.OverlapAtlas.dilationAtlasTwo n G).density 0 y ∂MeasureTheory.volume =
              ∫ (y : Poincare.D12.VolumeIBP.Vec (n + 1)), g y * Real.exp (-F y) * G.density y)
          (have this := rfl;
          this)))
      (Eq.mpr
        (id
          (congrArg (fun _a => _a = ∫ (y : Poincare.D12.VolumeIBP.Vec (n + 1)), g y * Real.exp (-F y) * G.density y)
            MeasureTheory.setIntegral_univ))
        (Eq.mpr
          (id
            (congrArg
              (fun _a =>
                ∫ (x : Poincare.D12.VolumeIBP.Vec (n + 1)),
                    Real.exp (-F (_a x)) * g (_a x) *
                      (Poincare.D13.ManifoldIBP.OverlapAtlas.dilationAtlasTwo n G).density 0 x ∂MeasureTheory.volume =
                  ∫ (y : Poincare.D12.VolumeIBP.Vec (n + 1)), g y * Real.exp (-F y) * G.density y)
              (Poincare.D13.ManifoldIBP.OverlapAtlas.dilationAtlasTwo_chart_zero G)))
          (MeasureTheory.integral_congr_ae
            (Filter.univ_mem'
              (id fun y =>
                Eq.mpr
                  (id
                    (congrArg
                      (fun _a =>
                        Real.exp (-F _a) * g _a *
                            (Poincare.D13.ManifoldIBP.OverlapAtlas.dilationAtlasTwo n G).density 0 y =
                          g y * Real.exp (-F y) * G.density y)
                      (one_smul ℝ y)))
                  (have hd :=
                    of_eq_true
                      (Eq.trans
                        (congrFun'
                          (congrArg Eq
                            (congrFun'
                              (congrArg Poincare.D12.VolumeIBP.ChartMetric.density
                                (Poincare.D13.ManifoldIBP.OverlapAtlas.dilationAtlasTwo_metric_zero G))
                              y))
                          (G.density y))
                        (eq_self (G.density y)));
                  Eq.mpr (id (congrArg (fun _a => Real.exp (-F y) * g y * _a = g y * Real.exp (-F y) * G.density y) hd))
                    (Mathlib.Tactic.Ring.of_eq
                      (Mathlib.Tactic.Ring.Common.mul_congr
                        (Mathlib.Tactic.Ring.Common.mul_congr
                          (Mathlib.Tactic.Ring.Common.atom_pf (Real.exp (-F y)) rfl
                            (Eq.mpr
                              (id
                                (congrArg
                                  (fun _a =>
                                    Real.exp (-F y) ^ Nat.rawCast 1 * Nat.rawCast 1 =
                                      Real.exp (-F y) ^ Nat.rawCast 1 * _a)
                                  (Eq.symm rfl)))
                              (Eq.refl (Real.exp (-F y) ^ Nat.rawCast 1 * Nat.rawCast 1))))
                          (Mathlib.Tactic.Ring.Common.atom_pf (g y) rfl
                            (Eq.mpr
                              (id
                                (congrArg (fun _a => g y ^ Nat.rawCast 1 * Nat.rawCast 1 = g y ^ Nat.rawCast 1 * _a)
                                  (Eq.symm rfl)))
                              (Eq.refl (g y ^ Nat.rawCast 1 * Nat.rawCast 1))))
                          (Mathlib.Tactic.Ring.Common.add_mul
                            (Mathlib.Tactic.Ring.Common.mul_add
                              (Mathlib.Tactic.Ring.Common.mul_pf_left (Real.exp (-F y)) (Nat.rawCast 1)
                                (Mathlib.Tactic.Ring.Common.mul_pf_right (g y) (Nat.rawCast 1)
                                  (Mathlib.Meta.NormNum.IsNat.to_raw_eq
                                    (Mathlib.Meta.NormNum.isNat_mul (Eq.refl HMul.hMul)
                                      (Mathlib.Meta.NormNum.IsNat.of_raw ℝ 1) (Mathlib.Meta.NormNum.IsNat.of_raw ℝ 1)
                                      (Eq.refl 1)))))
                              (Mathlib.Tactic.Ring.Common.mul_zero (Real.exp (-F y) ^ Nat.rawCast 1 * Nat.rawCast 1))
                              (Mathlib.Tactic.Ring.Common.add_pf_add_zero
                                (Real.exp (-F y) ^ Nat.rawCast 1 * (g y ^ Nat.rawCast 1 * Nat.rawCast 1) + 0)))
                            (Mathlib.Tactic.Ring.Common.zero_mul (g y ^ Nat.rawCast 1 * Nat.rawCast 1 + 0))
                            (Mathlib.Tactic.Ring.Common.add_pf_add_zero
                              (Real.exp (-F y) ^ Nat.rawCast 1 * (g y ^ Nat.rawCast 1 * Nat.rawCast 1) + 0))))
                        (Mathlib.Tactic.Ring.Common.atom_pf (G.density y) rfl
                          (Eq.mpr
                            (id
                              (congrArg
                                (fun _a =>
                                  G.density y ^ Nat.rawCast 1 * Nat.rawCast 1 = G.density y ^ Nat.rawCast 1 * _a)
                                (Eq.symm rfl)))
                            (Eq.refl (G.density y ^ Nat.rawCast 1 * Nat.rawCast 1))))
                        (Mathlib.Tactic.Ring.Common.add_mul
                          (Mathlib.Tactic.Ring.Common.mul_add
                            (Mathlib.Tactic.Ring.Common.mul_pf_left (Real.exp (-F y)) (Nat.rawCast 1)
                              (Mathlib.Tactic.Ring.Common.mul_pf_left (g y) (Nat.rawCast 1)
                                (Mathlib.Tactic.Ring.Common.mul_pf_right (G.density y) (Nat.rawCast 1)
                                  (Mathlib.Meta.NormNum.IsNat.to_raw_eq
                                    (Mathlib.Meta.NormNum.isNat_mul (Eq.refl HMul.hMul)
                                      (Mathlib.Meta.NormNum.IsNat.of_raw ℝ 1) (Mathlib.Meta.NormNum.IsNat.of_raw ℝ 1)
                                      (Eq.refl 1))))))
                            (Mathlib.Tactic.Ring.Common.mul_zero
                              (Real.exp (-F y) ^ Nat.rawCast 1 * (g y ^ Nat.rawCast 1 * Nat.rawCast 1)))
                            (Mathlib.Tactic.Ring.Common.add_pf_add_zero
                              (Real.exp (-F y) ^ Nat.rawCast 1 *
                                  (g y ^ Nat.rawCast 1 * (G.density y ^ Nat.rawCast 1 * Nat.rawCast 1)) +
                                0)))
                          (Mathlib.Tactic.Ring.Common.zero_mul (G.density y ^ Nat.rawCast 1 * Nat.rawCast 1 + 0))
                          (Mathlib.Tactic.Ring.Common.add_pf_add_zero
                            (Real.exp (-F y) ^ Nat.rawCast 1 *
                                (g y ^ Nat.rawCast 1 * (G.density y ^ Nat.rawCast 1 * Nat.rawCast 1)) +
                              0))))
                      (Mathlib.Tactic.Ring.Common.mul_congr
                        (Mathlib.Tactic.Ring.Common.mul_congr
                          (Mathlib.Tactic.Ring.Common.atom_pf (g y) rfl
                            (Eq.mpr
                              (id
                                (congrArg (fun _a => g y ^ Nat.rawCast 1 * Nat.rawCast 1 = g y ^ Nat.rawCast 1 * _a)
                                  (Eq.symm rfl)))
                              (Eq.refl (g y ^ Nat.rawCast 1 * Nat.rawCast 1))))
                          (Mathlib.Tactic.Ring.Common.atom_pf (Real.exp (-F y)) rfl
                            (Eq.mpr
                              (id
                                (congrArg
                                  (fun _a =>
                                    Real.exp (-F y) ^ Nat.rawCast 1 * Nat.rawCast 1 =
                                      Real.exp (-F y) ^ Nat.rawCast 1 * _a)
                                  (Eq.symm rfl)))
                              (Eq.refl (Real.exp (-F y) ^ Nat.rawCast 1 * Nat.rawCast 1))))
                          (Mathlib.Tactic.Ring.Common.add_mul
                            (Mathlib.Tactic.Ring.Common.mul_add
                              (Mathlib.Tactic.Ring.Common.mul_pf_right (Real.exp (-F y)) (Nat.rawCast 1)
                                (Mathlib.Tactic.Ring.Common.mul_pf_left (g y) (Nat.rawCast 1)
                                  (Mathlib.Meta.NormNum.IsNat.to_raw_eq
                                    (Mathlib.Meta.NormNum.isNat_mul (Eq.refl HMul.hMul)
                                      (Mathlib.Meta.NormNum.IsNat.of_raw ℝ 1) (Mathlib.Meta.NormNum.IsNat.of_raw ℝ 1)
                                      (Eq.refl 1)))))
                              (Mathlib.Tactic.Ring.Common.mul_zero (g y ^ Nat.rawCast 1 * Nat.rawCast 1))
                              (Mathlib.Tactic.Ring.Common.add_pf_add_zero
                                (Real.exp (-F y) ^ Nat.rawCast 1 * (g y ^ Nat.rawCast 1 * Nat.rawCast 1) + 0)))
                            (Mathlib.Tactic.Ring.Common.zero_mul (Real.exp (-F y) ^ Nat.rawCast 1 * Nat.rawCast 1 + 0))
                            (Mathlib.Tactic.Ring.Common.add_pf_add_zero
                              (Real.exp (-F y) ^ Nat.rawCast 1 * (g y ^ Nat.rawCast 1 * Nat.rawCast 1) + 0))))
                        (Mathlib.Tactic.Ring.Common.atom_pf (G.density y) rfl
                          (Eq.mpr
                            (id
                              (congrArg
                                (fun _a =>
                                  G.density y ^ Nat.rawCast 1 * Nat.rawCast 1 = G.density y ^ Nat.rawCast 1 * _a)
                                (Eq.symm rfl)))
                            (Eq.refl (G.density y ^ Nat.rawCast 1 * Nat.rawCast 1))))
                        (Mathlib.Tactic.Ring.Common.add_mul
                          (Mathlib.Tactic.Ring.Common.mul_add
                            (Mathlib.Tactic.Ring.Common.mul_pf_left (Real.exp (-F y)) (Nat.rawCast 1)
                              (Mathlib.Tactic.Ring.Common.mul_pf_left (g y) (Nat.rawCast 1)
                                (Mathlib.Tactic.Ring.Common.mul_pf_right (G.density y) (Nat.rawCast 1)
                                  (Mathlib.Meta.NormNum.IsNat.to_raw_eq
                                    (Mathlib.Meta.NormNum.isNat_mul (Eq.refl HMul.hMul)
                                      (Mathlib.Meta.NormNum.IsNat.of_raw ℝ 1) (Mathlib.Meta.NormNum.IsNat.of_raw ℝ 1)
                                      (Eq.refl 1))))))
                            (Mathlib.Tactic.Ring.Common.mul_zero
                              (Real.exp (-F y) ^ Nat.rawCast 1 * (g y ^ Nat.rawCast 1 * Nat.rawCast 1)))
                            (Mathlib.Tactic.Ring.Common.add_pf_add_zero
                              (Real.exp (-F y) ^ Nat.rawCast 1 *
                                  (g y ^ Nat.rawCast 1 * (G.density y ^ Nat.rawCast 1 * Nat.rawCast 1)) +
                                0)))
                          (Mathlib.Tactic.Ring.Common.zero_mul (G.density y ^ Nat.rawCast 1 * Nat.rawCast 1 + 0))
                          (Mathlib.Tactic.Ring.Common.add_pf_add_zero
                            (Real.exp (-F y) ^ Nat.rawCast 1 *
                                (g y ^ Nat.rawCast 1 * (G.density y ^ Nat.rawCast 1 * Nat.rawCast 1)) +
                              0))))))))))))
../debug/IBPSig2.lean:28:7: error(lean.unknownIdentifier): Unknown constant `Poincare.D13.ManifoldIBP.OverlapAtlas.pouPiece`
../debug/IBPSig2.lean:29:7: error(lean.unknownIdentifier): Unknown constant `Poincare.D13.ManifoldIBP.OverlapAtlas.pouPairing`
../debug/IBPSig2.lean:30:7: error(lean.unknownIdentifier): Unknown constant `Poincare.D13.ManifoldIBP.OverlapAtlas.hsAtlas`
def Poincare.D13.ManifoldIBP.OverlapAtlas.dilationAtlas : {d : ℕ} →
  (c : ℝ) →
    c ≠ 0 →
      Poincare.D12.VolumeIBP.ChartMetric d → Poincare.D13.ManifoldIBP.OverlapAtlas (Poincare.D12.VolumeIBP.Vec d) d :=
fun {d} c hc G =>
  { chart := Poincare.D13.ManifoldIBP.OverlapAtlas.dilationChart c, source := fun x => Set.univ, isOpen_source := ⋯,
    measurable_chart := ⋯, injOn_chart := ⋯, cover := ⋯, measurableSet_image := ⋯,
    metric := Poincare.D13.ManifoldIBP.OverlapAtlas.dilationMetric c hc G,
    transition := Poincare.D13.ManifoldIBP.OverlapAtlas.dilationTransition c, transition_mem := ⋯,
    transition_chart := ⋯, transition_diff := ⋯, metric_transform := ⋯ }
../debug/IBPSig2.lean:32:7: error(lean.unknownIdentifier): Unknown constant `Poincare.D13.ManifoldIBP.OverlapAtlas.gradInnerInverse_finset_sum`
def Poincare.D13.VolumeForm.chartVolumeForm : {d : ℕ} →
  Poincare.D12.VolumeIBP.ChartMetric d →
    Poincare.D13.VolumeForm.Vec d → Poincare.D13.VolumeForm.Vec d [⋀^Fin d]→ₗ[ℝ] ℝ :=
fun {d} G x => G.density x • Poincare.D13.VolumeForm.euclideanVolumeForm d
../debug/IBPSig2.lean:34:7: error(lean.unknownIdentifier): Unknown constant `Poincare.D13.VolumeForm.gluedDensity`
theorem Poincare.D13.VolumeForm.ChartPartitionOfUnity.gluedDensity_eq_of_supportCompatible : ∀ {d ι : ℕ}
  (P : Poincare.D13.VolumeForm.ChartPartitionOfUnity d ι) (rho : Fin ι → Poincare.D13.VolumeForm.Vec d → ℝ),
  (∀ (i j : Fin ι) (x : Poincare.D13.VolumeForm.Vec d), 0 < P.phi i x → 0 < P.phi j x → rho i x = rho j x) →
    ∀ (x : Poincare.D13.VolumeForm.Vec d), P.gluedDensity rho x = rho (Classical.choose ⋯) x :=
fun {d ι} P rho hcompat x =>
  let i₀ := Classical.choose (Poincare.D13.VolumeForm.ChartPartitionOfUnity.exists_pos P x);
  have hi₀ := Classical.choose_spec (Poincare.D13.VolumeForm.ChartPartitionOfUnity.exists_pos P x);
  id
    (Trans.trans
      (Finset.sum_congr rfl fun i a =>
        if hi : 0 < P.phi i x then
          Eq.mpr (id (congrArg (fun _a => P.phi i x * _a = P.phi i x * rho i₀ x) (hcompat i i₀ x hi hi₀)))
            (Eq.refl (P.phi i x * rho i₀ x))
        else
          have hle := le_of_not_gt hi;
          have h0 := le_antisymm hle (P.nonneg i x);
          of_eq_true
            (Eq.trans
              (congr (congrArg Eq (Eq.trans (congrFun' (congrArg HMul.hMul h0) (rho i x)) (zero_mul (rho i x))))
                (Eq.trans (congrFun' (congrArg HMul.hMul h0) (rho i₀ x)) (zero_mul (rho i₀ x))))
              (eq_self 0)))
      (Eq.mpr
        (id (congrArg (fun _a => _a = rho i₀ x) (Eq.symm (Finset.sum_mul Finset.univ (fun i => P.phi i x) (rho i₀ x)))))
        (Eq.mpr (id (congrArg (fun _a => _a * rho i₀ x = rho i₀ x) (P.sum_eq_one x)))
          (Eq.mpr (id (congrArg (fun _a => _a = rho i₀ x) (one_mul (rho i₀ x)))) (Eq.refl (rho i₀ x))))))
theorem Poincare.D13.VolumeForm.ChartPartitionOfUnity.integral_gluedDensity_eq_sum : ∀ {d ι : ℕ}
  (P : Poincare.D13.VolumeForm.ChartPartitionOfUnity d ι) (rho : Fin ι → Poincare.D13.VolumeForm.Vec d → ℝ)
  (f : Poincare.D13.VolumeForm.Vec d → ℝ),
  (∀ (i : Fin ι), MeasureTheory.Integrable (fun x => f x * P.phi i x * rho i x) MeasureTheory.volume) →
    ∫ (x : Poincare.D13.VolumeForm.Vec d), f x * P.gluedDensity rho x =
      ∑ i, ∫ (x : Poincare.D13.VolumeForm.Vec d), f x * P.phi i x * rho i x :=
fun {d ι} P rho f hf =>
  id
    (Eq.mpr
      (id
        (congrArg
          (fun _a =>
            MeasureTheory.integral MeasureTheory.volume _a =
              ∑ i, ∫ (x : Poincare.D13.VolumeForm.Vec d), f x * P.phi i x * rho i x)
          (have this :=
            funext fun x =>
              Eq.mpr
                (id
                  (congrArg (fun _a => _a = ∑ i, f x * P.phi i x * rho i x)
                    (Finset.mul_sum Finset.univ (fun i => P.phi i x * rho i x) (f x))))
                (Finset.sum_congr rfl fun i a =>
                  Mathlib.Tactic.Ring.of_eq
                    (Mathlib.Tactic.Ring.Common.mul_congr
                      (Mathlib.Tactic.Ring.Common.atom_pf (f x) rfl
                        (Eq.mpr
                          (id
                            (congrArg (fun _a => f x ^ Nat.rawCast 1 * Nat.rawCast 1 = f x ^ Nat.rawCast 1 * _a)
                              (Eq.symm rfl)))
                          (Eq.refl (f x ^ Nat.rawCast 1 * Nat.rawCast 1))))
                      (Mathlib.Tactic.Ring.Common.mul_congr
                        (Mathlib.Tactic.Ring.Common.atom_pf (P.phi i x) rfl
                          (Eq.mpr
                            (id
                              (congrArg
                                (fun _a => P.phi i x ^ Nat.rawCast 1 * Nat.rawCast 1 = P.phi i x ^ Nat.rawCast 1 * _a)
                                (Eq.symm rfl)))
                            (Eq.refl (P.phi i x ^ Nat.rawCast 1 * Nat.rawCast 1))))
                        (Mathlib.Tactic.Ring.Common.atom_pf (rho i x) rfl
                          (Eq.mpr
                            (id
                              (congrArg
                                (fun _a => rho i x ^ Nat.rawCast 1 * Nat.rawCast 1 = rho i x ^ Nat.rawCast 1 * _a)
                                (Eq.symm rfl)))
                            (Eq.refl (rho i x ^ Nat.rawCast 1 * Nat.rawCast 1))))
                        (Mathlib.Tactic.Ring.Common.add_mul
                          (Mathlib.Tactic.Ring.Common.mul_add
                            (Mathlib.Tactic.Ring.Common.mul_pf_left (P.phi i x) (Nat.rawCast 1)
                              (Mathlib.Tactic.Ring.Common.mul_pf_right (rho i x) (Nat.rawCast 1)
                                (Mathlib.Meta.NormNum.IsNat.to_raw_eq
                                  (Mathlib.Meta.NormNum.isNat_mul (Eq.refl HMul.hMul)
                                    (Mathlib.Meta.NormNum.IsNat.of_raw ℝ 1) (Mathlib.Meta.NormNum.IsNat.of_raw ℝ 1)
                                    (Eq.refl 1)))))
                            (Mathlib.Tactic.Ring.Common.mul_zero (P.phi i x ^ Nat.rawCast 1 * Nat.rawCast 1))
                            (Mathlib.Tactic.Ring.Common.add_pf_add_zero
                              (P.phi i x ^ Nat.rawCast 1 * (rho i x ^ Nat.rawCast 1 * Nat.rawCast 1) + 0)))
                          (Mathlib.Tactic.Ring.Common.zero_mul (rho i x ^ Nat.rawCast 1 * Nat.rawCast 1 + 0))
                          (Mathlib.Tactic.Ring.Common.add_pf_add_zero
                            (P.phi i x ^ Nat.rawCast 1 * (rho i x ^ Nat.rawCast 1 * Nat.rawCast 1) + 0))))
                      (Mathlib.Tactic.Ring.Common.add_mul
                        (Mathlib.Tactic.Ring.Common.mul_add
                          (Mathlib.Tactic.Ring.Common.mul_pf_left (f x) (Nat.rawCast 1)
                            (Mathlib.Tactic.Ring.Common.mul_pf_right (P.phi i x) (Nat.rawCast 1)
                              (Mathlib.Tactic.Ring.Common.mul_pf_right (rho i x) (Nat.rawCast 1)
                                (Mathlib.Meta.NormNum.IsNat.to_raw_eq
                                  (Mathlib.Meta.NormNum.isNat_mul (Eq.refl HMul.hMul)
                                    (Mathlib.Meta.NormNum.IsNat.of_raw ℝ 1) (Mathlib.Meta.NormNum.IsNat.of_raw ℝ 1)
                                    (Eq.refl 1))))))
                          (Mathlib.Tactic.Ring.Common.mul_zero (f x ^ Nat.rawCast 1 * Nat.rawCast 1))
                          (Mathlib.Tactic.Ring.Common.add_pf_add_zero
                            (f x ^ Nat.rawCast 1 *
                                (P.phi i x ^ Nat.rawCast 1 * (rho i x ^ Nat.rawCast 1 * Nat.rawCast 1)) +
                              0)))
                        (Mathlib.Tactic.Ring.Common.zero_mul
                          (P.phi i x ^ Nat.rawCast 1 * (rho i x ^ Nat.rawCast 1 * Nat.rawCast 1) + 0))
                        (Mathlib.Tactic.Ring.Common.add_pf_add_zero
                          (f x ^ Nat.rawCast 1 *
                              (P.phi i x ^ Nat.rawCast 1 * (rho i x ^ Nat.rawCast 1 * Nat.rawCast 1)) +
                            0))))
                    (Mathlib.Tactic.Ring.Common.mul_congr
                      (Mathlib.Tactic.Ring.Common.mul_congr
                        (Mathlib.Tactic.Ring.Common.atom_pf (f x) rfl
                          (Eq.mpr
                            (id
                              (congrArg (fun _a => f x ^ Nat.rawCast 1 * Nat.rawCast 1 = f x ^ Nat.rawCast 1 * _a)
                                (Eq.symm rfl)))
                            (Eq.refl (f x ^ Nat.rawCast 1 * Nat.rawCast 1))))
                        (Mathlib.Tactic.Ring.Common.atom_pf (P.phi i x) rfl
                          (Eq.mpr
                            (id
                              (congrArg
                                (fun _a => P.phi i x ^ Nat.rawCast 1 * Nat.rawCast 1 = P.phi i x ^ Nat.rawCast 1 * _a)
                                (Eq.symm rfl)))
                            (Eq.refl (P.phi i x ^ Nat.rawCast 1 * Nat.rawCast 1))))
                        (Mathlib.Tactic.Ring.Common.add_mul
                          (Mathlib.Tactic.Ring.Common.mul_add
                            (Mathlib.Tactic.Ring.Common.mul_pf_left (f x) (Nat.rawCast 1)
                              (Mathlib.Tactic.Ring.Common.mul_pf_right (P.phi i x) (Nat.rawCast 1)
                                (Mathlib.Meta.NormNum.IsNat.to_raw_eq
                                  (Mathlib.Meta.NormNum.isNat_mul (Eq.refl HMul.hMul)
                                    (Mathlib.Meta.NormNum.IsNat.of_raw ℝ 1) (Mathlib.Meta.NormNum.IsNat.of_raw ℝ 1)
                                    (Eq.refl 1)))))
                            (Mathlib.Tactic.Ring.Common.mul_zero (f x ^ Nat.rawCast 1 * Nat.rawCast 1))
                            (Mathlib.Tactic.Ring.Common.add_pf_add_zero
                              (f x ^ Nat.rawCast 1 * (P.phi i x ^ Nat.rawCast 1 * Nat.rawCast 1) + 0)))
                          (Mathlib.Tactic.Ring.Common.zero_mul (P.phi i x ^ Nat.rawCast 1 * Nat.rawCast 1 + 0))
                          (Mathlib.Tactic.Ring.Common.add_pf_add_zero
                            (f x ^ Nat.rawCast 1 * (P.phi i x ^ Nat.rawCast 1 * Nat.rawCast 1) + 0))))
                      (Mathlib.Tactic.Ring.Common.atom_pf (rho i x) rfl
                        (Eq.mpr
                          (id
                            (congrArg (fun _a => rho i x ^ Nat.rawCast 1 * Nat.rawCast 1 = rho i x ^ Nat.rawCast 1 * _a)
                              (Eq.symm rfl)))
                          (Eq.refl (rho i x ^ Nat.rawCast 1 * Nat.rawCast 1))))
                      (Mathlib.Tactic.Ring.Common.add_mul
                        (Mathlib.Tactic.Ring.Common.mul_add
                          (Mathlib.Tactic.Ring.Common.mul_pf_left (f x) (Nat.rawCast 1)
                            (Mathlib.Tactic.Ring.Common.mul_pf_left (P.phi i x) (Nat.rawCast 1)
                              (Mathlib.Tactic.Ring.Common.mul_pf_right (rho i x) (Nat.rawCast 1)
                                (Mathlib.Meta.NormNum.IsNat.to_raw_eq
                                  (Mathlib.Meta.NormNum.isNat_mul (Eq.refl HMul.hMul)
                                    (Mathlib.Meta.NormNum.IsNat.of_raw ℝ 1) (Mathlib.Meta.NormNum.IsNat.of_raw ℝ 1)
                                    (Eq.refl 1))))))
                          (Mathlib.Tactic.Ring.Common.mul_zero
                            (f x ^ Nat.rawCast 1 * (P.phi i x ^ Nat.rawCast 1 * Nat.rawCast 1)))
                          (Mathlib.Tactic.Ring.Common.add_pf_add_zero
                            (f x ^ Nat.rawCast 1 *
                                (P.phi i x ^ Nat.rawCast 1 * (rho i x ^ Nat.rawCast 1 * Nat.rawCast 1)) +
                              0)))
                        (Mathlib.Tactic.Ring.Common.zero_mul (rho i x ^ Nat.rawCast 1 * Nat.rawCast 1 + 0))
                        (Mathlib.Tactic.Ring.Common.add_pf_add_zero
                          (f x ^ Nat.rawCast 1 *
                              (P.phi i x ^ Nat.rawCast 1 * (rho i x ^ Nat.rawCast 1 * Nat.rawCast 1)) +
                            0)))));
          this)))
      (MeasureTheory.integral_finsetSum Finset.univ fun i x => hf i))
../debug/IBPSig2.lean:37:7: error(lean.unknownIdentifier): Unknown constant `Poincare.D13.Riemannian.chartGramMatrix`
../debug/IBPSig2.lean:38:7: error(lean.unknownIdentifier): Unknown constant `Poincare.D13.Riemannian.chartMetricCoeff`
../debug/IBPSig2.lean:39:7: error(lean.unknownIdentifier): Unknown constant `Poincare.D13.Riemannian.chartTransition`
../debug/IBPSig2.lean:40:7: error(lean.unknownIdentifier): Unknown constant `Poincare.D13.Riemannian.chartOverlap`
../debug/IBPSig2.lean:41:7: error(lean.unknownIdentifier): Unknown constant `Poincare.D13.Riemannian.extendedSmoothChartMetric`
theorem Poincare.D13.VolumeForm.chartVolumeForm_pullback_orientationPreserving : ∀ {d : ℕ}
  (G : Poincare.D12.VolumeIBP.ChartMetric d) (H : Poincare.D12.VolumeIBP.ChartDiffeomorphism d)
  (x : Poincare.D13.VolumeForm.Vec d),
  0 < (fderiv ℝ H.ψ x).det →
    ∀ (v : Fin d → Poincare.D13.VolumeForm.Vec d),
      (Poincare.D13.VolumeForm.chartVolumeForm (G.pullbackMetric H) x) v =
        (Poincare.D13.VolumeForm.chartVolumeForm G (H.ψ x)) fun j => (fderiv ℝ H.ψ x) (v j) :=
fun {d} G H x hdet v =>
  Eq.mpr
    (id
      (congrArg (fun _a => _a = (Poincare.D13.VolumeForm.chartVolumeForm G (H.ψ x)) fun j => (fderiv ℝ H.ψ x) (v j))
        (Poincare.D13.VolumeForm.chartVolumeForm_pullback_general G H x v)))
    (Eq.mpr
      (id
        (congrArg
          (fun _a =>
            (_a * (Poincare.D13.VolumeForm.chartVolumeForm G (H.ψ x)) fun j => (fderiv ℝ H.ψ x) (v j)) =
              (Poincare.D13.VolumeForm.chartVolumeForm G (H.ψ x)) fun j => (fderiv ℝ H.ψ x) (v j))
          (Real.sign_of_pos hdet)))
      (Eq.mpr
        (id
          (congrArg (fun _a => _a = (Poincare.D13.VolumeForm.chartVolumeForm G (H.ψ x)) fun j => (fderiv ℝ H.ψ x) (v j))
            (one_mul ((Poincare.D13.VolumeForm.chartVolumeForm G (H.ψ x)) fun j => (fderiv ℝ H.ψ x) (v j)))))
        (Eq.refl ((Poincare.D13.VolumeForm.chartVolumeForm G (H.ψ x)) fun j => (fderiv ℝ H.ψ x) (v j)))))
../debug/IBPSig2.lean:43:7: error(lean.unknownIdentifier): Unknown constant `Poincare.D13.Riemannian.trivializationAt_symm_eq_tangentCoordChange`
../debug/IBPSig2.lean:44:7: error(lean.unknownIdentifier): Unknown constant `Poincare.D13.Riemannian.chartGramMatrix_change`
../debug/IBPSig2.lean:45:7: error(lean.unknownIdentifier): Unknown constant `Poincare.D13.Riemannian.chartGramMatrix_det_pos`
../debug/IBPSig2.lean:46:7: error(lean.unknownIdentifier): Unknown constant `Poincare.D13.Riemannian.chartFrameVec_eq_symm_tangentCoordChange`
../debug/IBPSig2.lean:47:7: error(lean.unknownIdentifier): Unknown constant `Poincare.D13.ManifoldIBP.OverlapAtlas.dilationAtlasTwo_chartMeasure_absolutelyContinuous`
../debug/IBPSig2.lean:48:7: error(lean.unknownIdentifier): Unknown constant `Poincare.D13.ManifoldIBP.OverlapAtlas.dilationAtlasTwo_globalMeasure_eq_chartMeasure`
