{
 "current_lean_files": 464,
 "source_hash_entries": 464,
 "baseline_entries": 470,
 "baseline_lean_entries": 464,
 "mismatch_current_vs_sourcehashes": [],
 "missing_current": [],
 "current_not_in_sourcehashes": [],
 "diff_sourcehashes_vs_baseline_lean": [],
 "release_tree_hash": "d3954cf9830a96d7dd87d16414d63dc6214348013655c129d17c601efbac30f2"
}
{
 "longrun/results/L5-topology-audit.md": "bab8e022a3d2828a4ae3945093ec6235635c576561d5bd41644191e2a2acc213",
 "longrun/results/L5-topology-audit.json": "bd9d975964db2ec166fd5f7a26b4db5fb6cc20cad1a767e8fcc2aadec2d1feea",
 "checkpoint.json": "f863293deb11299e5df67735c660aaeb1fa0f1a037e1d6c387a5265d64bdd192",
 "research-brief-2026-09-11.md": "79c1a34dd54dd2aad659f2f2ed3d626b36dc0df662113e07593431b03df864cd",
 "audit-evidence/audit-summary.json": "17bb49b581c8b41bf293a8c62741b2a8bda56fc2058e1f7a9c5e84635718b22c",
 "audit-evidence/collisions.json": "f61ae4ecbe2bcd6eba78a4e5acec842f1a0d1e22f59a633daee57341603fe302",
 "audit-evidence/forbidden-scan.json": "6b0ce48f37849dbe8a58782b978e05de33f67c25a377f17fefb525a1e561d52f",
 "audit-evidence/perfile-check.json": "666ed5356c84415a0dccab0365350f92328f9fd85602b4451a8ccf0ae1ddbd07"
}
