SEMREVPKG	decls	12136
SEMREVPKG	theorems	7483
SEMREVPKG	axioms_unexpected	3
SEMREVPKG	unsafe	0
SEMREVPKG	partial	22
SEMREVPKG	sorryAx_unexpected	0
SEMREVPKG	native_decide_unexpected	0
SEMREVPKG	unapproved_axiom_all	5
SEMREVPKG	unapproved_axiom_unexpected	0
SEMREVPKG	proof_wanted	0
SEMREVPKG	collect_failures	0
SEMREVFAIL	project_axiom	Poincare.D12.VolumeIBP.Audit.negativeControl
SEMREVFAIL	project_axiom	Poincare.D13.CriticalPathReview.NegControl.negControlBadAxiom
SEMREVFAIL	project_axiom	d12NegControlBadAxiom
SEMREVUSE	Poincare.D12.SurgeryRecognition.doubleBallHomeoSphere	1	Poincare.D12.SurgeryRecognition.sphereConnectSum_homeo_sphere
SEMREVUSE	Poincare.D12.SurgeryRecognition.sphereConnectSum_homeo_sphere	1	Poincare.D12.SurgeryRecognition.sphereConnectSum_transported
SEMREVUSE	Poincare.D12.SurgeryRecognition.sphereConnectSum_transported	3	Poincare.D12.SurgeryRecognition.iteratedSphereSum._f;Poincare.D12.SurgeryRecognition.iteratedSphereSum._proof_7;Poincare.D12.SurgeryRecognition.iteratedSphereSum._unsafe_rec
SEMREVUSE	Poincare.D12.SurgeryRecognition.iteratedSphereSum_homeo_sphere	0	
SEMREVUSE	Poincare.D12.SurgeryRecognition.ConnectedSumDecomposition.mkV2	1	Poincare.D12.SurgeryRecognition.stage6Target_of_v2decomposition
SEMREVUSE	Poincare.D12.SurgeryRecognition.finiteFreeOrbit_isQuotientCoveringMap	2	Poincare.D12.SurgeryRecognition.antipodalQuotientCovering;Poincare.D12.SurgeryRecognition.SphericalSpaceFormModel.coveringQuotient
SEMREVUSE	Poincare.D12.SurgeryRecognition.deckTrivial_of_simplyConnected_quotient	2	Poincare.D12.SurgeryRecognition.sphericalPieceRecognition_of_spaceForm;Poincare.D12.SurgeryRecognition.RemainingRecognitionHypothesesV3.toRemainingV2
SEMREVUSE	Poincare.D12.SurgeryRecognition.stage6Target_of_v2decomposition	1	Poincare.D12.SurgeryRecognition.stage6Target_of_v2hypotheses
SEMREVUSE	Poincare.D12.SurgeryRecognition.stage6Target_of_v2hypotheses	1	Poincare.D12.SurgeryRecognition.stage6Target_of_v3hypotheses
SEMREVUSE	Poincare.D12.SurgeryRecognition.stage6Target_of_v3hypotheses	0	
SEMREVUSE	Poincare.D12.SurgeryRecognition.AntipodalGroup	46	Poincare.D12.SurgeryRecognition.instContinuousConstSMulAntipodalGroupS3;Poincare.D12.SurgeryRecognition.antipodal_fiber_card_two;Poincare.D12.SurgeryRecognition.antipodal_free;Poincare.D12.SurgeryRecognition.antipodalModel;Poincare.D12.SurgeryRecognition.antipodal_one;Poincare.D12.SurgeryRecognition.antipodal._proof_1;Poincare.D12.SurgeryRecognition.instSMulAntipodalGroupS3;Poincare.D12.SurgeryRecognition.antipodal.eq_1;Poincare.D12.SurgeryRecognition.antipodalGroup_card;Poincare.D12.SurgeryRecognition.antipodal_two_sheets;Poincare.D12.SurgeryRecognition.antipodal_of_ne_one;Poincare.D12.SurgeryRecognition.antipodalVec_one
SEMREVUSE	Poincare.D7.Recognition.stage6Target_of_certificates	2	Poincare.D7.Recognition.finalHomeomorphismConstruction_of_certificateFamily;Poincare.D12.SurgeryRecognition.stage6Target_of_v2decomposition
SEMREVUSE	Poincare.D12.TriangulationTopology.diskGlueQuotHomeoSphere	6	Poincare.D12.TriangulationTopology.sphereOfTwoDisks;Poincare.D12.TriangulationTopology.diskGlueQuotT2Space;Poincare.D12.TriangulationTopology.diskGlueQuotHomeoSphere_refl_apply;Poincare.D12.TriangulationTopology.diskGlueQuotHomeoSphere.eq_1
SEMREVUSE	Poincare.D12.TriangulationTopology.alexanderHomeo	12	Poincare.D12.TriangulationTopology.diskGlueSumHomeo.eq_1;Poincare.D12.TriangulationTopology.diskGlueSumHomeo_inl;Poincare.D12.TriangulationTopology.alexanderHomeo_eq_refl_iff;Poincare.D12.TriangulationTopology.diskGlueSumHomeo;Poincare.D12.TriangulationTopology.diskGlueQuotHomeoSphere_refl_apply;Poincare.D12.TriangulationTopology.alexanderHomeo_refl;Poincare.D12.TriangulationTopology.alexanderHomeo_symm_sphereToDisk;Poincare.D12.TriangulationTopology.alexanderHomeo_zero;Poincare.D12.TriangulationTopology.diskGlueRel_transport;Poincare.D12.TriangulationTopology.alexanderHomeo_sphereToDisk
SEMREVUSE	Poincare.D12.TriangulationTopology.alexanderHomeo_eq_refl_iff	0	
SEMREVUSE	Poincare.D12.TriangulationTopology.sphereOfTwoDisks	1	Poincare.D12.TriangulationTopology.sphereOfTwoDisks_hemisphere_instance
SEMREVUSE	Poincare.D12.TriangulationTopology.sphereOfTwoDisks_hemisphere_instance	1	Poincare.D13.IntegratedAudit.Nonvacuity.d13_consumer_sphereOfTwoDisks_hemisphere
SEMREVUSE	Poincare.D7.SurgeryFlow.realLineProcedureChain_simplyConnected	0	
SEMREVUSE	Poincare.Longrun.Topology.stage6Target_of_sphereRecognition	0	
SEMREVUSE	Poincare.Longrun.Topology.stage6Target_of_compactThreeManifold	0	
SEMREVUSE	Poincare.D7.Limit.HeatMeshConvergence	9	Poincare.D7.Limit.heatMeshConvergenceTheorem_of_vanishingError;Poincare.D7.Limit.continuousHeatMaximumPrincipleInterface_of_meshConvergence;Poincare.D7.Limit.HeatMeshConvergenceTheorem;Poincare.D7.Limit.continuousHeatMaxPrinciple_of_meshConvergence;Poincare.D7.Limit.heatMeshConvergence_of_stability;Poincare.D7.Limit.continuousHeatMaximumPrincipleConjecture_of_meshConvergence
SEMREVUSE	Poincare.Longrun.Topology.stage6Target_iff_sphereRecognition	0	
SEMREVUSE	Poincare.D7.SurgeryFlow.NeckAnalysisHypotheses	58	Poincare.D7.SurgeryFlow.NeckAnalysisHypotheses.ctorIdx;Poincare.D7.SurgeryFlow.NeckAnalysisHypotheses.mk.inj;Poincare.D7.SurgeryFlow.NeckAnalysisHypotheses.admissibleCutAndCap;Poincare.D7.SurgeryFlow.NeckAnalysisHypotheses.realizesDatum_of_admissible;Poincare.D7.SurgeryFlow.NeckAnalysisHypotheses.mk;Poincare.D7.SurgeryFlow.NeckAnalysisHypotheses.admissibleCutAndCap_of_highCurvature;Poincare.D7.SurgeryFlow.NeckAnalysisHypotheses.target_of_highCurvature;Poincare.D7.SurgeryFlow.NeckAnalysisHypotheses.certifiedNeckSeparating;Poincare.D7.SurgeryFlow.NeckAnalysisHypotheses.realizesDatum_of_highCurvature;Poincare.D7.SurgeryFlow.NeckAnalysisHypotheses._sizeOf_inst;Poincare.D7.SurgeryFlow.NeckAnalysisHypotheses.d3;Poincare.D7.SurgeryFlow.NeckAnalysisHypotheses._sizeOf_1
SEMREVUSE	Poincare.D7.SurgeryFlow.missingFullNeckAnalysis	7	Poincare.D7.SurgeryFlow.missingSurgeryFlowTheorem;Poincare.D7.SurgeryFlow.exists_separating_of_missingFullNeckAnalysis;Poincare.D7.SurgeryFlow.missingFullNeckAnalysis_iff;Poincare.D7.SurgeryFlow.missingSurgeryFlowTheorem_iff;Poincare.D7.SurgeryFlow.surgeryFlow_consequences_of_missing
SEMREVUSE	Poincare.D7.SurgeryFlow.missingExtinctionTheorem	11	Poincare.D7.SurgeryFlow.missingSurgeryFlowTheorem;Poincare.D7.SurgeryFlow.extinct_of_missingExtinctionTheorem;Poincare.D7.SurgeryFlow.surgeryFlow_consequences;Poincare.D7.SurgeryFlow.missingExtinctionTheorem_iff;Poincare.D7.SurgeryFlow.missingSurgeryFlowTheorem_iff;Poincare.D7.SurgeryFlow.terminalSphere_of_missingExtinctionTheorem;Poincare.D7.SurgeryFlow.surgeryFlow_consequences_of_missing
SEMREVUSE	Poincare.D7.SurgeryFlow.missingSurgeryFlowTheorem	4	Poincare.D7.SurgeryFlow.missingSurgeryFlowTheorem_iff;Poincare.D7.SurgeryFlow.surgeryFlow_consequences_of_missing
SEMREVUSE	Poincare.Longrun.Surgery.ExtinctionTheorem	84	Poincare.Longrun.Surgery.ExtinctionTheorem.recOn;Poincare.Longrun.Surgery.ExtinctionTheorem.extincts_of_finite;Poincare.Longrun.Surgery.ExtinctionTheorem.complexityDecreases;Poincare.D7.Recognition.ExtinctionCertificate.rec;Poincare.Longrun.Surgery.MissingInputs.extinction;Poincare.Longrun.Surgery.ExtinctionTheorem.noConfusion;Poincare.Longrun.Surgery.ExtinctionTheorem.finitelyMany_of_complexity;Poincare.Longrun.Surgery.MissingInputs.mk.sizeOf_spec;Poincare.Longrun.Surgery.MissingInputs.mk.inj;Poincare.Longrun.Surgery.ExtinctionTheorem.extincts;Poincare.D7.Recognition.ExtinctionCertificate.mk.noConfusion;Poincare.D7.Recognition.ExtinctionCertificate.mk
SEMREVUSE	Poincare.Longrun.Surgery.MissingInputs	34	Poincare.Longrun.Surgery.MissingInputs.extinction;Poincare.Longrun.Surgery.MissingInputs.mk.sizeOf_spec;Poincare.Longrun.Surgery.MissingInputs.mk.inj;Poincare.Longrun.Surgery.MissingInputs.rec;Poincare.Longrun.Surgery.MissingInputs.mk.noConfusion;Poincare.Longrun.Surgery.MissingInputs.noConfusionType;Poincare.Longrun.Surgery.MissingInputs.casesOn;Poincare.Longrun.Surgery.MissingInputs.noConfusion;Poincare.Longrun.Surgery.MissingInputs.mk._flat_ctor;Poincare.Longrun.Surgery.MissingInputs._sizeOf_1;Poincare.Longrun.Surgery.MissingInputs.mk;Poincare.Longrun.Surgery.MissingInputs._sizeOf_inst
SEMREVUSE	Poincare.Longrun.Evolution.FiniteMeshConvergence	2	Poincare.D7.Limit.finiteMeshConvergence_of_stability;D4Audit.finiteMeshConvergence_nonvacuous
SEMREVUSE	Poincare.Longrun.Evolution.FiniteRepresentsContinuousPerelman	25	Poincare.Longrun.Evolution.PerelmanEvolutionBoundary.mk._flat_ctor;Poincare.Longrun.Evolution.PerelmanApproximation.mk;Poincare.Longrun.Evolution.PerelmanEvolutionBoundary.casesOn;Poincare.Longrun.Evolution.PerelmanApproximation.rec;Poincare.Longrun.Evolution.PerelmanEvolutionBoundary.rec;Poincare.Longrun.Evolution.PerelmanApproximation.noConfusionType;Poincare.Longrun.Evolution.PerelmanEvolutionBoundary.identification;Poincare.Longrun.Evolution.PerelmanApproximation.mk.noConfusion;Poincare.Longrun.Evolution.PerelmanApproximation.identification;Poincare.Longrun.Evolution.PerelmanEvolutionBoundary.mk;Poincare.Longrun.Evolution.PerelmanApproximation.mk.sizeOf_spec;Poincare.Longrun.Evolution.PerelmanApproximation.casesOn
SEMREVUSE	Poincare.Longrun.Evolution.PerelmanEvolutionBoundary	17	Poincare.Longrun.Evolution.PerelmanEvolutionBoundary.mk._flat_ctor;Poincare.Longrun.Evolution.PerelmanEvolutionBoundary.casesOn;Poincare.Longrun.Evolution.PerelmanEvolutionBoundary.rec;Poincare.Longrun.Evolution.PerelmanEvolutionBoundary.identification;Poincare.Longrun.Evolution.PerelmanEvolutionBoundary.tensor_realization;Poincare.Longrun.Evolution.PerelmanEvolutionBoundary.evolves;Poincare.Longrun.Evolution.PerelmanEvolutionBoundary.mk;Poincare.Longrun.Evolution.PerelmanEvolutionBoundary.hc;Poincare.Longrun.Evolution.PerelmanEvolutionBoundary.entropy_bridge;Poincare.Longrun.Evolution.PerelmanEvolutionBoundary.recOn
SEMREVUSE	Poincare.Longrun.Evolution.PerelmanApproximation	30	Poincare.Longrun.Evolution.PerelmanApproximation.mk;Poincare.Longrun.Evolution.PerelmanApproximation.rec;Poincare.Longrun.Evolution.PerelmanApproximation.noConfusionType;Poincare.Longrun.Evolution.continuousPerelmanFMonotone_of_approximation;Poincare.Longrun.Evolution.PerelmanApproximation.mk.noConfusion;Poincare.Longrun.Evolution.PerelmanApproximation.hc;Poincare.Longrun.Evolution.PerelmanApproximation.evolves;Poincare.Longrun.Evolution.PerelmanApproximation.identification;Poincare.Longrun.Evolution.PerelmanApproximation.mk.sizeOf_spec;Poincare.Longrun.Evolution.PerelmanApproximation.ctorIdx;Poincare.Longrun.Evolution.PerelmanApproximation.casesOn;D4Audit.perelmanApproximation_nonvacuous
SEMREVUSE	Poincare.D7.Limit.HeatMeshConvergenceTheorem	2	Poincare.D7.Limit.heatMeshConvergenceTheorem_isProp
SEMREVINH	count	33
SEMREVINH	Poincare.Longrun.Evolution.PerelmanEvolutionBoundary.mk._flat_ctor	Poincare.Longrun.Evolution.PerelmanEvolutionBoundary	syntactic
SEMREVINH	Poincare.Longrun.Surgery.MissingInputs.extinction	Poincare.Longrun.Surgery.ExtinctionTheorem	syntactic
SEMREVINH	Poincare.D12.SurgeryRecognition.RemainingRecognitionHypothesesV2.mk._flat_ctor	Poincare.D12.SurgeryRecognition.RemainingRecognitionHypothesesV2	syntactic
SEMREVINH	D4Audit.transfer_nonvacuous	Poincare.Longrun.Evolution.ContinuousPerelmanFMonotonicity	syntactic
SEMREVINH	Poincare.D7.Recognition.SphericalPieceRecognition.mk._flat_ctor	Poincare.D7.Recognition.SphericalPieceRecognition	syntactic
SEMREVINH	Poincare.D7.Recognition.CanonicalNeighborhoodInput.mk._flat_ctor	Poincare.D7.Recognition.CanonicalNeighborhoodInput	syntactic
SEMREVINH	Poincare.Longrun.Evolution.PerelmanEvolutionBoundary.identification	Poincare.Longrun.Evolution.FiniteRepresentsContinuousPerelman	syntactic
SEMREVINH	Poincare.Longrun.Evolution.continuousPerelmanFMonotone_of_approximation	Poincare.Longrun.Evolution.ContinuousPerelmanFMonotonicity	syntactic
SEMREVINH	Poincare.D7.SurgeryFlow.NeckAnalysisHypotheses.d3	Poincare.Longrun.Surgery.NeckAnalysis	syntactic
SEMREVINH	Poincare.D7.Recognition.RecognitionHypotheses.mk._flat_ctor	Poincare.D7.Recognition.RecognitionHypotheses	syntactic
SEMREVINH	Poincare.D7.Limit.finiteMeshConvergence_of_stability	Poincare.Longrun.Evolution.FiniteMeshConvergence	syntactic
SEMREVINH	Poincare.Longrun.Evolution.PerelmanApproximation.identification	Poincare.Longrun.Evolution.FiniteRepresentsContinuousPerelman	syntactic
SEMREVINH	Poincare.D7.SurgeryFlow.NeckAnalysisHypotheses.mk._flat_ctor	Poincare.D7.SurgeryFlow.NeckAnalysisHypotheses	syntactic
SEMREVINH	Poincare.D12.SurgeryRecognition.sphericalPieceRecognition_of_spaceForm	Poincare.D7.Recognition.SphericalPieceRecognition	syntactic
SEMREVINH	Poincare.D7.Recognition.ExtinctionCertificate.extinction	Poincare.Longrun.Surgery.ExtinctionTheorem	syntactic
SEMREVINH	Poincare.D12.SurgeryRecognition.RemainingRecognitionHypothesesV3.mk._flat_ctor	Poincare.D12.SurgeryRecognition.RemainingRecognitionHypothesesV3	syntactic
SEMREVINH	Poincare.Longrun.Surgery.NeckAnalysis.mk._flat_ctor	Poincare.Longrun.Surgery.NeckAnalysis	syntactic
SEMREVINH	Poincare.D12.SurgeryRecognition.RemainingRecognitionHypothesesV3.toRemainingV2	Poincare.D12.SurgeryRecognition.RemainingRecognitionHypothesesV2	syntactic
SEMREVINH	Poincare.D7.SurgeryFlow.ExtinctionData.mk._flat_ctor	Poincare.D7.SurgeryFlow.ExtinctionData	syntactic
SEMREVINH	Poincare.D7.Recognition.RecognitionHypotheses.canonical	Poincare.D7.Recognition.CanonicalNeighborhoodInput	syntactic
SEMREVINH	Poincare.D12.SurgeryRecognition.RemainingRecognitionHypotheses.pieceRecognition	Poincare.D7.Recognition.SphericalPieceRecognition	syntactic
SEMREVINH	Poincare.D7.Recognition.RecognitionHypotheses.extinction	Poincare.D7.Recognition.ExtinctionCertificate	syntactic
SEMREVINH	D4Audit.finiteMeshConvergence_nonvacuous	Poincare.Longrun.Evolution.FiniteMeshConvergence	syntactic
SEMREVINH	Poincare.D12.SurgeryRecognition.sphericalPieceRecognition_of	Poincare.D7.Recognition.SphericalPieceRecognition	syntactic
SEMREVINH	D4Audit.perelmanApproximation_nonvacuous	Poincare.Longrun.Evolution.PerelmanApproximation	syntactic
SEMREVINH	Poincare.Longrun.Surgery.MissingInputs.mk._flat_ctor	Poincare.Longrun.Surgery.MissingInputs	syntactic
SEMREVINH	Poincare.D7.Recognition.RecognitionHypotheses.pieceRecognition	Poincare.D7.Recognition.SphericalPieceRecognition	syntactic
SEMREVINH	Poincare.D7.Limit.continuousHeatMaximumPrincipleConjecture_of_meshConvergence	Poincare.D7.Limit.ContinuousHeatMaximumPrincipleConjecture	syntactic
SEMREVINH	Poincare.D7.Recognition.ExtinctionCertificate.mk._flat_ctor	Poincare.D7.Recognition.ExtinctionCertificate	syntactic
SEMREVINH	Poincare.Longrun.Surgery.MissingInputs.neck	Poincare.Longrun.Surgery.NeckAnalysis	syntactic
SEMREVINH	Poincare.D12.SurgeryRecognition.ConnectedSumDecompositionV2.mk._flat_ctor	Poincare.D12.SurgeryRecognition.ConnectedSumDecompositionV2	syntactic
SEMREVINH	Poincare.Longrun.Surgery.ExtinctionTheorem.mk._flat_ctor	Poincare.Longrun.Surgery.ExtinctionTheorem	syntactic
SEMREVINH	Poincare.Longrun.Evolution.PerelmanApproximation.mk._flat_ctor	Poincare.Longrun.Evolution.PerelmanApproximation	syntactic
SEMREVEQUIV	count	9
SEMREVEQUIV	Poincare.Longrun.DeTurck.FlowInterface.toy_ricciFlowUniqueness	hyp#3
SEMREVEQUIV	Poincare.D7.SurgeryFlow.realLineProcedureChain_simplyConnected	hyp#0
SEMREVEQUIV	Poincare.D7.Compactness.cheegerGromov_of_ghSubsequence	hyp#3
SEMREVEQUIV	Poincare.Longrun.Topology.stage6Target_of_compactThreeManifold	hyp#4
SEMREVEQUIV	Poincare.Longrun.DeTurck.FlowInterface.toy_ricciFlowUniqueness_of_deturck	hyp#3
SEMREVEQUIV	Poincare.D10.MaximumPrincipleRN.weak_maximum_principle_const	hyp#9
SEMREVEQUIV	Poincare.D11.MaximumPrincipleTensor.PositivityPreserving.id	hyp#2
SEMREVEQUIV	Poincare.Longrun.Topology.stage6Target_of_sphereRecognition	hyp#6
SEMREVEQUIV	Poincare.Longrun.DeTurck.FlowInterface.toy_uniqueness	hyp#3
SEMREVPASS DONE
