SEMREVCONE	Poincare.D12.SurgeryRecognition.doubleBallHomeoSphere	propext;Classical.choice;Quot.sound
SEMREVKIND	Poincare.D12.SurgeryRecognition.doubleBallHomeoSphere	def	prop=false	declaresProp=false
SEMREVCONE	Poincare.D12.SurgeryRecognition.sphereConnectSum_homeo_sphere	propext;Classical.choice;Quot.sound
SEMREVKIND	Poincare.D12.SurgeryRecognition.sphereConnectSum_homeo_sphere	def	prop=true	declaresProp=false
SEMREVCONE	Poincare.D12.SurgeryRecognition.sphereConnectSum_transported	propext;Classical.choice;Quot.sound
SEMREVKIND	Poincare.D12.SurgeryRecognition.sphereConnectSum_transported	def	prop=true	declaresProp=false
SEMREVCONE	Poincare.D12.SurgeryRecognition.iteratedSphereSum_homeo_sphere	propext;Classical.choice;Quot.sound
SEMREVKIND	Poincare.D12.SurgeryRecognition.iteratedSphereSum_homeo_sphere	theorem	prop=true	declaresProp=false
SEMREVCONE	Poincare.D12.SurgeryRecognition.ConnectedSumDecomposition.mkV2	propext;Classical.choice;Quot.sound
SEMREVKIND	Poincare.D12.SurgeryRecognition.ConnectedSumDecomposition.mkV2	def	prop=false	declaresProp=false
SEMREVCONE	Poincare.D12.SurgeryRecognition.finiteFreeOrbit_isQuotientCoveringMap	propext;Classical.choice;Quot.sound
SEMREVKIND	Poincare.D12.SurgeryRecognition.finiteFreeOrbit_isQuotientCoveringMap	theorem	prop=true	declaresProp=false
SEMREVCONE	Poincare.D12.SurgeryRecognition.deckTrivial_of_simplyConnected_quotient	propext;Classical.choice;Quot.sound
SEMREVKIND	Poincare.D12.SurgeryRecognition.deckTrivial_of_simplyConnected_quotient	theorem	prop=true	declaresProp=false
SEMREVCONE	Poincare.D12.SurgeryRecognition.stage6Target_of_v2decomposition	propext;Classical.choice;Quot.sound
SEMREVKIND	Poincare.D12.SurgeryRecognition.stage6Target_of_v2decomposition	theorem	prop=true	declaresProp=false
SEMREVCONE	Poincare.D12.SurgeryRecognition.stage6Target_of_v2hypotheses	propext;Classical.choice;Quot.sound
SEMREVKIND	Poincare.D12.SurgeryRecognition.stage6Target_of_v2hypotheses	theorem	prop=true	declaresProp=false
SEMREVCONE	Poincare.D12.SurgeryRecognition.stage6Target_of_v3hypotheses	propext;Classical.choice;Quot.sound
SEMREVKIND	Poincare.D12.SurgeryRecognition.stage6Target_of_v3hypotheses	theorem	prop=true	declaresProp=false
SEMREVCONE	Poincare.D12.SurgeryRecognition.AntipodalGroup	
SEMREVKIND	Poincare.D12.SurgeryRecognition.AntipodalGroup	def	prop=false	declaresProp=false
SEMREVCONE	Poincare.D7.Recognition.stage6Target_of_certificates	propext;Classical.choice;Quot.sound
SEMREVKIND	Poincare.D7.Recognition.stage6Target_of_certificates	theorem	prop=true	declaresProp=false
SEMREVCONE	HatcherLib.vanKampenMap	propext;Classical.choice;Quot.sound
SEMREVKIND	HatcherLib.vanKampenMap	def	prop=false	declaresProp=false
SEMREVCONE	HatcherLib.vanKampenMap_surjective	propext;Classical.choice;Quot.sound
SEMREVKIND	HatcherLib.vanKampenMap_surjective	theorem	prop=true	declaresProp=false
SEMREVCONE	HatcherLib.vanKampen_ker_eq_normalSubgroup_of_factorizationsConnected	propext;Classical.choice;Quot.sound
SEMREVKIND	HatcherLib.vanKampen_ker_eq_normalSubgroup_of_factorizationsConnected	theorem	prop=true	declaresProp=false
SEMREVCONE	Poincare.D12.TriangulationTopology.alexanderHomeo	propext;Classical.choice;Quot.sound
SEMREVKIND	Poincare.D12.TriangulationTopology.alexanderHomeo	def	prop=false	declaresProp=false
SEMREVCONE	Poincare.D12.TriangulationTopology.alexanderHomeo_eq_refl_iff	propext;Classical.choice;Quot.sound
SEMREVKIND	Poincare.D12.TriangulationTopology.alexanderHomeo_eq_refl_iff	theorem	prop=true	declaresProp=false
SEMREVCONE	Poincare.D12.TriangulationTopology.diskGlueQuotHomeoSphere	propext;Classical.choice;Quot.sound
SEMREVKIND	Poincare.D12.TriangulationTopology.diskGlueQuotHomeoSphere	def	prop=false	declaresProp=false
SEMREVCONE	Poincare.D12.TriangulationTopology.diskGlueQuotHomeoSphere_refl_apply	propext;Classical.choice;Quot.sound
SEMREVKIND	Poincare.D12.TriangulationTopology.diskGlueQuotHomeoSphere_refl_apply	theorem	prop=true	declaresProp=false
SEMREVCONE	Poincare.D12.TriangulationTopology.sphereOfTwoDisks	propext;Classical.choice;Quot.sound
SEMREVKIND	Poincare.D12.TriangulationTopology.sphereOfTwoDisks	def	prop=false	declaresProp=false
SEMREVCONE	Poincare.D12.TriangulationTopology.sphereOfTwoDisks_hemisphere_instance	propext;Classical.choice;Quot.sound
SEMREVKIND	Poincare.D12.TriangulationTopology.sphereOfTwoDisks_hemisphere_instance	def	prop=false	declaresProp=false
SEMREVCONE	Poincare.D10.TriangulationLowDim.MoiseTriangulationTheorem	propext;Classical.choice;Quot.sound
SEMREVKIND	Poincare.D10.TriangulationLowDim.MoiseTriangulationTheorem	def	prop=false	declaresProp=true
SEMREVCONE	Poincare.D10.TriangulationLowDim.FiniteAbstractSimplicialComplex	propext;Classical.choice;Quot.sound
SEMREVKIND	Poincare.D10.TriangulationLowDim.FiniteAbstractSimplicialComplex	induct/structure	prop=false	declaresProp=false
SEMREVCONE	Poincare.D7.SurgeryFlow.NeckAnalysisHypotheses	propext;Classical.choice;Quot.sound
SEMREVKIND	Poincare.D7.SurgeryFlow.NeckAnalysisHypotheses	induct/structure	prop=false	declaresProp=false
SEMREVCONE	Poincare.D7.SurgeryFlow.missingFullNeckAnalysis	propext;Classical.choice;Quot.sound
SEMREVKIND	Poincare.D7.SurgeryFlow.missingFullNeckAnalysis	def	prop=false	declaresProp=true
SEMREVCONE	Poincare.D7.SurgeryFlow.missingExtinctionTheorem	
SEMREVKIND	Poincare.D7.SurgeryFlow.missingExtinctionTheorem	def	prop=false	declaresProp=true
SEMREVCONE	Poincare.D7.SurgeryFlow.missingSurgeryFlowTheorem	propext;Classical.choice;Quot.sound
SEMREVKIND	Poincare.D7.SurgeryFlow.missingSurgeryFlowTheorem	def	prop=false	declaresProp=true
SEMREVCONE	Poincare.D7.SurgeryFlow.ExtinctionData	
SEMREVKIND	Poincare.D7.SurgeryFlow.ExtinctionData	induct/structure	prop=false	declaresProp=false
SEMREVCONE	Poincare.Longrun.Surgery.ExtinctionTheorem	
SEMREVKIND	Poincare.Longrun.Surgery.ExtinctionTheorem	induct/structure	prop=false	declaresProp=false
SEMREVCONE	Poincare.Longrun.Surgery.MissingInputs	
SEMREVKIND	Poincare.Longrun.Surgery.MissingInputs	induct/structure	prop=false	declaresProp=false
SEMREVCONE	Poincare.D7.SurgeryFlow.realLineProcedureChain_simplyConnected	propext;Classical.choice;Quot.sound
SEMREVKIND	Poincare.D7.SurgeryFlow.realLineProcedureChain_simplyConnected	theorem	prop=true	declaresProp=false
SEMREVCONE	Poincare.Longrun.Evolution.FiniteRepresentsContinuousPerelman	propext;Classical.choice;Quot.sound
SEMREVKIND	Poincare.Longrun.Evolution.FiniteRepresentsContinuousPerelman	def	prop=false	declaresProp=true
SEMREVCONE	Poincare.Longrun.Evolution.FiniteMeshConvergence	propext;Classical.choice;Quot.sound
SEMREVKIND	Poincare.Longrun.Evolution.FiniteMeshConvergence	def	prop=false	declaresProp=true
SEMREVCONE	Poincare.Longrun.Evolution.PerelmanEvolutionBoundary	propext;Classical.choice;Quot.sound
SEMREVKIND	Poincare.Longrun.Evolution.PerelmanEvolutionBoundary	induct/structure	prop=false	declaresProp=true
SEMREVCONE	Poincare.Longrun.Evolution.PerelmanApproximation	propext;Classical.choice;Quot.sound
SEMREVKIND	Poincare.Longrun.Evolution.PerelmanApproximation	induct/structure	prop=false	declaresProp=false
SEMREVCONE	Poincare.Longrun.Evolution.ContinuousPerelmanFMonotonicity	propext;Classical.choice;Quot.sound
SEMREVKIND	Poincare.Longrun.Evolution.ContinuousPerelmanFMonotonicity	def	prop=false	declaresProp=true
SEMREVCONE	Poincare.D7.Limit.HeatMeshConvergence	propext;Classical.choice;Quot.sound
SEMREVKIND	Poincare.D7.Limit.HeatMeshConvergence	def	prop=false	declaresProp=true
SEMREVCONE	Poincare.D7.Limit.heatMeshConvergence_of_stability	propext;Classical.choice;Quot.sound
SEMREVKIND	Poincare.D7.Limit.heatMeshConvergence_of_stability	theorem	prop=true	declaresProp=false
SEMREVCONE	Poincare.D7.Limit.finiteMeshConvergence_of_stability	propext;Classical.choice;Quot.sound
SEMREVKIND	Poincare.D7.Limit.finiteMeshConvergence_of_stability	theorem	prop=true	declaresProp=false
SEMREVCONE	Poincare.D7.Limit.HeatMeshConvergenceTheorem	propext;Classical.choice;Quot.sound
SEMREVKIND	Poincare.D7.Limit.HeatMeshConvergenceTheorem	def	prop=false	declaresProp=true
SEMREVCONE	Poincare.D7.Limit.IsRefiningMesh	propext;Classical.choice;Quot.sound
SEMREVKIND	Poincare.D7.Limit.IsRefiningMesh	def	prop=false	declaresProp=true
SEMREVCONE	Poincare.D7.Limit.HasVanishingError	propext;Classical.choice;Quot.sound
SEMREVKIND	Poincare.D7.Limit.HasVanishingError	def	prop=false	declaresProp=true
SEMREVCONE	Poincare.Longrun.Topology.stage6Target_of_sphereRecognition	propext;Classical.choice;Quot.sound
SEMREVKIND	Poincare.Longrun.Topology.stage6Target_of_sphereRecognition	theorem	prop=true	declaresProp=false
SEMREVCONE	Poincare.Longrun.Topology.stage6Target_of_compactThreeManifold	propext;Classical.choice;Quot.sound
SEMREVKIND	Poincare.Longrun.Topology.stage6Target_of_compactThreeManifold	theorem	prop=true	declaresProp=false
SEMREVCONE	Poincare.Longrun.Topology.stage6Target_iff_sphereRecognition	propext;Classical.choice;Quot.sound
SEMREVKIND	Poincare.Longrun.Topology.stage6Target_iff_sphereRecognition	theorem	prop=true	declaresProp=false
SEMREVCONE	Poincare.Stage6.poincareConjectureTopologicalThree	propext;Classical.choice;Quot.sound
SEMREVKIND	Poincare.Stage6.poincareConjectureTopologicalThree	def	prop=false	declaresProp=true
SEMREVCONE	d12NegControlBadAxiom	d12NegControlBadAxiom
SEMREVKIND	d12NegControlBadAxiom	axiom	prop=true	declaresProp=false
SEMREVCONE	d12NegControlBadTheorem	d12NegControlBadAxiom
SEMREVKIND	d12NegControlBadTheorem	theorem	prop=true	declaresProp=false
SEMREVCONE	Poincare.D12.VolumeIBP.Audit.negativeControl	Poincare.D12.VolumeIBP.Audit.negativeControl
SEMREVKIND	Poincare.D12.VolumeIBP.Audit.negativeControl	axiom	prop=true	declaresProp=false
SEMREVCONE	Poincare.D13.CriticalPathReview.NegControl.negControlBadAxiom	Poincare.D13.CriticalPathReview.NegControl.negControlBadAxiom
SEMREVKIND	Poincare.D13.CriticalPathReview.NegControl.negControlBadAxiom	axiom	prop=true	declaresProp=false
SEMREVCONE	Poincare.D13.CriticalPathReview.NegControl.negControlBadTheorem	Poincare.D13.CriticalPathReview.NegControl.negControlBadAxiom
SEMREVKIND	Poincare.D13.CriticalPathReview.NegControl.negControlBadTheorem	theorem	prop=true	declaresProp=false
SEMREV	cited	51
SEMREV	theorems	19
SEMREV	defs	22
SEMREV	missing	0
SEMREV	unsafe	0
SEMREV	partial	0
SEMREV	sorryAx	0
SEMREV	unapproved_axiom_cones	0
SEMREV	registered_neg_controls_with_forbidden_cone	5
SEMREV	registered_neg_controls_without_forbidden_cone	0
SEMREVVERDICT PASS
