Poincare.D12.SurgeryRecognition.doubleBallHomeoSphere : Homeomorph.{0, 0} Poincare.D12.SurgeryRecognition.DoubleBall
  Poincare.D12.SurgeryRecognition.S3
Poincare.D12.SurgeryRecognition.sphereConnectSum_homeo_sphere : Nonempty.{1}
  (Homeomorph.{0, 0} (Poincare.Longrun.Surgery.TopSpace.Carrier.{0} Poincare.D12.SurgeryRecognition.sphereConnectSum)
    Poincare.D12.SurgeryRecognition.S3)
@Poincare.D12.SurgeryRecognition.sphereConnectSum_transported : ∀ {X Y : Poincare.Longrun.Surgery.TopSpace.{0}}
  (eX : Homeomorph.{0, 0} (Poincare.Longrun.Surgery.TopSpace.Carrier.{0} X) Poincare.D12.SurgeryRecognition.S3)
  (eY : Homeomorph.{0, 0} (Poincare.Longrun.Surgery.TopSpace.Carrier.{0} Y) Poincare.D12.SurgeryRecognition.S3),
  Nonempty.{1}
    (Homeomorph.{0, 0}
      (Poincare.Longrun.Surgery.TopSpace.Carrier.{0}
        (Poincare.D12.SurgeryRecognition.connectedSum X Y (Poincare.D12.SurgeryRecognition.transportedSouthDisk eX)
          (Poincare.D12.SurgeryRecognition.transportedSouthDisk eY) ⋯ ⋯))
      Poincare.D12.SurgeryRecognition.S3)
Poincare.D12.SurgeryRecognition.iteratedSphereSum_homeo_sphere : ∀
  (pieces : List.{1} Poincare.Longrun.Surgery.TopSpace.{0})
  (h :
    ∀ (P : Poincare.Longrun.Surgery.TopSpace.{0}),
      Membership.mem.{1, 1} pieces P →
        Nonempty.{1}
          (Homeomorph.{0, 0} (Poincare.Longrun.Surgery.TopSpace.Carrier.{0} P) Poincare.D12.SurgeryRecognition.S3)),
  Nonempty.{1}
    (Homeomorph.{0, 0}
      (Poincare.Longrun.Surgery.TopSpace.Carrier.{0} (Poincare.D12.SurgeryRecognition.iteratedSphereSum pieces h).sum)
      Poincare.D12.SurgeryRecognition.S3)
@Poincare.D12.SurgeryRecognition.ConnectedSumDecomposition.mkV2 : {X : Poincare.Longrun.Surgery.TopSpace.{0}} →
  {pieces : List.{1} Poincare.Longrun.Surgery.TopSpace.{0}} →
    Poincare.D12.SurgeryRecognition.ConnectedSumDecompositionV2 X pieces →
      (SimplyConnectedSpace.{0} (Poincare.Longrun.Surgery.TopSpace.Carrier.{0} X) →
          ∀ (P : Poincare.Longrun.Surgery.TopSpace.{0}),
            Membership.mem.{1, 1} pieces P →
              SimplyConnectedSpace.{0} (Poincare.Longrun.Surgery.TopSpace.Carrier.{0} P)) →
        Poincare.D7.Recognition.ConnectedSumDecomposition X pieces
Poincare.D12.SurgeryRecognition.finiteFreeOrbit_isQuotientCoveringMap.{u_1} : ∀ (Γ : Type u_1) [inst : Group.{u_1} Γ]
  [Fintype.{u_1} Γ] [inst_2 : MulAction.{u_1, 0} Γ Poincare.D12.SurgeryRecognition.S3]
  [ContinuousConstSMul.{u_1, 0} Γ Poincare.D12.SurgeryRecognition.S3],
  (∀ (g : Γ) (x : Poincare.D12.SurgeryRecognition.S3), Eq.{1} (HSMul.hSMul.{u_1, 0, 0} g x) x → Eq.{u_1 + 1} g 1) →
    IsQuotientCoveringMap.{0, 0, u_1}
      (Quotient.mk.{1} (MulAction.orbitRel.{u_1, 0} Γ Poincare.D12.SurgeryRecognition.S3)) Γ
Poincare.D12.SurgeryRecognition.deckTrivial_of_simplyConnected_quotient : ∀
  (M : Poincare.D12.SurgeryRecognition.SphericalSpaceFormModel)
  [SimplyConnectedSpace.{0} (Poincare.Longrun.Surgery.TopSpace.Carrier.{0} M.quotient)], Subsingleton.{1} M.Γ
@Poincare.D12.SurgeryRecognition.stage6Target_of_v2decomposition : ∀ {X : Poincare.Longrun.Surgery.TopSpace.{0}}
  (compact : CompactSpace.{0} (Poincare.Longrun.Surgery.TopSpace.Carrier.{0} X))
  (t2 : T2Space.{0} (Poincare.Longrun.Surgery.TopSpace.Carrier.{0} X))
  (charted :
    ChartedSpace.{0, 0} Poincare.Longrun.Topology.EuclideanThree (Poincare.Longrun.Surgery.TopSpace.Carrier.{0} X))
  (simplyConnected : SimplyConnectedSpace.{0} (Poincare.Longrun.Surgery.TopSpace.Carrier.{0} X))
  (E : Poincare.D7.Recognition.ExtinctionCertificate X),
  Poincare.D12.SurgeryRecognition.ConnectedSumDecompositionV2 X E.pieces →
    (SimplyConnectedSpace.{0} (Poincare.Longrun.Surgery.TopSpace.Carrier.{0} X) →
        ∀ (P : Poincare.Longrun.Surgery.TopSpace.{0}),
          Membership.mem.{1, 1} E.pieces P →
            SimplyConnectedSpace.{0} (Poincare.Longrun.Surgery.TopSpace.Carrier.{0} P)) →
      ∀ (canonical : Poincare.D7.Recognition.CanonicalNeighborhoodInput X E)
        (pieceRecognition : Poincare.D7.Recognition.SphericalPieceRecognition),
        Poincare.Stage6.poincareConjectureTopologicalThree.{0} (Poincare.Longrun.Surgery.TopSpace.Carrier.{0} X)
@Poincare.D12.SurgeryRecognition.stage6Target_of_v2hypotheses : ∀ {X : Poincare.Longrun.Surgery.TopSpace.{0}}
  (compact : CompactSpace.{0} (Poincare.Longrun.Surgery.TopSpace.Carrier.{0} X))
  (t2 : T2Space.{0} (Poincare.Longrun.Surgery.TopSpace.Carrier.{0} X))
  (charted :
    ChartedSpace.{0, 0} Poincare.Longrun.Topology.EuclideanThree (Poincare.Longrun.Surgery.TopSpace.Carrier.{0} X))
  (simplyConnected : SimplyConnectedSpace.{0} (Poincare.Longrun.Surgery.TopSpace.Carrier.{0} X))
  (E : Poincare.D7.Recognition.ExtinctionCertificate X),
  Poincare.D12.SurgeryRecognition.ConnectedSumDecompositionV2 X E.pieces →
    ∀ (H : Poincare.D12.SurgeryRecognition.RemainingRecognitionHypothesesV2 X E.pieces)
      (canonical : Poincare.D7.Recognition.CanonicalNeighborhoodInput X E),
      Poincare.Stage6.poincareConjectureTopologicalThree.{0} (Poincare.Longrun.Surgery.TopSpace.Carrier.{0} X)
@Poincare.D12.SurgeryRecognition.stage6Target_of_v3hypotheses : ∀ {X : Poincare.Longrun.Surgery.TopSpace.{0}}
  (compact : CompactSpace.{0} (Poincare.Longrun.Surgery.TopSpace.Carrier.{0} X))
  (t2 : T2Space.{0} (Poincare.Longrun.Surgery.TopSpace.Carrier.{0} X))
  (charted :
    ChartedSpace.{0, 0} Poincare.Longrun.Topology.EuclideanThree (Poincare.Longrun.Surgery.TopSpace.Carrier.{0} X))
  (simplyConnected : SimplyConnectedSpace.{0} (Poincare.Longrun.Surgery.TopSpace.Carrier.{0} X))
  (E : Poincare.D7.Recognition.ExtinctionCertificate X),
  Poincare.D12.SurgeryRecognition.ConnectedSumDecompositionV2 X E.pieces →
    ∀ (H : Poincare.D12.SurgeryRecognition.RemainingRecognitionHypothesesV3 X E.pieces)
      (canonical : Poincare.D7.Recognition.CanonicalNeighborhoodInput X E),
      Poincare.Stage6.poincareConjectureTopologicalThree.{0} (Poincare.Longrun.Surgery.TopSpace.Carrier.{0} X)
Poincare.D12.SurgeryRecognition.AntipodalGroup : Type
@Poincare.D7.Recognition.stage6Target_of_certificates : ∀ {X : Poincare.Longrun.Surgery.TopSpace.{0}}
  (compact : CompactSpace.{0} (Poincare.Longrun.Surgery.TopSpace.Carrier.{0} X))
  (t2 : T2Space.{0} (Poincare.Longrun.Surgery.TopSpace.Carrier.{0} X))
  (charted :
    ChartedSpace.{0, 0} Poincare.Longrun.Topology.EuclideanThree (Poincare.Longrun.Surgery.TopSpace.Carrier.{0} X))
  (simplyConnected : SimplyConnectedSpace.{0} (Poincare.Longrun.Surgery.TopSpace.Carrier.{0} X))
  (extinction : Poincare.D7.Recognition.ExtinctionCertificate X)
  (canonical : Poincare.D7.Recognition.CanonicalNeighborhoodInput X extinction)
  (pieceRecognition : Poincare.D7.Recognition.SphericalPieceRecognition),
  Poincare.Stage6.poincareConjectureTopologicalThree.{0} (Poincare.Longrun.Surgery.TopSpace.Carrier.{0} X)
@HatcherLib.vanKampenMap.{u_1,
    u_2} : {X : Type u_1} →
  [inst : TopologicalSpace.{u_1} X] →
    {x₀ : X} →
      {ι : Type u_2} →
        (cover : HatcherLib.PathConnectedOpenCover.{u_1, u_2} x₀ ι) →
          MonoidHom.{max u_1 u_2, u_1}
            (HatcherLib.FreeProduct.{u_2, u_1} fun i => HatcherLib.CoverFundamentalGroup.{u_1, u_2} cover i)
            (FundamentalGroup.{u_1} X x₀)
@HatcherLib.vanKampenMap_surjective.{u_1,
    u_2} : ∀ {X : Type u_1} [inst : TopologicalSpace.{u_1} X] {x₀ : X} {ι : Type u_2}
  (cover : HatcherLib.PathConnectedOpenCover.{u_1, u_2} x₀ ι),
  Function.Surjective.{max (u_1 + 1) (u_2 + 1), u_1 + 1} ⇑(HatcherLib.vanKampenMap.{u_1, u_2} cover)
@HatcherLib.vanKampen_ker_eq_normalSubgroup_of_factorizationsConnected.{u_1,
    u_2} : ∀ {X : Type u_1} [inst : TopologicalSpace.{u_1} X] {x₀ : X} {ι : Type u_2}
  (cover : HatcherLib.PathConnectedOpenCover.{u_1, u_2} x₀ ι),
  HatcherLib.VanKampenFactorizationsConnected.{u_1, u_2} cover →
    Eq.{max (u_1 + 1) (u_2 + 1)} (MonoidHom.ker.{max u_1 u_2, u_1} (HatcherLib.vanKampenMap.{u_1, u_2} cover))
      (HatcherLib.vanKampenNormalSubgroup.{u_1, u_2} cover)
Poincare.D12.TriangulationTopology.alexanderHomeo : (n : ℕ) →
  Homeomorph.{0, 0} ↑(Poincare.D12.TriangulationTopology.Sphere n) ↑(Poincare.D12.TriangulationTopology.Sphere n) →
    Homeomorph.{0, 0} ↑(Poincare.D12.TriangulationTopology.Disk (HAdd.hAdd.{0, 0, 0} n 1))
      ↑(Poincare.D12.TriangulationTopology.Disk (HAdd.hAdd.{0, 0, 0} n 1))
Poincare.D12.TriangulationTopology.alexanderHomeo_eq_refl_iff : ∀ (n : ℕ)
  (h : Homeomorph.{0, 0} ↑(Poincare.D12.TriangulationTopology.Sphere n) ↑(Poincare.D12.TriangulationTopology.Sphere n)),
  Eq.{1} (Poincare.D12.TriangulationTopology.alexanderHomeo n h)
      (Homeomorph.refl.{0} ↑(Poincare.D12.TriangulationTopology.Disk (HAdd.hAdd.{0, 0, 0} n 1))) ↔
    Eq.{1} h (Homeomorph.refl.{0} ↑(Poincare.D12.TriangulationTopology.Sphere n))
Poincare.D12.TriangulationTopology.diskGlueQuotHomeoSphere : (n : ℕ) →
  (h :
      Homeomorph.{0, 0} ↑(Poincare.D12.TriangulationTopology.Sphere n) ↑(Poincare.D12.TriangulationTopology.Sphere n)) →
    Homeomorph.{0, 0} (Poincare.D12.TriangulationTopology.DiskGlueQuot n h)
      ↑(Poincare.D12.TriangulationTopology.Sphere (HAdd.hAdd.{0, 0, 0} n 1))
Poincare.D12.TriangulationTopology.diskGlueQuotHomeoSphere_refl_apply : ∀ (n : ℕ)
  (p : Poincare.D12.TriangulationTopology.DoubleDisk n),
  Eq.{1}
    ((Poincare.D12.TriangulationTopology.diskGlueQuotHomeoSphere n
        (Homeomorph.refl.{0} ↑(Poincare.D12.TriangulationTopology.Sphere n)))
      (Quot.mk.{1}
        (Poincare.D12.TriangulationTopology.diskGlueRel n
          (Homeomorph.refl.{0} ↑(Poincare.D12.TriangulationTopology.Sphere n)))
        p))
    ((Poincare.D12.TriangulationTopology.doubleDiskQuotHomeoSphere n)
      (Quot.mk.{1} (Poincare.D12.TriangulationTopology.doubleDiskRel n) p))
Poincare.D12.TriangulationTopology.sphereOfTwoDisks.{u_1} : (n : ℕ) →
  {X : Type u_1} →
    [inst : TopologicalSpace.{u_1} X] →
      [CompactSpace.{u_1} X] →
        [T2Space.{u_1} X] →
          (A B : Set.{u_1} X) →
            IsClosed.{u_1} A →
              IsClosed.{u_1} B →
                Eq.{u_1 + 1} (Union.union.{u_1} A B) Set.univ.{u_1} →
                  (eA : Homeomorph.{u_1, 0} ↑A ↑(Poincare.D12.TriangulationTopology.Disk (HAdd.hAdd.{0, 0, 0} n 1))) →
                    (eB : Homeomorph.{u_1, 0} ↑B ↑(Poincare.D12.TriangulationTopology.Disk (HAdd.hAdd.{0, 0, 0} n 1))) →
                      (h :
                          Homeomorph.{0, 0} ↑(Poincare.D12.TriangulationTopology.Sphere n)
                            ↑(Poincare.D12.TriangulationTopology.Sphere n)) →
                        (hbdA :
                            ∀ (x : X) (hx : Membership.mem.{u_1, u_1} A x),
                              Membership.mem.{0, 0} (Poincare.D12.TriangulationTopology.Sphere n)
                                  ↑(eA (Subtype.mk.{u_1 + 1} x hx)) ↔
                                Membership.mem.{u_1, u_1} B x) →
                          (∀ (x : X) (hxA : Membership.mem.{u_1, u_1} A x) (hxB : Membership.mem.{u_1, u_1} B x),
                              Eq.{1} (eB (Subtype.mk.{u_1 + 1} x hxB))
                                (Poincare.D12.TriangulationTopology.sphereToDisk n
                                  (h (Subtype.mk.{1} ↑(eA (Subtype.mk.{u_1 + 1} x hxA)) ⋯)))) →
                            Homeomorph.{u_1, 0} X ↑(Poincare.D12.TriangulationTopology.Sphere (HAdd.hAdd.{0, 0, 0} n 1))
Poincare.D12.TriangulationTopology.sphereOfTwoDisks_hemisphere_instance : (n : ℕ) →
  Homeomorph.{0, 0} ↑(Poincare.D12.TriangulationTopology.Sphere (HAdd.hAdd.{0, 0, 0} n 1))
    ↑(Poincare.D12.TriangulationTopology.Sphere (HAdd.hAdd.{0, 0, 0} n 1))
Poincare.D10.TriangulationLowDim.MoiseTriangulationTheorem : Prop
Poincare.D10.TriangulationLowDim.FiniteAbstractSimplicialComplex.{u_1} : (V : Type u_1) →
  [DecidableEq.{u_1 + 1} V] → Type u_1
Poincare.D7.SurgeryFlow.NeckAnalysisHypotheses.{u_1} : (P : Poincare.Longrun.Surgery.LedgerPredicates.{u_1}) →
  {X Y : Poincare.Longrun.Surgery.TopSpace.{u_1}} →
    (D : Poincare.Longrun.Surgery.SurgeryDatum.{u_1} X Y) →
      Poincare.D7.SurgeryFlow.SurgeryProcedureData.{u_1} P D → Type (u_1 + 1)
Poincare.D7.SurgeryFlow.missingFullNeckAnalysis.{u_1} : (P : Poincare.Longrun.Surgery.LedgerPredicates.{u_1}) →
  {X Y : Poincare.Longrun.Surgery.TopSpace.{u_1}} →
    (D : Poincare.Longrun.Surgery.SurgeryDatum.{u_1} X Y) →
      Poincare.D7.SurgeryFlow.SurgeryProcedureData.{u_1} P D → Prop
Poincare.D7.SurgeryFlow.missingExtinctionTheorem : Poincare.D7.SurgeryFlow.ExtinctionData → Prop
@Poincare.D7.SurgeryFlow.missingSurgeryFlowTheorem.{u_1} : {P : Poincare.Longrun.Surgery.LedgerPredicates.{u_1}} →
  {X Y : Poincare.Longrun.Surgery.TopSpace.{u_1}} →
    {D : Poincare.Longrun.Surgery.SurgeryDatum.{u_1} X Y} →
      Poincare.D7.SurgeryFlow.SurgeryProcedureData.{u_1} P D →
        {T : ℕ → ℝ} → Poincare.D7.SurgeryFlow.CurvatureBoundInterface T → Poincare.D7.SurgeryFlow.ExtinctionData → Prop
Poincare.D7.SurgeryFlow.ExtinctionData : Type
Poincare.Longrun.Surgery.ExtinctionTheorem.{u_1} : Poincare.Longrun.Surgery.LedgerPredicates.{u_1} → Type (u_1 + 1)
Poincare.Longrun.Surgery.MissingInputs.{u_1} : Poincare.Longrun.Surgery.LedgerPredicates.{u_1} →
  {X Y : Poincare.Longrun.Surgery.TopSpace.{u_1}} → Poincare.Longrun.Surgery.SurgeryDatum.{u_1} X Y → Type (u_1 + 1)
Poincare.D7.SurgeryFlow.realLineProcedureChain_simplyConnected : Poincare.Longrun.Surgery.LedgerPredicates.SimplyConnected.{0}
    Poincare.Longrun.Surgery.toyLedger Poincare.D7.SurgeryFlow.realLineTop →
  Poincare.Longrun.Surgery.LedgerPredicates.SimplyConnected.{0} Poincare.Longrun.Surgery.toyLedger
    Poincare.D7.SurgeryFlow.realLineTop
@Poincare.Longrun.Evolution.FiniteRepresentsContinuousPerelman.{u_1,
    u_2} : {X : Type u_1} →
  [inst : MeasurableSpace.{u_1} X] →
    {μ : MeasureTheory.Measure.{u_1} X} →
      {ι : Type u_2} →
        [Fintype.{u_2} ι] → (ℝ → Poincare.Longrun.Entropy.EntropyData.{u_1} X μ) → (ι → ℝ) → (ℝ → ι → ℝ) → ℝ → Prop
@Poincare.Longrun.Evolution.FiniteMeshConvergence.{u_1} : {ι : Type u_1} → (ℕ → ℝ) → (ℕ → ι → ℝ) → (ι → ℝ) → Prop
@Poincare.Longrun.Evolution.PerelmanEvolutionBoundary.{u_1, u_2, u_3, u_4, u_5,
    u_6} : {X : Type u_1} →
  [inst : MeasurableSpace.{u_1} X] →
    {μ : MeasureTheory.Measure.{u_1} X} →
      {ι : Type u_3} →
        [inst_1 : Fintype.{u_3} ι] →
          [inst_2 : DecidableEq.{u_3 + 1} ι] →
            {V : Type u_2} →
              [inst_3 : AddCommGroup.{u_2} V] →
                [inst_4 : Module.{0, u_2} ℝ V] →
                  [inst_5 : FiniteDimensional.{0, u_2} ℝ V] →
                    {E' : Type u_4} →
                      [inst_6 : NormedAddCommGroup.{u_4} E'] →
                        [inst_7 : NormedSpace.{0, u_4} ℝ E'] →
                          {H : Type u_5} →
                            [inst_8 : TopologicalSpace.{u_5} H] →
                              (I : ModelWithCorners.{0, u_4, u_5} ℝ E' H) →
                                (M : Type u_6) →
                                  [inst_9 : TopologicalSpace.{u_6} M] →
                                    [inst_10 : ChartedSpace.{u_5, u_6} H M] →
                                      [inst_11 : IsManifold.{0, u_4, u_5, u_6} I 1 M] →
                                        CovariantDerivative.{0, u_4, u_5, u_6, u_4, u_4} I E'
                                            (TangentSpace.{u_4, 0, u_5, u_6} I) →
                                          Poincare.Longrun.Entropy.WeightedCalculus.{u_1} X →
                                            (ℝ → Poincare.Longrun.Entropy.EntropyData.{u_1} X μ) →
                                              Poincare.Longrun.CurvatureODE.ReactionField.{u_3} ι →
                                                ℝ →
                                                  (ℝ → ι → ℝ) →
                                                    (ι → ℝ) →
                                                      (ℝ → Poincare.Longrun.Geometry.MetricData.{u_2, u_3} V ι) →
                                                        (ℝ → Poincare.CurvatureAlgebra.CurvatureOperator.{0, u_2} ℝ V) →
                                                          Prop → Prop
@Poincare.Longrun.Evolution.PerelmanApproximation.{u_1,
    u_2} : {X : Type u_1} →
  [inst : MeasurableSpace.{u_1} X] →
    {μ : MeasureTheory.Measure.{u_1} X} →
      {ι : Type u_2} →
        [inst_1 : Fintype.{u_2} ι] →
          (ℝ → Poincare.Longrun.Entropy.EntropyData.{u_1} X μ) →
            Poincare.Longrun.CurvatureODE.ReactionField.{u_2} ι → ℝ → (ℝ → ι → ℝ) → (ι → ℝ) → Type
@Poincare.Longrun.Evolution.ContinuousPerelmanFMonotonicity.{u_1} : {X : Type u_1} →
  [inst : MeasurableSpace.{u_1} X] →
    {μ : MeasureTheory.Measure.{u_1} X} → (ℝ → Poincare.Longrun.Entropy.EntropyData.{u_1} X μ) → ℝ → Prop
@Poincare.D7.Limit.HeatMeshConvergence : {u : ℝ → ℝ → ℝ} →
  {a b T : ℝ} → Poincare.D7.Limit.HeatMeshSequence u a b T → Prop
@Poincare.D7.Limit.heatMeshConvergence_of_stability : ∀ {u : ℝ → ℝ → ℝ} {a b T : ℝ}
  (S : Poincare.D7.Limit.HeatMeshSequence u a b T),
  Poincare.D7.Limit.IsRefiningMesh S → Poincare.D7.Limit.HasVanishingError S → Poincare.D7.Limit.HeatMeshConvergence S
@Poincare.D7.Limit.finiteMeshConvergence_of_stability : ∀ {u : ℝ → ℝ → ℝ} {a b T : ℝ}
  (S : Poincare.D7.Limit.HeatMeshSequence u a b T),
  Filter.Tendsto.{0, 0} (fun n => S.h n) Filter.atTop.{0} (nhds.{0} 0) →
    ∀ {x : ℝ},
      Membership.mem.{0, 0} (Set.Icc.{0} a b) x →
        ∀ {t : ℝ},
          Membership.mem.{0, 0} (Set.Icc.{0} 0 T) t →
            ∀ {i k : ℕ → ℕ},
              (∀ (n : ℕ), LE.le.{0} (i n) (HAdd.hAdd.{0, 0, 0} (S.N n) 1)) →
                Filter.Tendsto.{0, 0} (fun n => (S.mesh n).x (i n)) Filter.atTop.{0} (nhds.{0} x) →
                  Filter.Tendsto.{0, 0} (fun n => (S.timeMesh n).time (k n)) Filter.atTop.{0} (nhds.{0} t) →
                    Filter.Tendsto.{0, 0} (fun n => HAdd.hAdd.{0, 0, 0} (S.ε n) (∑ j ∈ Finset.range (k n), S.τ n j))
                        Filter.atTop.{0} (nhds.{0} 0) →
                      Poincare.Longrun.Evolution.FiniteMeshConvergence.{0} (fun n => S.h n)
                        (fun n x => (S.grid n).v (k n) (i n)) fun x_1 => u x t
Poincare.D7.Limit.HeatMeshConvergenceTheorem : ℝ → ℝ → ℝ → Prop
@Poincare.D7.Limit.IsRefiningMesh : {u : ℝ → ℝ → ℝ} → {a b T : ℝ} → Poincare.D7.Limit.HeatMeshSequence u a b T → Prop
@Poincare.D7.Limit.HasVanishingError : {u : ℝ → ℝ → ℝ} → {a b T : ℝ} → Poincare.D7.Limit.HeatMeshSequence u a b T → Prop
@Poincare.Longrun.Topology.stage6Target_of_sphereRecognition.{u_1} : ∀ {M : Type u_1} [inst : TopologicalSpace.{u_1} M]
  [inst_1 : T2Space.{u_1} M] [inst_2 : ChartedSpace.{0, u_1} Poincare.Longrun.Topology.EuclideanThree M]
  [inst_3 : SimplyConnectedSpace.{u_1} M] [inst_4 : CompactSpace.{u_1} M],
  Nonempty.{u_1 + 1} (Homeomorph.{u_1, 0} M Poincare.Longrun.Topology.SphereThree) →
    Poincare.Stage6.poincareConjectureTopologicalThree.{u_1} M
@Poincare.Longrun.Topology.stage6Target_of_compactThreeManifold.{u_1} : ∀ {M : Type u_1}
  [inst : TopologicalSpace.{u_1} M] (_h : Poincare.Longrun.Topology.CompactThreeManifold.{u_1} M)
  [inst_1 : SimplyConnectedSpace.{u_1} M],
  Nonempty.{u_1 + 1} (Homeomorph.{u_1, 0} M Poincare.Longrun.Topology.SphereThree) →
    Poincare.Stage6.poincareConjectureTopologicalThree.{u_1} M
@Poincare.Longrun.Topology.stage6Target_iff_sphereRecognition.{u_1} : ∀ {M : Type u_1} [inst : TopologicalSpace.{u_1} M]
  [inst_1 : T2Space.{u_1} M] [inst_2 : ChartedSpace.{0, u_1} Poincare.Longrun.Topology.EuclideanThree M]
  [inst_3 : SimplyConnectedSpace.{u_1} M] [inst_4 : CompactSpace.{u_1} M],
  Poincare.Longrun.Topology.stage6Target.{u_1} M ↔
    Nonempty.{u_1 + 1} (Homeomorph.{u_1, 0} M Poincare.Longrun.Topology.SphereThree)
Poincare.Stage6.poincareConjectureTopologicalThree.{u_1} : (M : Type u_1) →
  [inst : TopologicalSpace.{u_1} M] →
    [T2Space.{u_1} M] →
      [ChartedSpace.{0, u_1} (EuclideanSpace.{0, 0} ℝ (Fin 3)) M] →
        [SimplyConnectedSpace.{u_1} M] → [CompactSpace.{u_1} M] → Prop
d12NegControlBadAxiom : False
d12NegControlBadTheorem : False
Poincare.D12.VolumeIBP.Audit.negativeControl : False
Poincare.D13.CriticalPathReview.NegControl.negControlBadAxiom : False
Poincare.D13.CriticalPathReview.NegControl.negControlBadTheorem : False
