== independent A1 patch replay ==
copied 462 files from release/ (excl .lake) to /data3/guoshaoyang/workdir/lean_poincare/longrun/worktrees/leaders/L1-lean-baseline/baseline/v3-independent/patch-check
frozen release hashes: 462
$ patch -p1 --no-backup-if-mismatch -i /data3/guoshaoyang/workdir/lean_poincare/longrun/worktrees/leaders/L1-lean-baseline/baseline/a1/a1-restatement.patch   (cwd=/data3/guoshaoyang/workdir/lean_poincare/longrun/worktrees/leaders/L1-lean-baseline/baseline/v3-independent/patch-check)
exit=0
  stdout| patching file Audit/CounterexampleAudit.lean
  stdout| patching file Poincare/D7/EvolutionSharp/AxiomAudit.lean
  stdout| patching file Poincare/D7/EvolutionSharp/GibbsSharp.lean
  stdout| patching file Poincare/D7/EvolutionSharp/Implications.lean
  stdout| patching file Poincare/D7/EvolutionSharp/SharpOnlyConsumers.lean
  stdout| patching file Poincare/Longrun/Evolution/Discrete.lean
  stdout| patching file Poincare/Longrun/Evolution/Gibbs.lean
  stdout| patching file Poincare/Longrun/Evolution.lean
patched tree hashes: 463
MY REPLAY: changed=7 added=1 removed=0
  CHANGED Audit/CounterexampleAudit.lean frozen=816650d3da8c913e82df63062a25943b19162c88678b82277e68d54efc27819c patched=f03f704f36c4718a4a3b335ece7207e05e5989a453749f7e24e099903a92b9a1
  CHANGED Poincare/D7/EvolutionSharp/AxiomAudit.lean frozen=7355244b6da14ab2ad13e40266a68ec0128965e4a3b4465625f5bb8b818176ab patched=e8653cc06e336e046cfbb0091189e3df0471a9de14310d3d9eb4c07b1d6f34c6
  CHANGED Poincare/D7/EvolutionSharp/GibbsSharp.lean frozen=e246f1c8e5795c68d86a0444749002ec595e8c4c853fcfd6e95eeb6822a01838 patched=4f7321485b616a61406f2e1cdd0da6ede998cbe28d3454b7df9afd5b07f616cb
  CHANGED Poincare/D7/EvolutionSharp/Implications.lean frozen=76fb561cc65cc1ab6417e302ff7e5c23eb94370441826f0298202a9bdf62dbf9 patched=93ad20f28afc80f6a1193c2895dfa151858646942465ed18b2bc19f728f426fe
  CHANGED Poincare/Longrun/Evolution.lean frozen=358dd1ada4daf0fcc9e5e9266e13720429509dbf1a8694ddb7a1b6e5d56c6e9a patched=8c080c579c61ff2c288ed88493480c101be66a72f44f196fce195cdf1b6948ef
  CHANGED Poincare/Longrun/Evolution/Discrete.lean frozen=bf1beea5683d3b1d1318e633ca9f0fb50ea46b02d9dca3f9ce96168a38bdc6c8 patched=56efd1734afc57b708245d85c251e2096b3aa26a267f7b4e4b062a274487090b
  CHANGED Poincare/Longrun/Evolution/Gibbs.lean frozen=dac3205e2e719ce5de17a46a4c2c25bf271098e96b8be88f5f438111ffc3d491 patched=d3e65a609ec526355955800f8b5b4c502547e0ae87f6f9fafd984ed013682475
  ADDED   Poincare/D7/EvolutionSharp/SharpOnlyConsumers.lean sha256=aa0e226012f6e977053fadbcc777bddf052e15b247ddd48715a97267bcefbccb
stray .orig/.rej artifacts: none
vs patched-drift.json: changed_set_equal=True added_set_equal=True changed_hashes_equal=True added_hashes_equal=True removed_set_equal=True
vs baseline/a1/patched-release: files=463 changed=8 added=['Poincare/D7/EvolutionSharp/SharpOnlyConsumers.lean'] removed=[] tree_diff=[] changed_files_same_hash=True
VERDICT INDEPENDENT-PATCH-DRIFT-MATCH (wall 0.097s)
