{
 "tasks_total": 139,
 "verified": 91,
 "running": 6,
 "queued": 39,
 "paused": 1,
 "blocked": 2,
 "with_card": 99,
 "without_card": 40,
 "flagged": 6
}
== hash drift ==
  D13-integrated-kernel-audit/final-release-hashes.txt: recorded=462 matched=462 changed=0 added_since=0 absent_now=0
  D13-integrated-kernel-audit/base-release-hashes-preintegration.txt: recorded=286 matched=286 changed=0 added_since=176 absent_now=0
  D6-weekly-release/package.files: recorded=63 matched=63 changed=0 added_since=399 absent_now=0
  D12-semantic-ledger/package_lean_files: recorded=66 matched=66 changed=0 added_since=396 absent_now=0
== queue flags ==
  D9-adversarial-audit-release verified ['verified_but_card_blocked'] PASS on soundness (kernel-clean, no false claim, D6 'not proved' verdict accurate); FAIL on disclosure completeness (4 undisclosed statement-level weaknesses, 1 measurement-inflation finding); strict 
  L1-lean-baseline running ['queue_lagging_card_done'] TASK_DONE
  L2-upstream-adapters running ['queue_lagging_card_done'] TASK_DONE
  L4-geometric-critical-path running ['queue_lagging_card_done'] TASK_DONE
  SEMREV-L3-analytic-critical-path running ['queue_lagging_card_done'] TASK_DONE
  SEMREV-L4-C4-constant-curvature-rauch running ['queue_lagging_card_done'] TASK_DONE
