=== lake env lean AxiomAudit (fresh replay) ===
2026-09-12T01:13:48+08:00
'Poincare.L4.GeodesicComparison.sin_sub_mul_cos_nonneg' depends on axioms: [propext, Classical.choice, Quot.sound]
'Poincare.L4.GeodesicComparison.sin_sub_mul_cos_le_cube' depends on axioms: [propext, Classical.choice, Quot.sound]
'Poincare.L4.GeodesicComparison.sphere_logDeriv_bound' depends on axioms: [propext, Classical.choice, Quot.sound]
'Poincare.L4.GeodesicComparison.jacobiSolSphere_abs_le' depends on axioms: [propext, Classical.choice, Quot.sound]
'Poincare.L4.GeodesicComparison.jacobiSolSphere_logDeriv_bound' depends on axioms: [propext,
 Classical.choice,
 Quot.sound]
'Poincare.L4.GeodesicComparison.jacobiSol_logDeriv_bound' depends on axioms: [propext, Classical.choice, Quot.sound]
'Poincare.L4.GeodesicComparison.jacobiSol_logDeriv_normalized' depends on axioms: [propext,
 Classical.choice,
 Quot.sound]
'Poincare.L4.GeodesicComparison.jacobiSol_pos_of_nonneg' depends on axioms: [propext, Classical.choice, Quot.sound]
'Poincare.L4.GeodesicComparison.jacobiSol_pos_of_nonneg_Ioc' depends on axioms: [propext, Classical.choice, Quot.sound]
'Poincare.L4.GeodesicComparison.jacobiSol_riccati_identity' depends on axioms: [propext, Classical.choice, Quot.sound]
'Poincare.L4.GeodesicComparison.abs_sub_le_of_deriv_bound' depends on axioms: [propext, Classical.choice, Quot.sound]
'Poincare.L4.GeodesicComparison.jacobi_linear_bounds' depends on axioms: [propext, Classical.choice, Quot.sound]
'Poincare.L4.GeodesicComparison.jacobi_pos_and_ratio_bound' depends on axioms: [propext, Classical.choice, Quot.sound]
'Poincare.L4.GeodesicComparison.euclideanNormalizedOn_of_jacobi' depends on axioms: [propext,
 Classical.choice,
 Quot.sound]
'Poincare.L4.GeodesicComparison.jacobi_riccati_identity' depends on axioms: [propext, Classical.choice, Quot.sound]
'Poincare.L4.GeodesicComparison.logDeriv_continuousOn' depends on axioms: [propext, Classical.choice, Quot.sound]
'Poincare.L4.GeodesicComparison.logDeriv_continuousOn_jacobi' depends on axioms: [propext, Classical.choice, Quot.sound]
'Poincare.L4.GeodesicComparison.rauch_upper_of_constCurv' depends on axioms: [propext, Classical.choice, Quot.sound]
'Poincare.L4.GeodesicComparison.rauch_upper_of_constCurv_jacobi' depends on axioms: [propext,
 Classical.choice,
 Quot.sound]
'Poincare.L4.GeodesicComparison.rauch_upper_flat_of_jacobi' depends on axioms: [propext, Classical.choice, Quot.sound]
'Poincare.L4.GeodesicComparison.sphere_jacobiSolutionOn_four_oneHalf' depends on axioms: [propext,
 Classical.choice,
 Quot.sound]
'Poincare.L4.GeodesicComparison.spherical_rauch_witness' depends on axioms: [propext, Classical.choice, Quot.sound]
'Poincare.L4.GeodesicComparison.spherical_rauch_witness_cot' depends on axioms: [propext, Classical.choice, Quot.sound]
'Poincare.L4.GeodesicComparison.jacobiSolOne_normalization_witness' depends on axioms: [propext,
 Classical.choice,
 Quot.sound]
'Poincare.L4.GeodesicComparison.jacobiSolOne_normalized' depends on axioms: [propext, Classical.choice, Quot.sound]
'Poincare.L4.GeodesicComparison.flat_model_normalized' depends on axioms: [propext, Classical.choice, Quot.sound]
'Poincare.D12.ComparisonGeodesics.riccati_le_of_singular_normalization' depends on axioms: [propext,
 Classical.choice,
 Quot.sound]
'Poincare.D12.ComparisonGeodesics.riccati_le_of_initial' depends on axioms: [propext, Classical.choice, Quot.sound]
'Poincare.D12.ComparisonGeodesics.riccati_delta_le_exp' depends on axioms: [propext, Classical.choice, Quot.sound]
'Poincare.D10.jacobiSol_ode' depends on axioms: [propext, Classical.choice, Quot.sound]
'Poincare.D10.hasDerivAt_jacobiSol' depends on axioms: [propext, Classical.choice, Quot.sound]
'Poincare.D10.hasDerivAt_jacobiDeriv' depends on axioms: [propext, Classical.choice, Quot.sound]
'Poincare.D10.jacobiSolSphere_pos' depends on axioms: [propext, Classical.choice, Quot.sound]
'Poincare.D10.continuous_jacobiSol' depends on axioms: [propext, Classical.choice, Quot.sound]
EXIT=0
2026-09-12T01:13:50+08:00
