=== replay of parent tools/c4_verify.py (byte-identical) ===
2026-09-12T01:17:13+08:00
{
 "ok": true,
 "gates": {
  "provenance_unchanged": true,
  "forbidden_tokens_clean": true,
  "compile_exit_zero": true,
  "audit_query_list_exact": true,
  "axiom_audit_all_expected_found": true,
  "axiom_cones_allowed": true,
  "negative_control_rejects_sorryAx": true
 },
 "axiom_audit": {
  "expected_declarations": 34,
  "found_declarations": 34,
  "missing": [],
  "bad_cones": {},
  "allowed_axioms": [
   "Classical.choice",
   "Quot.sound",
   "propext"
  ]
 },
 "failures": []
}
TOOL_EXIT=0
2026-09-12T01:17:27+08:00
