$ lake env lean Audit/D9/AssumptionAudit.lean
# cwd: /data/home/guoshaoyang/workdir/lean_poincare/longrun/worktrees/D9-adversarial-audit-release/release
# date: 2026-09-10T06:17:11.428615+00:00
Audit/D9/AssumptionAudit.lean:232:67: warning: Variable name `hp` is not explicitly referenced.

Hint: The binding can be removed (if unused) or named `_` (if used implicitly). Alternatively, prefix the name with `_` to silence this warning:
  [apply] _hp

Note: This linter can be disabled with `set_option linter.unusedVariables false`
'D9Audit.sharp_gibbsTerm_strictAnti' depends on axioms: [propext, Classical.choice, Quot.sound]
'D9Audit.sharp_perelmanF_step_lt' depends on axioms: [propext, Classical.choice, Quot.sound]
'D9Audit.threshold_gibbsTerm_strictAnti_is_sharp' depends on axioms: [propext, Classical.choice, Quot.sound]
'D9Audit.kappaCertificate_iff_fields' depends on axioms: [propext, Classical.choice, Quot.sound]
'D9Audit.perelmanFMonotonicity_iff_statement' depends on axioms: [propext, Classical.choice, Quot.sound]
'D9Audit.antitoneCertificate_iff_fields' depends on axioms: [propext, Classical.choice, Quot.sound]
'D9Audit.continuousPerelmanFMonotonicity_needs_identification' depends on axioms: [propext,
 Classical.choice,
 Quot.sound]
'D9Audit.continuousCertificate_consequence_is_field' depends on axioms: [propext, Classical.choice, Quot.sound]
'D9Audit.missingSphereRecognitionAlgorithm_is_trivial' depends on axioms: [propext, Classical.choice, Quot.sound]
'D9Audit.missingKappaPersistenceUnderSurgery_is_trivial' depends on axioms: [propext, Classical.choice, Quot.sound]
'D9Audit.missingCanonicalNeighborhoodTheorem_is_trivial' does not depend on any axioms
'D9Audit.missingKappaNoncollapsing_trivial_K' depends on axioms: [propext, Classical.choice, Quot.sound]
'D9Audit.covariantDerivativeCurvatureStatement_is_trivial' depends on axioms: [propext, Classical.choice, Quot.sound]
'D9Audit.releaseCheck_marker_is_trivial_proof' does not depend on any axioms
'D9Audit.releaseCheck_marker_holds_under_any_hypothesis' does not depend on any axioms
'D9Audit.releaseCheck_marker_content_is_True' does not depend on any axioms
'D9Audit.wMonotonicity_iff_statement' depends on axioms: [propext, Classical.choice, Quot.sound]
'D9Audit.muMonotonicity_iff_statement' depends on axioms: [propext, Classical.choice, Quot.sound]
'D9Audit.normalizedVolumeLowerBound_iff_field' depends on axioms: [propext, Classical.choice, Quot.sound]
'D9Audit.surgeryCertificate_iff_fields' does not depend on any axioms
