✔ [3101/3109] Built Poincare.VKPort.HatcherLib.Ch1.BasicConstructions (1.5s)
✔ [3102/3109] Built Poincare.VKPort.HatcherLib.Ch1.AlgebraicConstructions (1.9s)
⚠ [3103/3109] Built Poincare.VKPort.HatcherLib.Ch1.VanKampen (3.6s)
warning: Poincare/VKPort/HatcherLib/Ch1/VanKampen.lean:718:43: This simp argument is unused:
  Monoid.CoprodI.lift_of

Hint: Omit it from the simp argument list.
  [apply] simp only [vanKampenRelator, map_mul, map_inv, vanKampenMap, freeProductLift, freeProductInclusion]

Note: This linter can be disabled with `set_option linter.unusedSimpArgs false`
✔ [3104/3109] Built Poincare.VKPort.HatcherLib.Ch1.VanKampenGrid (2.4s)
✔ [3105/3109] Built Poincare.VKPort.HatcherLib.Ch1.VanKampenWordCalculus (1.9s)
✔ [3106/3109] Built Poincare.VKPort.HatcherLib.Ch1.VanKampenAdaptedGrid (2.7s)
✔ [3107/3109] Built Poincare.VKPort.HatcherLib.Ch1.VanKampenSweep (3.0s)
✔ [3108/3109] Built Poincare.VKPort.HatcherLib.Ch1.VanKampenGlobalSweep (2.3s)
ℹ [3109/3109] Built Poincare.VKPort.HatcherLib.VKProbe (1.7s)
info: Poincare/VKPort/HatcherLib/VKProbe.lean:2:0: 'HatcherLib.vanKampen_ker_eq_normalSubgroup_of_factorizationsConnected' depends on axioms: [propext,
 Classical.choice,
 Quot.sound]
info: Poincare/VKPort/HatcherLib/VKProbe.lean:3:0: 'HatcherLib.vanKampenMap_surjective' depends on axioms: [propext, Classical.choice, Quot.sound]
Build completed successfully (3109 jobs).

real	0m18.211s
user	0m23.161s
sys	0m6.736s
