=== lake build ConstCurvNormalization 2026-09-12T00:47:38+08:00 ===
✖ [2763/2763] Building Poincare.L4.GeodesicComparison.ConstCurvNormalization (2.3s)
trace: .> LEAN_PATH=/data3/guoshaoyang/workdir/lean_poincare/poincare-lab/.lake/packages/Cli/.lake/build/lib/lean:/data3/guoshaoyang/workdir/lean_poincare/poincare-lab/.lake/packages/batteries/.lake/build/lib/lean:/data3/guoshaoyang/workdir/lean_poincare/poincare-lab/.lake/packages/Qq/.lake/build/lib/lean:/data3/guoshaoyang/workdir/lean_poincare/poincare-lab/.lake/packages/aesop/.lake/build/lib/lean:/data3/guoshaoyang/workdir/lean_poincare/poincare-lab/.lake/packages/proofwidgets/.lake/build/lib/lean:/data3/guoshaoyang/workdir/lean_poincare/poincare-lab/.lake/packages/importGraph/.lake/build/lib/lean:/data3/guoshaoyang/workdir/lean_poincare/poincare-lab/.lake/packages/LeanSearchClient/.lake/build/lib/lean:/data3/guoshaoyang/workdir/lean_poincare/poincare-lab/.lake/packages/plausible/.lake/build/lib/lean:/data3/guoshaoyang/workdir/lean_poincare/poincare-lab/.lake/packages/mathlib/.lake/build/lib/lean:/data3/guoshaoyang/workdir/lean_poincare/longrun/worktrees/L4-C4-constant-curvature-rauch/release/.lake/build/lib/lean /data3/guoshaoyang/workdir/lean_poincare/toolchain-cache/extracted/lean-4.34.0-rc2-linux/bin/lean /data3/guoshaoyang/workdir/lean_poincare/longrun/worktrees/L4-C4-constant-curvature-rauch/release/Poincare/L4/GeodesicComparison/ConstCurvNormalization.lean -o /data3/guoshaoyang/workdir/lean_poincare/longrun/worktrees/L4-C4-constant-curvature-rauch/release/.lake/build/lib/lean/Poincare/L4/GeodesicComparison/ConstCurvNormalization.olean -i /data3/guoshaoyang/workdir/lean_poincare/longrun/worktrees/L4-C4-constant-curvature-rauch/release/.lake/build/lib/lean/Poincare/L4/GeodesicComparison/ConstCurvNormalization.ilean -c /data3/guoshaoyang/workdir/lean_poincare/longrun/worktrees/L4-C4-constant-curvature-rauch/release/.lake/build/ir/Poincare/L4/GeodesicComparison/ConstCurvNormalization.c --setup /data3/guoshaoyang/workdir/lean_poincare/longrun/worktrees/L4-C4-constant-curvature-rauch/release/.lake/build/ir/Poincare/L4/GeodesicComparison/ConstCurvNormalization.setup.json --json
error: Poincare/L4/GeodesicComparison/ConstCurvNormalization.lean:92:6: Type mismatch: After simplification, term
  h
 has type
  @HasDerivAt ℝ DenselyNormedField.toNontriviallyNormedField ℝ Real.normedCommRing.toAddCommGroup
    (NormedAlgebra.toNormedSpace ℝ).toModule PseudoMetricSpace.toUniformSpace.toTopologicalSpace ⋯ (id * Real.cos)
    (Real.cos y + -(y * Real.sin y)) y
but is expected to have type
  @HasDerivAt ℝ DenselyNormedField.toNontriviallyNormedField ℝ Real.instAddCommGroup Semiring.toModule
    PseudoMetricSpace.toUniformSpace.toTopologicalSpace ⋯ (fun z => z * Real.cos z) (Real.cos y + -(y * Real.sin y)) y
error: Poincare/L4/GeodesicComparison/ConstCurvNormalization.lean:95:4: Type mismatch: After simplification, term
  h
 has type
  @HasDerivAt ℝ DenselyNormedField.toNontriviallyNormedField ℝ Real.normedAddCommGroup.toAddCommGroup
    RCLike.toInnerProductSpaceReal.toModule PseudoMetricSpace.toUniformSpace.toTopologicalSpace ⋯
    ((fun z => Real.sin z) - fun z => z * Real.cos z) (y * Real.sin y) y
but is expected to have type
  @HasDerivAt ℝ DenselyNormedField.toNontriviallyNormedField ℝ Real.instAddCommGroup Semiring.toModule
    PseudoMetricSpace.toUniformSpace.toTopologicalSpace ⋯ (fun z => Real.sin z - z * Real.cos z) (y * Real.sin y) y
error: Poincare/L4/GeodesicComparison/ConstCurvNormalization.lean:121:6: `ring_nf` made no progress on the goal
error: Poincare/L4/GeodesicComparison/ConstCurvNormalization.lean:126:6: Type mismatch: After simplification, term
  h
 has type
  @HasDerivAt ℝ DenselyNormedField.toNontriviallyNormedField ℝ Real.normedCommRing.toAddCommGroup
    (NormedAlgebra.toNormedSpace ℝ).toModule PseudoMetricSpace.toUniformSpace.toTopologicalSpace ⋯ (id * Real.cos)
    (Real.cos y + -(y * Real.sin y)) y
but is expected to have type
  @HasDerivAt ℝ DenselyNormedField.toNontriviallyNormedField ℝ Real.instAddCommGroup Semiring.toModule
    PseudoMetricSpace.toUniformSpace.toTopologicalSpace ⋯ (fun z => z * Real.cos z) (Real.cos y + -(y * Real.sin y)) y
error: Poincare/L4/GeodesicComparison/ConstCurvNormalization.lean:130:6: Type mismatch: After simplification, term
  h
 has type
  @HasDerivAt ℝ DenselyNormedField.toNontriviallyNormedField ℝ Real.normedAddCommGroup.toAddCommGroup
    RCLike.toInnerProductSpaceReal.toModule PseudoMetricSpace.toUniformSpace.toTopologicalSpace ⋯
    ((fun z => Real.sin z) - fun z => z * Real.cos z) (y * Real.sin y) y
but is expected to have type
  @HasDerivAt ℝ DenselyNormedField.toNontriviallyNormedField ℝ Real.instAddCommGroup Semiring.toModule
    PseudoMetricSpace.toUniformSpace.toTopologicalSpace ⋯ (fun z => Real.sin z - z * Real.cos z) (y * Real.sin y) y
error: Poincare/L4/GeodesicComparison/ConstCurvNormalization.lean:133:4: Type mismatch: After simplification, term
  h
 has type
  @HasDerivAt ℝ DenselyNormedField.toNontriviallyNormedField ℝ Real.normedAddCommGroup.toAddCommGroup
    RCLike.toInnerProductSpaceReal.toModule PseudoMetricSpace.toUniformSpace.toTopologicalSpace ⋯
    ((fun z => z ^ 3 / 3) - fun z => Real.sin z - z * Real.cos z) (y * (y - Real.sin y)) y
but is expected to have type
  @HasDerivAt ℝ DenselyNormedField.toNontriviallyNormedField ℝ Real.instAddCommGroup Semiring.toModule
    PseudoMetricSpace.toUniformSpace.toTopologicalSpace ⋯ (fun z => z ^ 3 / 3 - (Real.sin z - z * Real.cos z))
    (y * (y - Real.sin y)) y
error: Poincare/L4/GeodesicComparison/ConstCurvNormalization.lean:172:22: linarith failed to find a contradiction
a t : ℝ
ha : 0 < a
ht : 0 < t
hat : a * t ≤ 1
hx0 : 0 ≤ a * t
hxpi : a * t ≤ Real.pi
hsinpos : 0 < Real.sin (a * t)
hsinne : Real.sin (a * t) ≠ 0
hrewrite :
  Real.cos (a * t) / (Real.sin (a * t) / a) - 1 / t =
    (a * t * Real.cos (a * t) - Real.sin (a * t)) / (t * Real.sin (a * t))
hnum_nonneg : 0 ≤ Real.sin (a * t) - a * t * Real.cos (a * t)
hnum_le : Real.sin (a * t) - a * t * Real.cos (a * t) ≤ (a * t) ^ 3 / 3
⊢ False
failed
error: Poincare/L4/GeodesicComparison/ConstCurvNormalization.lean:287:4: Type mismatch: After simplification, term
  hd
 has type
  HasDerivAt (jacobiDeriv K / jacobiSol K)
    ((-(K * jacobiSol K t) * jacobiSol K t - jacobiDeriv K t ^ 2) / jacobiSol K t ^ 2) t
but is expected to have type
  HasDerivAtR (fun s => jacobiDeriv K s / jacobiSol K s)
    ((-(K * jacobiSol K t) * jacobiSol K t - jacobiDeriv K t ^ 2) / jacobiSol K t ^ 2) t
Some required targets logged failures:
- Poincare.L4.GeodesicComparison.ConstCurvNormalization
error: build failed
EXIT=1
