=== lake build ConstCurvNormalization 2026-09-12T00:50:57+08:00 ===
✖ [2763/2763] Building Poincare.L4.GeodesicComparison.ConstCurvNormalization (2.7s)
trace: .> LEAN_PATH=/data3/guoshaoyang/workdir/lean_poincare/poincare-lab/.lake/packages/Cli/.lake/build/lib/lean:/data3/guoshaoyang/workdir/lean_poincare/poincare-lab/.lake/packages/batteries/.lake/build/lib/lean:/data3/guoshaoyang/workdir/lean_poincare/poincare-lab/.lake/packages/Qq/.lake/build/lib/lean:/data3/guoshaoyang/workdir/lean_poincare/poincare-lab/.lake/packages/aesop/.lake/build/lib/lean:/data3/guoshaoyang/workdir/lean_poincare/poincare-lab/.lake/packages/proofwidgets/.lake/build/lib/lean:/data3/guoshaoyang/workdir/lean_poincare/poincare-lab/.lake/packages/importGraph/.lake/build/lib/lean:/data3/guoshaoyang/workdir/lean_poincare/poincare-lab/.lake/packages/LeanSearchClient/.lake/build/lib/lean:/data3/guoshaoyang/workdir/lean_poincare/poincare-lab/.lake/packages/plausible/.lake/build/lib/lean:/data3/guoshaoyang/workdir/lean_poincare/poincare-lab/.lake/packages/mathlib/.lake/build/lib/lean:/data3/guoshaoyang/workdir/lean_poincare/longrun/worktrees/L4-C4-constant-curvature-rauch/release/.lake/build/lib/lean /data3/guoshaoyang/workdir/lean_poincare/toolchain-cache/extracted/lean-4.34.0-rc2-linux/bin/lean /data3/guoshaoyang/workdir/lean_poincare/longrun/worktrees/L4-C4-constant-curvature-rauch/release/Poincare/L4/GeodesicComparison/ConstCurvNormalization.lean -o /data3/guoshaoyang/workdir/lean_poincare/longrun/worktrees/L4-C4-constant-curvature-rauch/release/.lake/build/lib/lean/Poincare/L4/GeodesicComparison/ConstCurvNormalization.olean -i /data3/guoshaoyang/workdir/lean_poincare/longrun/worktrees/L4-C4-constant-curvature-rauch/release/.lake/build/lib/lean/Poincare/L4/GeodesicComparison/ConstCurvNormalization.ilean -c /data3/guoshaoyang/workdir/lean_poincare/longrun/worktrees/L4-C4-constant-curvature-rauch/release/.lake/build/ir/Poincare/L4/GeodesicComparison/ConstCurvNormalization.c --setup /data3/guoshaoyang/workdir/lean_poincare/longrun/worktrees/L4-C4-constant-curvature-rauch/release/.lake/build/ir/Poincare/L4/GeodesicComparison/ConstCurvNormalization.setup.json --json
error: Poincare/L4/GeodesicComparison/ConstCurvNormalization.lean:199:22: linarith failed to find a contradiction
a t : ℝ
ha : 0 < a
ht : 0 < t
hat : a * t ≤ 1
hx0 : 0 ≤ a * t
hxpi : a * t ≤ Real.pi
hsinpos : 0 < Real.sin (a * t)
hsinne : Real.sin (a * t) ≠ 0
hrewrite :
  Real.cos (a * t) / (Real.sin (a * t) / a) - 1 / t =
    (a * t * Real.cos (a * t) - Real.sin (a * t)) / (t * Real.sin (a * t))
hnum_nonneg : 0 ≤ Real.sin (a * t) - a * t * Real.cos (a * t)
hnum_le : Real.sin (a * t) - a * t * Real.cos (a * t) ≤ (a * t) ^ 3 / 3
⊢ False
failed
warning: Poincare/L4/GeodesicComparison/ConstCurvNormalization.lean:299:46: Variable name `hK` is not explicitly referenced.

Hint: The binding can be removed (if unused) or named `_` (if used implicitly). Alternatively, prefix the name with `_` to silence this warning:
  [apply] _hK

Note: This linter can be disabled with `set_option linter.unusedVariables false`
Some required targets logged failures:
- Poincare.L4.GeodesicComparison.ConstCurvNormalization
error: build failed
EXIT=1
