CovariantDerivative.{u_1, u_2, u_3, u_4, u_5, u_6} {𝕜 : Type u_1} [NontriviallyNormedField 𝕜] {E : Type u_2}
  [NormedAddCommGroup E] [NormedSpace 𝕜 E] {H : Type u_3} [TopologicalSpace H] (I : ModelWithCorners 𝕜 E H)
  {M : Type u_4} [TopologicalSpace M] [ChartedSpace H M] (F : Type u_5) [NormedAddCommGroup F] [NormedSpace 𝕜 F]
  (V : M → Type u_6) [TopologicalSpace (Bundle.TotalSpace F V)] [(x : M) → AddCommGroup (V x)]
  [(x : M) → Module 𝕜 (V x)] [(x : M) → TopologicalSpace (V x)] [∀ (x : M), IsTopologicalAddGroup (V x)]
  [∀ (x : M), ContinuousSMul 𝕜 (V x)] [FiberBundle F V] : Type (max (max u_2 u_4) u_6)
CovariantDerivative.torsion.{u_1, u_2, u_3, u_4} {𝕜 : Type u_1} [NontriviallyNormedField 𝕜] {E : Type u_2}
  [NormedAddCommGroup E] [NormedSpace 𝕜 E] {H : Type u_3} [TopologicalSpace H] {I : ModelWithCorners 𝕜 E H}
  {M : Type u_4} [TopologicalSpace M] [ChartedSpace H M] [CompleteSpace 𝕜] [CompleteSpace E] [FiniteDimensional 𝕜 E]
  [IsManifold I 2 M] (cov : CovariantDerivative I E (TangentSpace I)) (x : M) :
  TangentSpace I x →L[𝕜] TangentSpace I x →L[𝕜] TangentSpace I x
CovariantDerivative.torsion_apply.{u_1, u_2, u_3, u_4} {𝕜 : Type u_1} [NontriviallyNormedField 𝕜] {E : Type u_2}
  [NormedAddCommGroup E] [NormedSpace 𝕜 E] {H : Type u_3} [TopologicalSpace H] {I : ModelWithCorners 𝕜 E H}
  {M : Type u_4} [TopologicalSpace M] [ChartedSpace H M] {x : M} [CompleteSpace 𝕜] [CompleteSpace E]
  [FiniteDimensional 𝕜 E] [IsManifold I 2 M] (cov : CovariantDerivative I E (TangentSpace I))
  {X Y : (x : M) → TangentSpace I x} (hX : (MDiffAt fun x => ⟨x, X x⟩) x) (hY : (MDiffAt fun x => ⟨x, Y x⟩) x) :
  ((cov.torsion x) (X x)) (Y x) = (↑cov Y x) (X x) - (↑cov X x) (Y x) - VectorField.mlieBracket I X Y x
CovariantDerivative.torsion_antisymm.{u_1, u_2, u_3, u_4} {𝕜 : Type u_1} [NontriviallyNormedField 𝕜] {E : Type u_2}
  [NormedAddCommGroup E] [NormedSpace 𝕜 E] {H : Type u_3} [TopologicalSpace H] {I : ModelWithCorners 𝕜 E H}
  {M : Type u_4} [TopologicalSpace M] [ChartedSpace H M] {x : M} [CompleteSpace 𝕜] [CompleteSpace E]
  [FiniteDimensional 𝕜 E] [IsManifold I 2 M] (cov : CovariantDerivative I E (TangentSpace I))
  (X₀ Y₀ : TangentSpace I x) : ((cov.torsion x) X₀) Y₀ = -((cov.torsion x) Y₀) X₀
CovariantDerivative.IsMetricCompatible.{u_1, u_2, u_3, u_4, u_5} {E : Type u_1} [NormedAddCommGroup E] [NormedSpace ℝ E]
  {H : Type u_2} [TopologicalSpace H] {I : ModelWithCorners ℝ E H} {M : Type u_3} [TopologicalSpace M]
  [ChartedSpace H M] {F : Type u_4} [NormedAddCommGroup F] [NormedSpace ℝ F] {V : M → Type u_5}
  [TopologicalSpace (Bundle.TotalSpace F V)] [(x : M) → NormedAddCommGroup (V x)] [(x : M) → InnerProductSpace ℝ (V x)]
  [FiberBundle F V] (cov : CovariantDerivative I F V) [VectorBundle ℝ F V] [IsContMDiffRiemannianBundle I 1 F V]
  [ContMDiffVectorBundle 1 F V I] [FiniteDimensional ℝ F] : Prop
CovariantDerivative.IsLeviCivitaConnection.{u_1, u_2, u_3} {E : Type u_1} [NormedAddCommGroup E] [NormedSpace ℝ E]
  {H : Type u_2} [TopologicalSpace H] (I : ModelWithCorners ℝ E H) {M : Type u_3} [TopologicalSpace M]
  [ChartedSpace H M] [IsManifold I 2 M] [Bundle.RiemannianBundle fun x => TangentSpace I x]
  (cov : CovariantDerivative I E (TangentSpace I)) [IsContMDiffRiemannianBundle I 1 E fun x => TangentSpace I x]
  [FiniteDimensional ℝ E] : Prop
CovariantDerivative.IsLeviCivitaConnection.uniqueness.{u_1, u_2, u_3} {E : Type u_1} [NormedAddCommGroup E]
  [NormedSpace ℝ E] {H : Type u_2} [TopologicalSpace H] (I : ModelWithCorners ℝ E H) {M : Type u_3} [TopologicalSpace M]
  [ChartedSpace H M] [IsManifold I 2 M] [Bundle.RiemannianBundle fun x => TangentSpace I x]
  {Y : (x : M) → TangentSpace I x} {cov cov' : CovariantDerivative I E (TangentSpace I)}
  [IsContMDiffRiemannianBundle I 1 E fun x => TangentSpace I x] {x : M} [FiniteDimensional ℝ E]
  (hcov : CovariantDerivative.IsLeviCivitaConnection I cov) (hcov' : CovariantDerivative.IsLeviCivitaConnection I cov')
  (hY : (MDiffAt fun x => ⟨x, Y x⟩) x) (X₀ : TangentSpace I x) : (↑cov Y x) X₀ = (↑cov' Y x) X₀
CovariantDerivative.leviCivitaConnection.{u_1, u_2, u_3} {E : Type u_1} [NormedAddCommGroup E] [NormedSpace ℝ E]
  {H : Type u_2} [TopologicalSpace H] (I : ModelWithCorners ℝ E H) (M : Type u_3) [TopologicalSpace M]
  [ChartedSpace H M] [IsManifold I 2 M] [Bundle.RiemannianBundle fun x => TangentSpace I x]
  [IsContMDiffRiemannianBundle I 1 E fun x => TangentSpace I x] [FiniteDimensional ℝ E] :
  CovariantDerivative I E (TangentSpace I)
CovariantDerivative.isLeviCivitaConnection_leviCivitaConnection.{u_1, u_2, u_3} {E : Type u_1} [NormedAddCommGroup E]
  [NormedSpace ℝ E] {H : Type u_2} [TopologicalSpace H] (I : ModelWithCorners ℝ E H) {M : Type u_3} [TopologicalSpace M]
  [ChartedSpace H M] [IsManifold I 2 M] [Bundle.RiemannianBundle fun x => TangentSpace I x]
  [IsContMDiffRiemannianBundle I 1 E fun x => TangentSpace I x] [FiniteDimensional ℝ E] :
  CovariantDerivative.IsLeviCivitaConnection I (CovariantDerivative.leviCivitaConnection I M)
CovariantDerivative.isMetricCompatible_leviCivitaConnection.{u_1, u_2, u_3} {E : Type u_1} [NormedAddCommGroup E]
  [NormedSpace ℝ E] {H : Type u_2} [TopologicalSpace H] (I : ModelWithCorners ℝ E H) {M : Type u_3} [TopologicalSpace M]
  [ChartedSpace H M] [IsManifold I 2 M] [Bundle.RiemannianBundle fun x => TangentSpace I x]
  [IsContMDiffRiemannianBundle I 1 E fun x => TangentSpace I x] [FiniteDimensional ℝ E] :
  (CovariantDerivative.leviCivitaConnection I M).IsMetricCompatible
CovariantDerivative.torsion_leviCivitaConnection_eq_zero.{u_1, u_2, u_3} {E : Type u_1} [NormedAddCommGroup E]
  [NormedSpace ℝ E] {H : Type u_2} [TopologicalSpace H] (I : ModelWithCorners ℝ E H) {M : Type u_3} [TopologicalSpace M]
  [ChartedSpace H M] [IsManifold I 2 M] [Bundle.RiemannianBundle fun x => TangentSpace I x]
  [IsContMDiffRiemannianBundle I 1 E fun x => TangentSpace I x] [FiniteDimensional ℝ E] :
  (CovariantDerivative.leviCivitaConnection I M).torsion = 0
Bundle.RiemannianBundle.{u_4, u_6} {B : Type u_4} (E : B → Type u_6) [(b : B) → TopologicalSpace (E b)]
  [(b : B) → AddCommGroup (E b)] [(b : B) → Module ℝ (E b)] : Type (max u_4 u_6)
Bundle.RiemannianMetric.{u_4, u_6} {B : Type u_4} (E : B → Type u_6) [(b : B) → TopologicalSpace (E b)]
  [(b : B) → AddCommGroup (E b)] [(b : B) → Module ℝ (E b)] : Type (max u_4 u_6)
Inner.inner.{u_4, u_5} (𝕜 : Type u_4) {E : Type u_5} [self : Inner 𝕜 E] : E → E → 𝕜
real_inner_self_nonneg.{u_3} {F : Type u_3} [SeminormedAddCommGroup F] [InnerProductSpace ℝ F] {x : F} : 0 ≤ inner ℝ x x
LinearMap.trace.{u, v} (R : Type u) [CommSemiring R] (M : Type v) [AddCommMonoid M] [Module R M] : (M →ₗ[R] M) →ₗ[R] R
LinearMap.trace_smulRight.{u_1, u_2} {R : Type u_1} [CommRing R] {M : Type u_2} [AddCommGroup M] [Module R M]
  [Module.Free R M] [Module.Finite R M] (f : M →ₗ[R] R) (x : M) : (LinearMap.trace R M) (f.smulRight x) = f x
LinearMap.trace_comp_comm.{u_1, u_2, u_3} (R : Type u_1) [CommRing R] (M : Type u_2) [AddCommGroup M] [Module R M]
  (N : Type u_3) [AddCommGroup N] [Module R N] [Module.Free R M] [Module.Finite R M] [Module.Free R N]
  [Module.Finite R N] :
  (LinearMap.llcomp R M N M).compr₂ (LinearMap.trace R M) = (LinearMap.llcomp R N M N).flip.compr₂ (LinearMap.trace R N)
Module.finrank.{u_1, u_2} (R : Type u_1) (M : Type u_2) [Semiring R] [AddCommMonoid M] [Module R M] : ℕ
Module.Basis.{u_1, u_3, u_4} (ι : Type u_1) (R : Type u_3) (M : Type u_4) [Semiring R] [AddCommMonoid M] [Module R M] :
  Type (max (max u_1 u_3) u_4)
Unknown constant `CovariantDerivative.curvature`
Unknown identifier `RiemannTensor`
Unknown identifier `RiemannianCurvature`
Unknown identifier `RicciTensor`
Unknown identifier `Bianchi`
Unknown constant `CovariantDerivative.Curvature`
Unknown constant `CovariantDerivative.ricci`
Poincare.D7.Curvature.RiemannCurvatureData.{v, w} (V : Type v) [AddCommGroup V] [Module ℝ V] [FiniteDimensional ℝ V]
  (ι : Type w) [Fintype ι] [DecidableEq ι] : Type (max v w)
Poincare.D7.Curvature.RiemannCurvatureData.curvature.{v, w} {V : Type v} [AddCommGroup V] [Module ℝ V]
  [FiniteDimensional ℝ V] {ι : Type w} [Fintype ι] [DecidableEq ι] (D : RiemannCurvatureData V ι) :
  V →ₗ[ℝ] V →ₗ[ℝ] V →ₗ[ℝ] V
Poincare.D7.Curvature.RiemannCurvatureData.curvatureForm.{v, w} {V : Type v} [AddCommGroup V] [Module ℝ V]
  [FiniteDimensional ℝ V] {ι : Type w} [Fintype ι] [DecidableEq ι] (D : RiemannCurvatureData V ι) (X Y Z W : V) : ℝ
Poincare.D7.Curvature.RiemannCurvatureData.curvatureForm_apply.{v, w} {V : Type v} [AddCommGroup V] [Module ℝ V]
  [FiniteDimensional ℝ V] {ι : Type w} [Fintype ι] [DecidableEq ι] (D : RiemannCurvatureData V ι) (X Y Z W : V) :
  D.curvatureForm X Y Z W = (D.metric.form (((D.curvature X) Y) Z)) W
Poincare.D7.Curvature.RiemannCurvatureData.curvature_skew₁₂.{v, w} {V : Type v} [AddCommGroup V] [Module ℝ V]
  [FiniteDimensional ℝ V] {ι : Type w} [Fintype ι] [DecidableEq ι] (D : RiemannCurvatureData V ι) (X Y Z : V) :
  ((D.curvature X) Y) Z = -((D.curvature Y) X) Z
Poincare.D7.Curvature.RiemannCurvatureData.curvatureForm_skew₁₂.{v, w} {V : Type v} [AddCommGroup V] [Module ℝ V]
  [FiniteDimensional ℝ V] {ι : Type w} [Fintype ι] [DecidableEq ι] (D : RiemannCurvatureData V ι) (X Y Z W : V) :
  D.curvatureForm X Y Z W = -D.curvatureForm Y X Z W
Poincare.D7.Curvature.RiemannCurvatureData.curvatureForm_skew₃₄.{v, w} {V : Type v} [AddCommGroup V] [Module ℝ V]
  [FiniteDimensional ℝ V] {ι : Type w} [Fintype ι] [DecidableEq ι] (D : RiemannCurvatureData V ι) (X Y Z W : V) :
  D.curvatureForm X Y Z W = -D.curvatureForm X Y W Z
Poincare.D7.Curvature.RiemannCurvatureData.curvature_bianchi.{v, w} {V : Type v} [AddCommGroup V] [Module ℝ V]
  [FiniteDimensional ℝ V] {ι : Type w} [Fintype ι] [DecidableEq ι] (D : RiemannCurvatureData V ι) (X Y Z : V) :
  ((D.curvature X) Y) Z + ((D.curvature Y) Z) X + ((D.curvature Z) X) Y = 0
Poincare.D7.Curvature.RiemannCurvatureData.curvatureForm_bianchi.{v, w} {V : Type v} [AddCommGroup V] [Module ℝ V]
  [FiniteDimensional ℝ V] {ι : Type w} [Fintype ι] [DecidableEq ι] (D : RiemannCurvatureData V ι) (X Y Z W : V) :
  D.curvatureForm X Y Z W + D.curvatureForm Y Z X W + D.curvatureForm Z X Y W = 0
Poincare.D7.Curvature.RiemannCurvatureData.curvatureForm_interchange.{v, w} {V : Type v} [AddCommGroup V] [Module ℝ V]
  [FiniteDimensional ℝ V] {ι : Type w} [Fintype ι] [DecidableEq ι] (D : RiemannCurvatureData V ι) (X Y Z W : V) :
  D.curvatureForm X Y Z W = D.curvatureForm Z W X Y
Poincare.D7.Curvature.RiemannCurvatureData.curvatureForm_self₁.{v, w} {V : Type v} [AddCommGroup V] [Module ℝ V]
  [FiniteDimensional ℝ V] {ι : Type w} [Fintype ι] [DecidableEq ι] (D : RiemannCurvatureData V ι) (X Z W : V) :
  D.curvatureForm X X Z W = 0
Poincare.D7.Curvature.RiemannCurvatureData.curvatureForm_self₂.{v, w} {V : Type v} [AddCommGroup V] [Module ℝ V]
  [FiniteDimensional ℝ V] {ι : Type w} [Fintype ι] [DecidableEq ι] (D : RiemannCurvatureData V ι) (X Y Z : V) :
  D.curvatureForm X Y Z Z = 0
Poincare.D7.Curvature.RiemannCurvatureData.curvatureForm_swap_pairs.{v, w} {V : Type v} [AddCommGroup V] [Module ℝ V]
  [FiniteDimensional ℝ V] {ι : Type w} [Fintype ι] [DecidableEq ι] (D : RiemannCurvatureData V ι) (X Y Z W : V) :
  D.curvatureForm X Y Z W = D.curvatureForm Y X W Z
Poincare.D7.Curvature.RiemannCurvatureData.ricciForm.{v, w} {V : Type v} [AddCommGroup V] [Module ℝ V]
  [FiniteDimensional ℝ V] {ι : Type w} [Fintype ι] [DecidableEq ι] (D : RiemannCurvatureData V ι) : V →ₗ[ℝ] V →ₗ[ℝ] ℝ
Poincare.D7.Curvature.RiemannCurvatureData.ricciForm_eq_ricciOperator.{v, w} {V : Type v} [AddCommGroup V] [Module ℝ V]
  [FiniteDimensional ℝ V] {ι : Type w} [Fintype ι] [DecidableEq ι] (D : RiemannCurvatureData V ι) :
  D.ricciForm = D.toCurvatureOperator.ricci
Poincare.D7.Curvature.RiemannCurvatureData.ricciForm_eq_sum_basis.{v, w} {V : Type v} [AddCommGroup V] [Module ℝ V]
  [FiniteDimensional ℝ V] {ι : Type w} [Fintype ι] [DecidableEq ι] (D : RiemannCurvatureData V ι) (X Y : V) :
  (D.ricciForm X) Y = ∑ i, D.curvatureForm (D.metric.basis i) X Y (D.metric.basis i)
Poincare.D7.Curvature.RiemannCurvatureData.ricciForm_symm.{v, w} {V : Type v} [AddCommGroup V] [Module ℝ V]
  [FiniteDimensional ℝ V] {ι : Type w} [Fintype ι] [DecidableEq ι] (D : RiemannCurvatureData V ι) (X Y : V) :
  (D.ricciForm X) Y = (D.ricciForm Y) X
Poincare.D7.Curvature.RiemannCurvatureData.ricciEndo.{v, w} {V : Type v} [AddCommGroup V] [Module ℝ V]
  [FiniteDimensional ℝ V] {ι : Type w} [Fintype ι] [DecidableEq ι] (D : RiemannCurvatureData V ι) : V →ₗ[ℝ] V
Poincare.D7.Curvature.RiemannCurvatureData.form_ricciEndo.{v, w} {V : Type v} [AddCommGroup V] [Module ℝ V]
  [FiniteDimensional ℝ V] {ι : Type w} [Fintype ι] [DecidableEq ι] (D : RiemannCurvatureData V ι) (X Y : V) :
  (D.metric.form (D.ricciEndo X)) Y = (D.ricciForm X) Y
Poincare.D7.Curvature.RiemannCurvatureData.form_ricciEndo_symm.{v, w} {V : Type v} [AddCommGroup V] [Module ℝ V]
  [FiniteDimensional ℝ V] {ι : Type w} [Fintype ι] [DecidableEq ι] (D : RiemannCurvatureData V ι) (X Y : V) :
  (D.metric.form (D.ricciEndo X)) Y = (D.metric.form X) (D.ricciEndo Y)
Poincare.D7.Curvature.RiemannCurvatureData.scalarCurvature.{v, w} {V : Type v} [AddCommGroup V] [Module ℝ V]
  [FiniteDimensional ℝ V] {ι : Type w} [Fintype ι] [DecidableEq ι] (D : RiemannCurvatureData V ι) : ℝ
Poincare.D7.Curvature.RiemannCurvatureData.scalarCurvature_eq_sum_basis.{v, w} {V : Type v} [AddCommGroup V]
  [Module ℝ V] [FiniteDimensional ℝ V] {ι : Type w} [Fintype ι] [DecidableEq ι] (D : RiemannCurvatureData V ι) :
  D.scalarCurvature = ∑ i, (D.ricciForm (D.metric.basis i)) (D.metric.basis i)
Poincare.D7.Curvature.RiemannCurvatureData.scalarCurvature_eq_d2.{v, w} {V : Type v} [AddCommGroup V] [Module ℝ V]
  [FiniteDimensional ℝ V] {ι : Type w} [Fintype ι] [DecidableEq ι] (D : RiemannCurvatureData V ι) :
  D.scalarCurvature = D.toCurvatureOperator.scalarCurvature D.metric.toScalarContractionData
Poincare.D7.Curvature.RiemannCurvatureData.gramForm.{v, w} {V : Type v} [AddCommGroup V] [Module ℝ V]
  [FiniteDimensional ℝ V] {ι : Type w} [Fintype ι] [DecidableEq ι] (D : RiemannCurvatureData V ι) (X Y : V) : ℝ
Poincare.D7.Curvature.RiemannCurvatureData.IsNondegenerate2Plane.{v, w} {V : Type v} [AddCommGroup V] [Module ℝ V]
  [FiniteDimensional ℝ V] {ι : Type w} [Fintype ι] [DecidableEq ι] (D : RiemannCurvatureData V ι) (X Y : V) : Prop
Poincare.D7.Curvature.RiemannCurvatureData.gramForm_gl2.{v, w} {V : Type v} [AddCommGroup V] [Module ℝ V]
  [FiniteDimensional ℝ V] {ι : Type w} [Fintype ι] [DecidableEq ι] (D : RiemannCurvatureData V ι) (a b c d : ℝ)
  (X Y : V) : D.gramForm (a • X + b • Y) (c • X + d • Y) = (a * d - b * c) * (a * d - b * c) * D.gramForm X Y
Poincare.D7.Curvature.RiemannCurvatureData.isNondegenerate2Plane_gl2.{v, w} {V : Type v} [AddCommGroup V] [Module ℝ V]
  [FiniteDimensional ℝ V] {ι : Type w} [Fintype ι] [DecidableEq ι] (D : RiemannCurvatureData V ι) (a b c d : ℝ)
  (h : a * d - b * c ≠ 0) (X Y : V) :
  D.IsNondegenerate2Plane (a • X + b • Y) (c • X + d • Y) ↔ D.IsNondegenerate2Plane X Y
Poincare.D7.Curvature.RiemannCurvatureData.sectionalCurvature.{v, w} {V : Type v} [AddCommGroup V] [Module ℝ V]
  [FiniteDimensional ℝ V] {ι : Type w} [Fintype ι] [DecidableEq ι] (D : RiemannCurvatureData V ι) (X Y : V) : ℝ
Poincare.D7.Curvature.RiemannCurvatureData.sectionalCurvature_swap.{v, w} {V : Type v} [AddCommGroup V] [Module ℝ V]
  [FiniteDimensional ℝ V] {ι : Type w} [Fintype ι] [DecidableEq ι] (D : RiemannCurvatureData V ι) (X Y : V) :
  D.sectionalCurvature X Y = D.sectionalCurvature Y X
Poincare.D7.Curvature.RiemannCurvatureData.sectionalCurvature_smul.{v, w} {V : Type v} [AddCommGroup V] [Module ℝ V]
  [FiniteDimensional ℝ V] {ι : Type w} [Fintype ι] [DecidableEq ι] (D : RiemannCurvatureData V ι) {X Y : V} (a b : ℝ)
  (ha : a ≠ 0) (hb : b ≠ 0) (hG : D.IsNondegenerate2Plane X Y) :
  D.sectionalCurvature (a • X) (b • Y) = D.sectionalCurvature X Y
Poincare.D7.Curvature.RiemannCurvatureData.sectionalCurvature_smul_left.{v, w} {V : Type v} [AddCommGroup V]
  [Module ℝ V] [FiniteDimensional ℝ V] {ι : Type w} [Fintype ι] [DecidableEq ι] (D : RiemannCurvatureData V ι) {X Y : V}
  (a : ℝ) (ha : a ≠ 0) (hG : D.IsNondegenerate2Plane X Y) : D.sectionalCurvature (a • X) Y = D.sectionalCurvature X Y
Poincare.D7.Curvature.RiemannCurvatureData.sectionalCurvature_shear_left.{v, w} {V : Type v} [AddCommGroup V]
  [Module ℝ V] [FiniteDimensional ℝ V] {ι : Type w} [Fintype ι] [DecidableEq ι] (D : RiemannCurvatureData V ι) {X Y : V}
  (t : ℝ) (_hG : D.IsNondegenerate2Plane X Y) : D.sectionalCurvature (X + t • Y) Y = D.sectionalCurvature X Y
Poincare.D7.Curvature.RiemannCurvatureData.sectionalCurvature_gl2.{v, w} {V : Type v} [AddCommGroup V] [Module ℝ V]
  [FiniteDimensional ℝ V] {ι : Type w} [Fintype ι] [DecidableEq ι] (D : RiemannCurvatureData V ι) {X Y : V}
  (a b c d : ℝ) (h : a * d - b * c ≠ 0) (hG : D.IsNondegenerate2Plane X Y) :
  D.sectionalCurvature (a • X + b • Y) (c • X + d • Y) = D.sectionalCurvature X Y
Poincare.D7.Curvature.RiemannCurvatureData.TwoPlane.{v, w} {V : Type v} [AddCommGroup V] [Module ℝ V]
  [FiniteDimensional ℝ V] {ι : Type w} [Fintype ι] [DecidableEq ι] (D : RiemannCurvatureData V ι) : Type v
Poincare.D7.Curvature.RiemannCurvatureData.TwoPlane.sectionalCurvature.{v, w} {V : Type v} [AddCommGroup V] [Module ℝ V]
  [FiniteDimensional ℝ V] {ι : Type w} [Fintype ι] [DecidableEq ι] {D : RiemannCurvatureData V ι} (P : D.TwoPlane) : ℝ
Poincare.D7.Curvature.RiemannCurvatureData.TwoPlane.sectionalCurvature_congr.{v, w} {V : Type v} [AddCommGroup V]
  [Module ℝ V] [FiniteDimensional ℝ V] {ι : Type w} [Fintype ι] [DecidableEq ι] {D : RiemannCurvatureData V ι}
  (P : D.TwoPlane) (a b c d : ℝ) (h : a * d - b * c ≠ 0) (X' Y' : V) (hX : X' = a • P.base₁ + b • P.base₂)
  (hY : Y' = c • P.base₁ + d • P.base₂) (hnd : D.IsNondegenerate2Plane X' Y') :
  D.sectionalCurvature X' Y' = P.sectionalCurvature
Poincare.D7.Curvature.RiemannCurvatureData.zero.{v, w} {V : Type v} [AddCommGroup V] [Module ℝ V]
  [FiniteDimensional ℝ V] {ι : Type w} [Fintype ι] [DecidableEq ι] (m : Longrun.Geometry.MetricData V ι) :
  RiemannCurvatureData V ι
Poincare.D7.Curvature.RiemannCurvatureData.mean.{v, w} {V : Type v} [AddCommGroup V] [Module ℝ V]
  [FiniteDimensional ℝ V] {ι : Type w} [Fintype ι] [DecidableEq ι] (m : Longrun.Geometry.MetricData V ι)
  (b : Longrun.Geometry.LieBracketData ℝ V)
  (hb : ∀ (X Y Z : V), (m.form ((b.bracket X) Y)) Z + (m.form Y) ((b.bracket X) Z) = 0) : RiemannCurvatureData V ι
Poincare.D7.Curvature.alternating_bilinear_apply.{v} {V : Type v} [AddCommGroup V] [Module ℝ V] [FiniteDimensional ℝ V]
  (B : V → V → ℝ) (hadd₁ : ∀ (x₁ x₂ y : V), B (x₁ + x₂) y = B x₁ y + B x₂ y)
  (hsmul₁ : ∀ (a : ℝ) (x y : V), B (a • x) y = a * B x y) (hadd₂ : ∀ (x y₁ y₂ : V), B x (y₁ + y₂) = B x y₁ + B x y₂)
  (hsmul₂ : ∀ (a : ℝ) (x y : V), B x (a • y) = a * B x y) (hanti : ∀ (x y : V), B x y = -B y x) (a b c d : ℝ)
  (X Y : V) : B (a • X + b • Y) (c • X + d • Y) = (a * d - b * c) * B X Y
Poincare.Longrun.Geometry.RiemannCurvatureTensor.{u_1, u_2} {V : Type u_1} [AddCommGroup V] [Module ℝ V]
  [FiniteDimensional ℝ V] {ι : Type u_2} [Fintype ι] [DecidableEq ι]
  (D : Poincare.D7.Curvature.RiemannCurvatureData V ι) : V →ₗ[ℝ] V →ₗ[ℝ] V →ₗ[ℝ] V
Poincare.Longrun.Geometry.RiemannCurvatureTensor_first_pair_skew.{u_1, u_2} {V : Type u_1} [AddCommGroup V] [Module ℝ V]
  [FiniteDimensional ℝ V] {ι : Type u_2} [Fintype ι] [DecidableEq ι]
  (D : Poincare.D7.Curvature.RiemannCurvatureData V ι) (X Y Z : V) :
  (((Poincare.Longrun.Geometry.RiemannCurvatureTensor D) X) Y) Z =
    -(((Poincare.Longrun.Geometry.RiemannCurvatureTensor D) Y) X) Z
Poincare.Longrun.Geometry.RiemannCurvatureTensor_bianchi.{u_1, u_2} {V : Type u_1} [AddCommGroup V] [Module ℝ V]
  [FiniteDimensional ℝ V] {ι : Type u_2} [Fintype ι] [DecidableEq ι]
  (D : Poincare.D7.Curvature.RiemannCurvatureData V ι) (X Y Z : V) :
  (((Poincare.Longrun.Geometry.RiemannCurvatureTensor D) X) Y) Z +
        (((Poincare.Longrun.Geometry.RiemannCurvatureTensor D) Y) Z) X +
      (((Poincare.Longrun.Geometry.RiemannCurvatureTensor D) Z) X) Y =
    0
Poincare.Longrun.Geometry.RiemannCurvatureTensor_interchange.{u_1, u_2} {V : Type u_1} [AddCommGroup V] [Module ℝ V]
  [FiniteDimensional ℝ V] {ι : Type u_2} [Fintype ι] [DecidableEq ι]
  (D : Poincare.D7.Curvature.RiemannCurvatureData V ι) (X Y Z W : V) : D.curvatureForm X Y Z W = D.curvatureForm Z W X Y
Poincare.Longrun.Geometry.RiemannCurvatureTensor_second_pair_skew.{u_1, u_2} {V : Type u_1} [AddCommGroup V]
  [Module ℝ V] [FiniteDimensional ℝ V] {ι : Type u_2} [Fintype ι] [DecidableEq ι]
  (D : Poincare.D7.Curvature.RiemannCurvatureData V ι) (X Y Z W : V) :
  D.curvatureForm X Y Z W = -D.curvatureForm X Y W Z
Probe.CurvatureTensor.toCurvatureOperator.{u_1, u_2, u_3} {E : Type u_1} [NormedAddCommGroup E] [NormedSpace ℝ E]
  {H : Type u_2} [TopologicalSpace H] {I : ModelWithCorners ℝ E H} {M : Type u_3} [TopologicalSpace M]
  [ChartedSpace H M] (R : Probe.CurvatureTensor I M) (x : M) :
  Poincare.CurvatureAlgebra.CurvatureOperator ℝ (TangentSpace I x)
Poincare.D7.Curvature.ricci_eq_probe_ricci.{u_1, u_2, u_3} {E : Type u_1} [NormedAddCommGroup E] [NormedSpace ℝ E]
  {H : Type u_2} [TopologicalSpace H] {I : ModelWithCorners ℝ E H} {M : Type u_3} [TopologicalSpace M]
  [ChartedSpace H M] (R : Probe.CurvatureTensor I M) (x : M) (Y Z : TangentSpace I x) :
  ((R.toCurvatureOperator x).ricci Y) Z = R.ricci x Y Z
Poincare.D7.Curvature.ManifoldCurvatureStatement.{uE, uH, uM} : Prop
Poincare.D7.Curvature.SecondBianchiStatement.{v, w} {V : Type v} [AddCommGroup V] [Module ℝ V] [FiniteDimensional ℝ V]
  {ι : Type w} [Fintype ι] [DecidableEq ι] (D : Poincare.D7.Curvature.RiemannCurvatureData V ι) : Prop
Poincare.D7.Curvature.SecondBianchiIdentity.{v, w} {V : Type v} [AddCommGroup V] [Module ℝ V] [FiniteDimensional ℝ V]
  {ι : Type w} [Fintype ι] [DecidableEq ι] {D : Poincare.D7.Curvature.RiemannCurvatureData V ι}
  (C : Poincare.D7.Curvature.CovariantDerivativeOfCurvature D) : Prop
Poincare.D7.Curvature.CovariantDerivativeOfCurvature.{v, w} {V : Type v} [AddCommGroup V] [Module ℝ V]
  [FiniteDimensional ℝ V] {ι : Type w} [Fintype ι] [DecidableEq ι]
  (D : Poincare.D7.Curvature.RiemannCurvatureData V ι) : Type v
Poincare.D7.Curvature.BlockerManifoldCurvature : String
Poincare.D7.Curvature.BlockerSecondBianchi : String
Poincare.D7.Curvature.So3.so3 : Poincare.D7.Curvature.RiemannCurvatureData Poincare.D7.Curvature.So3.V (Fin 3)
Poincare.D7.Curvature.So3.crossBracket_compatible (X Y Z : Poincare.D7.Curvature.So3.V) :
  (Poincare.D7.Curvature.So3.stdForm ((Poincare.D7.Curvature.So3.crossBracket.bracket X) Y)) Z +
      (Poincare.D7.Curvature.So3.stdForm Y) ((Poincare.D7.Curvature.So3.crossBracket.bracket X) Z) =
    0
Poincare.D7.Curvature.So3.so3_curvature_e0_e1_e1 :
  ((Poincare.D7.Curvature.So3.so3.curvature (Poincare.D7.Curvature.So3.e 0)) (Poincare.D7.Curvature.So3.e 1))
      (Poincare.D7.Curvature.So3.e 1) =
    (1 / 4) • Poincare.D7.Curvature.So3.e 0
Poincare.D7.Curvature.So3.so3_isNondegenerate2Plane_e0_e1 :
  Poincare.D7.Curvature.So3.so3.IsNondegenerate2Plane (Poincare.D7.Curvature.So3.e 0) (Poincare.D7.Curvature.So3.e 1)
Poincare.D7.Curvature.So3.so3_sectionalCurvature_e0_e1 :
  Poincare.D7.Curvature.So3.so3.sectionalCurvature (Poincare.D7.Curvature.So3.e 0) (Poincare.D7.Curvature.So3.e 1) =
    1 / 4
Poincare.D7.Curvature.So3.so3_sectionalCurvature_gl2_witness :
  Poincare.D7.Curvature.So3.so3.sectionalCurvature
      (2 • Poincare.D7.Curvature.So3.e 0 + 3 • Poincare.D7.Curvature.So3.e 1)
      (1 • Poincare.D7.Curvature.So3.e 0 + -1 • Poincare.D7.Curvature.So3.e 1) =
    1 / 4
Poincare.D7.Curvature.So3.so3_ricciForm_e0_e0 :
  (Poincare.D7.Curvature.So3.so3.ricciForm (Poincare.D7.Curvature.So3.e 0)) (Poincare.D7.Curvature.So3.e 0) = 1 / 2
