D13USE	Poincare.D12.ConnectionCurvature.milnorConnection	11	10	0	Poincare.D12.ConnectionCurvature.SoThreeModel.so3_milnor_eq_mean;Poincare.D12.ConnectionCurvature.leviCivitaExists;Poincare.D12.ConnectionCurvature.milnorAbstractConnection;Poincare.D12.ConnectionCurvature.milnorConnection_apply;Poincare.D12.ConnectionCurvature.milnorConnection_eq_mean_iff;Poincare.D12.ConnectionCurvature.milnorConnection_isLeviCivita
D13USE	Poincare.D12.ConnectionCurvature.leviCivitaExists	0	0	0	
D13USE	Poincare.D12.ConnectionCurvature.milnorConnection_eq_mean_iff	1	1	0	Poincare.D12.ConnectionCurvature.SoThreeModel.so3_milnor_eq_mean
D13USE	Poincare.D12.EntropyVariation.hasDerivAt_F_of_pointwise	8	8	0	Poincare.D12.EntropyVariation.derivative_sign_distinction;Poincare.D12.EntropyVariation.fDerivativeCorrected_at_of_pointwise;Poincare.D12.EntropyVariation.fDerivativeCorrected_of_pointwise;Poincare.D12.EntropyVariation.fflow_F_hasDerivAt;Poincare.D12.EntropyVariation.fflow_F_hasDerivAt_closedForm;Poincare.D12.EntropyVariation.fflow_corrected_FDerivative_on_domain
D13USE	Poincare.D12.EntropyVariation.fflow_F_hasDerivAt	5	5	0	Poincare.D12.EntropyVariation.derivative_sign_distinction;Poincare.D12.EntropyVariation.fflow_F_hasDerivAt_closedForm;Poincare.D12.EntropyVariation.fflow_corrected_FDerivative_on_domain;Poincare.D12.EntropyVariation.fflow_literal_FDerivativeStatement_of_idempotent;Poincare.D12.EntropyVariation.fflow_literal_FDerivative_inconsistent
D13USE	Poincare.D12.EntropyVariation.fDerivativeStatement_of_corrected_of_idempotent	0	0	0	
D13USE	Poincare.D12.EntropyVariation.fflow_F_hasDerivAt_closedForm	2	2	0	Poincare.D12.EntropyVariation.derivative_sign_distinction;Poincare.D12.EntropyVariation.fflow_literal_FDerivative_inconsistent
D13USE	Poincare.D12.EntropyVariation.fflow_F_deriv_pos	1	1	0	Poincare.D12.EntropyVariation.derivative_sign_distinction
D13USE	Poincare.D12.EntropyVariation.fflow_F_strictMonoOn	2	2	0	Poincare.D12.EntropyVariation.fflow_F_increasing_on_Iio;Poincare.D12.EntropyVariation.perelmanFFlow_increasing_toy_nonincreasing
D13USE	Poincare.D12.HeatDomain.notIntegrable_fast_times_kernel	6	6	0	Poincare.D12.HeatDomain.flat_positive_dimension_weak_not_full;Poincare.D12.HeatDomain.integral_fast_times_kernel_eq_zero;Poincare.D12.HeatDomain.not_exists_heatKernelData_flat_of_pos;Poincare.D12.HeatDomain.not_exists_heatKernelData_flat_one;Poincare.D12.HeatDomain.not_fullInitialCondition_flat_of_pos;Poincare.D12.HeatDomain.not_fullInitialCondition_flat_one
D13USE	Poincare.D12.HeatDomain.not_fullInitialCondition_flat_of_pos	4	4	0	Poincare.D12.HeatDomain.flat_positive_dimension_weak_not_full;Poincare.D12.HeatDomain.not_exists_heatKernelData_flat_of_pos;Poincare.D12.HeatDomain.not_exists_heatKernelData_flat_one;Poincare.D12.HeatDomain.not_fullInitialCondition_flat_one
D13USE	Poincare.D12.HeatDomain.flatHeatKernelCore_weakInitialConditionFor_integrableClass	1	1	0	Poincare.D12.HeatDomain.flatHeatKernelCore_weakInitialConditionFor_integrableClass'
D13USE	Poincare.D12.HeatDomain.flatHeatKernelCore_weakInitialConditionFor_ccClass	1	1	0	Poincare.D12.HeatDomain.bump_weakInitialConditionFor_ccClass
D13USE	Poincare.D12.HeatDomain.toHeatKernelData_of_weak_compact_finiteMeasure	2	2	0	Poincare.D12.HeatDomain.toHeatKernelData_of_weak_compact_finiteMeasure_initialCondition;Poincare.D12.HeatDomain.toHeatKernelData_of_weak_compact_finiteMeasure_toCore
D13USE	Poincare.D12.HeatSemigroup.heatOperator_comp_heatOperator	7	7	0	Poincare.D12.HeatSemigroup.heatOperatorBCF_comp;Poincare.D12.HeatSemigroup.heatOperatorBCF_comp_swap;Poincare.D12.HeatSemigroup.heatOperator_comp_heatOperator_fun;Poincare.D12.HeatSemigroup.heatOperator_comp_heatOperator_integral_norm_eq_zero;Poincare.D12.HeatSemigroup.heatOperator_comp_heatOperator_of_bounded;Poincare.D12.HeatSemigroup.heatOperator_comp_heatOperator_of_bounded_fun
D13USE	Poincare.D12.HeatSemigroup.heatOperator_comp_heatOperator_of_bounded	3	3	0	Poincare.D12.HeatSemigroup.heatOperatorBCF_comp;Poincare.D12.HeatSemigroup.heatOperatorBCF_comp_swap;Poincare.D12.HeatSemigroup.heatOperator_comp_heatOperator_of_bounded_fun
D13USE	Poincare.D12.HeatSemigroup.heatOperatorBCF_comp	1	1	0	Poincare.D12.HeatSemigroup.heatOperatorBCF_comp_swap
D13USE	Poincare.D12.KappaVariational.gaussianReducedVolume_eq_one	11	8	0	Poincare.D12.KappaVariational.gaussianReducedVolumeCertificate_volume;Poincare.D12.KappaVariational.gaussianReducedVolumeViaL_eq_one;Poincare.D12.KappaVariational.gaussianReducedVolume_monotoneOn_and_antitoneOn;Poincare.D12.KappaVariational.gaussianUniformReducedVolumeLowerBound_integral;Poincare.D12.KappaVariational.kappaVariationalClosures;Poincare.D12.KappaVariational.kappaVariationalClosures_nonempty
D13USE	Poincare.D12.KappaVariational.gaussianReducedVolumeViaL_eq_one	5	3	0	Poincare.D12.KappaVariational.kappaVariationalClosures;Poincare.D12.KappaVariational.kappaVariationalClosures_nonempty;Poincare.D12.KappaVariational.ncf12ModelClosure
D13USE	Poincare.D12.KappaVariational.constantCurvatureLMinimizerExistence	5	3	0	Poincare.D12.KappaVariational.kappaVariationalClosures;Poincare.D12.KappaVariational.kappaVariationalClosures_nonempty;Poincare.D12.KappaVariational.rlv1ModelClosure
D13USE	Poincare.D12.ParabolicLocal.gaussianSmap_continuous	19	13	3	Poincare.D12.ParabolicLocal.existsUnique_arctanHeatMildSolution;Poincare.D12.ParabolicLocal.existsUnique_heatMildSolution;Poincare.D12.ParabolicLocal.gaussianSetup;Poincare.D12.ParabolicLocal.gaussianSetup.congr_simp;Poincare.D12.ParabolicLocal.heatMildSolution;Poincare.D12.ParabolicLocal.heatMildSolution_duhamel_eq
D13USE	Poincare.D12.ParabolicLocal.heatConv_semigroup	23	17	3	Poincare.D12.ParabolicLocal.existsUnique_arctanHeatMildSolution;Poincare.D12.ParabolicLocal.existsUnique_heatMildSolution;Poincare.D12.ParabolicLocal.gaussianS_add;Poincare.D12.ParabolicLocal.gaussianS_semigroup;Poincare.D12.ParabolicLocal.gaussianS_semigroup';Poincare.D12.ParabolicLocal.gaussianSetup
D13USE	Poincare.D12.ParabolicLocal.gaussianS_add	20	14	3	Poincare.D12.ParabolicLocal.existsUnique_arctanHeatMildSolution;Poincare.D12.ParabolicLocal.existsUnique_heatMildSolution;Poincare.D12.ParabolicLocal.gaussianSetup;Poincare.D12.ParabolicLocal.gaussianSetup.congr_simp;Poincare.D12.ParabolicLocal.gaussianSmap_continuous;Poincare.D12.ParabolicLocal.heatMildSolution
D13USE	Poincare.D12.ParabolicLocal.heatConv_tendsto_self_BUC	21	15	3	Poincare.D12.ParabolicLocal.existsUnique_arctanHeatMildSolution;Poincare.D12.ParabolicLocal.existsUnique_heatMildSolution;Poincare.D12.ParabolicLocal.gaussianS_tendsto_self;Poincare.D12.ParabolicLocal.gaussianSetup;Poincare.D12.ParabolicLocal.gaussianSetup.congr_simp;Poincare.D12.ParabolicLocal.gaussianSmap_continuous
D13USE	Poincare.D12.ParabolicLocal.derivativeLossBarrier_holds	1	1	0	Poincare.D12.ParabolicLocal.derivativeLossBarrier_discharged
D13USE	Poincare.D12.ParabolicLocal.derivativeLossBarrier_discharged	0	0	0	
D13USE	Poincare.D12.SurgeryRecognition.ConnectedSumDecomposition.mkV2	3	3	0	Poincare.D12.SurgeryRecognition.stage6Target_of_v2decomposition;Poincare.D12.SurgeryRecognition.stage6Target_of_v2hypotheses;Poincare.D12.SurgeryRecognition.stage6Target_of_v3hypotheses
D13USE	Poincare.D12.SurgeryRecognition.deckTrivial_of_simplyConnected_quotient	4	4	0	Poincare.D12.SurgeryRecognition.RemainingRecognitionHypothesesV3.toRemaining;Poincare.D12.SurgeryRecognition.RemainingRecognitionHypothesesV3.toRemainingV2;Poincare.D12.SurgeryRecognition.sphericalPieceRecognition_of_spaceForm;Poincare.D12.SurgeryRecognition.stage6Target_of_v3hypotheses
D13USE	Poincare.D12.SurgeryRecognition.finiteFreeOrbit_isQuotientCoveringMap	17	17	0	Poincare.D12.SurgeryRecognition.RemainingRecognitionHypothesesV3.toRemaining;Poincare.D12.SurgeryRecognition.RemainingRecognitionHypothesesV3.toRemainingV2;Poincare.D12.SurgeryRecognition.SphericalSpaceFormModel.covering;Poincare.D12.SurgeryRecognition.SphericalSpaceFormModel.coveringQuotient;Poincare.D12.SurgeryRecognition.SphericalSpaceFormModel.spaceFormFiberEquivGroup;Poincare.D12.SurgeryRecognition.SphericalSpaceFormModel.spaceFormProjection_covering
D13USE	Poincare.D12.SurgeryRecognition.antipodalModel	1	1	0	Poincare.D12.SurgeryRecognition.antipodalModel_nontrivial
D13USE	Poincare.D12.TriangulationTopology.coveringOfSimplyConnectedIsHomeo	8	8	0	Poincare.D12.TriangulationTopology.coveringOfSimplyConnectedIsHomeo_bijective;Poincare.D12.TriangulationTopology.coveringOfSimplyConnectedIsHomeo_of_nonempty;Poincare.D12.TriangulationTopology.diskCoverPipeline;Poincare.D12.TriangulationTopology.sphereThreeTarget_cover_isHomeo;Poincare.D12.TriangulationTopology.sphereThree_cover_isHomeo;Poincare.D12.TriangulationTopology.sphereThree_identityCover
D13USE	Poincare.D12.TriangulationTopology.antipodalQuotientCovering	0	0	0	
D13USE	Poincare.D12.TriangulationTopology.diskGlueQuotHomeoSphere	5	4	0	Poincare.D12.TriangulationTopology.diskGlueQuotHomeoSphere_refl_apply;Poincare.D12.TriangulationTopology.diskGlueQuotT2Space;Poincare.D12.TriangulationTopology.sphereOfTwoDisks;Poincare.D12.TriangulationTopology.sphereOfTwoDisks_hemisphere_instance
D13USE	Poincare.D12.TriangulationTopology.sphereOfTwoDisks	1	1	0	Poincare.D12.TriangulationTopology.sphereOfTwoDisks_hemisphere_instance
D13USE	Poincare.D12.TriangulationTopology.alexanderHomeo	13	11	0	Poincare.D12.TriangulationTopology.alexanderHomeo_eq_refl_iff;Poincare.D12.TriangulationTopology.alexanderHomeo_refl;Poincare.D12.TriangulationTopology.diskGlueQuotHomeoSphere;Poincare.D12.TriangulationTopology.diskGlueQuotHomeoSphere_refl_apply;Poincare.D12.TriangulationTopology.diskGlueQuotT2Space;Poincare.D12.TriangulationTopology.diskGlueRel_transport
D13USE	Poincare.D12.TriangulationTopology.simplexBoundaryHomeoSphere	3	3	0	Poincare.D12.TriangulationTopology.simplexBoundaryCompactSpace;Poincare.D12.TriangulationTopology.simplexBoundaryNonempty;Poincare.D12.TriangulationTopology.simplexBoundaryT2Space
D13USE	Poincare.D12.TriangulationTopology.lowerHemisphereHomeoDisk	7	5	0	Poincare.D12.TriangulationTopology.lowerHemisphereCompactSpace;Poincare.D12.TriangulationTopology.lowerHemisphereNonempty;Poincare.D12.TriangulationTopology.lowerHemisphereT2Space;Poincare.D12.TriangulationTopology.lowerHemisphere_boundary_eq_inter;Poincare.D12.TriangulationTopology.sphereOfTwoDisks_hemisphere_instance
D13USE	Poincare.D12.TriangulationTopology.simplexHomeoDisk	0	0	0	
D13USE	Poincare.D12.SemanticLedger.not_initialCondition_gaussian	1	1	0	Poincare.D12.SemanticLedger.not_initialCondition_gaussian_quantified
D13USE	Poincare.D12.SpectralSobolev.poincare_wirtinger	1	1	0	Poincare.D12.SpectralSobolev.poincare_wirtinger_sine
D13USE	Poincare.D12.TensorMaximumBochner.kernelTangent_of_feasibleDirection	1	1	0	Poincare.D12.TensorMaximumBochner.Audit.d12_kernel_tangent_necessary_audited
D13USE	Poincare.D12.TensorMaximumBochner.hamiltonField_kernelTangent	1	1	0	Poincare.D12.TensorMaximumBochner.Audit.d12_hamilton_field_kernel_tangent_audited
D13USE	Poincare.D12.TensorMaximumBochner.adjugate_posSemidef	3	3	0	Poincare.D12.TensorMaximumBochner.Audit.d12_adjugate_posSemidef_audited;Poincare.D12.TensorMaximumBochner.Audit.d12_hamilton_field_kernel_tangent_audited;Poincare.D12.TensorMaximumBochner.hamiltonField_kernelTangent
D13USE	Poincare.D12.TensorMaximumBochner.kernelTangent_not_feasible	1	1	0	Poincare.D12.TensorMaximumBochner.Audit.d12_kernel_tangent_not_feasible_audited
D13USE	Poincare.D12.VolumeIBP.ChartMetric.integral_riemannianMeasure_eq	1	1	0	Poincare.D12.VolumeIBP.ChartMetric.divergence_integral_eq_zero
