D13DEP	D12-connection-curvature	Poincare.D12.ConnectionCurvature.leviCivitaExists	Poincare.D12.ConnectionCurvature.milnorConnection	false	true
D13DEP	D12-connection-curvature	Poincare.D12.ConnectionCurvature.SoThreeModel.so3MeanLeviCivita	Poincare.D12.ConnectionCurvature.leviCivitaExists	false	false
D13DEP	D12-connection-curvature	Poincare.D12.ConnectionCurvature.SoThreeModel.so3_ricci_e00	Poincare.D12.ConnectionCurvature.leviCivitaExists	false	false
D13DEP	D12-connection-curvature	Poincare.D12.ConnectionCurvature.SoThreeModel.so3_ricci_e00	Poincare.D12.ConnectionCurvature.milnorConnection	false	false
D13DEP	D12-entropy-variation	Poincare.D12.EntropyVariation.fflow_F_hasDerivAt	Poincare.D12.EntropyVariation.hasDerivAt_F_of_pointwise	false	true
D13DEP	D12-entropy-variation	Poincare.D12.EntropyVariation.fflow_F_hasDerivAt_closedForm	Poincare.D12.EntropyVariation.fflow_F_hasDerivAt	false	true
D13DEP	D12-entropy-variation	Poincare.D12.EntropyVariation.fflow_F_deriv_pos	Poincare.D12.EntropyVariation.fflow_F_hasDerivAt_closedForm	false	false
D13DEP	D12-entropy-variation	Poincare.D12.EntropyVariation.fflow_F_strictMonoOn	Poincare.D12.EntropyVariation.fflow_F_deriv_pos	false	false
D13DEP	D12-entropy-variation	Poincare.D12.EntropyVariation.derivative_sign_distinction	Poincare.D12.EntropyVariation.fflow_F_strictMonoOn	false	false
D13DEP	D12-heat-domain-repair	Poincare.D12.HeatDomain.not_fullInitialCondition_flat_of_pos	Poincare.D12.HeatDomain.notIntegrable_fast_times_kernel	false	true
D13DEP	D12-heat-domain-repair	Poincare.D12.HeatDomain.flat_positive_dimension_weak_not_full	Poincare.D12.HeatDomain.not_fullInitialCondition_flat_of_pos	false	true
D13DEP	D12-heat-domain-repair	Poincare.D7.HeatKernel.punitHeatKernelData	Poincare.D12.HeatDomain.toHeatKernelData_of_weak_compact_finiteMeasure	false	false
D13DEP	D12-heat-domain-repair	Poincare.D12.HeatDomain.flatHeatKernelCore_weakInitialConditionFor_ccClass	Poincare.D12.HeatDomain.flatHeatKernelCore_weakInitialConditionFor_integrableClass	false	false
D13DEP	D12-heat-semigroup-analysis	Poincare.D12.HeatSemigroup.heatOperatorBCF_comp	Poincare.D12.HeatSemigroup.heatOperator_comp_heatOperator_of_bounded	false	true
D13DEP	D12-heat-semigroup-analysis	Poincare.D12.HeatSemigroup.heatOperator_comp_heatOperator_integral_norm_eq_zero	Poincare.D12.HeatSemigroup.heatOperator_comp_heatOperator	false	true
D13DEP	D12-heat-semigroup-analysis	Poincare.D12.HeatSemigroup.heatOperatorBCF_comp	Poincare.D12.HeatSemigroup.heatOperator_comp_heatOperator	false	true
D13DEP	D12-heat-semigroup-analysis	Poincare.D12.HeatSemigroup.heatOperator_gaussianKernel_L1_tendsto_seq	Poincare.D12.HeatSemigroup.heatOperatorBCF_comp	false	false
D13DEP	D12-kappa-variational	Poincare.D12.KappaVariational.gaussianReducedVolumeCertificate_volume	Poincare.D12.KappaVariational.gaussianReducedVolume_eq_one	false	true
D13DEP	D12-kappa-variational	Poincare.D12.KappaVariational.gaussianUniformReducedVolumeLowerBound	Poincare.D12.KappaVariational.gaussianReducedVolumeViaL_eq_one	false	false
D13DEP	D12-kappa-variational	Poincare.D12.KappaVariational.constantCurvature_reducedLength_le	Poincare.D12.KappaVariational.constantCurvatureLMinimizerExistence	false	false
D13DEP	D12-parabolic-local-existence	Poincare.D12.ParabolicLocal.linearCandidate_isFixedPt	Poincare.D12.ParabolicLocal.heatConv_semigroup	true	true
D13DEP	D12-parabolic-local-existence	Poincare.D12.ParabolicLocal.linearCandidate_isFixedPt	Poincare.D12.ParabolicLocal.gaussianS_add	true	true
D13DEP	D12-parabolic-local-existence	Poincare.D12.ParabolicLocal.gaussianS_tendsto_self	Poincare.D12.ParabolicLocal.heatConv_tendsto_self_BUC	false	true
D13DEP	D12-parabolic-local-existence	Poincare.D12.ParabolicLocal.gaussianSmap_continuous	Poincare.D12.ParabolicLocal.heatConv_tendsto_self_BUC	false	true
D13DEP	D12-parabolic-local-existence	Poincare.D12.ParabolicLocal.derivativeLossBarrier_discharged	Poincare.D12.ParabolicLocal.derivativeLossBarrier_holds	false	true
D13DEP	D12-surgery-recognition	Poincare.D12.SurgeryRecognition.stage6Target_of_v2decomposition	Poincare.D12.SurgeryRecognition.ConnectedSumDecomposition.mkV2	false	true
D13DEP	D12-surgery-recognition	Poincare.D12.SurgeryRecognition.sphericalPieceRecognition_of_spaceForm	Poincare.D12.SurgeryRecognition.deckTrivial_of_simplyConnected_quotient	false	true
D13DEP	D12-triangulation-topology	Poincare.D12.TriangulationTopology.sphericalSpaceFormRecognition	Poincare.D12.TriangulationTopology.coveringOfSimplyConnectedIsHomeo	false	true
D13DEP	D12-triangulation-topology	Poincare.D12.TriangulationTopology.diskGlueQuotHomeoSphere	Poincare.D12.TriangulationTopology.alexanderHomeo	false	true
D13DEP	D12-triangulation-topology	Poincare.D12.TriangulationTopology.sphereOfTwoDisks	Poincare.D12.TriangulationTopology.diskGlueQuotHomeoSphere	false	true
