D13DEP	D12-connection-curvature	Poincare.D12.ConnectionCurvature.milnorConnection	Poincare.D12.ConnectionCurvature.leviCivitaExists	false	false
D13DEP	D12-connection-curvature	Poincare.D12.ConnectionCurvature.leviCivitaExists	Poincare.D12.ConnectionCurvature.SoThreeModel.so3MeanLeviCivita	false	false
D13DEP	D12-connection-curvature	Poincare.D12.ConnectionCurvature.leviCivitaExists	Poincare.D12.ConnectionCurvature.SoThreeModel.so3_ricci_e00	false	false
D13DEP	D12-connection-curvature	Poincare.D12.ConnectionCurvature.milnorConnection	Poincare.D12.ConnectionCurvature.SoThreeModel.so3_ricci_e00	false	false
D13DEP	D12-entropy-variation	Poincare.D12.EntropyVariation.hasDerivAt_F_of_pointwise	Poincare.D12.EntropyVariation.fflow_F_hasDerivAt	false	false
D13DEP	D12-entropy-variation	Poincare.D12.EntropyVariation.fflow_F_hasDerivAt	Poincare.D12.EntropyVariation.fflow_F_hasDerivAt_closedForm	false	false
D13DEP	D12-entropy-variation	Poincare.D12.EntropyVariation.fflow_F_hasDerivAt_closedForm	Poincare.D12.EntropyVariation.fflow_F_deriv_pos	false	false
D13DEP	D12-entropy-variation	Poincare.D12.EntropyVariation.fflow_F_deriv_pos	Poincare.D12.EntropyVariation.fflow_F_strictMonoOn	false	false
D13DEP	D12-entropy-variation	Poincare.D12.EntropyVariation.fflow_F_strictMonoOn	Poincare.D12.EntropyVariation.derivative_sign_distinction	false	false
D13DEP	D12-heat-domain-repair	Poincare.D12.HeatDomain.notIntegrable_fast_times_kernel	Poincare.D12.HeatDomain.not_fullInitialCondition_flat_of_pos	false	false
D13DEP	D12-heat-domain-repair	Poincare.D12.HeatDomain.not_fullInitialCondition_flat_of_pos	Poincare.D12.HeatDomain.flat_positive_dimension_weak_not_full	false	false
D13DEP	D12-heat-domain-repair	Poincare.D12.HeatDomain.toHeatKernelData_of_weak_compact_finiteMeasure	Poincare.D12.HeatDomain.punitHeatKernelData	EXISTS_FAIL	true	false
D13DEP	D12-heat-domain-repair	Poincare.D12.HeatDomain.flatHeatKernelCore_weakInitialConditionFor_integrableClass	Poincare.D12.HeatDomain.flatHeatKernelCore_weakInitialConditionFor_ccClass	false	false
D13DEP	D12-heat-semigroup-analysis	Poincare.D12.HeatSemigroup.heatOperator_comp_heatOperator_of_bounded	Poincare.D12.HeatSemigroup.heatOperatorBCF_comp	false	false
D13DEP	D12-heat-semigroup-analysis	Poincare.D12.HeatSemigroup.heatOperator_comp_heatOperator	Poincare.D12.HeatSemigroup.heatOperator_comp_heatOperator_integral_norm_eq_zero	false	false
D13DEP	D12-heat-semigroup-analysis	Poincare.D12.HeatSemigroup.heatOperator_comp_heatOperator	Poincare.D12.HeatSemigroup.heatOperatorBCF_comp	false	false
D13DEP	D12-heat-semigroup-analysis	Poincare.D12.HeatSemigroup.heatOperatorBCF_comp	Poincare.D12.HeatSemigroup.heatOperator_gaussianKernel_L1_tendsto_seq	false	false
D13DEP	D12-kappa-variational	Poincare.D12.KappaVariational.gaussianReducedVolume_eq_one	Poincare.D12.KappaVariational.gaussianReducedVolumeCertificate_volume	false	false
D13DEP	D12-kappa-variational	Poincare.D12.KappaVariational.gaussianReducedVolumeViaL_eq_one	Poincare.D12.KappaVariational.gaussianUniformReducedVolumeLowerBound	false	false
D13DEP	D12-kappa-variational	Poincare.D12.KappaVariational.constantCurvatureLMinimizerExistence	Poincare.D12.KappaVariational.constantCurvature_reducedLength_le	false	false
D13DEP	D12-parabolic-local-existence	Poincare.D12.ParabolicLocal.heatConv_semigroup	Poincare.D12.ParabolicLocal.linearCandidate_isFixedPt	false	false
D13DEP	D12-parabolic-local-existence	Poincare.D12.ParabolicLocal.gaussianS_add	Poincare.D12.ParabolicLocal.linearCandidate_isFixedPt	false	false
D13DEP	D12-parabolic-local-existence	Poincare.D12.ParabolicLocal.heatConv_tendsto_self_BUC	Poincare.D12.ParabolicLocal.gaussianS_tendsto_self	false	false
D13DEP	D12-parabolic-local-existence	Poincare.D12.ParabolicLocal.heatConv_tendsto_self_BUC	Poincare.D12.ParabolicLocal.gaussianSmap_continuous	false	false
D13DEP	D12-parabolic-local-existence	Poincare.D12.ParabolicLocal.derivativeLossBarrier_holds	Poincare.D12.ParabolicLocal.derivativeLossBarrier_discharged	false	false
D13DEP	D12-surgery-recognition	Poincare.D12.SurgeryRecognition.ConnectedSumDecomposition.mkV2	Poincare.D12.SurgeryRecognition.stage6Target_of_v2decomposition	false	false
D13DEP	D12-surgery-recognition	Poincare.D12.SurgeryRecognition.deckTrivial_of_simplyConnected_quotient	Poincare.D12.SurgeryRecognition.sphericalPieceRecognition_of_spaceForm	false	false
D13DEP	D12-triangulation-topology	Poincare.D12.TriangulationTopology.coveringOfSimplyConnectedIsHomeo	Poincare.D12.TriangulationTopology.sphericalSpaceFormRecognition	false	false
D13DEP	D12-triangulation-topology	Poincare.D12.TriangulationTopology.alexanderHomeo	Poincare.D12.TriangulationTopology.diskGlueQuotHomeoSphere	false	false
D13DEP	D12-triangulation-topology	Poincare.D12.TriangulationTopology.diskGlueQuotHomeoSphere	Poincare.D12.TriangulationTopology.sphereOfTwoDisks	false	false
Poincare/D13/IntegratedAudit/DependencyProbe.lean:102:15: warning: Variable name `cci` is not explicitly referenced.

Hint: The binding can be removed (if unused) or named `_` (if used implicitly). Alternatively, prefix the name with `_` to silence this warning:
  [apply] _cci

Note: This linter can be disabled with `set_option linter.unusedVariables false`

real	0m4.582s
user	0m2.719s
sys	0m1.953s
