ok      1.1s /data/home/guoshaoyang/workdir/lean_poincare/longrun/worktrees/D10-bochner-euclidean/negcontrol/NegativeControl.lean
ok      5.7s /data/home/guoshaoyang/workdir/lean_poincare/longrun/worktrees/D10-bochner-euclidean/release/Audit/CounterexampleAudit.lean
ok      2.9s /data/home/guoshaoyang/workdir/lean_poincare/longrun/worktrees/D10-bochner-euclidean/release/Audit/CurvatureODEAudit.lean
ok      4.9s /data/home/guoshaoyang/workdir/lean_poincare/longrun/worktrees/D10-bochner-euclidean/release/Audit/EvolutionAudit.lean
ok      2.9s /data/home/guoshaoyang/workdir/lean_poincare/longrun/worktrees/D10-bochner-euclidean/release/Audit/GeometryAudit.lean
ok      5.4s /data/home/guoshaoyang/workdir/lean_poincare/longrun/worktrees/D10-bochner-euclidean/release/Audit/PromotedEvolutionAudit.lean
ok      7.0s /data/home/guoshaoyang/workdir/lean_poincare/longrun/worktrees/D10-bochner-euclidean/release/D6AuditReport.lean
ok      5.8s /data/home/guoshaoyang/workdir/lean_poincare/longrun/worktrees/D10-bochner-euclidean/release/D6LedgerProbe.lean
ok      2.8s /data/home/guoshaoyang/workdir/lean_poincare/longrun/worktrees/D10-bochner-euclidean/release/Ledger/DefinitionSmoke.lean
ok      3.0s /data/home/guoshaoyang/workdir/lean_poincare/longrun/worktrees/D10-bochner-euclidean/release/Ledger/PerelmanDefinitions.lean
ok      2.9s /data/home/guoshaoyang/workdir/lean_poincare/longrun/worktrees/D10-bochner-euclidean/release/Poincare/Basic.lean
ok      2.6s /data/home/guoshaoyang/workdir/lean_poincare/longrun/worktrees/D10-bochner-euclidean/release/Poincare/D10/BochnerEuclidean/Axioms.lean
ok      3.7s /data/home/guoshaoyang/workdir/lean_poincare/longrun/worktrees/D10-bochner-euclidean/release/Poincare/D10/BochnerEuclidean/Basic.lean
ok      2.9s /data/home/guoshaoyang/workdir/lean_poincare/longrun/worktrees/D10-bochner-euclidean/release/Poincare/D10/BochnerEuclidean/Bochner.lean
ok      2.6s /data/home/guoshaoyang/workdir/lean_poincare/longrun/worktrees/D10-bochner-euclidean/release/Poincare/D10/BochnerEuclidean/Compat.lean
ok      2.6s /data/home/guoshaoyang/workdir/lean_poincare/longrun/worktrees/D10-bochner-euclidean/release/Poincare/D10/BochnerEuclidean/Corollary.lean
ok      2.7s /data/home/guoshaoyang/workdir/lean_poincare/longrun/worktrees/D10-bochner-euclidean/release/Poincare/Longrun/CurvatureODE.lean
ok      3.2s /data/home/guoshaoyang/workdir/lean_poincare/longrun/worktrees/D10-bochner-euclidean/release/Poincare/Longrun/CurvatureODE/Bridge.lean
ok      3.0s /data/home/guoshaoyang/workdir/lean_poincare/longrun/worktrees/D10-bochner-euclidean/release/Poincare/Longrun/CurvatureODE/Evolution.lean
ok      3.0s /data/home/guoshaoyang/workdir/lean_poincare/longrun/worktrees/D10-bochner-euclidean/release/Poincare/Longrun/CurvatureODE/Invariant.lean
ok      2.9s /data/home/guoshaoyang/workdir/lean_poincare/longrun/worktrees/D10-bochner-euclidean/release/Poincare/Longrun/CurvatureODE/Monotonicity.lean
ok      2.4s /data/home/guoshaoyang/workdir/lean_poincare/longrun/worktrees/D10-bochner-euclidean/release/Poincare/Longrun/CurvatureODE/ScalarODE.lean
ok      3.0s /data/home/guoshaoyang/workdir/lean_poincare/longrun/worktrees/D10-bochner-euclidean/release/Poincare/Longrun/CurvatureODE/State.lean
ok      5.2s /data/home/guoshaoyang/workdir/lean_poincare/longrun/worktrees/D10-bochner-euclidean/release/Poincare/Longrun/Entropy.lean
ok      5.3s /data/home/guoshaoyang/workdir/lean_poincare/longrun/worktrees/D10-bochner-euclidean/release/Poincare/Longrun/Entropy/AxiomAudit.lean
ok      5.5s /data/home/guoshaoyang/workdir/lean_poincare/longrun/worktrees/D10-bochner-euclidean/release/Poincare/Longrun/Entropy/Bridge.lean
ok      5.8s /data/home/guoshaoyang/workdir/lean_poincare/longrun/worktrees/D10-bochner-euclidean/release/Poincare/Longrun/Entropy/Certificate.lean
ok      5.1s /data/home/guoshaoyang/workdir/lean_poincare/longrun/worktrees/D10-bochner-euclidean/release/Poincare/Longrun/Entropy/DiscreteHeat.lean
ok      5.3s /data/home/guoshaoyang/workdir/lean_poincare/longrun/worktrees/D10-bochner-euclidean/release/Poincare/Longrun/Entropy/FiniteGeometry.lean
ok      5.4s /data/home/guoshaoyang/workdir/lean_poincare/longrun/worktrees/D10-bochner-euclidean/release/Poincare/Longrun/Entropy/Functional.lean
ok      5.1s /data/home/guoshaoyang/workdir/lean_poincare/longrun/worktrees/D10-bochner-euclidean/release/Poincare/Longrun/Evolution.lean
ok      5.2s /data/home/guoshaoyang/workdir/lean_poincare/longrun/worktrees/D10-bochner-euclidean/release/Poincare/Longrun/Evolution/Bridge.lean
ok      5.4s /data/home/guoshaoyang/workdir/lean_poincare/longrun/worktrees/D10-bochner-euclidean/release/Poincare/Longrun/Evolution/Continuous.lean
ok      5.5s /data/home/guoshaoyang/workdir/lean_poincare/longrun/worktrees/D10-bochner-euclidean/release/Poincare/Longrun/Evolution/Counterexample.lean
ok      5.2s /data/home/guoshaoyang/workdir/lean_poincare/longrun/worktrees/D10-bochner-euclidean/release/Poincare/Longrun/Evolution/Discrete.lean
ok      5.3s /data/home/guoshaoyang/workdir/lean_poincare/longrun/worktrees/D10-bochner-euclidean/release/Poincare/Longrun/Evolution/Functional.lean
ok      3.2s /data/home/guoshaoyang/workdir/lean_poincare/longrun/worktrees/D10-bochner-euclidean/release/Poincare/Longrun/Evolution/Gibbs.lean
ok      2.9s /data/home/guoshaoyang/workdir/lean_poincare/longrun/worktrees/D10-bochner-euclidean/release/Poincare/Longrun/Geometry.lean
ok      4.6s /data/home/guoshaoyang/workdir/lean_poincare/longrun/worktrees/D10-bochner-euclidean/release/Poincare/Longrun/Geometry/ConnectionAdapter.lean
ok      3.0s /data/home/guoshaoyang/workdir/lean_poincare/longrun/worktrees/D10-bochner-euclidean/release/Poincare/Longrun/Geometry/Contraction.lean
ok      3.5s /data/home/guoshaoyang/workdir/lean_poincare/longrun/worktrees/D10-bochner-euclidean/release/Poincare/Longrun/Geometry/LeviCivitaBlocked.lean
ok      3.4s /data/home/guoshaoyang/workdir/lean_poincare/longrun/worktrees/D10-bochner-euclidean/release/Poincare/Longrun/Geometry/MetricData.lean
ok      5.0s /data/home/guoshaoyang/workdir/lean_poincare/longrun/worktrees/D10-bochner-euclidean/release/Poincare/Longrun/PDE/AxiomAudit.lean
ok      5.5s /data/home/guoshaoyang/workdir/lean_poincare/longrun/worktrees/D10-bochner-euclidean/release/Poincare/Longrun/PDE/ContinuousInterface.lean
ok      5.0s /data/home/guoshaoyang/workdir/lean_poincare/longrun/worktrees/D10-bochner-euclidean/release/Poincare/Longrun/PDE/DiscreteMaximumPrinciple.lean
ok      5.8s /data/home/guoshaoyang/workdir/lean_poincare/longrun/worktrees/D10-bochner-euclidean/release/Poincare/Longrun/PDE/Energy.lean
ok      5.2s /data/home/guoshaoyang/workdir/lean_poincare/longrun/worktrees/D10-bochner-euclidean/release/Poincare/Longrun/PDE/HeatGrid.lean
ok      2.2s /data/home/guoshaoyang/workdir/lean_poincare/longrun/worktrees/D10-bochner-euclidean/release/Poincare/Longrun/Surgery.lean
ok      2.2s /data/home/guoshaoyang/workdir/lean_poincare/longrun/worktrees/D10-bochner-euclidean/release/Poincare/Longrun/Surgery/Axioms.lean
ok      2.3s /data/home/guoshaoyang/workdir/lean_poincare/longrun/worktrees/D10-bochner-euclidean/release/Poincare/Longrun/Surgery/Basic.lean
ok      2.3s /data/home/guoshaoyang/workdir/lean_poincare/longrun/worktrees/D10-bochner-euclidean/release/Poincare/Longrun/Surgery/Chain.lean
ok      2.2s /data/home/guoshaoyang/workdir/lean_poincare/longrun/worktrees/D10-bochner-euclidean/release/Poincare/Longrun/Surgery/Missing.lean
ok      2.2s /data/home/guoshaoyang/workdir/lean_poincare/longrun/worktrees/D10-bochner-euclidean/release/Poincare/Longrun/Surgery/Toy.lean
ok      5.2s /data/home/guoshaoyang/workdir/lean_poincare/longrun/worktrees/D10-bochner-euclidean/release/Poincare/Longrun/Topology/AxiomAudit.lean
ok      5.2s /data/home/guoshaoyang/workdir/lean_poincare/longrun/worktrees/D10-bochner-euclidean/release/Poincare/Longrun/Topology/Basic.lean
ok      5.1s /data/home/guoshaoyang/workdir/lean_poincare/longrun/worktrees/D10-bochner-euclidean/release/Poincare/Longrun/Topology/CompactThreeManifold.lean
ok      5.3s /data/home/guoshaoyang/workdir/lean_poincare/longrun/worktrees/D10-bochner-euclidean/release/Poincare/Longrun/Topology/MissingTheorems.lean
ok      5.2s /data/home/guoshaoyang/workdir/lean_poincare/longrun/worktrees/D10-bochner-euclidean/release/Poincare/Longrun/Topology/Noncollapsing.lean
ok      5.4s /data/home/guoshaoyang/workdir/lean_poincare/longrun/worktrees/D10-bochner-euclidean/release/Poincare/Longrun/Topology/NormalizedVolume.lean
ok      4.9s /data/home/guoshaoyang/workdir/lean_poincare/longrun/worktrees/D10-bochner-euclidean/release/Poincare/Longrun/Topology/Stage6Bridge.lean
ok      3.7s /data/home/guoshaoyang/workdir/lean_poincare/longrun/worktrees/D10-bochner-euclidean/release/Poincare/Stage1/CurvatureAlgebra.lean
ok      3.3s /data/home/guoshaoyang/workdir/lean_poincare/longrun/worktrees/D10-bochner-euclidean/release/Poincare/Stage1/RiemannAdapter.lean
ok      2.9s /data/home/guoshaoyang/workdir/lean_poincare/longrun/worktrees/D10-bochner-euclidean/release/Poincare/Stage6/SphereSimplyConnected.lean
ok      3.0s /data/home/guoshaoyang/workdir/lean_poincare/longrun/worktrees/D10-bochner-euclidean/release/Poincare/Stage6/TopologyBridge.lean
ok      5.7s /data/home/guoshaoyang/workdir/lean_poincare/longrun/worktrees/D10-bochner-euclidean/release/Probe/GeometryApi.lean
ok      6.0s /data/home/guoshaoyang/workdir/lean_poincare/longrun/worktrees/D10-bochner-euclidean/release/Probe/PdeApi.lean
ok      7.1s /data/home/guoshaoyang/workdir/lean_poincare/longrun/worktrees/D10-bochner-euclidean/release/ReleaseAudit.lean
ok      5.2s /data/home/guoshaoyang/workdir/lean_poincare/longrun/worktrees/D10-bochner-euclidean/release/ReleaseCheck.lean
ok      5.9s /data/home/guoshaoyang/workdir/lean_poincare/longrun/worktrees/D10-bochner-euclidean/release/ReleaseClaims.lean
DONE ok=True n=69 elapsed=288.2s
