ℹ [2508/2508] Replayed Poincare.D10.BochnerEuclidean.Axioms
info: Poincare/D10/BochnerEuclidean/Axioms.lean:22:0: 'Poincare.D10.BochnerEuclidean.basis_apply' depends on axioms: [propext, Classical.choice, Quot.sound]
info: Poincare/D10/BochnerEuclidean/Axioms.lean:23:0: 'Poincare.D10.BochnerEuclidean.D_apply' depends on axioms: [propext, Classical.choice, Quot.sound]
info: Poincare/D10/BochnerEuclidean/Axioms.lean:24:0: 'Poincare.D10.BochnerEuclidean.D_of_contDiff' depends on axioms: [propext, Classical.choice, Quot.sound]
info: Poincare/D10/BochnerEuclidean/Axioms.lean:25:0: 'Poincare.D10.BochnerEuclidean.D_of_contDiffAt' depends on axioms: [propext, Classical.choice, Quot.sound]
info: Poincare/D10/BochnerEuclidean/Axioms.lean:26:0: 'Poincare.D10.BochnerEuclidean.D_add' depends on axioms: [propext, Classical.choice, Quot.sound]
info: Poincare/D10/BochnerEuclidean/Axioms.lean:27:0: 'Poincare.D10.BochnerEuclidean.D_const' depends on axioms: [propext, Classical.choice, Quot.sound]
info: Poincare/D10/BochnerEuclidean/Axioms.lean:28:0: 'Poincare.D10.BochnerEuclidean.D_mul' depends on axioms: [propext, Classical.choice, Quot.sound]
info: Poincare/D10/BochnerEuclidean/Axioms.lean:29:0: 'Poincare.D10.BochnerEuclidean.D_const_mul' depends on axioms: [propext, Classical.choice, Quot.sound]
info: Poincare/D10/BochnerEuclidean/Axioms.lean:30:0: 'Poincare.D10.BochnerEuclidean.D_pow_two' depends on axioms: [propext, Classical.choice, Quot.sound]
info: Poincare/D10/BochnerEuclidean/Axioms.lean:31:0: 'Poincare.D10.BochnerEuclidean.D_sum' depends on axioms: [propext, Classical.choice, Quot.sound]
info: Poincare/D10/BochnerEuclidean/Axioms.lean:32:0: 'Poincare.D10.BochnerEuclidean.fderiv_D' depends on axioms: [propext, Classical.choice, Quot.sound]
info: Poincare/D10/BochnerEuclidean/Axioms.lean:33:0: 'Poincare.D10.BochnerEuclidean.D_D' depends on axioms: [propext, Classical.choice, Quot.sound]
info: Poincare/D10/BochnerEuclidean/Axioms.lean:34:0: 'Poincare.D10.BochnerEuclidean.D_comm' depends on axioms: [propext, Classical.choice, Quot.sound]
info: Poincare/D10/BochnerEuclidean/Axioms.lean:35:0: 'Poincare.D10.BochnerEuclidean.DDD_comm' depends on axioms: [propext, Classical.choice, Quot.sound]
info: Poincare/D10/BochnerEuclidean/Axioms.lean:36:0: 'Poincare.D10.BochnerEuclidean.D_lap' depends on axioms: [propext, Classical.choice, Quot.sound]
info: Poincare/D10/BochnerEuclidean/Axioms.lean:40:0: 'Poincare.D10.BochnerEuclidean.D_gradNormSq' depends on axioms: [propext, Classical.choice, Quot.sound]
info: Poincare/D10/BochnerEuclidean/Axioms.lean:41:0: 'Poincare.D10.BochnerEuclidean.DD_gradNormSq' depends on axioms: [propext, Classical.choice, Quot.sound]
info: Poincare/D10/BochnerEuclidean/Axioms.lean:42:0: 'Poincare.D10.BochnerEuclidean.bochner_identity_components' depends on axioms: [propext, Classical.choice, Quot.sound]
info: Poincare/D10/BochnerEuclidean/Axioms.lean:43:0: 'Poincare.D10.BochnerEuclidean.grad_apply' depends on axioms: [propext, Classical.choice, Quot.sound]
info: Poincare/D10/BochnerEuclidean/Axioms.lean:44:0: 'Poincare.D10.BochnerEuclidean.norm_sq_grad' depends on axioms: [propext, Classical.choice, Quot.sound]
info: Poincare/D10/BochnerEuclidean/Axioms.lean:45:0: 'Poincare.D10.BochnerEuclidean.inner_grad_grad_lap' depends on axioms: [propext, Classical.choice, Quot.sound]
info: Poincare/D10/BochnerEuclidean/Axioms.lean:46:0: 'Poincare.D10.BochnerEuclidean.hessNormSq_eq' depends on axioms: [propext, Classical.choice, Quot.sound]
info: Poincare/D10/BochnerEuclidean/Axioms.lean:47:0: 'Poincare.D10.BochnerEuclidean.bochner_identity' depends on axioms: [propext, Classical.choice, Quot.sound]
info: Poincare/D10/BochnerEuclidean/Axioms.lean:51:0: 'Poincare.D10.BochnerEuclidean.hessNormSq_nonneg' depends on axioms: [propext, Classical.choice, Quot.sound]
info: Poincare/D10/BochnerEuclidean/Axioms.lean:52:0: 'Poincare.D10.BochnerEuclidean.harmonic_lap_gradNormSq' depends on axioms: [propext, Classical.choice, Quot.sound]
info: Poincare/D10/BochnerEuclidean/Axioms.lean:53:0: 'Poincare.D10.BochnerEuclidean.harmonic_lap_gradNormSq_nonneg' depends on axioms: [propext,
 Classical.choice,
 Quot.sound]
info: Poincare/D10/BochnerEuclidean/Axioms.lean:54:0: 'Poincare.D10.BochnerEuclidean.harmonic_energy_density_subharmonic' depends on axioms: [propext,
 Classical.choice,
 Quot.sound]
info: Poincare/D10/BochnerEuclidean/Axioms.lean:58:0: 'Poincare.D10.BochnerEuclidean.sum_basis' depends on axioms: [propext, Classical.choice, Quot.sound]
info: Poincare/D10/BochnerEuclidean/Axioms.lean:59:0: 'Poincare.D10.BochnerEuclidean.inner_basis_right' depends on axioms: [propext, Classical.choice, Quot.sound]
info: Poincare/D10/BochnerEuclidean/Axioms.lean:60:0: 'Poincare.D10.BochnerEuclidean.grad_eq_gradient' depends on axioms: [propext, Classical.choice, Quot.sound]
info: Poincare/D10/BochnerEuclidean/Axioms.lean:61:0: 'Poincare.D10.BochnerEuclidean.lap_eq_laplacian' depends on axioms: [propext, Classical.choice, Quot.sound]
info: Poincare/D10/BochnerEuclidean/Axioms.lean:65:0: 'Poincare.D10.BochnerEuclidean.basis' depends on axioms: [propext, Classical.choice, Quot.sound]
info: Poincare/D10/BochnerEuclidean/Axioms.lean:66:0: 'Poincare.D10.BochnerEuclidean.D' depends on axioms: [propext, Classical.choice, Quot.sound]
info: Poincare/D10/BochnerEuclidean/Axioms.lean:67:0: 'Poincare.D10.BochnerEuclidean.grad' depends on axioms: [propext, Classical.choice, Quot.sound]
info: Poincare/D10/BochnerEuclidean/Axioms.lean:68:0: 'Poincare.D10.BochnerEuclidean.gradNormSq' depends on axioms: [propext, Classical.choice, Quot.sound]
info: Poincare/D10/BochnerEuclidean/Axioms.lean:69:0: 'Poincare.D10.BochnerEuclidean.hess' depends on axioms: [propext, Classical.choice, Quot.sound]
info: Poincare/D10/BochnerEuclidean/Axioms.lean:70:0: 'Poincare.D10.BochnerEuclidean.hessNormSq' depends on axioms: [propext, Classical.choice, Quot.sound]
info: Poincare/D10/BochnerEuclidean/Axioms.lean:71:0: 'Poincare.D10.BochnerEuclidean.lap' depends on axioms: [propext, Classical.choice, Quot.sound]
info: Poincare/D10/BochnerEuclidean/Axioms.lean:72:0: 'Poincare.D10.BochnerEuclidean.gradLapDot' depends on axioms: [propext, Classical.choice, Quot.sound]
info: Poincare/D10/BochnerEuclidean/Axioms.lean:73:0: 'Poincare.D10.BochnerEuclidean.Harmonic' depends on axioms: [propext, Classical.choice, Quot.sound]
info: Poincare/D10/BochnerEuclidean/Axioms.lean:77:0: theorem Poincare.D10.BochnerEuclidean.bochner_identity : ∀ {n : ℕ} {u : E n → ℝ},
  ContDiff ℝ 3 u →
    ∀ (x : E n), lap (fun y => ‖grad u y‖ ^ 2) x = 2 * hessNormSq u x + 2 * inner ℝ (grad u x) (grad (lap u) x) :=
fun {n} {u} hu x =>
  have hfun := funext fun y => norm_sq_grad u y;
  Eq.mpr (id (congrArg (fun _a => lap _a x = 2 * hessNormSq u x + 2 * inner ℝ (grad u x) (grad (lap u) x)) hfun))
    (Eq.mpr
      (id
        (congrArg (fun _a => _a = 2 * hessNormSq u x + 2 * inner ℝ (grad u x) (grad (lap u) x))
          (bochner_identity_components hu x)))
      (Eq.mpr
        (id
          (congrArg (fun _a => 2 * hessNormSq u x + 2 * gradLapDot u x = 2 * hessNormSq u x + 2 * _a)
            (inner_grad_grad_lap u x)))
        (Eq.mpr
          (id (congrArg (fun _a => 2 * hessNormSq u x + 2 * _a = 2 * hessNormSq u x + 2 * _a) (gradLapDot.eq_1 u x)))
          (Eq.refl (2 * hessNormSq u x + 2 * ∑ i, D i u x * D i (lap u) x)))))
info: Poincare/D10/BochnerEuclidean/Axioms.lean:78:0: theorem Poincare.D10.BochnerEuclidean.harmonic_energy_density_subharmonic : ∀ {n : ℕ} {u : E n → ℝ},
  ContDiff ℝ 3 u →
    Harmonic u →
      ∀ (x : E n), lap (fun y => ‖grad u y‖ ^ 2) x = 2 * hessNormSq u x ∧ 0 ≤ lap (fun y => ‖grad u y‖ ^ 2) x :=
fun {n} {u} hu hh x => ⟨harmonic_lap_gradNormSq hu hh x, harmonic_lap_gradNormSq_nonneg hu hh x⟩
Build completed successfully (2508 jobs).

real	0m1.208s
user	0m1.171s
sys	0m0.546s
