2026-09-10T21:55:14+0800 ENQUEUE D12-connection-curvature
2026-09-10T21:55:14+0800 ENQUEUE D12-volume-ibp
2026-09-10T21:55:14+0800 ENQUEUE D12-tensor-maximum-bochner
2026-09-10T21:55:14+0800 ENQUEUE D12-spectral-sobolev
2026-09-10T21:55:14+0800 ENQUEUE D12-semantic-ledger
2026-09-10T21:55:14+0800 RECOVER D9-adversarial-audit-release worker not alive
2026-09-10T21:55:14+0800 RECOVER D11-bochner-manifold worker not alive
2026-09-10T21:55:14+0800 RECOVER D11-spectral-torus worker not alive
2026-09-10T21:55:14+0800 RECOVER D11-audit-d10 worker not alive
2026-09-10T21:55:14+0800 LAUNCH D9-adversarial-audit-release (D9_adversarial_audit_release.md)
2026-09-10T21:55:14+0800 LAUNCH D11-bochner-manifold (D11_bochner_manifold.md)
2026-09-10T21:55:14+0800 LAUNCH D11-spectral-torus (D11_spectral_torus.md)
2026-09-10T21:55:14+0800 LAUNCH D11-audit-d10 (D11_audit_d10.md)
2026-09-10T21:55:14+0800 LAUNCH D12-connection-curvature (D12-connection-curvature.md)
2026-09-10T21:55:14+0800 LAUNCH D12-volume-ibp (D12-volume-ibp.md)
2026-09-10T22:04:54+0800 RECOVER D9-adversarial-audit-release worker not alive
2026-09-10T22:04:54+0800 RECOVER D11-bochner-manifold worker not alive
2026-09-10T22:04:54+0800 RECOVER D11-spectral-torus worker not alive
2026-09-10T22:04:54+0800 RECOVER D11-audit-d10 worker not alive
2026-09-10T22:04:54+0800 RECOVER D12-connection-curvature worker not alive
2026-09-10T22:04:54+0800 RECOVER D12-volume-ibp worker not alive
2026-09-10T22:04:54+0800 LAUNCH D9-adversarial-audit-release (D9_adversarial_audit_release.md)
2026-09-10T22:04:54+0800 LAUNCH D11-bochner-manifold (D11_bochner_manifold.md)
2026-09-10T22:04:54+0800 LAUNCH D11-spectral-torus (D11_spectral_torus.md)
2026-09-10T22:04:54+0800 LAUNCH D11-audit-d10 (D11_audit_d10.md)
2026-09-10T22:04:54+0800 LAUNCH D12-connection-curvature (D12-connection-curvature.md)
2026-09-10T22:04:54+0800 LAUNCH D12-volume-ibp (D12-volume-ibp.md)
2026-09-10T22:05:54+0800 RECOVER D9-adversarial-audit-release worker not alive
2026-09-10T22:05:54+0800 RECOVER D11-bochner-manifold worker not alive
2026-09-10T22:05:54+0800 RECOVER D11-spectral-torus worker not alive
2026-09-10T22:05:54+0800 RECOVER D11-audit-d10 worker not alive
2026-09-10T22:05:54+0800 RECOVER D12-connection-curvature worker not alive
2026-09-10T22:05:54+0800 RECOVER D12-volume-ibp worker not alive
2026-09-10T22:05:54+0800 LAUNCH D9-adversarial-audit-release (D9_adversarial_audit_release.md)
2026-09-10T22:05:54+0800 LAUNCH D11-bochner-manifold (D11_bochner_manifold.md)
2026-09-10T22:05:54+0800 LAUNCH D11-spectral-torus (D11_spectral_torus.md)
2026-09-10T22:05:54+0800 LAUNCH D11-audit-d10 (D11_audit_d10.md)
2026-09-10T22:05:54+0800 LAUNCH D12-connection-curvature (D12-connection-curvature.md)
2026-09-10T22:05:54+0800 LAUNCH D12-volume-ibp (D12-volume-ibp.md)
2026-09-10T22:06:55+0800 RECOVER D9-adversarial-audit-release worker not alive
2026-09-10T22:06:55+0800 RECOVER D11-bochner-manifold worker not alive
2026-09-10T22:06:55+0800 RECOVER D11-spectral-torus worker not alive
2026-09-10T22:06:55+0800 RECOVER D11-audit-d10 worker not alive
2026-09-10T22:06:55+0800 RECOVER D12-connection-curvature worker not alive
2026-09-10T22:06:55+0800 RECOVER D12-volume-ibp worker not alive
2026-09-10T22:06:55+0800 LAUNCH D9-adversarial-audit-release (D9_adversarial_audit_release.md)
2026-09-10T22:06:55+0800 LAUNCH D11-bochner-manifold (D11_bochner_manifold.md)
2026-09-10T22:06:55+0800 LAUNCH D11-spectral-torus (D11_spectral_torus.md)
2026-09-10T22:06:55+0800 LAUNCH D11-audit-d10 (D11_audit_d10.md)
2026-09-10T22:06:55+0800 LAUNCH D12-connection-curvature (D12-connection-curvature.md)
2026-09-10T22:06:55+0800 LAUNCH D12-volume-ibp (D12-volume-ibp.md)
2026-09-10T22:07:55+0800 RECOVER D9-adversarial-audit-release worker not alive
2026-09-10T22:07:55+0800 RECOVER D11-bochner-manifold worker not alive
2026-09-10T22:07:55+0800 RECOVER D11-spectral-torus worker not alive
2026-09-10T22:07:55+0800 RECOVER D11-audit-d10 worker not alive
2026-09-10T22:07:55+0800 RECOVER D12-connection-curvature worker not alive
2026-09-10T22:07:55+0800 LAUNCH D9-adversarial-audit-release (D9_adversarial_audit_release.md)
2026-09-10T22:07:55+0800 LAUNCH D11-bochner-manifold (D11_bochner_manifold.md)
2026-09-10T22:07:55+0800 LAUNCH D11-spectral-torus (D11_spectral_torus.md)
2026-09-10T22:07:55+0800 LAUNCH D11-audit-d10 (D11_audit_d10.md)
2026-09-10T22:07:55+0800 LAUNCH D12-connection-curvature (D12-connection-curvature.md)
2026-09-10T22:40:43+0800 RECOVER D9-adversarial-audit-release worker not alive
2026-09-10T22:40:43+0800 RECOVER D11-spectral-torus worker not alive
2026-09-10T22:40:43+0800 RECOVER D12-connection-curvature worker not alive
2026-09-10T22:40:43+0800 LAUNCH D9-adversarial-audit-release (D9_adversarial_audit_release.md)
2026-09-10T22:40:43+0800 LAUNCH D11-bochner-manifold (D11_bochner_manifold.md)
2026-09-10T22:40:43+0800 LAUNCH D11-spectral-torus (D11_spectral_torus.md)
2026-09-10T22:40:43+0800 LAUNCH D11-audit-d10 (D11_audit_d10.md)
2026-09-10T22:40:43+0800 LAUNCH D12-connection-curvature (D12-connection-curvature.md)
2026-09-10T22:40:43+0800 LAUNCH D12-volume-ibp (D12-volume-ibp.md)
2026-09-10T22:40:43+0800 LAUNCH D12-tensor-maximum-bochner (D12-tensor-maximum-bochner.md)
2026-09-10T22:40:43+0800 LAUNCH D12-spectral-sobolev (D12-spectral-sobolev.md)
2026-09-10T22:40:43+0800 LAUNCH D12-semantic-ledger (D12-semantic-ledger.md)
2026-09-10T22:41:44+0800 RECOVER D9-adversarial-audit-release worker not alive
2026-09-10T22:41:44+0800 RECOVER D11-bochner-manifold worker not alive
2026-09-10T22:41:44+0800 RECOVER D11-spectral-torus worker not alive
2026-09-10T22:41:44+0800 RECOVER D11-audit-d10 worker not alive
2026-09-10T22:41:44+0800 RECOVER D12-connection-curvature worker not alive
2026-09-10T22:41:44+0800 RECOVER D12-volume-ibp worker not alive
2026-09-10T22:41:44+0800 LAUNCH D9-adversarial-audit-release (D9_adversarial_audit_release.md)
2026-09-10T22:41:44+0800 LAUNCH D11-bochner-manifold (D11_bochner_manifold.md)
2026-09-10T22:41:44+0800 LAUNCH D11-spectral-torus (D11_spectral_torus.md)
2026-09-10T22:41:44+0800 LAUNCH D11-audit-d10 (D11_audit_d10.md)
2026-09-10T22:41:44+0800 LAUNCH D12-connection-curvature (D12-connection-curvature.md)
2026-09-10T22:41:44+0800 LAUNCH D12-volume-ibp (D12-volume-ibp.md)
2026-09-11T00:05:48+0800 GATE_START D9-adversarial-audit-release
2026-09-11T00:11:49+0800 PROMOTE D9-adversarial-audit-release compiled (gate 71 files; semantic review pending)
2026-09-11T00:35:32+0800 RECOVER D11-bochner-manifold worker not alive
2026-09-11T00:35:32+0800 LAUNCH D11-bochner-manifold (D11_bochner_manifold.md)
2026-09-11T00:35:32+0800 LAUNCH D11-spectral-torus (D11_spectral_torus.md)
2026-09-11T00:35:32+0800 LAUNCH D11-audit-d10 (D11_audit_d10.md)
2026-09-11T00:35:32+0800 LAUNCH D12-connection-curvature (D12-connection-curvature.md)
2026-09-11T00:35:32+0800 LAUNCH D12-volume-ibp (D12-volume-ibp.md)
2026-09-11T00:35:32+0800 LAUNCH D12-tensor-maximum-bochner (D12-tensor-maximum-bochner.md)
2026-09-11T00:35:32+0800 LAUNCH D12-spectral-sobolev (D12-spectral-sobolev.md)
2026-09-11T00:35:32+0800 LAUNCH D12-semantic-ledger (D12-semantic-ledger.md)
2026-09-11T02:00:37+0800 GATE_START D11-bochner-manifold
2026-09-11T02:04:37+0800 GATE_START D12-semantic-ledger
2026-09-11T02:06:37+0800 PROMOTE D11-bochner-manifold compiled (gate 290 files; semantic review pending)
2026-09-11T02:06:37+0800 PROMOTE D12-semantic-ledger compiled (gate 66 files; semantic review pending)
2026-09-11T02:12:38+0800 GATE_START D12-spectral-sobolev
2026-09-11T02:14:38+0800 PROMOTE D12-spectral-sobolev compiled (gate 70 files; semantic review pending)
2026-09-11T02:44:40+0800 GATE_START D11-audit-d10
2026-09-11T02:49:40+0800 PROMOTE D11-audit-d10 compiled (gate 285 files; semantic review pending)
2026-09-11T04:17:44+0800 GATE_START D12-volume-ibp
2026-09-11T04:19:45+0800 REPAIR D12-volume-ibp attempt 1 queued
2026-09-11T04:19:45+0800 LAUNCH D12-volume-ibp (REPAIR_D12-volume-ibp.md)
2026-09-11T04:45:46+0800 GATE_START D12-volume-ibp
2026-09-11T04:47:46+0800 PROMOTE D12-volume-ibp compiled (gate 74 files; semantic review pending)
2026-09-11T04:51:46+0800 GATE_START D12-connection-curvature
2026-09-11T04:53:46+0800 PROMOTE D12-connection-curvature compiled (gate 74 files; semantic review pending)
2026-09-11T05:55:50+0800 GATE_START D11-spectral-torus
2026-09-11T06:01:50+0800 PROMOTE D11-spectral-torus compiled (gate 289 files; semantic review pending)
2026-09-11T12:16:10+0800 LAUNCH D12-tensor-maximum-bochner (D12-tensor-maximum-bochner.md)
2026-09-11T14:35:18+0800 LAUNCH D12-tensor-maximum-bochner (D12-tensor-maximum-bochner.md)
2026-09-11T17:23:27+0800 BLOCKED D12-tensor-maximum-bochner
2026-09-11T23:09:48+0800 LAUNCH D13-cross-audit-ophis-cards (D13-cross-audit-ophis-cards.md)
2026-09-11T23:39:50+0800 GATE_START D13-cross-audit-ophis-cards
2026-09-12T00:05:51+0800 PROMOTE D13-cross-audit-ophis-cards compiled (gate 63 files; semantic review pending)
