A3R11 SELFTEST PASS (positive control detected, negative control clean)
A3R11CONE|Poincare.D12.SemanticLedger.not_initialCondition_gaussian_quantified|Classical.choice,Quot.sound,propext|0
A3R11CONE|Poincare.D12.SemanticLedger.integrand_continuous|Classical.choice,Quot.sound,propext|0
A3R11CONE|Poincare.D12.SemanticLedger.lowerConstant_pos|Classical.choice,Quot.sound,propext|0
A3R11CONE|Poincare.D12.SemanticLedger.integrand.eq_1|Classical.choice,Quot.sound,propext|0
A3R11CONE|Poincare.D12.SemanticLedger.integrand_pos|Classical.choice,Quot.sound,propext|0
A3R11CONE|Poincare.D12.SemanticLedger.integrand_lintegral_eq_top|Classical.choice,Quot.sound,propext|0
A3R11CONE|Poincare.D12.SemanticLedger.testFunction_zero|Classical.choice,Quot.sound,propext|0
A3R11CONE|Poincare.D12.SemanticLedger.R|Classical.choice,Quot.sound,propext|0
A3R11CONE|Poincare.D12.SemanticLedger.testFunction_pos|Classical.choice,Quot.sound,propext|0
A3R11CONE|Poincare.D12.SemanticLedger.R_nonneg|Classical.choice,Quot.sound,propext|0
A3R11CONE|Poincare.D12.SemanticLedger.D7InitialConditionAt|Classical.choice,Quot.sound,propext|0
A3R11CONE|Poincare.D12.SemanticLedger.not_initialCondition_gaussian|Classical.choice,Quot.sound,propext|0
A3R11CONE|Poincare.D12.SemanticLedger.continuous_gaussianKernelXY_int|Classical.choice,Quot.sound,propext|0
A3R11CONE|Poincare.D12.SemanticLedger.gaussianKernelXY._proof_1|propext|0
A3R11CONE|Poincare.D12.SemanticLedger.integrand_eq|Classical.choice,Quot.sound,propext|0
A3R11CONE|Poincare.D12.SemanticLedger.tendsto_testFunction_atTop|Classical.choice,Quot.sound,propext|0
A3R11CONE|Poincare.D12.SemanticLedger.quartic_dominates|Classical.choice,Quot.sound,propext|0
A3R11CONE|Poincare.D12.SemanticLedger.integral_undef_zero|Classical.choice,Quot.sound,propext|0
A3R11CONE|Poincare.D12.SemanticLedger.lowerConstant|Classical.choice,Quot.sound,propext|0
A3R11CONE|Poincare.D12.SemanticLedger.gaussianKernelXY|Classical.choice,Quot.sound,propext|0
A3R11CONE|Poincare.D12.SemanticLedger.testFunction_continuous|Classical.choice,Quot.sound,propext|0
A3R11CONE|Poincare.D12.SemanticLedger.testFunction|Classical.choice,Quot.sound,propext|0
A3R11CONE|Poincare.D12.SemanticLedger.lowerConstant_le_integrand|Classical.choice,Quot.sound,propext|0
A3R11CONE|Poincare.D12.SemanticLedger.integrand|Classical.choice,Quot.sound,propext|0
A3R11CONE|Poincare.D12.SemanticLedger.integrand_nonneg|Classical.choice,Quot.sound,propext|0
A3R11CONE|Poincare.D12.SemanticLedger.gaussianKernelXY._proof_2|propext|0
A3R11CONE|Poincare.D12.SemanticLedger.integrand_not_integrable|Classical.choice,Quot.sound,propext|0
A3R11CONE|Poincare.D12.SemanticLedger.R_sq|Classical.choice,Quot.sound,propext|0
A3R11 TOTAL 28 declarations, memo size 34151
A3R11 QUERIES 0 total, 0 missing
A3R11 PASS
