A3R11 SELFTEST PASS (positive control detected, negative control clean)
A3R11CONE|Poincare.D12.ConnectionCurvature.SoThreeModel.so3_ricci_e00|Classical.choice,Quot.sound,propext|0
A3R11CONE|Poincare.D12.ConnectionCurvature.SmoothChartData.noConfusion|Classical.choice,Quot.sound,propext|0
A3R11CONE|Poincare.D12.ConnectionCurvature.ChartModel1D.chart1D._proof_2|Classical.choice,Quot.sound,propext|0
A3R11CONE|Poincare.D12.ConnectionCurvature.dFormOf|Classical.choice,Quot.sound,propext|0
A3R11CONE|Poincare.D12.ConnectionCurvature.conformalG_smooth|Classical.choice,Quot.sound,propext|0
A3R11CONE|Poincare.D12.ConnectionCurvature.SmoothChartData.g_smooth|Classical.choice,Quot.sound,propext|0
A3R11CONE|Poincare.D12.ConnectionCurvature.meanLeviCivitaData|Classical.choice,Quot.sound,propext|0
A3R11CONE|Poincare.D12.ConnectionCurvature.curvatureEndo._proof_1|Classical.choice,Quot.sound,propext|0
A3R11CONE|Poincare.D12.ConnectionCurvature.ChartMetricCoefficients.g|Classical.choice,Quot.sound,propext|0
A3R11CONE|Poincare.D12.ConnectionCurvature.ChartModel1D.chart1D.eq_1|Classical.choice,Quot.sound,propext|0
A3R11CONE|Poincare.D12.ConnectionCurvature.SmoothChartData.christoffelFamily.eq_1|Classical.choice,Quot.sound,propext|0
A3R11CONE|Poincare.D12.ConnectionCurvature.SoThreeModel.cross_e2_e0|Classical.choice,Quot.sound,propext|0
A3R11CONE|Poincare.D12.ConnectionCurvature.ChartMetricCoefficients.christoffelLower._proof_1|propext|0
A3R11CONE|Poincare.D12.ConnectionCurvature.ChartMetricCoefficients.christoffel_raised_contraction_first|Classical.choice,Quot.sound,propext|0
A3R11CONE|Poincare.D12.ConnectionCurvature.SmoothChartData.g_component_smooth|Classical.choice,Quot.sound,propext|0
A3R11CONE|Poincare.D12.ConnectionCurvature.SmoothChartData.mk.injEq|Classical.choice,Quot.sound,propext|0
A3R11CONE|Poincare.D12.ConnectionCurvature.SmoothChartData.mk._flat_ctor|Classical.choice,Quot.sound,propext|0
A3R11CONE|Poincare.D12.ConnectionCurvature.SoThreeModel.dot3._proof_7|Classical.choice,Quot.sound,propext|0
A3R11CONE|Poincare.D12.ConnectionCurvature.SoThreeModel.so3Lie._proof_2|Classical.choice,Quot.sound,propext|0
A3R11CONE|Poincare.D12.ConnectionCurvature.adTranspose._proof_2|Classical.choice,Quot.sound,propext|0
A3R11CONE|Poincare.D12.ConnectionCurvature.ChartMetricCoefficients.christoffel|Classical.choice,Quot.sound,propext|0
A3R11CONE|Poincare.D12.ConnectionCurvature.form_nabla_eq_sum|Classical.choice,Quot.sound,propext|0
A3R11CONE|Poincare.D12.ConnectionCurvature.SmoothChartData.nabla_const_apply|Classical.choice,Quot.sound,propext|0
A3R11CONE|Poincare.D12.ConnectionCurvature.conformalGamma.eq_5|Classical.choice,Quot.sound,propext|0
A3R11CONE|Poincare.D12.ConnectionCurvature.chartCurvatureOperator.eq_1|Classical.choice,Quot.sound,propext|0
A3R11CONE|Poincare.D12.ConnectionCurvature.formOf|Classical.choice,Quot.sound,propext|0
A3R11CONE|Poincare.D12.ConnectionCurvature.conformal_contDiff_proj|Classical.choice,Quot.sound,propext|0
A3R11CONE|Poincare.D12.ConnectionCurvature.SmoothChartData.gInv_component_smooth|Classical.choice,Quot.sound,propext|0
A3R11CONE|Poincare.D12.ConnectionCurvature.conformalPointwise._proof_4|Classical.choice,Quot.sound,propext|0
A3R11CONE|Poincare.D12.ConnectionCurvature.sum_cycle_first_to_last|Classical.choice,Quot.sound,propext|0
A3R11CONE|Poincare.D12.ConnectionCurvature.adTranspose._proof_4|Classical.choice,Quot.sound,propext|0
A3R11CONE|Poincare.D12.ConnectionCurvature.nablaOf._proof_2|Classical.choice,Quot.sound,propext|0
A3R11CONE|Poincare.D12.ConnectionCurvature.curvatureEndo._proof_3|Classical.choice,Quot.sound,propext|0
A3R11CONE|Poincare.D12.ConnectionCurvature.SmoothChartData.lieBracket_smooth|Classical.choice,Quot.sound,propext|0
A3R11CONE|Poincare.D12.ConnectionCurvature.ChartMetricCoefficients.g_symm|Classical.choice,Quot.sound,propext|0
A3R11CONE|Poincare.D12.ConnectionCurvature.SmoothChartData.mk|Classical.choice,Quot.sound,propext|0
A3R11CONE|Poincare.D12.ConnectionCurvature.curvatureEndo|Classical.choice,Quot.sound,propext|0
A3R11CONE|Poincare.D12.ConnectionCurvature.ChartModel1D.chart1D|Classical.choice,Quot.sound,propext|0
A3R11CONE|Poincare.D12.ConnectionCurvature.meanLeviCivitaData._proof_1|Classical.choice,Quot.sound,propext|0
A3R11CONE|Poincare.D12.ConnectionCurvature.ChartMetricCoefficients.mk|Classical.choice,Quot.sound,propext|0
A3R11CONE|Poincare.D12.ConnectionCurvature.chartAbstractConnection|Classical.choice,Quot.sound,propext|0
A3R11CONE|Poincare.D12.ConnectionCurvature.conformalGamma.eq_1|Classical.choice,Quot.sound,propext|0
A3R11CONE|Poincare.D12.ConnectionCurvature.curvature_skew_adjoint._abel_1_1|Classical.choice,Quot.sound,propext|0
A3R11CONE|Poincare.D12.ConnectionCurvature.ChartMetricCoefficients.christoffel_raised_contraction._simp_1_2|Classical.choice,Quot.sound,propext|0
A3R11CONE|Poincare.D12.ConnectionCurvature.nablaOf._proof_6|Classical.choice,Quot.sound,propext|0
A3R11CONE|Poincare.D12.ConnectionCurvature.nablaOf|Classical.choice,Quot.sound,propext|0
A3R11CONE|Poincare.D12.ConnectionCurvature.milnor_ricci_symm|Classical.choice,Quot.sound,propext|0
A3R11CONE|Poincare.D12.ConnectionCurvature.form_basis_apply_of_orthonormal|Classical.choice,Quot.sound,propext|0
A3R11CONE|Poincare.D12.ConnectionCurvature.formOf._proof_2|Classical.choice,Quot.sound,propext|0
A3R11CONE|Poincare.D12.ConnectionCurvature.ChartMetricCoefficients.mk.sizeOf_spec|Classical.choice,Quot.sound,propext|0
A3R11CONE|Poincare.D12.ConnectionCurvature.adTranspose._proof_5|Classical.choice,Quot.sound,propext|0
A3R11CONE|Poincare.D12.ConnectionCurvature.ricci_contraction_eq_sum_basis|Classical.choice,Quot.sound,propext|0
A3R11CONE|Poincare.D12.ConnectionCurvature.SoThreeModel.so3_curvature_nonzero|Classical.choice,Quot.sound,propext|0
A3R11CONE|Poincare.D12.ConnectionCurvature.ChartMetricCoefficients.metricDerivative_christoffel|Classical.choice,Quot.sound,propext|0
A3R11CONE|Poincare.D12.ConnectionCurvature.conformalPointwise.eq_1|Classical.choice,Quot.sound,propext|0
A3R11CONE|Poincare.D12.ConnectionCurvature.adTranspose|Classical.choice,Quot.sound,propext|0
A3R11CONE|Poincare.D12.ConnectionCurvature.curvature_skew_adjoint|Classical.choice,Quot.sound,propext|0
A3R11CONE|Poincare.D12.ConnectionCurvature.meanLeviCivitaData._proof_2|Classical.choice,Quot.sound,propext|0
A3R11CONE|Poincare.D12.ConnectionCurvature.chartTorsionFree_form|Classical.choice,Quot.sound,propext|0
A3R11CONE|Poincare.D12.ConnectionCurvature.ChartMetricCoefficients.christoffel.eq_1|Classical.choice,Quot.sound,propext|0
A3R11CONE|Poincare.D12.ConnectionCurvature.formOf._proof_8|Classical.choice,Quot.sound,propext|0
A3R11CONE|Poincare.D12.ConnectionCurvature.SmoothChartData.nabla|Classical.choice,Quot.sound,propext|0
A3R11CONE|Poincare.D12.ConnectionCurvature.conformalGInv_smooth|Classical.choice,Quot.sound,propext|0
A3R11CONE|Poincare.D12.ConnectionCurvature.ChartMetricCoefficients.gInv_symm|Classical.choice,Quot.sound,propext|0
A3R11CONE|Poincare.D12.ConnectionCurvature.SmoothChartData.christoffelFamily_smooth|Classical.choice,Quot.sound,propext|0
A3R11CONE|Poincare.D12.ConnectionCurvature.SoThreeModel.dot3._proof_9|Classical.choice,Quot.sound,propext|0
A3R11CONE|Poincare.D12.ConnectionCurvature.nablaOf_apply|Classical.choice,Quot.sound,propext|0
A3R11CONE|Poincare.D12.ConnectionCurvature.ChartModel1D.chart1D_christoffel._simp_1_3|propext|0
A3R11CONE|Poincare.D12.ConnectionCurvature.sum_three_cycle|Classical.choice,Quot.sound,propext|0
A3R11CONE|Poincare.D12.ConnectionCurvature.SmoothChartData.noConfusionType|Classical.choice,Quot.sound,propext|0
A3R11CONE|Poincare.D12.ConnectionCurvature.nablaOf._proof_5|Classical.choice,Quot.sound,propext|0
A3R11CONE|Poincare.D12.ConnectionCurvature.ChartModel1D.chart1D_christoffel._simp_1_8|Classical.choice,Quot.sound,propext|0
A3R11CONE|Poincare.D12.ConnectionCurvature.adTranspose.eq_1|Classical.choice,Quot.sound,propext|0
A3R11CONE|Poincare.D12.ConnectionCurvature.VectorField|Classical.choice,Quot.sound,propext|0
A3R11CONE|Poincare.D12.ConnectionCurvature.ChartMetricCoefficients|Classical.choice,Quot.sound,propext|0
A3R11CONE|Poincare.D12.ConnectionCurvature.milnorConnection_apply|Classical.choice,Quot.sound,propext|0
A3R11CONE|Poincare.D12.ConnectionCurvature.ChartMetricCoefficients.mk.noConfusion|Classical.choice,Quot.sound,propext|0
A3R11CONE|Poincare.D12.ConnectionCurvature.milnorConnection._proof_3|Classical.choice,Quot.sound,propext|0
A3R11CONE|Poincare.D12.ConnectionCurvature.SoThreeModel.so3MeanLeviCivita|Classical.choice,Quot.sound,propext|0
A3R11CONE|Poincare.D12.ConnectionCurvature.chartCurvatureOperator_apply|Classical.choice,Quot.sound,propext|0
A3R11CONE|Poincare.D12.ConnectionCurvature.milnorConnection_eq_mean_iff|Classical.choice,Quot.sound,propext|0
A3R11CONE|Poincare.D12.ConnectionCurvature.conformalPointwise._simp_3|Classical.choice,Quot.sound,propext|0
A3R11CONE|Poincare.D12.ConnectionCurvature.conformalPointwise|Classical.choice,Quot.sound,propext|0
A3R11CONE|Poincare.D12.ConnectionCurvature.form_nabla_second_eq_sum|Classical.choice,Quot.sound,propext|0
A3R11CONE|Poincare.D12.ConnectionCurvature.conformalG|Classical.choice,Quot.sound,propext|0
A3R11CONE|Poincare.D12.ConnectionCurvature.SmoothChartData._sizeOf_1|Classical.choice,Quot.sound,propext|0
A3R11CONE|Poincare.D12.ConnectionCurvature.SoThreeModel.so3_ricci_symm|Classical.choice,Quot.sound,propext|0
A3R11CONE|Poincare.D12.ConnectionCurvature.adTranspose._proof_7|Classical.choice,Quot.sound,propext|0
A3R11CONE|Poincare.D12.ConnectionCurvature.adTranspose_apply_form|Classical.choice,Quot.sound,propext|0
A3R11CONE|Poincare.D12.ConnectionCurvature.ChartModel1D.chart1D_christoffel._simp_1_5|propext|0
A3R11CONE|Poincare.D12.ConnectionCurvature.ChartMetricCoefficients.inv_mul|Classical.choice,Quot.sound,propext|0
A3R11CONE|Poincare.D12.ConnectionCurvature.formOf._proof_5|Classical.choice,Quot.sound,propext|0
A3R11CONE|Poincare.D12.ConnectionCurvature.SmoothChartData.g|Classical.choice,Quot.sound,propext|0
A3R11CONE|Poincare.D12.ConnectionCurvature.nablaOf._proof_9|Classical.choice,Quot.sound,propext|0
A3R11CONE|Poincare.D12.ConnectionCurvature.ChartMetricCoefficients.noConfusion|Classical.choice,Quot.sound,propext|0
A3R11CONE|Poincare.D12.ConnectionCurvature.conformalG._proof_1|propext|0
A3R11CONE|Poincare.D12.ConnectionCurvature.SoThreeModel.cross_e1_e0|Classical.choice,Quot.sound,propext|0
A3R11CONE|Poincare.D12.ConnectionCurvature.ChartMetricCoefficients.mk.inj|Classical.choice,Quot.sound,propext|0
A3R11CONE|Poincare.D12.ConnectionCurvature.ChartMetricCoefficients.gram_christoffel_contraction._simp_1_2|Classical.choice,Quot.sound,propext|0
A3R11CONE|Poincare.D12.ConnectionCurvature.SmoothChartData.nabla_apply|Classical.choice,Quot.sound,propext|0
A3R11CONE|Poincare.D12.ConnectionCurvature.formOf._proof_3|Classical.choice,Quot.sound,propext|0
A3R11CONE|Poincare.D12.ConnectionCurvature.SoThreeModel.so3_basis_eq_single|Classical.choice,Quot.sound,propext|0
A3R11CONE|Poincare.D12.ConnectionCurvature.ChartMetricCoefficients.rec|Classical.choice,Quot.sound,propext|0
A3R11CONE|Poincare.D12.ConnectionCurvature.milnorConnection_isLeviCivita|Classical.choice,Quot.sound,propext|0
A3R11CONE|Poincare.D12.ConnectionCurvature.SmoothChartData.nabla_metricCompatible|Classical.choice,Quot.sound,propext|0
A3R11CONE|Poincare.D12.ConnectionCurvature.milnorLeviCivitaData|Classical.choice,Quot.sound,propext|0
A3R11CONE|Poincare.D12.ConnectionCurvature.nablaOf._proof_4|Classical.choice,Quot.sound,propext|0
A3R11CONE|Poincare.D12.ConnectionCurvature.SoThreeModel.cross_e0_e1|Classical.choice,Quot.sound,propext|0
A3R11CONE|Poincare.D12.ConnectionCurvature.adTranspose._proof_1|Classical.choice,Quot.sound,propext|0
A3R11CONE|Poincare.D12.ConnectionCurvature.ChartModel1D.chart1D_metricCompatible|Classical.choice,Quot.sound,propext|0
A3R11CONE|Poincare.D12.ConnectionCurvature.ChartMetricCoefficients.ctorIdx|Classical.choice,Quot.sound,propext|0
A3R11CONE|Poincare.D12.ConnectionCurvature.SmoothChartData.gInv|Classical.choice,Quot.sound,propext|0
A3R11CONE|Poincare.D12.ConnectionCurvature.SmoothChartData.formField|Classical.choice,Quot.sound,propext|0
A3R11CONE|Poincare.D12.ConnectionCurvature.milnorAbstractConnection|Classical.choice,Quot.sound,propext|0
A3R11CONE|Poincare.D12.ConnectionCurvature.dFormOf.eq_1|Classical.choice,Quot.sound,propext|0
A3R11CONE|Poincare.D12.ConnectionCurvature.SoThreeModel.so3Lie._proof_1|Classical.choice,Quot.sound,propext|0
A3R11CONE|Poincare.D12.ConnectionCurvature.SoThreeModel.so3Metric._proof_5|Classical.choice,Quot.sound,propext|0
A3R11CONE|Poincare.D12.ConnectionCurvature.chartAbstractConnection._proof_1|Classical.choice,Quot.sound,propext|0
A3R11CONE|Poincare.D12.ConnectionCurvature.ChartMetricCoefficients.christoffelLower.eq_1|Classical.choice,Quot.sound,propext|0
A3R11CONE|Poincare.D12.ConnectionCurvature.scalarCurvature_eq_sum_ricci_basis|Classical.choice,Quot.sound,propext|0
A3R11CONE|Poincare.D12.ConnectionCurvature.SoThreeModel.so3Lie|Classical.choice,Quot.sound,propext|0
A3R11CONE|Poincare.D12.ConnectionCurvature.ChartModel1D.chart1D_curvature_zero|Classical.choice,Quot.sound,propext|0
A3R11CONE|Poincare.D12.ConnectionCurvature.nablaOf._proof_3|Classical.choice,Quot.sound,propext|0
A3R11CONE|Poincare.D12.ConnectionCurvature.ChartModel1D.chart1D_christoffel._simp_1_4|propext|0
A3R11CONE|Poincare.D12.ConnectionCurvature.ricci_symm|Classical.choice,Quot.sound,propext|0
A3R11CONE|Poincare.D12.ConnectionCurvature.conformalGamma|Classical.choice,Quot.sound,propext|0
A3R11CONE|Poincare.D12.ConnectionCurvature.milnorConnection.eq_1|Classical.choice,Quot.sound,propext|0
A3R11CONE|Poincare.D12.ConnectionCurvature.chartCurvatureOperator|Classical.choice,Quot.sound,propext|0
A3R11CONE|Poincare.D12.ConnectionCurvature.SmoothChartData.casesOn|Classical.choice,Quot.sound,propext|0
A3R11CONE|Poincare.D12.ConnectionCurvature.riemannComp|Classical.choice,Quot.sound,propext|0
A3R11CONE|Poincare.D12.ConnectionCurvature.SoThreeModel.dot3|Classical.choice,Quot.sound,propext|0
A3R11CONE|Poincare.D12.ConnectionCurvature.SmoothChartData.recOn|Classical.choice,Quot.sound,propext|0
A3R11CONE|Poincare.D12.ConnectionCurvature.SoThreeModel.so3Metric._proof_3|Classical.choice,Quot.sound,propext|0
A3R11CONE|Poincare.D12.ConnectionCurvature.nablaOf._proof_7|Classical.choice,Quot.sound,propext|0
A3R11CONE|Poincare.D12.ConnectionCurvature.SoThreeModel.so3Metric._proof_4|Classical.choice,Quot.sound,propext|0
A3R11CONE|Poincare.D12.ConnectionCurvature.SmoothChartData.mk.inj|Classical.choice,Quot.sound,propext|0
A3R11CONE|Poincare.D12.ConnectionCurvature.ChartModel1D.chart1D_christoffel._simp_1_6|propext|0
A3R11CONE|Poincare.D12.ConnectionCurvature.SmoothChartData.rec|Classical.choice,Quot.sound,propext|0
A3R11CONE|Poincare.D12.ConnectionCurvature.conformalPointwise._proof_1|propext|0
A3R11CONE|Poincare.D12.ConnectionCurvature.ChartModel1D.chart1D._proof_5|Classical.choice,Quot.sound,propext|0
A3R11CONE|Poincare.D12.ConnectionCurvature.ChartMetricCoefficients.christoffelLower|Classical.choice,Quot.sound,propext|0
A3R11CONE|Poincare.D12.ConnectionCurvature.conformalGamma.eq_8|Classical.choice,Quot.sound,propext|0
A3R11CONE|Poincare.D12.ConnectionCurvature.ChartMetricCoefficients.gInv|Classical.choice,Quot.sound,propext|0
A3R11CONE|Poincare.D12.ConnectionCurvature.SmoothChartData.dFamily|Classical.choice,Quot.sound,propext|0
A3R11CONE|Poincare.D12.ConnectionCurvature.SoThreeModel.so3_bracketInvariant|Classical.choice,Quot.sound,propext|0
A3R11CONE|Poincare.D12.ConnectionCurvature.ChartMetricCoefficients.recOn|Classical.choice,Quot.sound,propext|0
A3R11CONE|Poincare.D12.ConnectionCurvature.fderiv_apply_eq_sum_single|Classical.choice,Quot.sound,propext|0
A3R11CONE|Poincare.D12.ConnectionCurvature.sum_add_split|Classical.choice,Quot.sound,propext|0
A3R11CONE|Poincare.D12.ConnectionCurvature.formOf._proof_4|Classical.choice,Quot.sound,propext|0
A3R11CONE|Poincare.D12.ConnectionCurvature.conformalGamma_origin_zero|Classical.choice,Quot.sound,propext|0
A3R11CONE|Poincare.D12.ConnectionCurvature.conformal_denom_pos|Classical.choice,Quot.sound,propext|0
A3R11CONE|Poincare.D12.ConnectionCurvature.leviCivitaExists|Classical.choice,Quot.sound,propext|0
A3R11CONE|Poincare.D12.ConnectionCurvature.SmoothChartData.inv_mul|Classical.choice,Quot.sound,propext|0
A3R11CONE|Poincare.D12.ConnectionCurvature.ChartMetricCoefficients.d_symm|Classical.choice,Quot.sound,propext|0
A3R11CONE|Poincare.D12.ConnectionCurvature.conformalGamma_101_zero|Classical.choice,Quot.sound,propext|0
A3R11CONE|Poincare.D12.ConnectionCurvature.SoThreeModel.cross_e2_e1|Classical.choice,Quot.sound,propext|0
A3R11CONE|Poincare.D12.ConnectionCurvature.ChartMetricCoefficients._sizeOf_inst|Classical.choice,Quot.sound,propext|0
A3R11CONE|Poincare.D12.ConnectionCurvature.conformalGamma.eq_7|Classical.choice,Quot.sound,propext|0
A3R11CONE|Poincare.D12.ConnectionCurvature.milnorConnection_torsionFree|Classical.choice,Quot.sound,propext|0
A3R11CONE|Poincare.D12.ConnectionCurvature.SmoothChartData.dFamily_symm|Classical.choice,Quot.sound,propext|0
A3R11CONE|Poincare.D12.ConnectionCurvature.milnorConnection_metricCompatible|Classical.choice,Quot.sound,propext|0
A3R11CONE|Poincare.D12.ConnectionCurvature.SmoothChartData.nabla.eq_1|Classical.choice,Quot.sound,propext|0
A3R11CONE|Poincare.D12.ConnectionCurvature.conformalGamma.eq_4|Classical.choice,Quot.sound,propext|0
A3R11CONE|Poincare.D12.ConnectionCurvature.ChartModel1D.chart1D_christoffel._simp_1_9|propext|0
A3R11CONE|Poincare.D12.ConnectionCurvature.adTranspose._proof_8|Classical.choice,Quot.sound,propext|0
A3R11CONE|Poincare.D12.ConnectionCurvature.adTranspose._proof_6|Classical.choice,Quot.sound,propext|0
A3R11CONE|Poincare.D12.ConnectionCurvature.ChartPoint|Classical.choice,Quot.sound,propext|0
A3R11CONE|Poincare.D12.ConnectionCurvature.SoThreeModel.so3Metric._proof_1|Classical.choice,Quot.sound,propext|0
A3R11CONE|Poincare.D12.ConnectionCurvature.ChartModel1D.chart1D._proof_3|Classical.choice,Quot.sound,propext|0
A3R11CONE|Poincare.D12.ConnectionCurvature.sum_four_reorder|Classical.choice,Quot.sound,propext|0
A3R11CONE|Poincare.D12.ConnectionCurvature.ChartModel1D.chart1D_christoffel_ne_zero|Classical.choice,Quot.sound,propext|0
A3R11CONE|Poincare.D12.ConnectionCurvature.ChartMetricCoefficients.christoffel_symm|Classical.choice,Quot.sound,propext|0
A3R11CONE|Poincare.D12.ConnectionCurvature.formOf._proof_6|Classical.choice,Quot.sound,propext|0
A3R11CONE|Poincare.D12.ConnectionCurvature.ChartMetricCoefficients.mk.congr_simp|Classical.choice,Quot.sound,propext|0
A3R11CONE|Poincare.D12.ConnectionCurvature.milnorConnection|Classical.choice,Quot.sound,propext|0
A3R11CONE|Poincare.D12.ConnectionCurvature.SoThreeModel.dot3._proof_10|Classical.choice,Quot.sound,propext|0
A3R11CONE|Poincare.D12.ConnectionCurvature.conformalGamma.eq_6|Classical.choice,Quot.sound,propext|0
A3R11CONE|Poincare.D12.ConnectionCurvature.formOf_apply|Classical.choice,Quot.sound,propext|0
A3R11CONE|Poincare.D12.ConnectionCurvature.SoThreeModel.dot3._proof_3|Classical.choice,Quot.sound,propext|0
A3R11CONE|Poincare.D12.ConnectionCurvature.SmoothChartData.chartCoefficients|Classical.choice,Quot.sound,propext|0
A3R11CONE|Poincare.D12.ConnectionCurvature.SmoothChartData.nabla_smul|Classical.choice,Quot.sound,propext|0
A3R11CONE|Poincare.D12.ConnectionCurvature.SmoothChartData.formField._proof_1|Classical.choice,Quot.sound,propext|0
A3R11CONE|Poincare.D12.ConnectionCurvature.ChartMetricCoefficients.d|Classical.choice,Quot.sound,propext|0
A3R11CONE|Poincare.D12.ConnectionCurvature.chartAbstractConnection.eq_1|Classical.choice,Quot.sound,propext|0
A3R11CONE|Poincare.D12.ConnectionCurvature.conformal_denom_ne_zero|Classical.choice,Quot.sound,propext|0
A3R11CONE|Poincare.D12.ConnectionCurvature.adTranspose._proof_3|Classical.choice,Quot.sound,propext|0
A3R11CONE|Poincare.D12.ConnectionCurvature.ChartMetricCoefficients.metricDerivative_christoffel'|Classical.choice,Quot.sound,propext|0
A3R11CONE|Poincare.D12.ConnectionCurvature.ChartModel1D.chart1D._proof_4|Classical.choice,Quot.sound,propext|0
A3R11CONE|Poincare.D12.ConnectionCurvature.SmoothChartData.g_symm|Classical.choice,Quot.sound,propext|0
A3R11CONE|Poincare.D12.ConnectionCurvature.curvatureEndo._proof_4|Classical.choice,Quot.sound,propext|0
A3R11CONE|Poincare.D12.ConnectionCurvature.conformal_curvature_nonzero|Classical.choice,Quot.sound,propext|0
A3R11CONE|Poincare.D12.ConnectionCurvature.SoThreeModel.dot3._proof_2|propext|0
A3R11CONE|Poincare.D12.ConnectionCurvature.ChartMetricCoefficients.christoffel_raised_contraction|Classical.choice,Quot.sound,propext|0
A3R11CONE|Poincare.D12.ConnectionCurvature.ChartMetricCoefficients.mk._flat_ctor|Classical.choice,Quot.sound,propext|0
A3R11CONE|Poincare.D12.ConnectionCurvature.SmoothChartData|Classical.choice,Quot.sound,propext|0
A3R11CONE|Poincare.D12.ConnectionCurvature.nablaOf._proof_1|Classical.choice,Quot.sound,propext|0
A3R11CONE|Poincare.D12.ConnectionCurvature.chartMetricCompatible_form|Classical.choice,Quot.sound,propext|0
A3R11CONE|Poincare.D12.ConnectionCurvature.SmoothChartData.christoffelFamily|Classical.choice,Quot.sound,propext|0
A3R11CONE|Poincare.D12.ConnectionCurvature.conformalGInv|Classical.choice,Quot.sound,propext|0
A3R11CONE|Poincare.D12.ConnectionCurvature.conformalG.eq_1|Classical.choice,Quot.sound,propext|0
A3R11CONE|Poincare.D12.ConnectionCurvature.SmoothChartData._sizeOf_inst|Classical.choice,Quot.sound,propext|0
A3R11CONE|Poincare.D12.ConnectionCurvature.ChartMetricCoefficients.noConfusionType|Classical.choice,Quot.sound,propext|0
A3R11CONE|Poincare.D12.ConnectionCurvature.SmoothChartData.nabla_smooth|Classical.choice,Quot.sound,propext|0
A3R11CONE|Poincare.D12.ConnectionCurvature.SmoothChartData.nabla_torsionFree|Classical.choice,Quot.sound,propext|0
A3R11CONE|Poincare.D12.ConnectionCurvature.conformalGamma.eq_2|Classical.choice,Quot.sound,propext|0
A3R11CONE|Poincare.D12.ConnectionCurvature.ChartMetricCoefficients.christoffel_raised_contraction_first._simp_1_2|Classical.choice,Quot.sound,propext|0
A3R11CONE|Poincare.D12.ConnectionCurvature.christoffel_pointwise_conformal|Classical.choice,Quot.sound,propext|0
A3R11CONE|Poincare.D12.ConnectionCurvature.milnorConnection._proof_1|Classical.choice,Quot.sound,propext|0
A3R11CONE|Poincare.D12.ConnectionCurvature.SoThreeModel.dot3._proof_4|Classical.choice,Quot.sound,propext|0
A3R11CONE|Poincare.D12.ConnectionCurvature.SmoothChartData.lieBracket|Classical.choice,Quot.sound,propext|0
A3R11CONE|Poincare.D12.ConnectionCurvature.SmoothChartData.gInv_symm|Classical.choice,Quot.sound,propext|0
A3R11CONE|Poincare.D12.ConnectionCurvature.SoThreeModel.dot3._proof_8|Classical.choice,Quot.sound,propext|0
A3R11CONE|Poincare.D12.ConnectionCurvature.ChartMetricCoefficients.mk.injEq|Classical.choice,Quot.sound,propext|0
A3R11CONE|Poincare.D12.ConnectionCurvature.SmoothChartData.christoffelFamily_symm|Classical.choice,Quot.sound,propext|0
A3R11CONE|Poincare.D12.ConnectionCurvature.SoThreeModel.so3Metric._proof_2|Classical.choice,Quot.sound,propext|0
A3R11CONE|Poincare.D12.ConnectionCurvature.conformalPointwise._proof_5|Classical.choice,Quot.sound,propext|0
A3R11CONE|Poincare.D12.ConnectionCurvature.ChartMetricCoefficients.gram_mul_gInv_delta_first|Classical.choice,Quot.sound,propext|0
A3R11CONE|Poincare.D12.ConnectionCurvature.adTranspose_apply_form_swap|Classical.choice,Quot.sound,propext|0
A3R11CONE|Poincare.D12.ConnectionCurvature.SmoothChartData.dFamily_smooth|Classical.choice,Quot.sound,propext|0
A3R11CONE|Poincare.D12.ConnectionCurvature.SoThreeModel.so3Metric.eq_1|Classical.choice,Quot.sound,propext|0
A3R11CONE|Poincare.D12.ConnectionCurvature.bracketInvariant|Classical.choice,Quot.sound,propext|0
A3R11CONE|Poincare.D12.ConnectionCurvature.ChartModel1D.chart1D._proof_1|propext|0
A3R11CONE|Poincare.D12.ConnectionCurvature.ChartModel1D.chart1D_christoffel._simp_1_7|propext|0
A3R11CONE|Poincare.D12.ConnectionCurvature.SmoothChartData.chartCoefficients.eq_1|Classical.choice,Quot.sound,propext|0
A3R11CONE|Poincare.D12.ConnectionCurvature.conformalGamma.eq_3|Classical.choice,Quot.sound,propext|0
A3R11CONE|Poincare.D12.ConnectionCurvature.linMap_apply_eq_sum_single|Classical.choice,Quot.sound,propext|0
A3R11CONE|Poincare.D12.ConnectionCurvature.nablaOf._proof_8|Classical.choice,Quot.sound,propext|0
A3R11CONE|Poincare.D12.ConnectionCurvature.ChartMetricCoefficients.gram_christoffel_contraction|Classical.choice,Quot.sound,propext|0
A3R11CONE|Poincare.D12.ConnectionCurvature.ChartMetricCoefficients._sizeOf_1|Classical.choice,Quot.sound,propext|0
A3R11CONE|Poincare.D12.ConnectionCurvature.conformal_riemann_1212_origin|Classical.choice,Quot.sound,propext|0
A3R11CONE|Poincare.D12.ConnectionCurvature.ChartMetricCoefficients.gram_mul_gInv_delta|Classical.choice,Quot.sound,propext|0
A3R11CONE|Poincare.D12.ConnectionCurvature.sum_three_reorder|Classical.choice,Quot.sound,propext|0
A3R11CONE|Poincare.D12.ConnectionCurvature.SoThreeModel.dot3._proof_1|Classical.choice,Quot.sound,propext|0
A3R11CONE|Poincare.D12.ConnectionCurvature.conformalPointwise._proof_2|Classical.choice,Quot.sound,propext|0
A3R11CONE|Poincare.D12.ConnectionCurvature.ChartModel1D.chart1D_christoffel|Classical.choice,Quot.sound,propext|0
A3R11CONE|Poincare.D12.ConnectionCurvature.SmoothChartData.mk.sizeOf_spec|Classical.choice,Quot.sound,propext|0
A3R11CONE|Poincare.D12.ConnectionCurvature.conformalGamma.match_1|propext|0
A3R11CONE|Poincare.D12.ConnectionCurvature.SoThreeModel.so3_milnor_eq_mean|Classical.choice,Quot.sound,propext|0
A3R11CONE|Poincare.D12.ConnectionCurvature.curvatureEndo._proof_2|Classical.choice,Quot.sound,propext|0
A3R11CONE|Poincare.D12.ConnectionCurvature.formOf._proof_7|Classical.choice,Quot.sound,propext|0
A3R11CONE|Poincare.D12.ConnectionCurvature.formOf._proof_9|Classical.choice,Quot.sound,propext|0
A3R11CONE|Poincare.D12.ConnectionCurvature.fderiv_mul_mul_apply|Classical.choice,Quot.sound,propext|0
A3R11CONE|Poincare.D12.ConnectionCurvature.conformalGInv.eq_1|Classical.choice,Quot.sound,propext|0
A3R11CONE|Poincare.D12.ConnectionCurvature.conformalPointwise._proof_3|Classical.choice,Quot.sound,propext|0
A3R11CONE|Poincare.D12.ConnectionCurvature.chartAbstractConnection._proof_2|Classical.choice,Quot.sound,propext|0
A3R11CONE|Poincare.D12.ConnectionCurvature.milnorConnection._proof_2|propext|0
A3R11CONE|Poincare.D12.ConnectionCurvature.formOf._proof_1|Classical.choice,Quot.sound,propext|0
A3R11CONE|Poincare.D12.ConnectionCurvature.SoThreeModel.dot3._proof_6|Classical.choice,Quot.sound,propext|0
A3R11CONE|Poincare.D12.ConnectionCurvature.SoThreeModel.so3_curvature_basis|Classical.choice,Quot.sound,propext|0
A3R11CONE|Poincare.D12.ConnectionCurvature.SmoothChartData.gInv_smooth|Classical.choice,Quot.sound,propext|0
A3R11CONE|Poincare.D12.ConnectionCurvature.ChartMetricCoefficients.casesOn|Classical.choice,Quot.sound,propext|0
A3R11CONE|Poincare.D12.ConnectionCurvature.SoThreeModel.dot3_apply|Classical.choice,Quot.sound,propext|0
A3R11CONE|Poincare.D12.ConnectionCurvature.SmoothChartData.ctorIdx|Classical.choice,Quot.sound,propext|0
A3R11CONE|Poincare.D12.ConnectionCurvature.SmoothChartData.formField.eq_1|Classical.choice,Quot.sound,propext|0
A3R11CONE|Poincare.D12.ConnectionCurvature.SmoothChartData.dFamily.eq_1|Classical.choice,Quot.sound,propext|0
A3R11CONE|Poincare.D12.ConnectionCurvature.SoThreeModel.so3Metric|Classical.choice,Quot.sound,propext|0
A3R11CONE|Poincare.D12.ConnectionCurvature.SmoothChartData.mk.noConfusion|Classical.choice,Quot.sound,propext|0
A3R11CONE|Poincare.D12.ConnectionCurvature.trace_skew_adjoint_zero|Classical.choice,Quot.sound,propext|0
A3R11CONE|Poincare.D12.ConnectionCurvature.SoThreeModel.dot3._proof_5|Classical.choice,Quot.sound,propext|0
A3R11CONE|Poincare.D12.ConnectionCurvature.SmoothChartData.christoffelFamily_metricDerivative|Classical.choice,Quot.sound,propext|0
A3R11 TOTAL 260 declarations, memo size 28111
A3R11QUERY|CC-I1-e1 closure proves the formerly blocked Prop (type-level)|leviCivitaExists|LeviCivitaExistenceStatement|Poincare.D12.ConnectionCurvature.leviCivitaExists|Poincare.Longrun.Geometry.LeviCivitaExistenceStatement|typevalue=true|valueonly=false|expected=true|ok=true
A3R11QUERY|CC-I1-e2 witness is the Milnor connection (proof term)|leviCivitaExists|milnorConnection|Poincare.D12.ConnectionCurvature.leviCivitaExists|Poincare.D12.ConnectionCurvature.milnorConnection|typevalue=true|valueonly=true|expected=true|ok=true
A3R11QUERY|CC-I1-e3 closure proof component|leviCivitaExists|milnorConnection_isLeviCivita|Poincare.D12.ConnectionCurvature.leviCivitaExists|Poincare.D12.ConnectionCurvature.milnorConnection_isLeviCivita|typevalue=true|valueonly=true|expected=true|ok=true
A3R11QUERY|CC-I1-x1 model witness is built from meanLeviCivitaData|so3MeanLeviCivita|meanLeviCivitaData|Poincare.D12.ConnectionCurvature.SoThreeModel.so3MeanLeviCivita|Poincare.D12.ConnectionCurvature.meanLeviCivitaData|typevalue=true|valueonly=true|expected=true|ok=true
A3R11QUERY|CC-I1-c so3_ricci_e00 consumes the model Levi-Civita datum|so3_ricci_e00|so3MeanLeviCivita|Poincare.D12.ConnectionCurvature.SoThreeModel.so3_ricci_e00|Poincare.D12.ConnectionCurvature.SoThreeModel.so3MeanLeviCivita|typevalue=true|valueonly=true|expected=true|ok=true
A3R11QUERY|CC-I1-c2 model Ricci symmetry consumes the model datum|so3_ricci_symm|so3MeanLeviCivita|Poincare.D12.ConnectionCurvature.SoThreeModel.so3_ricci_symm|Poincare.D12.ConnectionCurvature.SoThreeModel.so3MeanLeviCivita|typevalue=true|valueonly=true|expected=true|ok=true
A3R11QUERY|CC-I1-b model Ricci symmetry consumes the abstract ricci_symm|so3_ricci_symm|ricci_symm|Poincare.D12.ConnectionCurvature.SoThreeModel.so3_ricci_symm|Poincare.D12.ConnectionCurvature.ricci_symm|typevalue=true|valueonly=true|expected=true|ok=true
A3R11QUERY|CC-I1-f model uses the iff (nondegenerate)|so3_milnor_eq_mean|milnorConnection_eq_mean_iff|Poincare.D12.ConnectionCurvature.SoThreeModel.so3_milnor_eq_mean|Poincare.D12.ConnectionCurvature.milnorConnection_eq_mean_iff|typevalue=true|valueonly=true|expected=true|ok=true
A3R11QUERY|NEG:CC-I1-a producer model is NOT built from the closure|so3MeanLeviCivita|leviCivitaExists|Poincare.D12.ConnectionCurvature.SoThreeModel.so3MeanLeviCivita|Poincare.D12.ConnectionCurvature.leviCivitaExists|typevalue=false|valueonly=false|expected=false|ok=true
A3R11QUERY|NEG:CC-I1-d abstract ricci_symm does NOT mention the closure|ricci_symm|leviCivitaExists|Poincare.D12.ConnectionCurvature.ricci_symm|Poincare.D12.ConnectionCurvature.leviCivitaExists|typevalue=false|valueonly=false|expected=false|ok=true
A3R11QUERY|NEG:CC-I1-g so3_ricci_e00 uses the model lemma, not the abstract ricci_symm|so3_ricci_e00|ricci_symm|Poincare.D12.ConnectionCurvature.SoThreeModel.so3_ricci_e00|Poincare.D12.ConnectionCurvature.ricci_symm|typevalue=false|valueonly=false|expected=false|ok=true
A3R11QUERY|NEG:CC-I1-h contraction lemma does not use the abstract ricci_symm|ricci_contraction_eq_sum_basis|ricci_symm|Poincare.D12.ConnectionCurvature.ricci_contraction_eq_sum_basis|Poincare.D12.ConnectionCurvature.ricci_symm|typevalue=false|valueonly=false|expected=false|ok=true
A3R11RESOLVE|CC-I1-e4 blocked statement former resolves|LeviCivitaExistenceStatement|Poincare.Longrun.Geometry.LeviCivitaExistenceStatement
A3R11RESOLVE|CC-I1-e5 closure declaration resolves|leviCivitaExists|Poincare.D12.ConnectionCurvature.leviCivitaExists
A3R11RESOLVE|CC-I1-e6 model Ricci symmetry declaration resolves|so3_ricci_symm|Poincare.D12.ConnectionCurvature.SoThreeModel.so3_ricci_symm
A3R11 QUERIES 15 total, 0 missing
A3R11 PASS
