A3R11 SELFTEST PASS (positive control detected, negative control clean)
A3R11CONE|Poincare.D12.TensorMaximumBochner.So3Polynomial.rotVec|Classical.choice,Quot.sound,propext|0
A3R11CONE|Poincare.D12.TensorMaximumBochner.So3Polynomial.crossDerivation_D|Classical.choice,Quot.sound,propext|0
A3R11CONE|Poincare.D12.TensorMaximumBochner.So3Polynomial.xVec|Classical.choice,Quot.sound,propext|0
A3R11CONE|Poincare.D12.TensorMaximumBochner.So3RicciFlow.metricMatrix_posSemidef_zero|Classical.choice,Quot.sound,propext|0
A3R11CONE|Poincare.D12.TensorMaximumBochner.Bochner.fieldInner|Classical.choice,Quot.sound,propext|0
A3R11CONE|Poincare.D12.TensorMaximumBochner.So3Polynomial.bochner_inequality_so3|Classical.choice,Quot.sound,propext|0
A3R11CONE|Poincare.D12.TensorMaximumBochner.Bochner.cG_antisym|Classical.choice,Quot.sound,propext|0
A3R11CONE|Poincare.D12.TensorMaximumBochner.Bochner.hessian_symm._abel_1_2|Classical.choice,Quot.sound,propext|0
A3R11CONE|Poincare.D12.TensorMaximumBochner.So3RicciFlow.stdMetric_basis_eq|Classical.choice,Quot.sound,propext|0
A3R11CONE|Poincare.D12.TensorMaximumBochner.Bochner.weitzenboeck_expand|Classical.choice,Quot.sound,propext|0
A3R11CONE|Poincare.D12.TensorMaximumBochner.So3.sectional_nonflat|Classical.choice,Quot.sound,propext|0
A3R11CONE|Poincare.D12.TensorMaximumBochner.Bochner.DerivationData.recOn|Classical.choice,Quot.sound,propext|0
A3R11CONE|Poincare.D12.TensorMaximumBochner.Bochner.weitz_coefficient._simp_1_3|propext|0
A3R11CONE|Poincare.D12.TensorMaximumBochner.Audit.d12_so3_ricci_term_audited|Classical.choice,Quot.sound,propext|0
A3R11CONE|Poincare.D12.TensorMaximumBochner.Bochner.D_second_comm_apply._abel_1_1|Classical.choice,Quot.sound,propext|0
A3R11CONE|Poincare.D12.TensorMaximumBochner.So3RicciFlow.idMatrix.eq_1|Classical.choice,Quot.sound,propext|0
A3R11CONE|Poincare.D12.TensorMaximumBochner.So3RicciFlow.negIdMatrix|Classical.choice,Quot.sound,propext|0
A3R11CONE|Poincare.D12.TensorMaximumBochner.Bochner.ricciForm._proof_1|Classical.choice,Quot.sound,propext|0
A3R11CONE|Poincare.D12.TensorMaximumBochner.Bochner.weitzenboeck_expand._abel_1_1|Classical.choice,Quot.sound,propext|0
A3R11CONE|Poincare.D12.TensorMaximumBochner.tangentCondition_selfSq_sub_self|Classical.choice,Quot.sound,propext|0
A3R11CONE|Poincare.D12.TensorMaximumBochner.So3RicciFlow.metricMatrix_differentiableAt|Classical.choice,Quot.sound,propext|0
A3R11CONE|Poincare.D12.TensorMaximumBochner.LeviCivitaIdentities.curvatureForm_add_last_pair|Classical.choice,Quot.sound,propext|0
A3R11CONE|Poincare.D12.TensorMaximumBochner.So3Polynomial.H_self_X0|Classical.choice,Quot.sound,propext|0
A3R11CONE|Poincare.D12.TensorMaximumBochner.So3Polynomial.Dfun_smul_f|Classical.choice,Quot.sound,propext|0
A3R11CONE|Poincare.D12.TensorMaximumBochner.So3.stdMetric._proof_6|Classical.choice,Quot.sound,propext|0
A3R11CONE|Poincare.D12.TensorMaximumBochner.Audit.d12_horizon_max_principle_audited|Classical.choice,Quot.sound,propext|0
A3R11CONE|Poincare.D12.TensorMaximumBochner.So3Polynomial.lap_X0_ne_zero|Classical.choice,Quot.sound,propext|0
A3R11CONE|Poincare.D12.TensorMaximumBochner.kernelTangent_of_posSemidef_path|Classical.choice,Quot.sound,propext|0
A3R11CONE|Poincare.D12.TensorMaximumBochner.Audit.d12_hamilton_field_gap_audited|Classical.choice,Quot.sound,propext|0
A3R11CONE|Poincare.D12.TensorMaximumBochner.So3.stdMetric._proof_10|Classical.choice,Quot.sound,propext|0
A3R11CONE|Poincare.D12.TensorMaximumBochner.So3.stdMetric._proof_2|Classical.choice,Quot.sound,propext|0
A3R11CONE|Poincare.D12.TensorMaximumBochner.Bochner.gradLapField|Classical.choice,Quot.sound,propext|0
A3R11CONE|Poincare.D12.TensorMaximumBochner.Bochner.w_du_coeff_fixed_j._simp_1_1|propext|0
A3R11CONE|Poincare.D12.TensorMaximumBochner.dotProduct_mulVec_sq|Classical.choice,Quot.sound,propext|0
A3R11CONE|Poincare.D12.TensorMaximumBochner.So3.stdMetric._proof_9|Classical.choice,Quot.sound,propext|0
A3R11CONE|Poincare.D12.TensorMaximumBochner.So3Polynomial.bracket_deriv_apply|Classical.choice,Quot.sound,propext|0
A3R11CONE|Poincare.D12.TensorMaximumBochner.Bochner.VecField||0
A3R11CONE|Poincare.D12.TensorMaximumBochner.hasDerivAt_lambdaInv._simp_1_1|propext|0
A3R11CONE|Poincare.D12.TensorMaximumBochner.Bochner.gradInner|Classical.choice,Quot.sound,propext|0
A3R11CONE|Poincare.D12.TensorMaximumBochner.hasDerivAt_lambdaInv._simp_1_5|propext|0
A3R11CONE|Poincare.D12.TensorMaximumBochner.Bochner.DerivationData|Classical.choice,Quot.sound,propext|0
A3R11CONE|Poincare.D12.TensorMaximumBochner.So3RicciFlow.metricForm|Classical.choice,Quot.sound,propext|0
A3R11CONE|Poincare.D12.TensorMaximumBochner.Bochner.fieldInner_eField|Classical.choice,Quot.sound,propext|0
A3R11CONE|Poincare.D12.TensorMaximumBochner.So3Polynomial.so3e1_two|Classical.choice,Quot.sound,propext|0
A3R11CONE|Poincare.D12.TensorMaximumBochner.hasDerivAt_lambdaInv._simp_1_4|propext|0
A3R11CONE|Poincare.D12.TensorMaximumBochner.counterexample_kernelTangent|Classical.choice,Quot.sound,propext|0
A3R11CONE|Poincare.D12.TensorMaximumBochner.So3Polynomial.crossDerivation._proof_1|Classical.choice,Quot.sound,propext|0
A3R11CONE|Poincare.D12.TensorMaximumBochner.So3Polynomial.Dfun.eq_1|Classical.choice,Quot.sound,propext|0
A3R11CONE|Poincare.D12.TensorMaximumBochner.So3RicciFlow.metricMatrix_at_one|Classical.choice,Quot.sound,propext|0
A3R11CONE|Poincare.D12.TensorMaximumBochner.quadSelfPath_solves|Classical.choice,Quot.sound,propext|0
A3R11CONE|Poincare.D12.TensorMaximumBochner.Bochner.D_comm_apply|Classical.choice,Quot.sound,propext|0
A3R11CONE|Poincare.D12.TensorMaximumBochner.Bochner.nablaField_metric._abel_1_1|Classical.choice,Quot.sound,propext|0
A3R11CONE|Poincare.D12.TensorMaximumBochner.Bochner.K_antisym|Classical.choice,Quot.sound,propext|0
A3R11CONE|Poincare.D12.TensorMaximumBochner.So3.stdMetric_form|Classical.choice,Quot.sound,propext|0
A3R11CONE|Poincare.D12.TensorMaximumBochner.hamiltonField_kernelTangent|Classical.choice,Quot.sound,propext|0
A3R11CONE|Poincare.D12.TensorMaximumBochner.Bochner.sum_gammaX_bilin_pair|Classical.choice,Quot.sound,propext|0
A3R11CONE|Poincare.D12.TensorMaximumBochner.So3Polynomial.ricciForm_so3|Classical.choice,Quot.sound,propext|0
A3R11CONE|Poincare.D12.TensorMaximumBochner.Audit.zero_bridge_is_zero_calculus|Classical.choice,Quot.sound,propext|0
A3R11CONE|Poincare.D12.TensorMaximumBochner.Bochner.DerivationData.D|Classical.choice,Quot.sound,propext|0
A3R11CONE|Poincare.D12.TensorMaximumBochner.Bochner.weitz_coefficient._abel_1_5|Classical.choice,Quot.sound,propext|0
A3R11CONE|Poincare.D12.TensorMaximumBochner.So3.curvature_eq_quarter_doubleBracket|Classical.choice,Quot.sound,propext|0
A3R11CONE|Poincare.D12.TensorMaximumBochner.So3Polynomial.so3e1_zero|Classical.choice,Quot.sound,propext|0
A3R11CONE|Poincare.D12.TensorMaximumBochner.hasDerivAt_lambdaInv._simp_1_7|propext|0
A3R11CONE|Poincare.D12.TensorMaximumBochner.quadSelfPath_hermitian|Classical.choice,Quot.sound,propext|0
A3R11CONE|Poincare.D12.TensorMaximumBochner.So3.crossBracket._proof_1|Classical.choice,Quot.sound,propext|0
A3R11CONE|Poincare.D12.TensorMaximumBochner.Bochner.gamma_self|Classical.choice,Quot.sound,propext|0
A3R11CONE|Poincare.D12.TensorMaximumBochner.Audit.d12_so3_metric_posSemidef_audited|Classical.choice,Quot.sound,propext|0
A3R11CONE|Poincare.D12.TensorMaximumBochner.So3Polynomial.gA_half_mul_two|Classical.choice,Quot.sound,propext|0
A3R11CONE|Poincare.D12.TensorMaximumBochner.Bochner.ricciForm|Classical.choice,Quot.sound,propext|0
A3R11CONE|Poincare.D12.TensorMaximumBochner.Bochner.nablaField_metric|Classical.choice,Quot.sound,propext|0
A3R11CONE|Poincare.D12.TensorMaximumBochner.So3RicciFlow.metricForm_at_zero_nonvacuous|Classical.choice,Quot.sound,propext|0
A3R11CONE|Poincare.D12.TensorMaximumBochner.So3.ricci_eq_half_metric|Classical.choice,Quot.sound,propext|0
A3R11CONE|Poincare.D12.TensorMaximumBochner.Bochner.double_sum_distrib|Classical.choice,Quot.sound,propext|0
A3R11CONE|Poincare.D12.TensorMaximumBochner.hasDerivAt_lambdaInv._simp_1_3|propext|0
A3R11CONE|Poincare.D12.TensorMaximumBochner.lambdaInv|Classical.choice,Quot.sound,propext|0
A3R11CONE|Poincare.D12.TensorMaximumBochner.Bochner.eField||0
A3R11CONE|Poincare.D12.TensorMaximumBochner.So3Polynomial.dot_xVec_polyVec_basis|Classical.choice,Quot.sound,propext|0
A3R11CONE|Poincare.D12.TensorMaximumBochner.So3Polynomial.polyVec._proof_1|Classical.choice,Quot.sound,propext|0
A3R11CONE|Poincare.D12.TensorMaximumBochner.Bochner.D_one._abel_1_1|propext|0
A3R11CONE|Poincare.D12.TensorMaximumBochner.Bochner.weitz_coefficient._abel_1_1|Classical.choice,Quot.sound,propext|0
A3R11CONE|Poincare.D12.TensorMaximumBochner.Bochner.gradSq|Classical.choice,Quot.sound,propext|0
A3R11CONE|Poincare.D12.TensorMaximumBochner.So3.crossBracket|Classical.choice,Quot.sound,propext|0
A3R11CONE|Poincare.D12.TensorMaximumBochner.Audit.bochnerStatement_is_statement_only|Classical.choice,Quot.sound,propext|0
A3R11CONE|Poincare.D12.TensorMaximumBochner.continuous_dotProduct_mulVec|Classical.choice,Quot.sound,propext|0
A3R11CONE|Poincare.D12.TensorMaximumBochner.So3RicciFlow.metricForm.eq_1|Classical.choice,Quot.sound,propext|0
A3R11CONE|Poincare.D12.TensorMaximumBochner.So3.crossLeviCivita|Classical.choice,Quot.sound,propext|0
A3R11CONE|Poincare.D12.TensorMaximumBochner.Bochner.hessSq.eq_1|Classical.choice,Quot.sound,propext|0
A3R11CONE|Poincare.D12.TensorMaximumBochner.Bochner.cG_self|Classical.choice,Quot.sound,propext|0
A3R11CONE|Poincare.D12.TensorMaximumBochner.Bochner.fieldInner_gradLapField_expand|Classical.choice,Quot.sound,propext|0
A3R11CONE|Poincare.D12.TensorMaximumBochner.So3Polynomial.ui_X0|Classical.choice,Quot.sound,propext|0
A3R11CONE|Poincare.D12.TensorMaximumBochner.Audit.d12_so3_laplacian_nondegenerate|Classical.choice,Quot.sound,propext|0
A3R11CONE|Poincare.D12.TensorMaximumBochner.So3Polynomial.Dfun_zero|Classical.choice,Quot.sound,propext|0
A3R11CONE|Poincare.D12.TensorMaximumBochner.So3RicciFlow.dotProduct_mulVec_metricMatrix|Classical.choice,Quot.sound,propext|0
A3R11CONE|Poincare.D12.TensorMaximumBochner.Bochner.weitzenboeck_half._abel_1_1|Classical.choice,Quot.sound,propext|0
A3R11CONE|Poincare.D12.TensorMaximumBochner.So3Polynomial.rotVec_expand|Classical.choice,Quot.sound,propext|0
A3R11CONE|Poincare.D12.TensorMaximumBochner.hamiltonField|Classical.choice,Quot.sound,propext|0
A3R11CONE|Poincare.D12.TensorMaximumBochner.lambdaInv.eq_1|Classical.choice,Quot.sound,propext|0
A3R11CONE|Poincare.D12.TensorMaximumBochner.So3.stdMetric._proof_1|Classical.choice,Quot.sound,propext|0
A3R11CONE|Poincare.D12.TensorMaximumBochner.quadSelfSquareSub.eq_1|Classical.choice,Quot.sound,propext|0
A3R11CONE|Poincare.D12.TensorMaximumBochner.kernelTangent_not_feasible|Classical.choice,Quot.sound,propext|0
A3R11CONE|Poincare.D12.TensorMaximumBochner.So3Polynomial.D._proof_1|Classical.choice,Quot.sound,propext|0
A3R11CONE|Poincare.D12.TensorMaximumBochner.Bochner.nablaField_grad_coeff|Classical.choice,Quot.sound,propext|0
A3R11CONE|Poincare.D12.TensorMaximumBochner.Bochner.hessSq|Classical.choice,Quot.sound,propext|0
A3R11CONE|Poincare.D12.TensorMaximumBochner.Bochner.DerivationData._sizeOf_inst|Classical.choice,Quot.sound,propext|0
A3R11CONE|Poincare.D12.TensorMaximumBochner.So3RicciFlow.idMatrix|Classical.choice,Quot.sound,propext|0
A3R11CONE|Poincare.D12.TensorMaximumBochner.Audit.d12_so3_lap_X0_audited|Classical.choice,Quot.sound,propext|0
A3R11CONE|Poincare.D12.TensorMaximumBochner.Audit.d12_so3_ricci_flow_audited|Classical.choice,Quot.sound,propext|0
A3R11CONE|Poincare.D12.TensorMaximumBochner.Bochner.gamma|Classical.choice,Quot.sound,propext|0
A3R11CONE|Poincare.D12.TensorMaximumBochner.So3Polynomial.dot_polyVec_basis_self|Classical.choice,Quot.sound,propext|0
A3R11CONE|Poincare.D12.TensorMaximumBochner.Bochner.gammaX_swap|Classical.choice,Quot.sound,propext|0
A3R11CONE|Poincare.D12.TensorMaximumBochner.Bochner.DerivationData.noConfusion|Classical.choice,Quot.sound,propext|0
A3R11CONE|Poincare.D12.TensorMaximumBochner.Bochner.DerivationData.rec|Classical.choice,Quot.sound,propext|0
A3R11CONE|Poincare.D12.TensorMaximumBochner.Bochner.weitzenboeck_half|Classical.choice,Quot.sound,propext|0
A3R11CONE|Poincare.D12.TensorMaximumBochner.So3Polynomial.D_apply|Classical.choice,Quot.sound,propext|0
A3R11CONE|Poincare.D12.TensorMaximumBochner.So3Polynomial.gradSq_X0|Classical.choice,Quot.sound,propext|0
A3R11CONE|Poincare.D12.TensorMaximumBochner.So3Polynomial.crossDerivation|Classical.choice,Quot.sound,propext|0
A3R11CONE|Poincare.D12.TensorMaximumBochner.Bochner.gamma._proof_2|Classical.choice,Quot.sound,propext|0
A3R11CONE|Poincare.D12.TensorMaximumBochner.KernelTangent|Classical.choice,Quot.sound,propext|0
A3R11CONE|Poincare.D12.TensorMaximumBochner.Audit.d12_so3_metric_extinction_audited|Classical.choice,Quot.sound,propext|0
A3R11CONE|Poincare.D12.TensorMaximumBochner.Bochner.DerivationData.bracket_deriv|Classical.choice,Quot.sound,propext|0
A3R11CONE|Poincare.D12.TensorMaximumBochner.quadSelfPath_stays_posSemidef|Classical.choice,Quot.sound,propext|0
A3R11CONE|Poincare.D12.TensorMaximumBochner.So3.stdMetric._proof_7|Classical.choice,Quot.sound,propext|0
A3R11CONE|Poincare.D12.TensorMaximumBochner.Audit.discrete_max_principle_is_scalar|Classical.choice,Quot.sound,propext|0
A3R11CONE|Poincare.D12.TensorMaximumBochner.Bochner.DerivationData.mk.injEq|Classical.choice,Quot.sound,propext|0
A3R11CONE|Poincare.D12.TensorMaximumBochner.So3.stdMetric.eq_1|Classical.choice,Quot.sound,propext|0
A3R11CONE|Poincare.D12.TensorMaximumBochner.So3RicciFlow.metricMatrix_posDef|Classical.choice,Quot.sound,propext|0
A3R11CONE|Poincare.D12.TensorMaximumBochner.So3Polynomial.rotVec_add|Classical.choice,Quot.sound,propext|0
A3R11CONE|Poincare.D12.TensorMaximumBochner.So3RicciFlow.metricMatrix.eq_1|Classical.choice,Quot.sound,propext|0
A3R11CONE|Poincare.D12.TensorMaximumBochner.So3RicciFlow.metricMatrix_hasDerivAt|Classical.choice,Quot.sound,propext|0
A3R11CONE|Poincare.D12.TensorMaximumBochner.So3Polynomial.evalAt|Classical.choice,Quot.sound,propext|0
A3R11CONE|Poincare.D12.TensorMaximumBochner.Bochner.ricciContraction.eq_1|Classical.choice,Quot.sound,propext|0
A3R11CONE|Poincare.D12.TensorMaximumBochner.So3Polynomial.polyVec|Classical.choice,Quot.sound,propext|0
A3R11CONE|Poincare.D12.TensorMaximumBochner.Bochner.nablaField_grad_hessian._abel_1_1|Classical.choice,Quot.sound,propext|0
A3R11CONE|Poincare.D12.TensorMaximumBochner.Bochner.K_antisym._abel_1_1|Classical.choice,Quot.sound,propext|0
A3R11CONE|Poincare.D12.TensorMaximumBochner.counterexampleN|Classical.choice,Quot.sound,propext|0
A3R11CONE|Poincare.D12.TensorMaximumBochner.So3Polynomial.evalAt_gradSq_nonneg|Classical.choice,Quot.sound,propext|0
A3R11CONE|Poincare.D12.TensorMaximumBochner.Bochner.gA|Classical.choice,Quot.sound,propext|0
A3R11CONE|Poincare.D12.TensorMaximumBochner.Bochner.DerivationData.mk._flat_ctor|Classical.choice,Quot.sound,propext|0
A3R11CONE|Poincare.D12.TensorMaximumBochner.So3Polynomial.stdMetric_basis_apply|Classical.choice,Quot.sound,propext|0
A3R11CONE|Poincare.D12.TensorMaximumBochner.So3.stdMetric._proof_4|Classical.choice,Quot.sound,propext|0
A3R11CONE|Poincare.D12.TensorMaximumBochner.Audit.d12_adjugate_posSemidef_audited|Classical.choice,Quot.sound,propext|0
A3R11CONE|Poincare.D12.TensorMaximumBochner.So3Polynomial.Dfun_add_f|Classical.choice,Quot.sound,propext|0
A3R11CONE|Poincare.D12.TensorMaximumBochner.Bochner.K_antisym._abel_1_3|Classical.choice,Quot.sound,propext|0
A3R11CONE|Poincare.D12.TensorMaximumBochner.Bochner.cG_antisym._abel_1_1|Classical.choice,Quot.sound,propext|0
A3R11CONE|Poincare.D12.TensorMaximumBochner.Audit.d12_so3_strict_bochner_audited|Classical.choice,Quot.sound,propext|0
A3R11CONE|Poincare.D12.TensorMaximumBochner.Bochner.cG|Classical.choice,Quot.sound,propext|0
A3R11CONE|Poincare.D12.TensorMaximumBochner.Bochner.w_du_coeff_fixed_j|Classical.choice,Quot.sound,propext|0
A3R11CONE|Poincare.D12.TensorMaximumBochner.Bochner.H.eq_1|Classical.choice,Quot.sound,propext|0
A3R11CONE|Poincare.D12.TensorMaximumBochner.hasDerivAt_lambdaInv._simp_1_6|Classical.choice,Quot.sound,propext|0
A3R11CONE|Poincare.D12.TensorMaximumBochner.Audit.d12_hamilton_field_kernel_tangent_audited|Classical.choice,Quot.sound,propext|0
A3R11CONE|Poincare.D12.TensorMaximumBochner.So3.crossLeviCivita._proof_3|Classical.choice,Quot.sound,propext|0
A3R11CONE|Poincare.D12.TensorMaximumBochner.So3RicciFlow.metricForm._proof_1|Classical.choice,Quot.sound,propext|0
A3R11CONE|Poincare.D12.TensorMaximumBochner.Audit.d12_so3_metric_posDef_audited|Classical.choice,Quot.sound,propext|0
A3R11CONE|Poincare.D12.TensorMaximumBochner.So3Polynomial.D_rotVec|Classical.choice,Quot.sound,propext|0
A3R11CONE|Poincare.D12.TensorMaximumBochner.So3RicciFlow.gram_metricMatrix|Classical.choice,Quot.sound,propext|0
A3R11CONE|Poincare.D12.TensorMaximumBochner.counterexampleN.eq_1|Classical.choice,Quot.sound,propext|0
A3R11CONE|Poincare.D12.TensorMaximumBochner.quadSelfSquareSub|Classical.choice,Quot.sound,propext|0
A3R11CONE|Poincare.D12.TensorMaximumBochner.So3.crossLeviCivita._proof_1|Classical.choice,Quot.sound,propext|0
A3R11CONE|Poincare.D12.TensorMaximumBochner.So3Polynomial.polyVec._proof_2|Classical.choice,Quot.sound,propext|0
A3R11CONE|Poincare.D12.TensorMaximumBochner.hamiltonField_not_strengthened|Classical.choice,Quot.sound,propext|0
A3R11CONE|Poincare.D12.TensorMaximumBochner.So3Polynomial.bochner_identity_so3_curvature|Classical.choice,Quot.sound,propext|0
A3R11CONE|Poincare.D12.TensorMaximumBochner.counterexampleA_isHermitian|Classical.choice,Quot.sound,propext|0
A3R11CONE|Poincare.D12.TensorMaximumBochner.So3RicciFlow.metricMatrix_as_matrix|Classical.choice,Quot.sound,propext|0
A3R11CONE|Poincare.D12.TensorMaximumBochner.Bochner.gradInner.eq_1|Classical.choice,Quot.sound,propext|0
A3R11CONE|Poincare.D12.TensorMaximumBochner.So3Polynomial.bracket_generator|Classical.choice,Quot.sound,propext|0
A3R11CONE|Poincare.D12.TensorMaximumBochner.So3RicciFlow.metricMatrix_isHermitian|Classical.choice,Quot.sound,propext|0
A3R11CONE|Poincare.D12.TensorMaximumBochner.So3RicciFlow.dotProduct_mulVec_negIdMatrix|Classical.choice,Quot.sound,propext|0
A3R11CONE|Poincare.D12.TensorMaximumBochner.Bochner.weitzenboeck_expand._abel_1_2|Classical.choice,Quot.sound,propext|0
A3R11CONE|Poincare.D12.TensorMaximumBochner.Bochner.nablaField_metric._abel_1_2|Classical.choice,Quot.sound,propext|0
A3R11CONE|Poincare.D12.TensorMaximumBochner.Bochner.K|Classical.choice,Quot.sound,propext|0
A3R11CONE|Poincare.D12.TensorMaximumBochner.quadSelfPath.eq_1|Classical.choice,Quot.sound,propext|0
A3R11CONE|Poincare.D12.TensorMaximumBochner.So3RicciFlow.metricMatrix_tangent|Classical.choice,Quot.sound,propext|0
A3R11CONE|Poincare.D12.TensorMaximumBochner.So3Polynomial.D_leibniz|Classical.choice,Quot.sound,propext|0
A3R11CONE|Poincare.D12.TensorMaximumBochner.So3Polynomial.ricciContraction_so3|Classical.choice,Quot.sound,propext|0
A3R11CONE|Poincare.D12.TensorMaximumBochner.Audit.d12_kernel_tangent_not_feasible_audited|Classical.choice,Quot.sound,propext|0
A3R11CONE|Poincare.D12.TensorMaximumBochner.So3.stdMetric._proof_5|Classical.choice,Quot.sound,propext|0
A3R11CONE|Poincare.D12.TensorMaximumBochner.So3Polynomial.evalAt_C|Classical.choice,Quot.sound,propext|0
A3R11CONE|Poincare.D12.TensorMaximumBochner.Bochner.cG_eq_torsion|Classical.choice,Quot.sound,propext|0
A3R11CONE|Poincare.D12.TensorMaximumBochner.So3Polynomial.Dfun|Classical.choice,Quot.sound,propext|0
A3R11CONE|Poincare.D12.TensorMaximumBochner.Bochner.nablaField|Classical.choice,Quot.sound,propext|0
A3R11CONE|Poincare.D12.TensorMaximumBochner.So3Polynomial.Poly3|Classical.choice,Quot.sound,propext|0
A3R11CONE|Poincare.D12.TensorMaximumBochner.Bochner.nablaField_grad_hessian|Classical.choice,Quot.sound,propext|0
A3R11CONE|Poincare.D12.TensorMaximumBochner.Bochner.D_gradSq|Classical.choice,Quot.sound,propext|0
A3R11CONE|Poincare.D12.TensorMaximumBochner.Bochner.D_second_comm_apply._abel_1_3|Classical.choice,Quot.sound,propext|0
A3R11CONE|Poincare.D12.TensorMaximumBochner.exists_first_zero|Classical.choice,Quot.sound,propext|0
A3R11CONE|Poincare.D12.TensorMaximumBochner.So3RicciFlow.idMatrix_as_matrix|Classical.choice,Quot.sound,propext|0
A3R11CONE|Poincare.D12.TensorMaximumBochner.Bochner.gammaX|Classical.choice,Quot.sound,propext|0
A3R11CONE|Poincare.D12.TensorMaximumBochner.Bochner.weitz_coefficient|Classical.choice,Quot.sound,propext|0
A3R11CONE|Poincare.D12.TensorMaximumBochner.Bochner.fieldLaplacian|Classical.choice,Quot.sound,propext|0
A3R11CONE|Poincare.D12.TensorMaximumBochner.So3RicciFlow.metricForm_nonneg|Classical.choice,Quot.sound,propext|0
A3R11CONE|Poincare.D12.TensorMaximumBochner.Bochner.nablaField_nabla_grad_H._simp_1_1|Classical.choice,Quot.sound,propext|0
A3R11CONE|Poincare.D12.TensorMaximumBochner.So3Polynomial.xVec.eq_1|Classical.choice,Quot.sound,propext|0
A3R11CONE|Poincare.D12.TensorMaximumBochner.counterexampleA_posSemidef|Classical.choice,Quot.sound,propext|0
A3R11CONE|Poincare.D12.TensorMaximumBochner.Bochner.gammaX.eq_1|Classical.choice,Quot.sound,propext|0
A3R11CONE|Poincare.D12.TensorMaximumBochner.Bochner.lap.eq_1|Classical.choice,Quot.sound,propext|0
A3R11CONE|Poincare.D12.TensorMaximumBochner.Bochner.DerivationData.mk.sizeOf_spec|Classical.choice,Quot.sound,propext|0
A3R11CONE|Poincare.D12.TensorMaximumBochner.So3RicciFlow.metricMatrix_not_posDef_at_one|Classical.choice,Quot.sound,propext|0
A3R11CONE|Poincare.D12.TensorMaximumBochner.Bochner.DerivationData.leibniz|Classical.choice,Quot.sound,propext|0
A3R11CONE|Poincare.D12.TensorMaximumBochner.Bochner.sum_gammaX_quad|Classical.choice,Quot.sound,propext|0
A3R11CONE|Poincare.D12.TensorMaximumBochner.Bochner.gradField.eq_1|Classical.choice,Quot.sound,propext|0
A3R11CONE|Poincare.D12.TensorMaximumBochner.LeviCivitaIdentities.curvatureForm_pair_symm|Classical.choice,Quot.sound,propext|0
A3R11CONE|Poincare.D12.TensorMaximumBochner.Bochner.fieldInner.eq_1|Classical.choice,Quot.sound,propext|0
A3R11CONE|Poincare.D12.TensorMaximumBochner.negSqrtCounterexample|Classical.choice,Quot.sound,propext|0
A3R11CONE|Poincare.D12.TensorMaximumBochner.quadSelfPath_posSemidef|Classical.choice,Quot.sound,propext|0
A3R11CONE|Poincare.D12.TensorMaximumBochner.Bochner.bochner_metric_half|Classical.choice,Quot.sound,propext|0
A3R11CONE|Poincare.D12.TensorMaximumBochner.nonneg_of_nonneg_init_of_deriv_nonneg_on_nonpos_Icc|Classical.choice,Quot.sound,propext|0
A3R11CONE|Poincare.D12.TensorMaximumBochner.Bochner.eField.eq_1||0
A3R11CONE|Poincare.D12.TensorMaximumBochner.Bochner.D_second_comm_diag|Classical.choice,Quot.sound,propext|0
A3R11CONE|Poincare.D12.TensorMaximumBochner.Bochner.H|Classical.choice,Quot.sound,propext|0
A3R11CONE|Poincare.D12.TensorMaximumBochner.hasDerivAt_lambdaInv._simp_1_2|propext|0
A3R11CONE|Poincare.D12.TensorMaximumBochner.So3Polynomial.rotVec.eq_1|Classical.choice,Quot.sound,propext|0
A3R11CONE|Poincare.D12.TensorMaximumBochner.So3Polynomial.gradSq_X0_at_e1|Classical.choice,Quot.sound,propext|0
A3R11CONE|Poincare.D12.TensorMaximumBochner.So3Polynomial.sum_rotVec_mul_pderiv|Classical.choice,Quot.sound,propext|0
A3R11CONE|Poincare.D12.TensorMaximumBochner.So3Polynomial.so3e1_one|Classical.choice,Quot.sound,propext|0
A3R11CONE|Poincare.D12.TensorMaximumBochner.Bochner.DerivationData.noConfusionType|Classical.choice,Quot.sound,propext|0
A3R11CONE|Poincare.D12.TensorMaximumBochner.So3Polynomial.polyVec.eq_1|Classical.choice,Quot.sound,propext|0
A3R11CONE|Poincare.D12.TensorMaximumBochner.hasDerivAt_lambdaInv|Classical.choice,Quot.sound,propext|0
A3R11CONE|Poincare.D12.TensorMaximumBochner.Bochner.ui._proof_1|Classical.choice,Quot.sound,propext|0
A3R11CONE|Poincare.D12.TensorMaximumBochner.Bochner.hessian_symm|Classical.choice,Quot.sound,propext|0
A3R11CONE|Poincare.D12.TensorMaximumBochner.So3Polynomial.gradSq_X0_at_e1_pos|Classical.choice,Quot.sound,propext|0
A3R11CONE|Poincare.D12.TensorMaximumBochner.So3Polynomial.so3e1|Classical.choice,Quot.sound,propext|0
A3R11CONE|Poincare.D12.TensorMaximumBochner.Bochner.w_du_pair_fixed_j|Classical.choice,Quot.sound,propext|0
A3R11CONE|Poincare.D12.TensorMaximumBochner.So3Polynomial.bochner_identity_so3|Classical.choice,Quot.sound,propext|0
A3R11CONE|Poincare.D12.TensorMaximumBochner.Bochner.gradField|Classical.choice,Quot.sound,propext|0
A3R11CONE|Poincare.D12.TensorMaximumBochner.Audit.d12_so3_bochner_audited|Classical.choice,Quot.sound,propext|0
A3R11CONE|Poincare.D12.TensorMaximumBochner.Bochner.sum_swap_apply|Classical.choice,Quot.sound,propext|0
A3R11CONE|Poincare.D12.TensorMaximumBochner.Bochner.D_second_comm_diag._abel_1_1|Classical.choice,Quot.sound,propext|0
A3R11CONE|Poincare.D12.TensorMaximumBochner.adjugate_eq_det_smul_inv|Classical.choice,Quot.sound,propext|0
A3R11CONE|Poincare.D12.TensorMaximumBochner.FeasibleDirection|Classical.choice,Quot.sound,propext|0
A3R11CONE|Poincare.D12.TensorMaximumBochner.Audit.d12_so3_gradsq_nonvacuous|Classical.choice,Quot.sound,propext|0
A3R11CONE|Poincare.D12.TensorMaximumBochner.So3.crossLeviCivita._proof_2|Classical.choice,Quot.sound,propext|0
A3R11CONE|Poincare.D12.TensorMaximumBochner.So3.stdMetric|Classical.choice,Quot.sound,propext|0
A3R11CONE|Poincare.D12.TensorMaximumBochner.hamiltonField_kernel_witness|Classical.choice,Quot.sound,propext|0
A3R11CONE|Poincare.D12.TensorMaximumBochner.So3Polynomial.Dfun_smul_X|Classical.choice,Quot.sound,propext|0
A3R11CONE|Poincare.D12.TensorMaximumBochner.Bochner.cG.eq_1|Classical.choice,Quot.sound,propext|0
A3R11CONE|Poincare.D12.TensorMaximumBochner.So3.stdMetric._proof_8|Classical.choice,Quot.sound,propext|0
A3R11CONE|Poincare.D12.TensorMaximumBochner.staysPosSemidef_of_tangent_Icc|Classical.choice,Quot.sound,propext|0
A3R11CONE|Poincare.D12.TensorMaximumBochner.So3Polynomial.bochner_strict_at_e1|Classical.choice,Quot.sound,propext|0
A3R11CONE|Poincare.D12.TensorMaximumBochner.LeviCivitaIdentities.ricci_symm|Classical.choice,Quot.sound,propext|0
A3R11CONE|Poincare.D12.TensorMaximumBochner.staysPosSemidef_of_field|Classical.choice,Quot.sound,propext|0
A3R11CONE|Poincare.D12.TensorMaximumBochner.Bochner.DerivationData._sizeOf_1|Classical.choice,Quot.sound,propext|0
A3R11CONE|Poincare.D12.TensorMaximumBochner.So3RicciFlow.negIdMatrix.eq_1|Classical.choice,Quot.sound,propext|0
A3R11CONE|Poincare.D12.TensorMaximumBochner.Bochner.eField.congr_simp|Quot.sound|0
A3R11CONE|Poincare.D12.TensorMaximumBochner.So3Polynomial.D._proof_2|Classical.choice,Quot.sound,propext|0
A3R11CONE|Poincare.D12.TensorMaximumBochner.So3RicciFlow.metricForm._proof_2|Classical.choice,Quot.sound,propext|0
A3R11CONE|Poincare.D12.TensorMaximumBochner.Bochner.ricciForm_eq_sum_gamma|Classical.choice,Quot.sound,propext|0
A3R11CONE|Poincare.D12.TensorMaximumBochner.adjugate_posSemidef|Classical.choice,Quot.sound,propext|0
A3R11CONE|Poincare.D12.TensorMaximumBochner.Bochner.eq_zero_of_eq_neg_self|Classical.choice,Quot.sound,propext|0
A3R11CONE|Poincare.D12.TensorMaximumBochner.Bochner.K_antisym._abel_1_2|Classical.choice,Quot.sound,propext|0
A3R11CONE|Poincare.D12.TensorMaximumBochner.Bochner.gamma_swap|Classical.choice,Quot.sound,propext|0
A3R11CONE|Poincare.D12.TensorMaximumBochner.Bochner.nablaField_nabla_grad_H._abel_1_2|Classical.choice,Quot.sound,propext|0
A3R11CONE|Poincare.D12.TensorMaximumBochner.Bochner.DerivationData.mk|Classical.choice,Quot.sound,propext|0
A3R11CONE|Poincare.D12.TensorMaximumBochner.So3Polynomial.laplacian_gradSq_nonneg_of_harmonic|Classical.choice,Quot.sound,propext|0
A3R11CONE|Poincare.D12.TensorMaximumBochner.staysPosSemidef_of_tangent|Classical.choice,Quot.sound,propext|0
A3R11CONE|Poincare.D12.TensorMaximumBochner.quadSelfPath|Classical.choice,Quot.sound,propext|0
A3R11CONE|Poincare.D12.TensorMaximumBochner.Bochner.D_gradSq._abel_1_1|Classical.choice,Quot.sound,propext|0
A3R11CONE|Poincare.D12.TensorMaximumBochner.So3Polynomial.bochner_inequality_so3_strict|Classical.choice,Quot.sound,propext|0
A3R11CONE|Poincare.D12.TensorMaximumBochner.Bochner.D_nabla|Classical.choice,Quot.sound,propext|0
A3R11CONE|Poincare.D12.TensorMaximumBochner.Bochner.curvatureForm_as_gamma|Classical.choice,Quot.sound,propext|0
A3R11CONE|Poincare.D12.TensorMaximumBochner.Bochner.w_du_pair_fixed_j._abel_1_1|Classical.choice,Quot.sound,propext|0
A3R11CONE|Poincare.D12.TensorMaximumBochner.Bochner.D_const|Classical.choice,Quot.sound,propext|0
A3R11CONE|Poincare.D12.TensorMaximumBochner.Bochner.nablaField_eField|Classical.choice,Quot.sound,propext|0
A3R11CONE|Poincare.D12.TensorMaximumBochner.So3RicciFlow.negIdMatrix_as_matrix|Classical.choice,Quot.sound,propext|0
A3R11CONE|Poincare.D12.TensorMaximumBochner.counterexampleA|Classical.choice,Quot.sound,propext|0
A3R11CONE|Poincare.D12.TensorMaximumBochner.LeviCivitaIdentities.curvatureForm_last_pair_skew|Classical.choice,Quot.sound,propext|0
A3R11CONE|Poincare.D12.TensorMaximumBochner.diagonal_hasDerivAt|Classical.choice,Quot.sound,propext|0
A3R11CONE|Poincare.D12.TensorMaximumBochner.So3Polynomial.lap_X0|Classical.choice,Quot.sound,propext|0
A3R11CONE|Poincare.D12.TensorMaximumBochner.So3Polynomial.rotVec_smul|Classical.choice,Quot.sound,propext|0
A3R11CONE|Poincare.D12.TensorMaximumBochner.Bochner.sum_gammaX_bilin_pair._abel_1_1|Classical.choice,Quot.sound,propext|0
A3R11CONE|Poincare.D12.TensorMaximumBochner.Bochner.weitz_coefficient._abel_1_2|Classical.choice,Quot.sound,propext|0
A3R11CONE|Poincare.D12.TensorMaximumBochner.So3Polynomial.nabla_self|Classical.choice,Quot.sound,propext|0
A3R11CONE|Poincare.D12.TensorMaximumBochner.So3.stdMetric._proof_3|Classical.choice,Quot.sound,propext|0
A3R11CONE|Poincare.D12.TensorMaximumBochner.Bochner.ricciContraction|Classical.choice,Quot.sound,propext|0
A3R11CONE|Poincare.D12.TensorMaximumBochner.Bochner.fieldInner_fieldLaplacian_expand|Classical.choice,Quot.sound,propext|0
A3R11CONE|Poincare.D12.TensorMaximumBochner.So3RicciFlow.dotProduct_mulVec_smul_one|Classical.choice,Quot.sound,propext|0
A3R11CONE|Poincare.D12.TensorMaximumBochner.So3Polynomial.pderiv_rotVec|Classical.choice,Quot.sound,propext|0
A3R11CONE|Poincare.D12.TensorMaximumBochner.Bochner.ui|Classical.choice,Quot.sound,propext|0
A3R11CONE|Poincare.D12.TensorMaximumBochner.So3Polynomial.D|Classical.choice,Quot.sound,propext|0
A3R11CONE|Poincare.D12.TensorMaximumBochner.So3RicciFlow.metricMatrix_deriv|Classical.choice,Quot.sound,propext|0
A3R11CONE|Poincare.D12.TensorMaximumBochner.StrictKernelTangent|Classical.choice,Quot.sound,propext|0
A3R11CONE|Poincare.D12.TensorMaximumBochner.Bochner.D_expand|Classical.choice,Quot.sound,propext|0
A3R11CONE|Poincare.D12.TensorMaximumBochner.Bochner.H_expand|Classical.choice,Quot.sound,propext|0
A3R11CONE|Poincare.D12.TensorMaximumBochner.Bochner.gradLapField.eq_1|Classical.choice,Quot.sound,propext|0
A3R11CONE|Poincare.D12.TensorMaximumBochner.Bochner.bochner_identity|Classical.choice,Quot.sound,propext|0
A3R11CONE|Poincare.D12.TensorMaximumBochner.So3Polynomial.evalAt_X|Classical.choice,Quot.sound,propext|0
A3R11CONE|Poincare.D12.TensorMaximumBochner.Bochner.nablaField_nabla_grad_H|Classical.choice,Quot.sound,propext|0
A3R11CONE|Poincare.D12.TensorMaximumBochner.Bochner.D_one|Classical.choice,Quot.sound,propext|0
A3R11CONE|Poincare.D12.TensorMaximumBochner.Bochner.gradSq.eq_1|Classical.choice,Quot.sound,propext|0
A3R11CONE|Poincare.D12.TensorMaximumBochner.Bochner.lap|Classical.choice,Quot.sound,propext|0
A3R11CONE|Poincare.D12.TensorMaximumBochner.LeviCivitaIdentities.ricci_eq_sum_curvatureForm|Classical.choice,Quot.sound,propext|0
A3R11CONE|Poincare.D12.TensorMaximumBochner.So3Polynomial.bochner_identity_so3_eval|Classical.choice,Quot.sound,propext|0
A3R11CONE|Poincare.D12.TensorMaximumBochner.Bochner.cG_self._abel_1_1|Classical.choice,Quot.sound,propext|0
A3R11CONE|Poincare.D12.TensorMaximumBochner.Bochner.gamma.eq_1|Classical.choice,Quot.sound,propext|0
A3R11CONE|Poincare.D12.TensorMaximumBochner.So3Polynomial.laplacian_gradSq_pos_of_harmonic|Classical.choice,Quot.sound,propext|0
A3R11CONE|Poincare.D12.TensorMaximumBochner.hamiltonField.eq_1|Classical.choice,Quot.sound,propext|0
A3R11CONE|Poincare.D12.TensorMaximumBochner.Bochner.D_second_comm_apply|Classical.choice,Quot.sound,propext|0
A3R11CONE|Poincare.D12.TensorMaximumBochner.So3Polynomial.D_generator|Classical.choice,Quot.sound,propext|0
A3R11CONE|Poincare.D12.TensorMaximumBochner.So3RicciFlow.metricForm._proof_3|Classical.choice,Quot.sound,propext|0
A3R11CONE|Poincare.D12.TensorMaximumBochner.kernelTangent_of_feasibleDirection|Classical.choice,Quot.sound,propext|0
A3R11CONE|Poincare.D12.TensorMaximumBochner.So3Polynomial.D._proof_3|Classical.choice,Quot.sound,propext|0
A3R11CONE|Poincare.D12.TensorMaximumBochner.So3Polynomial.evalAt_hessSq_nonneg|Classical.choice,Quot.sound,propext|0
A3R11CONE|Poincare.D12.TensorMaximumBochner.counterexample_nondegenerate|Classical.choice,Quot.sound,propext|0
A3R11CONE|Poincare.D12.TensorMaximumBochner.Bochner.nablaField_nablaField_grad_H|Classical.choice,Quot.sound,propext|0
A3R11CONE|Poincare.D12.TensorMaximumBochner.Bochner.DerivationData.casesOn|Classical.choice,Quot.sound,propext|0
A3R11CONE|Poincare.D12.TensorMaximumBochner.So3Polynomial.Dfun_add_X|Classical.choice,Quot.sound,propext|0
A3R11CONE|Poincare.D12.TensorMaximumBochner.So3RicciFlow.metricMatrix_posSemidef|Classical.choice,Quot.sound,propext|0
A3R11CONE|Poincare.D12.TensorMaximumBochner.So3.Vec3|Classical.choice,Quot.sound,propext|0
A3R11CONE|Poincare.D12.TensorMaximumBochner.So3RicciFlow.ricciFlow_equation|Classical.choice,Quot.sound,propext|0
A3R11CONE|Poincare.D12.TensorMaximumBochner.Bochner.weitz_coefficient._abel_1_4|Classical.choice,Quot.sound,propext|0
A3R11CONE|Poincare.D12.TensorMaximumBochner.So3RicciFlow.metricMatrix|Classical.choice,Quot.sound,propext|0
A3R11CONE|Poincare.D12.TensorMaximumBochner.So3.crossBracket._proof_2|Classical.choice,Quot.sound,propext|0
A3R11CONE|Poincare.D12.TensorMaximumBochner.Bochner.DerivationData.ctorIdx|Classical.choice,Quot.sound,propext|0
A3R11CONE|Poincare.D12.TensorMaximumBochner.nonneg_of_nonneg_init_of_deriv_nonneg_on_nonpos|Classical.choice,Quot.sound,propext|0
A3R11CONE|Poincare.D12.TensorMaximumBochner.lambdaInv_sq_sub|Classical.choice,Quot.sound,propext|0
A3R11CONE|Poincare.D12.TensorMaximumBochner.Bochner.DerivationData.mk.inj|Classical.choice,Quot.sound,propext|0
A3R11CONE|Poincare.D12.TensorMaximumBochner.So3RicciFlow.metricForm_apply|Classical.choice,Quot.sound,propext|0
A3R11CONE|Poincare.D12.TensorMaximumBochner.Audit.d12_kernel_tangent_necessary_audited|Classical.choice,Quot.sound,propext|0
A3R11CONE|Poincare.D12.TensorMaximumBochner.Bochner.D_second_comm_apply._abel_1_2|Classical.choice,Quot.sound,propext|0
A3R11CONE|Poincare.D12.TensorMaximumBochner.Bochner.DerivationData.mk.noConfusion|Classical.choice,Quot.sound,propext|0
A3R11CONE|Poincare.D12.TensorMaximumBochner.Bochner.curvatureForm_as_gamma._simp_1_1|Classical.choice,Quot.sound,propext|0
A3R11CONE|Poincare.D12.TensorMaximumBochner.So3Polynomial.evalAt_rotVec_zero|Classical.choice,Quot.sound,propext|0
A3R11CONE|Poincare.D12.TensorMaximumBochner.So3Polynomial.sum_rotVec_pderiv_mul|Classical.choice,Quot.sound,propext|0
A3R11CONE|Poincare.D12.TensorMaximumBochner.Bochner.D_H_expand|Classical.choice,Quot.sound,propext|0
A3R11CONE|Poincare.D12.TensorMaximumBochner.Audit.d12_matrix_example_audited|Classical.choice,Quot.sound,propext|0
A3R11CONE|Poincare.D12.TensorMaximumBochner.Audit.d12_pair_symm_audited|Classical.choice,Quot.sound,propext|0
A3R11CONE|Poincare.D12.TensorMaximumBochner.counterexample_not_feasible|Classical.choice,Quot.sound,propext|0
A3R11CONE|Poincare.D12.TensorMaximumBochner.So3RicciFlow.metricMatrix_zero|Classical.choice,Quot.sound,propext|0
A3R11CONE|Poincare.D12.TensorMaximumBochner.Bochner.w_du_coeff_fixed_j._abel_1_2|Classical.choice,Quot.sound,propext|0
A3R11CONE|Poincare.D12.TensorMaximumBochner.So3Polynomial.rotVec._proof_1|Classical.choice,Quot.sound,propext|0
A3R11CONE|Poincare.D12.TensorMaximumBochner.So3.crossMetricSkew|Classical.choice,Quot.sound,propext|0
A3R11CONE|Poincare.D12.TensorMaximumBochner.counterexampleA.eq_1|Classical.choice,Quot.sound,propext|0
A3R11CONE|Poincare.D12.TensorMaximumBochner.So3Polynomial.Dlin|Classical.choice,Quot.sound,propext|0
A3R11CONE|Poincare.D12.TensorMaximumBochner.Bochner.D_comm_u|Classical.choice,Quot.sound,propext|0
A3R11CONE|Poincare.D12.TensorMaximumBochner.Bochner.hessian_symm._abel_1_1|Classical.choice,Quot.sound,propext|0
A3R11CONE|Poincare.D12.TensorMaximumBochner.Bochner.gamma._proof_1|Classical.choice,Quot.sound,propext|0
A3R11 TOTAL 335 declarations, memo size 43758
A3R11 QUERIES 0 total, 0 missing
A3R11 PASS
