== D12-connection-curvature (74 files)
   leviCivitaExists                                 decls= 1 uses=  0 NO-PRODUCER-USE
   milnorConnection_eq_mean_iff                     decls= 1 uses=  1 WIRED
   so3MeanLeviCivita                                decls= 1 uses=  8 WIRED
   so3_ricci_symm                                   decls= 1 uses=  0 NO-PRODUCER-USE
   so3_ricci_e00                                    decls= 1 uses=  0 NO-PRODUCER-USE
== D12-surgery-recognition (110 files)
   ConnectedSumDecomposition.mkV2                   decls= 1 uses=  2 WIRED
   deckTrivial_of_simplyConnected_quotient          decls= 1 uses=  3 WIRED
   sphericalPieceRecognition_of_spaceForm           decls= 1 uses=  2 WIRED
   finiteFreeOrbit_isQuotientCoveringMap            decls= 1 uses=  3 WIRED
== D12-tensor-maximum-bochner (71 files)
   KernelTangent                                    decls= 1 uses=  9 WIRED
   hamiltonField                                    decls= 1 uses= 10 WIRED
   kernelTangent_of_feasibleDirection               decls= 1 uses=  2 WIRED
   kernelTangent_not_feasible                       decls= 1 uses=  2 WIRED
   hamiltonField_kernelTangent                      decls= 1 uses=  2 WIRED
   hamiltonField_not_strengthened                   decls= 1 uses=  2 WIRED
   adjugate_posSemidef                              decls= 1 uses=  3 WIRED
   staysPosSemidef_of_tangent                       decls= 1 uses=  2 WIRED
   staysPosSemidef_of_field                         decls= 1 uses=  2 WIRED
== D12-triangulation-topology (81 files)
   coveringOfSimplyConnectedIsHomeo                 decls= 1 uses= 10 WIRED
   sphericalSpaceFormRecognition                    decls= 1 uses=  2 WIRED
   antipodalQuotientCovering                        decls= 1 uses=  2 WIRED
   simplexBoundaryHomeoSphere                       decls= 1 uses= 10 WIRED
   lowerHemisphereHomeoDisk                         decls= 1 uses= 12 WIRED
   simplexHomeoDisk                                 decls= 1 uses=  7 WIRED
   simplexHomeoStdSimplexFn                         decls= 1 uses=  4 WIRED
   simplexHomeoConeQuot                             decls= 1 uses=  3 WIRED
   simplexHomeoBoundaryCone                         decls= 1 uses=  3 WIRED
   diskGlueQuotHomeoSphere                          decls= 1 uses=  8 WIRED
   diskGlueQuotHomeoSphere_refl_apply               decls= 1 uses=  1 WIRED
   alexanderHomeo                                   decls= 1 uses= 12 WIRED
   alexanderHomeo_sphereToDisk                      decls= 1 uses=  4 WIRED
   alexanderHomeo_refl                              decls= 1 uses=  3 WIRED
   alexanderHomeo_zero                              decls= 1 uses=  1 WIRED
   alexanderHomeo_eq_refl_iff                       decls= 1 uses=  1 WIRED
   sphereOfTwoDisks                                 decls= 1 uses=  2 WIRED
   sphereOfTwoDisks_hemisphere_instance             decls= 1 uses=  1 WIRED
   suspQuotHomeoSphere                              decls= 1 uses=  4 WIRED
   coneQuotHomeoDisk                                decls= 1 uses=  6 WIRED
   doubleDiskQuotHomeoSphere                        decls= 1 uses=  6 WIRED
   sphereThreeGluedDisks                            decls= 1 uses=  5 WIRED
   sphereThreeSuspension                            decls= 1 uses=  2 WIRED
   coneOverSphere2HomeoDisk3                        decls= 1 uses=  2 WIRED
