waited until 2026-09-11T18:49:21+08:00; remaining jobs: 0
== D12-connection-curvature (74 files)
   leviCivitaExists                                 decls= 1 uses=  0 NO-PRODUCER-USE
   milnorConnection_eq_mean_iff                     decls= 1 uses=  1 WIRED
   so3MeanLeviCivita                                decls= 1 uses=  8 WIRED
   so3_ricci_symm                                   decls= 1 uses=  0 NO-PRODUCER-USE
   so3_ricci_e00                                    decls= 1 uses=  0 NO-PRODUCER-USE
== D12-surgery-recognition (110 files)
   ConnectedSumDecomposition.mkV2                   decls= 1 uses=  2 WIRED
   deckTrivial_of_simplyConnected_quotient          decls= 1 uses=  3 WIRED
   sphericalPieceRecognition_of_spaceForm           decls= 1 uses=  2 WIRED
   finiteFreeOrbit_isQuotientCoveringMap            decls= 1 uses=  3 WIRED
== D12-tensor-maximum-bochner (71 files)
   KernelTangent                                    decls= 1 uses=  9 WIRED
   hamiltonField                                    decls= 1 uses= 10 WIRED
   kernelTangent_of_feasibleDirection               decls= 1 uses=  2 WIRED
   kernelTangent_not_feasible                       decls= 1 uses=  2 WIRED
   hamiltonField_kernelTangent                      decls= 1 uses=  2 WIRED
   hamiltonField_not_strengthened                   decls= 1 uses=  2 WIRED
   adjugate_posSemidef                              decls= 1 uses=  3 WIRED
   staysPosSemidef_of_tangent                       decls= 1 uses=  2 WIRED
   staysPosSemidef_of_field                         decls= 1 uses=  2 WIRED
== D12-triangulation-topology (81 files)
   coveringOfSimplyConnectedIsHomeo                 decls= 1 uses= 10 WIRED
   sphericalSpaceFormRecognition                    decls= 1 uses=  2 WIRED
   antipodalQuotientCovering                        decls= 1 uses=  2 WIRED
   simplexBoundaryHomeoSphere                       decls= 1 uses= 10 WIRED
   lowerHemisphereHomeoDisk                         decls= 1 uses= 12 WIRED
   simplexHomeoDisk                                 decls= 1 uses=  7 WIRED
   simplexHomeoStdSimplexFn                         decls= 1 uses=  4 WIRED
   simplexHomeoConeQuot                             decls= 1 uses=  3 WIRED
   simplexHomeoBoundaryCone                         decls= 1 uses=  3 WIRED
   diskGlueQuotHomeoSphere                          decls= 1 uses=  8 WIRED
   diskGlueQuotHomeoSphere_refl_apply               decls= 1 uses=  1 WIRED
   alexanderHomeo                                   decls= 1 uses= 12 WIRED
   alexanderHomeo_sphereToDisk                      decls= 1 uses=  4 WIRED
   alexanderHomeo_refl                              decls= 1 uses=  3 WIRED
   alexanderHomeo_zero                              decls= 1 uses=  1 WIRED
   alexanderHomeo_eq_refl_iff                       decls= 1 uses=  1 WIRED
   sphereOfTwoDisks                                 decls= 1 uses=  2 WIRED
   sphereOfTwoDisks_hemisphere_instance             decls= 1 uses=  1 WIRED
   suspQuotHomeoSphere                              decls= 1 uses=  4 WIRED
   coneQuotHomeoDisk                                decls= 1 uses=  6 WIRED
   doubleDiskQuotHomeoSphere                        decls= 1 uses=  6 WIRED
   sphereThreeGluedDisks                            decls= 1 uses=  5 WIRED
   sphereThreeSuspension                            decls= 1 uses=  2 WIRED
   coneOverSphere2HomeoDisk3                        decls= 1 uses=  2 WIRED
 0 CONFIRMED-NO-CHECK     DAG node 5 covering of simply-connected is homeo
     coveringOfSimplyConnectedIsHomeo         lean users tv=0 vo=0 source uses=10 clean=True
     sphericalSpaceFormRecognition            lean users tv=0 vo=0 source uses=2 clean=True
 1 CONFIRMED-NO-CHECK     DAG node 4 antipodal quotient covering
     antipodalQuotientCovering                lean users tv=0 vo=0 source uses=2 clean=True
 2 CONFIRMED-NO-CHECK     DAG nodes 7+8 gluing/realization (S^n+1 = D u D, Sigma S^n
     suspQuotHomeoSphere                      lean users tv=0 vo=0 source uses=4 clean=True
     coneQuotHomeoDisk                        lean users tv=0 vo=0 source uses=6 clean=True
     doubleDiskQuotHomeoSphere                lean users tv=0 vo=0 source uses=6 clean=True
     sphereThreeGluedDisks                    lean users tv=0 vo=0 source uses=5 clean=True
     sphereThreeSuspension                    lean users tv=0 vo=0 source uses=2 clean=True
     coneOverSphere2HomeoDisk3                lean users tv=0 vo=0 source uses=2 clean=True
 3 CONFIRMED-NO-CHECK     DAG node 9 first half (boundary simplex = S^n)
     simplexBoundaryHomeoSphere               lean users tv=0 vo=0 source uses=10 clean=True
 4 CONFIRMED-NO-CHECK     DAG node 10 (closed lower hemisphere = disk)
     lowerHemisphereHomeoDisk                 lean users tv=0 vo=0 source uses=12 clean=True
 5 CONFIRMED-NO-CHECK     DAG node 9 second half (simplex = disk, radial cone form)
     simplexHomeoDisk                         lean users tv=0 vo=0 source uses=7 clean=True
     simplexHomeoStdSimplexFn                 lean users tv=0 vo=0 source uses=4 clean=True
     simplexHomeoConeQuot                     lean users tv=0 vo=0 source uses=3 clean=True
     coneQuotHomeoDisk                        lean users tv=0 vo=0 source uses=6 clean=True
     simplexHomeoBoundaryCone                 lean users tv=0 vo=0 source uses=3 clean=True
 6 CONFIRMED-NO-CHECK     Sphere-recognition gluing lemma (arbitrary h)
     diskGlueQuotHomeoSphere                  lean users tv=0 vo=0 source uses=8 clean=True
     diskGlueQuotHomeoSphere_refl_apply       lean users tv=0 vo=0 source uses=1 clean=True
 7 CONFIRMED-NO-CHECK     Alexander trick
     alexanderHomeo                           lean users tv=0 vo=0 source uses=12 clean=True
     alexanderHomeo_sphereToDisk              lean users tv=0 vo=0 source uses=4 clean=True
     alexanderHomeo_refl                      lean users tv=0 vo=0 source uses=3 clean=True
     alexanderHomeo_zero                      lean users tv=0 vo=0 source uses=1 clean=True
     alexanderHomeo_eq_refl_iff               lean users tv=0 vo=0 source uses=1 clean=True
 8 CONFIRMED-NO-CHECK     Closed-cover recognition (node 13)
     sphereOfTwoDisks                         lean users tv=0 vo=0 source uses=2 clean=True
 9 CONFIRMED (non-vacuity witness) Node 13a non-vacuity instance
     sphereOfTwoDisks_hemisphere_instance     lean users tv=0 vo=0 source uses=1 clean=True
evidence classes: {'E1_independent_cones': False, 'E2_lean_use_probe': False, 'E3_source_level_refs': True, 'E4_print_axioms_probe': True}
FLAGGED: []
VERDICT: PASS
D12-connection-curvature: status=PASS cones agree=111 mismatch=0 missing=0 closures={'LeviCivitaExistenceStatement/leviCivitaExists': 'CONFIRMED-CLOSURE/DOWNSTREAM-NOT-WIRED'}
D12-volume-ibp: status=PASS cones agree=78 mismatch=0 missing=0 closures={}
D12-spectral-sobolev: status=PASS cones agree=36 mismatch=0 missing=0 closures={}
D12-semantic-ledger: status=PASS cones agree=7 mismatch=0 missing=0 closures={}
D12-comparison-geodesics: status=PASS cones agree=33 mismatch=0 missing=0 closures={}
D12-geometric-compactness: status=PASS cones agree=39 mismatch=0 missing=0 closures={}
D12-surgery-recognition: status=INDEPENDENT_RUN_MISSING cones agree=None mismatch=None missing=None closures={}
D12-triangulation-topology: status=INDEPENDENT_RUN_MISSING cones agree=None mismatch=None missing=None closures={}
D12-tensor-maximum-bochner: status=PASS cones agree=20 mismatch=0 missing=0 closures={}
FAILURES: ['D12-surgery-recognition: independent run missing', 'D12-triangulation-topology: independent run missing']
VERDICT: FAIL
md chars: 160995
json status: TASK_DONE | missing: []
checkpoint status: complete | invocation: 8
md sha256: a79dfdce49ccc06e10f64293256ea265d1dad5a344b194cb0da3769aaa111a0d
json sha256: eaab97fbd356c6746e038a80ef5914cdc6081cfa2de5c2438fb5633e124d9842
verified OK: 800
mismatches: 0
unresolved: 0
WATCHER DONE 2026-09-11T18:49:28+08:00
