dsh: reasoning:
The pwd is `/data3/guoshaoyang/workdir/lean_poincare/longrun/worktrees/L1-lean-baseline` — interesting, the task said worktree is `worktrees/leaders/L1-lean-baseline` but actual cwd is `worktrees/L1-lean-baseline`. Let me check both.

Let me read the existing files: checkpoint.json, research brief, comms.
dsh: reasoning:
The `find` returned nothing? Odd — the first find output was empty except the "---LEADERS---" marker. Wait, actually the output starts with "---LEADERS---" meaning find found no files. But ls showed checkpoint.json, comms, research-brief. Hmm, maybe find is blocked by sandbox? Let me retry. Actually the first `find` output was empty because... weird. Let me check again. Maybe the sandbox denies find on that path? It said "landlock-run: partial enforcement" on stderr.

Let me look at the leaders/L1-lean-baseline dir, which is likely the real worktree per task description ("Worktree: remote worktrees/leaders/L1-lean-baseline"). But the cwd is worktrees/L1-lean-baseline. Hmm, there might be a symlink or bind. Let's check.
dsh: reasoning:
So `worktrees/L1-lean-baseline` and `worktrees/leaders/L1-lean-baseline` are the same (probably a symlink at the parent level: `worktrees` might be a symlink to `leaders`? No wait, realpath shows both resolve to leaders path. So `worktrees` contains a symlink? Let me check: realpath of `/data3/.../worktrees/L1-lean-baseline` = `/data3/.../worktrees/leaders/L1-lean-baseline`. So `worktrees/L1-lean-baseline` is a symlink to `leaders/L1-lean-baseline` OR worktrees itself... Actually earlier `ls worktrees/` gave `drwxrwxr-x 25` which is a big dir. Let me check `ls -la worktrees | grep L1`.

Anyway, they are the same directory. Good.

The worktree currently only contains checkpoint.json, comms/, research-brief. It's a fresh initialization. The actual project source (release/, lakefile, etc.) must be elsewhere — the main repo at /data3/guoshaoyang/workdir/lean_poincare. Let me read the prompt.md in inbox, research brief, and explore the main repo.

Task says "Build from release/ with pinned toolchain". So there's a release/ directory somewhere — likely in the main repo, read-only, and linked/copied into worktrees. Let me explore.

Time budget: 4 hours. Need to be efficient.

Let me read: comms/inbox/prompt.md, research-brief, CANONICAL-DAG.md, HANDOFF-PRIMARY-CONTROLLER.md, queue.json, result cards.
dsh: reasoning:
Let me read the main README, longrun README, CANONICAL-DAG.md, HANDOFF-PRIMARY-CONTROLLER.md, queue.json, and find release/.
dsh: reasoning:
Now let me find CANONICAL-DAG.md and HANDOFF-PRIMARY-CONTROLLER.md, release/, queue.json, result cards. Let me search the longrun dir and main repo for these files.
dsh: reasoning:
No CANONICAL-DAG.md or HANDOFF-PRIMARY-CONTROLLER.md found in main repo maxdepth 6. Maybe they're in worktrees/leaders/L1... just not there (only checkpoint, comms, research brief). Maybe they're in `longrun/state/` or the prompts directory. Let me search more broadly (the find with `-o` needs parens; my first command's find may have been malformed, but second worked).

Let me search whole filesystem for these names, and also look at longrun/state, longrun/bin, longrun/prompts.
dsh: reasoning:
No CANONICAL-DAG.md or HANDOFF-PRIMARY-CONTROLLER.md exist anywhere in the main repo. So the task references files that don't exist (maybe they are expected to be created by the control plane, or they're part of the "leader" prompt template). I should note this as a finding (evidence: files absent).

Let me look at the leader-registry.json, queue.json entries for M1/A1/P5, and the dispatch_loop to understand the structure. Also the release/ directory content and the D6 weekly release result card.

Key objective: "M1 baseline: run pinned release clean build, enumerate declarations and axiom cones, reconcile queue/result-card/source-hash state. Preserve prior artifacts; classify evidence and report exact drift."

Named blockers: M1, A1, P5.

Let me look at queue.json for M1, A1, P5 entries.
dsh: reasoning:
No M1/A1/P5 tasks found in queue.json by that walk. Let me look at queue.json structure and the prompts/L1-lean-baseline.md — that's the full prompt for this leader (probably contains the canonical DAG reference, QUEUE.md etc.).
dsh: reasoning:
The queue has no M1/A1/P5 tasks — those are "named blockers" from a different taxonomy. Let me search all state files for M1, A1, P5 references. Possibly in longrun/state/*/result.json or checkpoint files. Let me grep.

Also need to find the "canonical DAG" — maybe `D12-plan.json` is the DAG, and maybe HANDOFF-PRIMARY-CONTROLLER is in the tar.gz control files. Let me check tar contents.

Let me grep for "M1" / "A1" / "P5" across longrun.
dsh: reasoning:
Let me search for M1/A1/P5 in the specific files: D12-plan.json, D5-clean-rebuild.json, D12-semantic-ledger.json. And read state/L1-lean-baseline to see what the control plane expects.

Also read the main queue entry maybe a "meta" section with blockers list. Let me grep queue.json for "M1".
dsh: reasoning:
Interesting: the state log includes my own reasoning — the supervisor is logging. OK.

Now, D12-plan.json contains blockers named A1, A2, A3, P1, P5. And "M1" likely in D12-plan too. Let me examine D12-plan.json fully — it's the "canonical DAG" candidate (the planning doc for the D12 wave). Also, "M1" might be a milestone. Let me grep for exact "M1".

Actually my grep earlier for `.{80}(M1|A1|P5).{80}` only showed A1/P5 from D12-plan. Let's find M1 specifically.

Also the task says "Read CANONICAL-DAG.md, HANDOFF-PRIMARY-CONTROLLER.md" — these don't exist. Maybe they're in the remote host (ophis-gpu) and need to be fetched? The queue mentions host_pool: ophis-gpu and "prepare_remote.py". Let's look at prepare_remote.py, relay_push.sh, and the release/ directory in the worktree — wait, the L1 worktree has no release/. Hmm, the task says "Build from release/ with pinned toolchain". Maybe I need to set up release/ in my worktree, copied from integrated_overlay/release or D6_weekly_release.

Let me check: worktrees/D6_weekly_release/release/ exists. Let me inspect that and the D6 result card.

Big picture: I'm the L1 integrator leader. Deliverable: result card longrun/results/L1-lean-baseline.md and .json in MY worktree (longrun/results/ under my worktree path?). The acceptance says "Write a result card under longrun/results/L1-lean-baseline.md and .json". In my worktree, that would be `/data3/.../worktrees/leaders/L1-lean-baseline/longrun/results/L1-lean-baseline.md`. But the main longrun/results/ is the shared results dir. Hmm. The task says "Only your own longrun/results/L1-lean-baseline.md can complete this task." — likely means the file relative to my worktree... but also the shared results dir has D* cards. Since leaders are given workspaces "worktrees/leaders/L1-lean-baseline" and each worktree initially has comms/ + checkpoint.json, the expected layout is my worktree's longrun/results/. But to be safe, I can write in both places? No — "never edit another worktree or main". The main repo's longrun/results is main. So I should write to my worktree: `longrun/results/L1-lean-baseline.md`.

Hmm wait. But the dispatch loop may look for results at `longrun/results/<task>.md` relative to main. Let me check dispatch_loop.py to see how it detects completion. That will clarify. Let me read the relevant part.

Also check worker_loop.sh to see how leaders are launched and where the worktree comes from, and whether `release/` should be created.

Let me do a batch of reads.
dsh: reasoning:
Confirmed: the result card path is `$WORK/longrun/results/$TASK_ID.md` where `$WORK = worktrees/L1-lean-baseline`. So my worktree is `worktrees/L1-lean-baseline` (the leaders symlink). I must create `longrun/results/L1-lean-baseline.md` in my worktree.

Now, the important work: M1 baseline — "run pinned release clean build, enumerate declarations and axiom cones, reconcile queue/result-card/source-hash state."

I need a `release/` in my worktree. Let me look at what release/ exists elsewhere: `longrun/integrated_overlay/release/` and `worktrees/D6_weekly_release/release/`. Also check the D6 result card (weekly release) which likely describes the release build manifest.

Let me check:
1. `worktrees/D6_weekly_release/release/` contents.
2. `longrun/integrated_overlay/release/` contents.
3. `results/D6-weekly-release.md` and `.json`.
4. Any `longrun/longrun/` dir in integrated_overlay.

Note "Preserve prior artifacts" — I must not modify other worktrees; I can copy from them into mine.

Let me look at these.
dsh: reasoning:
Now I understand the structure. The `integrated_overlay/release` is a later integrated release (includes D7, D8, D9, D10) — built around Sep 10 20:19. This is likely the "pinned release" to baseline. Let me check its toolchain and lakefile, and whether it has a manifest/build.

Let me check:
- integrated_overlay/release/lakefile.toml, lean-toolchain, lake-manifest.json
- integrated_overlay/release/.lake presence (build cache)
- Overlay result card D6-weekly-release.md
- Any D13 cards about integrated kernel audit

Also look for the "HANDOFF-PRIMARY-CONTROLLER.md" maybe in the overlay or in a tar. Search for "HANDOFF" case-insensitively across the whole longrun tree.

Let me also check `prepare_remote.py` and the remote host setup to know if `release/` should be copied into my worktree from overlay.

Then plan:
1. Copy integrated_overlay/release → my worktree release/ (preserving artifacts; read-only copy).
2. Verify pinned toolchain (lean-toolchain content, elan version availability, mathlib cache).
3. Run `lake build` and `lake env lean` per authored file — may take a long time (mathlib imports). Check whether .lake/build cache exists to reuse; but "clean build" acceptance says run pinned release clean build. A fully clean mathlib build could take hours. Let me check if .lake packages/build are present in overlay release (probably not, since find showed only .lean files under integrated_overlay/release... let me confirm no .lake).

Actually the find output for integrated_overlay/release showed only lean files and dirs; maxdepth 4 though. Let me check for .lake.

4. Enumerate declarations: use `lake env lean` + `#print axioms` or a script that parses `#check`/declarations. Better: build with `lake build` then run a Lean metaprogram that prints all declarations' axioms in each module. Or use `lake env lean --run` script. Simpler approach: for each authored file, run `lake env lean` with a trailing `#print axioms` for selected declarations? But "enumerate declarations and axiom cones" suggests a programmatic scan: parse each .lean file for `theorem|lemma|def` names and print axioms for each. Using `#print axioms` on all is expensive but doable via a Lean script that uses `Lean.Environment` to iterate constants in modules and `Lean.CollectAxioms`.

Approach: write a `Audit/DeclScan.lean` that imports all project modules and, in `#eval`, iterates over `env.constants`, filters by module name prefix `Poincare`, and for each theorem/def computes `CollectAxioms`. Actually mathlib has `#print axioms` and `Lean.collectAxioms`. There's `Lean.EnvExtension` etc. A robust approach: use `run_cmd` / `#eval` with `Lean.Elab.Command`? Simpler: use `lake env lean` with a script file that uses `import Lean` + `import Poincare...` then `#eval` to print. `CollectAxioms.collect` requires importing `Mathlib.Util.PrintAxioms`? Let me recall mathlib: `Mathlib/Util/PrintAxioms.lean` defines `#print axioms` and `Mathlib.Util.PrintSorries`. The core `Lean.Elab.Command` provides `collectAxioms`? In Lean 4 core, `Lean.collectAxioms (env) (constName)` exists in `Lean/Util/CollectAxioms.lean`? Actually `Lean.collectAxioms` is in `Lean.Util.CollectAxioms` (core), returning `NameSet` of axioms including `sorryAx` detection via `CollectAxioms.collect`. In Lean 4 core there's `Lean.collectAxioms : Environment → Name → NameSet`. And `Lean.axioms`? Let me check what's available in the installed toolchain.

Alternatively, use mathlib's `#print axioms foo` syntax in a generated file, once per declaration — that's simple and robust. The output text can be parsed. With ~hundreds of declarations that's fine (single lean process with many `#print axioms` lines; each is fast).

But first, I need the release to build. Let me check environment: `elan`, `lake`, mathlib cache.

Plan for enumeration: generate a Lean file that imports all release modules (e.g., `import Poincare` if there's an aggregate) and then has `#print axioms Name` for each declaration found by parsing source. Or a Lean metaprogram that walks the environment. Let me first see the size of the release: count .lean files and declarations.

Let me now dig into the release state, toolchain, and check for presence of a canonical DAG / handoff doc.

Also: the queue/state reconciliation — D12-plan has blockers A1..A3, P1..P5, U*, I*. Named blockers M1, A1, P5. M1 might be defined in the D12 plan or the D13 plan? Let me grep the plan for "M1" and read "acceptance" of the plan. Actually the plan's "acceptance" keys are different. Let me grep whole D12-plan for "M1".

Let me batch:
1. grep -n 'M1' D12-plan.json across longrun (excluding worktrees).
2. Check release dirs: .lake presence and size; lean-toolchain; lakefile.
3. Look for HANDOFF/CANONICAL case-insensitively.
dsh: reasoning:
The integrated_overlay/release has NO lakefile, toolchain, or manifest — it's just Lean sources (an overlay to be merged into a base release). So the actual buildable release with lakefile is in `worktrees/D6_weekly_release/release/` (has lakefile.toml, lean-toolchain, lake-manifest.json, .lake) — but that's the D6 release (older, pre-D7/D8/D9/D10).

Hmm, so what's the "pinned release"? The task says "run pinned release clean build". Let's look at D6-weekly-release.md result card, D8-release-packaging, D13-integrated-kernel-audit results — these should define the release state and the pinned toolchain (Lean 4.32.1?).

Let's read:
- longrun/results/D6-weekly-release.md + .json
- longrun/results/D8-release-packaging.md
- longrun/results/D13-integrated-kernel-audit.md
- longrun/results/D12-semantic-ledger.md (mentions A1..P5)

And check the overlay release for a manifest of what was integrated. Maybe there's a newer release elsewhere (D13 worktrees). Let me search for directories named `release` containing lakefile.toml with a fresh timestamp.

Let me look at all worktrees that have release/lakefile.toml and their mtimes.
dsh: reasoning:
Note: `worktrees/L4-geometric-critical-path/release` has 500 .lean files with mtime 2026-09-09 11:48:52 — this is odd; L4 is a new leader worktree created 22:59 today. Perhaps the new leader worktrees were seeded by copying an older release. Let me check `worktrees/L4-geometric-critical-path/` and my own worktree — mine has no release. Hmm, wait: L4's release has 500 lean files — maybe that's because it includes mathlib? Actually `find $d -name '*.lean'` counts .lake/packages/mathlib files too if present! So D10-heat-kernel-euclidean/release with 69 files may not include .lake; L4's 500 might include .lake packages. Let me be careful: count lean files excluding .lake.

Also interesting: no D13 release dir, and integrated_overlay has no lakefile. So the newest "release" with a lakefile is D10-heat-kernel-euclidean (2026-09-10 08:58) and D9-cheeger-gromov (08:44). The overlay was created 2026-09-10 20:19 which merged D7-D10 sources into a release source tree — but without lakefile/toolchain? Let me check integrated_overlay more thoroughly, maybe the lakefile is at integrated_overlay root rather than release.

Actually `find integrated_overlay -maxdepth 4` earlier didn't show a lakefile — because maxdepth 4 was enough (integrated_overlay/release/lakefile.toml is depth 3). It's not there. So integrated_overlay/release is a bare source overlay.

Let me now read the key result cards to understand the current release state and the named blockers. Priority:
1. D6-weekly-release.md (the weekly release manifest = baseline).
2. D13 output? There are no D13 results in longrun/results? Let me check the full results list.
3. D12-semantic-ledger.md (has A1, P5).
4. D8-release-packaging.md.

Let me list results dir fully.
dsh: reasoning:
Good context. Now let me read D12-semantic-ledger.md — it lists blockers A1, A2, A3, P1, P5 and likely M1 too (maybe M for "missing"). The named blockers for L1 are M1, A1, P5. Let me read the semantic ledger and search for blocker definitions.

Also check D13 worktrees state (D13-integrated-kernel-audit etc.) — their result cards may not be in longrun/results but in their worktrees. Let me check each D13 worktree for longrun/results/*.md.

Let me do a broad search for M1 definitions: grep -rn "M1" in longrun/results and worktrees/*/longrun/results.
dsh: reasoning:
So the blocker taxonomy:
- U1-U12: upstream mathlib gap
- I1-I8: explicit unproved interface
- A1-A3: audit residual
- P1-P5: process obligations
- H1-H3: informational

Named blockers for L1 (M1, A1, P5):
- M1 likely "milestone 1" — the baseline build/verify milestone.
- A1: "the sharp restatements now exist and are proved in Poincare.D7.EvolutionSharp but promoted D4 statements unchanged → A1 remains open until upstream restatement" (audit residual: promoted D4 statement differs from sharp restatement).
- P5: "open process obligation — fresh hashes recorded by this task" — the process obligation to record fresh hashes.

Let me read D12-semantic-ledger.md fully (15K) to understand the full context and where the canonical DAG is. Also check blockers.json in D12 state.

Let me also read D12-plan.json's tasks with blockers A1/P5 to get exact statements. Then set up the release build.

Priorities and time: 4 hours invocation. Build could take a while. Let me first assess build feasibility: is there a prebuilt .lake with mathlib oleans usable? Check `.mathlib-cache` in main repo (446464 bytes dir with many files — that's the mathlib cache of oleans?). And `elan`, `toolchain-cache`.

Check:
- `ls /data3/guoshaoyang/workdir/lean_poincare/.mathlib-cache | head`
- `cat worktrees/D10-heat-kernel-euclidean/release/lean-toolchain`
- `ls worktrees/D10-heat-kernel-euclidean/release/.lake/packages` and du
- `which lake; lake --version; elan show`

Let me batch.
dsh: reasoning:
Key facts:
- elan has toolchains v4.31.0-rc2, v4.32.1, v4.34.0-rc2.
- D10's release has lean-toolchain `leanprover/lean4:v4.34.0-rc2` but NO .lake (not built).
- D6's release has lean-toolchain v4.34.0-rc2, has .lake (315M, built).
- `.mathlib-cache` has 8863 `.ltar` files (446M) — likely cached mathlib olean tarballs used by `lake exe cache get`.

Wait — but the task prompt for L2 mentions "Lean 4.32.1 pin". The D10/D6 release says v4.34.0-rc2. Let me check what mathlib version these use. Let me look at D6's lake-manifest.json and the mathlib package in .lake/packages.

Also check whether the `release/` used by D10 has a different toolchain. Let me check several release dirs' toolchain and lakefile.

Plan:
1. Create my worktree's release/ by copying the most recent integrated release sources. Which base? Candidates:
   - `worktrees/D10-heat-kernel-euclidean/release` (69 lean files, toolchain v4.34.0-rc2, but no .lake)
   - `integrated_overlay/release` (overlay of D7+D8+D9+D10 sources, no lakefile)
   - Copy D6 release base (has lakefile + .lake + manifest) and overlay integrated sources on top? That's what the "integrated_overlay" concept implies: overlay with D7/D8/D9/D10 sources onto the D6 base.

Let me check if D10's release has a lakefile.toml with module globs that pick up D9/D10 dirs. And compare integrated_overlay's lakefile... it has none. Hmm.

Let me check D10's lakefile.toml and lake-manifest.json, and whether D10 release has .lake/packages (mathlib). The `ls .lake` returned nothing for D10 — so no build dir at all. How did D10 build then? Maybe they used the shared `.mathlib-cache` with `lake exe cache get` and built in place, then cleaned .lake? Or maybe D10 task used the D9 release as the base and built there.

Let me look at what's inside D10 release to understand: count files excluding .lake, check lakefile.

Also, check `longrun/infra/swarm` and `prepare_remote.py` — maybe the remote host (ophis-gpu) has the build. Actually, "Worktree: remote worktrees/leaders/L1-lean-baseline" suggests the intended execution host is remote ophis-gpu, but we're running locally on this machine (which has the elan and caches). The runtime says work in this worktree only. Fine.

Given 4h budget, a full clean mathlib build is expensive but `.mathlib-cache` (ltar) suggests we can `lake exe cache get` to fetch prebuilt mathlib oleans. And the toolchain v4.34.0-rc2 is installed locally. Let me test quickly whether a release builds.

First, let me look at the D6 release lakefile and manifest to know dependency versions.
dsh: reasoning:
The D10 release is the D6 release + D7/D8/D9/D10 additions (69 lean files). D6 base has 63 lean files, no D7+ content? Actually D6 release tree listed Poincare/D7? No — D6 release tree showed only Stage1, Stage6, Longrun, Basic. D10 has 69 files including D7-D10 presumably.

But the D10 release has no .lake (deleted or never built there). The D6 release has .lake built (315M) with mathlib v4.34.0-rc2 at rev 7974e751....

Given "preserve prior artifacts" and "clean build", the right approach:
1. Copy D10-heat-kernel-euclidean/release (newest full release with lakefile, 69 files) into my worktree as `release/`.
2. Copy the .lake/packages and .lake/build? A "clean build" means deleting .lake/build (or building fresh). But a full mathlib rebuild from source would take very long (hours). However, the mathlib olean cache can be fetched via `lake exe cache get` (there's a `.mathlib-cache` dir with ltar files which is likely the `~/.cache/mathlib` cache dir; 8863 ltars).

Actually `lake exe cache get` downloads from the mathlib cloud; network may be restricted. But `.mathlib-cache` in the repo root is probably a pre-populated mathlib cache directory. Let me check how it's used — maybe MATHLIB_CACHE_DIR? The env var is `MATHLIB_CACHE_DIR` I think. Or lake's cache uses `~/.cache/mathlib`.

Let me check D6's release lakefile — it uses mathlib rev master with lean-toolchain v4.34.0-rc2. The D6 .lake/packages/mathlib is the actual source checkout. Its .lake/build has oleans for mathlib. If I copy D6's .lake and then overlay D10 sources, I can build just the project files (fast, seconds-minutes). That's the practical approach: "clean build" of the project's own sources while reusing the pinned mathlib olean cache (that is normal practice; the pinned mathlib is from the manifest).

But careful: acceptance says "run pinned release clean build". A defensible interpretation: remove `.lake/build/lib/lean/Poincare*`, `Probe`, `Ledger`, `Audit` artifacts and rebuild all project modules from source with `lake build`, using the pinned mathlib oleans. Also verify the pinned mathlib rev matches the manifest exactly (source hash/commit hash), and record that.

Let me check D6 .lake/packages/mathlib git rev and whether it's v4.34.0-rc2 compatible.

Plan:
1. Set up my worktree: copy D10 release sources + D6 .lake (packages + build) → my release/. Actually simpler: copy D6 release entirely (with .lake), then rsync D10/Poincare, Audit, drivers over it, then `lake build` rebuilds changed modules. But D10 may have modified lakefile (adds D7/D9 modules?) — D10's lakefile is identical to D6's (Poincare globs cover subdirs). Also D10 may have added new top-level drivers. Let me diff D6 vs D10 release source trees to see what's added/changed.

Wait, but the integrated_overlay/release (Sep 10 20:19) is the newest integrated source state (includes D7, D8, D9, D10 presumably merged). Let me compare integrated_overlay/release vs D10 release. The overlay lacks lakefile/lean-toolchain/drivers. Hmm.

Let me compute a diff summary between D6 release, D10 release, and integrated_overlay/release. Also check D13-integrated-kernel-audit worktree — it might contain the newest release + an audit. Let me look at D13 worktrees.
dsh: reasoning:
Wait, diff D10 vs overlay says "Only in integrated_overlay/release/Poincare: D7, D8, D9" and "Only in integrated_overlay/release/Poincare/D10: BochnerEuclidean, GaussianToolbox, JacobiConstantCurvature, MaximumPrincipleRN, TriangulationLowDim". But diff -rq should have reported "Only in D10/release/Poincare/D10: HeatKernelEuclidean" if overlay lacks it... unless overlay has HeatKernelEuclidean too. Hmm, the head -40 truncated. Actually the output lists only 5 D10 subdirs as "only in overlay", meaning the D10 release has D10/{BochnerEuclidean? ...}. Confusing. Let me get the full diff and D10 subdir listing.

Also important: D13-integrated-kernel-audit is the most relevant: it's an integrated kernel audit with a release/ and manifest/, containing D10 result cards. It presumably has the newest integrated release with D7-D10 merged. Let me inspect it: its release tree, lakefile, .lake, manifest, and its result card.

Let me check D13-integrated-kernel-audit/release and its result card D13-integrated-kernel-audit.md (in its longrun/results? It wasn't listed in first 10 entries; let me list all).
dsh: reasoning:
Excellent! D13-integrated-kernel-audit has the richest integrated release:
- 456 .lean files (excluding .lake) — wait that's a lot; probably includes D7-D10 merged plus maybe other stuff.
- .lake is 2.1G with build/packages and recently modified (Sep 11 18:10).
- manifest/ with axiom-report.json, verified-declarations.json, blockers.json, etc.
- D13-integrated-kernel-audit.md result card.
- Its own longrun/results with all cards.

This is the "prior artifact" to baseline. The L1 objective: run pinned release clean build, enumerate declarations and axiom cones, reconcile queue/result-card/source-hash state, report drift.

Let me read the D13-integrated-kernel-audit.md card and manifest blockers.json. Then decide the baseline source: probably D13-integrated-kernel-audit/release (the newest integrated release) or the integrated_overlay. The overlay dir is dated Sep 10 20:19 = same as D13 release/Poincare (Sep 10 20:19). So D13's release = D10 release base + overlay (D7, D8, D9, D10 extras) applied. That's the integrated release. D13 release has .lake built at Sep 11 18:10 (2.1G).

Let me read the D13 card.
dsh: reasoning:
Excellent. Now I have a lot of context. Let me now read the D13 card's remaining sections (findings, blockers, hashes, and its final verdict TASK_DONE). Also the D12-semantic-ledger for M1/A1/P5. Then:

Plan for L1 baseline:
1. Set up my worktree release/: copy D13-integrated-kernel-audit/release → my worktree release/ (preserving), OR better: build from the D13 release source with a fresh `.lake/build`? The .lake is 2.1G; copying is expensive disk-wise but fine (we have space? check df). Alternatively, use `cp -al` hardlinks to preserve space, then delete build dirs for clean build. But "clean build" of 456 lean files on a 192-core host ~1.5 min per D13 card. Locally, how many cores? Let me check nproc. The D13 card says 192-core host. Our machine? Let's check.

Actually wait: is this machine the same as 360-1? The runtime says host credential. Let me check nproc and available RAM.

Approach for clean build:
- Copy D13 release sources only (no .lake/packages? but mathlib build is needed). Better: copy release/ with `cp -al` (hardlink) then remove .lake/build (project artifacts) but keep .lake/packages (mathlib source + prebuilt oleans in .lake/packages/mathlib/.lake/build). Actually mathlib's own oleans live in `.lake/packages/mathlib/.lake/build`. If I remove only `.lake/build` at the project level, project modules get recompiled but mathlib stays cached. That's a "clean project build", not a full mathlib rebuild. The D13 card did exactly this: "release/.lake/build was deleted and rebuilt from scratch" — project-level clean. Good, that's the standard.

Hmm, but D13 .lake/build is 2.1G total including packages. Let me check sizes: .lake/build vs .lake/packages.

Copying 2.1G with hardlinks is fast. But careful: hardlinks mean writing to the copy modifies the original too if written in place! Deleting files in the copy is safe (unlink doesn't affect original), but `lake build` writing new files: it writes new files (not modifying existing in place?) — Actually the compiler writes fresh files, replacing via rename maybe. Risk: `rm -rf .lake/build` on hardlinked tree unlinks the copy's names only — safe. Then rebuilding writes new files — fine.

However, for evidence integrity, using hardlinks means changes in my worktree could affect D13's .lake. Risky. Since `lake build` will recreate .lake/build, and I remove .lake/build first in my copy, there's no hardlink left in .lake/build. The packages' oleans: if lake decides to rebuild mathlib (toolchain match → it won't), it might write. Safer: copy with `cp -a` for .lake/packages too? That's ~2G copy; disk space? Let me check df.

Simpler and safer: create my own release/ package with:
- Sources copied from D13 release (excluding .lake).
- A mathlib package from a shared location. Is there a shared mathlib checkout? The D6 release .lake/packages/mathlib is 315M-ish (with build). D13's is 2.1G total including build of project + mathlib.

Let me check sizes and df. Also check whether `~/.cache/mathlib` or `.mathlib-cache` can supply oleans via `lake exe cache get`.

Actually, wait. Let me reconsider: maybe I should build in place in a copy but with `lake exe cache get` to fetch mathlib oleans (network?). Or reuse a mathlib .lake from any existing worktree via a copy.

Let me check disk space and sizes first.

Also important: nproc/memory. If this is a 192-core host, builds are fast.

Let me also read the rest of the D13 card (§5, §6 findings) and D12-semantic-ledger sections about A1/P5/M1 and the "next-20-tasks" to see if M1 is defined there.

Note "named blockers in scope: M1, A1, P5" — perhaps from the D13 plan `LONG_PLAN.json` in D13 worktrees. Let me grep for "M1" in those LONG_PLAN.json and next-20-tasks.
dsh: reasoning:
Interesting: `.lake/packages` is 4.0K — probably it's a symlink! Let's check: `ls -la release/.lake`. Probably `.lake/packages -> /data/.../shared`. That's great: shared prebuilt packages. And .lake/build is 2.1G.

192 cores, 2TB RAM. Builds will be fast.

Now let me check `.lake/packages` symlink target, then plan the copy: I can symlink `.lake/packages` into my release, and copy/produce a fresh `.lake/build`.

Now for M1/A1/P5 definitions. Let me search LONG_PLAN.json in D13 worktrees for M1. My grep returned nothing? The output shows nothing before "=== next-20 head ===". Let me check LONG_PLAN.json structure. Maybe M1 is a "milestone" defined in a different plan file (D12-plan or the `check_leaders.py`). Let me grep the whole longrun tree (excluding worktrees/*/release) for '"M1"' or 'M1:' patterns.

Actually earlier `grep -c 'M1' D12-plan.json` returned 0. And in results/ + worktrees/*/longrun/results/ nothing. Let me search the main `longrun/` non-worktree files, prompts, docs.

Perhaps M1/A1/P5 come from a "canonical DAG" that the leader prompt expects to exist but doesn't. Could be in the supervisor's `poincare_next_wave.py` or `D12-plan.json` followup. Let me grep for "M1" in the whole main repo (excluding .lake, .git).

Also: maybe the "M" series = milestones from HANDOFF-PRIMARY-CONTROLLER.md, which is missing. I should report those docs as missing (drift evidence). But the named blockers M1/A1/P5 need concrete definitions. A1 and P5 are defined in D12-semantic-ledger/blockers.json. M1 maybe from the D12-plan "milestones" section... but grep says no "M1".

Let me grep for "milestone" in D12-plan.json.
dsh: reasoning:
IMPORTANT: `readlink -f` shows the symlink resolves to `/data3/.../lean_poincare/poincare-lab/.lake/packages` — NOT the D6 path printed by `ls -la` (which is the literal link). Hmm, wait: the literal symlink target is `worktrees/D6_weekly_release/release/.lake/packages` (relative to... the symlink's dir? No, symlinks store the literal string; `ls -la` shows the stored string, which is a long absolute path `/data3/.../worktrees/D6_weekly_release/release/.lake/packages`). readlink -f resolves that path; apparently in the resolved path there's another symlink (D6 .lake/packages → poincare-lab/.lake/packages). So the packages chain: D13 → D6 → poincare-lab. Let me verify D6's .lake/packages link.

Wait, but readlink -f resolved with relative resolution from cwd? `readlink -f worktrees/...` — I passed a relative path "worktrees/D13.../packages" and it printed the poincare-lab path. So indeed chain.

Note: the `ls worktrees/D13.../.lake/packages/` worked and listed packages (Cli, mathlib, ...) — resolved through symlink chain.

So there's a shared prebuilt mathlib at `poincare-lab/.lake/packages/mathlib`. Good.

Now, "M1" — not found as a blocker ID. The only M1 in repo docs is a Prove2Me milestone (unrelated). So the named blockers M1/A1/P5 likely map to a scheme defined in the *missing* CANONICAL-DAG.md / HANDOFF-PRIMARY-CONTROLLER.md. The task expects me to read them; they're absent. This is drift evidence to report: referenced control documents missing. I should classify:
- A1: audit residual (sharp restatement vs promoted D4 statement) — defined in D12-semantic-ledger.
- P5: process obligation — fresh hashes / release-source delta (D6 blockers).
- M1: likely the milestone-1 baseline build itself (my task's objective). I'll treat M1 as "baseline build/audit milestone" as defined by my own objective, and explicitly note the missing canonical definition. Since my acceptance is to run the baseline build and enumerate declarations/axiom cones and reconcile queue/result-card/source-hash state, M1 = that.

Let me now check the D12-semantic-ledger for the A1 and P5 details and D13-critical-path-review results (which might define M-milestones). Let me grep for "M1" in D13-critical-path-review worktree files (LONG_PLAN.json, docs, manifest).

Actually wait — maybe the blocker naming comes from the L2/L3/L4/L5 prompts' "named blockers" — e.g., L2 has M2, U1, U3; L5 has M8, A3, I6, I7; L3 has U6, U8, U12; L4 has U3, U7, U9, I4, I5. So "M#" = "milestone #" for each leader: M1 = milestone 1 for L1, M2 = milestone 2 for L2, M8 for L5, M3 for L3/L4, M4 for L5... Hmm, that suggests M1..M8 are milestones of the canonical DAG (probably from CANONICAL-DAG.md). Without that doc, I'll define M1 by my objective.

Let me check the prompts_v2 dir and decisions dir, plus docs/ for a canonical DAG or handoff. Also check `longrun/inbox` for messages to me. And `longrun/check_leaders.py`, `poincare_next_wave.py` for milestone definitions.
dsh: reasoning:
Good. Now I have a clear picture. The "canonical DAG" and "handoff" docs are absent — likely a reference to files that the leader program expected. I'll record that as drift.

Now, let me look at D12-semantic-ledger.md for A1/P5 exact content, and D13-critical-path-review card (which might define milestone M1..M8). Let me grep for "milestone" in D13-critical-path-review results.

Then start the build.

Time management: I've used ~15 min. Let me set up a todo list and get moving on the build (long pole).

Build plan:
1. Create `/data3/.../worktrees/L1-lean-baseline/release/` as a copy of D13-integrated-kernel-audit/release sources (excluding .lake), with `.lake/packages` symlink pointing to the shared mathlib packages (copy the symlink target path from D13: `/data3/.../poincare-lab/.lake/packages`) — but careful: package symlink target must be correct. I'll replicate D13's `.lake/packages` symlink.
2. Verify manifest/toolchain pins: sha256 of lean-toolchain, lake-manifest.json, and the mathlib git HEAD in the packages dir.
3. Fresh build: `rm -rf .lake/build` (won't exist in my copy), then `lake build` (or `lake -R build`?) capture log + exit code + timing.
4. Authored-file checks: `lake env lean <file>` for each authored file (or at least the drivers + a defined set). Better: per-file `lake env lean` over all authored files excluding known negative-control modules. That's 456 files; at ~1-2s each = ~10 min. Can run in parallel with xargs -P.
5. Axiom audit: write an Audit module that iterates environment constants for all project modules and collects axiom cones, fail-closed. Or use existing D13 audit modules in the release (`Poincare/D13/IntegratedAudit/`). D13 release has AuditCore etc. I can re-run `KernelAudit.lean`-equivalent. Let me check what D13 release contains in Poincare/D13/IntegratedAudit.
6. Declaration enumeration: count declarations per module with axiom cones → produce JSON.
7. Reconcile source hashes vs D13 card/manifest: compare hashes of files in my release against D13's recorded hashes (manifest has input-hashes.json / snapshot-provenance.json in audit-evidence). Report drift.
8. Reconcile queue/result-card state: queue.json tasks' status vs result cards present; P1 stale queue etc.
9. Write result card L1-lean-baseline.md/.json in my worktree longrun/results/, ending TASK_DONE or TASK_BLOCKED.
10. Checkpoint hourly, comms outbox child tasks JSON, research brief updates.

Key decision: Should the baseline release be D13's integrated snapshot? The objective says "pinned release clean build" and "reconcile queue/result-card/source-hash state" and "Preserve prior artifacts". D13's release is the most complete (456 files, D7-D12 integrated + D13 audit modules). It also comes with manifest artifacts (verified-declarations.json with 8161 declarations etc.).

Wait — 456 lean files excluding .lake... D13 card says 286 pre-existing + 176 added + 10 authored = 472? Hmm, "286 files" includes non-Lean. Fine.

Let me check D13 release's Poincare/D13 dir and drivers, and the audit-evidence provenance file. Also check for negative control modules to exclude.

One concern: my worktree is on the shared filesystem; D13's release is a hardlinked/symlinked structure. I'll copy sources with `cp -a` (real copies, ~few MB) and symlink `.lake/packages`. The `.lake/build` I'll let lake create fresh.

Let me first check what `.lake/packages` symlink should be: D13's points to `worktrees/D6_weekly_release/release/.lake/packages` (absolute), which itself is likely a symlink to poincare-lab/.lake/packages. I'll create mine pointing directly to the resolved `poincare-lab/.lake/packages` — or better, replicate the same relative structure? lake resolves symlinks fine. But careful: writing to `.lake/packages`? lake won't modify packages if manifest matches and oleans are up to date. Actually `lake build` might check/update package revisions? With `--no-fetch`? By default `lake build` will fetch missing packages if not present; with symlink present and manifest satisfied, it won't.

Alternatively, `cp -al` D13's .lake/build for speed then rm -rf build. No, we want a fresh build; just let lake compile the project (~456 files, 9339 jobs in D13 at ~1.5 min on 192 cores). Our host is also 192 cores (nproc=192). 

Let me verify the toolchain works: `cd release && lake --version` etc.

Let me now also read D12-semantic-ledger.md and D13-critical-path-review card to get A1/P5 definitions, in parallel with setting up the release copy.

I'll use background jobs for the copy+build.

First, examine D13 release structure a bit more, then do the copy.
dsh: reasoning:
The D13 release includes its own audit machinery (AuditCore, KernelAudit, FullAudit, StatementAudit, etc.). This is excellent: I can reuse the *same fail-closed detector* (independent rebuild, not re-authoring) — that's actually ideal for an independent baseline: rebuild from sources, run the same detector, and additionally run my own independent checks.

But careful: using D13's own audit modules means the audit is not fully independent. My task is a baseline replication: run the pinned release clean build + fail-closed axiom audit. For independent acceptance, an independent *replication* with its own detector would be stronger. I can do both:
1. Rebuild the release and re-run D13's KernelAudit/FullAudit (replication of prior evidence).
2. Write my own independent audit script (L1Audit) using a different mechanism: literal `#print axioms` for public declarations + a generated environment scan, plus independent forbidden-token scan and statement-shape checks.

Time budget is 4h; we have plenty of cores. Let's move.

First, staging. Where to put release/? My worktree root: `/data3/.../worktrees/leaders/L1-lean-baseline/release/`. Note `pwd` was worktrees/L1-lean-baseline (symlink to leaders/...). Both same.

Staging approach:
```
WORK=/data3/guoshaoyang/workdir/lean_poincare/longrun/worktrees/leaders/L1-lean-baseline
SRC=/data3/.../worktrees/D13-integrated-kernel-audit/release
mkdir -p $WORK/release
# copy sources excluding .lake
cd $SRC && find . -path ./.lake -prune -o -type f -print0 | cpio? 
```
Use tar: `tar -C $SRC --exclude='./.lake' -cf - . | tar -C $WORK/release -xf -`. Preserves modes/times. Then:
```
mkdir -p $WORK/release/.lake
ln -s /data3/.../poincare-lab/.lake/packages $WORK/release/.lake/packages
```
Wait, does the mathlib package in poincare-lab/.lake/packages correspond to the manifest rev 7974e751...? D13 used it. Let me verify its git HEAD.

Also: `lake build` needs `.lake/packages` and `lake-manifest.json`; the symlink approach is proven by D13.

Potential issue: lake may want to write `.lake/packages/*/.lake` build dirs. Those are inside the shared poincare-lab dir — writes could affect other users of the shared package. But that's exactly what D13 did (symlink to shared packages). Rebuild only recompiles outdated packages; since manifest/rev match, nothing to do. Acceptable.

To be safest and avoid mutating shared state, I could copy `.lake/packages` with cp -a (how big?). Let me check size of poincare-lab/.lake/packages. Earlier: D6 .lake was 315M total, with packages symlinked out, so the real mathlib packages dir includes mathlib source + oleans. Let me check du.

Actually 2.1G was D13's build. Let me measure packages dir.

Also I need to check the `.mathlib-cache` relevance: probably from earlier cache get.

Let me check package sizes and mathlib git rev.
dsh: reasoning:
The shared mathlib is at exactly the pinned rev `7974e751bece493b6ff508039423ca9fa2452fa8`, clean git status (no output). Toolchain v4.34.0-rc2 matches. 8.8G mathlib with built oleans (8.2G).

I'll symlink `.lake/packages` to the shared dir (same as D13 did) — no copying 9.6G. To be extra safe against mutating shared state, I could copy just mathlib's .lake oleans via hardlinks... no, symlink is what prior artifacts did; acceptable and space-efficient. But note: if lake decides to rebuild a package, it writes into the shared dir. Since manifest revs match exactly and oleans exist, it won't rebuild. I'll run `lake build` without `lake update`.

Hmm, one risk: `lake build` may run `lake exe cache get`? No.

Let me now stage the release. Steps:
1. mkdir worktree/release
2. tar copy from D13 release excluding .lake
3. ln -s packages
4. Record pre-build source hashes (sha256 of all .lean + config files) → my evidence dir.
5. `lake build` with fresh .lake/build.

Also: preserve prior artifacts — I'm only copying, not modifying D13.

I'll also record the full file list + hashes to compare with D13's recorded `final-release-hashes.txt` and `snapshot-provenance.json`.

Let me do the staging now. Also checkpoint.json update soon.

For evidence organization, create in my worktree:
- `baseline/` dir for scripts/logs
- `longrun/results/`
- `comms/outbox/`

Let me stage.

Note: my worktree currently has no release/. Also `lake build` requires the `lakefile.toml` etc. Included in the copy.

Let me run the copy.
dsh: reasoning:
456 lean files staged. Now:
1. Hash all source files (pre-build) into baseline/logs/source-hashes-pre.txt.
2. Verify pins: lean-toolchain content sha, lake-manifest sha, mathlib git rev.
3. Run `lake build` fresh (no .lake/build). Capture exit code and log.

Note: `lake build` defaultTargets — check lakefile in D13 release: name PoincareRelease, defaultTargets maybe includes everything. Let me cat it. Then run build in background with timing.

Let me start the build now (background job) while I continue reconnaissance.
dsh: reasoning:
Now, start the fresh build in the background.

Command: `cd release && rm -rf .lake/build && time lake build > log 2>&1; echo exit=$?`

But careful: `lake build` will compile all defaultTargets. D13 got 9339 jobs in ~1.5 min. Let's run it.

Also `lake env lean` per-file checks afterward.

Note about PATH: need elan bin in PATH. The env PATH already includes `/data3/guoshaoyang/workdir/lean_poincare/elan/bin`. Good.

Let me start the build job.
dsh: reasoning:
Build running in background job bash-1. Meanwhile, continue reconnaissance:

1. Read D12-semantic-ledger.md key sections (A1, P5).
2. Read D13-critical-path-review card (milestones? named blockers?).
3. Read D13-integrated-kernel-audit card rest (§5-§7).
4. Reconcile queue.json task statuses vs result cards.

Let me read D12-semantic-ledger.md sections. Let me grep line numbers for "A1", "P5", "M1" and read around them.
dsh: reasoning:
No M# milestones in D13-critical-path-review. Let me look at whether D13-critical-path-review mentions the handoff documents or "canonical". Also grep prompts_v2 which are the wave-3 prompts (D13-*). Actually the leader prompts likely came from `prompts_v2`. Let me list prompts_v2 fully and check for CANONICAL-DAG.md mention.

Also let me now check build progress.
dsh: reasoning:
Build still running. Let me continue reconnaissance on:
1. The queue state reconciliation (queue.json task statuses).
2. D13-integrated-kernel-audit manifest: verified-declarations.json (8161 decls), input-hashes, verification.json — these are the prior baseline artifacts I must reconcile against.
3. Check D13's final-release-hashes.txt and compare against my staged hashes.

Let me compare my `source-hashes-pre.txt` with D13's `audit-evidence/final-release-hashes.txt`. The formats may differ (paths). Let me inspect.

This is a key reconciliation step: "reconcile ... source-hash state". Since I copied from D13 bit-for-bit, the hashes should match exactly, except .lake. Let me verify programmatically.
dsh: reasoning:
Note: `manifest/verification.json` in D13 worktree is actually the D6 verification (copied), not D13's. D13's own evidence is in audit-evidence/. Fine.

Let me compare my staged hashes vs D13's final-release-hashes.txt. Both are sha256sum output with `./` relative paths. My file has 462 lines including lean-toolchain/lakefile/manifest — same count as D13's 462. Let me diff.

Then continue with queue reconciliation.
dsh: reasoning:
Source hashes match D13's final-release-hashes.txt exactly (462/462, zero diff).

Queue: 92 tasks: 83 verified, 6 running (the 5 leaders + 1 other?), 1 blocked, 1 queued, 1 paused. Let me see which is blocked/queued/paused and reconcile with result cards present on disk (my worktree? main longrun/results only has ~28 cards, but D13 worktree has many). The queue's "verified" status likely refers to cards in each task's own worktree.

Let me now check the leader-registry note: L2-L5 worktrees were seeded... whatever.

Now check build progress.

Meanwhile, plan the audit approach. Let me look at D13's AuditCore.lean and KernelAudit.lean to understand how to re-run. Also, importantly: the release's defaultTargets include Poincare lib with globs Poincare.+ — does that include the D13 IntegratedAudit modules (which are in Poincare/D13/...)? Yes, Poincare.+ matches Poincare.D13.IntegratedAudit.*. And KernelAudit.lean is a module that raises an error unless checks pass — building the `Poincare` lib would run it? In Lean, `#eval` at elaboration runs when compiling the module. Yes.

But careful: KernelAudit may take a long time and produce huge output. D13 ran it as `lake build` defaultTargets. Let me check the expected module list and whether KernelAudit is part of the default build (it is under Poincare lib). Building all 456 files might be heavy — D13 said 9339 jobs ~1.5 min on 192 cores. Fine.

Also, D13's audit excludes the 2 negative-control modules from SnapshotRoot. If KernelAudit is in the default targets, the negative control test is a separate file (audit-evidence/negcontrol/NegativeControlIncluded.lean) which fails the build intentionally. I'll re-run that separately expecting exit 1.

Let me check build job status.
I'll start by understanding the current state of this worktree and the task context.
