dsh: reasoning:
Let me start by understanding the current state of the worktree. I need to:
1. Read checkpoint.json, LONG_PLAN.json, results files
2. Read the existing Lean files under release/Poincare/D12/SurgeryRecognition/
3. Read upstream integration docs
4. Build from release/
5. Continue the work

Let me begin by exploring the worktree.
dsh: reasoning:
There's no checkpoint.json at the root and no existing D12 files. Let me explore the structure more. Let me check LONG_PLAN.json, the release directory, longrun results, and third_party.
dsh: reasoning:
Now let me understand the task. My task is D12-surgery-recognition:

"Expand RecognitionHypotheses, ExtinctionCertificate, ConnectedSumDecomposition and SphericalPieceRecognition. Prove one substantive topology/geometry lemma that replaces an assumed field (e.g. a correct covering-space recognition or connected-sum simple-connectivity implication) with an actual construction. Existing 'sphere_of_spheres' and 'recognize' fields are assumptions, not proofs. If unavailable, formalize the smallest nontrivial prerequisite and a reviewed decomposition of neck estimates, surgery existence, finite extinction and final topology. Do not conflate an abstract well-founded decreasing complexity with extinction of an actual Ricci flow."

So I need to:
1. Find the existing RecognitionHypotheses, ExtinctionCertificate, ConnectedSumDecomposition and SphericalPieceRecognition modules in release/.
2. Read the D7/D10/D11 sources and available result cards.
3. Read the pinned mathlib source.
4. Read docs/UPSTREAM-INTEGRATION.md and third_party/frenzymath/IMPORT.md.
5. Build from release/.

Let me first explore the release tree and find the relevant modules.
dsh: reasoning:
The grep didn't find RecognitionHypotheses etc. in release. Let me search more broadly, including the third_party snapshot. Also check the D7/D10/D11 sources mentioned. Let me check what "available result cards" exist — maybe in longrun/results/ or input/.
dsh: reasoning:
Interesting — the names RecognitionHypotheses, ExtinctionCertificate, ConnectedSumDecomposition, SphericalPieceRecognition don't exist anywhere in the current snapshot. The task says "Expand RecognitionHypotheses, ExtinctionCertificate, ConnectedSumDecomposition and SphericalPieceRecognition". These may be names from the frenzymath snapshot. Let me search there. Also check where "sphere_of_spheres" and "recognize" fields exist — maybe in the D7 sources referenced. Let me search the third_party snapshot.
dsh: reasoning:
Interesting — no matches for the recognition names in the frenzymath snapshot either. The names "RecognitionHypotheses", "ExtinctionCertificate", "ConnectedSumDecomposition", "SphericalPieceRecognition", "sphere_of_spheres" might be in D7 sources. But there is no D7 in this worktree... wait, the task said "Read D7/D10/D11 sources, available result cards, the pinned mathlib source and LONG_PLAN.json". Maybe the D7 sources are in the parent worktree. Let me check the parent directory.
dsh: reasoning:
There are sibling worktrees. The D7 sources might be in the D6_weekly_release worktree. But my instructions say "Work only in this isolated worktree." However, reading sources from sibling worktrees is presumably fine (read-only). The task says "Read D7/D10/D11 sources, available result cards". Let me look at the D6_weekly_release worktree for D7 sources, and check the manifest directory contents in my worktree. Also, maybe the names are in the release/Ledger or release/Audit directory.

Let me first check release/Ledger and release/Audit, and also search the sibling D6_weekly_release worktree for those names.
dsh: reasoning:
The D7 Recognition sources exist in the sibling worktrees (D11-comparison-geometry-models, D11-triangulation-3d, D11-reduced-volume-euclidean). But my worktree doesn't have them. Hmm — the task says "The snapshot may include preliminary dependencies: rebuild before relying on them." But the D7 Recognition directory isn't in my release/. Let me check if there's a D7 directory in my release at all.
dsh: reasoning:
There's no lakefile.lean in release? Let me check. "cat release/lakefile.lean" printed nothing. Let me look at the release directory contents more carefully. Also there's no D7 directory in my release. The D7 Recognition sources exist only in sibling worktrees. Since I "work only in this isolated worktree", I can copy the D7 Recognition sources into my release? Hmm, but the instructions say "Do NOT re-scaffold, delete imported modules..." and "Add authored Lean files under release/Poincare/D12/SurgeryRecognition/". 

The task objective says: "Expand RecognitionHypotheses, ExtinctionCertificate, ConnectedSumDecomposition and SphericalPieceRecognition." These are in D7 Recognition modules in sibling worktrees. The snapshot in my worktree may not include them. Let me check the release/.lake directory and how the package is configured. Let me look at the release dir top-level.
dsh: reasoning:
Now I understand the layout. My release/ doesn't have a D7 Recognition directory. The D7 sources are in sibling worktrees. The task tells me to "Expand RecognitionHypotheses, ExtinctionCertificate, ConnectedSumDecomposition and SphericalPieceRecognition". Since they don't exist in my worktree, I need to look at the D7 Recognition sources in a sibling worktree to understand the target definitions, then create my own versioned copies or expansions under release/Poincare/D12/SurgeryRecognition/.

The instructions: "If an upstream definition is wrong, create a versioned corrected definition plus proved compatibility in your directory instead of silently changing the target." And "Add authored Lean files under release/Poincare/D12/SurgeryRecognition/ and a task-local audit module."

Since the D7 Recognition modules aren't in my release package, I need to either:
1. Import them if they exist in my package (they don't), or
2. Copy the D7 Recognition sources into my

