LinearMap.trace.{u, v} (R : Type u) [CommSemiring R] (M : Type v) [AddCommMonoid M] [Module R M] : (M →ₗ[R] M) →ₗ[R] R
LinearMap.trace_eq_matrix_trace.{u, v, w} (R : Type u) [CommSemiring R] {M : Type v} [AddCommMonoid M] [Module R M]
  {ι : Type w} [DecidableEq ι] [Fintype ι] (b : Module.Basis ι R M) (f : M →ₗ[R] M) :
  (LinearMap.trace R M) f = ((LinearMap.toMatrix b b) f).trace
LinearMap.trace_smulRight.{u_1, u_2} {R : Type u_1} [CommRing R] {M : Type u_2} [AddCommGroup M] [Module R M]
  [Module.Free R M] [Module.Finite R M] (f : M →ₗ[R] R) (x : M) : (LinearMap.trace R M) (f.smulRight x) = f x
LinearMap.trace_id.{u_1, u_2} (R : Type u_1) [CommRing R] (M : Type u_2) [AddCommGroup M] [Module R M] [Module.Free R M]
  [Module.Finite R M] : (LinearMap.trace R M) LinearMap.id = ↑(Module.finrank R M)
LinearMap.trace_prodMap'.{u_1, u_2, u_3} {R : Type u_1} [CommRing R] {M : Type u_2} [AddCommGroup M] [Module R M]
  {N : Type u_3} [AddCommGroup N] [Module R N] [Module.Free R M] [Module.Finite R M] [Module.Free R N]
  [Module.Finite R N] (f : M →ₗ[R] M) (g : N →ₗ[R] N) :
  (LinearMap.trace R (M × N)) (f.prodMap g) = (LinearMap.trace R M) f + (LinearMap.trace R N) g
Module.Basis.prod.{u_1, u_2, u_3, u_4, u_5} {ι : Type u_1} {ι' : Type u_2} {R : Type u_3} {M : Type u_4} {M' : Type u_5}
  [Semiring R] [AddCommMonoid M] [Module R M] [AddCommMonoid M'] [Module R M'] (b : Module.Basis ι R M)
  (b' : Module.Basis ι' R M') : Module.Basis (ι ⊕ ι') R (M × M')
Module.Basis.prod_apply_inl_fst.{u_1, u_2, u_3, u_4, u_5} {ι : Type u_1} {ι' : Type u_2} {R : Type u_3} {M : Type u_4}
  {M' : Type u_5} [Semiring R] [AddCommMonoid M] [Module R M] [AddCommMonoid M'] [Module R M'] (b : Module.Basis ι R M)
  (b' : Module.Basis ι' R M') (i : ι) : ((b.prod b') (Sum.inl i)).1 = b i
Module.Basis.prod_apply_inr_snd.{u_1, u_2, u_3, u_4, u_5} {ι : Type u_1} {ι' : Type u_2} {R : Type u_3} {M : Type u_4}
  {M' : Type u_5} [Semiring R] [AddCommMonoid M] [Module R M] [AddCommMonoid M'] [Module R M'] (b : Module.Basis ι R M)
  (b' : Module.Basis ι' R M') (i : ι') : ((b.prod b') (Sum.inr i)).2 = b' i
Module.Basis.prod_repr_inl.{u_1, u_2, u_3, u_4, u_5} {ι : Type u_1} {ι' : Type u_2} {R : Type u_3} {M : Type u_4}
  {M' : Type u_5} [Semiring R] [AddCommMonoid M] [Module R M] [AddCommMonoid M'] [Module R M'] (b : Module.Basis ι R M)
  (b' : Module.Basis ι' R M') (x : M × M') (i : ι) : ((b.prod b').repr x) (Sum.inl i) = (b.repr x.1) i
Module.Basis.reindex.{u_1, u_2, u_3, u_4} {ι : Type u_1} {ι' : Type u_2} {R : Type u_3} {M : Type u_4} [Semiring R]
  [AddCommMonoid M] [Module R M] (b : Module.Basis ι R M) (e : ι ≃ ι') : Module.Basis ι' R M
Fintype.sum_sum_type.{u_4, u_5, u_6} {α₁ : Type u_4} {α₂ : Type u_5} {M : Type u_6} [Fintype α₁] [Fintype α₂]
  [AddCommMonoid M] (f : α₁ ⊕ α₂ → M) : ∑ x, f x = ∑ a₁, f (Sum.inl a₁) + ∑ a₂, f (Sum.inr a₂)
HasDerivAt.sum.{u, v, u_1} {𝕜 : Type u} [NontriviallyNormedField 𝕜] {F : Type v} [NormedAddCommGroup F]
  [NormedSpace 𝕜 F] {x : 𝕜} {ι : Type u_1} {u : Finset ι} {A : ι → 𝕜 → F} {A' : ι → F}
  (h : ∀ i ∈ u, HasDerivAt (A i) (A' i) x) : HasDerivAt (∑ i ∈ u, A i) (∑ i ∈ u, A' i) x
hasDerivAt_const.{u, v} {𝕜 : Type u} [NontriviallyNormedField 𝕜] {F : Type v} [NormedAddCommGroup F] [NormedSpace 𝕜 F]
  (x : 𝕜) (c : F) : HasDerivAt (fun x => c) 0 x
crossProduct.{u_1} {R : Type u_1} [CommRing R] : (Fin 3 → R) →ₗ[R] (Fin 3 → R) →ₗ[R] Fin 3 → R
cross_dot_cross.{u_1} {R : Type u_1} [CommRing R] (u v w x : Fin 3 → R) :
  (crossProduct u) v ⬝ᵥ (crossProduct w) x = u ⬝ᵥ w * v ⬝ᵥ x - u ⬝ᵥ x * v ⬝ᵥ w
cross_cross_eq_smul_sub_smul'.{u_1} {R : Type u_1} [CommRing R] (u v w : Fin 3 → R) :
  (crossProduct u) ((crossProduct v) w) = (u ⬝ᵥ w) • v - (v ⬝ᵥ u) • w
Unknown constant `CovariantDerivative.curvature`
Unknown identifier `RiemannTensor`
Unknown identifier `RiemannianCurvature`
Unknown identifier `RicciTensor`
Unknown identifier `Bianchi`
Unknown constant `CovariantDerivative.ricci`
Poincare.D7.RicciScalar.ricciTrace.{v, w, w'} {V : Type v} [AddCommGroup V] [Module ℝ V] [FiniteDimensional ℝ V]
  {ι : Type w} [Fintype ι] [DecidableEq ι] {ι' : Type w'} [Fintype ι'] (D : Curvature.RiemannCurvatureData V ι)
  (e : Module.Basis ι' ℝ V) (X Y : V) : ℝ
Poincare.D7.RicciScalar.ricciTrace_basis_independent.{v, w, w'} {V : Type v} [AddCommGroup V] [Module ℝ V]
  [FiniteDimensional ℝ V] {ι : Type w} [Fintype ι] [DecidableEq ι] {ι' : Type w'} [Fintype ι'] [DecidableEq ι']
  (D : Curvature.RiemannCurvatureData V ι) (e : Module.Basis ι ℝ V) (e' : Module.Basis ι' ℝ V) (X Y : V) :
  ricciTrace D e X Y = ricciTrace D e' X Y
Poincare.D7.RicciScalar.ricciTensor.{v, w} {V : Type v} [AddCommGroup V] [Module ℝ V] [FiniteDimensional ℝ V]
  {ι : Type w} [Fintype ι] [DecidableEq ι] (D : Curvature.RiemannCurvatureData V ι) : V →ₗ[ℝ] V →ₗ[ℝ] ℝ
Poincare.D7.RicciScalar.ricciTensor_eq_ricciOperator.{v, w} {V : Type v} [AddCommGroup V] [Module ℝ V]
  [FiniteDimensional ℝ V] {ι : Type w} [Fintype ι] [DecidableEq ι] (D : Curvature.RiemannCurvatureData V ι) :
  ricciTensor D = D.toCurvatureOperator.ricci
Poincare.D7.RicciScalar.ricciTensor_eq_basisTrace.{v, w, w'} {V : Type v} [AddCommGroup V] [Module ℝ V]
  [FiniteDimensional ℝ V] {ι : Type w} [Fintype ι] [DecidableEq ι] {ι' : Type w'} [Fintype ι'] [DecidableEq ι']
  (D : Curvature.RiemannCurvatureData V ι) (e : Module.Basis ι' ℝ V) (X Y : V) :
  ((ricciTensor D) X) Y = ricciTrace D e X Y
Poincare.D7.RicciScalar.ricciTensor_symm.{v, w} {V : Type v} [AddCommGroup V] [Module ℝ V] [FiniteDimensional ℝ V]
  {ι : Type w} [Fintype ι] [DecidableEq ι] (D : Curvature.RiemannCurvatureData V ι) (X Y : V) :
  ((ricciTensor D) X) Y = ((ricciTensor D) Y) X
Poincare.D7.RicciScalar.scalarMetricTrace.{v, w} {V : Type v} [AddCommGroup V] [Module ℝ V] [FiniteDimensional ℝ V]
  {ι : Type w} [Fintype ι] [DecidableEq ι] (D : Curvature.RiemannCurvatureData V ι) : ℝ
Poincare.D7.RicciScalar.scalarBasisSum.{v, w} {V : Type v} [AddCommGroup V] [Module ℝ V] [FiniteDimensional ℝ V]
  {ι : Type w} [Fintype ι] [DecidableEq ι] (D : Curvature.RiemannCurvatureData V ι) : ℝ
Poincare.D7.RicciScalar.scalarMetricTrace_basis_independent.{v, w, w'} {V : Type v} [AddCommGroup V] [Module ℝ V]
  [FiniteDimensional ℝ V] {ι : Type w} [Fintype ι] [DecidableEq ι] {ι' : Type w'} [Fintype ι'] [DecidableEq ι']
  (D : Curvature.RiemannCurvatureData V ι) (e : Module.Basis ι ℝ V) (e' : Module.Basis ι' ℝ V) :
  ∑ i, (e.repr ((D.metric.raiseIndex D.ricciForm) (e i))) i =
    ∑ i, (e'.repr ((D.metric.raiseIndex D.ricciForm) (e' i))) i
Poincare.D7.RicciScalar.scalarBasisSum_congr_orthonormal.{v, w, w'} {V : Type v} [AddCommGroup V] [Module ℝ V]
  [FiniteDimensional ℝ V] {ι : Type w} [Fintype ι] [DecidableEq ι] {ι' : Type w'} [Fintype ι'] [DecidableEq ι']
  (D : Curvature.RiemannCurvatureData V ι) (m' : Longrun.Geometry.MetricData V ι')
  (hm : ∀ (X Y : V), (m'.form X) Y = (D.metric.form X) Y) :
  ∑ i, (D.ricciForm (m'.basis i)) (m'.basis i) = D.scalarCurvature
Poincare.D7.RicciScalar.scalarCurvature_eq_basisTrace.{v, w} {V : Type v} [AddCommGroup V] [Module ℝ V]
  [FiniteDimensional ℝ V] {ι : Type w} [Fintype ι] [DecidableEq ι] (D : Curvature.RiemannCurvatureData V ι) :
  D.scalarCurvature = ∑ i, ((ricciTensor D) (D.metric.basis i)) (D.metric.basis i)
Poincare.D7.RicciScalar.scalarCurvature_eq_d2.{v, w} {V : Type v} [AddCommGroup V] [Module ℝ V] [FiniteDimensional ℝ V]
  {ι : Type w} [Fintype ι] [DecidableEq ι] (D : Curvature.RiemannCurvatureData V ι) :
  D.scalarCurvature = D.toCurvatureOperator.scalarCurvature D.metric.toScalarContractionData
Poincare.D7.RicciScalar.prodData.{v₁, v₂, w₁, w₂} {V₁ : Type v₁} [AddCommGroup V₁] [Module ℝ V₁]
  [FiniteDimensional ℝ V₁] {V₂ : Type v₂} [AddCommGroup V₂] [Module ℝ V₂] [FiniteDimensional ℝ V₂] {ι₁ : Type w₁}
  [Fintype ι₁] [DecidableEq ι₁] {ι₂ : Type w₂} [Fintype ι₂] [DecidableEq ι₂] (D₁ : Curvature.RiemannCurvatureData V₁ ι₁)
  (D₂ : Curvature.RiemannCurvatureData V₂ ι₂) : Curvature.RiemannCurvatureData (V₁ × V₂) (ι₁ ⊕ ι₂)
Poincare.D7.RicciScalar.prodData_ricciForm.{v₁, v₂, w₁, w₂} {V₁ : Type v₁} [AddCommGroup V₁] [Module ℝ V₁]
  [FiniteDimensional ℝ V₁] {V₂ : Type v₂} [AddCommGroup V₂] [Module ℝ V₂] [FiniteDimensional ℝ V₂] {ι₁ : Type w₁}
  [Fintype ι₁] [DecidableEq ι₁] {ι₂ : Type w₂} [Fintype ι₂] [DecidableEq ι₂] (D₁ : Curvature.RiemannCurvatureData V₁ ι₁)
  (D₂ : Curvature.RiemannCurvatureData V₂ ι₂) (X Y : V₁ × V₂) :
  ((prodData D₁ D₂).ricciForm X) Y = (D₁.ricciForm X.1) Y.1 + (D₂.ricciForm X.2) Y.2
Poincare.D7.RicciScalar.prodData_scalarCurvature.{v₁, v₂, w₁, w₂} {V₁ : Type v₁} [AddCommGroup V₁] [Module ℝ V₁]
  [FiniteDimensional ℝ V₁] {V₂ : Type v₂} [AddCommGroup V₂] [Module ℝ V₂] [FiniteDimensional ℝ V₂] {ι₁ : Type w₁}
  [Fintype ι₁] [DecidableEq ι₁] {ι₂ : Type w₂} [Fintype ι₂] [DecidableEq ι₂] (D₁ : Curvature.RiemannCurvatureData V₁ ι₁)
  (D₂ : Curvature.RiemannCurvatureData V₂ ι₂) :
  (prodData D₁ D₂).scalarCurvature = D₁.scalarCurvature + D₂.scalarCurvature
Poincare.D7.RicciScalar.FlowPath.{v, w} (V : Type v) [AddCommGroup V] [Module ℝ V] [FiniteDimensional ℝ V] (ι : Type w)
  [Fintype ι] [DecidableEq ι] : Type (max v w)
Poincare.D7.RicciScalar.FlowPath.MetricFlowEquation.{v, w} {V : Type v} [AddCommGroup V] [Module ℝ V]
  [FiniteDimensional ℝ V] {ι : Type w} [Fintype ι] [DecidableEq ι] (F : FlowPath V ι) (h : ℝ → V → V → ℝ) : Prop
Poincare.D7.RicciScalar.FlowPath.RicciFlowEquation.{v, w} {V : Type v} [AddCommGroup V] [Module ℝ V]
  [FiniteDimensional ℝ V] {ι : Type w} [Fintype ι] [DecidableEq ι] (F : FlowPath V ι) : Prop
Poincare.D7.RicciScalar.FlowPath.LeviCivitaEvolution.{v, w} {V : Type v} [AddCommGroup V] [Module ℝ V]
  [FiniteDimensional ℝ V] {ι : Type w} [Fintype ι] [DecidableEq ι] (F : FlowPath V ι) (h : ℝ → V → V → ℝ) : Type v
Poincare.D7.RicciScalar.FlowPath.LeviCivitaEvolutionStatement.{v, w} {V : Type v} [AddCommGroup V] [Module ℝ V]
  [FiniteDimensional ℝ V] {ι : Type w} [Fintype ι] [DecidableEq ι] (F : FlowPath V ι) (h : ℝ → V → V → ℝ) : Prop
Poincare.D7.RicciScalar.FlowPath.TraceCommutationStatement.{v, w} {V : Type v} [AddCommGroup V] [Module ℝ V]
  [FiniteDimensional ℝ V] {ι : Type w} [Fintype ι] [DecidableEq ι] (F : FlowPath V ι) : Prop
Poincare.D7.RicciScalar.FlowPath.ScalarVariationStatement.{v, w} {V : Type v} [AddCommGroup V] [Module ℝ V]
  [FiniteDimensional ℝ V] {ι : Type w} [Fintype ι] [DecidableEq ι] (F : FlowPath V ι) (Ricdot : ℝ → V → V → ℝ) : Prop
Poincare.D7.RicciScalar.FlowPath.scalarVariation_of_traceCommutation.{v, w} {V : Type v} [AddCommGroup V] [Module ℝ V]
  [FiniteDimensional ℝ V] {ι : Type w} [Fintype ι] [DecidableEq ι] (F : FlowPath V ι) (Ricdot : ℝ → V → V → ℝ)
  (h : ∀ (t : ℝ) (X Y : V), HasDerivAt (fun s => F.ricci s X Y) (Ricdot t X Y) t) : F.ScalarVariationStatement Ricdot
Poincare.D7.RicciScalar.FlowPath.constFlow_scalarVariation.{v, w} {V : Type v} [AddCommGroup V] [Module ℝ V]
  [FiniteDimensional ℝ V] {ι : Type w} [Fintype ι] [DecidableEq ι] (D : Curvature.RiemannCurvatureData V ι) :
  (FlowPath.constFlow D).ScalarVariationStatement fun x x_1 x_2 => 0
