$ lake env lean Audit/CurvatureODEAudit.lean
# cwd: /data/home/guoshaoyang/workdir/lean_poincare/longrun/worktrees/D9-adversarial-audit-release/release
# date: 2026-09-10T03:33:15.293469+00:00
'Poincare.Longrun.CurvatureODE.diagonalEndomorphism_basis' depends on axioms: [propext, Classical.choice, Quot.sound]
'Poincare.Longrun.CurvatureODE.trace_diagonalEndomorphism' depends on axioms: [propext, Classical.choice, Quot.sound]
'Poincare.Longrun.CurvatureODE.form_diagonalEndomorphism' depends on axioms: [propext, Classical.choice, Quot.sound]
'Poincare.Longrun.CurvatureODE.diagonalEndomorphism_selfAdjoint' depends on axioms: [propext,
 Classical.choice,
 Quot.sound]
'Poincare.Longrun.CurvatureODE.scalarOfState_eq_trace' depends on axioms: [propext, Classical.choice, Quot.sound]
'Poincare.Longrun.CurvatureODE.scalarOfState_stateOfCurvature' depends on axioms: [propext,
 Classical.choice,
 Quot.sound]
'Poincare.Longrun.CurvatureODE.stateOfCurvature_zero' depends on axioms: [propext, Classical.choice, Quot.sound]
'Poincare.Longrun.CurvatureODE.ReactionField.eval_nonneg' depends on axioms: [propext, Classical.choice, Quot.sound]
'Poincare.Longrun.CurvatureODE.ReactionField.hamilton_eval' depends on axioms: [propext, Classical.choice, Quot.sound]
'Poincare.Longrun.CurvatureODE.ReactionField.hamilton_eval_zero' depends on axioms: [propext,
 Classical.choice,
 Quot.sound]
'Poincare.Longrun.CurvatureODE.zero_evolutionRelation' depends on axioms: [propext, Classical.choice, Quot.sound]
'Poincare.Longrun.CurvatureODE.zero_discreteEvolution' depends on axioms: [propext, Classical.choice, Quot.sound]
'Poincare.Longrun.CurvatureODE.le_left_of_hasDerivWithinAt_nonpos' depends on axioms: [propext,
 Classical.choice,
 Quot.sound]
'Poincare.Longrun.CurvatureODE.le_zero_of_hasDerivWithinAt_le_mul' depends on axioms: [propext,
 Classical.choice,
 Quot.sound]
'Poincare.Longrun.CurvatureODE.ge_zero_of_hasDerivWithinAt_mul_le' depends on axioms: [propext,
 Classical.choice,
 Quot.sound]
'Poincare.Longrun.CurvatureODE.component_monotone' depends on axioms: [propext, Classical.choice, Quot.sound]
'Poincare.Longrun.CurvatureODE.nonneg_component' depends on axioms: [propext, Classical.choice, Quot.sound]
'Poincare.Longrun.CurvatureODE.nonneg_orthant_invariant' depends on axioms: [propext, Classical.choice, Quot.sound]
'Poincare.Longrun.CurvatureODE.component_monotone_discrete' depends on axioms: [propext, Classical.choice, Quot.sound]
'Poincare.Longrun.CurvatureODE.nonneg_orthant_invariant_discrete' depends on axioms: [propext,
 Classical.choice,
 Quot.sound]
'Poincare.Longrun.CurvatureODE.zero_orthant_invariant' depends on axioms: [propext, Classical.choice, Quot.sound]
'Poincare.Longrun.CurvatureODE.hasDerivWithinAt_scalarFunctional' depends on axioms: [propext,
 Classical.choice,
 Quot.sound]
'Poincare.Longrun.CurvatureODE.scalarFunctional_monotone' depends on axioms: [propext, Classical.choice, Quot.sound]
'Poincare.Longrun.CurvatureODE.scalarOfState_monotone' depends on axioms: [propext, Classical.choice, Quot.sound]
'Poincare.Longrun.CurvatureODE.scalarFunctional_monotone_discrete' depends on axioms: [propext,
 Classical.choice,
 Quot.sound]
'Poincare.Longrun.CurvatureODE.scalarOfState_monotone_discrete' depends on axioms: [propext,
 Classical.choice,
 Quot.sound]
'Poincare.Longrun.CurvatureODE.zero_scalar_monotone' depends on axioms: [propext, Classical.choice, Quot.sound]
'Poincare.Longrun.CurvatureODE.ReactionField.hamilton_eval_pos' depends on axioms: [propext,
 Classical.choice,
 Quot.sound]
'Poincare.Longrun.CurvatureODE.ManifoldCurvatureRealization' depends on axioms: [propext, Classical.choice, Quot.sound]
'Poincare.Longrun.CurvatureODE.MetricFamilySolvesRicciFlow' depends on axioms: [propext, Classical.choice, Quot.sound]
'Poincare.Longrun.CurvatureODE.MetricCurvatureShadow' depends on axioms: [propext, Classical.choice, Quot.sound]
'Poincare.Longrun.CurvatureODE.TensorRicciFlowODERealization' depends on axioms: [propext, Classical.choice, Quot.sound]
'Poincare.Longrun.CurvatureODE.TensorRicciFlowODEBridge' depends on axioms: [propext, Classical.choice, Quot.sound]
'Poincare.Longrun.CurvatureODE.evolutionRelation_of_bridge' depends on axioms: [propext, Classical.choice, Quot.sound]
'Poincare.Longrun.CurvatureODE.ricciDiagonal_nonneg_of_bridge' depends on axioms: [propext,
 Classical.choice,
 Quot.sound]
'Poincare.Longrun.CurvatureODE.scalarCurvature_monotone_of_bridge' depends on axioms: [propext,
 Classical.choice,
 Quot.sound]
'Poincare.Longrun.CurvatureODE.bridge_state_eq_ricciDiagonal' depends on axioms: [propext, Classical.choice, Quot.sound]
