$ lake env lean Poincare/Longrun/Entropy/AxiomAudit.lean
# cwd: /data/home/guoshaoyang/workdir/lean_poincare/longrun/worktrees/D9-adversarial-audit-release/release
# date: 2026-09-10T03:33:21.379781+00:00
'Poincare.Longrun.Entropy.EntropyData' depends on axioms: [propext, Classical.choice, Quot.sound]
'Poincare.Longrun.Entropy.EntropyData.F' depends on axioms: [propext, Classical.choice, Quot.sound]
'Poincare.Longrun.Entropy.EntropyData.extra' depends on axioms: [propext, Classical.choice, Quot.sound]
'Poincare.Longrun.Entropy.EntropyData.W' depends on axioms: [propext, Classical.choice, Quot.sound]
'Poincare.Longrun.Entropy.EntropyData.FDissipation' depends on axioms: [propext, Classical.choice, Quot.sound]
'Poincare.Longrun.Entropy.EntropyData.HasConjugateWeight' depends on axioms: [propext, Classical.choice, Quot.sound]
'Poincare.Longrun.Entropy.EntropyData.conjugateWeight_pos' depends on axioms: [propext, Classical.choice, Quot.sound]
'Poincare.Longrun.Entropy.EntropyData.integrable_extra' depends on axioms: [propext, Classical.choice, Quot.sound]
'Poincare.Longrun.Entropy.EntropyData.W_eq' depends on axioms: [propext, Classical.choice, Quot.sound]
'Poincare.Longrun.Entropy.EntropyData.FDissipation_nonneg' depends on axioms: [propext, Classical.choice, Quot.sound]
'Poincare.Longrun.Entropy.EntropyData.F_mono_integrand' depends on axioms: [propext, Classical.choice, Quot.sound]
'Poincare.Longrun.Entropy.MonotoneCertificate' depends on axioms: [propext, Classical.choice, Quot.sound]
'Poincare.Longrun.Entropy.MonotoneCertificate.F_le_of_le' depends on axioms: [propext, Classical.choice, Quot.sound]
'Poincare.Longrun.Entropy.MonotoneCertificate.F_ge_at' depends on axioms: [propext, Classical.choice, Quot.sound]
'Poincare.Longrun.Entropy.MonotoneCertificate.le_upper' depends on axioms: [propext, Classical.choice, Quot.sound]
'Poincare.Longrun.Entropy.MonotoneCertificate.eq_of_le_of_eq' depends on axioms: [propext, Classical.choice, Quot.sound]
'Poincare.Longrun.Entropy.AntitoneCertificate' depends on axioms: [propext, Classical.choice, Quot.sound]
'Poincare.Longrun.Entropy.AntitoneCertificate.F_le_of_le' depends on axioms: [propext, Classical.choice, Quot.sound]
'Poincare.Longrun.Entropy.AntitoneCertificate.F_le_at' depends on axioms: [propext, Classical.choice, Quot.sound]
'Poincare.Longrun.Entropy.AntitoneCertificate.lower_le_value' depends on axioms: [propext, Classical.choice, Quot.sound]
'Poincare.Longrun.Entropy.AntitoneCertificate.eq_of_le_of_eq' depends on axioms: [propext, Classical.choice, Quot.sound]
'Poincare.Longrun.Entropy.ContinuousMonotoneCertificate' depends on axioms: [propext, Classical.choice, Quot.sound]
'Poincare.Longrun.Entropy.ContinuousMonotoneCertificate.monotoneOn' depends on axioms: [propext,
 Classical.choice,
 Quot.sound]
'Poincare.Longrun.Entropy.ContinuousMonotoneCertificate.F_ge_initial' depends on axioms: [propext,
 Classical.choice,
 Quot.sound]
'Poincare.Longrun.Entropy.ContinuousMonotoneCertificate.eq_on_Icc_of_eq_at' depends on axioms: [propext,
 Classical.choice,
 Quot.sound]
'Poincare.Longrun.Entropy.ContinuousMonotoneCertificate.toMonotoneCertificateOnIci' depends on axioms: [propext,
 Classical.choice,
 Quot.sound]
'Poincare.Longrun.Entropy.ContinuousAntitoneCertificate' depends on axioms: [propext, Classical.choice, Quot.sound]
'Poincare.Longrun.Entropy.ContinuousAntitoneCertificate.antitoneOn' depends on axioms: [propext,
 Classical.choice,
 Quot.sound]
'Poincare.Longrun.Entropy.ContinuousAntitoneCertificate.F_le_initial' depends on axioms: [propext,
 Classical.choice,
 Quot.sound]
'Poincare.Longrun.Entropy.ContinuousAntitoneCertificate.lower_le_initial' depends on axioms: [propext,
 Classical.choice,
 Quot.sound]
'Poincare.Longrun.Entropy.ContinuousAntitoneCertificate.eq_on_Icc_of_eq_at' depends on axioms: [propext,
 Classical.choice,
 Quot.sound]
'Poincare.Longrun.Entropy.ContinuousAntitoneCertificate.toAntitoneCertificateOnIci' depends on axioms: [propext,
 Classical.choice,
 Quot.sound]
'Poincare.Longrun.Entropy.LinearDecayCertificate' depends on axioms: [propext, Classical.choice, Quot.sound]
'Poincare.Longrun.Entropy.LinearDecayCertificate.F_le_initial' depends on axioms: [propext,
 Classical.choice,
 Quot.sound]
'Poincare.Longrun.Entropy.LinearDecayCertificate.time_le' depends on axioms: [propext, Classical.choice, Quot.sound]
'Poincare.Longrun.Entropy.LinearDecayCertificate.lower_le_value' depends on axioms: [propext,
 Classical.choice,
 Quot.sound]
'Poincare.Longrun.Entropy.zeroEntropyData' depends on axioms: [propext, Classical.choice, Quot.sound]
'Poincare.Longrun.Entropy.zeroEntropyData_F' depends on axioms: [propext, Classical.choice, Quot.sound]
'Poincare.Longrun.Entropy.continuousMonotoneCertificate_zero' depends on axioms: [propext, Classical.choice, Quot.sound]
'Poincare.Longrun.Entropy.continuousAntitoneCertificate_zero' depends on axioms: [propext, Classical.choice, Quot.sound]
'Poincare.Longrun.Entropy.WeightedCalculus' depends on axioms: [propext, Classical.choice, Quot.sound]
'Poincare.Longrun.Entropy.gradInner' depends on axioms: [propext, Classical.choice, Quot.sound]
'Poincare.Longrun.Entropy.WeightedIBPStatement' depends on axioms: [propext, Classical.choice, Quot.sound]
'Poincare.Longrun.Entropy.WeightedLaplacianStatement' depends on axioms: [propext, Classical.choice, Quot.sound]
'Poincare.Longrun.Entropy.BochnerStatement' depends on axioms: [propext, Classical.choice, Quot.sound]
'Poincare.Longrun.Entropy.ConjugateMeasureEvolutionStatement' depends on axioms: [propext, Classical.choice, Quot.sound]
'Poincare.Longrun.Entropy.FDerivativeStatement' depends on axioms: [propext, Classical.choice, Quot.sound]
'Poincare.Longrun.Entropy.EntropyFunctionalRegularityStatement' depends on axioms: [propext,
 Classical.choice,
 Quot.sound]
'Poincare.Longrun.Entropy.EntropyRegularityBridge' depends on axioms: [propext, Classical.choice, Quot.sound]
'Poincare.Longrun.Entropy.continuousMonotoneCertificateOfBridge' depends on axioms: [propext,
 Classical.choice,
 Quot.sound]
'Poincare.Longrun.Entropy.zeroCalculus' depends on axioms: [propext, Classical.choice, Quot.sound]
'Poincare.Longrun.Entropy.entropyRegularityBridge_zero' depends on axioms: [propext, Classical.choice, Quot.sound]
'Poincare.Longrun.Entropy.continuousMonotoneCertificate_zero_viaBridge' depends on axioms: [propext,
 Classical.choice,
 Quot.sound]
'Poincare.Longrun.PDE.HeatGridEvolution.energy_antitone' depends on axioms: [propext, Classical.choice, Quot.sound]
'Poincare.Longrun.PDE.zeroHeatGridEvolution' depends on axioms: [propext, Classical.choice, Quot.sound]
'Poincare.Longrun.Entropy.heatEnergyCertificate' depends on axioms: [propext, Classical.choice, Quot.sound]
'Poincare.Longrun.Entropy.heatEnergy_le_initial' depends on axioms: [propext, Classical.choice, Quot.sound]
'Poincare.Longrun.Entropy.heatEnergy_nonneg' depends on axioms: [propext, Classical.choice, Quot.sound]
'Poincare.Longrun.Entropy.heatEnergy_eq_of_eq_initial' depends on axioms: [propext, Classical.choice, Quot.sound]
'Poincare.Longrun.Entropy.heatEnergyCertificate_zero' depends on axioms: [propext, Classical.choice, Quot.sound]
'Poincare.Longrun.Entropy.finiteCurvatureDatum' depends on axioms: [propext, Classical.choice, Quot.sound]
'Poincare.Longrun.Entropy.finiteCurvatureDatum_F' depends on axioms: [propext, Classical.choice, Quot.sound]
'Poincare.Longrun.Entropy.finiteCurvatureDatum_F_zero' depends on axioms: [propext, Classical.choice, Quot.sound]
'Poincare.Longrun.Entropy.finiteCurvatureDatum_W' depends on axioms: [propext, Classical.choice, Quot.sound]
'Poincare.Longrun.Entropy.finiteCurvatureDatum_FDissipation' depends on axioms: [propext, Classical.choice, Quot.sound]
'Poincare.Longrun.Entropy.finiteCurvatureDatum_F_add' depends on axioms: [propext, Classical.choice, Quot.sound]
