# cwd: /data3/guoshaoyang/workdir/lean_poincare/longrun/worktrees/D13-critical-path-review/release
# cmd: lake env lean ../audit-evidence/negcontrol/CriticalPathNegControlIncluded.lean
../audit-evidence/negcontrol/CriticalPathNegControlIncluded.lean:13:0: error: D13CriticalPathReview: axiom audit FAILED
D13CPAUDIT_DECL	Poincare.D13.CriticalPathReview.projectDeclarations	def	propext;Classical.choice;Quot.sound
D13CPAUDIT_DECL	Poincare.D13.CriticalPathReview.runAxiomAudit.match_4	def	
D13CPAUDIT_DECL	Poincare.D13.CriticalPathReview.directDependencies.match_3	def	
D13CPAUDIT_DECL	Poincare.D13.CriticalPathReview.NegControl.negControlBadTheorem	theorem	Poincare.D13.CriticalPathReview.NegControl.negControlBadAxiom
D13CPAUDIT_DECL	Poincare.D13.CriticalPathReview.approvedAxioms	def	
D13CPAUDIT_DECL	Poincare.D13.CriticalPathReview.sorryAxiom	def	
D13CPAUDIT_DECL	Poincare.D13.CriticalPathReview.statementConstants.match_1	def	
D13CPAUDIT_DECL	Poincare.D13.CriticalPathReview.directDependencies.match_1	def	
D13CPAUDIT_DECL	Poincare.D13.CriticalPathReview.scalarField._proof_1	theorem	propext
D13CPAUDIT_DECL	Poincare.D13.CriticalPathReview.runAxiomAudit._sparseCasesOn_1	def	propext
D13CPAUDIT_DECL	Poincare.D13.CriticalPathReview.directDependencies	def	propext;Classical.choice;Quot.sound
D13CPAUDIT_DECL	Poincare.D13.CriticalPathReview.closurePairs	def	
D13CPAUDIT_DECL	Poincare.D13.CriticalPathReview.statementConstants.match_5	def	propext
D13CPAUDIT_DECL	Poincare.D13.CriticalPathReview.scalar_forward_invariance	theorem	propext;Classical.choice;Quot.sound
D13CPAUDIT_DECL	Poincare.D13.CriticalPathReview.scalar_forward_invariance._simp_1_1	theorem	propext
D13CPAUDIT_DECL	Poincare.D13.CriticalPathReview.scalar_forward_invariance_of_locallyLipschitz	theorem	propext;Classical.choice;Quot.sound
D13CPAUDIT_DECL	Poincare.D13.CriticalPathReview.runUsageProbe	def	propext;Classical.choice;Quot.sound
D13CPAUDIT_DECL	Poincare.D13.CriticalPathReview.«_aux_Poincare_D13_CriticalPathReview_AxiomAudit___elabRules_Poincare_D13_CriticalPathReview_command#d13_axiom_audit_1»	def	propext;Classical.choice;Quot.sound
D13CPAUDIT_DECL	Poincare.D13.CriticalPathReview.scalarField.eq_1	theorem	propext;Classical.choice;Quot.sound
D13CPAUDIT_DECL	Poincare.D13.CriticalPathReview.scalarMat_apply	theorem	propext;Classical.choice;Quot.sound
D13CPAUDIT_DECL	Poincare.D13.CriticalPathReview.scalarMat	def	propext;Classical.choice;Quot.sound
D13CPAUDIT_DECL	Poincare.D13.CriticalPathReview.usageTargets	def	
D13CPAUDIT_DECL	Poincare.D13.CriticalPathReview.«_aux_Poincare_D13_CriticalPathReview_UsageProbe___elabRules_Poincare_D13_CriticalPathReview_command#d13_usage_probe_1»	def	propext;Classical.choice;Quot.sound
D13CPAUDIT_DECL	Poincare.D13.CriticalPathReview.kindLabel.match_3	def	
D13CPAUDIT_DECL	Poincare.D13.CriticalPathReview.b1_dimension_one	theorem	propext;Classical.choice;Quot.sound
D13CPAUDIT_DECL	Poincare.D13.CriticalPathReview.nativeAxioms	def	
D13CPAUDIT_DECL	Poincare.D13.CriticalPathReview.«command#d13_cp_audit»	def	
D13CPAUDIT_DECL	Poincare.D13.CriticalPathReview.runAxiomAudit.match_8	def	
D13CPAUDIT_DECL	Poincare.D13.CriticalPathReview.runAxiomAudit	def	propext;Classical.choice;Quot.sound
D13CPAUDIT_DECL	Poincare.D13.CriticalPathReview.transitiveProofConstants	def	propext;Classical.choice;Quot.sound
D13CPAUDIT_DECL	Poincare.D13.CriticalPathReview.transitiveProofConstants.match_1	def	
D13CPAUDIT_DECL	Poincare.D13.CriticalPathReview.scalarField	def	propext;Classical.choice;Quot.sound
D13CPAUDIT_DECL	Poincare.D13.CriticalPathReview.runCriticalPathAudit	def	propext;Classical.choice;Quot.sound
D13CPAUDIT_DECL	Poincare.D13.CriticalPathReview.kindLabel	def	
D13CPAUDIT_DECL	Poincare.D13.CriticalPathReview.«command#d13_usage_probe»	def	
D13CPAUDIT_DECL	Poincare.D13.CriticalPathReview.scalarField_scalarMat	theorem	propext;Classical.choice;Quot.sound
D13CPAUDIT_DECL	Poincare.D13.CriticalPathReview.kernelTangent_scalarField_iff	theorem	propext;Classical.choice;Quot.sound
D13CPAUDIT_DECL	Poincare.D13.CriticalPathReview.exists_last_zero	theorem	propext;Classical.choice;Quot.sound
D13CPAUDIT_DECL	Poincare.D13.CriticalPathReview.statementConstants._sparseCasesOn_5	def	propext
D13CPAUDIT_DECL	Poincare.D13.CriticalPathReview.runAxiomAudit.match_6	def	
D13CPAUDIT_DECL	Poincare.D13.CriticalPathReview.runUsageProbe.match_1	def	
D13CPAUDIT_DECL	Poincare.D13.CriticalPathReview.mainChainDecls	def	
D13CPAUDIT_DECL	Poincare.D13.CriticalPathReview.eq_scalarMat_of_fin_one	theorem	propext;Classical.choice;Quot.sound
D13CPAUDIT_DECL	Poincare.D13.CriticalPathReview.statementConstants	def	propext;Classical.choice;Quot.sound
D13CPAUDIT_DECL	Poincare.D13.CriticalPathReview.requiredInType	def	
D13CPAUDIT_DECL	Poincare.D13.CriticalPathReview.scalarMat.eq_1	theorem	propext;Classical.choice;Quot.sound
D13CPAUDIT_DECL	Poincare.D13.CriticalPathReview.loadBearingDeclarations	def	
D13CPAUDIT_DECL	Poincare.D13.CriticalPathReview.NegControl.negControlBadAxiom	axiom	Poincare.D13.CriticalPathReview.NegControl.negControlBadAxiom
D13CPAUDIT_DECL	Poincare.D13.CriticalPathReview.statementConstants.match_8	def	
D13CPAUDIT_DECL	Poincare.D13.CriticalPathReview.«_aux_Poincare_D13_CriticalPathReview_StatementAudit___elabRules_Poincare_D13_CriticalPathReview_command#d13_cp_audit_1»	def	propext;Classical.choice;Quot.sound
D13CPAUDIT_DECL	Poincare.D13.CriticalPathReview.kernelTangent_scalarField_id	theorem	propext;Classical.choice;Quot.sound
D13CPAUDIT_DECL	Poincare.D13.CriticalPathReview.scalarMat_posSemidef_iff	theorem	propext;Classical.choice;Quot.sound
D13CPAUDIT_DECL	Poincare.D13.CriticalPathReview.consumerCount	def	propext;Classical.choice;Quot.sound
D13CPAUDIT_DECL	Poincare.D13.CriticalPathReview.«command#d13_axiom_audit»	def	
D13CPAUDIT_DECL	Poincare.D13.CriticalPathReview.runCriticalPathAudit.match_3	def	
D13CPAUDIT_DECL	Poincare.D13.CriticalPathReview.auditNamespace	def	propext
D13CPAUDIT_DECL	Poincare.D13.CriticalPathReview.buildReverseGraph	def	propext;Classical.choice;Quot.sound
D13CPAUDIT_DECL	Poincare.D13.CriticalPathReview.auditedDeclarations.match_1	def	
D13CPAUDIT_DECL	Poincare.D13.CriticalPathReview.auditedDeclarations	def	propext;Classical.choice;Quot.sound
D13CPAUDIT_DECL	Poincare.D13.CriticalPathReview.kindLabel.match_1	def	
D13CPAUDIT_DECL	Poincare.D13.CriticalPathReview.runAxiomAudit.match_1	def	propext
D13CPAUDIT_DECL	Poincare.D13.CriticalPathReview.runCriticalPathAudit.match_1	def	
D13CPAUDIT_DECL	Poincare.D13.CriticalPathReview.scalar_forward_invariance_witness	theorem	propext;Classical.choice;Quot.sound
D13CPAUDIT_DECL	Poincare.D13.CriticalPathReview.statementConstants.match_3	def	
D13CPAUDIT_DECL	Poincare.D13.CriticalPathReview.forbiddenInType	def	
D13CPAUDIT_DECL	Poincare.D7.Recognition.stage6Target_of_certificates	theorem	propext;Classical.choice;Quot.sound
D13CPAUDIT_DECL	Poincare.D12.SurgeryRecognition.stage6Target_of_v3hypotheses	theorem	propext;Classical.choice;Quot.sound
D13CPAUDIT_DECL	Poincare.D12.SurgeryRecognition.deckTrivial_of_simplyConnected_quotient	theorem	propext;Classical.choice;Quot.sound
D13CPAUDIT_DECL	Poincare.D12.SurgeryRecognition.sphericalPieceRecognition_of_spaceForm	def	propext;Classical.choice;Quot.sound
D13CPAUDIT_DECL	Poincare.D12.TensorMaximumBochner.KernelTangent	def	propext;Classical.choice;Quot.sound
D13CPAUDIT_DECL	Poincare.D12.TensorMaximumBochner.hamiltonField_kernelTangent	theorem	propext;Classical.choice;Quot.sound
D13CPAUDIT_DECL	Poincare.D12.SemanticLedger.not_initialCondition_gaussian	theorem	propext;Classical.choice;Quot.sound
D13CPAUDIT_DECL	Poincare.D12.SurgeryRecognition.ConnectedSumDecomposition.mkV2	def	propext;Classical.choice;Quot.sound
D13CPAUDIT	audited_declarations	73
D13CPAUDIT	project_axioms	1
D13CPAUDIT	unsafe	0
D13CPAUDIT	sorryAx	0
D13CPAUDIT	native_decide	0
D13CPAUDIT	unapproved_axioms	2
D13CPAUDIT	collect_failures	0
D13CPAUDIT_FAIL	project_axiom	Poincare.D13.CriticalPathReview.NegControl.negControlBadAxiom
D13CPAUDIT_FAIL	unapproved_axiom	Poincare.D13.CriticalPathReview.NegControl.negControlBadTheorem	Poincare.D13.CriticalPathReview.NegControl.negControlBadAxiom
D13CPAUDIT_FAIL	unapproved_axiom	Poincare.D13.CriticalPathReview.NegControl.negControlBadAxiom	Poincare.D13.CriticalPathReview.NegControl.negControlBadAxiom
D13CPAUDIT_VERDICT	FAIL
