$ lake env lean Audit/D9/IndepPrintAxioms.lean
# cwd: /data/home/guoshaoyang/workdir/lean_poincare/longrun/worktrees/D9-adversarial-audit-release/release
# date: 2026-09-10T05:37:29.380418+00:00
'D4Audit.gibbsTerm_strictAnti_of_one_le' depends on axioms: [propext, Classical.choice, Quot.sound]
'D4Audit.weak_discrete_monotonicity_false' depends on axioms: [propext, Classical.choice, Quot.sound]
'D4Audit.counterexample_continuous_c_half' depends on axioms: [propext, Classical.choice, Quot.sound]
'D4Audit.gibbsTerm_half_one_lt_two' depends on axioms: [propext, Classical.choice, Quot.sound]
'D4Audit.negTrajCont_hasDeriv' depends on axioms: [propext, Classical.choice, Quot.sound]
'D4Audit.counterexample_discrete_c_half' depends on axioms: [propext, Classical.choice, Quot.sound]
'D4Audit.negative_reaction_continuous_counterexample' depends on axioms: [propext, Classical.choice, Quot.sound]
'D4Audit.noSignEvolution_neg' depends on axioms: [propext, Classical.choice, Quot.sound]
'D4Audit.strict_step_positive_control' depends on axioms: [propext, Classical.choice, Quot.sound]
'D4Audit.negTrajDisc_step' depends on axioms: [propext, Classical.choice, Quot.sound]
'Poincare.Longrun.Evolution.PerelmanEvolutionBoundary.hc' depends on axioms: [propext, Classical.choice, Quot.sound]
'Poincare.Longrun.Evolution.PerelmanEvolutionBoundary.entropy_bridge' depends on axioms: [propext,
 Classical.choice,
 Quot.sound]
'Poincare.Longrun.Evolution.PerelmanEvolutionBoundary.evolves' depends on axioms: [propext,
 Classical.choice,
 Quot.sound]
'Poincare.Longrun.Evolution.PerelmanEvolutionBoundary.identification' depends on axioms: [propext,
 Classical.choice,
 Quot.sound]
'Poincare.Longrun.Evolution.PerelmanEvolutionBoundary.tensor_realization' depends on axioms: [propext,
 Classical.choice,
 Quot.sound]
'Poincare.Longrun.Evolution.perelmanF_limit_le_of_discrete' depends on axioms: [propext, Classical.choice, Quot.sound]
'Poincare.Longrun.Evolution.continuousPerelmanFMonotone_of_approximation' depends on axioms: [propext,
 Classical.choice,
 Quot.sound]
'Poincare.Longrun.Evolution.PerelmanApproximation.mk.sizeOf_spec' depends on axioms: [propext,
 Classical.choice,
 Quot.sound]
'Poincare.Longrun.Evolution.PerelmanApproximation.hc' depends on axioms: [propext, Classical.choice, Quot.sound]
'Poincare.Longrun.Evolution.PerelmanApproximation.evolves' depends on axioms: [propext, Classical.choice, Quot.sound]
'Poincare.Longrun.Evolution.squareTraj_evolution' depends on axioms: [propext, Classical.choice, Quot.sound]
'Poincare.Longrun.Evolution.perelmanF_step_increases_of_negative_step' depends on axioms: [propext,
 Classical.choice,
 Quot.sound]
'Poincare.Longrun.Evolution.squareTraj_counterexample' depends on axioms: [propext, Classical.choice, Quot.sound]
'Poincare.Longrun.Evolution.perelmanF_dissipation_pos_at_c_zero' depends on axioms: [propext,
 Classical.choice,
 Quot.sound]
'Poincare.Longrun.Evolution.perelmanF_step_increases_of_c_zero' depends on axioms: [propext,
 Classical.choice,
 Quot.sound]
'Poincare.Longrun.Evolution.eulerStep_squareField_one' depends on axioms: [propext, Classical.choice, Quot.sound]
'Poincare.Longrun.Evolution.perelmanF_one_two_le' depends on axioms: [propext, Classical.choice, Quot.sound]
'Poincare.Longrun.Evolution.squareField_eval' depends on axioms: [propext, Classical.choice, Quot.sound]
'D5ReleaseCheck.release_check_compiles' does not depend on any axioms
'Poincare.Longrun.Topology.missingSphereRecognitionAlgorithm' depends on axioms: [propext, Classical.choice, Quot.sound]
'Poincare.Longrun.Topology.missingKappaPersistenceUnderSurgery' depends on axioms: [propext,
 Classical.choice,
 Quot.sound]
'Poincare.Longrun.Topology.missingCanonicalNeighborhoodTheorem' does not depend on any axioms
'Poincare.Longrun.Topology.missingKappaNoncollapsing' depends on axioms: [propext, Classical.choice, Quot.sound]
'Poincare.Longrun.Topology.missingKappaNoncollapsing_iff' depends on axioms: [propext, Classical.choice, Quot.sound]
'Poincare.Longrun.Geometry.CovariantDerivativeCurvatureStatement' depends on axioms: [propext,
 Classical.choice,
 Quot.sound]
'Poincare.Longrun.Geometry.LeviCivitaExistenceStatement' depends on axioms: [propext, Classical.choice, Quot.sound]
'Poincare.Longrun.Evolution.gibbsTerm_strictAnti' depends on axioms: [propext, Classical.choice, Quot.sound]
'Poincare.Longrun.Evolution.gibbsTerm_step_lt' depends on axioms: [propext, Classical.choice, Quot.sound]
'Poincare.Longrun.Evolution.perelmanF_step_lt' depends on axioms: [propext, Classical.choice, Quot.sound]
'Poincare.Longrun.Evolution.gibbsTerm_antitone' depends on axioms: [propext, Classical.choice, Quot.sound]
'Poincare.Longrun.Evolution.gibbsTerm_step_le' depends on axioms: [propext, Classical.choice, Quot.sound]
'Poincare.Longrun.Surgery.ExtinctionTheorem.finitelyMany_of_complexity' does not depend on any axioms
'Poincare.Longrun.Surgery.ExtinctionTheorem.extincts_of_complexity' does not depend on any axioms
'Poincare.Longrun.Surgery.ExtinctionTheorem.terminalSphere_of_complexity' does not depend on any axioms
'Poincare.Longrun.Surgery.NeckAnalysis.deltaNeck_of_highCurvature' does not depend on any axioms
'Poincare.Longrun.Surgery.NeckAnalysis.admissible_of_highCurvature' does not depend on any axioms
'Poincare.Longrun.Surgery.NeckAnalysis.target_preserved_of_highCurvature' does not depend on any axioms
'Poincare.Longrun.Topology.KappaNoncollapsingCertificate.apply' depends on axioms: [propext,
 Classical.choice,
 Quot.sound]
'Poincare.Longrun.Topology.KappaNoncollapsingCertificate.volume_ball_pos' depends on axioms: [propext,
 Classical.choice,
 Quot.sound]
'Poincare.Longrun.Topology.NormalizedVolumeLowerBound.apply' depends on axioms: [propext, Classical.choice, Quot.sound]
'Poincare.Longrun.Topology.NormalizedBallVolumeLowerBound.toKappaNoncollapsingCertificate' depends on axioms: [propext,
 Classical.choice,
 Quot.sound]
'Poincare.Longrun.Topology.kappaNoncollapsingCertificate_iff_normalizedBallVolumeLowerBound' depends on axioms: [propext,
 Classical.choice,
 Quot.sound]
'Perelman.FMonotonicity.apply' depends on axioms: [propext, Classical.choice, Quot.sound]
'Perelman.WMonotonicity.apply' depends on axioms: [propext, Classical.choice, Quot.sound]
'Perelman.MuMonotonicity.apply' depends on axioms: [propext, Classical.choice, Quot.sound]
'Poincare.Longrun.Entropy.AntitoneCertificate.F_le_of_le' depends on axioms: [propext, Classical.choice, Quot.sound]
'Poincare.Longrun.Entropy.AntitoneCertificate.eq_of_le_of_eq' depends on axioms: [propext, Classical.choice, Quot.sound]
'Poincare.Longrun.Entropy.ContinuousAntitoneCertificate.antitoneOn' depends on axioms: [propext,
 Classical.choice,
 Quot.sound]
'Poincare.Longrun.Entropy.ContinuousMonotoneCertificate.monotoneOn' depends on axioms: [propext,
 Classical.choice,
 Quot.sound]
'Poincare.Longrun.Topology.CompactThreeManifold.toSigmaCompactSpace' depends on axioms: [propext,
 Classical.choice,
 Quot.sound]
'Poincare.Longrun.Topology.CompactThreeManifold.toParacompactSpace' depends on axioms: [propext,
 Classical.choice,
 Quot.sound]
'Poincare.Longrun.Topology.CompactThreeManifold.exists_finite_chart_cover' depends on axioms: [propext,
 Classical.choice,
 Quot.sound]
'Probe.PdeApi.heat_slab_nonpos_of_interface' depends on axioms: [propext, Classical.choice, Quot.sound]
'Probe.PdeApi.heat_slab_zero_interface' depends on axioms: [propext, Classical.choice, Quot.sound]
'Probe.PdeApi.heat_slab_affine_interface' depends on axioms: [propext, Classical.choice, Quot.sound]
'Poincare.Longrun.PDE.continuousHeatMaxPrinciple_of_timeIndependent' depends on axioms: [propext,
 Classical.choice,
 Quot.sound]
'Poincare.Longrun.CurvatureODE.component_monotone' depends on axioms: [propext, Classical.choice, Quot.sound]
'Poincare.Longrun.CurvatureODE.scalarFunctional_monotone' depends on axioms: [propext, Classical.choice, Quot.sound]
'Poincare.Longrun.CurvatureODE.nonneg_orthant_invariant' depends on axioms: [propext, Classical.choice, Quot.sound]
'Poincare.Longrun.Evolution.perelmanF_antitone' depends on axioms: [propext, Classical.choice, Quot.sound]
'Poincare.Longrun.Evolution.perelmanF_step_le' depends on axioms: [propext, Classical.choice, Quot.sound]
'Poincare.Longrun.Evolution.perelmanF_step_lt' depends on axioms: [propext, Classical.choice, Quot.sound]
'D4Audit.gibbsTerm_step_lt_of_one_le' depends on axioms: [propext, Classical.choice, Quot.sound]
'D4Audit.perelmanF_step_lt_of_one_le' depends on axioms: [propext, Classical.choice, Quot.sound]
'D4Audit.nonvacuity_main_theorem' depends on axioms: [propext, Classical.choice, Quot.sound]
'Poincare.Longrun.Evolution.continuousPerelmanFMonotone_of_approximation' depends on axioms: [propext,
 Classical.choice,
 Quot.sound]
'Poincare.Longrun.Evolution.perelmanF_limit_le_of_discrete' depends on axioms: [propext, Classical.choice, Quot.sound]
'D9Indep.releaseCheck_marker_is_True' does not depend on any axioms
'D9Indep.missingSphereRecognitionAlgorithm_trivial' depends on axioms: [propext, Classical.choice, Quot.sound]
'D9Indep.missingKappaPersistenceUnderSurgery_trivial' depends on axioms: [propext, Classical.choice, Quot.sound]
'D9Indep.missingCanonicalNeighborhoodTheorem_trivial' does not depend on any axioms
'D9Indep.missingKappaNoncollapsing_vacuous' depends on axioms: [propext, Classical.choice, Quot.sound]
'D9Indep.covariantDerivativeCurvatureStatement_trivial' depends on axioms: [propext, Classical.choice, Quot.sound]
'D9Indep.perelmanApproximation_iff_fields' depends on axioms: [propext, Classical.choice, Quot.sound]
'D9Indep.perelmanEvolutionBoundary_iff_fields' depends on axioms: [propext, Classical.choice, Quot.sound]
'D9Indep.extinctionTheorem_iff_prop_chain' does not depend on any axioms
'D9Indep.neckAnalysis_iff_prop_chain' does not depend on any axioms
'D9Indep.gibbs_threshold_exactly_one' depends on axioms: [propext, Classical.choice, Quot.sound]
'D9Indep.continuous_monotonicity_needs_identification' depends on axioms: [propext, Classical.choice, Quot.sound]
'D9Indep.limit_passage_needs_monotonicity' depends on axioms: [propext, Classical.choice, Quot.sound]
