$ lake env lean Poincare/Longrun/Entropy/Certificate.lean
# cwd: /data/home/guoshaoyang/workdir/lean_poincare/longrun/worktrees/D9-adversarial-audit-release/release
# date: 2026-09-10T05:37:35.664773+00:00
'Poincare.Longrun.Entropy.MonotoneCertificate' depends on axioms: [propext, Classical.choice, Quot.sound]
'Poincare.Longrun.Entropy.MonotoneCertificate.F_le_of_le' depends on axioms: [propext, Classical.choice, Quot.sound]
'Poincare.Longrun.Entropy.MonotoneCertificate.eq_of_le_of_eq' depends on axioms: [propext, Classical.choice, Quot.sound]
'Poincare.Longrun.Entropy.AntitoneCertificate' depends on axioms: [propext, Classical.choice, Quot.sound]
'Poincare.Longrun.Entropy.AntitoneCertificate.F_le_of_le' depends on axioms: [propext, Classical.choice, Quot.sound]
'Poincare.Longrun.Entropy.AntitoneCertificate.eq_of_le_of_eq' depends on axioms: [propext, Classical.choice, Quot.sound]
'Poincare.Longrun.Entropy.ContinuousMonotoneCertificate' depends on axioms: [propext, Classical.choice, Quot.sound]
'Poincare.Longrun.Entropy.ContinuousMonotoneCertificate.monotoneOn' depends on axioms: [propext,
 Classical.choice,
 Quot.sound]
'Poincare.Longrun.Entropy.ContinuousMonotoneCertificate.F_ge_initial' depends on axioms: [propext,
 Classical.choice,
 Quot.sound]
'Poincare.Longrun.Entropy.ContinuousMonotoneCertificate.eq_on_Icc_of_eq_at' depends on axioms: [propext,
 Classical.choice,
 Quot.sound]
'Poincare.Longrun.Entropy.ContinuousMonotoneCertificate.toMonotoneCertificateOnIci' depends on axioms: [propext,
 Classical.choice,
 Quot.sound]
'Poincare.Longrun.Entropy.ContinuousAntitoneCertificate' depends on axioms: [propext, Classical.choice, Quot.sound]
'Poincare.Longrun.Entropy.ContinuousAntitoneCertificate.antitoneOn' depends on axioms: [propext,
 Classical.choice,
 Quot.sound]
'Poincare.Longrun.Entropy.ContinuousAntitoneCertificate.F_le_initial' depends on axioms: [propext,
 Classical.choice,
 Quot.sound]
'Poincare.Longrun.Entropy.ContinuousAntitoneCertificate.lower_le_initial' depends on axioms: [propext,
 Classical.choice,
 Quot.sound]
'Poincare.Longrun.Entropy.ContinuousAntitoneCertificate.eq_on_Icc_of_eq_at' depends on axioms: [propext,
 Classical.choice,
 Quot.sound]
'Poincare.Longrun.Entropy.ContinuousAntitoneCertificate.toAntitoneCertificateOnIci' depends on axioms: [propext,
 Classical.choice,
 Quot.sound]
'Poincare.Longrun.Entropy.LinearDecayCertificate' depends on axioms: [propext, Classical.choice, Quot.sound]
'Poincare.Longrun.Entropy.LinearDecayCertificate.time_le' depends on axioms: [propext, Classical.choice, Quot.sound]
'Poincare.Longrun.Entropy.LinearDecayCertificate.lower_le_value' depends on axioms: [propext,
 Classical.choice,
 Quot.sound]
'Poincare.Longrun.Entropy.zeroEntropyData' depends on axioms: [propext, Classical.choice, Quot.sound]
'Poincare.Longrun.Entropy.zeroEntropyData_F' depends on axioms: [propext, Classical.choice, Quot.sound]
'Poincare.Longrun.Entropy.continuousMonotoneCertificate_zero' depends on axioms: [propext, Classical.choice, Quot.sound]
'Poincare.Longrun.Entropy.continuousAntitoneCertificate_zero' depends on axioms: [propext, Classical.choice, Quot.sound]
