=== release/Poincare/D7/TensorLaplacian.lean ===
=== release/Poincare/D7/TensorLaplacian/Basic.lean ===
=== release/Poincare/D7/TensorLaplacian/Commutation.lean ===
=== release/Poincare/D7/TensorLaplacian/Evolution.lean ===
=== release/Poincare/D7/TensorLaplacian/Example.lean ===
=== release/Poincare/D7/TensorLaplacian/Blocked.lean ===
=== release/Poincare/D7/TensorLaplacian/Probe.lean ===
@TensorConnectionData : {V : Type u_1} →
  [inst : AddCommGroup V] →
    [inst_1 : Module ℝ V] →
      [inst_2 : FiniteDimensional ℝ V] →
        {ι : Type u_2} →
          [inst_3 : Fintype ι] →
            [inst_4 : DecidableEq ι] →
              Curvature.RiemannCurvatureData V ι →
                (T : Type u_3) → [inst : AddCommGroup T] → [Module ℝ T] → Type (max u_3 u_1)
@TensorConnectionData.nabla : {V : Type u_1} →
  [inst : AddCommGroup V] →
    [inst_1 : Module ℝ V] →
      [inst_2 : FiniteDimensional ℝ V] →
        {ι : Type u_2} →
          [inst_3 : Fintype ι] →
            [inst_4 : DecidableEq ι] →
              {D : Curvature.RiemannCurvatureData V ι} →
                {T : Type u_3} →
                  [inst_5 : AddCommGroup T] → [inst_6 : Module ℝ T] → TensorConnectionData D T → V →ₗ[ℝ] T →ₗ[ℝ] T
@TensorConnectionData.curvature : {V : Type u_1} →
  [inst : AddCommGroup V] →
    [inst_1 : Module ℝ V] →
      [inst_2 : FiniteDimensional ℝ V] →
        {ι : Type u_2} →
          [inst_3 : Fintype ι] →
            [inst_4 : DecidableEq ι] →
              {D : Curvature.RiemannCurvatureData V ι} →
                {T : Type u_3} →
                  [inst_5 : AddCommGroup T] →
                    [inst_6 : Module ℝ T] → TensorConnectionData D T → V →ₗ[ℝ] V →ₗ[ℝ] T →ₗ[ℝ] T
@TensorConnectionData.curvature_certificate : ∀ {V : Type u_1} [inst : AddCommGroup V] [inst_1 : Module ℝ V]
  [inst_2 : FiniteDimensional ℝ V] {ι : Type u_2} [inst_3 : Fintype ι] [inst_4 : DecidableEq ι]
  {D : Curvature.RiemannCurvatureData V ι} {T : Type u_3} [inst_5 : AddCommGroup T] [inst_6 : Module ℝ T]
  (self : TensorConnectionData D T) (X Y : V) (s : T),
  (self.nabla X) ((self.nabla Y) s) - (self.nabla Y) ((self.nabla X) s) - (self.nabla ((D.conn.lie.bracket X) Y)) s =
    ((self.curvature X) Y) s
@TensorConnectionData.curvature_skew : ∀ {V : Type u_1} [inst : AddCommGroup V] [inst_1 : Module ℝ V]
  [inst_2 : FiniteDimensional ℝ V] {ι : Type u_2} [inst_3 : Fintype ι] [inst_4 : DecidableEq ι]
  {D : Curvature.RiemannCurvatureData V ι} {T : Type u_3} [inst_5 : AddCommGroup T] [inst_6 : Module ℝ T]
  (TD : TensorConnectionData D T) (X Y : V) (s : T), ((TD.curvature X) Y) s = -((TD.curvature Y) X) s
@TensorConnectionData.second_covariant_derivative_commutation : ∀ {V : Type u_1} [inst : AddCommGroup V]
  [inst_1 : Module ℝ V] [inst_2 : FiniteDimensional ℝ V] {ι : Type u_2} [inst_3 : Fintype ι] [inst_4 : DecidableEq ι]
  {D : Curvature.RiemannCurvatureData V ι} {T : Type u_3} [inst_5 : AddCommGroup T] [inst_6 : Module ℝ T]
  (TD : TensorConnectionData D T) (X Y : V) (s : T),
  (TD.nabla X) ((TD.nabla Y) s) - (TD.nabla Y) ((TD.nabla X) s) =
    (TD.nabla ((D.conn.lie.bracket X) Y)) s + ((TD.curvature X) Y) s
@TensorConnectionData.roughLaplacianₗ : {V : Type u_1} →
  [inst : AddCommGroup V] →
    [inst_1 : Module ℝ V] →
      [inst_2 : FiniteDimensional ℝ V] →
        {ι : Type u_2} →
          [inst_3 : Fintype ι] →
            [inst_4 : DecidableEq ι] →
              {D : Curvature.RiemannCurvatureData V ι} →
                {T : Type u_3} →
                  [inst_5 : AddCommGroup T] → [inst_6 : Module ℝ T] → TensorConnectionData D T → T →ₗ[ℝ] T
@TensorConnectionData.roughLaplacian : {V : Type u_1} →
  [inst : AddCommGroup V] →
    [inst_1 : Module ℝ V] →
      [inst_2 : FiniteDimensional ℝ V] →
        {ι : Type u_2} →
          [inst_3 : Fintype ι] →
            [inst_4 : DecidableEq ι] →
              {D : Curvature.RiemannCurvatureData V ι} →
                {T : Type u_3} → [inst_5 : AddCommGroup T] → [inst_6 : Module ℝ T] → TensorConnectionData D T → T → T
@TensorConnectionData.roughLaplacian_apply : ∀ {V : Type u_1} [inst : AddCommGroup V] [inst_1 : Module ℝ V]
  [inst_2 : FiniteDimensional ℝ V] {ι : Type u_2} [inst_3 : Fintype ι] [inst_4 : DecidableEq ι]
  {D : Curvature.RiemannCurvatureData V ι} {T : Type u_3} [inst_5 : AddCommGroup T] [inst_6 : Module ℝ T]
  (TD : TensorConnectionData D T) (s : T),
  TD.roughLaplacian s = ∑ i, (TD.nabla (D.metric.basis i)) ((TD.nabla (D.metric.basis i)) s)
@TensorConnectionData.roughLaplacian_add : ∀ {V : Type u_1} [inst : AddCommGroup V] [inst_1 : Module ℝ V]
  [inst_2 : FiniteDimensional ℝ V] {ι : Type u_2} [inst_3 : Fintype ι] [inst_4 : DecidableEq ι]
  {D : Curvature.RiemannCurvatureData V ι} {T : Type u_3} [inst_5 : AddCommGroup T] [inst_6 : Module ℝ T]
  (TD : TensorConnectionData D T) (s u : T), TD.roughLaplacian (s + u) = TD.roughLaplacian s + TD.roughLaplacian u
@TensorConnectionData.roughLaplacian_smul : ∀ {V : Type u_1} [inst : AddCommGroup V] [inst_1 : Module ℝ V]
  [inst_2 : FiniteDimensional ℝ V] {ι : Type u_2} [inst_3 : Fintype ι] [inst_4 : DecidableEq ι]
  {D : Curvature.RiemannCurvatureData V ι} {T : Type u_3} [inst_5 : AddCommGroup T] [inst_6 : Module ℝ T]
  (TD : TensorConnectionData D T) (a : ℝ) (s : T), TD.roughLaplacian (a • s) = a • TD.roughLaplacian s
@TensorConnectionData.commutator_term : ∀ {V : Type u_1} [inst : AddCommGroup V] [inst_1 : Module ℝ V]
  [inst_2 : FiniteDimensional ℝ V] {ι : Type u_2} [inst_3 : Fintype ι] [inst_4 : DecidableEq ι]
  {D : Curvature.RiemannCurvatureData V ι} {T : Type u_3} [inst_5 : AddCommGroup T] [inst_6 : Module ℝ T]
  (TD : TensorConnectionData D T) (i : ι) (X : V) (s : T),
  (TD.nabla (D.metric.basis i)) ((TD.nabla (D.metric.basis i)) ((TD.nabla X) s)) -
      (TD.nabla X) ((TD.nabla (D.metric.basis i)) ((TD.nabla (D.metric.basis i)) s)) =
    ((TD.curvature (D.metric.basis i)) X) ((TD.nabla (D.metric.basis i)) s) +
          (TD.nabla ((D.conn.lie.bracket (D.metric.basis i)) X)) ((TD.nabla (D.metric.basis i)) s) +
        (TD.nabla (D.metric.basis i)) ((TD.nabla ((D.conn.lie.bracket (D.metric.basis i)) X)) s) +
      (TD.nabla (D.metric.basis i)) (((TD.curvature (D.metric.basis i)) X) s)
@TensorConnectionData.roughLaplacian_commutator_general : ∀ {V : Type u_1} [inst : AddCommGroup V] [inst_1 : Module ℝ V]
  [inst_2 : FiniteDimensional ℝ V] {ι : Type u_2} [inst_3 : Fintype ι] [inst_4 : DecidableEq ι]
  {D : Curvature.RiemannCurvatureData V ι} {T : Type u_3} [inst_5 : AddCommGroup T] [inst_6 : Module ℝ T]
  (TD : TensorConnectionData D T) (X : V) (s : T),
  TD.roughLaplacian ((TD.nabla X) s) - (TD.nabla X) (TD.roughLaplacian s) =
    ∑ i,
      (((TD.curvature (D.metric.basis i)) X) ((TD.nabla (D.metric.basis i)) s) +
            (TD.nabla ((D.conn.lie.bracket (D.metric.basis i)) X)) ((TD.nabla (D.metric.basis i)) s) +
          (TD.nabla (D.metric.basis i)) ((TD.nabla ((D.conn.lie.bracket (D.metric.basis i)) X)) s) +
        (TD.nabla (D.metric.basis i)) (((TD.curvature (D.metric.basis i)) X) s))
@TensorConnectionData.roughLaplacian_commutator_of_bracket_zero : ∀ {V : Type u_1} [inst : AddCommGroup V]
  [inst_1 : Module ℝ V] [inst_2 : FiniteDimensional ℝ V] {ι : Type u_2} [inst_3 : Fintype ι] [inst_4 : DecidableEq ι]
  {D : Curvature.RiemannCurvatureData V ι} {T : Type u_3} [inst_5 : AddCommGroup T] [inst_6 : Module ℝ T]
  (TD : TensorConnectionData D T) (X : V) (s : T),
  (∀ (i : ι), (D.conn.lie.bracket (D.metric.basis i)) X = 0) →
    TD.roughLaplacian ((TD.nabla X) s) - (TD.nabla X) (TD.roughLaplacian s) =
      ∑ i,
        (((TD.curvature (D.metric.basis i)) X) ((TD.nabla (D.metric.basis i)) s) +
          (TD.nabla (D.metric.basis i)) (((TD.curvature (D.metric.basis i)) X) s))
@TensorConnectionData.HasParallelCurvature : {V : Type u_1} →
  [inst : AddCommGroup V] →
    [inst_1 : Module ℝ V] →
      [inst_2 : FiniteDimensional ℝ V] →
        {ι : Type u_2} →
          [inst_3 : Fintype ι] →
            [inst_4 : DecidableEq ι] →
              {D : Curvature.RiemannCurvatureData V ι} →
                {T : Type u_3} → [inst_5 : AddCommGroup T] → [inst_6 : Module ℝ T] → TensorConnectionData D T → Prop
@TensorConnectionData.ricciContraction : {V : Type u_1} →
  [inst : AddCommGroup V] →
    [inst_1 : Module ℝ V] →
      [inst_2 : FiniteDimensional ℝ V] →
        {ι : Type u_2} →
          [inst_3 : Fintype ι] →
            [inst_4 : DecidableEq ι] →
              {D : Curvature.RiemannCurvatureData V ι} →
                {T : Type u_3} →
                  [inst_5 : AddCommGroup T] → [inst_6 : Module ℝ T] → TensorConnectionData D T → V → T → T
@TensorConnectionData.roughLaplacian_commutator_of_parallel : ∀ {V : Type u_1} [inst : AddCommGroup V]
  [inst_1 : Module ℝ V] [inst_2 : FiniteDimensional ℝ V] {ι : Type u_2} [inst_3 : Fintype ι] [inst_4 : DecidableEq ι]
  {D : Curvature.RiemannCurvatureData V ι} {T : Type u_3} [inst_5 : AddCommGroup T] [inst_6 : Module ℝ T]
  (TD : TensorConnectionData D T) (X : V) (s : T),
  (∀ (i : ι), (D.conn.lie.bracket (D.metric.basis i)) X = 0) →
    TD.HasParallelCurvature →
      TD.roughLaplacian ((TD.nabla X) s) - (TD.nabla X) (TD.roughLaplacian s) = 2 • TD.ricciContraction X s
@TensorConnectionData.RicciCommutationCertificate : {V : Type u_1} →
  [inst : AddCommGroup V] →
    [inst_1 : Module ℝ V] →
      [inst_2 : FiniteDimensional ℝ V] →
        {ι : Type u_2} →
          [inst_3 : Fintype ι] →
            [inst_4 : DecidableEq ι] →
              {D : Curvature.RiemannCurvatureData V ι} →
                {T : Type u_3} →
                  [inst_5 : AddCommGroup T] → [inst_6 : Module ℝ T] → TensorConnectionData D T → Type (max u_3 u_1)
@TensorConnectionData.roughLaplacian_commutator_ricci : ∀ {V : Type u_1} [inst : AddCommGroup V] [inst_1 : Module ℝ V]
  [inst_2 : FiniteDimensional ℝ V] {ι : Type u_2} [inst_3 : Fintype ι] [inst_4 : DecidableEq ι]
  {D : Curvature.RiemannCurvatureData V ι} {T : Type u_3} [inst_5 : AddCommGroup T] [inst_6 : Module ℝ T]
  (TD : TensorConnectionData D T) (C : TD.RicciCommutationCertificate) (X : V) (s : T),
  (∀ (i : ι), (D.conn.lie.bracket (D.metric.basis i)) X = 0) →
    TD.HasParallelCurvature →
      TD.roughLaplacian ((TD.nabla X) s) - (TD.nabla X) (TD.roughLaplacian s) = 2 • (C.ricciEndo X) s
@TensorConnectionData.ScalarCurvatureCommutationCertificate : {V : Type u_1} →
  [inst : AddCommGroup V] →
    [inst_1 : Module ℝ V] →
      [inst_2 : FiniteDimensional ℝ V] →
        {ι : Type u_2} →
          [inst_3 : Fintype ι] →
            [inst_4 : DecidableEq ι] →
              {D : Curvature.RiemannCurvatureData V ι} →
                {T : Type u_3} →
                  [inst_5 : AddCommGroup T] → [inst_6 : Module ℝ T] → TensorConnectionData D T → Type (max u_3 u_1)
@TensorConnectionData.roughLaplacian_commutator_frame_trace : ∀ {V : Type u_1} [inst : AddCommGroup V]
  [inst_1 : Module ℝ V] [inst_2 : FiniteDimensional ℝ V] {ι : Type u_2} [inst_3 : Fintype ι] [inst_4 : DecidableEq ι]
  {D : Curvature.RiemannCurvatureData V ι} {T : Type u_3} [inst_5 : AddCommGroup T] [inst_6 : Module ℝ T]
  (TD : TensorConnectionData D T) (C : TD.ScalarCurvatureCommutationCertificate) (s : T),
  (∀ (i j : ι), (D.conn.lie.bracket (D.metric.basis i)) (D.metric.basis j) = 0) →
    TD.HasParallelCurvature →
      ∑ j, (TD.roughLaplacian ((TD.nabla (D.metric.basis j)) s) - (TD.nabla (D.metric.basis j)) (TD.roughLaplacian s)) =
        (2 * D.scalarCurvature) • s
@TensorConnectionData.roughLaplacian_commutator_eq_zero_of_flat : ∀ {V : Type u_1} [inst : AddCommGroup V]
  [inst_1 : Module ℝ V] [inst_2 : FiniteDimensional ℝ V] {ι : Type u_2} [inst_3 : Fintype ι] [inst_4 : DecidableEq ι]
  {D : Curvature.RiemannCurvatureData V ι} {T : Type u_3} [inst_5 : AddCommGroup T] [inst_6 : Module ℝ T]
  (TD : TensorConnectionData D T) (X : V) (s : T),
  (∀ (i : ι), (D.conn.lie.bracket (D.metric.basis i)) X = 0) →
    (∀ (i : ι) (Y : V) (u : T), ((TD.curvature (D.metric.basis i)) Y) u = 0) →
      TD.roughLaplacian ((TD.nabla X) s) - (TD.nabla X) (TD.roughLaplacian s) = 0
@ricciNormSq : {V : Type u_1} →
  [inst : AddCommGroup V] →
    [inst_1 : Module ℝ V] →
      [inst_2 : FiniteDimensional ℝ V] →
        {ι : Type u_2} → [inst_3 : Fintype ι] → [inst_4 : DecidableEq ι] → Curvature.RiemannCurvatureData V ι → ℝ
@ricciNormSq_nonneg : ∀ {V : Type u_1} [inst : AddCommGroup V] [inst_1 : Module ℝ V] [inst_2 : FiniteDimensional ℝ V]
  {ι : Type u_2} [inst_3 : Fintype ι] [inst_4 : DecidableEq ι] (D : Curvature.RiemannCurvatureData V ι),
  0 ≤ ricciNormSq D
@traceH : {V : Type u_1} →
  [inst : AddCommGroup V] →
    [inst_1 : Module ℝ V] →
      [inst_2 : FiniteDimensional ℝ V] →
        {ι : Type u_2} →
          [inst_3 : Fintype ι] → [inst_4 : DecidableEq ι] → Curvature.RiemannCurvatureData V ι → (V → V → ℝ) → ℝ
@pairingH : {V : Type u_1} →
  [inst : AddCommGroup V] →
    [inst_1 : Module ℝ V] →
      [inst_2 : FiniteDimensional ℝ V] →
        {ι : Type u_2} →
          [inst_3 : Fintype ι] → [inst_4 : DecidableEq ι] → Curvature.RiemannCurvatureData V ι → (V → V → ℝ) → ℝ
@ricciFlowVelocity : {V : Type u_1} →
  [inst : AddCommGroup V] →
    [inst_1 : Module ℝ V] →
      [inst_2 : FiniteDimensional ℝ V] →
        {ι : Type u_2} →
          [inst_3 : Fintype ι] → [inst_4 : DecidableEq ι] → Curvature.RiemannCurvatureData V ι → V → V → ℝ
@IsRicciFlowVelocity : {V : Type u_1} →
  [inst : AddCommGroup V] →
    [inst_1 : Module ℝ V] →
      [inst_2 : FiniteDimensional ℝ V] →
        {ι : Type u_2} →
          [inst_3 : Fintype ι] → [inst_4 : DecidableEq ι] → Curvature.RiemannCurvatureData V ι → (V → V → ℝ) → Prop
@traceH_ricciFlowVelocity : ∀ {V : Type u_1} [inst : AddCommGroup V] [inst_1 : Module ℝ V]
  [inst_2 : FiniteDimensional ℝ V] {ι : Type u_2} [inst_3 : Fintype ι] [inst_4 : DecidableEq ι]
  (D : Curvature.RiemannCurvatureData V ι), traceH D (ricciFlowVelocity D) = -2 * D.scalarCurvature
@pairingH_ricciFlowVelocity : ∀ {V : Type u_1} [inst : AddCommGroup V] [inst_1 : Module ℝ V]
  [inst_2 : FiniteDimensional ℝ V] {ι : Type u_2} [inst_3 : Fintype ι] [inst_4 : DecidableEq ι]
  (D : Curvature.RiemannCurvatureData V ι), pairingH D (ricciFlowVelocity D) = -2 * ricciNormSq D
@ScalarEvolutionCertificate : {V : Type u_1} →
  [inst : AddCommGroup V] →
    [inst_1 : Module ℝ V] →
      [inst_2 : FiniteDimensional ℝ V] →
        {ι : Type u_2} →
          [inst_3 : Fintype ι] → [inst_4 : DecidableEq ι] → Curvature.RiemannCurvatureData V ι → (V → V → ℝ) → Type
@ScalarEvolutionCertificate.traceH_eq : ∀ {V : Type u_1} [inst : AddCommGroup V] [inst_1 : Module ℝ V]
  [inst_2 : FiniteDimensional ℝ V] {ι : Type u_2} [inst_3 : Fintype ι] [inst_4 : DecidableEq ι]
  {D : Curvature.RiemannCurvatureData V ι} {h : V → V → ℝ} (C : ScalarEvolutionCertificate D h),
  traceH D h = -2 * D.scalarCurvature
@ScalarEvolutionCertificate.pairingH_eq : ∀ {V : Type u_1} [inst : AddCommGroup V] [inst_1 : Module ℝ V]
  [inst_2 : FiniteDimensional ℝ V] {ι : Type u_2} [inst_3 : Fintype ι] [inst_4 : DecidableEq ι]
  {D : Curvature.RiemannCurvatureData V ι} {h : V → V → ℝ} (C : ScalarEvolutionCertificate D h),
  pairingH D h = -2 * ricciNormSq D
@ScalarEvolutionCertificate.variation_rhs_eq : ∀ {V : Type u_1} [inst : AddCommGroup V] [inst_1 : Module ℝ V]
  [inst_2 : FiniteDimensional ℝ V] {ι : Type u_2} [inst_3 : Fintype ι] [inst_4 : DecidableEq ι]
  {D : Curvature.RiemannCurvatureData V ι} {h : V → V → ℝ} (C : ScalarEvolutionCertificate D h) (t : ℝ),
  -(-2 * C.lapScal t) + C.divdivH t - pairingH D h = C.lapScal t + 2 * ricciNormSq D
@ScalarEvolutionCertificate.scalarDeriv_eq : ∀ {V : Type u_1} [inst : AddCommGroup V] [inst_1 : Module ℝ V]
  [inst_2 : FiniteDimensional ℝ V] {ι : Type u_2} [inst_3 : Fintype ι] [inst_4 : DecidableEq ι]
  {D : Curvature.RiemannCurvatureData V ι} {h : V → V → ℝ} (C : ScalarEvolutionCertificate D h) (t : ℝ),
  C.scalDeriv t = C.lapScal t + 2 * ricciNormSq D
@ScalarEvolutionCertificate.scalar_evolution : ∀ {V : Type u_1} [inst : AddCommGroup V] [inst_1 : Module ℝ V]
  [inst_2 : FiniteDimensional ℝ V] {ι : Type u_2} [inst_3 : Fintype ι] [inst_4 : DecidableEq ι]
  {D : Curvature.RiemannCurvatureData V ι} {h : V → V → ℝ} (C : ScalarEvolutionCertificate D h) (t : ℝ),
  HasDerivAt C.scalPath (C.lapScal t + 2 * ricciNormSq D) t
@ScalarEvolutionCertificate.scalar_evolution_iff : ∀ {V : Type u_1} [inst : AddCommGroup V] [inst_1 : Module ℝ V]
  [inst_2 : FiniteDimensional ℝ V] {ι : Type u_2} [inst_3 : Fintype ι] [inst_4 : DecidableEq ι]
  {D : Curvature.RiemannCurvatureData V ι} {h : V → V → ℝ} (C : ScalarEvolutionCertificate D h) (t : ℝ),
  HasDerivAt C.scalPath (C.lapScal t + 2 * ricciNormSq D) t ↔ C.scalDeriv t = C.lapScal t + 2 * ricciNormSq D
@flatCertificate : {V : Type u_1} →
  [inst : AddCommGroup V] →
    [inst_1 : Module ℝ V] →
      [inst_2 : FiniteDimensional ℝ V] →
        {ι : Type u_2} →
          [inst_3 : Fintype ι] →
            [inst_4 : DecidableEq ι] →
              (D : Curvature.RiemannCurvatureData V ι) →
                (∀ (X Y : V), (D.ricciForm X) Y = 0) →
                  D.scalarCurvature = 0 → ScalarEvolutionCertificate D fun x x_1 => 0
@scalarTensorData : {V : Type u_1} →
  [inst : AddCommGroup V] →
    [inst_1 : Module ℝ V] →
      [inst_2 : FiniteDimensional ℝ V] →
        {ι : Type u_2} →
          [inst_3 : Fintype ι] →
            [inst_4 : DecidableEq ι] → (D : Curvature.RiemannCurvatureData V ι) → TensorConnectionData D ℝ
@vectorTensorData : {V : Type u_1} →
  [inst : AddCommGroup V] →
    [inst_1 : Module ℝ V] →
      [inst_2 : FiniteDimensional ℝ V] →
        {ι : Type u_2} →
          [inst_3 : Fintype ι] →
            [inst_4 : DecidableEq ι] → (D : Curvature.RiemannCurvatureData V ι) → TensorConnectionData D V
@prodTensorData : {V : Type u_1} →
  [inst : AddCommGroup V] →
    [inst_1 : Module ℝ V] →
      [inst_2 : FiniteDimensional ℝ V] →
        {ι : Type u_2} →
          [inst_3 : Fintype ι] →
            [inst_4 : DecidableEq ι] →
              (D : Curvature.RiemannCurvatureData V ι) →
                {T₁ : Type u_3} →
                  {T₂ : Type u_4} →
                    [inst_5 : AddCommGroup T₁] →
                      [inst_6 : Module ℝ T₁] →
                        [inst_7 : AddCommGroup T₂] →
                          [inst_8 : Module ℝ T₂] →
                            TensorConnectionData D T₁ → TensorConnectionData D T₂ → TensorConnectionData D (T₁ × T₂)
So3Example.so3_ricciNormSq_pos : 0 < ricciNormSq Curvature.So3.so3
So3Example.so3EvolutionCertificate : ScalarEvolutionCertificate Curvature.So3.so3 (ricciFlowVelocity Curvature.So3.so3)
So3Example.so3_evolution_identity : So3Example.so3EvolutionCertificate.scalDeriv 0 =
  So3Example.so3EvolutionCertificate.lapScal 0 + 2 * ricciNormSq Curvature.So3.so3
So3Example.so3_evolution_rhs_pos : 0 < So3Example.so3EvolutionCertificate.lapScal 0 + 2 * ricciNormSq Curvature.So3.so3
So3Example.so3_vector_curvature_witness : (((vectorTensorData Curvature.So3.so3).curvature (Curvature.So3.e 0))
      (Curvature.So3.e 1))
    (Curvature.So3.e 1) =
  (1 / 4) • Curvature.So3.e 0
WrongBianchiData : Type
wrongBianchiExample : WrongBianchiData
wrongBianchi_identity_fails : wrongBianchiExample.scalDeriv 0 ≠
  wrongBianchiExample.lapScal 0 + 2 * wrongBianchiExample.ricNormSq
@SmoothTensorLaplacianDatum : {E : Type u_1} →
  [inst : NormedAddCommGroup E] →
    [inst_1 : NormedSpace ℝ E] →
      {H : Type u_2} →
        [inst_2 : TopologicalSpace H] →
          ModelWithCorners ℝ E H →
            (M : Type u_3) →
              [inst : TopologicalSpace M] →
                [ChartedSpace H M] →
                  (Tf : Type u_4) → [inst : AddCommGroup Tf] → [Module ℝ Tf] → Type (max (max u_1 u_3) u_4)
@IsSmoothTensorLaplacianDatum : {E : Type u_1} →
  [inst : NormedAddCommGroup E] →
    [inst_1 : NormedSpace ℝ E] →
      {H : Type u_2} →
        [inst_2 : TopologicalSpace H] →
          (I : ModelWithCorners ℝ E H) →
            (M : Type u_3) →
              [inst_3 : TopologicalSpace M] →
                [inst_4 : ChartedSpace H M] →
                  (Tf : Type u_4) →
                    [inst_5 : AddCommGroup Tf] → [inst_6 : Module ℝ Tf] → SmoothTensorLaplacianDatum I M Tf → Prop
SmoothCurvatureCertificateStatement : Prop
SmoothCommutationStatement : Prop
SmoothFrameTraceCommutationStatement : Prop
@SmoothScalarEvolutionDatum : {E : Type u_1} →
  [inst : NormedAddCommGroup E] →
    [inst_1 : NormedSpace ℝ E] →
      {H : Type u_2} →
        [inst_2 : TopologicalSpace H] →
          ModelWithCorners ℝ E H →
            (M : Type u_3) → [inst : TopologicalSpace M] → [ChartedSpace H M] → Type (max u_1 u_3)
@IsSmoothScalarEvolutionDatum : {E : Type u_1} →
  [inst : NormedAddCommGroup E] →
    [inst_1 : NormedSpace ℝ E] →
      {H : Type u_2} →
        [inst_2 : TopologicalSpace H] →
          (I : ModelWithCorners ℝ E H) →
            (M : Type u_3) →
              [inst_3 : TopologicalSpace M] → [inst_4 : ChartedSpace H M] → SmoothScalarEvolutionDatum I M → Prop
SmoothScalarEvolutionStatement : Prop
MissingMathlibDependencies : List String
PresentMathlibDependencies : List String
@CovariantDerivative : {𝕜 : Type u_1} →
  [inst : NontriviallyNormedField 𝕜] →
    {E : Type u_2} →
      [inst_1 : NormedAddCommGroup E] →
        [inst_2 : NormedSpace 𝕜 E] →
          {H : Type u_3} →
            [inst_3 : TopologicalSpace H] →
              ModelWithCorners 𝕜 E H →
                {M : Type u_4} →
                  [inst_4 : TopologicalSpace M] →
                    [ChartedSpace H M] →
                      (F : Type u_5) →
                        [inst_6 : NormedAddCommGroup F] →
                          [NormedSpace 𝕜 F] →
                            (V : M → Type u_6) →
                              [inst_8 : TopologicalSpace (Bundle.TotalSpace F V)] →
                                [inst_9 : (x : M) → AddCommGroup (V x)] →
                                  [inst_10 : (x : M) → Module 𝕜 (V x)] →
                                    [inst_11 : (x : M) → TopologicalSpace (V x)] →
                                      [∀ (x : M), IsTopologicalAddGroup (V x)] →
                                        [∀ (x : M), ContinuousSMul 𝕜 (V x)] →
                                          [FiberBundle F V] → Type (max (max u_2 u_4) u_6)
@CovariantDerivative.leviCivitaConnection : {E : Type u_1} →
  [inst : NormedAddCommGroup E] →
    [inst_1 : NormedSpace ℝ E] →
      {H : Type u_2} →
        [inst_2 : TopologicalSpace H] →
          (I : ModelWithCorners ℝ E H) →
            (M : Type u_3) →
              [inst_3 : TopologicalSpace M] →
                [inst_4 : ChartedSpace H M] →
                  [inst_5 : IsManifold I 2 M] →
                    [inst_6 : Bundle.RiemannianBundle fun x => TangentSpace I x] →
                      [IsContMDiffRiemannianBundle I 1 E fun x => TangentSpace I x] →
                        [FiniteDimensional ℝ E] → CovariantDerivative I E (TangentSpace I)
@CovariantDerivative.IsLeviCivitaConnection : {E : Type u_1} →
  [inst : NormedAddCommGroup E] →
    [inst_1 : NormedSpace ℝ E] →
      {H : Type u_2} →
        [inst_2 : TopologicalSpace H] →
          (I : ModelWithCorners ℝ E H) →
            {M : Type u_3} →
              [inst_3 : TopologicalSpace M] →
                [inst_4 : ChartedSpace H M] →
                  [inst_5 : IsManifold I 2 M] →
                    [inst_6 : Bundle.RiemannianBundle fun x => TangentSpace I x] →
                      CovariantDerivative I E (TangentSpace I) →
                        [IsContMDiffRiemannianBundle I 1 E fun x => TangentSpace I x] → [FiniteDimensional ℝ E] → Prop
@CovariantDerivative.torsion : {𝕜 : Type u_1} →
  [inst : NontriviallyNormedField 𝕜] →
    {E : Type u_2} →
      [inst_1 : NormedAddCommGroup E] →
        [inst_2 : NormedSpace 𝕜 E] →
          {H : Type u_3} →
            [inst_3 : TopologicalSpace H] →
              {I : ModelWithCorners 𝕜 E H} →
                {M : Type u_4} →
                  [inst_4 : TopologicalSpace M] →
                    [inst_5 : ChartedSpace H M] →
                      [CompleteSpace 𝕜] →
                        [CompleteSpace E] →
                          [FiniteDimensional 𝕜 E] →
                            [inst_9 : IsManifold I 2 M] →
                              CovariantDerivative I E (TangentSpace I) →
                                (x : M) → TangentSpace I x →L[𝕜] TangentSpace I x →L[𝕜] TangentSpace I x
@CovariantDerivative.IsMetricCompatible : {E : Type u_1} →
  [inst : NormedAddCommGroup E] →
    [inst_1 : NormedSpace ℝ E] →
      {H : Type u_2} →
        [inst_2 : TopologicalSpace H] →
          {I : ModelWithCorners ℝ E H} →
            {M : Type u_3} →
              [inst_3 : TopologicalSpace M] →
                [inst_4 : ChartedSpace H M] →
                  {F : Type u_4} →
                    [inst_5 : NormedAddCommGroup F] →
                      [inst_6 : NormedSpace ℝ F] →
                        {V : M → Type u_5} →
                          [inst_7 : TopologicalSpace (Bundle.TotalSpace F V)] →
                            [inst_8 : (x : M) → NormedAddCommGroup (V x)] →
                              [inst_9 : (x : M) → InnerProductSpace ℝ (V x)] →
                                [inst_10 : FiberBundle F V] →
                                  CovariantDerivative I F V →
                                    [inst_11 : VectorBundle ℝ F V] →
                                      [IsContMDiffRiemannianBundle I 1 F V] →
                                        [ContMDiffVectorBundle 1 F V I] → [FiniteDimensional ℝ F] → Prop
@mfderiv : {𝕜 : Type u_1} →
  [inst : NontriviallyNormedField 𝕜] →
    {E : Type u_2} →
      [inst_1 : NormedAddCommGroup E] →
        [inst_2 : NormedSpace 𝕜 E] →
          {H : Type u_3} →
            [inst_3 : TopologicalSpace H] →
              (I : ModelWithCorners 𝕜 E H) →
                {M : Type u_4} →
                  [inst_4 : TopologicalSpace M] →
                    [inst_5 : ChartedSpace H M] →
                      {E' : Type u_5} →
                        [inst_6 : NormedAddCommGroup E'] →
                          [inst_7 : NormedSpace 𝕜 E'] →
                            {H' : Type u_6} →
                              [inst_8 : TopologicalSpace H'] →
                                (I' : ModelWithCorners 𝕜 E' H') →
                                  {M' : Type u_7} →
                                    [inst_9 : TopologicalSpace M'] →
                                      [inst_10 : ChartedSpace H' M'] →
                                        (f : M → M') → (x : M) → TangentSpace I x →L[𝕜] TangentSpace I' (f x)
@ContMDiff : {𝕜 : Type u_1} →
  [inst : NontriviallyNormedField 𝕜] →
    {E : Type u_2} →
      [inst_1 : NormedAddCommGroup E] →
        [inst_2 : NormedSpace 𝕜 E] →
          {H : Type u_3} →
            [inst_3 : TopologicalSpace H] →
              ModelWithCorners 𝕜 E H →
                {M : Type u_4} →
                  [inst_4 : TopologicalSpace M] →
                    [ChartedSpace H M] →
                      {E' : Type u_5} →
                        [inst_6 : NormedAddCommGroup E'] →
                          [inst_7 : NormedSpace 𝕜 E'] →
                            {H' : Type u_6} →
                              [inst_8 : TopologicalSpace H'] →
                                ModelWithCorners 𝕜 E' H' →
                                  {M' : Type u_7} →
                                    [inst : TopologicalSpace M'] → [ChartedSpace H' M'] → WithTop ℕ∞ → (M → M') → Prop
@TangentSpace : {𝕜 : Type u_2} →
  [inst : NontriviallyNormedField 𝕜] →
    {E : Type u_1} →
      [inst_1 : NormedAddCommGroup E] →
        [inst_2 : NormedSpace 𝕜 E] →
          {H : Type u_3} →
            [inst_3 : TopologicalSpace H] →
              ModelWithCorners 𝕜 E H → {M : Type u_4} → [inst : TopologicalSpace M] → [ChartedSpace H M] → M → Type u_1
@TangentBundle : {𝕜 : Type u_1} →
  [inst : NontriviallyNormedField 𝕜] →
    {E : Type u_2} →
      [inst_1 : NormedAddCommGroup E] →
        [inst_2 : NormedSpace 𝕜 E] →
          {H : Type u_3} →
            [inst_3 : TopologicalSpace H] →
              ModelWithCorners 𝕜 E H →
                (M : Type u_4) → [inst : TopologicalSpace M] → [ChartedSpace H M] → Type (max u_4 u_2)
@IsRiemannianManifold : {E : Type u_1} →
  [inst : NormedAddCommGroup E] →
    [inst_1 : NormedSpace ℝ E] →
      {H : Type u_2} →
        [inst_2 : TopologicalSpace H] →
          (I : ModelWithCorners ℝ E H) →
            (M : Type u_3) →
              [inst_3 : TopologicalSpace M] →
                [PseudoEMetricSpace M] →
                  [inst_5 : ChartedSpace H M] → [Bundle.RiemannianBundle fun x => TangentSpace I x] → Prop
ModelWithCorners : (𝕜 : Type u_1) →
  [inst : NontriviallyNormedField 𝕜] →
    (E : Type u_2) →
      [inst_1 : NormedAddCommGroup E] → [NormedSpace 𝕜 E] → (H : Type u_3) → [TopologicalSpace H] → Type (max u_2 u_3)
@IsManifold : {𝕜 : Type u_1} →
  [inst : NontriviallyNormedField 𝕜] →
    {E : Type u_2} →
      [inst_1 : NormedAddCommGroup E] →
        [inst_2 : NormedSpace 𝕜 E] →
          {H : Type u_3} →
            [inst_3 : TopologicalSpace H] →
              ModelWithCorners 𝕜 E H →
                WithTop ℕ∞ → (M : Type u_4) → [inst : TopologicalSpace M] → [ChartedSpace H M] → Prop
LinearMap.trace : (R : Type u_1) →
  [inst : CommSemiring R] → (M : Type u_2) → [inst_1 : AddCommMonoid M] → [inst_2 : Module R M] → (M →ₗ[R] M) →ₗ[R] R
@LinearMap.comp : {R₁ : Type u_1} →
  {R₂ : Type u_2} →
    {R₃ : Type u_3} →
      {M₁ : Type u_4} →
        {M₂ : Type u_5} →
          {M₃ : Type u_6} →
            [inst : Semiring R₁] →
              [inst_1 : Semiring R₂] →
                [inst_2 : Semiring R₃] →
                  [inst_3 : AddCommMonoid M₁] →
                    [inst_4 : AddCommMonoid M₂] →
                      [inst_5 : AddCommMonoid M₃] →
                        {module_M₁ : Module R₁ M₁} →
                          {module_M₂ : Module R₂ M₂} →
                            {module_M₃ : Module R₃ M₃} →
                              {σ₁₂ : R₁ →+* R₂} →
                                {σ₂₃ : R₂ →+* R₃} →
                                  {σ₁₃ : R₁ →+* R₃} →
                                    [RingHomCompTriple σ₁₂ σ₂₃ σ₁₃] →
                                      (M₂ →ₛₗ[σ₂₃] M₃) → (M₁ →ₛₗ[σ₁₂] M₂) → M₁ →ₛₗ[σ₁₃] M₃
@LinearMap.comp_assoc : ∀ {R₁ : Type u_1} {R₂ : Type u_2} {R₃ : Type u_3} {M₁ : Type u_4} {M₂ : Type u_5}
  {M₃ : Type u_6} [inst : Semiring R₁] [inst_1 : Semiring R₂] [inst_2 : Semiring R₃] [inst_3 : AddCommMonoid M₁]
  [inst_4 : AddCommMonoid M₂] [inst_5 : AddCommMonoid M₃] {module_M₁ : Module R₁ M₁} {module_M₂ : Module R₂ M₂}
  {module_M₃ : Module R₃ M₃} {σ₁₂ : R₁ →+* R₂} {σ₂₃ : R₂ →+* R₃} {σ₁₃ : R₁ →+* R₃}
  [inst_6 : RingHomCompTriple σ₁₂ σ₂₃ σ₁₃] {R₄ : Type u_7} {M₄ : Type u_8} [inst_7 : Semiring R₄]
  [inst_8 : AddCommMonoid M₄] [inst_9 : Module R₄ M₄] {σ₃₄ : R₃ →+* R₄} {σ₂₄ : R₂ →+* R₄} {σ₁₄ : R₁ →+* R₄}
  [inst_10 : RingHomCompTriple σ₂₃ σ₃₄ σ₂₄] [inst_11 : RingHomCompTriple σ₁₃ σ₃₄ σ₁₄]
  [inst_12 : RingHomCompTriple σ₁₂ σ₂₄ σ₁₄] (f : M₁ →ₛₗ[σ₁₂] M₂) (g : M₂ →ₛₗ[σ₂₃] M₃) (h : M₃ →ₛₗ[σ₃₄] M₄),
  (h ∘ₛₗ g) ∘ₛₗ f = h ∘ₛₗ g ∘ₛₗ f
@HasDerivAt : {𝕜 : Type u_1} →
  [inst : NontriviallyNormedField 𝕜] →
    {F : Type u_2} →
      [inst_1 : AddCommGroup F] →
        [inst_2 : Module 𝕜 F] → [inst_3 : TopologicalSpace F] → [ContinuousSMul 𝕜 F] → (𝕜 → F) → F → 𝕜 → Prop
@HasDerivAt.unique : ∀ {𝕜 : Type u_1} [inst : NontriviallyNormedField 𝕜] {F : Type u_2} [inst_1 : NormedAddCommGroup F]
  [inst_2 : NormedSpace 𝕜 F] {f : 𝕜 → F} {f₀' f₁' : F} {x : 𝕜}, HasDerivAt f f₀' x → HasDerivAt f f₁' x → f₀' = f₁'
@Finset.sum_sub_distrib : ∀ {ι : Type u_1} {G : Type u_2} {s : Finset ι} [inst : SubtractionCommMonoid G] (f g : ι → G),
  ∑ x ∈ s, (f x - g x) = ∑ x ∈ s, f x - ∑ x ∈ s, g x
@Finset.sum_add_distrib : ∀ {ι : Type u_1} {M : Type u_2} {s : Finset ι} [inst : AddCommMonoid M] {f g : ι → M},
  ∑ x ∈ s, (f x + g x) = ∑ x ∈ s, f x + ∑ x ∈ s, g x
@Finset.mul_sum : ∀ {ι : Type u_1} {R : Type u_2} [inst : NonUnitalNonAssocSemiring R] (s : Finset ι) (f : ι → R)
  (a : R), a * ∑ i ∈ s, f i = ∑ i ∈ s, a * f i
@Finset.smul_sum : ∀ {M : Type u_1} {N : Type u_2} {γ : Type u_3} [inst : AddCommMonoid N] [inst_1 : DistribSMul M N]
  {r : M} {f : γ → N} {s : Finset γ}, r • ∑ x ∈ s, f x = ∑ x ∈ s, r • f x
@Finset.single_le_sum : ∀ {ι : Type u_1} {N : Type u_2} [inst : AddCommMonoid N] [inst_1 : Preorder N] {f : ι → N}
  {s : Finset ι} [AddLeftMono N], (∀ i ∈ s, 0 ≤ f i) → ∀ {a : ι}, a ∈ s → f a ≤ ∑ x ∈ s, f x
Unknown identifier `Hessian`
Unknown identifier `LaplaceBeltrami`
Unknown identifier `Riemann`
Unknown identifier `Ricci`
Unknown identifier `roughLaplacian`
Unknown identifier `TensorBundle`
Unknown constant `CovariantDerivative.curvature`
Unknown constant `CovariantDerivative.secondCovariantDerivative`
Unknown identifier `Manifold.curvature`
Unknown identifier `Manifold.divergence`
Unknown identifier `RiemannianVolumeMeasure`
Unknown identifier `Manifold.stokes`
=== release/Poincare/D7/TensorLaplacian/Audit.lean ===
'Poincare.D7.TensorLaplacian.BlockerManifoldCurvature' does not depend on any axioms
'Poincare.D7.TensorLaplacian.BlockerManifoldCurvature_ne_nil' depends on axioms: [propext, Classical.choice, Quot.sound]
'Poincare.D7.TensorLaplacian.BlockerSmoothCommutation' does not depend on any axioms
'Poincare.D7.TensorLaplacian.BlockerSmoothCommutation_ne_nil' depends on axioms: [propext, Classical.choice, Quot.sound]
'Poincare.D7.TensorLaplacian.BlockerSmoothRoughLaplacian' does not depend on any axioms
'Poincare.D7.TensorLaplacian.BlockerSmoothRoughLaplacian_ne_nil' depends on axioms: [propext,
 Classical.choice,
 Quot.sound]
'Poincare.D7.TensorLaplacian.BlockerSmoothScalarEvolution' does not depend on any axioms
'Poincare.D7.TensorLaplacian.BlockerSmoothScalarEvolution_ne_nil' depends on axioms: [propext,
 Classical.choice,
 Quot.sound]
'Poincare.D7.TensorLaplacian.BlockerSmoothTensorBundle' does not depend on any axioms
'Poincare.D7.TensorLaplacian.BlockerSmoothTensorBundle_ne_nil' depends on axioms: [propext,
 Classical.choice,
 Quot.sound]
'Poincare.D7.TensorLaplacian.BlockerSmoothTensorConnection' does not depend on any axioms
'Poincare.D7.TensorLaplacian.BlockerSmoothTensorConnection_ne_nil' depends on axioms: [propext,
 Classical.choice,
 Quot.sound]
'Poincare.D7.TensorLaplacian.IsRicciFlowVelocity' depends on axioms: [propext, Classical.choice, Quot.sound]
'Poincare.D7.TensorLaplacian.IsSmoothScalarEvolutionDatum' depends on axioms: [propext, Classical.choice, Quot.sound]
'Poincare.D7.TensorLaplacian.IsSmoothTensorLaplacianDatum' depends on axioms: [propext, Classical.choice, Quot.sound]
'Poincare.D7.TensorLaplacian.MissingMathlibDependencies' does not depend on any axioms
'Poincare.D7.TensorLaplacian.MissingMathlibDependencies_length' does not depend on any axioms
'Poincare.D7.TensorLaplacian.MissingMathlibDependencies_ne_nil' depends on axioms: [propext]
'Poincare.D7.TensorLaplacian.PresentMathlibDependencies' does not depend on any axioms
'Poincare.D7.TensorLaplacian.PresentMathlibDependencies_length' does not depend on any axioms
'Poincare.D7.TensorLaplacian.PresentMathlibDependencies_ne_nil' depends on axioms: [propext]
'Poincare.D7.TensorLaplacian.ScalarEvolutionCertificate' depends on axioms: [propext, Classical.choice, Quot.sound]
'Poincare.D7.TensorLaplacian.ScalarEvolutionCertificate.anchor' depends on axioms: [propext,
 Classical.choice,
 Quot.sound]
'Poincare.D7.TensorLaplacian.ScalarEvolutionCertificate.bianchi' depends on axioms: [propext,
 Classical.choice,
 Quot.sound]
'Poincare.D7.TensorLaplacian.ScalarEvolutionCertificate.divdivH' depends on axioms: [propext,
 Classical.choice,
 Quot.sound]
'Poincare.D7.TensorLaplacian.ScalarEvolutionCertificate.flow' depends on axioms: [propext, Classical.choice, Quot.sound]
'Poincare.D7.TensorLaplacian.ScalarEvolutionCertificate.lapScal' depends on axioms: [propext,
 Classical.choice,
 Quot.sound]
'Poincare.D7.TensorLaplacian.ScalarEvolutionCertificate.mk' depends on axioms: [propext, Classical.choice, Quot.sound]
'Poincare.D7.TensorLaplacian.ScalarEvolutionCertificate.pairingH_eq' depends on axioms: [propext,
 Classical.choice,
 Quot.sound]
'Poincare.D7.TensorLaplacian.ScalarEvolutionCertificate.scalDeriv' depends on axioms: [propext,
 Classical.choice,
 Quot.sound]
'Poincare.D7.TensorLaplacian.ScalarEvolutionCertificate.scalPath' depends on axioms: [propext,
 Classical.choice,
 Quot.sound]
'Poincare.D7.TensorLaplacian.ScalarEvolutionCertificate.scalPath_zero' depends on axioms: [propext,
 Classical.choice,
 Quot.sound]
'Poincare.D7.TensorLaplacian.ScalarEvolutionCertificate.scalarDeriv_eq' depends on axioms: [propext,
 Classical.choice,
 Quot.sound]
'Poincare.D7.TensorLaplacian.ScalarEvolutionCertificate.scalar_evolution' depends on axioms: [propext,
 Classical.choice,
 Quot.sound]
'Poincare.D7.TensorLaplacian.ScalarEvolutionCertificate.scalar_evolution_forall' depends on axioms: [propext,
 Classical.choice,
 Quot.sound]
'Poincare.D7.TensorLaplacian.ScalarEvolutionCertificate.scalar_evolution_iff' depends on axioms: [propext,
 Classical.choice,
 Quot.sound]
'Poincare.D7.TensorLaplacian.ScalarEvolutionCertificate.traceH_eq' depends on axioms: [propext,
 Classical.choice,
 Quot.sound]
'Poincare.D7.TensorLaplacian.ScalarEvolutionCertificate.variation' depends on axioms: [propext,
 Classical.choice,
 Quot.sound]
'Poincare.D7.TensorLaplacian.ScalarEvolutionCertificate.variation_rhs_eq' depends on axioms: [propext,
 Classical.choice,
 Quot.sound]
'Poincare.D7.TensorLaplacian.ScalarEvolutionCertificate.velocity' depends on axioms: [propext,
 Classical.choice,
 Quot.sound]
'Poincare.D7.TensorLaplacian.SmoothCommutationStatement' depends on axioms: [propext, Classical.choice, Quot.sound]
'Poincare.D7.TensorLaplacian.SmoothCurvatureCertificateStatement' depends on axioms: [propext,
 Classical.choice,
 Quot.sound]
'Poincare.D7.TensorLaplacian.SmoothFrameTraceCommutationStatement' depends on axioms: [propext,
 Classical.choice,
 Quot.sound]
'Poincare.D7.TensorLaplacian.SmoothScalarEvolutionDatum' depends on axioms: [propext, Classical.choice, Quot.sound]
'Poincare.D7.TensorLaplacian.SmoothScalarEvolutionDatum.divdivH' depends on axioms: [propext,
 Classical.choice,
 Quot.sound]
'Poincare.D7.TensorLaplacian.SmoothScalarEvolutionDatum.isSmooth_zero' depends on axioms: [propext,
 Classical.choice,
 Quot.sound]
'Poincare.D7.TensorLaplacian.SmoothScalarEvolutionDatum.lapTrace' depends on axioms: [propext,
 Classical.choice,
 Quot.sound]
'Poincare.D7.TensorLaplacian.SmoothScalarEvolutionDatum.laplaceScal' depends on axioms: [propext,
 Classical.choice,
 Quot.sound]
'Poincare.D7.TensorLaplacian.SmoothScalarEvolutionDatum.metricVelocity' depends on axioms: [propext,
 Classical.choice,
 Quot.sound]
'Poincare.D7.TensorLaplacian.SmoothScalarEvolutionDatum.mk' depends on axioms: [propext, Classical.choice, Quot.sound]
'Poincare.D7.TensorLaplacian.SmoothScalarEvolutionDatum.pairingH' depends on axioms: [propext,
 Classical.choice,
 Quot.sound]
'Poincare.D7.TensorLaplacian.SmoothScalarEvolutionDatum.ricciForm' depends on axioms: [propext,
 Classical.choice,
 Quot.sound]
'Poincare.D7.TensorLaplacian.SmoothScalarEvolutionDatum.ricciNormSq' depends on axioms: [propext,
 Classical.choice,
 Quot.sound]
'Poincare.D7.TensorLaplacian.SmoothScalarEvolutionDatum.scal' depends on axioms: [propext, Classical.choice, Quot.sound]
'Poincare.D7.TensorLaplacian.SmoothScalarEvolutionDatum.scalarDeriv' depends on axioms: [propext,
 Classical.choice,
 Quot.sound]
'Poincare.D7.TensorLaplacian.SmoothScalarEvolutionDatum.zero' depends on axioms: [propext, Classical.choice, Quot.sound]
'Poincare.D7.TensorLaplacian.SmoothScalarEvolutionStatement' depends on axioms: [propext, Classical.choice, Quot.sound]
'Poincare.D7.TensorLaplacian.SmoothTensorLaplacianDatum' depends on axioms: [propext, Classical.choice, Quot.sound]
'Poincare.D7.TensorLaplacian.SmoothTensorLaplacianDatum.curvatureAction' depends on axioms: [propext,
 Classical.choice,
 Quot.sound]
'Poincare.D7.TensorLaplacian.SmoothTensorLaplacianDatum.dim' depends on axioms: [propext, Classical.choice, Quot.sound]
'Poincare.D7.TensorLaplacian.SmoothTensorLaplacianDatum.frame' depends on axioms: [propext,
 Classical.choice,
 Quot.sound]
'Poincare.D7.TensorLaplacian.SmoothTensorLaplacianDatum.isSmoothTensorField' depends on axioms: [propext,
 Classical.choice,
 Quot.sound]
'Poincare.D7.TensorLaplacian.SmoothTensorLaplacianDatum.isSmooth_zero' depends on axioms: [propext,
 Classical.choice,
 Quot.sound]
'Poincare.D7.TensorLaplacian.SmoothTensorLaplacianDatum.lieBracket' depends on axioms: [propext,
 Classical.choice,
 Quot.sound]
'Poincare.D7.TensorLaplacian.SmoothTensorLaplacianDatum.metricInner' depends on axioms: [propext,
 Classical.choice,
 Quot.sound]
'Poincare.D7.TensorLaplacian.SmoothTensorLaplacianDatum.mk' depends on axioms: [propext, Classical.choice, Quot.sound]
'Poincare.D7.TensorLaplacian.SmoothTensorLaplacianDatum.ricciAction' depends on axioms: [propext,
 Classical.choice,
 Quot.sound]
'Poincare.D7.TensorLaplacian.SmoothTensorLaplacianDatum.roughLaplacian' depends on axioms: [propext,
 Classical.choice,
 Quot.sound]
'Poincare.D7.TensorLaplacian.SmoothTensorLaplacianDatum.tensorNabla' depends on axioms: [propext,
 Classical.choice,
 Quot.sound]
'Poincare.D7.TensorLaplacian.SmoothTensorLaplacianDatum.zero' depends on axioms: [propext, Classical.choice, Quot.sound]
'Poincare.D7.TensorLaplacian.So3Example.so3EvolutionCertificate' depends on axioms: [propext,
 Classical.choice,
 Quot.sound]
'Poincare.D7.TensorLaplacian.So3Example.so3_evolution_identity' depends on axioms: [propext,
 Classical.choice,
 Quot.sound]
'Poincare.D7.TensorLaplacian.So3Example.so3_evolution_rhs_pos' depends on axioms: [propext,
 Classical.choice,
 Quot.sound]
'Poincare.D7.TensorLaplacian.So3Example.so3_ricciForm_basis_zero' depends on axioms: [propext,
 Classical.choice,
 Quot.sound]
'Poincare.D7.TensorLaplacian.So3Example.so3_ricciNormSq_pos' depends on axioms: [propext, Classical.choice, Quot.sound]
'Poincare.D7.TensorLaplacian.So3Example.so3_vector_curvature_witness' depends on axioms: [propext,
 Classical.choice,
 Quot.sound]
'Poincare.D7.TensorLaplacian.TensorConnectionData' depends on axioms: [propext, Classical.choice, Quot.sound]
'Poincare.D7.TensorLaplacian.TensorConnectionData.HasParallelCurvature' depends on axioms: [propext,
 Classical.choice,
 Quot.sound]
'Poincare.D7.TensorLaplacian.TensorConnectionData.RicciCommutationCertificate' depends on axioms: [propext,
 Classical.choice,
 Quot.sound]
'Poincare.D7.TensorLaplacian.TensorConnectionData.RicciCommutationCertificate.mk' depends on axioms: [propext,
 Classical.choice,
 Quot.sound]
'Poincare.D7.TensorLaplacian.TensorConnectionData.RicciCommutationCertificate.ricciEndo' depends on axioms: [propext,
 Classical.choice,
 Quot.sound]
'Poincare.D7.TensorLaplacian.TensorConnectionData.RicciCommutationCertificate.ricci_contraction_eq' depends on axioms: [propext,
 Classical.choice,
 Quot.sound]
'Poincare.D7.TensorLaplacian.TensorConnectionData.ScalarCurvatureCommutationCertificate' depends on axioms: [propext,
 Classical.choice,
 Quot.sound]
'Poincare.D7.TensorLaplacian.TensorConnectionData.ScalarCurvatureCommutationCertificate.frame_trace_eq' depends on axioms: [propext,
 Classical.choice,
 Quot.sound]
'Poincare.D7.TensorLaplacian.TensorConnectionData.ScalarCurvatureCommutationCertificate.mk' depends on axioms: [propext,
 Classical.choice,
 Quot.sound]
'Poincare.D7.TensorLaplacian.TensorConnectionData.ScalarCurvatureCommutationCertificate.toRicciCommutationCertificate' depends on axioms: [propext,
 Classical.choice,
 Quot.sound]
'Poincare.D7.TensorLaplacian.TensorConnectionData.commutator_term' depends on axioms: [propext,
 Classical.choice,
 Quot.sound]
'Poincare.D7.TensorLaplacian.TensorConnectionData.curvature' depends on axioms: [propext, Classical.choice, Quot.sound]
'Poincare.D7.TensorLaplacian.TensorConnectionData.curvature_add₁' depends on axioms: [propext,
 Classical.choice,
 Quot.sound]
'Poincare.D7.TensorLaplacian.TensorConnectionData.curvature_add₂' depends on axioms: [propext,
 Classical.choice,
 Quot.sound]
'Poincare.D7.TensorLaplacian.TensorConnectionData.curvature_add₃' depends on axioms: [propext,
 Classical.choice,
 Quot.sound]
'Poincare.D7.TensorLaplacian.TensorConnectionData.curvature_certificate' depends on axioms: [propext,
 Classical.choice,
 Quot.sound]
'Poincare.D7.TensorLaplacian.TensorConnectionData.curvature_certificate_apply' depends on axioms: [propext,
 Classical.choice,
 Quot.sound]
'Poincare.D7.TensorLaplacian.TensorConnectionData.curvature_neg₃' depends on axioms: [propext,
 Classical.choice,
 Quot.sound]
'Poincare.D7.TensorLaplacian.TensorConnectionData.curvature_self' depends on axioms: [propext,
 Classical.choice,
 Quot.sound]
'Poincare.D7.TensorLaplacian.TensorConnectionData.curvature_skew' depends on axioms: [propext,
 Classical.choice,
 Quot.sound]
'Poincare.D7.TensorLaplacian.TensorConnectionData.curvature_skew_add_zero' depends on axioms: [propext,
 Classical.choice,
 Quot.sound]
'Poincare.D7.TensorLaplacian.TensorConnectionData.curvature_smul₁' depends on axioms: [propext,
 Classical.choice,
 Quot.sound]
'Poincare.D7.TensorLaplacian.TensorConnectionData.curvature_smul₂' depends on axioms: [propext,
 Classical.choice,
 Quot.sound]
'Poincare.D7.TensorLaplacian.TensorConnectionData.curvature_smul₃' depends on axioms: [propext,
 Classical.choice,
 Quot.sound]
'Poincare.D7.TensorLaplacian.TensorConnectionData.curvature_sub₃' depends on axioms: [propext,
 Classical.choice,
 Quot.sound]
'Poincare.D7.TensorLaplacian.TensorConnectionData.curvature_zero₁' depends on axioms: [propext,
 Classical.choice,
 Quot.sound]
'Poincare.D7.TensorLaplacian.TensorConnectionData.curvature_zero₂' depends on axioms: [propext,
 Classical.choice,
 Quot.sound]
'Poincare.D7.TensorLaplacian.TensorConnectionData.curvature_zero₃' depends on axioms: [propext,
 Classical.choice,
 Quot.sound]
'Poincare.D7.TensorLaplacian.TensorConnectionData.mk' depends on axioms: [propext, Classical.choice, Quot.sound]
'Poincare.D7.TensorLaplacian.TensorConnectionData.nabla' depends on axioms: [propext, Classical.choice, Quot.sound]
'Poincare.D7.TensorLaplacian.TensorConnectionData.nabla_add' depends on axioms: [propext, Classical.choice, Quot.sound]
'Poincare.D7.TensorLaplacian.TensorConnectionData.nabla_add₁' depends on axioms: [propext, Classical.choice, Quot.sound]
'Poincare.D7.TensorLaplacian.TensorConnectionData.nabla_neg' depends on axioms: [propext, Classical.choice, Quot.sound]
'Poincare.D7.TensorLaplacian.TensorConnectionData.nabla_neg₁' depends on axioms: [propext, Classical.choice, Quot.sound]
'Poincare.D7.TensorLaplacian.TensorConnectionData.nabla_smul' depends on axioms: [propext, Classical.choice, Quot.sound]
'Poincare.D7.TensorLaplacian.TensorConnectionData.nabla_smul₁' depends on axioms: [propext,
 Classical.choice,
 Quot.sound]
'Poincare.D7.TensorLaplacian.TensorConnectionData.nabla_sub' depends on axioms: [propext, Classical.choice, Quot.sound]
'Poincare.D7.TensorLaplacian.TensorConnectionData.nabla_sub₁' depends on axioms: [propext, Classical.choice, Quot.sound]
'Poincare.D7.TensorLaplacian.TensorConnectionData.nabla_zero' depends on axioms: [propext, Classical.choice, Quot.sound]
'Poincare.D7.TensorLaplacian.TensorConnectionData.nabla_zero₁' depends on axioms: [propext,
 Classical.choice,
 Quot.sound]
'Poincare.D7.TensorLaplacian.TensorConnectionData.ricciContraction' depends on axioms: [propext,
 Classical.choice,
 Quot.sound]
'Poincare.D7.TensorLaplacian.TensorConnectionData.roughLaplacian' depends on axioms: [propext,
 Classical.choice,
 Quot.sound]
'Poincare.D7.TensorLaplacian.TensorConnectionData.roughLaplacian_add' depends on axioms: [propext,
 Classical.choice,
 Quot.sound]
'Poincare.D7.TensorLaplacian.TensorConnectionData.roughLaplacian_apply' depends on axioms: [propext,
 Classical.choice,
 Quot.sound]
'Poincare.D7.TensorLaplacian.TensorConnectionData.roughLaplacian_commutator_eq_zero_of_flat' depends on axioms: [propext,
 Classical.choice,
 Quot.sound]
'Poincare.D7.TensorLaplacian.TensorConnectionData.roughLaplacian_commutator_frame_trace' depends on axioms: [propext,
 Classical.choice,
 Quot.sound]
'Poincare.D7.TensorLaplacian.TensorConnectionData.roughLaplacian_commutator_general' depends on axioms: [propext,
 Classical.choice,
 Quot.sound]
'Poincare.D7.TensorLaplacian.TensorConnectionData.roughLaplacian_commutator_of_bracket_zero' depends on axioms: [propext,
 Classical.choice,
 Quot.sound]
'Poincare.D7.TensorLaplacian.TensorConnectionData.roughLaplacian_commutator_of_parallel' depends on axioms: [propext,
 Classical.choice,
 Quot.sound]
'Poincare.D7.TensorLaplacian.TensorConnectionData.roughLaplacian_commutator_ricci' depends on axioms: [propext,
 Classical.choice,
 Quot.sound]
'Poincare.D7.TensorLaplacian.TensorConnectionData.roughLaplacian_eq_zero_of_nabla_nabla_eq_zero' depends on axioms: [propext,
 Classical.choice,
 Quot.sound]
'Poincare.D7.TensorLaplacian.TensorConnectionData.roughLaplacian_neg' depends on axioms: [propext,
 Classical.choice,
 Quot.sound]
'Poincare.D7.TensorLaplacian.TensorConnectionData.roughLaplacian_smul' depends on axioms: [propext,
 Classical.choice,
 Quot.sound]
'Poincare.D7.TensorLaplacian.TensorConnectionData.roughLaplacian_sub' depends on axioms: [propext,
 Classical.choice,
 Quot.sound]
'Poincare.D7.TensorLaplacian.TensorConnectionData.roughLaplacian_zero' depends on axioms: [propext,
 Classical.choice,
 Quot.sound]
'Poincare.D7.TensorLaplacian.TensorConnectionData.roughLaplacianₗ' depends on axioms: [propext,
 Classical.choice,
 Quot.sound]
'Poincare.D7.TensorLaplacian.TensorConnectionData.second_covariant_derivative_commutation' depends on axioms: [propext,
 Classical.choice,
 Quot.sound]
'Poincare.D7.TensorLaplacian.WrongBianchiData' depends on axioms: [propext, Classical.choice, Quot.sound]
'Poincare.D7.TensorLaplacian.WrongBianchiData.bianchi_wrong' depends on axioms: [propext, Classical.choice, Quot.sound]
'Poincare.D7.TensorLaplacian.WrongBianchiData.divdivH' depends on axioms: [propext, Classical.choice, Quot.sound]
'Poincare.D7.TensorLaplacian.WrongBianchiData.flow' depends on axioms: [propext, Classical.choice, Quot.sound]
'Poincare.D7.TensorLaplacian.WrongBianchiData.lapScal' depends on axioms: [propext, Classical.choice, Quot.sound]
'Poincare.D7.TensorLaplacian.WrongBianchiData.mk' depends on axioms: [propext, Classical.choice, Quot.sound]
'Poincare.D7.TensorLaplacian.WrongBianchiData.pairingH' depends on axioms: [propext, Classical.choice, Quot.sound]
'Poincare.D7.TensorLaplacian.WrongBianchiData.pairing_eq' depends on axioms: [propext, Classical.choice, Quot.sound]
'Poincare.D7.TensorLaplacian.WrongBianchiData.ricNormSq' depends on axioms: [propext, Classical.choice, Quot.sound]
'Poincare.D7.TensorLaplacian.WrongBianchiData.scal' depends on axioms: [propext, Classical.choice, Quot.sound]
'Poincare.D7.TensorLaplacian.WrongBianchiData.scalDeriv' depends on axioms: [propext, Classical.choice, Quot.sound]
'Poincare.D7.TensorLaplacian.WrongBianchiData.variation' depends on axioms: [propext, Classical.choice, Quot.sound]
'Poincare.D7.TensorLaplacian.flatCertificate' depends on axioms: [propext, Classical.choice, Quot.sound]
'Poincare.D7.TensorLaplacian.isRicciFlowVelocity_ricciFlowVelocity' depends on axioms: [propext,
 Classical.choice,
 Quot.sound]
'Poincare.D7.TensorLaplacian.pairingH' depends on axioms: [propext, Classical.choice, Quot.sound]
'Poincare.D7.TensorLaplacian.pairingH_ricciFlowVelocity' depends on axioms: [propext, Classical.choice, Quot.sound]
'Poincare.D7.TensorLaplacian.prodTensorData' depends on axioms: [propext, Classical.choice, Quot.sound]
'Poincare.D7.TensorLaplacian.ricciFlowVelocity' depends on axioms: [propext, Classical.choice, Quot.sound]
'Poincare.D7.TensorLaplacian.ricciNormSq' depends on axioms: [propext, Classical.choice, Quot.sound]
'Poincare.D7.TensorLaplacian.ricciNormSq_nonneg' depends on axioms: [propext, Classical.choice, Quot.sound]
'Poincare.D7.TensorLaplacian.scalarTensorData' depends on axioms: [propext, Classical.choice, Quot.sound]
'Poincare.D7.TensorLaplacian.traceH' depends on axioms: [propext, Classical.choice, Quot.sound]
'Poincare.D7.TensorLaplacian.traceH_ricciFlowVelocity' depends on axioms: [propext, Classical.choice, Quot.sound]
'Poincare.D7.TensorLaplacian.vectorTensorData' depends on axioms: [propext, Classical.choice, Quot.sound]
'Poincare.D7.TensorLaplacian.wrongBianchiExample' depends on axioms: [propext, Classical.choice, Quot.sound]
'Poincare.D7.TensorLaplacian.wrongBianchi_identity_fails' depends on axioms: [propext, Classical.choice, Quot.sound]
