A3R12S SELFTEST PASS (positive control detected, negative control clean)
A3R12SPROGRESS|20|537|1692
A3R12SPROGRESS|40|537|1811
A3R12SPROGRESS|60|537|1834
A3R12SPROGRESS|80|537|1857
A3R12SPROGRESS|100|537|1868
A3R12SPROGRESS|120|537|1892
A3R12SPROGRESS|140|537|1945
A3R12SPROGRESS|160|537|1953
A3R12SPROGRESS|180|537|1958
A3R12SPROGRESS|200|537|1997
A3R12SPROGRESS|220|537|2006
A3R12SPROGRESS|240|537|2018
A3R12SPROGRESS|260|537|2030
A3R12SPROGRESS|280|537|2036
A3R12SPROGRESS|300|537|2041
A3R12SPROGRESS|320|537|2050
A3R12SPROGRESS|340|537|2055
A3R12SPROGRESS|360|537|2061
A3R12SPROGRESS|380|537|2066
A3R12SPROGRESS|400|537|2070
A3R12SPROGRESS|420|537|2076
A3R12SPROGRESS|440|537|2081
A3R12SPROGRESS|460|537|2087
A3R12SPROGRESS|480|537|2093
A3R12SPROGRESS|500|537|2103
A3R12SPROGRESS|520|537|2110
A3R12SPROGRESS|537|537|2115
A3R12SCONE|Poincare.D12.TriangulationTopology.exists_unit_notMem_segChain._proof_1_2||0
A3R12SCONE|Poincare.D12.TriangulationTopology.clampedMap_clamp_idem||0
A3R12SCONE|Poincare.D12.TriangulationTopology.continuous_suspMapQuot|propext|0
A3R12SCONE|Poincare.D12.TriangulationTopology.sphereNonempty|propext|0
A3R12SCONE|Poincare.D12.TriangulationTopology.simplexRadialTime||0
A3R12SCONE|Poincare.D12.TriangulationTopology.simplexBoundaryPoint_mem_of_ne_center._simp_1_6||0
A3R12SCONE|Poincare.D12.TriangulationTopology.sphereOfTwoDisks_hemisphere_instance|Classical.choice,Quot.sound,propext|0
A3R12SCONE|Poincare.D12.TriangulationTopology.idChain.eq_1||0
A3R12SCONE|Poincare.D12.TriangulationTopology.restrictionChain_extend_two_mul_sub_one||0
A3R12SCONE|Poincare.D12.TriangulationTopology.simplexConeMapQuot._proof_1|propext|0
A3R12SCONE|Poincare.D12.TriangulationTopology.trivialization_id._proof_1||0
A3R12SCONE|Poincare.D12.TriangulationTopology.diskCompactSpace||0
A3R12SCONE|Poincare.D12.TriangulationTopology.SuspCyl||0
A3R12SCONE|Poincare.D12.TriangulationTopology.doubleDiskMapQuot|propext|0
A3R12SCONE|Poincare.D12.TriangulationTopology.sphereToDisk|propext|0
A3R12SCONE|Poincare.D12.TriangulationTopology.exists_not_mem_finset_submodule_union._proof_1_1||0
A3R12SCONE|Poincare.D12.TriangulationTopology.simplexBoundaryConeHomeoSimplex|Quot.sound,propext|0
A3R12SCONE|Poincare.D12.TriangulationTopology.simplyConnectedSpace_sphere|propext|0
A3R12SCONE|Poincare.D12.TriangulationTopology.hemisphere_cover|propext|0
A3R12SCONE|Poincare.D12.TriangulationTopology.sphereOfTwoDisks._proof_5||0
A3R12SCONE|Poincare.D12.TriangulationTopology.segChain._proof_1||0
A3R12SCONE|Poincare.D12.TriangulationTopology.diskGlueSumHomeo.eq_1|Classical.choice,propext|0
A3R12SCONE|Poincare.D12.TriangulationTopology.simplexDir||0
A3R12SCONE|Poincare.D12.TriangulationTopology.segPiece.congr_simp|propext|0
A3R12SCONE|Poincare.D12.TriangulationTopology.simplexMin_attains||0
A3R12SCONE|Poincare.D12.TriangulationTopology.doubleDiskMap_respects|propext|0
A3R12SCONE|Poincare.D12.TriangulationTopology.continuous_sphereToSimplexBoundary|propext|0
A3R12SCONE|Poincare.D12.TriangulationTopology.sphereOfTwoDisks|Classical.choice,Quot.sound,propext|0
A3R12SCONE|Poincare.D12.TriangulationTopology.trivialization_id._proof_3||0
A3R12SCONE|Poincare.D12.TriangulationTopology.suspQuotHomeoTopCatSphere|Classical.choice,Quot.sound,propext|0
A3R12SCONE|Poincare.D12.TriangulationTopology.restrictionPiece||0
A3R12SCONE|Poincare.D12.TriangulationTopology.clampedMap_coe||0
A3R12SCONE|Poincare.D12.TriangulationTopology.DoubleDiskQuot||0
A3R12SCONE|Poincare.D12.TriangulationTopology.exists_unit_notMem_segChain._proof_1_1||0
A3R12SCONE|Poincare.D12.TriangulationTopology.norm_radialExtend|Classical.choice,propext|0
A3R12SCONE|Poincare.D12.TriangulationTopology.antipodalQuotientCovering||0
A3R12SCONE|Poincare.D12.TriangulationTopology.restrictionChain.match_1||0
A3R12SCONE|Poincare.D12.TriangulationTopology.coneQuotHomeoDisk._proof_3|Classical.choice,Quot.sound,propext|0
A3R12SCONE|Poincare.D12.TriangulationTopology.simplexMin||0
A3R12SCONE|Poincare.D12.TriangulationTopology.clampedMap_of_one_le||0
A3R12SCONE|Poincare.D12.TriangulationTopology.sqrt_one_sub_trunc_norm_sq_eq_last||0
A3R12SCONE|Poincare.D12.TriangulationTopology.coneQuotNonempty|Classical.choice,propext|0
A3R12SCONE|Poincare.D12.TriangulationTopology.simplexBoundaryConeHomeoSphereCone|Quot.sound,propext|0
A3R12SCONE|Poincare.D12.TriangulationTopology.restrictionChain._sunfold||0
A3R12SCONE|Poincare.D12.TriangulationTopology.simplexBoundaryToSphere|propext|0
A3R12SCONE|Poincare.D12.TriangulationTopology.radialExtend_comp|Classical.choice,propext|0
A3R12SCONE|Poincare.D12.TriangulationTopology.simplexHomeoStdSimplexFn._proof_2|propext|0
A3R12SCONE|Poincare.D12.TriangulationTopology.upperHemisphereHomeoDisk|propext|0
A3R12SCONE|Poincare.D12.TriangulationTopology.simplexBoundaryToSphere_sphereToSimplexBoundary|propext|0
A3R12SCONE|Poincare.D12.TriangulationTopology.restrictionChain._proof_5||0
A3R12SCONE|Poincare.D12.TriangulationTopology.subdivPoint||0
A3R12SCONE|Poincare.D12.TriangulationTopology.Sphere||0
A3R12SCONE|Poincare.D12.TriangulationTopology.sphereOfTwoDisks._proof_1||0
A3R12SCONE|Poincare.D12.TriangulationTopology.quotMapHomeo_mk|Quot.sound|0
A3R12SCONE|Poincare.D12.TriangulationTopology.simplexBoundaryPoint_eq_of_radial_repr._simp_1_3||0
A3R12SCONE|Poincare.D12.TriangulationTopology.diskToUpperHemisphere_upperHemisphereToDisk|propext|0
A3R12SCONE|Poincare.D12.TriangulationTopology.upperHemisphereToDisk_diskToUpperHemisphere|propext|0
A3R12SCONE|Poincare.D12.TriangulationTopology.hemisphere_cover._simp_1_2||0
A3R12SCONE|Poincare.D12.TriangulationTopology.suspQuotHomeoSphere._proof_1||0
A3R12SCONE|Poincare.D12.TriangulationTopology.quotMapHomeo._proof_5|Quot.sound|0
A3R12SCONE|Poincare.D12.TriangulationTopology.norm_sq_esnoc'||0
A3R12SCONE|Poincare.D12.TriangulationTopology.simplexVertexZero._proof_1||0
A3R12SCONE|Poincare.D12.TriangulationTopology.simplexConeMapQuot.eq_1|propext|0
A3R12SCONE|Poincare.D12.TriangulationTopology.simplexRadialTime_le_one|propext|0
A3R12SCONE|Poincare.D12.TriangulationTopology.simplexConeMapQuot_injective|Quot.sound,propext|0
A3R12SCONE|Poincare.D12.TriangulationTopology.doubleDiskQuotHomeoSphere._proof_1||0
A3R12SCONE|Poincare.D12.TriangulationTopology.suspMap|propext|0
A3R12SCONE|Poincare.D12.TriangulationTopology.sphereToSimplexBoundary_simplexBoundaryToSphere|propext|0
A3R12SCONE|Poincare.D12.TriangulationTopology.dist_subdiv_succ_le|propext|0
A3R12SCONE|Poincare.D12.TriangulationTopology.sphereToSimplexBoundaryFn|propext|0
A3R12SCONE|Poincare.D12.TriangulationTopology.simplexConeMapQuot_injective._simp_1_7||0
A3R12SCONE|Poincare.D12.TriangulationTopology.simplexCenter_total||0
A3R12SCONE|Poincare.D12.TriangulationTopology.diskContractible||0
A3R12SCONE|Poincare.D12.TriangulationTopology.continuous_clampedMap||0
A3R12SCONE|Poincare.D12.TriangulationTopology.segment_ne_zero||0
A3R12SCONE|Poincare.D12.TriangulationTopology.simplexBoundaryConeHomeoSimplex._proof_1|propext|0
A3R12SCONE|Poincare.D12.TriangulationTopology.suspMapQuot_injective|Quot.sound,propext|0
A3R12SCONE|Poincare.D12.TriangulationTopology.segChain_mem_iUnion_spans._proof_1_1||0
A3R12SCONE|Poincare.D12.TriangulationTopology.upperHemisphereToDisk|propext|0
A3R12SCONE|Poincare.D12.TriangulationTopology.sphere_cover_isHomeo|propext|0
A3R12SCONE|Poincare.D12.TriangulationTopology.antipodal_smul_ofAdd_one_eq||0
A3R12SCONE|Poincare.D12.TriangulationTopology.diskDirection._proof_1|propext|0
A3R12SCONE|Poincare.D12.TriangulationTopology.trivialization_id._proof_6||0
A3R12SCONE|Poincare.D12.TriangulationTopology.diskToUpperHemisphere._proof_1|propext|0
A3R12SCONE|Poincare.D12.TriangulationTopology.longrun_missingSphereThreePiOneTrivial|propext|0
A3R12SCONE|Poincare.D12.TriangulationTopology.simplexBoundaryPoint||0
A3R12SCONE|Poincare.D12.TriangulationTopology.contractibleSpace_puncturedSphere||0
A3R12SCONE|Poincare.D12.TriangulationTopology.segChain._proof_3||0
A3R12SCONE|Poincare.D12.TriangulationTopology.ConeQuot||0
A3R12SCONE|Poincare.D12.TriangulationTopology.continuous_sphereToSimplexBoundary_apply|propext|0
A3R12SCONE|Poincare.D12.TriangulationTopology.rpNonempty|propext|0
A3R12SCONE|Poincare.D12.TriangulationTopology.simplexConeMap||0
A3R12SCONE|Poincare.D12.TriangulationTopology.restrictionChain_succ_apply||0
A3R12SCONE|Poincare.D12.TriangulationTopology.sphereOfTwoDisks._proof_4|propext|0
A3R12SCONE|Poincare.D12.TriangulationTopology.simplexMin_le_center||0
A3R12SCONE|Poincare.D12.TriangulationTopology.simplexMin_of_simplexBoundaryToSphere|propext|0
A3R12SCONE|Poincare.D12.TriangulationTopology.Disk||0
A3R12SCONE|Poincare.D12.TriangulationTopology.truncToCenter._proof_1||0
A3R12SCONE|Poincare.D12.TriangulationTopology.idChain_zero_apply||0
A3R12SCONE|Poincare.D12.TriangulationTopology.iccCompactSpace||0
A3R12SCONE|Poincare.D12.TriangulationTopology.restrictionChain_homotopic_segChain|propext|0
A3R12SCONE|Poincare.D12.TriangulationTopology.simplexBoundaryHomeoBoundaryFn|propext|0
A3R12SCONE|Poincare.D12.TriangulationTopology.diskGlueRel_id_iff_doubleDiskRel|propext|0
A3R12SCONE|Poincare.D12.TriangulationTopology.simplexVertexZero||0
A3R12SCONE|Poincare.D12.TriangulationTopology.sphereToDisk._proof_1|propext|0
A3R12SCONE|Poincare.D12.TriangulationTopology.simplexBoundaryConeMap.eq_1||0
A3R12SCONE|Poincare.D12.TriangulationTopology.doubleDiskQuotHomeoSphere|Quot.sound,propext|0
A3R12SCONE|Poincare.D12.TriangulationTopology.sphereConeHomeoSimplex._proof_1||0
A3R12SCONE|Poincare.D12.TriangulationTopology.sphereCompactSpace||0
A3R12SCONE|Poincare.D12.TriangulationTopology.trivialization_id._proof_5||0
A3R12SCONE|Poincare.D12.TriangulationTopology.coneMap_respects|propext|0
A3R12SCONE|Poincare.D12.TriangulationTopology.diskGlueSumHomeo_inl|Classical.choice,propext|0
A3R12SCONE|Poincare.D12.TriangulationTopology.hemisphere_cover._simp_1_1|propext|0
A3R12SCONE|Poincare.D12.TriangulationTopology.antipodalContinuousConstSMul||0
A3R12SCONE|Poincare.D12.TriangulationTopology.simplexBoundaryPoint_eq_of_radial_repr|propext|0
A3R12SCONE|Poincare.D12.TriangulationTopology.continuous_simplexBoundaryConeMap||0
A3R12SCONE|Poincare.D12.TriangulationTopology.restrictionPiece_id_apply||0
A3R12SCONE|Poincare.D12.TriangulationTopology.simplexBoundaryPoint_mem_of_ne_center|propext|0
A3R12SCONE|Poincare.D12.TriangulationTopology.clampedMap||0
A3R12SCONE|Poincare.D12.TriangulationTopology.simplexConeMap_respects||0
A3R12SCONE|Poincare.D12.TriangulationTopology.alexanderHomeo_refl|Classical.choice,propext|0
A3R12SCONE|Poincare.D12.TriangulationTopology.simplexConeMapQuot_injective._simp_1_6||0
A3R12SCONE|Poincare.D12.TriangulationTopology.sphereThreeGluedDisks|Quot.sound,propext|0
A3R12SCONE|Poincare.D12.TriangulationTopology.sphere_eq_neg_self_impossible||0
A3R12SCONE|Poincare.D12.TriangulationTopology.coneMapQuot.eq_1|propext|0
A3R12SCONE|Poincare.D12.TriangulationTopology.trivialization_id._proof_2||0
A3R12SCONE|Poincare.D12.TriangulationTopology.segChain_mem_iUnion_spans._proof_1_2||0
A3R12SCONE|Poincare.D12.TriangulationTopology.continuous_diskToUpperHemisphere|propext|0
A3R12SCONE|Poincare.D12.TriangulationTopology.segChain.congr_simp|propext|0
A3R12SCONE|Poincare.D12.TriangulationTopology.sphereThree_pi1_subsingleton|propext|0
A3R12SCONE|Poincare.D12.TriangulationTopology.upperHemisphereT2Space|propext|0
A3R12SCONE|Poincare.D12.TriangulationTopology.segPiece_mem_span|propext|0
A3R12SCONE|Poincare.D12.TriangulationTopology.segmentPath.eq_1|propext|0
A3R12SCONE|Poincare.D12.TriangulationTopology.simplexHomeoConeQuot|Classical.choice,Quot.sound,propext|0
A3R12SCONE|Poincare.D12.TriangulationTopology.simplexBoundaryConeMapQuot_surjective|propext|0
A3R12SCONE|Poincare.D12.TriangulationTopology.simplexBoundaryPoint_eq_of_radial_repr._simp_1_1||0
A3R12SCONE|Poincare.D12.TriangulationTopology.coveringOfSimplyConnectedIsHomeo|propext|0
A3R12SCONE|Poincare.D12.TriangulationTopology.doubleDiskRel||0
A3R12SCONE|Poincare.D12.TriangulationTopology.coneOverSphere2HomeoDisk3|Classical.choice,Quot.sound,propext|0
A3R12SCONE|Poincare.D12.TriangulationTopology.antipodalSmul_one._simp_1_2||0
A3R12SCONE|Poincare.D12.TriangulationTopology.antipodalSmul_ofAdd_one||0
A3R12SCONE|Poincare.D12.TriangulationTopology.doubleDiskMap.eq_1|propext|0
A3R12SCONE|Poincare.D12.TriangulationTopology.PuncturedDisk||0
A3R12SCONE|Poincare.D12.TriangulationTopology.esnoc_injective2||0
A3R12SCONE|Poincare.D12.TriangulationTopology.spherePathConnectedSpace_of_pos||0
A3R12SCONE|Poincare.D12.TriangulationTopology.continuous_simplexDir_apply||0
A3R12SCONE|Poincare.D12.TriangulationTopology.esnoc'_castSucc||0
A3R12SCONE|Poincare.D12.TriangulationTopology.rpCompactSpace||0
A3R12SCONE|Poincare.D12.TriangulationTopology.simplexBoundaryConeHomeoSimplex._proof_2|Quot.sound,propext|0
A3R12SCONE|Poincare.D12.TriangulationTopology.norm_segment_sub_left_le||0
A3R12SCONE|Poincare.D12.TriangulationTopology.loop_homotopic_segChain._proof_1_1||0
A3R12SCONE|Poincare.D12.TriangulationTopology.simplexConeMapQuot_injective._simp_1_5||0
A3R12SCONE|Poincare.D12.TriangulationTopology.coneMap.eq_1|propext|0
A3R12SCONE|Poincare.D12.TriangulationTopology.simplexBoundaryPoint_eq_of_radial_repr._simp_1_4||0
A3R12SCONE|Poincare.D12.TriangulationTopology.esnoc'_lowerTrunc_eq||0
A3R12SCONE|Poincare.D12.TriangulationTopology.truncToCenter_ne_zero._simp_1_1|propext|0
A3R12SCONE|Poincare.D12.TriangulationTopology.simplexBoundaryPoint_eq_of_radial_repr._simp_1_2||0
A3R12SCONE|Poincare.D12.TriangulationTopology.segmentPath._abel_1||0
A3R12SCONE|Poincare.D12.TriangulationTopology.simplexBoundaryConeRel_iff_coneRel|propext|0
A3R12SCONE|Poincare.D12.TriangulationTopology.span_pair_ne_top._proof_1_1||0
A3R12SCONE|Poincare.D12.TriangulationTopology.doubleDiskQuotHomeoTopCatSphere|Quot.sound,propext|0
A3R12SCONE|Poincare.D12.TriangulationTopology.segPiece|propext|0
A3R12SCONE|Poincare.D12.TriangulationTopology.suspMapQuot_surjective|Classical.choice,propext|0
A3R12SCONE|Poincare.D12.TriangulationTopology.alexanderHomeo_symm_sphereToDisk|Classical.choice,propext|0
A3R12SCONE|Poincare.D12.TriangulationTopology.subdivSpans||0
A3R12SCONE|Poincare.D12.TriangulationTopology.upperHemisphere_isClosed||0
A3R12SCONE|Poincare.D12.TriangulationTopology.coneMap|propext|0
A3R12SCONE|Poincare.D12.TriangulationTopology.antipodalSmul.eq_1||0
A3R12SCONE|Poincare.D12.TriangulationTopology.coneMapQuot|propext|0
A3R12SCONE|Poincare.D12.TriangulationTopology.norm_sq_esnoc||0
A3R12SCONE|Poincare.D12.TriangulationTopology.simplexHomeoStdSimplexFn._proof_1||0
A3R12SCONE|Poincare.D12.TriangulationTopology.coneQuotHomeoDisk._proof_2||0
A3R12SCONE|Poincare.D12.TriangulationTopology.simplexBoundaryPoint_eq_of_radial_repr._simp_1_6||0
A3R12SCONE|Poincare.D12.TriangulationTopology.esnoc.eq_1||0
A3R12SCONE|Poincare.D12.TriangulationTopology.alexanderHomeo|Classical.choice,propext|0
A3R12SCONE|Poincare.D12.TriangulationTopology.sphereOfTwoDisks._proof_7|propext|0
A3R12SCONE|Poincare.D12.TriangulationTopology.subdiv_not_antipodal|propext|0
A3R12SCONE|Poincare.D12.TriangulationTopology.truncToCenter_simplexConeMap||0
A3R12SCONE|Poincare.D12.TriangulationTopology.alexanderHomeo._proof_1|Classical.choice,propext|0
A3R12SCONE|Poincare.D12.TriangulationTopology.simplex_point_eq_center_add_norm_mul_dir||0
A3R12SCONE|Poincare.D12.TriangulationTopology.simplexBoundaryConeMapQuot.eq_1|propext|0
A3R12SCONE|Poincare.D12.TriangulationTopology.simplexHomeoDisk|Classical.choice,Quot.sound,propext|0
A3R12SCONE|Poincare.D12.TriangulationTopology.isCoveringMap_id||0
A3R12SCONE|Poincare.D12.TriangulationTopology.norm_segment_sq_lower_bound||0
A3R12SCONE|Poincare.D12.TriangulationTopology.zmod2Mul_eq_ofAdd_one_or_one||0
A3R12SCONE|Poincare.D12.TriangulationTopology.simplexLambda||0
A3R12SCONE|Poincare.D12.TriangulationTopology.segChain|propext|0
A3R12SCONE|Poincare.D12.TriangulationTopology.homotopic_of_dist_le|propext|0
A3R12SCONE|Poincare.D12.TriangulationTopology.radialExtend._proof_1|Classical.choice,propext|0
A3R12SCONE|Poincare.D12.TriangulationTopology.subdiv_not_antipodal_all|propext|0
A3R12SCONE|Poincare.D12.TriangulationTopology.image_weights_boundary_eq|propext|0
A3R12SCONE|Poincare.D12.TriangulationTopology.clampedMap.eq_1||0
A3R12SCONE|Poincare.D12.TriangulationTopology.sphereOfTwoDisks._proof_10|Quot.sound,propext|0
A3R12SCONE|Poincare.D12.TriangulationTopology.diskGlueQuotHomeoSphere.eq_1|Classical.choice,Quot.sound,propext|0
A3R12SCONE|Poincare.D12.TriangulationTopology.norm_esnoc_smul_sqrt_sub_sq_eq_one|propext|0
A3R12SCONE|Poincare.D12.TriangulationTopology.trivialization_id._proof_7||0
A3R12SCONE|Poincare.D12.TriangulationTopology.linePoints_le_one_of_not_mem._abel_1_1||0
A3R12SCONE|Poincare.D12.TriangulationTopology.sqrt_one_sub_sq_eq_norm_of_norm_sq_add_sq_eq_one||0
A3R12SCONE|Poincare.D12.TriangulationTopology.normalize_mem_sphere|propext|0
A3R12SCONE|Poincare.D12.TriangulationTopology.spherePathConnectedSpace_of_pos._proof_1_1||0
A3R12SCONE|Poincare.D12.TriangulationTopology.upperHemisphereNonempty|propext|0
A3R12SCONE|Poincare.D12.TriangulationTopology.suspRel||0
A3R12SCONE|Poincare.D12.TriangulationTopology.continuous_diskDirection_punctured|Classical.choice,propext|0
A3R12SCONE|Poincare.D12.TriangulationTopology.diskCoverPipeline|propext|0
A3R12SCONE|Poincare.D12.TriangulationTopology.restrictionChain_source||0
A3R12SCONE|Poincare.D12.TriangulationTopology.segChain.eq_2|propext|0
A3R12SCONE|Poincare.D12.TriangulationTopology.lowerHemisphereToDisk.eq_1|propext|0
A3R12SCONE|Poincare.D12.TriangulationTopology.simplexSet||0
A3R12SCONE|Poincare.D12.TriangulationTopology.diskToLowerHemisphere._proof_2|propext|0
A3R12SCONE|Poincare.D12.TriangulationTopology.simplexBoundaryPoint_mem_of_ne_center._simp_1_3||0
A3R12SCONE|Poincare.D12.TriangulationTopology.radialExtend_sphereToDisk|Classical.choice,propext|0
A3R12SCONE|Poincare.D12.TriangulationTopology.esnoc||0
A3R12SCONE|Poincare.D12.TriangulationTopology.simplexRadialTime_nonneg|propext|0
A3R12SCONE|Poincare.D12.TriangulationTopology.exists_not_mem_finset_submodule_union._proof_1_2||0
A3R12SCONE|Poincare.D12.TriangulationTopology.doubleDiskQuotNonempty||0
A3R12SCONE|Poincare.D12.TriangulationTopology.segChain._f|propext|0
A3R12SCONE|Poincare.D12.TriangulationTopology.interp_ne_zero||0
A3R12SCONE|Poincare.D12.TriangulationTopology.continuous_sphere_simplexLambda|propext|0
A3R12SCONE|Poincare.D12.TriangulationTopology.continuous_doubleDiskMap|propext|0
A3R12SCONE|Poincare.D12.TriangulationTopology.SuspQuot||0
A3R12SCONE|Poincare.D12.TriangulationTopology.diskToUpperHemisphere._proof_2|propext|0
A3R12SCONE|Poincare.D12.TriangulationTopology.upperHemisphereToDisk.eq_1|propext|0
A3R12SCONE|Poincare.D12.TriangulationTopology.sphereOfTwoDisks._proof_8|propext|0
A3R12SCONE|Poincare.D12.TriangulationTopology.truncToCenter||0
A3R12SCONE|Poincare.D12.TriangulationTopology.suspMapQuot|propext|0
A3R12SCONE|Poincare.D12.TriangulationTopology.sphere_trunc_norm_sq_add_last_sq_eq_one||0
A3R12SCONE|Poincare.D12.TriangulationTopology.continuous_esnoc'||0
A3R12SCONE|Poincare.D12.TriangulationTopology.simplexCenter||0
A3R12SCONE|Poincare.D12.TriangulationTopology.diskToUpperHemisphere|propext|0
A3R12SCONE|Poincare.D12.TriangulationTopology.simplexRadialTime_eq_of_radial_repr|propext|0
A3R12SCONE|Poincare.D12.TriangulationTopology.diskToLowerHemisphere_lowerHemisphereToDisk|propext|0
A3R12SCONE|Poincare.D12.TriangulationTopology.simplexConeMap.eq_1||0
A3R12SCONE|Poincare.D12.TriangulationTopology.coveringOfSimplyConnectedIsHomeo_of_nonempty|Classical.choice,propext|0
A3R12SCONE|Poincare.D12.TriangulationTopology.lowerTrunc||0
A3R12SCONE|Poincare.D12.TriangulationTopology.restrictionChain._proof_3||0
A3R12SCONE|Poincare.D12.TriangulationTopology.segmentPath|propext|0
A3R12SCONE|Poincare.D12.TriangulationTopology.locallyCompactSpace_of_compact_t2||0
A3R12SCONE|Poincare.D12.TriangulationTopology.simplexRadialTime_eq_of_radial_repr._simp_1_3||0
A3R12SCONE|Poincare.D12.TriangulationTopology.simplexRadialTime_eq_of_radial_repr._simp_1_7||0
A3R12SCONE|Poincare.D12.TriangulationTopology.restrictionPiece_apply||0
A3R12SCONE|Poincare.D12.TriangulationTopology.sphericalSpaceFormRecognition|propext|0
A3R12SCONE|Poincare.D12.TriangulationTopology.simplexBoundaryConeRel||0
A3R12SCONE|Poincare.D12.TriangulationTopology.doubleDiskMap_mem_pos|propext|0
A3R12SCONE|Poincare.D12.TriangulationTopology.diskGlueQuotT2Space|Classical.choice,Quot.sound,propext|0
A3R12SCONE|Poincare.D12.TriangulationTopology.antipodalMulAction._proof_1||0
A3R12SCONE|Poincare.D12.TriangulationTopology.simplexFnNonempty|propext|0
A3R12SCONE|Poincare.D12.TriangulationTopology.suspQuotHomeoSphere|Classical.choice,Quot.sound,propext|0
A3R12SCONE|Poincare.D12.TriangulationTopology.diskToLowerHemisphere|propext|0
A3R12SCONE|Poincare.D12.TriangulationTopology.segPiece.eq_1|propext|0
A3R12SCONE|Poincare.D12.TriangulationTopology.esnoc_castSucc||0
A3R12SCONE|Poincare.D12.TriangulationTopology.simplexBoundaryNonempty|propext|0
A3R12SCONE|Poincare.D12.TriangulationTopology.DiskGlueQuot|propext|0
A3R12SCONE|Poincare.D12.TriangulationTopology.segPiece._proof_1||0
A3R12SCONE|Poincare.D12.TriangulationTopology.simplexConeMapQuot|propext|0
A3R12SCONE|Poincare.D12.TriangulationTopology.doubleDiskMapQuot.eq_1|propext|0
A3R12SCONE|Poincare.D12.TriangulationTopology.SimplexFn||0
A3R12SCONE|Poincare.D12.TriangulationTopology.suspQuotHomeoSphere._proof_2||0
A3R12SCONE|Poincare.D12.TriangulationTopology.continuous_sphereToSimplexBoundaryFn|propext|0
A3R12SCONE|Poincare.D12.TriangulationTopology.diskGlueQuotNonempty|propext|0
A3R12SCONE|Poincare.D12.TriangulationTopology.restrictionChain_target||0
A3R12SCONE|Poincare.D12.TriangulationTopology.simplexDir_sum||0
A3R12SCONE|Poincare.D12.TriangulationTopology.esnoc'||0
A3R12SCONE|Poincare.D12.TriangulationTopology.lowerHemisphereToDisk|propext|0
A3R12SCONE|Poincare.D12.TriangulationTopology.continuous_simplexDir||0
A3R12SCONE|Poincare.D12.TriangulationTopology.truncToCenter_sphereToSimplexBoundary||0
A3R12SCONE|Poincare.D12.TriangulationTopology.simplexHomeoBoundaryCone|Quot.sound,propext|0
A3R12SCONE|Poincare.D12.TriangulationTopology.suspMap.eq_1|propext|0
A3R12SCONE|Poincare.D12.TriangulationTopology.disk3_boundary_eq_sphere2||0
A3R12SCONE|Poincare.D12.TriangulationTopology.sphereThreeSimplyConnectedSpace|propext|0
A3R12SCONE|Poincare.D12.TriangulationTopology.coneMapQuot_surjective|Classical.choice,propext|0
A3R12SCONE|Poincare.D12.TriangulationTopology.simplexBoundarySet||0
A3R12SCONE|Poincare.D12.TriangulationTopology.disk_boundary_eq_sphere||0
A3R12SCONE|Poincare.D12.TriangulationTopology.simplexDir.eq_1||0
A3R12SCONE|Poincare.D12.TriangulationTopology.restrictionChain||0
A3R12SCONE|Poincare.D12.TriangulationTopology.coveringMap_injective_of_simplyConnected|propext|0
A3R12SCONE|Poincare.D12.TriangulationTopology.loop_homotopic_segChain|propext|0
A3R12SCONE|Poincare.D12.TriangulationTopology.segPiece._proof_2||0
A3R12SCONE|Poincare.D12.TriangulationTopology.subdiv||0
A3R12SCONE|Poincare.D12.TriangulationTopology.doubleDiskQuotHomeoSphere._proof_2|Quot.sound,propext|0
A3R12SCONE|Poincare.D12.TriangulationTopology.segChain._proof_2||0
A3R12SCONE|Poincare.D12.TriangulationTopology.simplexVertexZero_mem_boundary|propext|0
A3R12SCONE|Poincare.D12.TriangulationTopology.simplexRadialTime_eq_of_radial_repr._simp_1_2||0
A3R12SCONE|Poincare.D12.TriangulationTopology.exists_fine_subdivision||0
A3R12SCONE|Poincare.D12.TriangulationTopology.trans_apply_extend||0
A3R12SCONE|Poincare.D12.TriangulationTopology.suspQuotHomeoSphere._proof_3|Classical.choice,Quot.sound,propext|0
A3R12SCONE|Poincare.D12.TriangulationTopology.zmod2_eq_zero_or_one||0
A3R12SCONE|Poincare.D12.TriangulationTopology.segChain._proof_4||0
A3R12SCONE|Poincare.D12.TriangulationTopology.lowerHemisphere_boundary_eq_inter|propext|0
A3R12SCONE|Poincare.D12.TriangulationTopology.le_simplexMin||0
A3R12SCONE|Poincare.D12.TriangulationTopology.RealProjective||0
A3R12SCONE|Poincare.D12.TriangulationTopology.subdiv_not_antipodal_all._proof_1_1||0
A3R12SCONE|Poincare.D12.TriangulationTopology.antipodalMulAction._proof_2||0
A3R12SCONE|Poincare.D12.TriangulationTopology.simplexMin_lt_center_of_ne_center||0
A3R12SCONE|Poincare.D12.TriangulationTopology.loop_cast_target||0
A3R12SCONE|Poincare.D12.TriangulationTopology.segChain.eq_def|propext|0
A3R12SCONE|Poincare.D12.TriangulationTopology.simplexRadialTime_eq_of_radial_repr._simp_1_1||0
A3R12SCONE|Poincare.D12.TriangulationTopology.continuous_simplexConeMap|propext|0
A3R12SCONE|Poincare.D12.TriangulationTopology.suspMap_mem|propext|0
A3R12SCONE|Poincare.D12.TriangulationTopology.one_ne_ofAdd_one||0
A3R12SCONE|Poincare.D12.TriangulationTopology.simplexDir_last||0
A3R12SCONE|Poincare.D12.TriangulationTopology.esnoc_last||0
A3R12SCONE|Poincare.D12.TriangulationTopology.sphereThree_eq_sphere3||0
A3R12SCONE|Poincare.D12.TriangulationTopology.esnoc'.eq_1||0
A3R12SCONE|Poincare.D12.TriangulationTopology.simplexDir_castSucc||0
A3R12SCONE|Poincare.D12.TriangulationTopology.eq_neg_self_of_sqrt_eq_neg_sqrt||0
A3R12SCONE|Poincare.D12.TriangulationTopology.simplexBoundaryPoint_mem_of_ne_center._simp_1_2||0
A3R12SCONE|Poincare.D12.TriangulationTopology.zmod2_eq_zero_or_one._proof_1_1||0
A3R12SCONE|Poincare.D12.TriangulationTopology.sphereBase|Classical.choice,propext|0
A3R12SCONE|Poincare.D12.TriangulationTopology.simplexBoundaryPoint_mem_of_ne_center._simp_1_5||0
A3R12SCONE|Poincare.D12.TriangulationTopology.coneQuotHomeoDisk|Classical.choice,Quot.sound,propext|0
A3R12SCONE|Poincare.D12.TriangulationTopology.diskToUpperHemisphere.eq_1|propext|0
A3R12SCONE|Poincare.D12.TriangulationTopology.coveringOfSimplyConnectedIsHomeo_bijective|propext|0
A3R12SCONE|Poincare.D12.TriangulationTopology.restrictionPiece._proof_3||0
A3R12SCONE|Poincare.D12.TriangulationTopology.sphereThree_cover_isHomeo|propext|0
A3R12SCONE|Poincare.D12.TriangulationTopology.restrictionPiece_id_extend_two_mul||0
A3R12SCONE|Poincare.D12.TriangulationTopology.segmentPath._proof_1|propext|0
A3R12SCONE|Poincare.D12.TriangulationTopology.coneMap_mem|propext|0
A3R12SCONE|Poincare.D12.TriangulationTopology.restrictionPiece_homotopic_segPiece|propext|0
A3R12SCONE|Poincare.D12.TriangulationTopology.SimplexBoundary||0
A3R12SCONE|Poincare.D12.TriangulationTopology.simplexBoundaryPoint_mem_of_ne_center._simp_1_7||0
A3R12SCONE|Poincare.D12.TriangulationTopology.simplexBoundaryToSphere._proof_1|propext|0
A3R12SCONE|Poincare.D12.TriangulationTopology.hemisphere_charts_agree|propext|0
A3R12SCONE|Poincare.D12.TriangulationTopology.suspMap_respects|propext|0
A3R12SCONE|Poincare.D12.TriangulationTopology.lowerHemisphere_isClosed||0
A3R12SCONE|Poincare.D12.TriangulationTopology.restrictionChain._f||0
A3R12SCONE|Poincare.D12.TriangulationTopology.diskDirection_sphereToDisk|Classical.choice,propext|0
A3R12SCONE|Poincare.D12.TriangulationTopology.continuous_coneMapQuot|propext|0
A3R12SCONE|Poincare.D12.TriangulationTopology.alexanderHomeo_eq_refl_iff|Classical.choice,propext|0
A3R12SCONE|Poincare.D12.TriangulationTopology.simplexBoundaryPoint_eq_of_radial_repr._simp_1_7||0
A3R12SCONE|Poincare.D12.TriangulationTopology.diskGlueSumHomeo|Classical.choice,propext|0
A3R12SCONE|Poincare.D12.TriangulationTopology.segmentPath_sub_left_le_two_thirds|propext|0
A3R12SCONE|Poincare.D12.TriangulationTopology.radialExtend_zero|Classical.choice,propext|0
A3R12SCONE|Poincare.D12.TriangulationTopology.segChain.eq_1|propext|0
A3R12SCONE|Poincare.D12.TriangulationTopology.simplexRadialTime_eq_of_radial_repr._simp_1_5||0
A3R12SCONE|Poincare.D12.TriangulationTopology.trivialization_id._proof_8||0
A3R12SCONE|Poincare.D12.TriangulationTopology.continuous_simplexMin|propext|0
A3R12SCONE|Poincare.D12.TriangulationTopology.lowerHemisphereT2Space|propext|0
A3R12SCONE|Poincare.D12.TriangulationTopology.simplexCenter.eq_1||0
A3R12SCONE|Poincare.D12.TriangulationTopology.simplexConeMapQuot_surjective|Classical.choice,propext|0
A3R12SCONE|Poincare.D12.TriangulationTopology.alexanderHomeo._proof_2|Classical.choice,propext|0
A3R12SCONE|Poincare.D12.TriangulationTopology.radialExtend|Classical.choice,propext|0
A3R12SCONE|Poincare.D12.TriangulationTopology.simplexFnT2Space||0
A3R12SCONE|Poincare.D12.TriangulationTopology.doubleDiskMap_mem_neg|propext|0
A3R12SCONE|Poincare.D12.TriangulationTopology.doubleDiskMap|propext|0
A3R12SCONE|Poincare.D12.TriangulationTopology.lowerHemisphereToDisk_diskToLowerHemisphere|propext|0
A3R12SCONE|Poincare.D12.TriangulationTopology.idChain_zero||0
A3R12SCONE|Poincare.D12.TriangulationTopology.clampedMap._proof_1||0
A3R12SCONE|Poincare.D12.TriangulationTopology.restrictionChain.eq_1||0
A3R12SCONE|Poincare.D12.TriangulationTopology.simplexConeMapQuot_injective._simp_1_4||0
A3R12SCONE|Poincare.D12.TriangulationTopology.sphereOfTwoDisks._proof_2||0
A3R12SCONE|Poincare.D12.TriangulationTopology.diskGlueQuotHomeoSphere|Classical.choice,Quot.sound,propext|0
A3R12SCONE|Poincare.D12.TriangulationTopology.simplexBoundaryConeT2Space|Quot.sound,propext|0
A3R12SCONE|Poincare.D12.TriangulationTopology.simplexVertexZero.eq_1||0
A3R12SCONE|Poincare.D12.TriangulationTopology.upperHemisphereCompactSpace|propext|0
A3R12SCONE|Poincare.D12.TriangulationTopology.sphereOfTwoDisks_hemisphere_instance._proof_1||0
A3R12SCONE|Poincare.D12.TriangulationTopology.continuous_antipodal_ofAdd_one||0
A3R12SCONE|Poincare.D12.TriangulationTopology.sphereConeHomeoSimplex._proof_2|Classical.choice,Quot.sound,propext|0
A3R12SCONE|Poincare.D12.TriangulationTopology.continuous_coneMap|propext|0
A3R12SCONE|Poincare.D12.TriangulationTopology.alexanderHomeo_zero|Classical.choice,propext|0
A3R12SCONE|Poincare.D12.TriangulationTopology.exists_unit_notMem_segChain|propext|0
A3R12SCONE|Poincare.D12.TriangulationTopology.radialExtend_apply|Classical.choice,propext|0
A3R12SCONE|Poincare.D12.TriangulationTopology.longrun_missingSphereThreeSimplyConnected|propext|0
A3R12SCONE|Poincare.D12.TriangulationTopology.quotMapHomeo._proof_1|Quot.sound|0
A3R12SCONE|Poincare.D12.TriangulationTopology.restrictionChain.eq_def||0
A3R12SCONE|Poincare.D12.TriangulationTopology.range_weights_eq_simplex|propext|0
A3R12SCONE|Poincare.D12.TriangulationTopology.diskGlueQuotHomeoSphere_refl_apply|Classical.choice,Quot.sound,propext|0
A3R12SCONE|Poincare.D12.TriangulationTopology.simplexBoundaryConeMap_respects||0
A3R12SCONE|Poincare.D12.TriangulationTopology.sphereOfTwoDisks_hemisphere_instance._proof_4|propext|0
A3R12SCONE|Poincare.D12.TriangulationTopology.simplexRadialTime_pos_of_ne_center|propext|0
A3R12SCONE|Poincare.D12.TriangulationTopology.subdivSpans_proper._proof_1_1||0
A3R12SCONE|Poincare.D12.TriangulationTopology.sphereToSimplexBoundary_mem|propext|0
A3R12SCONE|Poincare.D12.TriangulationTopology.restrictionPiece._proof_2||0
A3R12SCONE|Poincare.D12.TriangulationTopology.restrictionChain_source._proof_1_2||0
A3R12SCONE|Poincare.D12.TriangulationTopology.radialExtend_id|Classical.choice,propext|0
A3R12SCONE|Poincare.D12.TriangulationTopology.idChain_one||0
A3R12SCONE|Poincare.D12.TriangulationTopology.loop_cast_source||0
A3R12SCONE|Poincare.D12.TriangulationTopology.sphereConeHomeoSimplex|Classical.choice,Quot.sound,propext|0
A3R12SCONE|Poincare.D12.TriangulationTopology.SimplexBoundaryCone||0
A3R12SCONE|Poincare.D12.TriangulationTopology.simplexDir_of_simplexBoundaryToSphere|propext|0
A3R12SCONE|Poincare.D12.TriangulationTopology.continuous_truncToCenter||0
A3R12SCONE|Poincare.D12.TriangulationTopology.simplexBoundaryConeMapQuot_injective|Quot.sound,propext|0
A3R12SCONE|Poincare.D12.TriangulationTopology.linePoints_le_one_of_not_mem'||0
A3R12SCONE|Poincare.D12.TriangulationTopology.lowerHemisphereToDisk._proof_1|propext|0
A3R12SCONE|Poincare.D12.TriangulationTopology.segChain_mem_iUnion_spans._proof_1_3||0
A3R12SCONE|Poincare.D12.TriangulationTopology.antipodal_smul_one_eq||0
A3R12SCONE|Poincare.D12.TriangulationTopology.quotMapHomeo._proof_4|Quot.sound|0
A3R12SCONE|Poincare.D12.TriangulationTopology.trunc_norm_sq_add_last_sq_eq_one||0
A3R12SCONE|Poincare.D12.TriangulationTopology.simplexCenter_pos|propext|0
A3R12SCONE|Poincare.D12.TriangulationTopology.span_pair_ne_top||0
A3R12SCONE|Poincare.D12.TriangulationTopology.sphereOfTwoDisks._proof_6|propext|0
A3R12SCONE|Poincare.D12.TriangulationTopology.simplexBoundaryPoint_mem_of_ne_center._simp_1_4||0
A3R12SCONE|Poincare.D12.TriangulationTopology.continuous_lowerHemisphereToDisk|propext|0
A3R12SCONE|Poincare.D12.TriangulationTopology.simplexLambda_pos_of_unit|propext|0
A3R12SCONE|Poincare.D12.TriangulationTopology.simplexBoundaryConeCompactSpace|propext|0
A3R12SCONE|Poincare.D12.TriangulationTopology.norm_segment_sub_left_le_two_thirds|propext|0
A3R12SCONE|Poincare.D12.TriangulationTopology.restrictionChain_apply_eq_clampedMap_idChain||0
A3R12SCONE|Poincare.D12.TriangulationTopology.dist_segPiece_left|propext|0
A3R12SCONE|Poincare.D12.TriangulationTopology.simplexBoundaryCompactSpace|propext|0
A3R12SCONE|Poincare.D12.TriangulationTopology.vanKampenSimplyConnectedCover||0
A3R12SCONE|Poincare.D12.TriangulationTopology.norm_eq_one_iff_norm_sq_eq_one||0
A3R12SCONE|Poincare.D12.TriangulationTopology.continuousOn_diskDirection|Classical.choice,propext|0
A3R12SCONE|Poincare.D12.TriangulationTopology.restrictionChain_homotopic_segChain._proof_1_2||0
A3R12SCONE|Poincare.D12.TriangulationTopology.clampedMap_of_mem_Icc||0
A3R12SCONE|Poincare.D12.TriangulationTopology.restrictionChain_homotopic_segChain._proof_1_1||0
A3R12SCONE|Poincare.D12.TriangulationTopology.simplexHomeoBoundaryConeStd|Quot.sound,propext|0
A3R12SCONE|Poincare.D12.TriangulationTopology.truncToCenter_ne_zero|propext|0
A3R12SCONE|Poincare.D12.TriangulationTopology.segmentPath._proof_2|propext|0
A3R12SCONE|Poincare.D12.TriangulationTopology.simplexFnCompactSpace|Classical.choice,Quot.sound,propext|0
A3R12SCONE|Poincare.D12.TriangulationTopology.coneQuotHomeoTopCatDisk|Classical.choice,Quot.sound,propext|0
A3R12SCONE|Poincare.D12.TriangulationTopology.simplexHomeoStdSimplexFn|propext|0
A3R12SCONE|Poincare.D12.TriangulationTopology.coneQuotHomeoDisk._proof_1||0
A3R12SCONE|Poincare.D12.TriangulationTopology.segmentPath._proof_4|propext|0
A3R12SCONE|Poincare.D12.TriangulationTopology.diskSimplyConnected||0
A3R12SCONE|Poincare.D12.TriangulationTopology.dist_restrictionPiece_left|propext|0
A3R12SCONE|Poincare.D12.TriangulationTopology.sphereThreeTarget_homeo_sphereThree||0
A3R12SCONE|Poincare.D12.TriangulationTopology.coneRel||0
A3R12SCONE|Poincare.D12.TriangulationTopology.esnoc._proof_1||0
A3R12SCONE|Poincare.D12.TriangulationTopology.restrictionPiece_extend_two_mul||0
A3R12SCONE|Poincare.D12.TriangulationTopology.coneMapQuot_injective|Quot.sound,propext|0
A3R12SCONE|Poincare.D12.TriangulationTopology.LowerHemisphere||0
A3R12SCONE|Poincare.D12.TriangulationTopology.simplyConnectedSpace_sphere._proof_1_1||0
A3R12SCONE|Poincare.D12.TriangulationTopology.norm_segment_sub_left_le._abel_1_2||0
A3R12SCONE|Poincare.D12.TriangulationTopology.diskDirection_radialExtend|Classical.choice,propext|0
A3R12SCONE|Poincare.D12.TriangulationTopology.esnoc'._proof_1||0
A3R12SCONE|Poincare.D12.TriangulationTopology.simplexBoundaryPoint_mem_of_ne_center._simp_1_1||0
A3R12SCONE|Poincare.D12.TriangulationTopology.doubleDiskMapQuot_surjective|propext|0
A3R12SCONE|Poincare.D12.TriangulationTopology.antipodalIsCancelSMul||0
A3R12SCONE|Poincare.D12.TriangulationTopology.lowerTrunc.eq_1||0
A3R12SCONE|Poincare.D12.TriangulationTopology.esnoc'_last||0
A3R12SCONE|Poincare.D12.TriangulationTopology.coveringMap_surjective_of_pathConnected|Classical.choice|0
A3R12SCONE|Poincare.D12.TriangulationTopology.sphereToSimplexBoundary.eq_1||0
A3R12SCONE|Poincare.D12.TriangulationTopology.simplexBoundaryPoint_eq_of_radial_repr._simp_1_5||0
A3R12SCONE|Poincare.D12.TriangulationTopology.sphereOfTwoDisks._proof_11|Quot.sound,propext|0
A3R12SCONE|Poincare.D12.TriangulationTopology.norm_segment_sub_left_le._abel_1_1||0
A3R12SCONE|Poincare.D12.TriangulationTopology.lowerHemisphereNonempty|propext|0
A3R12SCONE|Poincare.D12.TriangulationTopology.UpperHemisphere||0
A3R12SCONE|Poincare.D12.TriangulationTopology.alexanderHomeo._proof_3|Classical.choice,propext|0
A3R12SCONE|Poincare.D12.TriangulationTopology.continuous_upperHemisphereToDisk|propext|0
A3R12SCONE|Poincare.D12.TriangulationTopology.diskGlueRel_transport|Classical.choice,propext|0
A3R12SCONE|Poincare.D12.TriangulationTopology.diskDirection_of_ne|Classical.choice,propext|0
A3R12SCONE|Poincare.D12.TriangulationTopology.continuous_radialExtend|Classical.choice,propext|0
A3R12SCONE|Poincare.D12.TriangulationTopology.suspQuotNonempty|Classical.choice,propext|0
A3R12SCONE|Poincare.D12.TriangulationTopology.segChain._sunfold|propext|0
A3R12SCONE|Poincare.D12.TriangulationTopology.simplexBoundaryConeMap||0
A3R12SCONE|Poincare.D12.TriangulationTopology.stage6Sphere_eq_sphereThree||0
A3R12SCONE|Poincare.D12.TriangulationTopology.simplexConeMap_mem|propext|0
A3R12SCONE|Poincare.D12.TriangulationTopology.subdivSpans_proper||0
A3R12SCONE|Poincare.D12.TriangulationTopology.segmentPath._proof_3|propext|0
A3R12SCONE|Poincare.D12.TriangulationTopology.continuous_simplexConeMapQuot|propext|0
A3R12SCONE|Poincare.D12.TriangulationTopology.simplexConeMapQuot_injective._simp_1_3||0
A3R12SCONE|Poincare.D12.TriangulationTopology.upperHemisphereToDisk._proof_1|propext|0
A3R12SCONE|Poincare.D12.TriangulationTopology.simplexBoundaryConeMapQuot|propext|0
A3R12SCONE|Poincare.D12.TriangulationTopology.continuous_doubleDiskMapQuot|propext|0
A3R12SCONE|Poincare.D12.TriangulationTopology.alexanderHomeo._proof_4|Classical.choice,propext|0
A3R12SCONE|Poincare.D12.TriangulationTopology.simplexBoundaryConeMap_mem|propext|0
A3R12SCONE|Poincare.D12.TriangulationTopology.sphere_pi1_subsingleton|propext|0
A3R12SCONE|Poincare.D12.TriangulationTopology.simplyConnectedSpace_sphereThree|propext|0
A3R12SCONE|Poincare.D12.TriangulationTopology.linePoints_le_one_of_not_mem||0
A3R12SCONE|Poincare.D12.TriangulationTopology.sphereOfTwoDisks._proof_9|propext|0
A3R12SCONE|Poincare.D12.TriangulationTopology.subdiv.eq_1||0
A3R12SCONE|Poincare.D12.TriangulationTopology.trivialization_id._proof_4||0
A3R12SCONE|Poincare.D12.TriangulationTopology.quotMapHomeo._proof_6|Quot.sound|0
A3R12SCONE|Poincare.D12.TriangulationTopology.sphereThree_fundamentalGroup_subsingleton|propext|0
A3R12SCONE|Poincare.D12.TriangulationTopology.quotMapHomeo._proof_3|Quot.sound|0
A3R12SCONE|Poincare.D12.TriangulationTopology.sphereToSimplexBoundary||0
A3R12SCONE|Poincare.D12.TriangulationTopology.loop_nullhomotopic_of_forall_ne||0
A3R12SCONE|Poincare.D12.TriangulationTopology.sphereOfTwoDisks.match_1||0
A3R12SCONE|Poincare.D12.TriangulationTopology.simplexBoundaryFnCompactSpace|propext|0
A3R12SCONE|Poincare.D12.TriangulationTopology.sphereOfTwoDisks_hemisphere_instance._proof_2||0
A3R12SCONE|Poincare.D12.TriangulationTopology.suspMapQuot.eq_1|propext|0
A3R12SCONE|Poincare.D12.TriangulationTopology.sphereThreeSuspension|Classical.choice,Quot.sound,propext|0
A3R12SCONE|Poincare.D12.TriangulationTopology.stage6_sphereThreePiOneTrivial|propext|0
A3R12SCONE|Poincare.D12.TriangulationTopology.diskNonempty||0
A3R12SCONE|Poincare.D12.TriangulationTopology.rpT2Space||0
A3R12SCONE|Poincare.D12.TriangulationTopology.continuous_simplexBoundaryConeMapQuot|propext|0
A3R12SCONE|Poincare.D12.TriangulationTopology.simplexBoundaryHomeoBoundaryFn._proof_1||0
A3R12SCONE|Poincare.D12.TriangulationTopology.sphereSimplyConnectedSpaceOfFact|propext|0
A3R12SCONE|Poincare.D12.TriangulationTopology.continuous_diskToLowerHemisphere|propext|0
A3R12SCONE|Poincare.D12.TriangulationTopology.sphereToDisk_coe|propext|0
A3R12SCONE|Poincare.D12.TriangulationTopology.simplexMin_neg_of_unit||0
A3R12SCONE|Poincare.D12.TriangulationTopology.moiseWeakenedCW||0
A3R12SCONE|Poincare.D12.TriangulationTopology.sqrt_one_sub_trunc_norm_sq_eq_neg_last||0
A3R12SCONE|Poincare.D12.TriangulationTopology.restrictionChain._proof_2||0
A3R12SCONE|Poincare.D12.TriangulationTopology.simplexRadialTime_eq_of_radial_repr._simp_1_6||0
A3R12SCONE|Poincare.D12.TriangulationTopology.sphereThreeTarget_cover_isHomeo|propext|0
A3R12SCONE|Poincare.D12.TriangulationTopology.stage6_sphereThreeSimplyConnected|propext|0
A3R12SCONE|Poincare.D12.TriangulationTopology.lowerHemisphereHomeoDisk|propext|0
A3R12SCONE|Poincare.D12.TriangulationTopology.restrictionChain_succ_apply._proof_1||0
A3R12SCONE|Poincare.D12.TriangulationTopology.idChain||0
A3R12SCONE|Poincare.D12.TriangulationTopology.antipodalMulAction||0
A3R12SCONE|Poincare.D12.TriangulationTopology.DoubleDisk||0
A3R12SCONE|Poincare.D12.TriangulationTopology.antipodal_mul_self||0
A3R12SCONE|Poincare.D12.TriangulationTopology.continuous_suspMap|propext|0
A3R12SCONE|Poincare.D12.TriangulationTopology.simplexBoundaryConeMapQuot._proof_1|propext|0
A3R12SCONE|Poincare.D12.TriangulationTopology.sphereOfTwoDisks._proof_3|propext|0
A3R12SCONE|Poincare.D12.TriangulationTopology.antipodalSmul_one||0
A3R12SCONE|Poincare.D12.TriangulationTopology.simplexBoundaryHomeoSphere|propext|0
A3R12SCONE|Poincare.D12.TriangulationTopology.diskGlueQuotCompactSpace|propext|0
A3R12SCONE|Poincare.D12.TriangulationTopology.restrictionChain._proof_4||0
A3R12SCONE|Poincare.D12.TriangulationTopology.restrictionChain._unsafe_rec||0
A3R12SCONE|Poincare.D12.TriangulationTopology.quotMapHomeo._proof_2|Quot.sound|0
A3R12SCONE|Poincare.D12.TriangulationTopology.sphereOfTwoDisks_hemisphere_instance._proof_3|propext|0
A3R12SCONE|Poincare.D12.TriangulationTopology.diskGlueRel|propext|0
A3R12SCONE|Poincare.D12.TriangulationTopology.restrictionPiece._proof_1||0
A3R12SCONE|Poincare.D12.TriangulationTopology.rpPathConnectedSpace_of_pos||0
A3R12SCONE|Poincare.D12.TriangulationTopology.linePoints_le_one_of_not_mem'._abel_1_1||0
A3R12SCONE|Poincare.D12.TriangulationTopology.trivialization_id||0
A3R12SCONE|Poincare.D12.TriangulationTopology.exists_not_mem_finset_submodule_union|propext|0
A3R12SCONE|Poincare.D12.TriangulationTopology.quotMapHomeo|Quot.sound|0
A3R12SCONE|Poincare.D12.TriangulationTopology.sphereThree_identityCover|propext|0
A3R12SCONE|Poincare.D12.TriangulationTopology.segmentPath.congr_simp|propext|0
A3R12SCONE|Poincare.D12.TriangulationTopology.LocallyEuclideanOfDimension||0
A3R12SCONE|Poincare.D12.TriangulationTopology.restrictionChain._proof_1||0
A3R12SCONE|Poincare.D12.TriangulationTopology.sphereOfTwoDisks._proof_12|propext|0
A3R12SCONE|Poincare.D12.TriangulationTopology.segChain._unsafe_rec|propext|0
A3R12SCONE|Poincare.D12.TriangulationTopology.simplexConeMapQuot_injective._simp_1_2||0
A3R12SCONE|Poincare.D12.TriangulationTopology.norm_segment_sub_left_le._abel_1_3||0
A3R12SCONE|Poincare.D12.TriangulationTopology.diskToLowerHemisphere._proof_1|propext|0
A3R12SCONE|Poincare.D12.TriangulationTopology.simplexBoundaryConeNonempty|Quot.sound,propext|0
A3R12SCONE|Poincare.D12.TriangulationTopology.alexanderHomeo_sphereToDisk|Classical.choice,propext|0
A3R12SCONE|Poincare.D12.TriangulationTopology.restrictionChain_target._proof_1_2||0
A3R12SCONE|Poincare.D12.TriangulationTopology.restrictionChain.eq_2||0
A3R12SCONE|Poincare.D12.TriangulationTopology.doubleDiskMapQuot_injective|Quot.sound,propext|0
A3R12SCONE|Poincare.D12.TriangulationTopology.simplexMin_le||0
A3R12SCONE|Poincare.D12.TriangulationTopology.simplexRadialTime_eq_of_radial_repr._simp_1_4||0
A3R12SCONE|Poincare.D12.TriangulationTopology.simplexMin_eq_zero_of_mem_boundary||0
A3R12SCONE|Poincare.D12.TriangulationTopology.lowerHemisphereCompactSpace|propext|0
A3R12SCONE|Poincare.D12.TriangulationTopology.segChain_mem_iUnion_spans|propext|0
A3R12SCONE|Poincare.D12.TriangulationTopology.diskGlueSumHomeo_inr|Classical.choice,propext|0
A3R12SCONE|Poincare.D12.TriangulationTopology.simplexConeMapQuot_injective._simp_1_8||0
A3R12SCONE|Poincare.D12.TriangulationTopology.antipodalSmul||0
A3R12SCONE|Poincare.D12.TriangulationTopology.simplexBoundaryT2Space|propext|0
A3R12SCONE|Poincare.D12.TriangulationTopology.SimplexBoundaryFn||0
A3R12SCONE|Poincare.D12.TriangulationTopology.simplexBoundaryFnHomeoSphere|propext|0
A3R12SCONE|Poincare.D12.TriangulationTopology.continuous_simplexBoundaryToSphere|propext|0
A3R12SCONE|Poincare.D12.TriangulationTopology.diskDirection|Classical.choice,propext|0
A3R12SCONE|Poincare.D12.TriangulationTopology.diskToLowerHemisphere.eq_1|propext|0
A3R12S TOTAL 537 declarations, memo size 2115
A3R12S PASS
