A3R12 SELFTEST PASS (positive control detected, negative control clean)
A3R12PROGRESS|20|48|35802
A3R12PROGRESS|40|48|36093
A3R12PROGRESS|48|48|36106
A3R12CONE|Poincare.D12.SurgeryRecognition.SphericalSpaceFormModel.casesOn|Classical.choice,Quot.sound,propext|0
A3R12CONE|Poincare.D12.SurgeryRecognition.RemainingRecognitionHypotheses._sizeOf_inst|Classical.choice,Quot.sound,propext|0
A3R12CONE|Poincare.D12.SurgeryRecognition.SphericalSum.mk.injEq|Classical.choice,Quot.sound,propext|0
A3R12CONE|Poincare.D12.SurgeryRecognition.RemainingRecognitionHypothesesV2.rec|Classical.choice,Quot.sound,propext|0
A3R12CONE|Poincare.D12.SurgeryRecognition.southPunctureHomeo._proof_8|Classical.choice,Quot.sound,propext|0
A3R12CONE|Poincare.D12.SurgeryRecognition.tailVec_norm_eq_one_of_norm_eq_one_and_fst_eq_zero|Classical.choice,Quot.sound,propext|0
A3R12CONE|Poincare.D12.SurgeryRecognition.RemainingRecognitionHypotheses.mk.noConfusion|Classical.choice,Quot.sound,propext|0
A3R12CONE|Poincare.D12.SurgeryRecognition.antipodalModel|Classical.choice,Quot.sound,propext|0
A3R12CONE|Poincare.D12.SurgeryRecognition.quotientMapHomeo._proof_3|Quot.sound|0
A3R12CONE|Poincare.D12.SurgeryRecognition.doubleBallHomeoSphere|Classical.choice,Quot.sound,propext|0
A3R12CONE|Poincare.D12.SurgeryRecognition.iteratedSphereSum._f|Classical.choice,Quot.sound,propext|0
A3R12CONE|Poincare.D12.SurgeryRecognition.antipodalQuotientCovering|Classical.choice,Quot.sound,propext|0
A3R12CONE|Poincare.D12.SurgeryRecognition.tailVec_consVec3|Classical.choice,Quot.sound,propext|0
A3R12CONE|Poincare.D12.SurgeryRecognition.equatorHomeoS2._proof_10|Classical.choice,Quot.sound,propext|0
A3R12CONE|Poincare.D12.SurgeryRecognition.RemainingRecognitionHypotheses.ctorIdx|Classical.choice,Quot.sound,propext|0
A3R12CONE|Poincare.D12.SurgeryRecognition.upPoint_mem|Classical.choice,Quot.sound,propext|0
A3R12CONE|Poincare.D12.SurgeryRecognition.toSphere_origin_second|Classical.choice,Quot.sound,propext|0
A3R12CONE|Poincare.D12.SurgeryRecognition.extinctionCertificate_expanded|Classical.choice,Quot.sound,propext|0
A3R12CONE|Poincare.D12.SurgeryRecognition.iteratedSphereSum._proof_1|Classical.choice,Quot.sound,propext|0
A3R12CONE|Poincare.D12.SurgeryRecognition.sphereThree_pathConnectedSpace|Classical.choice,Quot.sound,propext|0
A3R12CONE|Poincare.D12.SurgeryRecognition.sphere2ToBall|Classical.choice,Quot.sound,propext|0
A3R12CONE|Poincare.D12.SurgeryRecognition.EndGameDecomposition.ctorIdx|Classical.choice,Quot.sound,propext|0
A3R12CONE|Poincare.D12.SurgeryRecognition.equatorHomeoS2._proof_2|Classical.choice,Quot.sound,propext|0
A3R12CONE|Poincare.D12.SurgeryRecognition.northHemisphereHomeo._proof_3|Classical.choice,Quot.sound,propext|0
A3R12CONE|Poincare.D12.SurgeryRecognition.glueRel|Classical.choice,Quot.sound,propext|0
A3R12CONE|Poincare.D12.SurgeryRecognition.downS3|Classical.choice,Quot.sound,propext|0
A3R12CONE|Poincare.D12.SurgeryRecognition.RemainingRecognitionHypotheses.noConfusion|Classical.choice,Quot.sound,propext|0
A3R12CONE|Poincare.D12.SurgeryRecognition.EndGameDecomposition.surgeryExistence|Classical.choice,Quot.sound,propext|0
A3R12CONE|Poincare.D12.SurgeryRecognition.SphericalSpaceFormModel.covering|Classical.choice,Quot.sound,propext|0
A3R12CONE|Poincare.D12.SurgeryRecognition.antipodalQuotient|Classical.choice,Quot.sound,propext|0
A3R12CONE|Poincare.D12.SurgeryRecognition.quotientMapHomeo._proof_1|Quot.sound|0
A3R12CONE|Poincare.D12.SurgeryRecognition.equator.eq_1|Classical.choice,Quot.sound,propext|0
A3R12CONE|Poincare.D12.SurgeryRecognition.openBallInBall|Classical.choice,Quot.sound,propext|0
A3R12CONE|Poincare.D12.SurgeryRecognition.RemainingRecognitionHypothesesV2.mk.sizeOf_spec|Classical.choice,Quot.sound,propext|0
A3R12CONE|Poincare.D12.SurgeryRecognition.SphericalSpaceFormModel._sizeOf_1|Classical.choice,Quot.sound,propext|0
A3R12CONE|Poincare.D12.SurgeryRecognition.consVec3|Classical.choice,Quot.sound,propext|0
A3R12CONE|Poincare.D12.SurgeryRecognition.EndGameDecomposition.recOn|Classical.choice,Quot.sound,propext|0
A3R12CONE|Poincare.D12.SurgeryRecognition.RemainingRecognitionHypothesesV3.mk._flat_ctor|Classical.choice,Quot.sound,propext|0
A3R12CONE|Poincare.D12.SurgeryRecognition.toSphere|Classical.choice,Quot.sound,propext|0
A3R12CONE|Poincare.D12.SurgeryRecognition.DoubleBall|Classical.choice,Quot.sound,propext|0
A3R12CONE|Poincare.D12.SurgeryRecognition.openBallInBall.eq_1|Classical.choice,Quot.sound,propext|0
A3R12CONE|Poincare.D12.SurgeryRecognition.downS3_injective|Classical.choice,Quot.sound,propext|0
A3R12CONE|Poincare.D12.SurgeryRecognition.downPoint|Classical.choice,Quot.sound,propext|0
A3R12CONE|Poincare.D12.SurgeryRecognition.down|Classical.choice,Quot.sound,propext|0
A3R12CONE|Poincare.D12.SurgeryRecognition.SphericalSum.mk.sizeOf_spec|Classical.choice,Quot.sound,propext|0
A3R12CONE|Poincare.D12.SurgeryRecognition.toSpherePre_respects|Classical.choice,Quot.sound,propext|0
A3R12CONE|Poincare.D12.SurgeryRecognition.upPoint.eq_1|Classical.choice,Quot.sound,propext|0
A3R12CONE|Poincare.D12.SurgeryRecognition.iteratedSphereSum._proof_6|Classical.choice,Quot.sound,propext|0
A3R12 TOTAL 48 declarations, memo size 36106
A3R12 PASS
