A3R12 SELFTEST PASS (positive control detected, negative control clean)
A3R12PROGRESS|20|71|22683
A3R12PROGRESS|40|71|30136
A3R12PROGRESS|60|71|30150
A3R12PROGRESS|71|71|30162
A3R12CONE|Poincare.D12.GeometricCompactness.mk2._proof_2|propext|0
A3R12CONE|Poincare.D12.GeometricCompactness.isCompact_of_uniformCovers|Classical.choice,Quot.sound,propext|0
A3R12CONE|Poincare.D12.GeometricCompactness.unitSquare|Classical.choice,Quot.sound,propext|0
A3R12CONE|Poincare.D12.GeometricCompactness.gridSet.eq_1|Classical.choice,Quot.sound,propext|0
A3R12CONE|Poincare.D12.GeometricCompactness.gridSet|Classical.choice,Quot.sound,propext|0
A3R12CONE|Poincare.D12.GeometricCompactness.instGridSpaceFintype|Classical.choice,Quot.sound,propext|0
A3R12CONE|Poincare.D12.GeometricCompactness.cover_transfer_of_isometry|Classical.choice,Quot.sound,propext|0
A3R12CONE|Poincare.D12.GeometricCompactness.gridGH_injective|Classical.choice,Quot.sound,propext|0
A3R12CONE|Poincare.D12.GeometricCompactness.ancientKappaCompactnessFrontier|Classical.choice,Quot.sound,propext|0
A3R12CONE|Poincare.D12.GeometricCompactness.mk2._proof_1|propext|0
A3R12CONE|Poincare.D12.GeometricCompactness.ghDist_congr_left|Classical.choice,Quot.sound,propext|0
A3R12CONE|Poincare.D12.GeometricCompactness.gridGH|Classical.choice,Quot.sound,propext|0
A3R12CONE|Poincare.D12.GeometricCompactness.square_grid_dense._simp_1_6|Classical.choice,Quot.sound,propext|0
A3R12CONE|Poincare.D12.GeometricCompactness.zero_mem_unitSquare|Classical.choice,Quot.sound,propext|0
A3R12CONE|Poincare.D12.GeometricCompactness.curvatureBoundImpliesUniformCovers|Classical.choice,Quot.sound,propext|0
A3R12CONE|Poincare.D12.GeometricCompactness.hausdorffDist_grid_square_le|Classical.choice,Quot.sound,propext|0
A3R12CONE|Poincare.D12.GeometricCompactness.gridVertices.eq_1|Classical.choice,Quot.sound,propext|0
A3R12CONE|Poincare.D12.GeometricCompactness.mk2_ofLp_one|Classical.choice,Quot.sound,propext|0
A3R12CONE|Poincare.D12.GeometricCompactness.toGHSpace_rep_isometryEquiv|Classical.choice,Quot.sound,propext|0
A3R12CONE|Poincare.D12.GeometricCompactness.mk2_ofLp_zero|Classical.choice,Quot.sound,propext|0
A3R12CONE|Poincare.D12.GeometricCompactness.square_grid_dense._simp_1_4|propext|0
A3R12CONE|Poincare.D12.GeometricCompactness.gridSpace_diam_le|Classical.choice,Quot.sound,propext|0
A3R12CONE|Poincare.D12.GeometricCompactness.diam_rep_of_toGHSpace|Classical.choice,Quot.sound,propext|0
A3R12CONE|Poincare.D12.GeometricCompactness.closure_isCompact_of_totallyBounded|Classical.choice,Quot.sound,propext|0
A3R12CONE|Poincare.D12.GeometricCompactness.uniformCovers_of_totallyBounded|Classical.choice,Quot.sound,propext|0
A3R12CONE|Poincare.D12.GeometricCompactness.curvatureBoundImpliesUniformCovers_iff|Classical.choice,Quot.sound,propext|0
A3R12CONE|Poincare.D12.GeometricCompactness.gridVertices|Classical.choice,Quot.sound,propext|0
A3R12CONE|Poincare.D12.GeometricCompactness.cover_transfer_of_hausdorffDist_lt|Classical.choice,Quot.sound,propext|0
A3R12CONE|Poincare.D12.GeometricCompactness.gridSpace|Classical.choice,Quot.sound,propext|0
A3R12CONE|Poincare.D12.GeometricCompactness.gridFamily_totallyBounded|Classical.choice,Quot.sound,propext|0
A3R12CONE|Poincare.D12.GeometricCompactness.instGridSpaceNonempty|Classical.choice,Quot.sound,propext|0
A3R12CONE|Poincare.D12.GeometricCompactness.gh_subseq_of_familyBounds|Classical.choice,Quot.sound,propext|0
A3R12CONE|Poincare.D12.GeometricCompactness.gh_subseq_of_compact|Classical.choice,Quot.sound,propext|0
A3R12CONE|Poincare.D12.GeometricCompactness.gridSpace_card|Classical.choice,Quot.sound,propext|0
A3R12CONE|Poincare.D12.GeometricCompactness.instSquareSpaceCompactSpace|Classical.choice,Quot.sound,propext|0
A3R12CONE|Poincare.D12.GeometricCompactness.mk2.eq_1|Classical.choice,Quot.sound,propext|0
A3R12CONE|Poincare.D12.GeometricCompactness.coordBounds|Classical.choice,Quot.sound,propext|0
A3R12CONE|Poincare.D12.GeometricCompactness.squareGH|Classical.choice,Quot.sound,propext|0
A3R12CONE|Poincare.D12.GeometricCompactness.gromovCriterion|Classical.choice,Quot.sound,propext|0
A3R12CONE|Poincare.D12.GeometricCompactness.mk2|Classical.choice,Quot.sound,propext|0
A3R12CONE|Poincare.D12.GeometricCompactness.harmonicCoordinatesExistence|Classical.choice,Quot.sound,propext|0
A3R12CONE|Poincare.D12.GeometricCompactness.gh_subseq_of_uniformCovers|Classical.choice,Quot.sound,propext|0
A3R12CONE|Poincare.D12.GeometricCompactness.gridFamily_subseq|Classical.choice,Quot.sound,propext|0
A3R12CONE|Poincare.D12.GeometricCompactness.bishopGromovVolumeComparison|Classical.choice,Quot.sound,propext|0
A3R12CONE|Poincare.D12.GeometricCompactness.cover_transfer_of_ghDist|Classical.choice,Quot.sound,propext|0
A3R12CONE|Poincare.D12.GeometricCompactness.gridFamily_closure_isCompact|Classical.choice,Quot.sound,propext|0
A3R12CONE|Poincare.D12.GeometricCompactness.E2|Classical.choice,Quot.sound,propext|0
A3R12CONE|Poincare.D12.GeometricCompactness.diam_transfer_of_hausdorffDist_lt|Classical.choice,Quot.sound,propext|0
A3R12CONE|Poincare.D12.GeometricCompactness.diam_transfer_of_ghDist|Classical.choice,Quot.sound,propext|0
A3R12CONE|Poincare.D12.GeometricCompactness.gridPoint_coord|Classical.choice,Quot.sound,propext|0
A3R12CONE|Poincare.D12.GeometricCompactness.ghDist_congr_right|Classical.choice,Quot.sound,propext|0
A3R12CONE|Poincare.D12.GeometricCompactness.canonicalNeighborhoodFrontier|Classical.choice,Quot.sound,propext|0
A3R12CONE|Poincare.D12.GeometricCompactness.square_grid_dense._simp_1_7|propext|0
A3R12CONE|Poincare.D12.GeometricCompactness.square_grid_dense._simp_1_5|propext|0
A3R12CONE|Poincare.D12.GeometricCompactness.gridUniformCover|Classical.choice,Quot.sound,propext|0
A3R12CONE|Poincare.D12.GeometricCompactness.square_grid_dense|Classical.choice,Quot.sound,propext|0
A3R12CONE|Poincare.D12.GeometricCompactness.instSquareSpaceMetricSpace|Classical.choice,Quot.sound,propext|0
A3R12CONE|Poincare.D12.GeometricCompactness.square_grid_dense._simp_1_2|propext|0
A3R12CONE|Poincare.D12.GeometricCompactness.instGridSpaceCompactSpace|Classical.choice,Quot.sound,propext|0
A3R12CONE|Poincare.D12.GeometricCompactness.grid_gh_tendsto_square|Classical.choice,Quot.sound,propext|0
A3R12CONE|Poincare.D12.GeometricCompactness.canonicalNeighborhoodFrontier_iff|Classical.choice,Quot.sound,propext|0
A3R12CONE|Poincare.D12.GeometricCompactness.square_grid_dense._simp_1_1|propext|0
A3R12CONE|Poincare.D12.GeometricCompactness.zero_mem_gridSet|Classical.choice,Quot.sound,propext|0
A3R12CONE|Poincare.D12.GeometricCompactness.squareSpace|Classical.choice,Quot.sound,propext|0
A3R12CONE|Poincare.D12.GeometricCompactness.instGridSpaceMetricSpace|Classical.choice,Quot.sound,propext|0
A3R12CONE|Poincare.D12.GeometricCompactness.cheegerGromovCompactness|Classical.choice,Quot.sound,propext|0
A3R12CONE|Poincare.D12.GeometricCompactness.gridFamily_infinite|Classical.choice,Quot.sound,propext|0
A3R12CONE|Poincare.D12.GeometricCompactness.instSquareSpaceNonempty|Classical.choice,Quot.sound,propext|0
A3R12CONE|Poincare.D12.GeometricCompactness.square_grid_dense._simp_1_3|propext|0
A3R12CONE|Poincare.D12.GeometricCompactness.totallyBounded_iff_uniformCovers|Classical.choice,Quot.sound,propext|0
A3R12CONE|Poincare.D12.GeometricCompactness.isCompact_unitSquare|Classical.choice,Quot.sound,propext|0
A3R12 TOTAL 71 declarations, memo size 30162
A3R12 PASS
