A3R12S SELFTEST PASS (positive control detected, negative control clean)
A3R12SPROGRESS|20|159|899
A3R12SPROGRESS|40|159|940
A3R12SPROGRESS|60|159|998
A3R12SPROGRESS|80|159|1008
A3R12SPROGRESS|100|159|1030
A3R12SPROGRESS|120|159|1049
A3R12SPROGRESS|140|159|1054
A3R12SPROGRESS|159|159|1095
A3R12SCONE|Poincare.D12.VolumeIBP.ChartMetric.expMetricOne._proof_3||0
A3R12SCONE|Poincare.D12.VolumeIBP.ChartMetric.invMatrix_symm||0
A3R12SCONE|Poincare.D12.VolumeIBP.ChartMetric.det_pullbackMatrix||0
A3R12SCONE|Poincare.D12.VolumeIBP.ChartMetric.g||0
A3R12SCONE|Poincare.D12.VolumeIBP.ChartMetric.entry_contDiff||0
A3R12SCONE|Poincare.D12.VolumeIBP.ChartMetric.chart_weighted_ibp|propext|0
A3R12SCONE|Poincare.D12.VolumeIBP.ChartMetric.recOn||0
A3R12SCONE|Poincare.D12.VolumeIBP.ChartMetric.jacobianMatrix_det||0
A3R12SCONE|Poincare.D12.VolumeIBP.ChartMetric._sizeOf_1||0
A3R12SCONE|Poincare.D12.VolumeIBP.chartWeightedIBPStatementRestricted||0
A3R12SCONE|Poincare.D12.VolumeIBP.ChartMetric.pullbackMetric._proof_2||0
A3R12SCONE|Poincare.D12.VolumeIBP.ChartMetric.metricInnerInverse.eq_1||0
A3R12SCONE|Poincare.D12.VolumeIBP.ChartDiffeomorphism._sizeOf_inst||0
A3R12SCONE|Poincare.D12.VolumeIBP.ChartMetric.pullbackDensity_eq||0
A3R12SCONE|Poincare.D12.VolumeIBP.ChartMetric.weighted_divergence_mul_grad||0
A3R12SCONE|Poincare.D12.VolumeIBP.ChartMetric.gradInnerInverse.eq_1||0
A3R12SCONE|Poincare.D12.VolumeIBP.ChartMetric.gradInnerInverse_continuous||0
A3R12SCONE|Poincare.D12.VolumeIBP.manifoldOrientationVolumeFormCompat||0
A3R12SCONE|Poincare.D12.VolumeIBP.ChartMetric.mk.noConfusion||0
A3R12SCONE|Poincare.D12.VolumeIBP.manifoldStokesTheorem||0
A3R12SCONE|Poincare.D12.VolumeIBP.ChartMetric.driftLaplacian_continuous||0
A3R12SCONE|Poincare.D12.VolumeIBP.ChartMetric.chart_ibp_laplacian|propext|0
A3R12SCONE|Poincare.D12.VolumeIBP.ChartMetric.density_contDiff_one||0
A3R12SCONE|Poincare.D12.VolumeIBP.ChartMetric.density_pos||0
A3R12SCONE|Poincare.D12.VolumeIBP.ChartMetric.density_aemeasurable||0
A3R12SCONE|Poincare.D12.VolumeIBP.ChartMetric.inner_pos_of_ne_zero||0
A3R12SCONE|Poincare.D12.VolumeIBP.ChartMetric.invMatrix_mul_matrix_mul_invMatrix||0
A3R12SCONE|Poincare.D12.VolumeIBP.ChartDiffeomorphism.mk.noConfusion||0
A3R12SCONE|Poincare.D12.VolumeIBP.ChartMetric.chart_ibp|propext|0
A3R12SCONE|Poincare.D12.VolumeIBP.ChartMetric.det_contDiff||0
A3R12SCONE|Poincare.D12.VolumeIBP.Vec||0
A3R12SCONE|Poincare.D12.VolumeIBP.ChartMetric.det_continuous||0
A3R12SCONE|Poincare.D12.VolumeIBP.ChartMetric.matrix_continuous||0
A3R12SCONE|Poincare.D12.VolumeIBP.ChartMetric.density_ne_zero||0
A3R12SCONE|Poincare.D12.VolumeIBP.ChartDiffeomorphism.fderiv_injective||0
A3R12SCONE|Poincare.D12.VolumeIBP.ChartMetric.chart_ibp_euclidean_one|propext|0
A3R12SCONE|Poincare.D12.VolumeIBP.ChartMetric.driftLaplacian||0
A3R12SCONE|Poincare.D12.VolumeIBP.ChartMetric.euclideanChartMetric._proof_2||0
A3R12SCONE|Poincare.D12.VolumeIBP.ChartMetric.density_continuous||0
A3R12SCONE|Poincare.D12.VolumeIBP.ChartMetric.ctorIdx||0
A3R12SCONE|Poincare.D12.VolumeIBP.ChartMetric.partialDeriv.eq_1||0
A3R12SCONE|Poincare.D12.VolumeIBP.ChartMetric.expMetricOne||0
A3R12SCONE|Poincare.D12.VolumeIBP.ChartMetric.euclideanChartMetric._proof_1||0
A3R12SCONE|Poincare.D12.VolumeIBP.ChartMetric.invMatrix||0
A3R12SCONE|Poincare.D12.VolumeIBP.ChartMetric.metricInnerInverse||0
A3R12SCONE|Poincare.D12.VolumeIBP.ChartMetric.pullbackMatrix.eq_1||0
A3R12SCONE|Poincare.D12.VolumeIBP.ChartMetric.laplacian_continuous||0
A3R12SCONE|Poincare.D12.VolumeIBP.ChartMetric.density_nonneg||0
A3R12SCONE|Poincare.D12.VolumeIBP.ChartDiffeomorphism.casesOn||0
A3R12SCONE|Poincare.D12.VolumeIBP.ChartDiffeomorphism.mk.injEq||0
A3R12SCONE|Poincare.D12.VolumeIBP.ChartMetric.driftLaplacian.eq_1||0
A3R12SCONE|Poincare.D12.VolumeIBP.ChartMetric.g_continuous||0
A3R12SCONE|Poincare.D12.VolumeIBP.ChartDiffeomorphism.injective||0
A3R12SCONE|Poincare.D12.VolumeIBP.ChartMetric.mk.inj||0
A3R12SCONE|Poincare.D12.VolumeIBP.ChartMetric.invMatrix_entry_contDiff||0
A3R12SCONE|Poincare.D12.VolumeIBP.ChartDiffeomorphism.mk||0
A3R12SCONE|Poincare.D12.VolumeIBP.ChartMetric.densityNNReal_aemeasurable||0
A3R12SCONE|Poincare.D12.VolumeIBP.ChartMetric.inner||0
A3R12SCONE|Poincare.D12.VolumeIBP.ChartMetric.invMatrix_mul||0
A3R12SCONE|Poincare.D12.VolumeIBP.ChartMetric.g_symm||0
A3R12SCONE|Poincare.D12.VolumeIBP.ChartMetric.laplacian||0
A3R12SCONE|Poincare.D12.VolumeIBP.ChartMetric.noConfusion||0
A3R12SCONE|Poincare.D12.VolumeIBP.ChartDiffeomorphism.smooth||0
A3R12SCONE|Poincare.D12.VolumeIBP.ChartMetric.jacobianMatrix||0
A3R12SCONE|Poincare.D12.VolumeIBP.ChartMetric._sizeOf_inst||0
A3R12SCONE|Poincare.D12.VolumeIBP.ChartMetric.mk.injEq||0
A3R12SCONE|Poincare.D12.VolumeIBP.closedManifoldEntropyIdentity||0
A3R12SCONE|Poincare.D12.VolumeIBP.ChartMetric.grad||0
A3R12SCONE|Poincare.D12.VolumeIBP.ChartMetric.smooth_one||0
A3R12SCONE|Poincare.D12.VolumeIBP.ChartMetric.jentry_contDiff||0
A3R12SCONE|Poincare.D12.VolumeIBP.ChartMetric.gradInnerInverse||0
A3R12SCONE|Poincare.D12.VolumeIBP.ChartMetric.gradInnerInverse_comm||0
A3R12SCONE|Poincare.D12.VolumeIBP.ChartMetric.density_measurable||0
A3R12SCONE|Poincare.D12.VolumeIBP.ChartMetric.inner.eq_1||0
A3R12SCONE|Poincare.D12.VolumeIBP.ChartDiffeomorphism._sizeOf_1||0
A3R12SCONE|Poincare.D12.VolumeIBP.ChartMetric.inner_grad_eq_gradInnerInverse||0
A3R12SCONE|Poincare.D12.VolumeIBP.chartWeightedIBPStatementRestricted_holds|propext|0
A3R12SCONE|Poincare.D12.VolumeIBP.ChartDiffeomorphism.noConfusion||0
A3R12SCONE|Poincare.D12.VolumeIBP.ChartMetric.laplacian.eq_1||0
A3R12SCONE|Poincare.D12.VolumeIBP.ChartDiffeomorphism.mk.sizeOf_spec||0
A3R12SCONE|Poincare.D12.VolumeIBP.ChartMetric.densityNNReal_eq||0
A3R12SCONE|Poincare.D12.VolumeIBP.ChartDiffeomorphism.noConfusionType||0
A3R12SCONE|Poincare.D12.VolumeIBP.ChartMetric.mk||0
A3R12SCONE|Poincare.D12.VolumeIBP.ChartMetric.weightedDivergence.eq_1||0
A3R12SCONE|Poincare.D12.VolumeIBP.ChartMetric.density.eq_1||0
A3R12SCONE|Poincare.D12.VolumeIBP.ChartMetric.grad.eq_1||0
A3R12SCONE|Poincare.D12.VolumeIBP.ChartMetric.adjugate_entry_contDiff||0
A3R12SCONE|Poincare.D12.VolumeIBP.ChartMetric.integral_riemannianMeasure_eq||0
A3R12SCONE|Poincare.D12.VolumeIBP.ChartMetric.divergence.eq_1||0
A3R12SCONE|Poincare.D12.VolumeIBP.ChartMetric.chart_ibp_self|propext|0
A3R12SCONE|Poincare.D12.VolumeIBP.ChartMetric.mk.sizeOf_spec||0
A3R12SCONE|Poincare.D12.VolumeIBP.ChartMetric.pullbackMetric._proof_1||0
A3R12SCONE|Poincare.D12.VolumeIBP.ChartDiffeomorphism.mk._flat_ctor||0
A3R12SCONE|Poincare.D12.VolumeIBP.ChartMetric.weighted_divergence_integral_eq_zero|propext|0
A3R12SCONE|Poincare.D12.VolumeIBP.contDiff_if_const||0
A3R12SCONE|Poincare.D12.VolumeIBP.ChartMetric.matrix_apply||0
A3R12SCONE|Poincare.D12.VolumeIBP.ChartMetric.riemannianMeasure_absolutelyContinuous||0
A3R12SCONE|Poincare.D12.VolumeIBP.ChartMetric.euclideanChartMetric||0
A3R12SCONE|Poincare.D12.VolumeIBP.ChartMetric.densityNNReal.eq_1||0
A3R12SCONE|Poincare.D12.VolumeIBP.ChartMetric||0
A3R12SCONE|Poincare.D12.VolumeIBP.ChartDiffeomorphism.rec||0
A3R12SCONE|Poincare.D12.VolumeIBP.ChartMetric.density_contDiff||0
A3R12SCONE|Poincare.D12.VolumeIBP.ChartMetric.pullbackMetric||0
A3R12SCONE|Poincare.D12.VolumeIBP.ChartMetric.expMetricOne._proof_4||0
A3R12SCONE|Poincare.D12.VolumeIBP.ChartMetric.laplacian_contDiff_two||0
A3R12SCONE|Poincare.D12.VolumeIBP.ChartMetric.matrix_mul_invMatrix||0
A3R12SCONE|Poincare.D12.VolumeIBP.ChartMetric.noConfusionType||0
A3R12SCONE|Poincare.D12.VolumeIBP.ChartMetric.weighted_divergence_mul_exp_grad||0
A3R12SCONE|Poincare.D12.VolumeIBP.ChartMetric.divergence_integral_eq_zero|propext|0
A3R12SCONE|Poincare.D12.VolumeIBP.ChartMetric.grad_contDiff_one||0
A3R12SCONE|Poincare.D12.VolumeIBP.ChartMetric.matrix.eq_1||0
A3R12SCONE|Poincare.D12.VolumeIBP.ChartMetric.det_pos||0
A3R12SCONE|Poincare.D12.VolumeIBP.manifoldRiemannianMeasureExists||0
A3R12SCONE|Poincare.D12.VolumeIBP.ChartMetric.laplacian_integral_eq_zero|propext|0
A3R12SCONE|Poincare.D12.VolumeIBP.exists_pi_Ioo_supset_compact|propext|0
A3R12SCONE|Poincare.D12.VolumeIBP.ChartMetric.expMetricOne_density_eq||0
A3R12SCONE|Poincare.D12.VolumeIBP.ChartMetric.jacobianMatrix.eq_1||0
A3R12SCONE|Poincare.D12.VolumeIBP.ChartMetric.grad_hasCompactSupport||0
A3R12SCONE|Poincare.D12.VolumeIBP.ChartMetric.det_ne_zero||0
A3R12SCONE|Poincare.D12.VolumeIBP.ChartMetric.mk._flat_ctor||0
A3R12SCONE|Poincare.D12.VolumeIBP.ChartMetric.partialDeriv_contDiff_one||0
A3R12SCONE|Poincare.D12.VolumeIBP.ChartMetric.hasCompactSupport_partialDeriv||0
A3R12SCONE|Poincare.D12.VolumeIBP.ChartDiffeomorphism.surjective||0
A3R12SCONE|Poincare.D12.VolumeIBP.ChartMetric.matrix||0
A3R12SCONE|Poincare.D12.VolumeIBP.ChartMetric.euclideanChartMetric_density_one||0
A3R12SCONE|Poincare.D12.VolumeIBP.ChartMetric.density||0
A3R12SCONE|Poincare.D12.VolumeIBP.ChartMetric.invMatrix.eq_1||0
A3R12SCONE|Poincare.D12.VolumeIBP.ChartMetric.partialDeriv||0
A3R12SCONE|Poincare.D12.VolumeIBP.chartWeightedIBPStatementRestricted._proof_1||0
A3R12SCONE|Poincare.D12.VolumeIBP.ChartMetric.rec||0
A3R12SCONE|Poincare.D12.VolumeIBP.ChartMetric.matrix_symm||0
A3R12SCONE|Poincare.D12.VolumeIBP.ChartMetric.smooth||0
A3R12SCONE|Poincare.D12.VolumeIBP.ChartMetric.pullbackMatrix||0
A3R12SCONE|Poincare.D12.VolumeIBP.ChartDiffeomorphism.ψ||0
A3R12SCONE|Poincare.D12.VolumeIBP.ChartDiffeomorphism||0
A3R12SCONE|Poincare.D12.VolumeIBP.ChartMetric.hasCompactSupport_of_eq||0
A3R12SCONE|Poincare.D12.VolumeIBP.ChartMetric.mk.congr_simp||0
A3R12SCONE|Poincare.D12.VolumeIBP.ChartMetric.divergence_integral_eq_zero_density|propext|0
A3R12SCONE|Poincare.D12.VolumeIBP.ChartMetric.densityNNReal_measurable||0
A3R12SCONE|Poincare.D12.VolumeIBP.ChartMetric.densityNNReal||0
A3R12SCONE|Poincare.D12.VolumeIBP.ChartMetric.riemannianMeasure||0
A3R12SCONE|Poincare.D12.VolumeIBP.ChartMetric.euclideanChartMetric.eq_1||0
A3R12SCONE|Poincare.D12.VolumeIBP.ChartMetric.exp_neg_contDiff_one||0
A3R12SCONE|Poincare.D12.VolumeIBP.ChartDiffeomorphism.mk.inj||0
A3R12SCONE|Poincare.D12.VolumeIBP.ChartMetric.expMetricOne._proof_1||0
A3R12SCONE|Poincare.D12.VolumeIBP.ChartMetric.riemannianMeasure_def||0
A3R12SCONE|Poincare.D12.VolumeIBP.ChartDiffeomorphism.recOn||0
A3R12SCONE|Poincare.D12.VolumeIBP.ChartMetric.casesOn||0
A3R12SCONE|Poincare.D12.VolumeIBP.ChartMetric.inner_comm||0
A3R12SCONE|Poincare.D12.VolumeIBP.ChartMetric.jacobianMatrix_mulVec_eq_fderiv||0
A3R12SCONE|Poincare.D12.VolumeIBP.ChartMetric.setIntegral_riemannianMeasure_eq||0
A3R12SCONE|Poincare.D12.VolumeIBP.ChartMetric.weightedDivergence||0
A3R12SCONE|Poincare.D12.VolumeIBP.ChartDiffeomorphism.ctorIdx||0
A3R12SCONE|Poincare.D12.VolumeIBP.ChartMetric.expMetricOne._proof_2||0
A3R12SCONE|Poincare.D12.VolumeIBP.ChartMetric.riemannianMeasure_univ||0
A3R12SCONE|Poincare.D12.VolumeIBP.ChartMetric.posDef||0
A3R12SCONE|Poincare.D12.VolumeIBP.ChartMetric.gradInnerInverse_eq_sum||0
A3R12SCONE|Poincare.D12.VolumeIBP.ChartMetric.divergence||0
A3R12SCONE|Poincare.D12.VolumeIBP.ChartMetric.pullback_measure_naturality||0
A3R12S TOTAL 159 declarations, memo size 1095
A3R12S PASS
