A3R12 SELFTEST PASS (positive control detected, negative control clean)
A3R12PROGRESS|20|47|28456
A3R12PROGRESS|40|47|28809
A3R12PROGRESS|47|47|35400
A3R12CONE|Poincare.D12.SurgeryRecognition.SphericalSpaceFormModel.spaceFormProjection_covering|Classical.choice,Quot.sound,propext|0
A3R12CONE|Poincare.D12.SurgeryRecognition.ConnectedSumDecompositionV2.rec|Classical.choice,Quot.sound,propext|0
A3R12CONE|Poincare.D12.SurgeryRecognition.connectSumRel.match_1|Classical.choice,Quot.sound,propext|0
A3R12CONE|Poincare.D12.SurgeryRecognition.hemisphere_cover|Classical.choice,Quot.sound,propext|0
A3R12CONE|Poincare.D12.SurgeryRecognition.SphericalSpaceFormModel.instFintype|Classical.choice,Quot.sound,propext|0
A3R12CONE|Poincare.D12.SurgeryRecognition.SphericalSum.recOn|Classical.choice,Quot.sound,propext|0
A3R12CONE|Poincare.D12.SurgeryRecognition.ConnectedSumDecompositionV2.casesOn|Classical.choice,Quot.sound,propext|0
A3R12CONE|Poincare.D12.SurgeryRecognition.equatorHomeoS2._proof_8|Classical.choice,Quot.sound,propext|0
A3R12CONE|Poincare.D12.SurgeryRecognition.quotientMapHomeo|Classical.choice,Quot.sound,propext|0
A3R12CONE|Poincare.D12.SurgeryRecognition.EndGameDecomposition.mk.inj|Classical.choice,Quot.sound,propext|0
A3R12CONE|Poincare.D12.SurgeryRecognition.southPunctureHomeo._proof_2|Classical.choice,Quot.sound,propext|0
A3R12CONE|Poincare.D12.SurgeryRecognition.EndGameDecomposition._sizeOf_inst|Classical.choice,Quot.sound,propext|0
A3R12CONE|Poincare.D12.SurgeryRecognition.RemainingRecognitionHypothesesV3._sizeOf_inst|Classical.choice,Quot.sound,propext|0
A3R12CONE|Poincare.D12.SurgeryRecognition.SphericalSum._sizeOf_1|Classical.choice,Quot.sound,propext|0
A3R12CONE|Poincare.D12.SurgeryRecognition.downS3_image_S2_eq_equator|Classical.choice,Quot.sound,propext|0
A3R12CONE|Poincare.D12.SurgeryRecognition.quotientMapHomeo._proof_8|Classical.choice,Quot.sound,propext|0
A3R12CONE|Poincare.D12.SurgeryRecognition.toSphere.eq_1|Classical.choice,Quot.sound,propext|0
A3R12CONE|Poincare.D12.SurgeryRecognition.S3Set|Classical.choice,Quot.sound,propext|0
A3R12CONE|Poincare.D12.SurgeryRecognition.tailVec|Classical.choice,Quot.sound,propext|0
A3R12CONE|Poincare.D12.SurgeryRecognition.RemainingRecognitionHypothesesV2.coveringTrivial|Classical.choice,Quot.sound,propext|0
A3R12CONE|Poincare.D12.SurgeryRecognition.quotientHomeoOfSubsingleton|Classical.choice,Quot.sound,propext|0
A3R12CONE|Poincare.D12.SurgeryRecognition.sphereBallPart|Classical.choice,Quot.sound,propext|0
A3R12CONE|Poincare.D12.SurgeryRecognition.puncturedHomeo._proof_6|Classical.choice,Quot.sound,propext|0
A3R12CONE|Poincare.D12.SurgeryRecognition.stage6Target_of_v2hypotheses|Classical.choice,Quot.sound,propext|0
A3R12CONE|Poincare.D12.SurgeryRecognition.southPunctureHomeo._proof_3|Classical.choice,Quot.sound,propext|0
A3R12CONE|Poincare.D12.SurgeryRecognition.quotientHomeoOfSubsingleton._proof_1|Classical.choice,Quot.sound,propext|0
A3R12CONE|Poincare.D12.SurgeryRecognition.southPole._proof_1|Classical.choice,Quot.sound,propext|0
A3R12CONE|Poincare.D12.SurgeryRecognition.transportedSouthDisk|Classical.choice,Quot.sound,propext|0
A3R12CONE|Poincare.D12.SurgeryRecognition.quotientMapHomeo._proof_5|Quot.sound|0
A3R12CONE|Poincare.D12.SurgeryRecognition.ofSphere_continuous._simp_1_2|Classical.choice,Quot.sound,propext|0
A3R12CONE|Poincare.D12.SurgeryRecognition.RemainingRecognitionHypothesesV3.recOn|Classical.choice,Quot.sound,propext|0
A3R12CONE|Poincare.D12.SurgeryRecognition.RemainingRecognitionHypothesesV2.casesOn|Classical.choice,Quot.sound,propext|0
A3R12CONE|Poincare.D12.SurgeryRecognition.ball3_norm_le_one|Classical.choice,Quot.sound,propext|0
A3R12CONE|Poincare.D12.SurgeryRecognition.SphericalSpaceFormModel.instContinuous|Classical.choice,Quot.sound,propext|0
A3R12CONE|Poincare.D12.SurgeryRecognition.RemainingRecognitionHypotheses.mk.inj|Classical.choice,Quot.sound,propext|0
A3R12CONE|Poincare.D12.SurgeryRecognition.stage6Target_of_v2decomposition|Classical.choice,Quot.sound,propext|0
A3R12CONE|Poincare.D12.SurgeryRecognition.toSpherePre.eq_1|Classical.choice,Quot.sound,propext|0
A3R12CONE|Poincare.D12.SurgeryRecognition.connectSumRel|Classical.choice,Quot.sound,propext|0
A3R12CONE|Poincare.D12.SurgeryRecognition.transportedSouthDisk.eq_1|Classical.choice,Quot.sound,propext|0
A3R12CONE|Poincare.D12.SurgeryRecognition.quotientMapHomeo._proof_4|Quot.sound|0
A3R12CONE|Poincare.D12.SurgeryRecognition.RemainingRecognitionHypothesesV3.mk.sizeOf_spec|Classical.choice,Quot.sound,propext|0
A3R12CONE|Poincare.D12.SurgeryRecognition.SphericalSum.sum|Classical.choice,Quot.sound,propext|0
A3R12CONE|Poincare.D12.SurgeryRecognition.EndGameDecomposition.casesOn|Classical.choice,Quot.sound,propext|0
A3R12CONE|Poincare.D12.SurgeryRecognition.antipodalModel_nontrivial|Classical.choice,Quot.sound,propext|0
A3R12CONE|Poincare.D12.SurgeryRecognition.SphericalSum.casesOn|Classical.choice,Quot.sound,propext|0
A3R12CONE|Poincare.D12.SurgeryRecognition.puncturedHomeo._proof_7|Classical.choice,Quot.sound,propext|0
A3R12CONE|Poincare.D12.SurgeryRecognition.equatorHomeoS2|Classical.choice,Quot.sound,propext|0
A3R12 TOTAL 47 declarations, memo size 35400
A3R12 PASS
