A3R12 SELFTEST PASS (positive control detected, negative control clean)
A3R12PROGRESS|20|68|44990
A3R12PROGRESS|40|68|45040
A3R12PROGRESS|60|68|45074
A3R12PROGRESS|68|68|45079
A3R12CONE|Poincare.D12.SpectralSobolev.heatWeight_lt_one_of_pos|Classical.choice,Quot.sound,propext|0
A3R12CONE|Poincare.D12.SpectralSobolev.heatCoeffs|Classical.choice,Quot.sound,propext|0
A3R12CONE|Poincare.D12.SpectralSobolev.heatEvolve._proof_1|Classical.choice,Quot.sound,propext|0
A3R12CONE|Poincare.D12.SpectralSobolev.heatWeight_abs_le_one|Classical.choice,Quot.sound,propext|0
A3R12CONE|Poincare.D12.SpectralSobolev.heatWeight._proof_1|propext|0
A3R12CONE|Poincare.D12.SpectralSobolev.heatSeries_hasSum|Classical.choice,Quot.sound,propext|0
A3R12CONE|Poincare.D12.SpectralSobolev.norm_cos_le_one|Classical.choice,Quot.sound,propext|0
A3R12CONE|Poincare.D12.SpectralSobolev.heatCoeffsL2|Classical.choice,Quot.sound,propext|0
A3R12CONE|Poincare.D12.SpectralSobolev.poincare_constant_sharp|Classical.choice,Quot.sound,propext|0
A3R12CONE|Poincare.D12.SpectralSobolev.heatWeight_pos|Classical.choice,Quot.sound,propext|0
A3R12CONE|Poincare.D12.SpectralSobolev.sq_norm_eigenvalue._simp_1_4|propext|0
A3R12CONE|Poincare.D12.SpectralSobolev.sq_norm_eigenvalue._simp_1_6|propext|0
A3R12CONE|Poincare.D12.SpectralSobolev.norm_heatEvolve_fourierLp|Classical.choice,Quot.sound,propext|0
A3R12CONE|Poincare.D12.SpectralSobolev.sq_norm_eigenvalue._simp_1_3|propext|0
A3R12CONE|Poincare.D12.SpectralSobolev.sq_norm_fourierCoeffOn_deriv_periodic|Classical.choice,Quot.sound,propext|0
A3R12CONE|Poincare.D12.SpectralSobolev.heatWeight|Classical.choice,Quot.sound,propext|0
A3R12CONE|Poincare.D12.SpectralSobolev.fourierCoeffOn_zero_eq_mean|Classical.choice,Quot.sound,propext|0
A3R12CONE|Poincare.D12.SpectralSobolev.heat_evolution_first_mode_nontrivial|Classical.choice,Quot.sound,propext|0
A3R12CONE|Poincare.D12.SpectralSobolev.heatEvolve|Classical.choice,Quot.sound,propext|0
A3R12CONE|Poincare.D12.SpectralSobolev.fourierCoeffOn_deriv_periodic._simp_1_4|propext|0
A3R12CONE|Poincare.D12.SpectralSobolev.heatCoeffsL2._proof_1|Classical.choice,Quot.sound,propext|0
A3R12CONE|Poincare.D12.SpectralSobolev.fourierCoeffOn_deriv_periodic._simp_1_3|propext|0
A3R12CONE|Poincare.D12.SpectralSobolev.poincare_wirtinger_sine_saturates|Classical.choice,Quot.sound,propext|0
A3R12CONE|Poincare.D12.SpectralSobolev.sq_norm_eigenvalue._simp_1_5|propext|0
A3R12CONE|Poincare.D12.SpectralSobolev.poincare_wirtinger._simp_1_6|propext|0
A3R12CONE|Poincare.D12.SpectralSobolev.sq_norm_eigenvalue|Classical.choice,Quot.sound,propext|0
A3R12CONE|Poincare.D12.SpectralSobolev.poincare_wirtinger._simp_1_4|propext|0
A3R12CONE|Poincare.D12.SpectralSobolev.sq_norm_eigenvalue._simp_1_7|Classical.choice,Quot.sound,propext|0
A3R12CONE|Poincare.D12.SpectralSobolev.heatEvolve._proof_2|Classical.choice,Quot.sound,propext|0
A3R12CONE|Poincare.D12.SpectralSobolev.heatEvolve_add|Classical.choice,Quot.sound,propext|0
A3R12CONE|Poincare.D12.SpectralSobolev.sq_norm_eigenvalue._simp_1_8|propext|0
A3R12CONE|Poincare.D12.SpectralSobolev.heatCoeffs_apply|Classical.choice,Quot.sound,propext|0
A3R12CONE|Poincare.D12.SpectralSobolev.heatWeight_tendsto_one|Classical.choice,Quot.sound,propext|0
A3R12CONE|Poincare.D12.SpectralSobolev.fourierCoeffOn_deriv_periodic._simp_1_7|propext|0
A3R12CONE|Poincare.D12.SpectralSobolev.fourierCoeffOn_deriv_periodic._simp_1_5|propext|0
A3R12CONE|Poincare.D12.SpectralSobolev.integral_sin_sq_period|Classical.choice,Quot.sound,propext|0
A3R12CONE|Poincare.D12.SpectralSobolev.poincare_wirtinger._simp_1_3|propext|0
A3R12CONE|Poincare.D12.SpectralSobolev.poincare_wirtinger|Classical.choice,Quot.sound,propext|0
A3R12CONE|Poincare.D12.SpectralSobolev.norm_sin_le_one|Classical.choice,Quot.sound,propext|0
A3R12CONE|Poincare.D12.SpectralSobolev.fourierCoeff_heatEvolve|Classical.choice,Quot.sound,propext|0
A3R12CONE|Poincare.D12.SpectralSobolev.integral_cos_sq_period|Classical.choice,Quot.sound,propext|0
A3R12CONE|Poincare.D12.SpectralSobolev.poincare_wirtinger._simp_1_1|Classical.choice,Quot.sound,propext|0
A3R12CONE|Poincare.D12.SpectralSobolev.heatEvolve_fourierLp|Classical.choice,Quot.sound,propext|0
A3R12CONE|Poincare.D12.SpectralSobolev.heatWeight_nonneg|Classical.choice,Quot.sound,propext|0
A3R12CONE|Poincare.D12.SpectralSobolev.poincare_wirtinger._simp_1_2|propext|0
A3R12CONE|Poincare.D12.SpectralSobolev.poincare_wirtinger_sine|Classical.choice,Quot.sound,propext|0
A3R12CONE|Poincare.D12.SpectralSobolev.sq_eigenvalue_pos|Classical.choice,Quot.sound,propext|0
A3R12CONE|Poincare.D12.SpectralSobolev.fourierCoeffOn_deriv_periodic._simp_1_6|Classical.choice,Quot.sound,propext|0
A3R12CONE|Poincare.D12.SpectralSobolev.summable_sq_heatCoeff|Classical.choice,Quot.sound,propext|0
A3R12CONE|Poincare.D12.SpectralSobolev.poincare_wirtinger._simp_1_8|propext|0
A3R12CONE|Poincare.D12.SpectralSobolev.heatEvolve_norm_le|Classical.choice,Quot.sound,propext|0
A3R12CONE|Poincare.D12.SpectralSobolev.heatEvolve_tendsto_self|Classical.choice,Quot.sound,propext|0
A3R12CONE|Poincare.D12.SpectralSobolev.fourierCoeffOn_deriv_periodic._simp_1_1|propext|0
A3R12CONE|Poincare.D12.SpectralSobolev.heatEvolve_zero|Classical.choice,Quot.sound,propext|0
A3R12CONE|Poincare.D12.SpectralSobolev.heatEvolve.eq_1|Classical.choice,Quot.sound,propext|0
A3R12CONE|Poincare.D12.SpectralSobolev.fourierCoeffOn_deriv_periodic._simp_1_2|propext|0
A3R12CONE|Poincare.D12.SpectralSobolev.heatCoeffs._proof_1|Classical.choice,Quot.sound,propext|0
A3R12CONE|Poincare.D12.SpectralSobolev.fourierCoeffOn_deriv_periodic|Classical.choice,Quot.sound,propext|0
A3R12CONE|Poincare.D12.SpectralSobolev.sq_eigenvalue_pos._simp_1_1|Classical.choice,Quot.sound,propext|0
A3R12CONE|Poincare.D12.SpectralSobolev.heatWeight_zero|Classical.choice,Quot.sound,propext|0
A3R12CONE|Poincare.D12.SpectralSobolev.sq_norm_eigenvalue._simp_1_2|propext|0
A3R12CONE|Poincare.D12.SpectralSobolev.heatWeight.eq_1|Classical.choice,Quot.sound,propext|0
A3R12CONE|Poincare.D12.SpectralSobolev.poincare_wirtinger._simp_1_5|propext|0
A3R12CONE|Poincare.D12.SpectralSobolev.poincare_wirtinger._simp_1_7|Classical.choice,Quot.sound,propext|0
A3R12CONE|Poincare.D12.SpectralSobolev.sq_norm_eigenvalue._simp_1_1|Classical.choice,Quot.sound,propext|0
A3R12CONE|Poincare.D12.SpectralSobolev.heatWeight_le_one|Classical.choice,Quot.sound,propext|0
A3R12CONE|Poincare.D12.SpectralSobolev.heatCoeffsL2.eq_1|Classical.choice,Quot.sound,propext|0
A3R12CONE|Poincare.D12.SpectralSobolev.sine_wave_hypotheses|Classical.choice,Quot.sound,propext|0
A3R12 TOTAL 68 declarations, memo size 45079
A3R12 PASS
