A3R12S SELFTEST PASS (positive control detected, negative control clean)
A3R12SPROGRESS|20|28|513
A3R12SPROGRESS|28|28|515
A3R12SCONE|Poincare.D12.SemanticLedger.not_initialCondition_gaussian_quantified|propext|0
A3R12SCONE|Poincare.D12.SemanticLedger.integrand_continuous||0
A3R12SCONE|Poincare.D12.SemanticLedger.lowerConstant_pos||0
A3R12SCONE|Poincare.D12.SemanticLedger.integrand.eq_1||0
A3R12SCONE|Poincare.D12.SemanticLedger.integrand_pos||0
A3R12SCONE|Poincare.D12.SemanticLedger.integrand_lintegral_eq_top||0
A3R12SCONE|Poincare.D12.SemanticLedger.testFunction_zero||0
A3R12SCONE|Poincare.D12.SemanticLedger.R||0
A3R12SCONE|Poincare.D12.SemanticLedger.testFunction_pos||0
A3R12SCONE|Poincare.D12.SemanticLedger.R_nonneg||0
A3R12SCONE|Poincare.D12.SemanticLedger.D7InitialConditionAt||0
A3R12SCONE|Poincare.D12.SemanticLedger.not_initialCondition_gaussian|propext|0
A3R12SCONE|Poincare.D12.SemanticLedger.continuous_gaussianKernelXY_int||0
A3R12SCONE|Poincare.D12.SemanticLedger.gaussianKernelXY._proof_1||0
A3R12SCONE|Poincare.D12.SemanticLedger.integrand_eq||0
A3R12SCONE|Poincare.D12.SemanticLedger.tendsto_testFunction_atTop||0
A3R12SCONE|Poincare.D12.SemanticLedger.quartic_dominates||0
A3R12SCONE|Poincare.D12.SemanticLedger.integral_undef_zero||0
A3R12SCONE|Poincare.D12.SemanticLedger.lowerConstant||0
A3R12SCONE|Poincare.D12.SemanticLedger.gaussianKernelXY||0
A3R12SCONE|Poincare.D12.SemanticLedger.testFunction_continuous||0
A3R12SCONE|Poincare.D12.SemanticLedger.testFunction||0
A3R12SCONE|Poincare.D12.SemanticLedger.lowerConstant_le_integrand||0
A3R12SCONE|Poincare.D12.SemanticLedger.integrand||0
A3R12SCONE|Poincare.D12.SemanticLedger.integrand_nonneg||0
A3R12SCONE|Poincare.D12.SemanticLedger.gaussianKernelXY._proof_2||0
A3R12SCONE|Poincare.D12.SemanticLedger.integrand_not_integrable||0
A3R12SCONE|Poincare.D12.SemanticLedger.R_sq||0
A3R12S TOTAL 28 declarations, memo size 515
A3R12S PASS
