A3R12S SELFTEST PASS (positive control detected, negative control clean)
A3R12SPROGRESS|20|71|678
A3R12SPROGRESS|40|71|891
A3R12SPROGRESS|60|71|936
A3R12SPROGRESS|71|71|947
A3R12SCONE|Poincare.D12.GeometricCompactness.mk2._proof_2||0
A3R12SCONE|Poincare.D12.GeometricCompactness.isCompact_of_uniformCovers||0
A3R12SCONE|Poincare.D12.GeometricCompactness.unitSquare||0
A3R12SCONE|Poincare.D12.GeometricCompactness.gridSet.eq_1||0
A3R12SCONE|Poincare.D12.GeometricCompactness.gridSet||0
A3R12SCONE|Poincare.D12.GeometricCompactness.instGridSpaceFintype||0
A3R12SCONE|Poincare.D12.GeometricCompactness.cover_transfer_of_isometry||0
A3R12SCONE|Poincare.D12.GeometricCompactness.gridGH_injective||0
A3R12SCONE|Poincare.D12.GeometricCompactness.ancientKappaCompactnessFrontier||0
A3R12SCONE|Poincare.D12.GeometricCompactness.mk2._proof_1||0
A3R12SCONE|Poincare.D12.GeometricCompactness.ghDist_congr_left||0
A3R12SCONE|Poincare.D12.GeometricCompactness.gridGH||0
A3R12SCONE|Poincare.D12.GeometricCompactness.square_grid_dense._simp_1_6||0
A3R12SCONE|Poincare.D12.GeometricCompactness.zero_mem_unitSquare||0
A3R12SCONE|Poincare.D12.GeometricCompactness.curvatureBoundImpliesUniformCovers||0
A3R12SCONE|Poincare.D12.GeometricCompactness.hausdorffDist_grid_square_le|propext|0
A3R12SCONE|Poincare.D12.GeometricCompactness.gridVertices.eq_1||0
A3R12SCONE|Poincare.D12.GeometricCompactness.mk2_ofLp_one||0
A3R12SCONE|Poincare.D12.GeometricCompactness.toGHSpace_rep_isometryEquiv||0
A3R12SCONE|Poincare.D12.GeometricCompactness.mk2_ofLp_zero||0
A3R12SCONE|Poincare.D12.GeometricCompactness.square_grid_dense._simp_1_4||0
A3R12SCONE|Poincare.D12.GeometricCompactness.gridSpace_diam_le|propext|0
A3R12SCONE|Poincare.D12.GeometricCompactness.diam_rep_of_toGHSpace||0
A3R12SCONE|Poincare.D12.GeometricCompactness.closure_isCompact_of_totallyBounded||0
A3R12SCONE|Poincare.D12.GeometricCompactness.uniformCovers_of_totallyBounded||0
A3R12SCONE|Poincare.D12.GeometricCompactness.curvatureBoundImpliesUniformCovers_iff||0
A3R12SCONE|Poincare.D12.GeometricCompactness.gridVertices||0
A3R12SCONE|Poincare.D12.GeometricCompactness.cover_transfer_of_hausdorffDist_lt||0
A3R12SCONE|Poincare.D12.GeometricCompactness.gridSpace||0
A3R12SCONE|Poincare.D12.GeometricCompactness.gridFamily_totallyBounded|propext|0
A3R12SCONE|Poincare.D12.GeometricCompactness.instGridSpaceNonempty||0
A3R12SCONE|Poincare.D12.GeometricCompactness.gh_subseq_of_familyBounds||0
A3R12SCONE|Poincare.D12.GeometricCompactness.gh_subseq_of_compact||0
A3R12SCONE|Poincare.D12.GeometricCompactness.gridSpace_card||0
A3R12SCONE|Poincare.D12.GeometricCompactness.instSquareSpaceCompactSpace|propext|0
A3R12SCONE|Poincare.D12.GeometricCompactness.mk2.eq_1||0
A3R12SCONE|Poincare.D12.GeometricCompactness.coordBounds|propext|0
A3R12SCONE|Poincare.D12.GeometricCompactness.squareGH|propext|0
A3R12SCONE|Poincare.D12.GeometricCompactness.gromovCriterion||0
A3R12SCONE|Poincare.D12.GeometricCompactness.mk2||0
A3R12SCONE|Poincare.D12.GeometricCompactness.harmonicCoordinatesExistence||0
A3R12SCONE|Poincare.D12.GeometricCompactness.gh_subseq_of_uniformCovers||0
A3R12SCONE|Poincare.D12.GeometricCompactness.gridFamily_subseq|propext|0
A3R12SCONE|Poincare.D12.GeometricCompactness.bishopGromovVolumeComparison||0
A3R12SCONE|Poincare.D12.GeometricCompactness.cover_transfer_of_ghDist||0
A3R12SCONE|Poincare.D12.GeometricCompactness.gridFamily_closure_isCompact|propext|0
A3R12SCONE|Poincare.D12.GeometricCompactness.E2||0
A3R12SCONE|Poincare.D12.GeometricCompactness.diam_transfer_of_hausdorffDist_lt||0
A3R12SCONE|Poincare.D12.GeometricCompactness.diam_transfer_of_ghDist||0
A3R12SCONE|Poincare.D12.GeometricCompactness.gridPoint_coord|propext|0
A3R12SCONE|Poincare.D12.GeometricCompactness.ghDist_congr_right||0
A3R12SCONE|Poincare.D12.GeometricCompactness.canonicalNeighborhoodFrontier||0
A3R12SCONE|Poincare.D12.GeometricCompactness.square_grid_dense._simp_1_7||0
A3R12SCONE|Poincare.D12.GeometricCompactness.square_grid_dense._simp_1_5||0
A3R12SCONE|Poincare.D12.GeometricCompactness.gridUniformCover|propext|0
A3R12SCONE|Poincare.D12.GeometricCompactness.square_grid_dense||0
A3R12SCONE|Poincare.D12.GeometricCompactness.instSquareSpaceMetricSpace||0
A3R12SCONE|Poincare.D12.GeometricCompactness.square_grid_dense._simp_1_2||0
A3R12SCONE|Poincare.D12.GeometricCompactness.instGridSpaceCompactSpace||0
A3R12SCONE|Poincare.D12.GeometricCompactness.grid_gh_tendsto_square|propext|0
A3R12SCONE|Poincare.D12.GeometricCompactness.canonicalNeighborhoodFrontier_iff||0
A3R12SCONE|Poincare.D12.GeometricCompactness.square_grid_dense._simp_1_1||0
A3R12SCONE|Poincare.D12.GeometricCompactness.zero_mem_gridSet||0
A3R12SCONE|Poincare.D12.GeometricCompactness.squareSpace||0
A3R12SCONE|Poincare.D12.GeometricCompactness.instGridSpaceMetricSpace||0
A3R12SCONE|Poincare.D12.GeometricCompactness.cheegerGromovCompactness||0
A3R12SCONE|Poincare.D12.GeometricCompactness.gridFamily_infinite||0
A3R12SCONE|Poincare.D12.GeometricCompactness.instSquareSpaceNonempty||0
A3R12SCONE|Poincare.D12.GeometricCompactness.square_grid_dense._simp_1_3||0
A3R12SCONE|Poincare.D12.GeometricCompactness.totallyBounded_iff_uniformCovers||0
A3R12SCONE|Poincare.D12.GeometricCompactness.isCompact_unitSquare|propext|0
A3R12S TOTAL 71 declarations, memo size 947
A3R12S PASS
