A3R12S SELFTEST PASS (positive control detected, negative control clean)
A3R12SPROGRESS|20|378|875
A3R12SPROGRESS|40|378|984
A3R12SPROGRESS|60|378|1052
A3R12SPROGRESS|80|378|1077
A3R12SPROGRESS|100|378|1095
A3R12SPROGRESS|120|378|1105
A3R12SPROGRESS|140|378|1130
A3R12SPROGRESS|160|378|1160
A3R12SPROGRESS|180|378|1167
A3R12SPROGRESS|200|378|1175
A3R12SPROGRESS|220|378|1196
A3R12SPROGRESS|240|378|1200
A3R12SPROGRESS|260|378|1205
A3R12SPROGRESS|280|378|1211
A3R12SPROGRESS|300|378|1241
A3R12SPROGRESS|320|378|1246
A3R12SPROGRESS|340|378|1250
A3R12SPROGRESS|360|378|1260
A3R12SPROGRESS|378|378|1263
A3R12SCONE|Poincare.D12.SurgeryRecognition.northBall||0
A3R12SCONE|Poincare.D12.SurgeryRecognition.SphericalSpaceFormModel.casesOn||0
A3R12SCONE|Poincare.D12.SurgeryRecognition.quotientHomeoOfSubsingleton._proof_5||0
A3R12SCONE|Poincare.D12.SurgeryRecognition.antipodalVec||0
A3R12SCONE|Poincare.D12.SurgeryRecognition.SphericalSpaceFormModel.spaceFormProjection_covering||0
A3R12SCONE|Poincare.D12.SurgeryRecognition.SphericalSpaceFormModel.noConfusionType||0
A3R12SCONE|Poincare.D12.SurgeryRecognition.RemainingRecognitionHypothesesV3.noConfusionType||0
A3R12SCONE|Poincare.D12.SurgeryRecognition.instContinuousConstSMulAntipodalGroupS3||0
A3R12SCONE|Poincare.D12.SurgeryRecognition.ballEquator||0
A3R12SCONE|Poincare.D12.SurgeryRecognition.RemainingRecognitionHypotheses._sizeOf_inst||0
A3R12SCONE|Poincare.D12.SurgeryRecognition.RemainingRecognitionHypotheses.vanKampen||0
A3R12SCONE|Poincare.D12.SurgeryRecognition.SphericalSum._sizeOf_inst||0
A3R12SCONE|Poincare.D12.SurgeryRecognition.ConnectedSumDecompositionV2.rec|Quot.sound,propext|0
A3R12SCONE|Poincare.D12.SurgeryRecognition.downPoint_sphereBallPart_eq_of_nonpos||0
A3R12SCONE|Poincare.D12.SurgeryRecognition.SphericalSpaceFormModel.mk._flat_ctor||0
A3R12SCONE|Poincare.D12.SurgeryRecognition.ballEquator._proof_1||0
A3R12SCONE|Poincare.D12.SurgeryRecognition.RemainingRecognitionHypotheses.pieceRecognition||0
A3R12SCONE|Poincare.D12.SurgeryRecognition.SphericalSum.mk.injEq||0
A3R12SCONE|Poincare.D12.SurgeryRecognition.tailVec_norm_le_one_of_norm_eq_one||0
A3R12SCONE|Poincare.D12.SurgeryRecognition.endGame_finalTopology|Quot.sound,propext|0
A3R12SCONE|Poincare.D12.SurgeryRecognition.connectSumRel.match_1||0
A3R12SCONE|Poincare.D12.SurgeryRecognition.RemainingRecognitionHypotheses.recOn||0
A3R12SCONE|Poincare.D12.SurgeryRecognition.equatorHomeoS2._proof_7|propext|0
A3R12SCONE|Poincare.D12.SurgeryRecognition.sphere2ToBall._proof_1||0
A3R12SCONE|Poincare.D12.SurgeryRecognition.southPunctureHomeo._proof_4|propext|0
A3R12SCONE|Poincare.D12.SurgeryRecognition.RemainingRecognitionHypothesesV2.rec||0
A3R12SCONE|Poincare.D12.SurgeryRecognition.SphericalSpaceFormModel.instGroup||0
A3R12SCONE|Poincare.D12.SurgeryRecognition.sphericalPieceRecognition_of._proof_1||0
A3R12SCONE|Poincare.D12.SurgeryRecognition.hemisphere_cover||0
A3R12SCONE|Poincare.D12.SurgeryRecognition.IsSpaceFormModelOf||0
A3R12SCONE|Poincare.D12.SurgeryRecognition.antipodal_fiber_card_two||0
A3R12SCONE|Poincare.D12.SurgeryRecognition.RemainingRecognitionHypothesesV3.rec||0
A3R12SCONE|Poincare.D12.SurgeryRecognition.antipodal_fiber_equiv||0
A3R12SCONE|Poincare.D12.SurgeryRecognition.southPunctureHomeo._proof_8|propext|0
A3R12SCONE|Poincare.D12.SurgeryRecognition.antipodal_free||0
A3R12SCONE|Poincare.D12.SurgeryRecognition.northHemisphereHomeo._proof_2||0
A3R12SCONE|Poincare.D12.SurgeryRecognition.SphericalSpaceFormModel.instFintype||0
A3R12SCONE|Poincare.D12.SurgeryRecognition.sphericalPieceRecognition_expanded||0
A3R12SCONE|Poincare.D12.SurgeryRecognition.SphericalSpaceFormModel.mk.inj||0
A3R12SCONE|Poincare.D12.SurgeryRecognition.connectSumRel_equiv||0
A3R12SCONE|Poincare.D12.SurgeryRecognition.tailVec_continuous||0
A3R12SCONE|Poincare.D12.SurgeryRecognition.tailVec_norm_eq_one_of_norm_eq_one_and_fst_eq_zero||0
A3R12SCONE|Poincare.D12.SurgeryRecognition.SphericalSum||0
A3R12SCONE|Poincare.D12.SurgeryRecognition.ConnectedSumDecompositionV2|Quot.sound,propext|0
A3R12SCONE|Poincare.D12.SurgeryRecognition.SphericalSum.recOn||0
A3R12SCONE|Poincare.D12.SurgeryRecognition.consVec3_self_tail||0
A3R12SCONE|Poincare.D12.SurgeryRecognition.norm_sq_consVec3||0
A3R12SCONE|Poincare.D12.SurgeryRecognition.hemiGlueRel.match_1||0
A3R12SCONE|Poincare.D12.SurgeryRecognition.sphericalPieceRecognition_of||0
A3R12SCONE|Poincare.D12.SurgeryRecognition.RemainingRecognitionHypotheses.mk.noConfusion||0
A3R12SCONE|Poincare.D12.SurgeryRecognition.puncturedHomeo._proof_1||0
A3R12SCONE|Poincare.D12.SurgeryRecognition.up_northBall|propext|0
A3R12SCONE|Poincare.D12.SurgeryRecognition.ConnectedSumDecompositionV2.casesOn|Quot.sound,propext|0
A3R12SCONE|Poincare.D12.SurgeryRecognition.southPunctureHomeo._proof_9|propext|0
A3R12SCONE|Poincare.D12.SurgeryRecognition.deckTrivial_of_simplyConnected_quotient|propext|0
A3R12SCONE|Poincare.D12.SurgeryRecognition.down_southBall|propext|0
A3R12SCONE|Poincare.D12.SurgeryRecognition.downPoint_mem|propext|0
A3R12SCONE|Poincare.D12.SurgeryRecognition.antipodalModel||0
A3R12SCONE|Poincare.D12.SurgeryRecognition.instMulActionAntipodalGroupS3._proof_1||0
A3R12SCONE|Poincare.D12.SurgeryRecognition.mem_downS3_openBall_iff|propext|0
A3R12SCONE|Poincare.D12.SurgeryRecognition.equatorHomeoS2._proof_8|propext|0
A3R12SCONE|Poincare.D12.SurgeryRecognition.AntipodalGroup||0
A3R12SCONE|Poincare.D12.SurgeryRecognition.RemainingRecognitionHypothesesV2.mk.noConfusion||0
A3R12SCONE|Poincare.D12.SurgeryRecognition.height||0
A3R12SCONE|Poincare.D12.SurgeryRecognition.SphericalSpaceFormModel.spaceForm_monodromy_transitive||0
A3R12SCONE|Poincare.D12.SurgeryRecognition.quotientMapHomeo._proof_3||0
A3R12SCONE|Poincare.D12.SurgeryRecognition.puncturedHomeo.eq_1||0
A3R12SCONE|Poincare.D12.SurgeryRecognition.southPunctureHomeo._proof_6|propext|0
A3R12SCONE|Poincare.D12.SurgeryRecognition.quotientMapHomeo|Quot.sound|0
A3R12SCONE|Poincare.D12.SurgeryRecognition.EndGameDecomposition.neckEstimates|Quot.sound,propext|0
A3R12SCONE|Poincare.D12.SurgeryRecognition.southBall_down|propext|0
A3R12SCONE|Poincare.D12.SurgeryRecognition.RemainingRecognitionHypothesesV2.mk.injEq||0
A3R12SCONE|Poincare.D12.SurgeryRecognition.hemiGlueRel_transport|propext|0
A3R12SCONE|Poincare.D12.SurgeryRecognition.doubleBallHomeoSphere|Quot.sound,propext|0
A3R12SCONE|Poincare.D12.SurgeryRecognition.southHemisphereHomeo._proof_2|propext|0
A3R12SCONE|Poincare.D12.SurgeryRecognition.SphericalSpaceFormModel.spaceForm_fiber_subsingleton||0
A3R12SCONE|Poincare.D12.SurgeryRecognition.EndGameDecomposition.mk.inj|Quot.sound,propext|0
A3R12SCONE|Poincare.D12.SurgeryRecognition.connectSumRel_transport|propext|0
A3R12SCONE|Poincare.D12.SurgeryRecognition.RemainingRecognitionHypothesesV3.ctorIdx||0
A3R12SCONE|Poincare.D12.SurgeryRecognition.equatorHomeoS2._proof_6|propext|0
A3R12SCONE|Poincare.D12.SurgeryRecognition.southHemisphereHomeo._proof_1||0
A3R12SCONE|Poincare.D12.SurgeryRecognition.iteratedSphereSum._f|Quot.sound,propext|0
A3R12SCONE|Poincare.D12.SurgeryRecognition.equator||0
A3R12SCONE|Poincare.D12.SurgeryRecognition.SphericalSpaceFormModel.mk.injEq||0
A3R12SCONE|Poincare.D12.SurgeryRecognition.southPunctureHomeo._proof_2|propext|0
A3R12SCONE|Poincare.D12.SurgeryRecognition.downPoint_fst||0
A3R12SCONE|Poincare.D12.SurgeryRecognition.iteratedSphereSum._proof_7|Quot.sound,propext|0
A3R12SCONE|Poincare.D12.SurgeryRecognition.RemainingRecognitionHypothesesV2.noConfusionType||0
A3R12SCONE|Poincare.D12.SurgeryRecognition.ConnectedSumDecomposition.mkV2._proof_1|Quot.sound,propext|0
A3R12SCONE|Poincare.D12.SurgeryRecognition.antipodalQuotientCovering||0
A3R12SCONE|Poincare.D12.SurgeryRecognition.RemainingRecognitionHypothesesV2.mk._flat_ctor||0
A3R12SCONE|Poincare.D12.SurgeryRecognition.puncturedHomeo._proof_2||0
A3R12SCONE|Poincare.D12.SurgeryRecognition.EndGameDecomposition._sizeOf_inst|Quot.sound,propext|0
A3R12SCONE|Poincare.D12.SurgeryRecognition.connectSumCongr._proof_1||0
A3R12SCONE|Poincare.D12.SurgeryRecognition.sphereConnectSum|propext|0
A3R12SCONE|Poincare.D12.SurgeryRecognition.OpenBall3||0
A3R12SCONE|Poincare.D12.SurgeryRecognition.SphericalSpaceFormModel.ctorIdx||0
A3R12SCONE|Poincare.D12.SurgeryRecognition.tailVec_consVec3||0
A3R12SCONE|Poincare.D12.SurgeryRecognition.antipodal||0
A3R12SCONE|Poincare.D12.SurgeryRecognition.ballOrigin._proof_1||0
A3R12SCONE|Poincare.D12.SurgeryRecognition.RemainingRecognitionHypothesesV3._sizeOf_inst||0
A3R12SCONE|Poincare.D12.SurgeryRecognition.transportedSouthDisk_injective|propext|0
A3R12SCONE|Poincare.D12.SurgeryRecognition.ConnectedSumDecompositionV2.mk|Quot.sound,propext|0
A3R12SCONE|Poincare.D12.SurgeryRecognition.EndGameDecomposition.noConfusionType|Quot.sound,propext|0
A3R12SCONE|Poincare.D12.SurgeryRecognition.SphericalSpaceFormModel.spaceFormFiberEquivGroup||0
A3R12SCONE|Poincare.D12.SurgeryRecognition.equatorHomeoS2._proof_10|propext|0
A3R12SCONE|Poincare.D12.SurgeryRecognition.sphereBallPart._proof_1||0
A3R12SCONE|Poincare.D12.SurgeryRecognition.height_continuous||0
A3R12SCONE|Poincare.D12.SurgeryRecognition.SphericalSum._sizeOf_1||0
A3R12SCONE|Poincare.D12.SurgeryRecognition.sphere2ToBall_continuous||0
A3R12SCONE|Poincare.D12.SurgeryRecognition.equatorHomeoS2._proof_1|propext|0
A3R12SCONE|Poincare.D12.SurgeryRecognition.SphericalSpaceFormModel.mk.noConfusion||0
A3R12SCONE|Poincare.D12.SurgeryRecognition.antipodal_one||0
A3R12SCONE|Poincare.D12.SurgeryRecognition.RemainingRecognitionHypotheses.ctorIdx||0
A3R12SCONE|Poincare.D12.SurgeryRecognition.SphericalSpaceFormModel.noConfusion||0
A3R12SCONE|Poincare.D12.SurgeryRecognition.iteratedSphereSum._proof_2||0
A3R12SCONE|Poincare.D12.SurgeryRecognition.downS3_image_S2_eq_equator|propext|0
A3R12SCONE|Poincare.D12.SurgeryRecognition.SphericalSpaceFormModel.free||0
A3R12SCONE|Poincare.D12.SurgeryRecognition.S2||0
A3R12SCONE|Poincare.D12.SurgeryRecognition.RemainingRecognitionHypothesesV2._sizeOf_inst||0
A3R12SCONE|Poincare.D12.SurgeryRecognition.consVec3._proof_1||0
A3R12SCONE|Poincare.D12.SurgeryRecognition.upPoint_mem|propext|0
A3R12SCONE|Poincare.D12.SurgeryRecognition.sphere2ToBall.eq_1||0
A3R12SCONE|Poincare.D12.SurgeryRecognition.quotientHomeoOfSubsingleton._proof_2||0
A3R12SCONE|Poincare.D12.SurgeryRecognition.quotientMapHomeo._proof_8|Quot.sound|0
A3R12SCONE|Poincare.D12.SurgeryRecognition.RemainingRecognitionHypothesesV2||0
A3R12SCONE|Poincare.D12.SurgeryRecognition.quotientHomeoOfSubsingleton._proof_4||0
A3R12SCONE|Poincare.D12.SurgeryRecognition.upPoint_fst||0
A3R12SCONE|Poincare.D12.SurgeryRecognition.southPole|propext|0
A3R12SCONE|Poincare.D12.SurgeryRecognition.toSphere_origin_second|propext|0
A3R12SCONE|Poincare.D12.SurgeryRecognition.ConnectedSumDecomposition.mkV2|Quot.sound,propext|0
A3R12SCONE|Poincare.D12.SurgeryRecognition.SphericalSum.mk.inj||0
A3R12SCONE|Poincare.D12.SurgeryRecognition.toSphere.eq_1|propext|0
A3R12SCONE|Poincare.D12.SurgeryRecognition.northBall_injective|propext|0
A3R12SCONE|Poincare.D12.SurgeryRecognition.ofSphere||0
A3R12SCONE|Poincare.D12.SurgeryRecognition.equatorHomeoS2._proof_11|propext|0
A3R12SCONE|Poincare.D12.SurgeryRecognition.glueRel.eq_1||0
A3R12SCONE|Poincare.D12.SurgeryRecognition.extinctionCertificate_expanded||0
A3R12SCONE|Poincare.D12.SurgeryRecognition.northPole._proof_1|propext|0
A3R12SCONE|Poincare.D12.SurgeryRecognition.SphericalSum.noConfusionType||0
A3R12SCONE|Poincare.D12.SurgeryRecognition.S3Set||0
A3R12SCONE|Poincare.D12.SurgeryRecognition.upPoint_continuous||0
A3R12SCONE|Poincare.D12.SurgeryRecognition.EndGameDecomposition.noConfusion|Quot.sound,propext|0
A3R12SCONE|Poincare.D12.SurgeryRecognition.ConnectedSumDecompositionV2.pieceSphere|Quot.sound,propext|0
A3R12SCONE|Poincare.D12.SurgeryRecognition.sphereBallPart.eq_1||0
A3R12SCONE|Poincare.D12.SurgeryRecognition.iteratedSphereSum._proof_1||0
A3R12SCONE|Poincare.D12.SurgeryRecognition.EndGameDecomposition.mk|Quot.sound,propext|0
A3R12SCONE|Poincare.D12.SurgeryRecognition.sphereConnectSum_transported|Quot.sound,propext|0
A3R12SCONE|Poincare.D12.SurgeryRecognition.tailVec||0
A3R12SCONE|Poincare.D12.SurgeryRecognition.RemainingRecognitionHypothesesV2.mk.inj||0
A3R12SCONE|Poincare.D12.SurgeryRecognition.hemiGlueRel||0
A3R12SCONE|Poincare.D12.SurgeryRecognition.SphericalSpaceFormModel.spaceFormProjection||0
A3R12SCONE|Poincare.D12.SurgeryRecognition.southPunctureHomeo.eq_1|propext|0
A3R12SCONE|Poincare.D12.SurgeryRecognition.sphereThree_pathConnectedSpace||0
A3R12SCONE|Poincare.D12.SurgeryRecognition.SphericalSpaceFormModel||0
A3R12SCONE|Poincare.D12.SurgeryRecognition.antipodal._proof_1||0
A3R12SCONE|Poincare.D12.SurgeryRecognition.RemainingRecognitionHypothesesV2.coveringTrivial||0
A3R12SCONE|Poincare.D12.SurgeryRecognition.up|propext|0
A3R12SCONE|Poincare.D12.SurgeryRecognition.ConnectedSumDecompositionV2.recOn|Quot.sound,propext|0
A3R12SCONE|Poincare.D12.SurgeryRecognition.stage6Target_of_v3hypotheses|Quot.sound,propext|0
A3R12SCONE|Poincare.D12.SurgeryRecognition.EndGameDecomposition.mk.noConfusion|Quot.sound,propext|0
A3R12SCONE|Poincare.D12.SurgeryRecognition.sphere2ToBall||0
A3R12SCONE|Poincare.D12.SurgeryRecognition.puncturedHomeo||0
A3R12SCONE|Poincare.D12.SurgeryRecognition.EndGameDecomposition.finalTopology|Quot.sound,propext|0
A3R12SCONE|Poincare.D12.SurgeryRecognition.quotientHomeoOfSubsingleton||0
A3R12SCONE|Poincare.D12.SurgeryRecognition.equator_both_copies|Quot.sound,propext|0
A3R12SCONE|Poincare.D12.SurgeryRecognition.instSMulAntipodalGroupS3||0
A3R12SCONE|Poincare.D12.SurgeryRecognition.EndGameDecomposition.mk.sizeOf_spec|Quot.sound,propext|0
A3R12SCONE|Poincare.D12.SurgeryRecognition.antipodalModel._proof_1||0
A3R12SCONE|Poincare.D12.SurgeryRecognition.EndGameDecomposition.ctorIdx|Quot.sound,propext|0
A3R12SCONE|Poincare.D12.SurgeryRecognition.S3||0
A3R12SCONE|Poincare.D12.SurgeryRecognition.toSphere_continuous|propext|0
A3R12SCONE|Poincare.D12.SurgeryRecognition.sphereBallPart||0
A3R12SCONE|Poincare.D12.SurgeryRecognition.iteratedSphereSum_homeo_sphere|Quot.sound,propext|0
A3R12SCONE|Poincare.D12.SurgeryRecognition.connectedSumDecomposition_expanded||0
A3R12SCONE|Poincare.D12.SurgeryRecognition.puncturedHomeo._proof_8||0
A3R12SCONE|Poincare.D12.SurgeryRecognition.SphericalSpaceFormModel.coveringQuotient||0
A3R12SCONE|Poincare.D12.SurgeryRecognition.equatorHomeoS2._proof_2|propext|0
A3R12SCONE|Poincare.D12.SurgeryRecognition.RemainingRecognitionHypotheses.rec||0
A3R12SCONE|Poincare.D12.SurgeryRecognition.iteratedSphereSum.match_1||0
A3R12SCONE|Poincare.D12.SurgeryRecognition.puncturedHomeo._proof_6||0
A3R12SCONE|Poincare.D12.SurgeryRecognition.RemainingRecognitionHypothesesV2.mk||0
A3R12SCONE|Poincare.D12.SurgeryRecognition.northBall_continuous||0
A3R12SCONE|Poincare.D12.SurgeryRecognition.SphericalSpaceFormModel.recOn||0
A3R12SCONE|Poincare.D12.SurgeryRecognition.quotientHomeoOfSubsingleton._proof_3||0
A3R12SCONE|Poincare.D12.SurgeryRecognition.northHemisphereHomeo._proof_3|propext|0
A3R12SCONE|Poincare.D12.SurgeryRecognition.hemiGlueRel_equiv||0
A3R12SCONE|Poincare.D12.SurgeryRecognition.RemainingRecognitionHypotheses._sizeOf_1||0
A3R12SCONE|Poincare.D12.SurgeryRecognition.stage6Target_of_v2hypotheses|Quot.sound,propext|0
A3R12SCONE|Poincare.D12.SurgeryRecognition.northHemisphereHomeo|propext|0
A3R12SCONE|Poincare.D12.SurgeryRecognition.SphericalSum.sumHomeo||0
A3R12SCONE|Poincare.D12.SurgeryRecognition.consVec3_continuous||0
A3R12SCONE|Poincare.D12.SurgeryRecognition.height_sphereBallPart_eq_fst_of_nonneg||0
A3R12SCONE|Poincare.D12.SurgeryRecognition.glueRel||0
A3R12SCONE|Poincare.D12.SurgeryRecognition.consVec3_fst||0
A3R12SCONE|Poincare.D12.SurgeryRecognition.RemainingRecognitionHypothesesV2.toRemaining||0
A3R12SCONE|Poincare.D12.SurgeryRecognition.southPunctureHomeo._proof_3|propext|0
A3R12SCONE|Poincare.D12.SurgeryRecognition.equatorHomeoS2._proof_3|propext|0
A3R12SCONE|Poincare.D12.SurgeryRecognition.antipodal.eq_1||0
A3R12SCONE|Poincare.D12.SurgeryRecognition.SphericalSpaceFormModel.mk.sizeOf_spec||0
A3R12SCONE|Poincare.D12.SurgeryRecognition.connectedSum||0
A3R12SCONE|Poincare.D12.SurgeryRecognition.downS3|propext|0
A3R12SCONE|Poincare.D12.SurgeryRecognition.recognitionHypotheses_expanded||0
A3R12SCONE|Poincare.D12.SurgeryRecognition.quotientMapHomeo._proof_7|Quot.sound|0
A3R12SCONE|Poincare.D12.SurgeryRecognition.quotientHomeoOfSubsingleton._proof_1||0
A3R12SCONE|Poincare.D12.SurgeryRecognition.RemainingRecognitionHypothesesV3.toRemaining|propext|0
A3R12SCONE|Poincare.D12.SurgeryRecognition.R3||0
A3R12SCONE|Poincare.D12.SurgeryRecognition.antipodalGroup_card||0
A3R12SCONE|Poincare.D12.SurgeryRecognition.S2Set||0
A3R12SCONE|Poincare.D12.SurgeryRecognition.RemainingRecognitionHypotheses.noConfusion||0
A3R12SCONE|Poincare.D12.SurgeryRecognition.SphericalSpaceFormModel.Γ||0
A3R12SCONE|Poincare.D12.SurgeryRecognition.northBall_up|propext|0
A3R12SCONE|Poincare.D12.SurgeryRecognition.southPole._proof_1|propext|0
A3R12SCONE|Poincare.D12.SurgeryRecognition.equatorHomeoS2._proof_4|propext|0
A3R12SCONE|Poincare.D12.SurgeryRecognition.sphere2_norm_eq_one_of_mem._simp_1_1|propext|0
A3R12SCONE|Poincare.D12.SurgeryRecognition.iteratedSphereSum._proof_4|Quot.sound,propext|0
A3R12SCONE|Poincare.D12.SurgeryRecognition.antipodal_two_sheets|propext|0
A3R12SCONE|Poincare.D12.SurgeryRecognition.EndGameDecomposition.surgeryExistence|Quot.sound,propext|0
A3R12SCONE|Poincare.D12.SurgeryRecognition.RemainingRecognitionHypothesesV3.mk.inj||0
A3R12SCONE|Poincare.D12.SurgeryRecognition.northHemisphereHomeo._proof_1||0
A3R12SCONE|Poincare.D12.SurgeryRecognition.transportedSouthDisk|propext|0
A3R12SCONE|Poincare.D12.SurgeryRecognition.antipodal_of_ne_one||0
A3R12SCONE|Poincare.D12.SurgeryRecognition.RemainingRecognitionHypotheses.casesOn||0
A3R12SCONE|Poincare.D12.SurgeryRecognition.equatorHomeoS2._proof_9|propext|0
A3R12SCONE|Poincare.D12.SurgeryRecognition.southHemisphere||0
A3R12SCONE|Poincare.D12.SurgeryRecognition.SphericalSpaceFormModel.covering||0
A3R12SCONE|Poincare.D12.SurgeryRecognition.quotientMapHomeo._proof_2||0
A3R12SCONE|Poincare.D12.SurgeryRecognition.up._proof_1|propext|0
A3R12SCONE|Poincare.D12.SurgeryRecognition.quotientMapHomeo._proof_5|Quot.sound|0
A3R12SCONE|Poincare.D12.SurgeryRecognition.ballOrigin||0
A3R12SCONE|Poincare.D12.SurgeryRecognition.ofSphere_toSphere|propext|0
A3R12SCONE|Poincare.D12.SurgeryRecognition.SphericalSpaceFormModel._sizeOf_inst||0
A3R12SCONE|Poincare.D12.SurgeryRecognition.height_sphereBallPart_eq_neg_fst_of_nonpos||0
A3R12SCONE|Poincare.D12.SurgeryRecognition.antipodalQuotient||0
A3R12SCONE|Poincare.D12.SurgeryRecognition.R4||0
A3R12SCONE|Poincare.D12.SurgeryRecognition.RemainingRecognitionHypothesesV3.vanKampen||0
A3R12SCONE|Poincare.D12.SurgeryRecognition.ofSphere_continuous._simp_1_2|propext|0
A3R12SCONE|Poincare.D12.SurgeryRecognition.RemainingRecognitionHypotheses.noConfusionType||0
A3R12SCONE|Poincare.D12.SurgeryRecognition.glueRel.eq_3||0
A3R12SCONE|Poincare.D12.SurgeryRecognition.SphericalSpaceFormModel.rec||0
A3R12SCONE|Poincare.D12.SurgeryRecognition.antipodalCoveringMap||0
A3R12SCONE|Poincare.D12.SurgeryRecognition.quotientMapHomeo._proof_1||0
A3R12SCONE|Poincare.D12.SurgeryRecognition.iteratedSphereSum._proof_5|Quot.sound,propext|0
A3R12SCONE|Poincare.D12.SurgeryRecognition.sphericalPieceRecognition_of_spaceForm|propext|0
A3R12SCONE|Poincare.D12.SurgeryRecognition.RemainingRecognitionHypothesesV3.recOn||0
A3R12SCONE|Poincare.D12.SurgeryRecognition.northHemisphere||0
A3R12SCONE|Poincare.D12.SurgeryRecognition.hemiQuot_homeo_DoubleBall|Quot.sound,propext|0
A3R12SCONE|Poincare.D12.SurgeryRecognition.RemainingRecognitionHypothesesV3.mk.injEq||0
A3R12SCONE|Poincare.D12.SurgeryRecognition.RemainingRecognitionHypothesesV2.vanKampen||0
A3R12SCONE|Poincare.D12.SurgeryRecognition.equator.eq_1||0
A3R12SCONE|Poincare.D12.SurgeryRecognition.downPoint_continuous||0
A3R12SCONE|Poincare.D12.SurgeryRecognition.antipodalVec_one||0
A3R12SCONE|Poincare.D12.SurgeryRecognition.RemainingRecognitionHypothesesV2.casesOn||0
A3R12SCONE|Poincare.D12.SurgeryRecognition.up_mem_equator_iff|propext|0
A3R12SCONE|Poincare.D12.SurgeryRecognition.finiteFreeOrbit_isQuotientCoveringMap||0
A3R12SCONE|Poincare.D12.SurgeryRecognition.down_continuous|propext|0
A3R12SCONE|Poincare.D12.SurgeryRecognition.RemainingRecognitionHypothesesV3.spaceForm||0
A3R12SCONE|Poincare.D12.SurgeryRecognition.openBallInBall||0
A3R12SCONE|Poincare.D12.SurgeryRecognition.SphericalSpaceFormModel.quotient||0
A3R12SCONE|Poincare.D12.SurgeryRecognition.quotientMapHomeo._proof_6|Quot.sound|0
A3R12SCONE|Poincare.D12.SurgeryRecognition.ball3_norm_le_one||0
A3R12SCONE|Poincare.D12.SurgeryRecognition.sphere2_norm_eq_one||0
A3R12SCONE|Poincare.D12.SurgeryRecognition.northHemisphere._proof_1||0
A3R12SCONE|Poincare.D12.SurgeryRecognition.height_sq||0
A3R12SCONE|Poincare.D12.SurgeryRecognition.northPole|propext|0
A3R12SCONE|Poincare.D12.SurgeryRecognition.RemainingRecognitionHypothesesV2.mk.sizeOf_spec||0
A3R12SCONE|Poincare.D12.SurgeryRecognition.SphericalSum.mk._flat_ctor||0
A3R12SCONE|Poincare.D12.SurgeryRecognition.S3Set_eq||0
A3R12SCONE|Poincare.D12.SurgeryRecognition.SphericalSpaceFormModel.instContinuous||0
A3R12SCONE|Poincare.D12.SurgeryRecognition.southPunctureHomeo._proof_7|propext|0
A3R12SCONE|Poincare.D12.SurgeryRecognition.Ball3||0
A3R12SCONE|Poincare.D12.SurgeryRecognition.sphereSpace||0
A3R12SCONE|Poincare.D12.SurgeryRecognition.RemainingRecognitionHypotheses.mk.injEq||0
A3R12SCONE|Poincare.D12.SurgeryRecognition.SphericalSpaceFormModel._sizeOf_1||0
A3R12SCONE|Poincare.D12.SurgeryRecognition.down._proof_1|propext|0
A3R12SCONE|Poincare.D12.SurgeryRecognition.EndGameDecomposition|Quot.sound,propext|0
A3R12SCONE|Poincare.D12.SurgeryRecognition.RemainingRecognitionHypotheses.mk.inj||0
A3R12SCONE|Poincare.D12.SurgeryRecognition.RemainingRecognitionHypothesesV3.noConfusion||0
A3R12SCONE|Poincare.D12.SurgeryRecognition.northHemisphereHomeo_symm_apply|propext|0
A3R12SCONE|Poincare.D12.SurgeryRecognition.southBall_continuous||0
A3R12SCONE|Poincare.D12.SurgeryRecognition.EndGameDecomposition.mk.injEq|Quot.sound,propext|0
A3R12SCONE|Poincare.D12.SurgeryRecognition.consVec3||0
A3R12SCONE|Poincare.D12.SurgeryRecognition.iteratedSphereSum|Quot.sound,propext|0
A3R12SCONE|Poincare.D12.SurgeryRecognition.antipodalVec.eq_1||0
A3R12SCONE|Poincare.D12.SurgeryRecognition.stage6Target_of_v2decomposition|Quot.sound,propext|0
A3R12SCONE|Poincare.D12.SurgeryRecognition.RemainingRecognitionHypothesesV2.noConfusion||0
A3R12SCONE|Poincare.D12.SurgeryRecognition.glue_eq|propext|0
A3R12SCONE|Poincare.D12.SurgeryRecognition.instMulActionAntipodalGroupS3||0
A3R12SCONE|Poincare.D12.SurgeryRecognition.sphereConnectSum_homeo_hemiQuot|Quot.sound,propext|0
A3R12SCONE|Poincare.D12.SurgeryRecognition.EndGameDecomposition.recOn|Quot.sound,propext|0
A3R12SCONE|Poincare.D12.SurgeryRecognition.RemainingRecognitionHypothesesV2.ctorIdx||0
A3R12SCONE|Poincare.D12.SurgeryRecognition.sphere2_norm_eq_one_of_mem||0
A3R12SCONE|Poincare.D12.SurgeryRecognition.toSpherePre.eq_1|propext|0
A3R12SCONE|Poincare.D12.SurgeryRecognition.puncturedHomeo._proof_5||0
A3R12SCONE|Poincare.D12.SurgeryRecognition.southPunctureHomeo|propext|0
A3R12SCONE|Poincare.D12.SurgeryRecognition.toSphere_ofSphere|propext|0
A3R12SCONE|Poincare.D12.SurgeryRecognition.iteratedSphereSum._sunfold|Quot.sound,propext|0
A3R12SCONE|Poincare.D12.SurgeryRecognition.RemainingRecognitionHypothesesV3.mk._flat_ctor||0
A3R12SCONE|Poincare.D12.SurgeryRecognition.equatorHomeoS2._proof_5|propext|0
A3R12SCONE|Poincare.D12.SurgeryRecognition.antipodal_disjoint_ball||0
A3R12SCONE|Poincare.D12.SurgeryRecognition.connectSumRel||0
A3R12SCONE|Poincare.D12.SurgeryRecognition.toSphere_origin_first|propext|0
A3R12SCONE|Poincare.D12.SurgeryRecognition.puncturedOfDisk||0
A3R12SCONE|Poincare.D12.SurgeryRecognition.southHemisphereHomeo|propext|0
A3R12SCONE|Poincare.D12.SurgeryRecognition.ofSphere_continuous|Quot.sound|0
A3R12SCONE|Poincare.D12.SurgeryRecognition.toSphere|propext|0
A3R12SCONE|Poincare.D12.SurgeryRecognition.RemainingRecognitionHypothesesV3.casesOn||0
A3R12SCONE|Poincare.D12.SurgeryRecognition.SphericalSum.ctorIdx||0
A3R12SCONE|Poincare.D12.SurgeryRecognition.transportedSouthDisk.eq_1|propext|0
A3R12SCONE|Poincare.D12.SurgeryRecognition.RemainingRecognitionHypothesesV3._sizeOf_1||0
A3R12SCONE|Poincare.D12.SurgeryRecognition.RemainingRecognitionHypotheses||0
A3R12SCONE|Poincare.D12.SurgeryRecognition.RemainingRecognitionHypothesesV2._sizeOf_1||0
A3R12SCONE|Poincare.D12.SurgeryRecognition.SphericalSpaceFormModel.mk||0
A3R12SCONE|Poincare.D12.SurgeryRecognition.DoubleBall||0
A3R12SCONE|Poincare.D12.SurgeryRecognition.SphericalSpaceFormModel.instMulAction||0
A3R12SCONE|Poincare.D12.SurgeryRecognition.ConnectedSumDecompositionV2.mk._flat_ctor|Quot.sound,propext|0
A3R12SCONE|Poincare.D12.SurgeryRecognition.quotientMapHomeo._proof_4||0
A3R12SCONE|Poincare.D12.SurgeryRecognition.southPunctureHomeo._proof_5|propext|0
A3R12SCONE|Poincare.D12.SurgeryRecognition.down_injective|propext|0
A3R12SCONE|Poincare.D12.SurgeryRecognition.puncturedHomeo._proof_3||0
A3R12SCONE|Poincare.D12.SurgeryRecognition.glueRel_equiv||0
A3R12SCONE|Poincare.D12.SurgeryRecognition.openBallInBall.eq_1||0
A3R12SCONE|Poincare.D12.SurgeryRecognition.southPuncture|propext|0
A3R12SCONE|Poincare.D12.SurgeryRecognition.iteratedSphereSum._unsafe_rec|Quot.sound,propext|0
A3R12SCONE|Poincare.D12.SurgeryRecognition.RemainingRecognitionHypothesesV3.mk.sizeOf_spec||0
A3R12SCONE|Poincare.D12.SurgeryRecognition.toSpherePre|propext|0
A3R12SCONE|Poincare.D12.SurgeryRecognition.EndGameDecomposition.rec|Quot.sound,propext|0
A3R12SCONE|Poincare.D12.SurgeryRecognition.SphericalSpaceFormModel.spaceForm_monodromy_trivial||0
A3R12SCONE|Poincare.D12.SurgeryRecognition.RemainingRecognitionHypotheses.mk||0
A3R12SCONE|Poincare.D12.SurgeryRecognition.downS3_injective|propext|0
A3R12SCONE|Poincare.D12.SurgeryRecognition.EndGameDecomposition.finiteExtinction|Quot.sound,propext|0
A3R12SCONE|Poincare.D12.SurgeryRecognition.RemainingRecognitionHypothesesV3.toRemainingV2|propext|0
A3R12SCONE|Poincare.D12.SurgeryRecognition.SphericalSum.sum||0
A3R12SCONE|Poincare.D12.SurgeryRecognition.northBall_mem_S2_iff|propext|0
A3R12SCONE|Poincare.D12.SurgeryRecognition.ConnectedSumDecompositionV2.sumHomeo|Quot.sound,propext|0
A3R12SCONE|Poincare.D12.SurgeryRecognition.RemainingRecognitionHypothesesV2.spaceForm||0
A3R12SCONE|Poincare.D12.SurgeryRecognition.SphericalSum.rec||0
A3R12SCONE|Poincare.D12.SurgeryRecognition.downPoint||0
A3R12SCONE|Poincare.D12.SurgeryRecognition.antipodalModel._proof_2||0
A3R12SCONE|Poincare.D12.SurgeryRecognition.RemainingRecognitionHypothesesV3.mk.noConfusion||0
A3R12SCONE|Poincare.D12.SurgeryRecognition.EndGameDecomposition.casesOn|Quot.sound,propext|0
A3R12SCONE|Poincare.D12.SurgeryRecognition.up_continuous|propext|0
A3R12SCONE|Poincare.D12.SurgeryRecognition.glueRel.eq_4||0
A3R12SCONE|Poincare.D12.SurgeryRecognition.EndGameDecomposition._sizeOf_1|Quot.sound,propext|0
A3R12SCONE|Poincare.D12.SurgeryRecognition.RemainingRecognitionHypotheses.mk.sizeOf_spec||0
A3R12SCONE|Poincare.D12.SurgeryRecognition.down|propext|0
A3R12SCONE|Poincare.D12.SurgeryRecognition.glueRel.eq_2||0
A3R12SCONE|Poincare.D12.SurgeryRecognition.glueRel.match_1||0
A3R12SCONE|Poincare.D12.SurgeryRecognition.antipodalModel_nontrivial||0
A3R12SCONE|Poincare.D12.SurgeryRecognition.RemainingRecognitionHypotheses.mk._flat_ctor||0
A3R12SCONE|Poincare.D12.SurgeryRecognition.up_injective|propext|0
A3R12SCONE|Poincare.D12.SurgeryRecognition.downS3_sphereBallPart_eq_of_eq_zero|propext|0
A3R12SCONE|Poincare.D12.SurgeryRecognition.SphericalSum.mk.noConfusion||0
A3R12SCONE|Poincare.D12.SurgeryRecognition.SphericalSum.mk.sizeOf_spec||0
A3R12SCONE|Poincare.D12.SurgeryRecognition.sphere_norm_eq_one||0
A3R12SCONE|Poincare.D12.SurgeryRecognition.upPoint||0
A3R12SCONE|Poincare.D12.SurgeryRecognition.SphericalSum.casesOn||0
A3R12SCONE|Poincare.D12.SurgeryRecognition.RemainingRecognitionHypothesesV2.recOn||0
A3R12SCONE|Poincare.D12.SurgeryRecognition.north_south_inter_eq_equator||0
A3R12SCONE|Poincare.D12.SurgeryRecognition.instMulActionAntipodalGroupS3._proof_2||0
A3R12SCONE|Poincare.D12.SurgeryRecognition.southPunctureHomeo._proof_1||0
A3R12SCONE|Poincare.D12.SurgeryRecognition.toSpherePre_respects|propext|0
A3R12SCONE|Poincare.D12.SurgeryRecognition.SphericalSum.mk||0
A3R12SCONE|Poincare.D12.SurgeryRecognition.sphereConnectSum_homeo_sphere|Quot.sound,propext|0
A3R12SCONE|Poincare.D12.SurgeryRecognition.puncturedHomeo._proof_7||0
A3R12SCONE|Poincare.D12.SurgeryRecognition.connectSumCongr|Quot.sound|0
A3R12SCONE|Poincare.D12.SurgeryRecognition.RemainingRecognitionHypothesesV3.mk||0
A3R12SCONE|Poincare.D12.SurgeryRecognition.southBall||0
A3R12SCONE|Poincare.D12.SurgeryRecognition.RemainingRecognitionHypothesesV3||0
A3R12SCONE|Poincare.D12.SurgeryRecognition.upPoint.eq_1||0
A3R12SCONE|Poincare.D12.SurgeryRecognition.sphereBallPart_continuous||0
A3R12SCONE|Poincare.D12.SurgeryRecognition.EndGameDecomposition.mk._flat_ctor|Quot.sound,propext|0
A3R12SCONE|Poincare.D12.SurgeryRecognition.equatorHomeoS2|propext|0
A3R12SCONE|Poincare.D12.SurgeryRecognition.SphericalSum.noConfusion||0
A3R12SCONE|Poincare.D12.SurgeryRecognition.sphere2ToBall_injective||0
A3R12SCONE|Poincare.D12.SurgeryRecognition.puncturedHomeo._proof_4||0
A3R12SCONE|Poincare.D12.SurgeryRecognition.iteratedSphereSum._proof_3||0
A3R12SCONE|Poincare.D12.SurgeryRecognition.iteratedSphereSum._proof_6|propext|0
A3R12S TOTAL 378 declarations, memo size 1263
A3R12S PASS
