A3R12S SELFTEST PASS (positive control detected, negative control clean)
A3R12SPROGRESS|20|68|789
A3R12SPROGRESS|40|68|898
A3R12SPROGRESS|60|68|970
A3R12SPROGRESS|68|68|975
A3R12SCONE|Poincare.D12.SpectralSobolev.heatWeight_lt_one_of_pos||0
A3R12SCONE|Poincare.D12.SpectralSobolev.heatCoeffs||0
A3R12SCONE|Poincare.D12.SpectralSobolev.heatEvolve._proof_1||0
A3R12SCONE|Poincare.D12.SpectralSobolev.heatWeight_abs_le_one||0
A3R12SCONE|Poincare.D12.SpectralSobolev.heatWeight._proof_1||0
A3R12SCONE|Poincare.D12.SpectralSobolev.heatSeries_hasSum||0
A3R12SCONE|Poincare.D12.SpectralSobolev.norm_cos_le_one||0
A3R12SCONE|Poincare.D12.SpectralSobolev.heatCoeffsL2||0
A3R12SCONE|Poincare.D12.SpectralSobolev.poincare_constant_sharp||0
A3R12SCONE|Poincare.D12.SpectralSobolev.heatWeight_pos||0
A3R12SCONE|Poincare.D12.SpectralSobolev.sq_norm_eigenvalue._simp_1_4||0
A3R12SCONE|Poincare.D12.SpectralSobolev.sq_norm_eigenvalue._simp_1_6||0
A3R12SCONE|Poincare.D12.SpectralSobolev.norm_heatEvolve_fourierLp||0
A3R12SCONE|Poincare.D12.SpectralSobolev.sq_norm_eigenvalue._simp_1_3||0
A3R12SCONE|Poincare.D12.SpectralSobolev.sq_norm_fourierCoeffOn_deriv_periodic||0
A3R12SCONE|Poincare.D12.SpectralSobolev.heatWeight||0
A3R12SCONE|Poincare.D12.SpectralSobolev.fourierCoeffOn_zero_eq_mean||0
A3R12SCONE|Poincare.D12.SpectralSobolev.heat_evolution_first_mode_nontrivial||0
A3R12SCONE|Poincare.D12.SpectralSobolev.heatEvolve||0
A3R12SCONE|Poincare.D12.SpectralSobolev.fourierCoeffOn_deriv_periodic._simp_1_4||0
A3R12SCONE|Poincare.D12.SpectralSobolev.heatCoeffsL2._proof_1||0
A3R12SCONE|Poincare.D12.SpectralSobolev.fourierCoeffOn_deriv_periodic._simp_1_3||0
A3R12SCONE|Poincare.D12.SpectralSobolev.poincare_wirtinger_sine_saturates||0
A3R12SCONE|Poincare.D12.SpectralSobolev.sq_norm_eigenvalue._simp_1_5||0
A3R12SCONE|Poincare.D12.SpectralSobolev.poincare_wirtinger._simp_1_6||0
A3R12SCONE|Poincare.D12.SpectralSobolev.sq_norm_eigenvalue||0
A3R12SCONE|Poincare.D12.SpectralSobolev.poincare_wirtinger._simp_1_4||0
A3R12SCONE|Poincare.D12.SpectralSobolev.sq_norm_eigenvalue._simp_1_7||0
A3R12SCONE|Poincare.D12.SpectralSobolev.heatEvolve._proof_2||0
A3R12SCONE|Poincare.D12.SpectralSobolev.heatEvolve_add||0
A3R12SCONE|Poincare.D12.SpectralSobolev.sq_norm_eigenvalue._simp_1_8||0
A3R12SCONE|Poincare.D12.SpectralSobolev.heatCoeffs_apply||0
A3R12SCONE|Poincare.D12.SpectralSobolev.heatWeight_tendsto_one||0
A3R12SCONE|Poincare.D12.SpectralSobolev.fourierCoeffOn_deriv_periodic._simp_1_7||0
A3R12SCONE|Poincare.D12.SpectralSobolev.fourierCoeffOn_deriv_periodic._simp_1_5||0
A3R12SCONE|Poincare.D12.SpectralSobolev.integral_sin_sq_period||0
A3R12SCONE|Poincare.D12.SpectralSobolev.poincare_wirtinger._simp_1_3||0
A3R12SCONE|Poincare.D12.SpectralSobolev.poincare_wirtinger||0
A3R12SCONE|Poincare.D12.SpectralSobolev.norm_sin_le_one||0
A3R12SCONE|Poincare.D12.SpectralSobolev.fourierCoeff_heatEvolve||0
A3R12SCONE|Poincare.D12.SpectralSobolev.integral_cos_sq_period||0
A3R12SCONE|Poincare.D12.SpectralSobolev.poincare_wirtinger._simp_1_1||0
A3R12SCONE|Poincare.D12.SpectralSobolev.heatEvolve_fourierLp||0
A3R12SCONE|Poincare.D12.SpectralSobolev.heatWeight_nonneg||0
A3R12SCONE|Poincare.D12.SpectralSobolev.poincare_wirtinger._simp_1_2||0
A3R12SCONE|Poincare.D12.SpectralSobolev.poincare_wirtinger_sine||0
A3R12SCONE|Poincare.D12.SpectralSobolev.sq_eigenvalue_pos||0
A3R12SCONE|Poincare.D12.SpectralSobolev.fourierCoeffOn_deriv_periodic._simp_1_6||0
A3R12SCONE|Poincare.D12.SpectralSobolev.summable_sq_heatCoeff||0
A3R12SCONE|Poincare.D12.SpectralSobolev.poincare_wirtinger._simp_1_8||0
A3R12SCONE|Poincare.D12.SpectralSobolev.heatEvolve_norm_le||0
A3R12SCONE|Poincare.D12.SpectralSobolev.heatEvolve_tendsto_self||0
A3R12SCONE|Poincare.D12.SpectralSobolev.fourierCoeffOn_deriv_periodic._simp_1_1||0
A3R12SCONE|Poincare.D12.SpectralSobolev.heatEvolve_zero||0
A3R12SCONE|Poincare.D12.SpectralSobolev.heatEvolve.eq_1||0
A3R12SCONE|Poincare.D12.SpectralSobolev.fourierCoeffOn_deriv_periodic._simp_1_2||0
A3R12SCONE|Poincare.D12.SpectralSobolev.heatCoeffs._proof_1||0
A3R12SCONE|Poincare.D12.SpectralSobolev.fourierCoeffOn_deriv_periodic||0
A3R12SCONE|Poincare.D12.SpectralSobolev.sq_eigenvalue_pos._simp_1_1||0
A3R12SCONE|Poincare.D12.SpectralSobolev.heatWeight_zero||0
A3R12SCONE|Poincare.D12.SpectralSobolev.sq_norm_eigenvalue._simp_1_2||0
A3R12SCONE|Poincare.D12.SpectralSobolev.heatWeight.eq_1||0
A3R12SCONE|Poincare.D12.SpectralSobolev.poincare_wirtinger._simp_1_5||0
A3R12SCONE|Poincare.D12.SpectralSobolev.poincare_wirtinger._simp_1_7||0
A3R12SCONE|Poincare.D12.SpectralSobolev.sq_norm_eigenvalue._simp_1_1||0
A3R12SCONE|Poincare.D12.SpectralSobolev.heatWeight_le_one||0
A3R12SCONE|Poincare.D12.SpectralSobolev.heatCoeffsL2.eq_1||0
A3R12SCONE|Poincare.D12.SpectralSobolev.sine_wave_hypotheses||0
A3R12S TOTAL 68 declarations, memo size 975
A3R12S PASS
