A3R12S SELFTEST PASS (positive control detected, negative control clean)
A3R12SPROGRESS|20|335|894
A3R12SPROGRESS|40|335|1184
A3R12SPROGRESS|60|335|1370
A3R12SPROGRESS|80|335|1402
A3R12SPROGRESS|100|335|1448
A3R12SPROGRESS|120|335|1473
A3R12SPROGRESS|140|335|1499
A3R12SPROGRESS|160|335|1516
A3R12SPROGRESS|180|335|1520
A3R12SPROGRESS|200|335|1529
A3R12SPROGRESS|220|335|1572
A3R12SPROGRESS|240|335|1577
A3R12SPROGRESS|260|335|1584
A3R12SPROGRESS|280|335|1585
A3R12SPROGRESS|300|335|1594
A3R12SPROGRESS|320|335|1600
A3R12SPROGRESS|335|335|1603
A3R12SCONE|Poincare.D12.TensorMaximumBochner.So3Polynomial.rotVec||0
A3R12SCONE|Poincare.D12.TensorMaximumBochner.So3Polynomial.crossDerivation_D||0
A3R12SCONE|Poincare.D12.TensorMaximumBochner.So3Polynomial.xVec||0
A3R12SCONE|Poincare.D12.TensorMaximumBochner.So3RicciFlow.metricMatrix_posSemidef_zero||0
A3R12SCONE|Poincare.D12.TensorMaximumBochner.Bochner.fieldInner||0
A3R12SCONE|Poincare.D12.TensorMaximumBochner.So3Polynomial.bochner_inequality_so3|propext|0
A3R12SCONE|Poincare.D12.TensorMaximumBochner.Bochner.cG_antisym||0
A3R12SCONE|Poincare.D12.TensorMaximumBochner.Bochner.hessian_symm._abel_1_2||0
A3R12SCONE|Poincare.D12.TensorMaximumBochner.So3RicciFlow.stdMetric_basis_eq||0
A3R12SCONE|Poincare.D12.TensorMaximumBochner.Bochner.weitzenboeck_expand||0
A3R12SCONE|Poincare.D12.TensorMaximumBochner.So3.sectional_nonflat|propext|0
A3R12SCONE|Poincare.D12.TensorMaximumBochner.Bochner.DerivationData.recOn||0
A3R12SCONE|Poincare.D12.TensorMaximumBochner.Bochner.weitz_coefficient._simp_1_3|propext|0
A3R12SCONE|Poincare.D12.TensorMaximumBochner.Audit.d12_so3_ricci_term_audited|propext|0
A3R12SCONE|Poincare.D12.TensorMaximumBochner.Bochner.D_second_comm_apply._abel_1_1||0
A3R12SCONE|Poincare.D12.TensorMaximumBochner.So3RicciFlow.idMatrix.eq_1||0
A3R12SCONE|Poincare.D12.TensorMaximumBochner.So3RicciFlow.negIdMatrix||0
A3R12SCONE|Poincare.D12.TensorMaximumBochner.Bochner.ricciForm._proof_1||0
A3R12SCONE|Poincare.D12.TensorMaximumBochner.Bochner.weitzenboeck_expand._abel_1_1||0
A3R12SCONE|Poincare.D12.TensorMaximumBochner.tangentCondition_selfSq_sub_self||0
A3R12SCONE|Poincare.D12.TensorMaximumBochner.So3RicciFlow.metricMatrix_differentiableAt||0
A3R12SCONE|Poincare.D12.TensorMaximumBochner.LeviCivitaIdentities.curvatureForm_add_last_pair||0
A3R12SCONE|Poincare.D12.TensorMaximumBochner.So3Polynomial.H_self_X0|propext|0
A3R12SCONE|Poincare.D12.TensorMaximumBochner.So3Polynomial.Dfun_smul_f||0
A3R12SCONE|Poincare.D12.TensorMaximumBochner.So3.stdMetric._proof_6||0
A3R12SCONE|Poincare.D12.TensorMaximumBochner.Audit.d12_horizon_max_principle_audited||0
A3R12SCONE|Poincare.D12.TensorMaximumBochner.So3Polynomial.lap_X0_ne_zero|propext|0
A3R12SCONE|Poincare.D12.TensorMaximumBochner.kernelTangent_of_posSemidef_path||0
A3R12SCONE|Poincare.D12.TensorMaximumBochner.Audit.d12_hamilton_field_gap_audited||0
A3R12SCONE|Poincare.D12.TensorMaximumBochner.So3.stdMetric._proof_10||0
A3R12SCONE|Poincare.D12.TensorMaximumBochner.So3.stdMetric._proof_2||0
A3R12SCONE|Poincare.D12.TensorMaximumBochner.Bochner.gradLapField||0
A3R12SCONE|Poincare.D12.TensorMaximumBochner.Bochner.w_du_coeff_fixed_j._simp_1_1|propext|0
A3R12SCONE|Poincare.D12.TensorMaximumBochner.dotProduct_mulVec_sq||0
A3R12SCONE|Poincare.D12.TensorMaximumBochner.So3.stdMetric._proof_9||0
A3R12SCONE|Poincare.D12.TensorMaximumBochner.So3Polynomial.bracket_deriv_apply||0
A3R12SCONE|Poincare.D12.TensorMaximumBochner.Bochner.VecField||0
A3R12SCONE|Poincare.D12.TensorMaximumBochner.hasDerivAt_lambdaInv._simp_1_1||0
A3R12SCONE|Poincare.D12.TensorMaximumBochner.Bochner.gradInner||0
A3R12SCONE|Poincare.D12.TensorMaximumBochner.hasDerivAt_lambdaInv._simp_1_5||0
A3R12SCONE|Poincare.D12.TensorMaximumBochner.Bochner.DerivationData||0
A3R12SCONE|Poincare.D12.TensorMaximumBochner.So3RicciFlow.metricForm||0
A3R12SCONE|Poincare.D12.TensorMaximumBochner.Bochner.fieldInner_eField||0
A3R12SCONE|Poincare.D12.TensorMaximumBochner.So3Polynomial.so3e1_two||0
A3R12SCONE|Poincare.D12.TensorMaximumBochner.hasDerivAt_lambdaInv._simp_1_4||0
A3R12SCONE|Poincare.D12.TensorMaximumBochner.counterexample_kernelTangent||0
A3R12SCONE|Poincare.D12.TensorMaximumBochner.So3Polynomial.crossDerivation._proof_1||0
A3R12SCONE|Poincare.D12.TensorMaximumBochner.So3Polynomial.Dfun.eq_1||0
A3R12SCONE|Poincare.D12.TensorMaximumBochner.So3RicciFlow.metricMatrix_at_one||0
A3R12SCONE|Poincare.D12.TensorMaximumBochner.quadSelfPath_solves||0
A3R12SCONE|Poincare.D12.TensorMaximumBochner.Bochner.D_comm_apply||0
A3R12SCONE|Poincare.D12.TensorMaximumBochner.Bochner.nablaField_metric._abel_1_1||0
A3R12SCONE|Poincare.D12.TensorMaximumBochner.Bochner.K_antisym||0
A3R12SCONE|Poincare.D12.TensorMaximumBochner.So3.stdMetric_form||0
A3R12SCONE|Poincare.D12.TensorMaximumBochner.hamiltonField_kernelTangent||0
A3R12SCONE|Poincare.D12.TensorMaximumBochner.Bochner.sum_gammaX_bilin_pair||0
A3R12SCONE|Poincare.D12.TensorMaximumBochner.So3Polynomial.ricciForm_so3|propext|0
A3R12SCONE|Poincare.D12.TensorMaximumBochner.Audit.zero_bridge_is_zero_calculus||0
A3R12SCONE|Poincare.D12.TensorMaximumBochner.Bochner.DerivationData.D||0
A3R12SCONE|Poincare.D12.TensorMaximumBochner.Bochner.weitz_coefficient._abel_1_5||0
A3R12SCONE|Poincare.D12.TensorMaximumBochner.So3.curvature_eq_quarter_doubleBracket|propext|0
A3R12SCONE|Poincare.D12.TensorMaximumBochner.So3Polynomial.so3e1_zero||0
A3R12SCONE|Poincare.D12.TensorMaximumBochner.hasDerivAt_lambdaInv._simp_1_7||0
A3R12SCONE|Poincare.D12.TensorMaximumBochner.quadSelfPath_hermitian||0
A3R12SCONE|Poincare.D12.TensorMaximumBochner.So3.crossBracket._proof_1||0
A3R12SCONE|Poincare.D12.TensorMaximumBochner.Bochner.gamma_self||0
A3R12SCONE|Poincare.D12.TensorMaximumBochner.Audit.d12_so3_metric_posSemidef_audited||0
A3R12SCONE|Poincare.D12.TensorMaximumBochner.So3Polynomial.gA_half_mul_two||0
A3R12SCONE|Poincare.D12.TensorMaximumBochner.Bochner.ricciForm||0
A3R12SCONE|Poincare.D12.TensorMaximumBochner.Bochner.nablaField_metric||0
A3R12SCONE|Poincare.D12.TensorMaximumBochner.So3RicciFlow.metricForm_at_zero_nonvacuous||0
A3R12SCONE|Poincare.D12.TensorMaximumBochner.So3.ricci_eq_half_metric|propext|0
A3R12SCONE|Poincare.D12.TensorMaximumBochner.Bochner.double_sum_distrib||0
A3R12SCONE|Poincare.D12.TensorMaximumBochner.hasDerivAt_lambdaInv._simp_1_3||0
A3R12SCONE|Poincare.D12.TensorMaximumBochner.lambdaInv||0
A3R12SCONE|Poincare.D12.TensorMaximumBochner.Bochner.eField||0
A3R12SCONE|Poincare.D12.TensorMaximumBochner.So3Polynomial.dot_xVec_polyVec_basis||0
A3R12SCONE|Poincare.D12.TensorMaximumBochner.So3Polynomial.polyVec._proof_1||0
A3R12SCONE|Poincare.D12.TensorMaximumBochner.Bochner.D_one._abel_1_1||0
A3R12SCONE|Poincare.D12.TensorMaximumBochner.Bochner.weitz_coefficient._abel_1_1||0
A3R12SCONE|Poincare.D12.TensorMaximumBochner.Bochner.gradSq||0
A3R12SCONE|Poincare.D12.TensorMaximumBochner.So3.crossBracket||0
A3R12SCONE|Poincare.D12.TensorMaximumBochner.Audit.bochnerStatement_is_statement_only||0
A3R12SCONE|Poincare.D12.TensorMaximumBochner.continuous_dotProduct_mulVec||0
A3R12SCONE|Poincare.D12.TensorMaximumBochner.So3RicciFlow.metricForm.eq_1||0
A3R12SCONE|Poincare.D12.TensorMaximumBochner.So3.crossLeviCivita|propext|0
A3R12SCONE|Poincare.D12.TensorMaximumBochner.Bochner.hessSq.eq_1||0
A3R12SCONE|Poincare.D12.TensorMaximumBochner.Bochner.cG_self||0
A3R12SCONE|Poincare.D12.TensorMaximumBochner.Bochner.fieldInner_gradLapField_expand||0
A3R12SCONE|Poincare.D12.TensorMaximumBochner.So3Polynomial.ui_X0||0
A3R12SCONE|Poincare.D12.TensorMaximumBochner.Audit.d12_so3_laplacian_nondegenerate|propext|0
A3R12SCONE|Poincare.D12.TensorMaximumBochner.So3Polynomial.Dfun_zero||0
A3R12SCONE|Poincare.D12.TensorMaximumBochner.So3RicciFlow.dotProduct_mulVec_metricMatrix||0
A3R12SCONE|Poincare.D12.TensorMaximumBochner.Bochner.weitzenboeck_half._abel_1_1||0
A3R12SCONE|Poincare.D12.TensorMaximumBochner.So3Polynomial.rotVec_expand||0
A3R12SCONE|Poincare.D12.TensorMaximumBochner.hamiltonField||0
A3R12SCONE|Poincare.D12.TensorMaximumBochner.lambdaInv.eq_1||0
A3R12SCONE|Poincare.D12.TensorMaximumBochner.So3.stdMetric._proof_1||0
A3R12SCONE|Poincare.D12.TensorMaximumBochner.quadSelfSquareSub.eq_1||0
A3R12SCONE|Poincare.D12.TensorMaximumBochner.kernelTangent_not_feasible|propext|0
A3R12SCONE|Poincare.D12.TensorMaximumBochner.So3Polynomial.D._proof_1||0
A3R12SCONE|Poincare.D12.TensorMaximumBochner.Bochner.nablaField_grad_coeff||0
A3R12SCONE|Poincare.D12.TensorMaximumBochner.Bochner.hessSq||0
A3R12SCONE|Poincare.D12.TensorMaximumBochner.Bochner.DerivationData._sizeOf_inst||0
A3R12SCONE|Poincare.D12.TensorMaximumBochner.So3RicciFlow.idMatrix||0
A3R12SCONE|Poincare.D12.TensorMaximumBochner.Audit.d12_so3_lap_X0_audited|propext|0
A3R12SCONE|Poincare.D12.TensorMaximumBochner.Audit.d12_so3_ricci_flow_audited|propext|0
A3R12SCONE|Poincare.D12.TensorMaximumBochner.Bochner.gamma||0
A3R12SCONE|Poincare.D12.TensorMaximumBochner.So3Polynomial.dot_polyVec_basis_self||0
A3R12SCONE|Poincare.D12.TensorMaximumBochner.Bochner.gammaX_swap||0
A3R12SCONE|Poincare.D12.TensorMaximumBochner.Bochner.DerivationData.noConfusion||0
A3R12SCONE|Poincare.D12.TensorMaximumBochner.Bochner.DerivationData.rec||0
A3R12SCONE|Poincare.D12.TensorMaximumBochner.Bochner.weitzenboeck_half|propext|0
A3R12SCONE|Poincare.D12.TensorMaximumBochner.So3Polynomial.D_apply||0
A3R12SCONE|Poincare.D12.TensorMaximumBochner.So3Polynomial.gradSq_X0||0
A3R12SCONE|Poincare.D12.TensorMaximumBochner.So3Polynomial.crossDerivation||0
A3R12SCONE|Poincare.D12.TensorMaximumBochner.Bochner.gamma._proof_2||0
A3R12SCONE|Poincare.D12.TensorMaximumBochner.KernelTangent||0
A3R12SCONE|Poincare.D12.TensorMaximumBochner.Audit.d12_so3_metric_extinction_audited||0
A3R12SCONE|Poincare.D12.TensorMaximumBochner.Bochner.DerivationData.bracket_deriv||0
A3R12SCONE|Poincare.D12.TensorMaximumBochner.quadSelfPath_stays_posSemidef|propext|0
A3R12SCONE|Poincare.D12.TensorMaximumBochner.So3.stdMetric._proof_7||0
A3R12SCONE|Poincare.D12.TensorMaximumBochner.Audit.discrete_max_principle_is_scalar||0
A3R12SCONE|Poincare.D12.TensorMaximumBochner.Bochner.DerivationData.mk.injEq||0
A3R12SCONE|Poincare.D12.TensorMaximumBochner.So3.stdMetric.eq_1||0
A3R12SCONE|Poincare.D12.TensorMaximumBochner.So3RicciFlow.metricMatrix_posDef||0
A3R12SCONE|Poincare.D12.TensorMaximumBochner.So3Polynomial.rotVec_add||0
A3R12SCONE|Poincare.D12.TensorMaximumBochner.So3RicciFlow.metricMatrix.eq_1||0
A3R12SCONE|Poincare.D12.TensorMaximumBochner.So3RicciFlow.metricMatrix_hasDerivAt||0
A3R12SCONE|Poincare.D12.TensorMaximumBochner.So3Polynomial.evalAt||0
A3R12SCONE|Poincare.D12.TensorMaximumBochner.Bochner.ricciContraction.eq_1||0
A3R12SCONE|Poincare.D12.TensorMaximumBochner.So3Polynomial.polyVec||0
A3R12SCONE|Poincare.D12.TensorMaximumBochner.Bochner.nablaField_grad_hessian._abel_1_1||0
A3R12SCONE|Poincare.D12.TensorMaximumBochner.Bochner.K_antisym._abel_1_1||0
A3R12SCONE|Poincare.D12.TensorMaximumBochner.counterexampleN||0
A3R12SCONE|Poincare.D12.TensorMaximumBochner.So3Polynomial.evalAt_gradSq_nonneg||0
A3R12SCONE|Poincare.D12.TensorMaximumBochner.Bochner.gA||0
A3R12SCONE|Poincare.D12.TensorMaximumBochner.Bochner.DerivationData.mk._flat_ctor||0
A3R12SCONE|Poincare.D12.TensorMaximumBochner.So3Polynomial.stdMetric_basis_apply||0
A3R12SCONE|Poincare.D12.TensorMaximumBochner.So3.stdMetric._proof_4||0
A3R12SCONE|Poincare.D12.TensorMaximumBochner.Audit.d12_adjugate_posSemidef_audited||0
A3R12SCONE|Poincare.D12.TensorMaximumBochner.So3Polynomial.Dfun_add_f||0
A3R12SCONE|Poincare.D12.TensorMaximumBochner.Bochner.K_antisym._abel_1_3||0
A3R12SCONE|Poincare.D12.TensorMaximumBochner.Bochner.cG_antisym._abel_1_1||0
A3R12SCONE|Poincare.D12.TensorMaximumBochner.Audit.d12_so3_strict_bochner_audited|propext|0
A3R12SCONE|Poincare.D12.TensorMaximumBochner.Bochner.cG||0
A3R12SCONE|Poincare.D12.TensorMaximumBochner.Bochner.w_du_coeff_fixed_j|propext|0
A3R12SCONE|Poincare.D12.TensorMaximumBochner.Bochner.H.eq_1||0
A3R12SCONE|Poincare.D12.TensorMaximumBochner.hasDerivAt_lambdaInv._simp_1_6||0
A3R12SCONE|Poincare.D12.TensorMaximumBochner.Audit.d12_hamilton_field_kernel_tangent_audited||0
A3R12SCONE|Poincare.D12.TensorMaximumBochner.So3.crossLeviCivita._proof_3|propext|0
A3R12SCONE|Poincare.D12.TensorMaximumBochner.So3RicciFlow.metricForm._proof_1||0
A3R12SCONE|Poincare.D12.TensorMaximumBochner.Audit.d12_so3_metric_posDef_audited||0
A3R12SCONE|Poincare.D12.TensorMaximumBochner.So3Polynomial.D_rotVec||0
A3R12SCONE|Poincare.D12.TensorMaximumBochner.So3RicciFlow.gram_metricMatrix||0
A3R12SCONE|Poincare.D12.TensorMaximumBochner.counterexampleN.eq_1||0
A3R12SCONE|Poincare.D12.TensorMaximumBochner.quadSelfSquareSub||0
A3R12SCONE|Poincare.D12.TensorMaximumBochner.So3.crossLeviCivita._proof_1||0
A3R12SCONE|Poincare.D12.TensorMaximumBochner.So3Polynomial.polyVec._proof_2||0
A3R12SCONE|Poincare.D12.TensorMaximumBochner.hamiltonField_not_strengthened||0
A3R12SCONE|Poincare.D12.TensorMaximumBochner.So3Polynomial.bochner_identity_so3_curvature|propext|0
A3R12SCONE|Poincare.D12.TensorMaximumBochner.counterexampleA_isHermitian|propext|0
A3R12SCONE|Poincare.D12.TensorMaximumBochner.So3RicciFlow.metricMatrix_as_matrix||0
A3R12SCONE|Poincare.D12.TensorMaximumBochner.Bochner.gradInner.eq_1||0
A3R12SCONE|Poincare.D12.TensorMaximumBochner.So3Polynomial.bracket_generator||0
A3R12SCONE|Poincare.D12.TensorMaximumBochner.So3RicciFlow.metricMatrix_isHermitian||0
A3R12SCONE|Poincare.D12.TensorMaximumBochner.So3RicciFlow.dotProduct_mulVec_negIdMatrix||0
A3R12SCONE|Poincare.D12.TensorMaximumBochner.Bochner.weitzenboeck_expand._abel_1_2||0
A3R12SCONE|Poincare.D12.TensorMaximumBochner.Bochner.nablaField_metric._abel_1_2||0
A3R12SCONE|Poincare.D12.TensorMaximumBochner.Bochner.K||0
A3R12SCONE|Poincare.D12.TensorMaximumBochner.quadSelfPath.eq_1||0
A3R12SCONE|Poincare.D12.TensorMaximumBochner.So3RicciFlow.metricMatrix_tangent||0
A3R12SCONE|Poincare.D12.TensorMaximumBochner.So3Polynomial.D_leibniz||0
A3R12SCONE|Poincare.D12.TensorMaximumBochner.So3Polynomial.ricciContraction_so3|propext|0
A3R12SCONE|Poincare.D12.TensorMaximumBochner.Audit.d12_kernel_tangent_not_feasible_audited|propext|0
A3R12SCONE|Poincare.D12.TensorMaximumBochner.So3.stdMetric._proof_5||0
A3R12SCONE|Poincare.D12.TensorMaximumBochner.So3Polynomial.evalAt_C||0
A3R12SCONE|Poincare.D12.TensorMaximumBochner.Bochner.cG_eq_torsion||0
A3R12SCONE|Poincare.D12.TensorMaximumBochner.So3Polynomial.Dfun||0
A3R12SCONE|Poincare.D12.TensorMaximumBochner.Bochner.nablaField||0
A3R12SCONE|Poincare.D12.TensorMaximumBochner.So3Polynomial.Poly3||0
A3R12SCONE|Poincare.D12.TensorMaximumBochner.Bochner.nablaField_grad_hessian||0
A3R12SCONE|Poincare.D12.TensorMaximumBochner.Bochner.D_gradSq||0
A3R12SCONE|Poincare.D12.TensorMaximumBochner.Bochner.D_second_comm_apply._abel_1_3||0
A3R12SCONE|Poincare.D12.TensorMaximumBochner.exists_first_zero||0
A3R12SCONE|Poincare.D12.TensorMaximumBochner.So3RicciFlow.idMatrix_as_matrix||0
A3R12SCONE|Poincare.D12.TensorMaximumBochner.Bochner.gammaX||0
A3R12SCONE|Poincare.D12.TensorMaximumBochner.Bochner.weitz_coefficient|propext|0
A3R12SCONE|Poincare.D12.TensorMaximumBochner.Bochner.fieldLaplacian||0
A3R12SCONE|Poincare.D12.TensorMaximumBochner.So3RicciFlow.metricForm_nonneg||0
A3R12SCONE|Poincare.D12.TensorMaximumBochner.Bochner.nablaField_nabla_grad_H._simp_1_1||0
A3R12SCONE|Poincare.D12.TensorMaximumBochner.So3Polynomial.xVec.eq_1||0
A3R12SCONE|Poincare.D12.TensorMaximumBochner.counterexampleA_posSemidef|propext|0
A3R12SCONE|Poincare.D12.TensorMaximumBochner.Bochner.gammaX.eq_1||0
A3R12SCONE|Poincare.D12.TensorMaximumBochner.Bochner.lap.eq_1||0
A3R12SCONE|Poincare.D12.TensorMaximumBochner.Bochner.DerivationData.mk.sizeOf_spec||0
A3R12SCONE|Poincare.D12.TensorMaximumBochner.So3RicciFlow.metricMatrix_not_posDef_at_one||0
A3R12SCONE|Poincare.D12.TensorMaximumBochner.Bochner.DerivationData.leibniz||0
A3R12SCONE|Poincare.D12.TensorMaximumBochner.Bochner.sum_gammaX_quad||0
A3R12SCONE|Poincare.D12.TensorMaximumBochner.Bochner.gradField.eq_1||0
A3R12SCONE|Poincare.D12.TensorMaximumBochner.LeviCivitaIdentities.curvatureForm_pair_symm||0
A3R12SCONE|Poincare.D12.TensorMaximumBochner.Bochner.fieldInner.eq_1||0
A3R12SCONE|Poincare.D12.TensorMaximumBochner.negSqrtCounterexample||0
A3R12SCONE|Poincare.D12.TensorMaximumBochner.quadSelfPath_posSemidef||0
A3R12SCONE|Poincare.D12.TensorMaximumBochner.Bochner.bochner_metric_half||0
A3R12SCONE|Poincare.D12.TensorMaximumBochner.nonneg_of_nonneg_init_of_deriv_nonneg_on_nonpos_Icc||0
A3R12SCONE|Poincare.D12.TensorMaximumBochner.Bochner.eField.eq_1||0
A3R12SCONE|Poincare.D12.TensorMaximumBochner.Bochner.D_second_comm_diag||0
A3R12SCONE|Poincare.D12.TensorMaximumBochner.Bochner.H||0
A3R12SCONE|Poincare.D12.TensorMaximumBochner.hasDerivAt_lambdaInv._simp_1_2||0
A3R12SCONE|Poincare.D12.TensorMaximumBochner.So3Polynomial.rotVec.eq_1||0
A3R12SCONE|Poincare.D12.TensorMaximumBochner.So3Polynomial.gradSq_X0_at_e1||0
A3R12SCONE|Poincare.D12.TensorMaximumBochner.So3Polynomial.sum_rotVec_mul_pderiv||0
A3R12SCONE|Poincare.D12.TensorMaximumBochner.So3Polynomial.so3e1_one||0
A3R12SCONE|Poincare.D12.TensorMaximumBochner.Bochner.DerivationData.noConfusionType||0
A3R12SCONE|Poincare.D12.TensorMaximumBochner.So3Polynomial.polyVec.eq_1||0
A3R12SCONE|Poincare.D12.TensorMaximumBochner.hasDerivAt_lambdaInv||0
A3R12SCONE|Poincare.D12.TensorMaximumBochner.Bochner.ui._proof_1||0
A3R12SCONE|Poincare.D12.TensorMaximumBochner.Bochner.hessian_symm||0
A3R12SCONE|Poincare.D12.TensorMaximumBochner.So3Polynomial.gradSq_X0_at_e1_pos||0
A3R12SCONE|Poincare.D12.TensorMaximumBochner.So3Polynomial.so3e1||0
A3R12SCONE|Poincare.D12.TensorMaximumBochner.Bochner.w_du_pair_fixed_j||0
A3R12SCONE|Poincare.D12.TensorMaximumBochner.So3Polynomial.bochner_identity_so3|propext|0
A3R12SCONE|Poincare.D12.TensorMaximumBochner.Bochner.gradField||0
A3R12SCONE|Poincare.D12.TensorMaximumBochner.Audit.d12_so3_bochner_audited|propext|0
A3R12SCONE|Poincare.D12.TensorMaximumBochner.Bochner.sum_swap_apply||0
A3R12SCONE|Poincare.D12.TensorMaximumBochner.Bochner.D_second_comm_diag._abel_1_1||0
A3R12SCONE|Poincare.D12.TensorMaximumBochner.adjugate_eq_det_smul_inv||0
A3R12SCONE|Poincare.D12.TensorMaximumBochner.FeasibleDirection||0
A3R12SCONE|Poincare.D12.TensorMaximumBochner.Audit.d12_so3_gradsq_nonvacuous||0
A3R12SCONE|Poincare.D12.TensorMaximumBochner.So3.crossLeviCivita._proof_2||0
A3R12SCONE|Poincare.D12.TensorMaximumBochner.So3.stdMetric||0
A3R12SCONE|Poincare.D12.TensorMaximumBochner.hamiltonField_kernel_witness||0
A3R12SCONE|Poincare.D12.TensorMaximumBochner.So3Polynomial.Dfun_smul_X||0
A3R12SCONE|Poincare.D12.TensorMaximumBochner.Bochner.cG.eq_1||0
A3R12SCONE|Poincare.D12.TensorMaximumBochner.So3.stdMetric._proof_8||0
A3R12SCONE|Poincare.D12.TensorMaximumBochner.staysPosSemidef_of_tangent_Icc||0
A3R12SCONE|Poincare.D12.TensorMaximumBochner.So3Polynomial.bochner_strict_at_e1|propext|0
A3R12SCONE|Poincare.D12.TensorMaximumBochner.LeviCivitaIdentities.ricci_symm||0
A3R12SCONE|Poincare.D12.TensorMaximumBochner.staysPosSemidef_of_field||0
A3R12SCONE|Poincare.D12.TensorMaximumBochner.Bochner.DerivationData._sizeOf_1||0
A3R12SCONE|Poincare.D12.TensorMaximumBochner.So3RicciFlow.negIdMatrix.eq_1||0
A3R12SCONE|Poincare.D12.TensorMaximumBochner.Bochner.eField.congr_simp||0
A3R12SCONE|Poincare.D12.TensorMaximumBochner.So3Polynomial.D._proof_2||0
A3R12SCONE|Poincare.D12.TensorMaximumBochner.So3RicciFlow.metricForm._proof_2||0
A3R12SCONE|Poincare.D12.TensorMaximumBochner.Bochner.ricciForm_eq_sum_gamma||0
A3R12SCONE|Poincare.D12.TensorMaximumBochner.adjugate_posSemidef||0
A3R12SCONE|Poincare.D12.TensorMaximumBochner.Bochner.eq_zero_of_eq_neg_self||0
A3R12SCONE|Poincare.D12.TensorMaximumBochner.Bochner.K_antisym._abel_1_2||0
A3R12SCONE|Poincare.D12.TensorMaximumBochner.Bochner.gamma_swap||0
A3R12SCONE|Poincare.D12.TensorMaximumBochner.Bochner.nablaField_nabla_grad_H._abel_1_2||0
A3R12SCONE|Poincare.D12.TensorMaximumBochner.Bochner.DerivationData.mk||0
A3R12SCONE|Poincare.D12.TensorMaximumBochner.So3Polynomial.laplacian_gradSq_nonneg_of_harmonic|propext|0
A3R12SCONE|Poincare.D12.TensorMaximumBochner.staysPosSemidef_of_tangent||0
A3R12SCONE|Poincare.D12.TensorMaximumBochner.quadSelfPath||0
A3R12SCONE|Poincare.D12.TensorMaximumBochner.Bochner.D_gradSq._abel_1_1||0
A3R12SCONE|Poincare.D12.TensorMaximumBochner.So3Polynomial.bochner_inequality_so3_strict|propext|0
A3R12SCONE|Poincare.D12.TensorMaximumBochner.Bochner.D_nabla||0
A3R12SCONE|Poincare.D12.TensorMaximumBochner.Bochner.curvatureForm_as_gamma||0
A3R12SCONE|Poincare.D12.TensorMaximumBochner.Bochner.w_du_pair_fixed_j._abel_1_1||0
A3R12SCONE|Poincare.D12.TensorMaximumBochner.Bochner.D_const||0
A3R12SCONE|Poincare.D12.TensorMaximumBochner.Bochner.nablaField_eField||0
A3R12SCONE|Poincare.D12.TensorMaximumBochner.So3RicciFlow.negIdMatrix_as_matrix||0
A3R12SCONE|Poincare.D12.TensorMaximumBochner.counterexampleA||0
A3R12SCONE|Poincare.D12.TensorMaximumBochner.LeviCivitaIdentities.curvatureForm_last_pair_skew||0
A3R12SCONE|Poincare.D12.TensorMaximumBochner.diagonal_hasDerivAt||0
A3R12SCONE|Poincare.D12.TensorMaximumBochner.So3Polynomial.lap_X0|propext|0
A3R12SCONE|Poincare.D12.TensorMaximumBochner.So3Polynomial.rotVec_smul||0
A3R12SCONE|Poincare.D12.TensorMaximumBochner.Bochner.sum_gammaX_bilin_pair._abel_1_1||0
A3R12SCONE|Poincare.D12.TensorMaximumBochner.Bochner.weitz_coefficient._abel_1_2||0
A3R12SCONE|Poincare.D12.TensorMaximumBochner.So3Polynomial.nabla_self|propext|0
A3R12SCONE|Poincare.D12.TensorMaximumBochner.So3.stdMetric._proof_3||0
A3R12SCONE|Poincare.D12.TensorMaximumBochner.Bochner.ricciContraction||0
A3R12SCONE|Poincare.D12.TensorMaximumBochner.Bochner.fieldInner_fieldLaplacian_expand||0
A3R12SCONE|Poincare.D12.TensorMaximumBochner.So3RicciFlow.dotProduct_mulVec_smul_one||0
A3R12SCONE|Poincare.D12.TensorMaximumBochner.So3Polynomial.pderiv_rotVec||0
A3R12SCONE|Poincare.D12.TensorMaximumBochner.Bochner.ui||0
A3R12SCONE|Poincare.D12.TensorMaximumBochner.So3Polynomial.D||0
A3R12SCONE|Poincare.D12.TensorMaximumBochner.So3RicciFlow.metricMatrix_deriv||0
A3R12SCONE|Poincare.D12.TensorMaximumBochner.StrictKernelTangent||0
A3R12SCONE|Poincare.D12.TensorMaximumBochner.Bochner.D_expand||0
A3R12SCONE|Poincare.D12.TensorMaximumBochner.Bochner.H_expand||0
A3R12SCONE|Poincare.D12.TensorMaximumBochner.Bochner.gradLapField.eq_1||0
A3R12SCONE|Poincare.D12.TensorMaximumBochner.Bochner.bochner_identity|propext|0
A3R12SCONE|Poincare.D12.TensorMaximumBochner.So3Polynomial.evalAt_X||0
A3R12SCONE|Poincare.D12.TensorMaximumBochner.Bochner.nablaField_nabla_grad_H||0
A3R12SCONE|Poincare.D12.TensorMaximumBochner.Bochner.D_one||0
A3R12SCONE|Poincare.D12.TensorMaximumBochner.Bochner.gradSq.eq_1||0
A3R12SCONE|Poincare.D12.TensorMaximumBochner.Bochner.lap||0
A3R12SCONE|Poincare.D12.TensorMaximumBochner.LeviCivitaIdentities.ricci_eq_sum_curvatureForm||0
A3R12SCONE|Poincare.D12.TensorMaximumBochner.So3Polynomial.bochner_identity_so3_eval|propext|0
A3R12SCONE|Poincare.D12.TensorMaximumBochner.Bochner.cG_self._abel_1_1||0
A3R12SCONE|Poincare.D12.TensorMaximumBochner.Bochner.gamma.eq_1||0
A3R12SCONE|Poincare.D12.TensorMaximumBochner.So3Polynomial.laplacian_gradSq_pos_of_harmonic|propext|0
A3R12SCONE|Poincare.D12.TensorMaximumBochner.hamiltonField.eq_1||0
A3R12SCONE|Poincare.D12.TensorMaximumBochner.Bochner.D_second_comm_apply||0
A3R12SCONE|Poincare.D12.TensorMaximumBochner.So3Polynomial.D_generator||0
A3R12SCONE|Poincare.D12.TensorMaximumBochner.So3RicciFlow.metricForm._proof_3||0
A3R12SCONE|Poincare.D12.TensorMaximumBochner.kernelTangent_of_feasibleDirection||0
A3R12SCONE|Poincare.D12.TensorMaximumBochner.So3Polynomial.D._proof_3||0
A3R12SCONE|Poincare.D12.TensorMaximumBochner.So3Polynomial.evalAt_hessSq_nonneg|propext|0
A3R12SCONE|Poincare.D12.TensorMaximumBochner.counterexample_nondegenerate||0
A3R12SCONE|Poincare.D12.TensorMaximumBochner.Bochner.nablaField_nablaField_grad_H||0
A3R12SCONE|Poincare.D12.TensorMaximumBochner.Bochner.DerivationData.casesOn||0
A3R12SCONE|Poincare.D12.TensorMaximumBochner.So3Polynomial.Dfun_add_X||0
A3R12SCONE|Poincare.D12.TensorMaximumBochner.So3RicciFlow.metricMatrix_posSemidef||0
A3R12SCONE|Poincare.D12.TensorMaximumBochner.So3.Vec3||0
A3R12SCONE|Poincare.D12.TensorMaximumBochner.So3RicciFlow.ricciFlow_equation|propext|0
A3R12SCONE|Poincare.D12.TensorMaximumBochner.Bochner.weitz_coefficient._abel_1_4||0
A3R12SCONE|Poincare.D12.TensorMaximumBochner.So3RicciFlow.metricMatrix||0
A3R12SCONE|Poincare.D12.TensorMaximumBochner.So3.crossBracket._proof_2||0
A3R12SCONE|Poincare.D12.TensorMaximumBochner.Bochner.DerivationData.ctorIdx||0
A3R12SCONE|Poincare.D12.TensorMaximumBochner.nonneg_of_nonneg_init_of_deriv_nonneg_on_nonpos||0
A3R12SCONE|Poincare.D12.TensorMaximumBochner.lambdaInv_sq_sub||0
A3R12SCONE|Poincare.D12.TensorMaximumBochner.Bochner.DerivationData.mk.inj||0
A3R12SCONE|Poincare.D12.TensorMaximumBochner.So3RicciFlow.metricForm_apply||0
A3R12SCONE|Poincare.D12.TensorMaximumBochner.Audit.d12_kernel_tangent_necessary_audited||0
A3R12SCONE|Poincare.D12.TensorMaximumBochner.Bochner.D_second_comm_apply._abel_1_2||0
A3R12SCONE|Poincare.D12.TensorMaximumBochner.Bochner.DerivationData.mk.noConfusion||0
A3R12SCONE|Poincare.D12.TensorMaximumBochner.Bochner.curvatureForm_as_gamma._simp_1_1||0
A3R12SCONE|Poincare.D12.TensorMaximumBochner.So3Polynomial.evalAt_rotVec_zero||0
A3R12SCONE|Poincare.D12.TensorMaximumBochner.So3Polynomial.sum_rotVec_pderiv_mul||0
A3R12SCONE|Poincare.D12.TensorMaximumBochner.Bochner.D_H_expand||0
A3R12SCONE|Poincare.D12.TensorMaximumBochner.Audit.d12_matrix_example_audited|propext|0
A3R12SCONE|Poincare.D12.TensorMaximumBochner.Audit.d12_pair_symm_audited||0
A3R12SCONE|Poincare.D12.TensorMaximumBochner.counterexample_not_feasible||0
A3R12SCONE|Poincare.D12.TensorMaximumBochner.So3RicciFlow.metricMatrix_zero||0
A3R12SCONE|Poincare.D12.TensorMaximumBochner.Bochner.w_du_coeff_fixed_j._abel_1_2||0
A3R12SCONE|Poincare.D12.TensorMaximumBochner.So3Polynomial.rotVec._proof_1||0
A3R12SCONE|Poincare.D12.TensorMaximumBochner.So3.crossMetricSkew||0
A3R12SCONE|Poincare.D12.TensorMaximumBochner.counterexampleA.eq_1||0
A3R12SCONE|Poincare.D12.TensorMaximumBochner.So3Polynomial.Dlin||0
A3R12SCONE|Poincare.D12.TensorMaximumBochner.Bochner.D_comm_u||0
A3R12SCONE|Poincare.D12.TensorMaximumBochner.Bochner.hessian_symm._abel_1_1||0
A3R12SCONE|Poincare.D12.TensorMaximumBochner.Bochner.gamma._proof_1||0
A3R12S TOTAL 335 declarations, memo size 1603
A3R12S PASS
