A3R12Q SELFTEST PASS
A3R12Q MEMBERS 260
A3R12QUERY|CC-I1-e1 closure proves the formerly blocked Prop (type-level)|leviCivitaExists|LeviCivitaExistenceStatement|Poincare.D12.ConnectionCurvature.leviCivitaExists|Poincare.Longrun.Geometry.LeviCivitaExistenceStatement|typevalue=true|valueonly=false|expected=true|ok=true
A3R12QUERY|CC-I1-e2 witness is the Milnor connection (proof term)|leviCivitaExists|milnorConnection|Poincare.D12.ConnectionCurvature.leviCivitaExists|Poincare.D12.ConnectionCurvature.milnorConnection|typevalue=true|valueonly=true|expected=true|ok=true
A3R12QUERY|CC-I1-e3 closure proof component|leviCivitaExists|milnorConnection_isLeviCivita|Poincare.D12.ConnectionCurvature.leviCivitaExists|Poincare.D12.ConnectionCurvature.milnorConnection_isLeviCivita|typevalue=true|valueonly=true|expected=true|ok=true
A3R12QUERY|CC-I1-x1 model witness is built from meanLeviCivitaData|so3MeanLeviCivita|meanLeviCivitaData|Poincare.D12.ConnectionCurvature.SoThreeModel.so3MeanLeviCivita|Poincare.D12.ConnectionCurvature.meanLeviCivitaData|typevalue=true|valueonly=true|expected=true|ok=true
A3R12QUERY|CC-I1-c so3_ricci_e00 consumes the model Levi-Civita datum|so3_ricci_e00|so3MeanLeviCivita|Poincare.D12.ConnectionCurvature.SoThreeModel.so3_ricci_e00|Poincare.D12.ConnectionCurvature.SoThreeModel.so3MeanLeviCivita|typevalue=true|valueonly=true|expected=true|ok=true
A3R12QUERY|CC-I1-c2 model Ricci symmetry consumes the model datum|so3_ricci_symm|so3MeanLeviCivita|Poincare.D12.ConnectionCurvature.SoThreeModel.so3_ricci_symm|Poincare.D12.ConnectionCurvature.SoThreeModel.so3MeanLeviCivita|typevalue=true|valueonly=true|expected=true|ok=true
A3R12QUERY|CC-I1-b model Ricci symmetry consumes the abstract ricci_symm|so3_ricci_symm|ricci_symm|Poincare.D12.ConnectionCurvature.SoThreeModel.so3_ricci_symm|Poincare.D12.ConnectionCurvature.ricci_symm|typevalue=true|valueonly=true|expected=true|ok=true
A3R12QUERY|CC-I1-f model uses the iff (nondegenerate)|so3_milnor_eq_mean|milnorConnection_eq_mean_iff|Poincare.D12.ConnectionCurvature.SoThreeModel.so3_milnor_eq_mean|Poincare.D12.ConnectionCurvature.milnorConnection_eq_mean_iff|typevalue=true|valueonly=true|expected=true|ok=true
A3R12QUERY|NEG:CC-I1-a producer model is NOT built from the closure|so3MeanLeviCivita|leviCivitaExists|Poincare.D12.ConnectionCurvature.SoThreeModel.so3MeanLeviCivita|Poincare.D12.ConnectionCurvature.leviCivitaExists|typevalue=false|valueonly=false|expected=false|ok=true
A3R12QUERY|NEG:CC-I1-d abstract ricci_symm does NOT mention the closure|ricci_symm|leviCivitaExists|Poincare.D12.ConnectionCurvature.ricci_symm|Poincare.D12.ConnectionCurvature.leviCivitaExists|typevalue=false|valueonly=false|expected=false|ok=true
A3R12QUERY|NEG:CC-I1-g so3_ricci_e00 uses the model lemma, not the abstract ricci_symm|so3_ricci_e00|ricci_symm|Poincare.D12.ConnectionCurvature.SoThreeModel.so3_ricci_e00|Poincare.D12.ConnectionCurvature.ricci_symm|typevalue=false|valueonly=false|expected=false|ok=true
A3R12QUERY|NEG:CC-I1-h contraction lemma does not use the abstract ricci_symm|ricci_contraction_eq_sum_basis|ricci_symm|Poincare.D12.ConnectionCurvature.ricci_contraction_eq_sum_basis|Poincare.D12.ConnectionCurvature.ricci_symm|typevalue=false|valueonly=false|expected=false|ok=true
A3R12RESOLVE|CC-I1-e4 blocked statement former resolves|LeviCivitaExistenceStatement|Poincare.Longrun.Geometry.LeviCivitaExistenceStatement
A3R12RESOLVE|CC-I1-e5 closure declaration resolves|leviCivitaExists|Poincare.D12.ConnectionCurvature.leviCivitaExists
A3R12RESOLVE|CC-I1-e6 model Ricci symmetry declaration resolves|so3_ricci_symm|Poincare.D12.ConnectionCurvature.SoThreeModel.so3_ricci_symm
A3R12Q QUERIES 15 total, 0 missing
A3R12USER|leviCivitaExists|Poincare.D12.ConnectionCurvature.leviCivitaExists|typevalue=|valueonly=
A3R12USER|milnorConnection_eq_mean_iff|Poincare.D12.ConnectionCurvature.milnorConnection_eq_mean_iff|typevalue=Poincare.D12.ConnectionCurvature.SoThreeModel.so3_milnor_eq_mean|valueonly=Poincare.D12.ConnectionCurvature.SoThreeModel.so3_milnor_eq_mean
A3R12USER|meanLeviCivitaData|Poincare.D12.ConnectionCurvature.meanLeviCivitaData|typevalue=Poincare.D12.ConnectionCurvature.SoThreeModel.so3MeanLeviCivita,Poincare.D12.ConnectionCurvature.SoThreeModel.so3_curvature_basis,Poincare.D12.ConnectionCurvature.SoThreeModel.so3_curvature_nonzero,Poincare.D12.ConnectionCurvature.SoThreeModel.so3_ricci_e00,Poincare.D12.ConnectionCurvature.SoThreeModel.so3_ricci_symm|valueonly=Poincare.D12.ConnectionCurvature.SoThreeModel.so3MeanLeviCivita,Poincare.D12.ConnectionCurvature.SoThreeModel.so3_curvature_basis,Poincare.D12.ConnectionCurvature.SoThreeModel.so3_curvature_nonzero,Poincare.D12.ConnectionCurvature.SoThreeModel.so3_ricci_e00,Poincare.D12.ConnectionCurvature.SoThreeModel.so3_ricci_symm
A3R12Q DONE
