'Poincare.D13.HeatKernelBridge.HeatKernelDataV1.v1' does not depend on any axioms
'Poincare.D13.HeatKernelBridge.HeatKernelDataV1' depends on axioms: [propext, Classical.choice, Quot.sound]
'Poincare.D13.HeatKernelBridge.HeatKernelDataV1.toCore' depends on axioms: [propext, Classical.choice, Quot.sound]
'Poincare.D13.HeatKernelBridge.HeatKernelDataV1.toCore_core' depends on axioms: [propext, Classical.choice, Quot.sound]
'Poincare.D13.HeatKernelBridge.HeatKernelDataV1.volume' depends on axioms: [propext, Classical.choice, Quot.sound]
'Poincare.D13.HeatKernelBridge.HeatKernelDataV1.dist' depends on axioms: [propext, Classical.choice, Quot.sound]
'Poincare.D13.HeatKernelBridge.HeatKernelDataV1.dim' depends on axioms: [propext, Classical.choice, Quot.sound]
'Poincare.D13.HeatKernelBridge.HeatKernelDataV1.C_up' depends on axioms: [propext, Classical.choice, Quot.sound]
'Poincare.D13.HeatKernelBridge.HeatKernelDataV1.c_up' depends on axioms: [propext, Classical.choice, Quot.sound]
'Poincare.D13.HeatKernelBridge.HeatKernelDataV1.C_lo' depends on axioms: [propext, Classical.choice, Quot.sound]
'Poincare.D13.HeatKernelBridge.HeatKernelDataV1.c_lo' depends on axioms: [propext, Classical.choice, Quot.sound]
'Poincare.D13.HeatKernelBridge.HeatKernelDataV1.kernel' depends on axioms: [propext, Classical.choice, Quot.sound]
'Poincare.D13.HeatKernelBridge.HeatKernelDataV1.laplacian' depends on axioms: [propext, Classical.choice, Quot.sound]
'Poincare.D13.HeatKernelBridge.HeatKernelDataV1.volume_eq' depends on axioms: [propext, Classical.choice, Quot.sound]
'Poincare.D13.HeatKernelBridge.HeatKernelDataV1.kernel_eq' depends on axioms: [propext, Classical.choice, Quot.sound]
'Poincare.D13.HeatKernelBridge.HeatKernelDataV1.dist_eq' depends on axioms: [propext, Classical.choice, Quot.sound]
'Poincare.D13.HeatKernelBridge.HeatKernelDataV1.dim_eq' depends on axioms: [propext, Classical.choice, Quot.sound]
'Poincare.D13.HeatKernelBridge.HeatKernelDataV1.C_up_eq' depends on axioms: [propext, Classical.choice, Quot.sound]
'Poincare.D13.HeatKernelBridge.HeatKernelDataV1.c_up_eq' depends on axioms: [propext, Classical.choice, Quot.sound]
'Poincare.D13.HeatKernelBridge.HeatKernelDataV1.C_lo_eq' depends on axioms: [propext, Classical.choice, Quot.sound]
'Poincare.D13.HeatKernelBridge.HeatKernelDataV1.c_lo_eq' depends on axioms: [propext, Classical.choice, Quot.sound]
'Poincare.D13.HeatKernelBridge.HeatKernelDataV1.laplacian_eq' depends on axioms: [propext, Classical.choice, Quot.sound]
'Poincare.D13.HeatKernelBridge.HeatKernelDataV1.IsIntegrableClassVariant' depends on axioms: [propext,
 Classical.choice,
 Quot.sound]
'Poincare.D13.HeatKernelBridge.HeatKernelDataV1.IsCcClassVariant' depends on axioms: [propext,
 Classical.choice,
 Quot.sound]
'Poincare.D13.HeatKernelBridge.HeatKernelDataV1.kernel_nonneg' depends on axioms: [propext,
 Classical.choice,
 Quot.sound]
'Poincare.D13.HeatKernelBridge.HeatKernelDataV1.gaussianUpperBound' depends on axioms: [propext,
 Classical.choice,
 Quot.sound]
'Poincare.D13.HeatKernelBridge.HeatKernelDataV1.gaussianLowerBound' depends on axioms: [propext,
 Classical.choice,
 Quot.sound]
'Poincare.D13.HeatKernelBridge.HeatKernelDataV1.symmetry' depends on axioms: [propext, Classical.choice, Quot.sound]
'Poincare.D13.HeatKernelBridge.HeatKernelDataV1.semigroup' depends on axioms: [propext, Classical.choice, Quot.sound]
'Poincare.D13.HeatKernelBridge.HeatKernelDataV1.normalization' depends on axioms: [propext,
 Classical.choice,
 Quot.sound]
'Poincare.D13.HeatKernelBridge.HeatKernelDataV1.heatEquation' depends on axioms: [propext, Classical.choice, Quot.sound]
'Poincare.D13.HeatKernelBridge.HeatKernelDataV1.initialConditionFor_apply' depends on axioms: [propext,
 Classical.choice,
 Quot.sound]
'Poincare.D13.HeatKernelBridge.HeatKernelDataV1.ofHeatKernelData' depends on axioms: [propext,
 Classical.choice,
 Quot.sound]
'Poincare.D13.HeatKernelBridge.HeatKernelDataV1.ofHeatKernelData_core' depends on axioms: [propext,
 Classical.choice,
 Quot.sound]
'Poincare.D13.HeatKernelBridge.HeatKernelDataV1.ofHeatKernelData_toCore' depends on axioms: [propext,
 Classical.choice,
 Quot.sound]
'Poincare.D13.HeatKernelBridge.HeatKernelDataV1.ofHeatKernelData_integrableClassVariant' depends on axioms: [propext,
 Classical.choice,
 Quot.sound]
'Poincare.D13.HeatKernelBridge.HeatKernelDataV1.exists_toCore_eq_iff' depends on axioms: [propext,
 Classical.choice,
 Quot.sound]
'Poincare.D13.HeatKernelBridge.HeatKernelDataV1.integrableClassVariant_weak_iff' depends on axioms: [propext,
 Classical.choice,
 Quot.sound]
'Poincare.D13.HeatKernelBridge.flatHeatKernelDataV1_integrable' depends on axioms: [propext,
 Classical.choice,
 Quot.sound]
'Poincare.D13.HeatKernelBridge.flatHeatKernelDataV1_cc' depends on axioms: [propext, Classical.choice, Quot.sound]
'Poincare.D13.HeatKernelBridge.flatHeatKernelDataV1_integrable_core' depends on axioms: [propext,
 Classical.choice,
 Quot.sound]
'Poincare.D13.HeatKernelBridge.flatHeatKernelDataV1_cc_core' depends on axioms: [propext, Classical.choice, Quot.sound]
'Poincare.D13.HeatKernelBridge.flatHeatKernelDataV1_integrable_volume' depends on axioms: [propext,
 Classical.choice,
 Quot.sound]
'Poincare.D13.HeatKernelBridge.flatHeatKernelDataV1_cc_volume' depends on axioms: [propext,
 Classical.choice,
 Quot.sound]
'Poincare.D13.HeatKernelBridge.flatHeatKernelDataV1_integrable_kernel' depends on axioms: [propext,
 Classical.choice,
 Quot.sound]
'Poincare.D13.HeatKernelBridge.flatHeatKernelDataV1_cc_kernel' depends on axioms: [propext,
 Classical.choice,
 Quot.sound]
'Poincare.D13.HeatKernelBridge.flatHeatKernelDataV1_integrable_integrableClassVariant' depends on axioms: [propext,
 Classical.choice,
 Quot.sound]
'Poincare.D13.HeatKernelBridge.flatHeatKernelDataV1_cc_testClass_eq_ccClass' depends on axioms: [propext,
 Classical.choice,
 Quot.sound]
'Poincare.D13.HeatKernelBridge.flatHeatKernelDataV1_integrable_kernel_eq_gaussian' depends on axioms: [propext,
 Classical.choice,
 Quot.sound]
'Poincare.D13.HeatKernelBridge.flatHeatKernelDataV1_cc_kernel_eq_gaussian' depends on axioms: [propext,
 Classical.choice,
 Quot.sound]
'Poincare.D13.HeatKernelBridge.flatHeatKernelDataV1_integrable_normalization' depends on axioms: [propext,
 Classical.choice,
 Quot.sound]
'Poincare.D13.HeatKernelBridge.flatHeatKernelDataV1_integrable_semigroup' depends on axioms: [propext,
 Classical.choice,
 Quot.sound]
'Poincare.D13.HeatKernelBridge.flatHeatKernelDataV1_integrable_heatEquation' depends on axioms: [propext,
 Classical.choice,
 Quot.sound]
'Poincare.D13.HeatKernelBridge.flatHeatKernelDataV1_integrable_gaussianUpperBound' depends on axioms: [propext,
 Classical.choice,
 Quot.sound]
'Poincare.D13.HeatKernelBridge.flatHeatKernelDataV1_integrable_initialCondition' depends on axioms: [propext,
 Classical.choice,
 Quot.sound]
'Poincare.D13.HeatKernelBridge.flatHeatKernelDataV1_cc_initialCondition' depends on axioms: [propext,
 Classical.choice,
 Quot.sound]
'Poincare.D13.HeatKernelBridge.flatHeatKernelDataV1_cc_bump_initialCondition' depends on axioms: [propext,
 Classical.choice,
 Quot.sound]
'Poincare.D13.HeatKernelBridge.flat_v1_exists_not_legacy_of_pos' depends on axioms: [propext,
 Classical.choice,
 Quot.sound]
'Poincare.D13.HeatKernelBridge.flat_legacy_exists_zero' depends on axioms: [propext, Classical.choice, Quot.sound]
'Poincare.D13.HeatKernelBridge.flat_v1_of_legacy_zero' depends on axioms: [propext, Classical.choice, Quot.sound]
'Poincare.D13.HeatKernelBridge.toHeatKernelData_of_integrableClass' depends on axioms: [propext,
 Classical.choice,
 Quot.sound]
'Poincare.D13.HeatKernelBridge.toHeatKernelData_of_integrableClass_toCore' depends on axioms: [propext,
 Classical.choice,
 Quot.sound]
'Poincare.D13.HeatKernelBridge.toHeatKernelData_of_integrableClass_initialCondition' depends on axioms: [propext,
 Classical.choice,
 Quot.sound]
'Poincare.D13.HeatKernelBridge.toHeatKernelData_of_ccClass' depends on axioms: [propext, Classical.choice, Quot.sound]
'Poincare.D13.HeatKernelBridge.toHeatKernelData_of_ccClass_toCore' depends on axioms: [propext,
 Classical.choice,
 Quot.sound]
'Poincare.D13.HeatKernelBridge.toHeatKernelData_of_ccClass_initialCondition' depends on axioms: [propext,
 Classical.choice,
 Quot.sound]
'Poincare.D13.HeatKernelBridge.ofHeatKernelData_upgrade_eq' depends on axioms: [propext, Classical.choice, Quot.sound]
'Poincare.D13.HeatKernelBridge.exists_v1_iff_exists_legacy' depends on axioms: [propext, Classical.choice, Quot.sound]
'Poincare.D7.HeatKernel.IsHeatKernelV1' depends on axioms: [propext, Classical.choice, Quot.sound]
'Poincare.D7.HeatKernel.HeatKernelExistenceStatementV1' depends on axioms: [propext, Classical.choice, Quot.sound]
'Poincare.D7.HeatKernel.isHeatKernelV1_integrable_iff_of_closed' depends on axioms: [propext,
 Classical.choice,
 Quot.sound]
'Poincare.D7.HeatKernel.heatKernelExistenceStatement_iff_v1' depends on axioms: [propext, Classical.choice, Quot.sound]
'Poincare.D7.HeatKernel.v1_flat_inhabited' depends on axioms: [propext, Classical.choice, Quot.sound]
'Poincare.D7.HeatKernel.v1_flat_no_legacy_of_pos' depends on axioms: [propext, Classical.choice, Quot.sound]
'Poincare.D7.HeatKernel.punit_v1_upgrade_eq' depends on axioms: [propext, Classical.choice, Quot.sound]
'Poincare.D13.HeatKernelBridge.heatOperator_eq_zero_iff' depends on axioms: [propext, Classical.choice, Quot.sound]
'Poincare.D13.HeatKernelBridge.isHeatKernel_laplacian_snapshot_eq_timeDerivative' depends on axioms: [propext,
 Classical.choice,
 Quot.sound]
'Poincare.D13.HeatKernelBridge.isHeatKernelV1_laplacian_snapshot_eq_timeDerivative' depends on axioms: [propext,
 Classical.choice,
 Quot.sound]
'Poincare.D13.HeatKernelBridge.isHeatKernel_laplacian_snapshot_eq_zero_of_timeDerivative_eq_zero' depends on axioms: [propext,
 Classical.choice,
 Quot.sound]
'Poincare.D13.HeatKernelBridge.isHeatKernelV1_laplacian_snapshot_eq_zero_of_timeDerivative_eq_zero' depends on axioms: [propext,
 Classical.choice,
 Quot.sound]
'Poincare.D13.HeatKernelBridge.heatOperator_eq_zero_of_timeDerivative_eq_laplacian' depends on axioms: [propext,
 Classical.choice,
 Quot.sound]
'Poincare.D13.HeatKernelBridge.flatHeatSpacetime' depends on axioms: [propext, Classical.choice, Quot.sound]
'Poincare.D13.HeatKernelBridge.flatHeatSpacetime_volume' depends on axioms: [propext, Classical.choice, Quot.sound]
'Poincare.D13.HeatKernelBridge.flatHeatSpacetime_laplacian' depends on axioms: [propext, Classical.choice, Quot.sound]
'Poincare.D13.HeatKernelBridge.flatHeatSpacetime_timeDerivative' depends on axioms: [propext,
 Classical.choice,
 Quot.sound]
'Poincare.D13.HeatKernelBridge.flatKernel_laplacian_snapshot_ne_zero' depends on axioms: [propext,
 Classical.choice,
 Quot.sound]
'Poincare.D13.HeatKernelBridge.flatHeatSpacetime_positive' depends on axioms: [propext, Classical.choice, Quot.sound]
'Poincare.D13.HeatKernelBridge.flatHeatSpacetime_normalized' depends on axioms: [propext, Classical.choice, Quot.sound]
'Poincare.D13.HeatKernelBridge.flatHeatSpacetime_dirac_limitFor' depends on axioms: [propext,
 Classical.choice,
 Quot.sound]
'Poincare.D13.HeatKernelBridge.flatHeatSpacetime_not_isHeatKernelV1_integrableClass' depends on axioms: [propext,
 Classical.choice,
 Quot.sound]
'Poincare.D13.HeatKernelBridge.flatHeatSpacetime_not_isHeatKernel' depends on axioms: [propext,
 Classical.choice,
 Quot.sound]
'Poincare.D13.HeatKernelBridge.IsHeatKernelPDE.v2' does not depend on any axioms
'Poincare.D13.HeatKernelBridge.IsHeatKernelPDE' depends on axioms: [propext, Classical.choice, Quot.sound]
'Poincare.D13.HeatKernelBridge.IsHeatKernelPDE.solvesPDE_hasDerivAt' depends on axioms: [propext,
 Classical.choice,
 Quot.sound]
'Poincare.D13.HeatKernelBridge.HeatKernelDataV1.toHeatSpacetime' depends on axioms: [propext,
 Classical.choice,
 Quot.sound]
'Poincare.D13.HeatKernelBridge.HeatKernelDataV1.toHeatSpacetime_volume' depends on axioms: [propext,
 Classical.choice,
 Quot.sound]
'Poincare.D13.HeatKernelBridge.HeatKernelDataV1.toHeatSpacetime_laplacian' depends on axioms: [propext,
 Classical.choice,
 Quot.sound]
'Poincare.D13.HeatKernelBridge.HeatKernelDataV1.toHeatSpacetime_timeDerivative' depends on axioms: [propext,
 Classical.choice,
 Quot.sound]
'Poincare.D13.HeatKernelBridge.HeatKernelDataV1.toHeatSpacetime_dist' depends on axioms: [propext,
 Classical.choice,
 Quot.sound]
'Poincare.D13.HeatKernelBridge.HeatKernelDataV1.toHeatSpacetime_dim' depends on axioms: [propext,
 Classical.choice,
 Quot.sound]
'Poincare.D13.HeatKernelBridge.HeatKernelDataV1.kernel_pos_of_dist_le_one' depends on axioms: [propext,
 Classical.choice,
 Quot.sound]
'Poincare.D13.HeatKernelBridge.IsHeatKernelPDE.of_dataV1' depends on axioms: [propext, Classical.choice, Quot.sound]
'Poincare.D13.HeatKernelBridge.IsHeatKernelPDE.of_dataV1_integrableClass' depends on axioms: [propext,
 Classical.choice,
 Quot.sound]
'Poincare.D13.HeatKernelBridge.IsHeatKernelPDE.of_dataV1_ccClass' depends on axioms: [propext,
 Classical.choice,
 Quot.sound]
'Poincare.D13.HeatKernelBridge.flatHeatSpacetime_eq_toHeatSpacetime' depends on axioms: [propext,
 Classical.choice,
 Quot.sound]
'Poincare.D13.HeatKernelBridge.flat_isHeatKernelPDE_integrable' depends on axioms: [propext,
 Classical.choice,
 Quot.sound]
'Poincare.D13.HeatKernelBridge.flat_isHeatKernelPDE_cc' depends on axioms: [propext, Classical.choice, Quot.sound]
'Poincare.D13.HeatKernelBridge.flat_pde_repaired_scope' depends on axioms: [propext, Classical.choice, Quot.sound]
'Poincare.D13.HeatKernelBridge.not_forall_isHeatKernelPDE_imp_isHeatKernelV1' depends on axioms: [propext,
 Classical.choice,
 Quot.sound]
'Poincare.D13.HeatKernelBridge.refutingSpacetime' depends on axioms: [propext, Classical.choice, Quot.sound]
'Poincare.D13.HeatKernelBridge.refutingSpacetime_volume' depends on axioms: [propext, Classical.choice, Quot.sound]
'Poincare.D13.HeatKernelBridge.refutingSpacetime_laplacian' depends on axioms: [propext, Classical.choice, Quot.sound]
'Poincare.D13.HeatKernelBridge.refutingSpacetime_laplacian_apply' depends on axioms: [propext,
 Classical.choice,
 Quot.sound]
'Poincare.D13.HeatKernelBridge.refutingSpacetime_timeDerivative' depends on axioms: [propext,
 Classical.choice,
 Quot.sound]
'Poincare.D13.HeatKernelBridge.refutingSpacetime_timeDerivative_apply' depends on axioms: [propext,
 Classical.choice,
 Quot.sound]
'Poincare.D13.HeatKernelBridge.refutingSpacetime_heatOperator' depends on axioms: [propext,
 Classical.choice,
 Quot.sound]
'Poincare.D13.HeatKernelBridge.refutingSpacetime_isClosedRiemannianManifold' depends on axioms: [propext,
 Classical.choice,
 Quot.sound]
'Poincare.D13.HeatKernelBridge.subsingleton_measurableSpace_punit' depends on axioms: [propext,
 Classical.choice,
 Quot.sound]
'Poincare.D13.HeatKernelBridge.not_isHeatKernel_of_laplacian_id_timeDerivative_zero' depends on axioms: [propext,
 Classical.choice,
 Quot.sound]
'Poincare.D13.HeatKernelBridge.not_isHeatKernelV1_of_laplacian_id_timeDerivative_zero' depends on axioms: [propext,
 Classical.choice,
 Quot.sound]
'Poincare.D13.HeatKernelBridge.not_heatKernelExistenceStatement_of_refuting' depends on axioms: [propext,
 Classical.choice,
 Quot.sound]
'Poincare.D13.HeatKernelBridge.not_heatKernelExistenceStatementV1_of_refuting' depends on axioms: [propext,
 Classical.choice,
 Quot.sound]
'Poincare.D13.HeatKernelBridge.not_heatKernelExistenceStatement' depends on axioms: [propext,
 Classical.choice,
 Quot.sound]
'Poincare.D13.HeatKernelBridge.not_heatKernelExistenceStatementV1' depends on axioms: [propext,
 Classical.choice,
 Quot.sound]
'Poincare.D7.HeatKernel.not_heatKernelExistenceStatementV1_of_legacy_refutation' depends on axioms: [propext,
 Classical.choice,
 Quot.sound]
'Poincare.D7.HeatKernel.not_heatKernelExistenceStatementV1' depends on axioms: [propext, Classical.choice, Quot.sound]
'Poincare.D13.HeatKernelBridge.AnnihilatesConstants' depends on axioms: [propext, Classical.choice, Quot.sound]
'Poincare.D13.HeatKernelBridge.AnnihilatesConstants.laplacian_one_apply' depends on axioms: [propext,
 Classical.choice,
 Quot.sound]
'Poincare.D13.HeatKernelBridge.not_isAnnihilatesConstants_refutingSpacetime' depends on axioms: [propext,
 Classical.choice,
 Quot.sound]
'Poincare.D13.HeatKernelBridge.exists_isClosedRiemannianManifold_not_isAnnihilatesConstants' depends on axioms: [propext,
 Classical.choice,
 Quot.sound]
'Poincare.D13.HeatKernelBridge.punitDiracSpacetime' depends on axioms: [propext, Classical.choice, Quot.sound]
'Poincare.D13.HeatKernelBridge.punitDiracSpacetime_volume' depends on axioms: [propext, Classical.choice, Quot.sound]
'Poincare.D13.HeatKernelBridge.punitDiracSpacetime_laplacian' depends on axioms: [propext, Classical.choice, Quot.sound]
'Poincare.D13.HeatKernelBridge.punitDiracSpacetime_timeDerivative' depends on axioms: [propext,
 Classical.choice,
 Quot.sound]
'Poincare.D13.HeatKernelBridge.punitDiracSpacetime_dist' depends on axioms: [propext, Classical.choice, Quot.sound]
'Poincare.D13.HeatKernelBridge.punitDiracSpacetime_dim' depends on axioms: [propext, Classical.choice, Quot.sound]
'Poincare.D13.HeatKernelBridge.punitDiracSpacetime_isClosedRiemannianManifold' depends on axioms: [propext,
 Classical.choice,
 Quot.sound]
'Poincare.D13.HeatKernelBridge.isAnnihilatesConstants_punitDiracSpacetime' depends on axioms: [propext,
 Classical.choice,
 Quot.sound]
'Poincare.D13.HeatKernelBridge.flatHeatSpacetime_laplacian_one' depends on axioms: [propext,
 Classical.choice,
 Quot.sound]
'Poincare.D13.HeatKernelBridge.adversarialTimeDerivativeSpacetime' depends on axioms: [propext,
 Classical.choice,
 Quot.sound]
'Poincare.D13.HeatKernelBridge.adversarialTimeDerivativeSpacetime_volume' depends on axioms: [propext,
 Classical.choice,
 Quot.sound]
'Poincare.D13.HeatKernelBridge.adversarialTimeDerivativeSpacetime_laplacian' depends on axioms: [propext,
 Classical.choice,
 Quot.sound]
'Poincare.D13.HeatKernelBridge.adversarialTimeDerivativeSpacetime_timeDerivative' depends on axioms: [propext,
 Classical.choice,
 Quot.sound]
'Poincare.D13.HeatKernelBridge.adversarialTimeDerivativeSpacetime_heatOperator' depends on axioms: [propext,
 Classical.choice,
 Quot.sound]
'Poincare.D13.HeatKernelBridge.adversarialTimeDerivativeSpacetime_isClosedRiemannianManifold' depends on axioms: [propext,
 Classical.choice,
 Quot.sound]
'Poincare.D13.HeatKernelBridge.isAnnihilatesConstants_adversarialTimeDerivativeSpacetime' depends on axioms: [propext,
 Classical.choice,
 Quot.sound]
'Poincare.D13.HeatKernelBridge.not_exists_isHeatKernelV1_adversarialTimeDerivativeSpacetime' depends on axioms: [propext,
 Classical.choice,
 Quot.sound]
'Poincare.D13.HeatKernelBridge.not_isHeatKernel_of_laplacian_zero_timeDerivative_id' depends on axioms: [propext,
 Classical.choice,
 Quot.sound]
'Poincare.D13.HeatKernelBridge.not_isHeatKernelV1_of_laplacian_zero_timeDerivative_id' depends on axioms: [propext,
 Classical.choice,
 Quot.sound]
'Poincare.D13.HeatKernelBridge.not_forall_annihilatesConstants_implies_exists_snapshot_kernel_of_refuting' depends on axioms: [propext,
 Classical.choice,
 Quot.sound]
'Poincare.D13.HeatKernelBridge.not_forall_annihilatesConstants_implies_exists_snapshot_kernel' depends on axioms: [propext,
 Classical.choice,
 Quot.sound]
'Poincare.D13.HeatKernelBridge.flatSnapshotSpacetime' depends on axioms: [propext, Classical.choice, Quot.sound]
'Poincare.D13.HeatKernelBridge.flatSnapshotSpacetime_volume' depends on axioms: [propext, Classical.choice, Quot.sound]
'Poincare.D13.HeatKernelBridge.flatSnapshotSpacetime_laplacian' depends on axioms: [propext,
 Classical.choice,
 Quot.sound]
'Poincare.D13.HeatKernelBridge.flatSnapshotSpacetime_timeDerivative' depends on axioms: [propext,
 Classical.choice,
 Quot.sound]
'Poincare.D13.HeatKernelBridge.flatSnapshotSpacetime_dist' depends on axioms: [propext, Classical.choice, Quot.sound]
'Poincare.D13.HeatKernelBridge.flatSnapshotSpacetime_dim' depends on axioms: [propext, Classical.choice, Quot.sound]
'Poincare.D13.HeatKernelBridge.flatSnapshotSpacetime_heatOperator_eq_zero' depends on axioms: [propext,
 Classical.choice,
 Quot.sound]
'Poincare.D13.HeatKernelBridge.flatKernelRescaled' depends on axioms: [propext, Classical.choice, Quot.sound]
'Poincare.D13.HeatKernelBridge.flatKernelRescaled_isHeatKernelV1' depends on axioms: [propext,
 Classical.choice,
 Quot.sound]
'Poincare.D13.HeatKernelBridge.flatKernel_laplacian_snapshot_ne_zero_of_pos' depends on axioms: [propext,
 Classical.choice,
 Quot.sound]
'Poincare.D13.HeatKernelBridge.flatKernelRescaled_not_isHeatKernelPDE' depends on axioms: [propext,
 Classical.choice,
 Quot.sound]
'Poincare.D13.HeatKernelBridge.not_forall_isHeatKernelV1_imp_isHeatKernelPDE' depends on axioms: [propext,
 Classical.choice,
 Quot.sound]
'Poincare.D13.HeatKernelBridge.snapshot_pde_predicates_incomparable' depends on axioms: [propext,
 Classical.choice,
 Quot.sound]
'Poincare.D13.HeatKernelBridge.HeatKernelExistenceStatementPDE' depends on axioms: [propext,
 Classical.choice,
 Quot.sound]
'Poincare.D13.HeatKernelBridge.HeatKernelDataExistenceStatement' depends on axioms: [propext,
 Classical.choice,
 Quot.sound]
'Poincare.D13.HeatKernelBridge.heatKernelDataExistenceStatement_implies_pde' depends on axioms: [propext,
 Classical.choice,
 Quot.sound]
'Poincare.D13.HeatKernelBridge.heatKernelDataExistenceStatement_conclusion_punit' depends on axioms: [propext,
 Classical.choice,
 Quot.sound]
'Poincare.D13.HeatKernelBridge.exists_isHeatKernelPDE_of_punit_dirac_zero' depends on axioms: [propext,
 Classical.choice,
 Quot.sound]
'Poincare.D13.HeatKernelBridge.heatKernelExistenceStatementPDE_conclusion_punit' depends on axioms: [propext,
 Classical.choice,
 Quot.sound]
'Poincare.D13.HeatKernelBridge.heatKernelExistenceStatementPDE_conclusion_adversarial' depends on axioms: [propext,
 Classical.choice,
 Quot.sound]
'Poincare.D13.HeatKernelBridge.heatKernelDataExistenceStatement_conclusion_adversarial' depends on axioms: [propext,
 Classical.choice,
 Quot.sound]
'Poincare.D7.HeatKernel.adversarial_datum_repaired_hypotheses' depends on axioms: [propext,
 Classical.choice,
 Quot.sound]
'Poincare.D7.HeatKernel.not_exists_isHeatKernel_adversarialTimeDerivativeSpacetime' depends on axioms: [propext,
 Classical.choice,
 Quot.sound]
'Poincare.D7.HeatKernel.exists_heatKernelData_adversarialTimeDerivativeSpacetime' depends on axioms: [propext,
 Classical.choice,
 Quot.sound]
'Poincare.D7.HeatKernel.snapshot_refuted_data_exists_adversarialTimeDerivative' depends on axioms: [propext,
 Classical.choice,
 Quot.sound]
'Poincare.D13.HeatKernelBridge.not_both_isClosedRiemannianManifold_and_isAnnihilatesConstants_refutingSpacetime' depends on axioms: [propext,
 Classical.choice,
 Quot.sound]
'Poincare.D13.HeatKernelBridge.hasDerivAt_tanh_real' depends on axioms: [propext, Classical.choice, Quot.sound]
'Poincare.D13.HeatKernelBridge.tanh_eq_one_sub' depends on axioms: [propext, Classical.choice, Quot.sound]
'Poincare.D13.HeatKernelBridge.tendsto_tanh_atTop_real' depends on axioms: [propext, Classical.choice, Quot.sound]
'Poincare.D13.HeatKernelBridge.tendsto_tanh_atBot_real' depends on axioms: [propext, Classical.choice, Quot.sound]
'Poincare.D13.HeatKernelBridge.flatLineSpacetime' depends on axioms: [propext, Classical.choice, Quot.sound]
'Poincare.D13.HeatKernelBridge.hasDerivAt_log_cosh' depends on axioms: [propext, Classical.choice, Quot.sound]
'Poincare.D13.HeatKernelBridge.contDiff_log_cosh' depends on axioms: [propext, Classical.choice, Quot.sound]
'Poincare.D13.HeatKernelBridge.laplacian_log_cosh' depends on axioms: [propext, Classical.choice, Quot.sound]
'Poincare.D13.HeatKernelBridge.integrable_one_sub_tanh_sq' depends on axioms: [propext, Classical.choice, Quot.sound]
'Poincare.D13.HeatKernelBridge.integral_one_sub_tanh_sq' depends on axioms: [propext, Classical.choice, Quot.sound]
'Poincare.D13.HeatKernelBridge.not_forall_laplacian_symmetric_flatLine' depends on axioms: [propext,
 Classical.choice,
 Quot.sound]
'Poincare.D13.HeatKernelBridge.eq_of_hasDerivAt_zero_of_pos' depends on axioms: [propext, Classical.choice, Quot.sound]
'Poincare.D13.HeatKernelBridge.not_exists_isHeatKernelPDE_of_laplacian_eq_zero' depends on axioms: [propext,
 Classical.choice,
 Quot.sound]
'Poincare.D13.HeatKernelBridge.not_exists_heatKernelData_of_laplacian_eq_zero' depends on axioms: [propext,
 Classical.choice,
 Quot.sound]
'Poincare.D13.HeatKernelBridge.twoPointVolume' depends on axioms: [propext, Classical.choice, Quot.sound]
'Poincare.D13.HeatKernelBridge.twoPointSpacetime' depends on axioms: [propext, Classical.choice, Quot.sound]
'Poincare.D13.HeatKernelBridge.twoPointSpacetime_volume' depends on axioms: [propext, Classical.choice, Quot.sound]
'Poincare.D13.HeatKernelBridge.twoPointSpacetime_laplacian' depends on axioms: [propext, Classical.choice, Quot.sound]
'Poincare.D13.HeatKernelBridge.twoPointSpacetime_timeDerivative' depends on axioms: [propext,
 Classical.choice,
 Quot.sound]
'Poincare.D13.HeatKernelBridge.twoPointSpacetime_dist' depends on axioms: [propext, Classical.choice, Quot.sound]
'Poincare.D13.HeatKernelBridge.twoPointSpacetime_dim' depends on axioms: [propext, Classical.choice, Quot.sound]
'Poincare.D13.HeatKernelBridge.isClosedRiemannianManifold_twoPointSpacetime' depends on axioms: [propext,
 Classical.choice,
 Quot.sound]
'Poincare.D13.HeatKernelBridge.isAnnihilatesConstants_twoPointSpacetime' depends on axioms: [propext,
 Classical.choice,
 Quot.sound]
'Poincare.D13.HeatKernelBridge.integral_twoPointVolume_eq_of_support' depends on axioms: [propext,
 Classical.choice,
 Quot.sound]
'Poincare.D13.HeatKernelBridge.continuousIntegrableClass_twoPoint_indicator' depends on axioms: [propext,
 Classical.choice,
 Quot.sound]
'Poincare.D13.HeatKernelBridge.continuous_twoPoint_indicator' depends on axioms: [propext, Classical.choice, Quot.sound]
'Poincare.D13.HeatKernelBridge.not_heatKernelExistenceStatementPDE_of_refuting' depends on axioms: [propext,
 Classical.choice,
 Quot.sound]
'Poincare.D13.HeatKernelBridge.not_heatKernelDataExistenceStatement_of_refuting' depends on axioms: [propext,
 Classical.choice,
 Quot.sound]
'Poincare.D13.HeatKernelBridge.not_exists_isHeatKernelPDE_twoPointSpacetime' depends on axioms: [propext,
 Classical.choice,
 Quot.sound]
'Poincare.D13.HeatKernelBridge.not_exists_heatKernelData_twoPointSpacetime' depends on axioms: [propext,
 Classical.choice,
 Quot.sound]
'Poincare.D13.HeatKernelBridge.not_heatKernelExistenceStatementPDE' depends on axioms: [propext,
 Classical.choice,
 Quot.sound]
'Poincare.D13.HeatKernelBridge.not_heatKernelDataExistenceStatement' depends on axioms: [propext,
 Classical.choice,
 Quot.sound]
'Poincare.D13.HeatKernelBridge.twoPointIdentityKernel' depends on axioms: [propext, Classical.choice, Quot.sound]
'Poincare.D13.HeatKernelBridge.twoPointIdentityKernel_apply' depends on axioms: [propext, Classical.choice, Quot.sound]
'Poincare.D13.HeatKernelBridge.twoPointDegenerateData' depends on axioms: [propext, Classical.choice, Quot.sound]
'Poincare.D13.HeatKernelBridge.twoPointDegenerateData_volume' depends on axioms: [propext, Classical.choice, Quot.sound]
'Poincare.D13.HeatKernelBridge.twoPointDegenerateData_laplacian' depends on axioms: [propext,
 Classical.choice,
 Quot.sound]
'Poincare.D13.HeatKernelBridge.twoPointDegenerateData_dist' depends on axioms: [propext, Classical.choice, Quot.sound]
'Poincare.D13.HeatKernelBridge.twoPointDegenerateData_dim' depends on axioms: [propext, Classical.choice, Quot.sound]
'Poincare.D13.HeatKernelBridge.twoPointDegenerateData_C_lo' depends on axioms: [propext, Classical.choice, Quot.sound]
'Poincare.D13.HeatKernelBridge.twoPointDegenerateData_kernel' depends on axioms: [propext, Classical.choice, Quot.sound]
'Poincare.D13.HeatKernelBridge.twoPointDegenerateData_not_strictly_positive' depends on axioms: [propext,
 Classical.choice,
 Quot.sound]
'Poincare.D13.HeatKernelBridge.twoPoint_data_scope' depends on axioms: [propext, Classical.choice, Quot.sound]
'Poincare.D13.HeatKernelBridge.FlatCorrectedDomainExistence' depends on axioms: [propext, Classical.choice, Quot.sound]
'Poincare.D13.HeatKernelBridge.flatCorrectedDomainExistence_proved' depends on axioms: [propext,
 Classical.choice,
 Quot.sound]
'Poincare.D13.HeatKernelBridge.correctedDomain_is_exact_scope' depends on axioms: [propext,
 Classical.choice,
 Quot.sound]
'Poincare.D7.HeatKernel.not_exists_heatKernelData_strictlyPositive_twoPoint' depends on axioms: [propext,
 Classical.choice,
 Quot.sound]
'Poincare.D7.HeatKernel.data_interface_inhabited_with_zero_lower_constant' depends on axioms: [propext,
 Classical.choice,
 Quot.sound]
'Poincare.D7.HeatKernel.data_level_target_refuted' depends on axioms: [propext, Classical.choice, Quot.sound]
'Poincare.D7.HeatKernel.corrected_domain_flat_statement_survives' depends on axioms: [propext,
 Classical.choice,
 Quot.sound]
'Poincare.D7.HeatKernel.data_status_summary' depends on axioms: [propext, Classical.choice, Quot.sound]
'Poincare.D13.HeatKernelBridge.conjugateHeat_eq_neg_laplacian' depends on axioms: [propext,
 Classical.choice,
 Quot.sound]
'Poincare.D13.HeatKernelBridge.eq_zero_of_conjugateHeat_eq_zero_of_injective' depends on axioms: [propext,
 Classical.choice,
 Quot.sound]
'Poincare.D13.HeatKernelBridge.not_exists_isConjugateHeatKernel_of_injective_laplacian' depends on axioms: [propext,
 Classical.choice,
 Quot.sound]
'Poincare.D13.HeatKernelBridge.conjugateRefutingSpacetime' depends on axioms: [propext, Classical.choice, Quot.sound]
'Poincare.D13.HeatKernelBridge.conjugateRefutingSpacetime_volume' depends on axioms: [propext,
 Classical.choice,
 Quot.sound]
'Poincare.D13.HeatKernelBridge.conjugateRefutingSpacetime_laplacian' depends on axioms: [propext,
 Classical.choice,
 Quot.sound]
'Poincare.D13.HeatKernelBridge.conjugateRefutingSpacetime_scalarMul' depends on axioms: [propext,
 Classical.choice,
 Quot.sound]
'Poincare.D13.HeatKernelBridge.conjugateRefutingSpacetime_backwardTimeDerivative' depends on axioms: [propext,
 Classical.choice,
 Quot.sound]
'Poincare.D13.HeatKernelBridge.isRiemannianConjugateHeatSpacetime_conjugateRefuting' depends on axioms: [propext,
 Classical.choice,
 Quot.sound]
'Poincare.D13.HeatKernelBridge.not_exists_isConjugateHeatKernel_conjugateRefuting' depends on axioms: [propext,
 Classical.choice,
 Quot.sound]
'Poincare.D13.HeatKernelBridge.not_conjugateHeatKernelExistenceStatement_of_refuting' depends on axioms: [propext,
 Classical.choice,
 Quot.sound]
'Poincare.D13.HeatKernelBridge.not_conjugateHeatKernelExistenceStatement' depends on axioms: [propext,
 Classical.choice,
 Quot.sound]
'Poincare.D13.HeatKernelBridge.tendsto_const_sub_nhdsLT' depends on axioms: [propext, Classical.choice, Quot.sound]
'Poincare.D13.HeatKernelBridge.IsConjugateHeatKernelPDE.v2' does not depend on any axioms
'Poincare.D13.HeatKernelBridge.IsConjugateHeatKernelPDE' depends on axioms: [propext, Classical.choice, Quot.sound]
'Poincare.D13.HeatKernelBridge.IsConjugateHeatKernelPDE.solvesPDE_hasDerivAt' depends on axioms: [propext,
 Classical.choice,
 Quot.sound]
'Poincare.D13.HeatKernelBridge.HeatKernelDataV1.toConjugateHeatSpacetime' depends on axioms: [propext,
 Classical.choice,
 Quot.sound]
'Poincare.D13.HeatKernelBridge.HeatKernelDataV1.toConjugateHeatSpacetime_volume' depends on axioms: [propext,
 Classical.choice,
 Quot.sound]
'Poincare.D13.HeatKernelBridge.HeatKernelDataV1.toConjugateHeatSpacetime_laplacian' depends on axioms: [propext,
 Classical.choice,
 Quot.sound]
'Poincare.D13.HeatKernelBridge.HeatKernelDataV1.toConjugateHeatSpacetime_scalarMul' depends on axioms: [propext,
 Classical.choice,
 Quot.sound]
'Poincare.D13.HeatKernelBridge.HeatKernelDataV1.toConjugateHeatSpacetime_backwardTimeDerivative' depends on axioms: [propext,
 Classical.choice,
 Quot.sound]
'Poincare.D13.HeatKernelBridge.IsConjugateHeatKernelPDE.of_dataV1' depends on axioms: [propext,
 Classical.choice,
 Quot.sound]
'Poincare.D13.HeatKernelBridge.IsConjugateHeatKernelPDE.of_dataV1_integrableClass' depends on axioms: [propext,
 Classical.choice,
 Quot.sound]
'Poincare.D13.HeatKernelBridge.IsConjugateHeatKernelPDE.of_dataV1_ccClass' depends on axioms: [propext,
 Classical.choice,
 Quot.sound]
'Poincare.D13.HeatKernelBridge.flatConjugateHeatSpacetime' depends on axioms: [propext, Classical.choice, Quot.sound]
'Poincare.D13.HeatKernelBridge.flatConjugateHeatSpacetime_volume' depends on axioms: [propext,
 Classical.choice,
 Quot.sound]
'Poincare.D13.HeatKernelBridge.flatConjugateHeatSpacetime_laplacian' depends on axioms: [propext,
 Classical.choice,
 Quot.sound]
'Poincare.D13.HeatKernelBridge.flatConjugateHeatSpacetime_scalarMul' depends on axioms: [propext,
 Classical.choice,
 Quot.sound]
'Poincare.D13.HeatKernelBridge.flatConjugateHeatSpacetime_backwardTimeDerivative' depends on axioms: [propext,
 Classical.choice,
 Quot.sound]
'Poincare.D13.HeatKernelBridge.flatConjugateKernel' depends on axioms: [propext, Classical.choice, Quot.sound]
'Poincare.D13.HeatKernelBridge.flat_isConjugateHeatKernelPDE_integrableClass' depends on axioms: [propext,
 Classical.choice,
 Quot.sound]
'Poincare.D13.HeatKernelBridge.flat_isConjugateHeatKernelPDE_cc' depends on axioms: [propext,
 Classical.choice,
 Quot.sound]
'Poincare.D13.HeatKernelBridge.flatConjugate_not_isConjugateHeatKernel' depends on axioms: [propext,
 Classical.choice,
 Quot.sound]
'Poincare.D13.HeatKernelBridge.flat_conjugate_repaired_scope' depends on axioms: [propext, Classical.choice, Quot.sound]
'Poincare.D13.HeatKernelBridge.flatConjugateKernel_symm' depends on axioms: [propext, Classical.choice, Quot.sound]
'Poincare.D13.HeatKernelBridge.flatConjugateKernel_mass' depends on axioms: [propext, Classical.choice, Quot.sound]
'Poincare.D13.HeatKernelBridge.flatConjugateKernel_mass_eq' depends on axioms: [propext, Classical.choice, Quot.sound]
'Poincare.D13.HeatKernelBridge.flatConjugateKernel_semigroup' depends on axioms: [propext, Classical.choice, Quot.sound]
'Poincare.D13.HeatKernelBridge.not_forall_isConjugateHeatKernelPDE_imp_isConjugateHeatKernel' depends on axioms: [propext,
 Classical.choice,
 Quot.sound]
'Poincare.D13.HeatKernelBridge.FlatConjugateCorrectedDomainExistence' depends on axioms: [propext,
 Classical.choice,
 Quot.sound]
'Poincare.D13.HeatKernelBridge.flatConjugateCorrectedDomainExistence_proved' depends on axioms: [propext,
 Classical.choice,
 Quot.sound]
'Poincare.D13.HeatKernelBridge.conjugateCorrection_is_exact_scope' depends on axioms: [propext,
 Classical.choice,
 Quot.sound]
'Poincare.D7.ConjugateHeat.not_conjugateHeatKernelExistenceStatement' depends on axioms: [propext,
 Classical.choice,
 Quot.sound]
'Poincare.D7.ConjugateHeat.ConjugateHeatKernelCorrectedDomainStatement' depends on axioms: [propext,
 Classical.choice,
 Quot.sound]
'Poincare.D7.ConjugateHeat.conjugateHeatKernelCorrectedDomainStatement_proved' depends on axioms: [propext,
 Classical.choice,
 Quot.sound]
'Poincare.D7.ConjugateHeat.exists_flatConjugateKernelPDE' depends on axioms: [propext, Classical.choice, Quot.sound]
'Poincare.D7.ConjugateHeat.conjugate_heat_mass_and_symmetry' depends on axioms: [propext, Classical.choice, Quot.sound]
'Poincare.D7.ConjugateHeat.conjugate_heat_chapman_kolmogorov' depends on axioms: [propext, Classical.choice, Quot.sound]
'Poincare.D7.ConjugateHeat.conjugate_heat_snapshot_refuted' depends on axioms: [propext, Classical.choice, Quot.sound]
'Poincare.D7.ConjugateHeat.conjugate_heat_status_summary' depends on axioms: [propext, Classical.choice, Quot.sound]
D13HeatKernelBridgeAxiomCheck: PASS — all 409 declarations of the D13 heat-kernel bridge depend only on [propext, Classical.choice, Quot.sound]
