'Poincare.D13.MorganTianAdapter.Curvature.flatMetric' depends on axioms: [propext, Classical.choice, Quot.sound]
'Poincare.D13.MorganTianAdapter.Curvature.flatCovariantDeriv' depends on axioms: [propext, Classical.choice, Quot.sound]
'Poincare.D13.MorganTianAdapter.Curvature.flatLieBracket' depends on axioms: [propext, Classical.choice, Quot.sound]
'Poincare.D13.MorganTianAdapter.Curvature.flatRiemannCurvature' depends on axioms: [propext,
 Classical.choice,
 Quot.sound]
'Poincare.D13.MorganTianAdapter.Curvature.flatCurvatureFormField' depends on axioms: [propext,
 Classical.choice,
 Quot.sound]
'Poincare.D13.MorganTianAdapter.Curvature.flatCurvatureFormAt' depends on axioms: [propext,
 Classical.choice,
 Quot.sound]
'Poincare.D13.MorganTianAdapter.Curvature.flatRicciAt' depends on axioms: [propext, Classical.choice, Quot.sound]
'Poincare.D13.MorganTianAdapter.Curvature.flatScalarCurvatureAt' depends on axioms: [propext,
 Classical.choice,
 Quot.sound]
'Poincare.D13.MorganTianAdapter.Curvature.flatSectionalCurvatureAt' depends on axioms: [propext,
 Classical.choice,
 Quot.sound]
'Poincare.D13.MorganTianAdapter.Curvature.IsGradientShrinkerPotentialFlat' depends on axioms: [propext,
 Classical.choice,
 Quot.sound]
'Poincare.D13.MorganTianAdapter.Curvature.flatRiemannCurvature_eq_secondDerivativeCommutator' depends on axioms: [propext,
 Classical.choice,
 Quot.sound]
'Poincare.D13.MorganTianAdapter.Curvature.flatRiemannCurvature_eq_zero' depends on axioms: [propext,
 Classical.choice,
 Quot.sound]
'Poincare.D13.MorganTianAdapter.Curvature.flatCurvatureFormAt_eq_zero' depends on axioms: [propext,
 Classical.choice,
 Quot.sound]
'Poincare.D13.MorganTianAdapter.Curvature.flatRicciAt_eq_zero' depends on axioms: [propext,
 Classical.choice,
 Quot.sound]
'Poincare.D13.MorganTianAdapter.Curvature.flatScalarCurvatureAt_eq_zero' depends on axioms: [propext,
 Classical.choice,
 Quot.sound]
'Poincare.D13.MorganTianAdapter.Curvature.flatSectionalCurvatureAt_eq_zero' depends on axioms: [propext,
 Classical.choice,
 Quot.sound]
'Poincare.D13.MorganTianAdapter.Curvature.flatCurvatureFormAt_antisymm_left' depends on axioms: [propext,
 Classical.choice,
 Quot.sound]
'Poincare.D13.MorganTianAdapter.Curvature.flatCurvatureFormAt_antisymm_right' depends on axioms: [propext,
 Classical.choice,
 Quot.sound]
'Poincare.D13.MorganTianAdapter.Curvature.flatCurvatureFormAt_pairSwap' depends on axioms: [propext,
 Classical.choice,
 Quot.sound]
'Poincare.D13.MorganTianAdapter.Curvature.flatCurvatureFormAt_firstBianchi' depends on axioms: [propext,
 Classical.choice,
 Quot.sound]
'Poincare.D13.MorganTianAdapter.Curvature.IsGradientShrinkerPotentialEuclidean_iff_flatRicci' depends on axioms: [propext,
 Classical.choice,
 Quot.sound]
'Poincare.D13.MorganTianAdapter.Curvature.shrinkerFpot_gradientShrinkerPotentialFlat' depends on axioms: [propext,
 Classical.choice,
 Quot.sound]
'Poincare.D13.MorganTianAdapter.Curvature.shrinkerFpot_isGradientShrinkerPotentialEuclidean' depends on axioms: [propext,
 Classical.choice,
 Quot.sound]
'Poincare.D13.MorganTianAdapter.Tensoriality.flatCovariantDeriv_smul' depends on axioms: [propext,
 Classical.choice,
 Quot.sound]
'Poincare.D13.MorganTianAdapter.Tensoriality.flatCovariantDeriv_congr_of_eq_at' depends on axioms: [propext,
 Classical.choice,
 Quot.sound]
'Poincare.D13.MorganTianAdapter.Tensoriality.flatCovariantDeriv_congr_of_eventuallyEq' depends on axioms: [propext,
 Classical.choice,
 Quot.sound]
'Poincare.D13.MorganTianAdapter.Tensoriality.flatCovariantDeriv_congr_of_eq_fderiv' depends on axioms: [propext,
 Classical.choice,
 Quot.sound]
'Poincare.D13.MorganTianAdapter.Tensoriality.flatRiemannCurvature_congr_of_eq_at' depends on axioms: [propext,
 Classical.choice,
 Quot.sound]
'Poincare.D13.MorganTianAdapter.Tensoriality.flatCurvatureFormField_eq_flatCurvatureFormAt' depends on axioms: [propext,
 Classical.choice,
 Quot.sound]
'Poincare.D13.MorganTianAdapter.Tensoriality.flatRiemannCurvature_congr_of_eventuallyEq' depends on axioms: [propext,
 Classical.choice,
 Quot.sound]
'Poincare.D13.MorganTianAdapter.ExpGeodesic.IsGeodesicEuclidean' depends on axioms: [propext,
 Classical.choice,
 Quot.sound]
'Poincare.D13.MorganTianAdapter.ExpGeodesic.expMapEuclidean' depends on axioms: [propext, Classical.choice, Quot.sound]
'Poincare.D13.MorganTianAdapter.ExpGeodesic.globalGeodesicEuclidean' depends on axioms: [propext,
 Classical.choice,
 Quot.sound]
'Poincare.D13.MorganTianAdapter.ExpGeodesic.flatParallelTransport' depends on axioms: [propext,
 Classical.choice,
 Quot.sound]
'Poincare.D13.MorganTianAdapter.ExpGeodesic.expMapEuclidean_eq' depends on axioms: [propext,
 Classical.choice,
 Quot.sound]
'Poincare.D13.MorganTianAdapter.ExpGeodesic.isGeodesicEuclidean_globalGeodesic' depends on axioms: [propext,
 Classical.choice,
 Quot.sound]
'Poincare.D13.MorganTianAdapter.ExpGeodesic.fderiv_expMapEuclidean_eq_id' depends on axioms: [propext,
 Classical.choice,
 Quot.sound]
'Poincare.D13.MorganTianAdapter.ExpGeodesic.expMapEuclidean_injective' depends on axioms: [propext,
 Classical.choice,
 Quot.sound]
'Poincare.D13.MorganTianAdapter.ExpGeodesic.flatParallelTransport_inner' depends on axioms: [propext,
 Classical.choice,
 Quot.sound]
'Poincare.D13.MorganTianAdapter.ExpGeodesic.flatParallelTransport_norm' depends on axioms: [propext,
 Classical.choice,
 Quot.sound]
'Poincare.D13.MorganTianAdapter.ExpGeodesic.flatSectionalCurvature_eq_zero_and_expDifferential_id' depends on axioms: [propext,
 Classical.choice,
 Quot.sound]
'Poincare.D13.MorganTianAdapter.LeviCivitaSmoothness.flatCovariantDeriv_contDiff' depends on axioms: [propext,
 Classical.choice,
 Quot.sound]
'Poincare.D13.MorganTianAdapter.LeviCivitaSmoothness.flatCovariantDeriv_eq_fderiv_apply' depends on axioms: [propext,
 Classical.choice,
 Quot.sound]
'Poincare.D13.MorganTianAdapter.LeviCivitaSmoothness.flatLeviCivita_contDiff_pair' depends on axioms: [propext,
 Classical.choice,
 Quot.sound]
'Poincare.D13.MorganTianAdapter.BishopGromov.antitoneOn_ratio_le_one_of_tendsto_nhdsGT_one' depends on axioms: [propext,
 Classical.choice,
 Quot.sound]
'Poincare.D13.MorganTianAdapter.BishopGromov.eball_ofReal_eq_ball' depends on axioms: [propext,
 Classical.choice,
 Quot.sound]
'Poincare.D13.MorganTianAdapter.BishopGromov.flatModel_normalizedBallVolume_eq' depends on axioms: [propext,
 Classical.choice,
 Quot.sound]
'Poincare.D13.MorganTianAdapter.BishopGromov.flatModel_ballVolumeComparison' depends on axioms: [propext,
 Classical.choice,
 Quot.sound]
'Poincare.D13.MorganTianAdapter.BishopGromov.flatModel_kappaNoncollapsingCertificate' depends on axioms: [propext,
 Classical.choice,
 Quot.sound]
'Poincare.D13.MorganTianAdapter.BishopGromov.flatModel_volume_ball_pos' depends on axioms: [propext,
 Classical.choice,
 Quot.sound]
D13MorganTianAdapterAxiomCheck: PASS — all 50 declarations of the D13 MorganTian-adapter module set depend only on [propext, Classical.choice, Quot.sound]
