'Poincare.D8.Fidelity.SmoothStructure' depends on axioms: [propext, Classical.choice, Quot.sound]
'Poincare.D8.Fidelity.SmoothStructure.Diffeomorph' depends on axioms: [propext, Classical.choice, Quot.sound]
'Poincare.D8.Fidelity.SmoothStructure.Diffeomorph.toHomeomorph' depends on axioms: [propext,
 Classical.choice,
 Quot.sound]
'Poincare.D8.Fidelity.SmoothStructure.diffeomorph_refl' depends on axioms: [propext, Classical.choice, Quot.sound]
'Poincare.D8.Fidelity.SmoothStructure.diffeomorph_symm' depends on axioms: [propext, Classical.choice, Quot.sound]
'Poincare.D8.Fidelity.SmoothStructure.diffeomorph_trans' depends on axioms: [propext, Classical.choice, Quot.sound]
'Poincare.D8.Fidelity.SmoothStructure.diffeomorph_equivalence' depends on axioms: [propext,
 Classical.choice,
 Quot.sound]
'Poincare.D8.Fidelity.MoiseData' depends on axioms: [propext, Classical.choice, Quot.sound]
'Poincare.D8.Fidelity.MoiseData.toSmoothStructure' depends on axioms: [propext, Classical.choice, Quot.sound]
'Poincare.D8.Fidelity.MoiseData.diffeomorph_self' depends on axioms: [propext, Classical.choice, Quot.sound]
'Poincare.D8.Fidelity.MoiseData.diffeomorph_any' depends on axioms: [propext, Classical.choice, Quot.sound]
'Poincare.D8.Fidelity.MoiseData.uniqueness_relation' depends on axioms: [propext, Classical.choice, Quot.sound]
'Poincare.D8.Fidelity.MoiseData.diffeomorph_iff_eq' depends on axioms: [propext, Classical.choice, Quot.sound]
'Poincare.D8.Fidelity.MoiseData.diffeomorph_of_moiseData' depends on axioms: [propext, Classical.choice, Quot.sound]
'Poincare.D8.Fidelity.MoiseData.nonempty_chartedSpace' depends on axioms: [propext, Classical.choice, Quot.sound]
'Poincare.D8.Fidelity.MoiseData.isManifold' depends on axioms: [propext, Classical.choice, Quot.sound]
'Poincare.D8.Fidelity.SmoothStructure.DiffeomorphSphere' depends on axioms: [propext, Classical.choice, Quot.sound]
'Poincare.D8.Fidelity.SmoothStructure.DiffeomorphSphere.toHomeomorph' depends on axioms: [propext,
 Classical.choice,
 Quot.sound]
'Poincare.D8.Fidelity.SmoothStructure.SmoothPoincareConclusion' depends on axioms: [propext,
 Classical.choice,
 Quot.sound]
'Poincare.D8.Fidelity.SmoothStructure.smoothPoincareConclusion_iff_stage6' depends on axioms: [propext,
 Classical.choice,
 Quot.sound]
'Poincare.D8.Fidelity.SmoothStructure.diffeomorphSphere_shape' depends on axioms: [propext,
 Classical.choice,
 Quot.sound]
'Poincare.D8.Fidelity.SmoothStructure.SmoothPoincareConclusion.of_diffeomorph' depends on axioms: [propext,
 Classical.choice,
 Quot.sound]
'Poincare.D8.Fidelity.topological_of_smoothConclusion' depends on axioms: [propext, Classical.choice, Quot.sound]
'Poincare.D8.Fidelity.stage6Target_of_smoothConclusion_and_moiseData' depends on axioms: [propext,
 Classical.choice,
 Quot.sound]
'Poincare.D8.Fidelity.stage6Target_of_smoothConclusion_and_compactThreeManifold' depends on axioms: [propext,
 Classical.choice,
 Quot.sound]
'Poincare.D8.Fidelity.smoothPoincareConclusion_of_missingSmoothPoincare' depends on axioms: [propext,
 Classical.choice,
 Quot.sound]
'Poincare.D8.Fidelity.stage6Target_of_missingSmoothPoincare_and_moiseData' depends on axioms: [propext,
 Classical.choice,
 Quot.sound]
'Poincare.D8.Fidelity.sphereRecognition_of_smoothConclusion_and_moiseData' depends on axioms: [propext,
 Classical.choice,
 Quot.sound]
'Poincare.D8.Fidelity.moiseExistence' depends on axioms: [propext, Classical.choice, Quot.sound]
'Poincare.D8.Fidelity.moiseUniqueness' depends on axioms: [propext, Classical.choice, Quot.sound]
'Poincare.D8.Fidelity.moiseTheorem' depends on axioms: [propext, Classical.choice, Quot.sound]
'Poincare.D8.Fidelity.moiseTheorem_iff' depends on axioms: [propext, Classical.choice, Quot.sound]
'Poincare.D8.Fidelity.moiseExistence_of_moiseTheorem' depends on axioms: [propext, Classical.choice, Quot.sound]
'Poincare.D8.Fidelity.moiseUniqueness_of_moiseTheorem' depends on axioms: [propext, Classical.choice, Quot.sound]
'Poincare.D8.Fidelity.moiseTheorem_of_existence_uniqueness' depends on axioms: [propext, Classical.choice, Quot.sound]
'Poincare.D8.Fidelity.moiseData_of_existence_uniqueness' depends on axioms: [propext, Classical.choice, Quot.sound]
'Poincare.D8.Fidelity.PLStructure' does not depend on any axioms
'Poincare.D8.Fidelity.missingTriangulability' depends on axioms: [propext, Classical.choice, Quot.sound]
'Poincare.D8.Fidelity.missingSmoothStructureOfPLStructure' depends on axioms: [propext, Classical.choice, Quot.sound]
'Poincare.D8.Fidelity.missingSmoothStructureUniquenessOnPL' depends on axioms: [propext, Classical.choice, Quot.sound]
'Poincare.D8.Fidelity.missingHomeomorphismIsotopicToDiffeomorphism' depends on axioms: [propext,
 Classical.choice,
 Quot.sound]
'Poincare.D8.Fidelity.missingHirschObstructionVanishing' does not depend on any axioms
'Poincare.D8.Fidelity.missingKirbySiebenmannObstruction' does not depend on any axioms
'Poincare.D8.Fidelity.missingFourDimensionalSmoothingFailure' does not depend on any axioms
'Poincare.D8.Fidelity.moiseTheorem_of_triangulability_smoothing' depends on axioms: [propext,
 Classical.choice,
 Quot.sound]
'Poincare.D8.Fidelity.moiseData_of_triangulability_smoothing' depends on axioms: [propext, Classical.choice, Quot.sound]
'Poincare.D8.Fidelity.stage6Target_of_moiseTheorem_and_uniformSmooth' depends on axioms: [propext,
 Classical.choice,
 Quot.sound]
'Poincare.D8.Fidelity.sphereRecognition_of_moiseTheorem_and_uniformSmooth' depends on axioms: [propext,
 Classical.choice,
 Quot.sound]
'Poincare.D8.Fidelity.FidelityEntry' does not depend on any axioms
'Poincare.D8.Fidelity.fidelityCard' does not depend on any axioms
'Poincare.Stage6.poincareConjectureTopologicalThree' depends on axioms: [propext, Classical.choice, Quot.sound]
'Poincare.Stage6.poincareConjectureSmoothThree' depends on axioms: [propext, Classical.choice, Quot.sound]
'Poincare.Longrun.Topology.stage6Target' depends on axioms: [propext, Classical.choice, Quot.sound]
'Poincare.Longrun.Topology.missingPoincareConjectureSmoothThree' depends on axioms: [propext,
 Classical.choice,
 Quot.sound]
