'Poincare.Longrun.DeTurck.ConnectionLayer' depends on axioms: [propext, Classical.choice, Quot.sound]
'Poincare.Longrun.DeTurck.ConnectionLayer.connectionDiff' depends on axioms: [propext, Classical.choice, Quot.sound]
'Poincare.Longrun.DeTurck.ConnectionLayer.connectionDiff_symm' depends on axioms: [propext,
 Classical.choice,
 Quot.sound]
'Poincare.Longrun.DeTurck.ConnectionLayer.deTurckField' depends on axioms: [propext, Classical.choice, Quot.sound]
'Poincare.Longrun.DeTurck.ConnectionLayer.deTurckField_eq' depends on axioms: [propext, Classical.choice, Quot.sound]
'Poincare.Longrun.DeTurck.ConnectionLayer.deTurckField_eq_zero_of_Gamma_eq' depends on axioms: [propext,
 Classical.choice,
 Quot.sound]
'Poincare.Longrun.DeTurck.ConnectionLayer.tensionField' depends on axioms: [propext, Classical.choice, Quot.sound]
'Poincare.Longrun.DeTurck.ConnectionLayer.tensionField_eq_neg_deTurckField' depends on axioms: [propext,
 Classical.choice,
 Quot.sound]
'Poincare.Longrun.DeTurck.ConnectionLayer.tensionField_eq_zero_of_Gamma_eq' depends on axioms: [propext,
 Classical.choice,
 Quot.sound]
'Poincare.Longrun.DeTurck.RicciDeTurckComponents' depends on axioms: [propext, Classical.choice, Quot.sound]
'Poincare.Longrun.DeTurck.RicciDeTurckComponents.operator' depends on axioms: [propext, Classical.choice, Quot.sound]
'Poincare.Longrun.DeTurck.RicciDeTurckComponents.flowRHS' depends on axioms: [propext, Classical.choice, Quot.sound]
'Poincare.Longrun.DeTurck.RicciDeTurckComponents.flowRHS_eq' depends on axioms: [propext, Classical.choice, Quot.sound]
'Poincare.Longrun.DeTurck.RicciDeTurckComponents.operator_symm' depends on axioms: [propext,
 Classical.choice,
 Quot.sound]
'Poincare.Longrun.DeTurck.RicciDeTurckComponents.flowRHS_symm' depends on axioms: [propext,
 Classical.choice,
 Quot.sound]
'Poincare.Longrun.DeTurck.trivialLayer' depends on axioms: [propext, Classical.choice, Quot.sound]
'Poincare.Longrun.DeTurck.trivialLayer_deTurckField' depends on axioms: [propext, Classical.choice, Quot.sound]
'Poincare.Longrun.DeTurck.exampleLayer' depends on axioms: [propext, Classical.choice, Quot.sound]
'Poincare.Longrun.DeTurck.exampleLayer_deTurckField' depends on axioms: [propext, Classical.choice, Quot.sound]
'Poincare.Longrun.DeTurck.exampleLayer_tensionField' depends on axioms: [propext, Classical.choice, Quot.sound]
'Poincare.Longrun.DeTurck.exampleLayer_tensionField_eq_neg' depends on axioms: [propext, Classical.choice, Quot.sound]
