@pairingLM : {V : Type u_1} → [Fintype V] → (V → ℝ) → (V → ℝ) →ₗ[ℝ] (V → ℝ) →ₗ[ℝ] ℝ
@scalarMulLM : {V : Type u_1} → (V → ℝ) → (V → ℝ) →ₗ[ℝ] V → ℝ
@edgeLap : {V : Type u_1} →
  {E : Type u_2} →
    [inst : Fintype V] →
      [inst_1 : Fintype E] →
        [inst_2 : DecidableEq V] → Divergence.DivergenceData V E → (E → ℝ) → E → (V → ℝ) →ₗ[ℝ] V → ℝ
@graphLaplacian : {V : Type u_1} →
  {E : Type u_2} →
    [inst : Fintype V] →
      [inst_1 : Fintype E] → [inst_2 : DecidableEq V] → Divergence.DivergenceData V E → (E → ℝ) → (V → ℝ) →ₗ[ℝ] V → ℝ
@laplaceBeltrami : {V : Type u_1} →
  {E : Type u_2} →
    [inst : Fintype V] →
      [inst_1 : Fintype E] →
        [inst_2 : DecidableEq V] → Divergence.DivergenceData V E → (E → ℝ) → (V → ℝ) → (V → ℝ) →ₗ[ℝ] V → ℝ
@dirichletForm : {V : Type u_1} →
  {E : Type u_2} →
    [inst : Fintype V] →
      [inst_1 : Fintype E] →
        [inst_2 : DecidableEq V] → Divergence.DivergenceData V E → (E → ℝ) → Finset V → (V → ℝ) → (V → ℝ) → ℝ
@boundaryPair : {V : Type u_1} →
  {E : Type u_2} →
    [inst : Fintype V] →
      [inst_1 : Fintype E] →
        [inst_2 : DecidableEq V] → Divergence.DivergenceData V E → (E → ℝ) → Finset V → (V → ℝ) → (V → ℝ) → ℝ
@boundaryForm : {V : Type u_1} →
  {E : Type u_2} →
    [inst : Fintype V] →
      [inst_1 : Fintype E] →
        [inst_2 : DecidableEq V] → Divergence.DivergenceData V E → (E → ℝ) → Finset V → (V → ℝ) → (V → ℝ) → ℝ
@green_first : ∀ {V : Type u_1} {E : Type u_2} [inst : Fintype V] [inst_1 : Fintype E] [inst_2 : DecidableEq V]
  (D : Divergence.DivergenceData V E) (w : E → ℝ) (m : V → ℝ),
  (∀ (x : V), m x ≠ 0) →
    ∀ (S : Finset V) (u v : V → ℝ),
      pairingOn m S ((laplaceBeltrami D w m) u) v = -dirichletForm D w S u v + boundaryPair D w S u v
@green_second : ∀ {V : Type u_1} {E : Type u_2} [inst : Fintype V] [inst_1 : Fintype E] [inst_2 : DecidableEq V]
  (D : Divergence.DivergenceData V E) (w : E → ℝ) (m : V → ℝ),
  (∀ (x : V), m x ≠ 0) →
    ∀ (S : Finset V) (u v : V → ℝ),
      pairingOn m S ((laplaceBeltrami D w m) u) v - pairingOn m S ((laplaceBeltrami D w m) v) u = boundaryForm D w S u v
@dirichletForm_nonneg : ∀ {V : Type u_1} {E : Type u_2} [inst : Fintype V] [inst_1 : Fintype E] [inst_2 : DecidableEq V]
  (D : Divergence.DivergenceData V E) (w : E → ℝ) (S : Finset V) (u : V → ℝ),
  (∀ (e : E), 0 ≤ w e) → 0 ≤ dirichletForm D w S u u
@boundaryPair_univ : ∀ {V : Type u_1} {E : Type u_2} [inst : Fintype V] [inst_1 : Fintype E] [inst_2 : DecidableEq V]
  (D : Divergence.DivergenceData V E) (w : E → ℝ) (u v : V → ℝ), boundaryPair D w Finset.univ u v = 0
MetricFlowInterface : (F : Type u_1) → [inst : AddCommGroup F] → [Module ℝ F] → Type u_1
Jet : Type u_1 → Type u_1
ConjugateHeatData : (F : Type u_1) → [inst : AddCommGroup F] → [Module ℝ F] → Type u_1
@ConjugateHeatData.formal_adjoint : ∀ {F : Type u_1} [inst : AddCommGroup F] [inst_1 : Module ℝ F]
  (D : ConjugateHeatData F) (j k : Jet F),
  (D.pairing (D.forwardHeat j)) k.1 - (D.pairing j.1) (D.backwardHeat k) =
    D.volumeVariation j k - D.boundaryForm j.1 k.1
@ConjugateHeatData.isConjugateHeatJet_self : ∀ {F : Type u_1} [inst : AddCommGroup F] [inst_1 : Module ℝ F]
  (D : ConjugateHeatData F) (u : F), D.IsConjugateHeatJet (u, -D.laplacian u + D.scalarMul u)
@ConjugateHeatData.isHeatJet_self : ∀ {F : Type u_1} [inst : AddCommGroup F] [inst_1 : Module ℝ F]
  (D : ConjugateHeatData F) (u : F), D.IsHeatJet (u, D.laplacian u)
@ConjugateHeatIBPCertificate : {F : Type u_1} →
  [inst : AddCommGroup F] → [inst_1 : Module ℝ F] → ConjugateHeatData F → Jet F → Jet F → Type
@conjugateHeatIBPCertificate : {F : Type u_1} →
  [inst : AddCommGroup F] →
    [inst_1 : Module ℝ F] → (D : ConjugateHeatData F) → (j k : Jet F) → ConjugateHeatIBPCertificate D j k
@metricFlowInterface : {V : Type u_1} →
  {E : Type u_2} →
    [inst : Fintype V] →
      [inst_1 : Fintype E] →
        [inst_2 : DecidableEq V] →
          Divergence.DivergenceData V E →
            (E → ℝ) → (m : V → ℝ) → (V → ℝ) → (∀ (x : V), m x ≠ 0) → Finset V → MetricFlowInterface (V → ℝ)
@conjugateHeatData : {V : Type u_1} →
  {E : Type u_2} →
    [inst : Fintype V] →
      [inst_1 : Fintype E] →
        [inst_2 : DecidableEq V] →
          Divergence.DivergenceData V E →
            (E → ℝ) → (m : V → ℝ) → (V → ℝ) → (∀ (x : V), m x ≠ 0) → Finset V → ConjugateHeatData (V → ℝ)
@conjugateHeatData_formal_adjoint : ∀ {V : Type u_1} {E : Type u_2} [inst : Fintype V] [inst_1 : Fintype E]
  [inst_2 : DecidableEq V] (D : Divergence.DivergenceData V E) (w : E → ℝ) (m R : V → ℝ) (hm : ∀ (x : V), m x ≠ 0)
  (S : Finset V) (j k : Jet (V → ℝ)),
  ((conjugateHeatData D w m R hm S).pairing ((conjugateHeatData D w m R hm S).forwardHeat j)) k.1 -
      ((conjugateHeatData D w m R hm S).pairing j.1) ((conjugateHeatData D w m R hm S).backwardHeat k) =
    (conjugateHeatData D w m R hm S).volumeVariation j k - boundaryForm D w S j.1 k.1
@energy : {V : Type u_1} → [Fintype V] → (V → ℝ) → (V → ℝ) → ℝ
@conjugateHeatStep : {V : Type u_1} →
  {E : Type u_2} →
    [inst : Fintype V] →
      [inst_1 : Fintype E] →
        [inst_2 : DecidableEq V] → Divergence.DivergenceData V E → (E → ℝ) → (V → ℝ) → (V → ℝ) → (V → ℝ) → V → ℝ
@energy_le_energy_conjugateHeatStep : ∀ {V : Type u_1} {E : Type u_2} [inst : Fintype V] [inst_1 : Fintype E]
  [inst_2 : DecidableEq V] (D : Divergence.DivergenceData V E) (w : E → ℝ) (m R : V → ℝ),
  (∀ (x : V), 0 < m x) →
    (∀ (e : E), 0 ≤ w e) → (∀ (x : V), 0 ≤ R x) → ∀ (u : V → ℝ), energy m u ≤ energy m (conjugateHeatStep D w m R u)
@energy_mono_slab : ∀ {V : Type u_1} {E : Type u_2} [inst : Fintype V] [inst_1 : Fintype E] [inst_2 : DecidableEq V]
  {n : ℕ} (D : Divergence.DivergenceData V E) (w : E → ℝ) (m R : V → ℝ),
  (∀ (x : V), 0 < m x) →
    (∀ (e : E), 0 ≤ w e) →
      (∀ (x : V), 0 ≤ R x) →
        ∀ (u : Fin (n + 1) → V → ℝ),
          (∀ (k : Fin n), u k.succ = conjugateHeatStep D w m R (u k.castSucc)) →
            energy m (u 0) ≤ energy m (u (Fin.last n))
ConjugateHeatKernelExistenceStatement : Prop
@IsConjugateHeatKernel : {M : Type u_1} →
  [inst : TopologicalSpace M] → [inst_1 : MeasurableSpace M] → ConjugateHeatSpacetime M → ℝ → (M → M → ℝ → ℝ) → Prop
@IsRiemannianConjugateHeatSpacetime : {M : Type u_1} →
  [inst : TopologicalSpace M] → [inst_1 : MeasurableSpace M] → ConjugateHeatSpacetime M → Prop
blockers : List Blocker
MissingMathlibDependencies : List String
LinearMap.mk₂ : (R : Type u_1) →
  [inst : CommSemiring R] →
    {M : Type u_2} →
      {Nₗ : Type u_3} →
        {Pₗ : Type u_4} →
          [inst_1 : AddCommMonoid M] →
            [inst_2 : AddCommMonoid Nₗ] →
              [inst_3 : AddCommMonoid Pₗ] →
                [inst_4 : Module R M] →
                  [inst_5 : Module R Nₗ] →
                    [inst_6 : Module R Pₗ] →
                      (f : M → Nₗ → Pₗ) →
                        (∀ (m₁ m₂ : M) (n : Nₗ), f (m₁ + m₂) n = f m₁ n + f m₂ n) →
                          (∀ (c : R) (m : M) (n : Nₗ), f (c • m) n = c • f m n) →
                            (∀ (m : M) (n₁ n₂ : Nₗ), f m (n₁ + n₂) = f m n₁ + f m n₂) →
                              (∀ (c : R) (m : M) (n : Nₗ), f m (c • n) = c • f m n) → M →ₗ[R] Nₗ →ₗ[R] Pₗ
@LinearMap.pi : {R : Type u_1} →
  {M₂ : Type u_2} →
    {ι : Type u_3} →
      [inst : Semiring R] →
        [inst_1 : AddCommMonoid M₂] →
          [inst_2 : Module R M₂] →
            {φ : ι → Type u_4} →
              [inst_3 : (i : ι) → AddCommMonoid (φ i)] →
                [inst_4 : (i : ι) → Module R (φ i)] → ((i : ι) → M₂ →ₗ[R] φ i) → M₂ →ₗ[R] (i : ι) → φ i
@LinearMap.proj : {R : Type u_1} →
  {ι : Type u_2} →
    [inst : Semiring R] →
      {φ : ι → Type u_3} →
        [inst_1 : (i : ι) → AddCommMonoid (φ i)] →
          [inst_2 : (i : ι) → Module R (φ i)] → (i : ι) → ((i : ι) → φ i) →ₗ[R] φ i
@Finset.sum_ite_eq' : ∀ {ι : Type u_1} {M : Type u_2} [inst : AddCommMonoid M] [inst_1 : DecidableEq ι] (s : Finset ι)
  (a : ι) (b : ι → M), (∑ x ∈ s, if x = a then b x else 0) = if a ∈ s then b a else 0
@Finset.sum_filter : ∀ {ι : Type u_1} {M : Type u_2} {s : Finset ι} [inst : AddCommMonoid M] (p : ι → Prop)
  [inst_1 : DecidablePred p] (f : ι → M), ∑ a ∈ s with p a, f a = ∑ a ∈ s, if p a then f a else 0
@Finset.sum_nonneg : ∀ {ι : Type u_1} {N : Type u_2} [inst : AddCommMonoid N] [inst_1 : Preorder N] {f : ι → N}
  {s : Finset ι} [AddLeftMono N], (∀ i ∈ s, 0 ≤ f i) → 0 ≤ ∑ i ∈ s, f i
@Finset.sum_comm : ∀ {α : Type u_1} {β : Type u_2} {γ : Type u_3} [inst : AddCommMonoid β] {s : Finset γ} {t : Finset α}
  {f : γ → α → β}, ∑ x ∈ s, ∑ y ∈ t, f x y = ∑ y ∈ t, ∑ x ∈ s, f x y
@mul_self_nonneg : ∀ {R : Type u_1} [inst : Semiring R] [inst_1 : LinearOrder R] [ExistsAddOfLE R] [PosMulMono R]
  [AddLeftMono R] (a : R), 0 ≤ a * a
Measure : (α : Type u_1) → [MeasurableSpace α] → Type u_1
@integral : {α : Type u_1} →
  {G : Type u_2} → [inst : NormedAddCommGroup G] → [NormedSpace ℝ G] → {x : MeasurableSpace α} → Measure α → (α → G) → G
@Measure.dirac : {α : Type u_1} → [inst : MeasurableSpace α] → α → Measure α
@Measure.addHaar : {G : Type u_1} →
  [inst : AddGroup G] →
    [inst_1 : TopologicalSpace G] →
      [IsTopologicalAddGroup G] → [inst : MeasurableSpace G] → [BorelSpace G] → [LocallyCompactSpace G] → Measure G
@Tendsto : {α : Type u_1} → {β : Type u_2} → (α → β) → Filter α → Filter β → Prop
@ModelWithCorners.boundary : {𝕜 : Type u_1} →
  [inst : NontriviallyNormedField 𝕜] →
    {E : Type u_2} →
      [inst_1 : NormedAddCommGroup E] →
        [inst_2 : NormedSpace 𝕜 E] →
          {H : Type u_3} →
            [inst_3 : TopologicalSpace H] →
              {I : ModelWithCorners 𝕜 E H} → (M : Type u_4) → [inst : TopologicalSpace M] → [ChartedSpace H M] → Set M
@mfderiv : {𝕜 : Type u_1} →
  [inst : NontriviallyNormedField 𝕜] →
    {E : Type u_2} →
      [inst_1 : NormedAddCommGroup E] →
        [inst_2 : NormedSpace 𝕜 E] →
          {H : Type u_3} →
            [inst_3 : TopologicalSpace H] →
              (I : ModelWithCorners 𝕜 E H) →
                {M : Type u_4} →
                  [inst_4 : TopologicalSpace M] →
                    [inst_5 : ChartedSpace H M] →
                      {E' : Type u_5} →
                        [inst_6 : NormedAddCommGroup E'] →
                          [inst_7 : NormedSpace 𝕜 E'] →
                            {H' : Type u_6} →
                              [inst_8 : TopologicalSpace H'] →
                                (I' : ModelWithCorners 𝕜 E' H') →
                                  {M' : Type u_7} →
                                    [inst_9 : TopologicalSpace M'] →
                                      [inst_10 : ChartedSpace H' M'] →
                                        (f : M → M') → (x : M) → TangentSpace I x →L[𝕜] TangentSpace I' (f x)
@ContMDiff : {𝕜 : Type u_1} →
  [inst : NontriviallyNormedField 𝕜] →
    {E : Type u_2} →
      [inst_1 : NormedAddCommGroup E] →
        [inst_2 : NormedSpace 𝕜 E] →
          {H : Type u_3} →
            [inst_3 : TopologicalSpace H] →
              ModelWithCorners 𝕜 E H →
                {M : Type u_4} →
                  [inst_4 : TopologicalSpace M] →
                    [ChartedSpace H M] →
                      {E' : Type u_5} →
                        [inst_6 : NormedAddCommGroup E'] →
                          [inst_7 : NormedSpace 𝕜 E'] →
                            {H' : Type u_6} →
                              [inst_8 : TopologicalSpace H'] →
                                ModelWithCorners 𝕜 E' H' →
                                  {M' : Type u_7} →
                                    [inst : TopologicalSpace M'] → [ChartedSpace H' M'] → WithTop ℕ∞ → (M → M') → Prop
@TangentSpace : {𝕜 : Type u_2} →
  [inst : NontriviallyNormedField 𝕜] →
    {E : Type u_1} →
      [inst_1 : NormedAddCommGroup E] →
        [inst_2 : NormedSpace 𝕜 E] →
          {H : Type u_3} →
            [inst_3 : TopologicalSpace H] →
              ModelWithCorners 𝕜 E H → {M : Type u_4} → [inst : TopologicalSpace M] → [ChartedSpace H M] → M → Type u_1
@integral_divergence_of_hasFDerivAt_off_countable : ∀ {E : Type u_1} [inst : NormedAddCommGroup E]
  [inst_1 : NormedSpace ℝ E] {n : ℕ} (a b : Fin (n + 1) → ℝ),
  a ≤ b →
    ∀ (f : (Fin (n + 1) → ℝ) → Fin (n + 1) → E) (f' : (Fin (n + 1) → ℝ) → (Fin (n + 1) → ℝ) →L[ℝ] Fin (n + 1) → E)
      (s : Set (Fin (n + 1) → ℝ)),
      s.Countable →
        ContinuousOn f (Set.Icc a b) →
          (∀ x ∈ (Set.univ.pi fun i => Set.Ioo (a i) (b i)) \ s, HasFDerivAt f (f' x) x) →
            IntegrableOn (fun x => ∑ i, (f' x) (Pi.single i 1) i) (Set.Icc a b) volume →
              ∫ (x : Fin (n + 1) → ℝ) in Set.Icc a b, ∑ i, (f' x) (Pi.single i 1) i =
                ∑ i,
                  ((∫ (x : Fin n → ℝ) in Set.Icc (a ∘ i.succAbove) (b ∘ i.succAbove), f (i.insertNth (b i) x) i) -
                    ∫ (x : Fin n → ℝ) in Set.Icc (a ∘ i.succAbove) (b ∘ i.succAbove), f (i.insertNth (a i) x) i)
Unknown identifier `heatKernel`
Unknown identifier `Manifold.heatKernel`
Unknown identifier `conjugateHeatKernel`
Unknown identifier `MeasureTheory.diracDelta`
Unknown identifier `GaussianUpperBound`
Unknown identifier `parabolicMaximumPrinciple`
Unknown identifier `RicciFlow`
Unknown identifier `HeatSemigroup`
