$ python3 /data3/guoshaoyang/workdir/lean_poincare/longrun/worktrees/D5_clean_rebuild/tools/scan_forbidden.py /data3/guoshaoyang/workdir/lean_poincare/longrun/worktrees/D5_clean_rebuild/release
# cwd: /data3/guoshaoyang/workdir/lean_poincare/longrun/worktrees/D5_clean_rebuild
{
 "schema": "d5-clean-rebuild/forbidden-scan-v1",
 "roots": [
  "/data3/guoshaoyang/workdir/lean_poincare/longrun/worktrees/D5_clean_rebuild/release"
 ],
 "lean_files_scanned": 61,
 "hard_forbidden": [
  "sorry",
  "axiom",
  "unsafe",
  "native_decide",
  "proof_wanted",
  "sorryAx",
  "admit"
 ],
 "soft_flags": [
  "implemented_by",
  "extern"
 ],
 "hard_match_count": 0,
 "soft_match_count": 0,
 "matches": []
}
