2026-09-09T23:31:58+0800 LAUNCH D9-deturck-trick (D9_deturck_trick.md)
2026-09-09T23:31:58+0800 LAUNCH D9-ancient-kappa-solutions (D9_ancient_kappa_solutions.md)
2026-09-09T23:31:58+0800 LAUNCH D9-sobolev-parabolic-estimates (D9_sobolev_parabolic_estimates.md)
2026-09-09T23:31:58+0800 LAUNCH D9-ricci-flow-surfaces (D9_ricci_flow_surfaces.md)
2026-09-09T23:51:58+0800 REPAIR D9-deturck-trick attempt 1 queued
2026-09-09T23:51:59+0800 REPAIR D9-ancient-kappa-solutions attempt 1 queued
2026-09-09T23:51:59+0800 REPAIR D9-sobolev-parabolic-estimates attempt 1 queued
2026-09-09T23:51:59+0800 REPAIR D9-ricci-flow-surfaces attempt 1 queued
2026-09-09T23:51:59+0800 LAUNCH D9-deturck-trick (REPAIR_D9-deturck-trick.md)
2026-09-09T23:51:59+0800 LAUNCH D9-ancient-kappa-solutions (REPAIR_D9-ancient-kappa-solutions.md)
2026-09-09T23:51:59+0800 LAUNCH D9-sobolev-parabolic-estimates (REPAIR_D9-sobolev-parabolic-estimates.md)
2026-09-09T23:51:59+0800 LAUNCH D9-ricci-flow-surfaces (REPAIR_D9-ricci-flow-surfaces.md)
2026-09-10T00:05:38+0800 PROMOTE D9-deturck-trick verified (gate 63 files)
2026-09-10T00:09:32+0800 PROMOTE D9-ancient-kappa-solutions verified (gate 68 files)
2026-09-10T00:13:46+0800 PROMOTE D9-sobolev-parabolic-estimates verified (gate 69 files)
2026-09-10T00:18:01+0800 PROMOTE D9-ricci-flow-surfaces verified (gate 69 files)
2026-09-10T08:58:05+0800 LAUNCH D10-triangulation-low-dim (D10_triangulation_low_dim.md)
2026-09-10T08:58:05+0800 LAUNCH D10-gaussian-toolbox (D10_gaussian_toolbox.md)
2026-09-10T09:38:06+0800 REPAIR D10-triangulation-low-dim attempt 1 queued
2026-09-10T09:42:07+0800 PROMOTE D10-gaussian-toolbox verified (gate 68 files)
2026-09-10T09:42:07+0800 LAUNCH D10-triangulation-low-dim (REPAIR_D10-triangulation-low-dim.md)
2026-09-10T09:56:30+0800 PROMOTE D10-triangulation-low-dim verified (gate 68 files)
2026-09-10T20:46:36+0800 LAUNCH D11-comparison-geometry-models (D11_comparison_geometry_models.md)
2026-09-10T20:46:36+0800 LAUNCH D11-triangulation-3d (D11_triangulation_3d.md)
2026-09-10T20:46:36+0800 LAUNCH D11-reduced-volume-euclidean (D11_reduced_volume_euclidean.md)
