dsh: reasoning:
Let me start by understanding the current state of the worktree. I need to:
1. Read checkpoint.json, longrun/results/D12-geometric-compactness.md, LONG_PLAN.json
2. Look at the release/ directory structure
3. Read D7/D9/D10/D11 sources and result cards
4. Inspect mathlib Gromov-Hausdorff and metric compactness definitions
5. Read the pinned mathlib source and frenzymath snapshot

Let me begin by exploring the worktree.
dsh: reasoning:
The worktree has no checkpoint.json yet and no D12 results. Let me look at the directory structure more, read LONG_PLAN.json, README.md, and the release directory.
dsh: reasoning:
This is a substantial task. Let me understand the context:

- Task D12-geometric-compactness: construct a nontrivial compactness/precompactness theorem from uniform covering-number or equicontinuity estimates using genuine metric spaces.
- Need to inspect mathlib Gromov-Hausdorff and metric compactness definitions.
- D7/D9 certificates.
- Supply subsequence/convergence witnesses, point out missing smooth/gauge/curvature steps for Cheeger-Gromov.
- Design ancient-kappa/canonical-neighborhood dependencies as next proof frontier.
- Must not prove compactness by assuming a record containing a convergent subsequence.

Let me look at:
1. The release directory (D7/D9/D10/D11 modules) — specifically D7 and D9 certificates related to compactness.
2. mathlib definitions: GromovHausdorff, Metric compactness, TotallyBounded, SequentiallyCompact, etc.
3. The frenzymath snapshot.

Let me start exploring. First the directory structure more fully, the manifest, and the D7/D9 content.
dsh: reasoning:
Now let me look at the relevant D7/D9/D10/D11 sources. The task says "Read D7/D9 certificates". Let me look for the D7/D9 sources in the release tree — likely under release/Poincare/Longrun/{Topology, PDE, Entropy, Surgery}. Let me check the theorem-dependency-ledger.json for the compactness-related items (Gromov-Hausdorff, Cheeger-Gromov, kappa, canonical neighborhoods).

Also, I should look at mathlib's definitions of:
- `TotallyBounded` / `totallyBounded`
- `IsCompact`, `IsSeqCompact`, `SeqCompactSpace`
- Gromov-Hausdorff: `GromovHausdorff` is in mathlib under `Topology/MetricSpace/GromovHausdorff.lean`
- `Metric.exists_cover_nat_isCompact`? etc.

Also frenzymath snapshot: `third_party/frenzymath/Poincare-Conjecture` at commit bb91a091. Read `docs/UPSTREAM-INTEGRATION.md` and `third_party/frenzymath/IMPORT.md`.

Let me look at those, plus check what the Lean toolchain looks like and how to build. First, let me check the environment: elan, lake.
dsh: reasoning:
IMPORT.md is empty? Let me check again. Also, let me check the third_party structure. And find where mathlib is pinned (lake-manifest.json), and check whether there's a prebuilt mathlib in .lake/packages.
dsh: reasoning:
Good. Now let me look at the relevant existing D7/D9 content about compactness. The task says: "Inspect actual mathlib Gromov-Hausdorff and metric compactness definitions and D7/D9 certificates."

D7 certificates likely correspond to some modules in release/Poincare/Longrun/. Let me grep for GromovHausdorff, CheegerGromov, kappa, canonical in the release tree. Also look at manifest/theorem-dependency-ledger.json for compactness-related entries.

Also, let me check the mathlib source (release/.lake/packages/mathlib) for GromovHausdorff definitions and compactness definitions: TotallyBounded, IsSeqCompact, etc.
dsh: reasoning:
Now I understand the context. My task is D12-geometric-compactness:
- Inspect actual mathlib Gromov-Hausdorff and metric compactness definitions, and D7/D9 certificates.
- Construct a nontrivial compactness/precompactness theorem from uniform covering-number or equicontinuity estimates using genuine metric spaces.
- Supply subsequence/convergence witnesses and point out the missing smooth/gauge/curvature steps for Cheeger-Gromov.
- Design ancient-kappa/canonical-neighborhood dependencies as next proof frontier.

Let me now look at:
1. D7/D9 certificates — I need to find which modules correspond to D7 and D9. Let me check `manifest/next-20-tasks.json` and `manifest/verified-theorems.json` for references to D7/D9. Also check `input/` directory.

2. mathlib Gromov-Hausdorff definitions in `release/.lake/packages/mathlib/Mathlib/Topology/MetricSpace/GromovHausdorff.lean`.

3. Mathlib metric compactness: `TotallyBounded`, `IsSeqCompact`, `SeqCompactSpace`, `IsCompact`, Arzela-Ascoli: `Mathlib/Topology/UniformSpace/Ascoli.lean` has equicontinuity-based compactness! That's a real, proved theorem in mathlib: `ascoli` / `UniformEquicontinuous`... Actually the classic: `Mathlib/Topology/UniformSpace/Equicontinuity.lean` and `Mathlib/Analysis/...`. The Arzela-Ascoli theorem is `Mathlib.Topology.UniformSpace.Ascoli`? Let me check. Actually in mathlib, there's `Mathlib/Topology/UniformSpace/Ascoli.lean` (I recall "ascoli" theorems). Let me look.

The strategy for a nontrivial theorem:
- Use mathlib's genuine definitions: `TotallyBounded`, `IsCompact`, metric spaces.
- Prove: a set of functions (or a metric space) with uniform covering numbers (totally bounded at all scales = precompact) is relatively compact / has a Cauchy subsequence... but "Do not prove compactness by assuming a record containing a convergent subsequence."

A genuinely useful and nontrivial-but-provable direction:
1. **Covering-number → total boundedness → sequential compactness in complete metric spaces** using mathlib's own machinery. In mathlib: `Metric.totallyBounded_iff` and the theorem that a metric space is compact iff complete and totally bounded (`Metric.isCompact_iff_isComplete_isTotallyBounded` / `isCompact_iff_isClosed_isTotallyBounded`?). And `isSeqCompact_iff_isCompact` (IsSeqCompact = compact in metric/pseudo-metric spaces). And "every sequence in a totally bounded space has a Cauchy subsequence" (`totallyBounded_iff_subseq_cauchy`? There's `Metric.totallyBounded_iff_subseq_cauchy` maybe). Mathlib has `SequentiallyCompact`? There is `IsSeqCompact`. Let me check the API.

2. **Gromov-Hausdorff**: mathlib has `GromovHausdorff` as a quotient of `GHSpace`... Actually mathlib has `Mathlib/Topology/MetricSpace/GromovHausdorff.lean` which defines GH space via "couplings" of isometric embeddings into a common space, and proves GH distance properties. I remember it's quite developed: `GromovHausdorff.HausdorffDist`, `isCompactSpace` etc. Also `GromovHausdorff.isPreconnectedSpace`... not sure.

3. A nontrivial theorem that connects covering numbers to GH-distance: e.g. "if X and Y are compact metric spaces and there are ε-nets with bijections between them such that pairwise distances differ by < ε (an ε-isometry), then GH distance ≤ ε" — mathlib may have parts of this. Also "totally bounded ⇒ GH-precompact"? The GH space is complete. 

Let me be concrete about what's provable in the available mathlib revision 7974e751 (v4.34.0-rc2 era... actually the pinned rev). First I need to check what's in the pinned mathlib:
- `Mathlib/Topology/MetricSpace/GromovHausdorff.lean`
- Ascoli: search for "ascoli" in mathlib.

A plan for a solid, genuinely new theorem:

**Theorem A (covering-number ⇒ precompact in GH space)**: Hmm, mathlib's GromovHausdorff might have completeness proved. If GH space is complete, and there is a uniformly bounded covering-number family of compact metric spaces, then that family is totally bounded in GH distance → relatively compact. This is essentially Gromov's compactness criterion (bounded diameter + ε-nets of bounded size). The key geometric ingredient: ε-nets in X and Y with pairwise-close distances give GH-distance control. This is a real new theorem proving precompactness from covering numbers, using mathlib's genuine GH definitions. That's exactly "uniform covering-number" compactness.

But mathlib's GromovHausdorff file might be heavyweight. Let me check its contents first.

**Theorem B (equicontinuity ⇒ precompactness / Arzelà–Ascoli)**: mathlib has Ascoli in `Mathlib/Topology/UniformSpace/Ascoli.lean`? Let me search. If mathlib has the full Arzelà-Ascoli, then using it to derive compactness of the family of embeddings might be "reuse", but the task wants me to *construct* a nontrivial theorem. Using mathlib's Ascoli to prove precompactness of a function space is legitimate reuse (it's an open-source library with a license). But the harder part is subsequence witnesses.

Let me first survey what exists. Let me look at the mathlib files.
dsh: reasoning:
The pinned mathlib is at 7974e751be (a 2025-ish revision for v4.34.0-rc2). There are files:
- `Mathlib/Topology/MetricSpace/GromovHausdorff.lean`
- `Mathlib/Topology/MetricSpace/GromovHausdorffRealized.lean`
- `Mathlib/Topology/MetricSpace/CoveringNumbers.lean`
- `Mathlib/Topology/MetricSpace/Equicontinuity.lean`
- `Mathlib/Topology/UniformSpace/Ascoli.lean`

These are exactly the tools. Let me read GromovHausdorff.lean and CoveringNumbers.lean and Ascoli.lean headers to see what's available.
dsh: reasoning:
Excellent! Mathlib's GromovHausdorff.lean already has:
- `ghDist_le_of_approx_subsets` (line 538): GH distance control from an ε-isometry-ish map on subsets. 
- `totallyBounded` (line 735): `{t : Set GHSpace} {C : ℝ} {u : ℕ → ℝ} {K : ℕ → ℕ}` — a totally-boundedness criterion for sets of GH spaces given covering-number bounds! This is Gromov's compactness criterion in mathlib.
- `CompleteSpace GHSpace` (line 938).

Let me read these in detail. This is exactly the "covering number" theory. If mathlib already proves the precompactness (totallyBounded) from covering numbers, then my new theorem could be:
- A *relative compactness / existence of convergent subsequence* theorem derived from `totallyBounded` + `CompleteSpace GHSpace` + mathlib's general `isCompact_iff`/`isSeqCompact` machinery — i.e., "every sequence of compact metric spaces with uniformly bounded covering numbers has a subsequence converging in GH distance" — supplying an actual subsequence/convergence witness (`IsSeqCompact` gives `SeqCompactSpace`...).

Wait — but the task says "Do not prove compactness by assuming a record containing a convergent subsequence." So I must derive the subsequence from genuine compactness arguments, e.g., mathlib's `SeqCompactSpace GHSpace`? Does mathlib prove `IsSeqCompact` for GHSpace? Since GHSpace is complete and totally bounded, and mathlib has `Metric.isSeqCompact_iff_isCompact`... Actually there's `seqCompactSpace_iff` / `isSeqCompact_iff_isCompact` for metric spaces. If GHSpace is compact... it's not compact globally (unbounded). But the set `t` with bounded covering numbers: `totallyBounded t` → closure is compact (`isCompact_closure`?) Hmm: mathlib has `isCompact_of_totallyBounded_isClosed` and `totallyBounded_iff`. For complete spaces: `isCompact_iff_isComplete_isTotallyBounded`? Let me check `Mathlib/Topology/MetricSpace/Compact.lean`? Actually `isCompact_iff_totallyBounded_isComplete` for uniform spaces: `isCompact_iff_totallyBounded_isComplete`. And sequential compactness: `isSeqCompact_iff_isCompact` holds in metrizable spaces? mathlib: `Topology/UniformSpace/Compact.lean` has `isSeqCompact_iff_isCompact` for second countable + ... Let me search.

Actually, for a compact metric space, mathlib has `SeqCompactSpace` derived from `CompactSpace` via `TopologicalSpace.SeqCompactSpace`... There's `instSeqCompactSpace` — in `Mathlib/Topology/Compactness/SequentiallyCompact.lean`? Let me check: mathlib has `Mathlib.Topology.Instances.Nat`? Hmm.

The key general facts in mathlib:
1. `Metric.isCompact_iff_isClosed_isTotallyBounded`? Actually: `isCompact_iff_totallyBounded_isComplete` (in `Mathlib/Topology/MetricSpace/Compact.lean`? or `Mathlib/Topology/UniformSpace/Compact.lean`).
2. `isSeqCompact_iff_isCompact` (uniform spaces with countably generated uniformity? In mathlib: `Topology/MetricSpace/Compact.lean`? Let me search for `isSeqCompact_iff`).

Actually I recall `isSeqCompact_iff_isCompact` is in `Mathlib/Topology/MetricSpace/Compact.lean`... not sure of location, but I can `#check`.

Then: totallyBounded t (covering-number criterion) + CompleteSpace GHSpace → compact closure of t → isSeqCompact (closure t) → every sequence in t has a subsequence converging to a point of closure t → Cauchy witness in GH space, which realizes to an actual GH-convergent sequence. This gives a genuine subsequence witness, derived from the covering-number hypothesis. That's a real, nontrivial, and useful theorem: "Gromov's precompactness criterion with explicit subsequence extraction."

Additionally, the task mentions equicontinuity estimates. mathlib's Ascoli: `Mathlib/Topology/UniformSpace/Ascoli.lean` has `ascoli` (Arzela-Ascoli: equicontinuous + pointwise relatively compact → relatively compact in compact-open topology). A theorem: "an equicontinuous family of maps from a compact metric space into a metric space, with relatively compact pointwise images, is relatively compact" — using mathlib's Ascoli to get compactness in compact-open topology, then... but the metric uniform convergence... `UniformConvergenceTopology`... This could be a second theorem. However, using Ascoli is "reuse", which is allowed and encouraged ("Reuse compatible open-source libraries where useful").

But wait — the acceptance rules require my *new* declarations to have axiom cones only {propext, Classical.choice, Quot.sound}, and no sorry. Using mathlib theorems is fine.

Now, the critical check: does the D7/D9 snapshot already have "compactness" content? The task says "Inspect actual mathlib Gromov-Hausdorff and metric compactness definitions and D7/D9 certificates." I need to find what D7 and D9 are in this release. From the ledger, tasks D1-D11. The release tree has modules from D3 (Topology/kappa-ledger), etc. Let me find the D7/D9 result cards... The release contains `manifest/verified-theorems.json`. D7 = ? D9 = ? Let me search the manifests for "D7" and "D9".

Also let me read the GromovHausdorff `totallyBounded` theorem and `ghDist_le_of_approx_subsets` to understand their hypotheses precisely, plus `CompleteSpace GHSpace`. Then decide the target theorem.

Plan of attack for this 4-hour invocation:
1. Survey: mathlib GromovHausdorff.lean (key theorems), CoveringNumbers.lean, Ascoli.lean, Equicontinuity, metric compactness APIs (isSeqCompact_iff_isCompact etc.). Also D7/D9 certificates in release + manifests.
2. Decide exact target theorem(s): 
   - Theorem 1 (Gromov precompactness with subsequence witness): from uniform covering-number bounds (diameter + ε-net sizes) on a sequence of compact metric spaces, extract a subsequence converging in GH sense. All from mathlib's `totallyBounded` + completeness + seq-compactness equivalence.
   - Possibly Theorem 2 (Ascoli-based equicontinuity precompactness in a metric function space with explicit subsequence).
   - Corollary: metric-space-level "ε-net covering number ⇒ totally bounded ⇒ Cauchy subsequence" — a general lemma, useful for the future Cheeger-Gromov application (bounded curvature + volume bound ⇒ covering number bounds via Bishop-Gromov — the missing geometric step).
3. Also design the Cheeger-Gromov missing-steps module: exact statements (as defs/thms of the *gap*): smooth approximation of GH-convergences (intrinsic isometries via gauge functions), curvature bound ⇒ covering estimate (Bishop-Gromov ⇒ ε-net cardinality via packing), and ancient-kappa/canonical-neighborhood dependencies. These should be `def` statements (Prop-valued, marked as frontier), NOT proved, NOT axiom — the task says "Design ancient-kappa/canonical-neighborhood dependencies as the next proof frontier without claiming those theorems." So a module with explicit `def`/`structure` statements plus a documentation-level dependency graph, and compile-checked.

First checkpoint (within ~1 hour): target statement + dependency search + first compiling lemma.

Let me now read the key mathlib code.
dsh: reasoning:
Excellent! mathlib has:
- `ghDist_le_of_approx_subsets` — ε-isometry lemma (proved).
- `totallyBounded` (GHSpace) — compactness criterion: `{t : Set GHSpace} {C : ℝ} {u : ℕ → ℝ} {K : ℕ → ℕ}`, `ulim : Tendsto u atTop (𝓝 0)`, diameter bound, covering-number bound → `TotallyBounded t`.
- `CompleteSpace GHSpace`.

Now, the missing piece for the subsequence witness: from `TotallyBounded t` + complete space → closure of t is compact → sequentially compact. Let me check the mathlib compactness API:
- `isCompact_iff_totallyBounded_isComplete`? Let me search.
- `isSeqCompact_iff_isCompact`? For metric spaces: `Topology/MetricSpace/Compact.lean`? Let me grep.

Then my new theorem: 

**GromovPrecompact (with subsequence witness)**: If `u : ℕ → ℝ` with `Tendsto u atTop (𝓝 0)`, `C : ℝ`, `K : ℕ → ℕ`, and `X : ℕ → Type*` a sequence of compact metric spaces each with diam ≤ C and covering number N(X_n, u(n)) ≤ K(n) (in mathlib terms: for all n, ∃ s, #s ≤ K n ∧ covering), then the sequence of GH-points `toGHSpace (X n)` has a subsequence converging in GHSpace. The witness: `∃ φ : ℕ → ℕ, StrictMono φ ∧ ∃ L : GHSpace, Tendsto (fun n => toGHSpace (X (φ n))) atTop (𝓝 L)`.

Hmm, but there's a subtlety: `toGHSpace (X n)` requires `CompactSpace (X n)` and `Nonempty (X n)` and `MetricSpace (X n)` as instances — with a sequence of types, instances per n don't automatically exist. We need typeclass instances for each `X n` — can't have `[∀ n, MetricSpace (X n)]` as a typeclass... Actually we can:
mathlib already has a Gromov–Hausdorff compactness criterion. Let me read the key theorems in detail.
