Poincare/D13/ManifoldIBP/OverlapIBP.lean:90:12: warning: Variable name `A` is not explicitly referenced.

Hint: The binding can be removed (if unused) or named `_` (if used implicitly). Alternatively, prefix the name with `_` to silence this warning:
  [apply] _A

Note: This linter can be disabled with `set_option linter.unusedVariables false`
Poincare/D13/ManifoldIBP/OverlapIBP.lean:115:5: warning: Variable name `hsupp` is not explicitly referenced.

Hint: The binding can be removed (if unused) or named `_` (if used implicitly). Alternatively, prefix the name with `_` to silence this warning:
  [apply] _hsupp

Note: This linter can be disabled with `set_option linter.unusedVariables false`
'Poincare.D13.ManifoldIBP.integral_eq_restrict_of_support' depends on axioms: [propext, Classical.choice, Quot.sound]
'Poincare.D13.ManifoldIBP.setIntegral_eq_integral_of_support' depends on axioms: [propext, Classical.choice, Quot.sound]
'Poincare.D13.ManifoldIBP.OverlapAtlas.weight' depends on axioms: [propext, Classical.choice, Quot.sound]
'Poincare.D13.ManifoldIBP.OverlapAtlas.weight_toReal' depends on axioms: [propext, Classical.choice, Quot.sound]
'Poincare.D13.ManifoldIBP.OverlapAtlas.measurable_weight' depends on axioms: [propext, Classical.choice, Quot.sound]
'Poincare.D13.ManifoldIBP.OverlapAtlas.integral_chartMeasure_of_supported' depends on axioms: [propext,
 Classical.choice,
 Quot.sound]
'Poincare.D13.ManifoldIBP.OverlapAtlas.integral_globalMeasure_of_supported' depends on axioms: [propext,
 Classical.choice,
 Quot.sound]
'Poincare.D13.ManifoldIBP.OverlapAtlas.integral_globalMeasure_withDensity_of_supported' depends on axioms: [propext,
 Classical.choice,
 Quot.sound]
'Poincare.D13.ManifoldIBP.OverlapAtlas.globalWeightedIBP_of_chartSupported' depends on axioms: [propext,
 Classical.choice,
 Quot.sound]
'Poincare.D13.ManifoldIBP.OverlapAtlas.weight_zero' depends on axioms: [propext, Classical.choice, Quot.sound]
'Poincare.D13.ManifoldIBP.OverlapAtlas.globalIBP_of_chartSupported' depends on axioms: [propext,
 Classical.choice,
 Quot.sound]
'Poincare.D13.ManifoldIBP.OverlapAtlas.globalLaplacianIntegralZero_of_chartSupported' depends on axioms: [propext,
 Classical.choice,
 Quot.sound]
'Poincare.D13.ManifoldIBP.OverlapAtlas.globalWeightedIBP_of_chartSupported_smul' depends on axioms: [propext,
 Classical.choice,
 Quot.sound]
