Poincare/D13/ManifoldIBP/GlobalMeasure.lean:111:30: warning: Variable name `hy` is not explicitly referenced.

Hint: The binding can be removed (if unused) or named `_` (if used implicitly). Alternatively, prefix the name with `_` to silence this warning:
  [apply] _hy

Note: This linter can be disabled with `set_option linter.unusedVariables false`
'Poincare.D13.ManifoldIBP.OverlapAtlas.det_jacobianOf' depends on axioms: [propext, Classical.choice, Quot.sound]
'Poincare.D13.ManifoldIBP.OverlapAtlas.det_matrix_transform' depends on axioms: [propext, Classical.choice, Quot.sound]
'Poincare.D13.ManifoldIBP.OverlapAtlas.density_transform' depends on axioms: [propext, Classical.choice, Quot.sound]
'Poincare.D13.ManifoldIBP.OverlapAtlas.chartMeasure_apply' depends on axioms: [propext, Classical.choice, Quot.sound]
'Poincare.D13.ManifoldIBP.OverlapAtlas.chartMeasure_apply_eq' depends on axioms: [propext, Classical.choice, Quot.sound]
'Poincare.D13.ManifoldIBP.OverlapAtlas.globalMeasure_apply_chart' depends on axioms: [propext,
 Classical.choice,
 Quot.sound]
'Poincare.D13.ManifoldIBP.OverlapAtlas.chartMeasure_smul' depends on axioms: [propext, Classical.choice, Quot.sound]
'Poincare.D13.ManifoldIBP.OverlapAtlas.globalMeasure_smul' depends on axioms: [propext, Classical.choice, Quot.sound]
'Poincare.D13.ManifoldIBP.OverlapAtlas.globalMeasure_restrict_eq_chartMeasure' depends on axioms: [propext,
 Classical.choice,
 Quot.sound]
'Poincare.D13.ManifoldIBP.OverlapAtlas.globalMeasure_eq_chartMeasure_of_cover' depends on axioms: [propext,
 Classical.choice,
 Quot.sound]
