Poincare/D13/ManifoldIBP/SmoothAtlasPartial.lean:55:45: warning: `ContinuousLinearMap.zero_apply` has been deprecated: Use `zero_apply` instead

Note: The updated constant is in a different namespace. Dot notation may need to be changed (e.g., from `x.zero_apply` to `zero_apply x`).
Poincare/D13/ManifoldIBP/SmoothAtlasPartial.lean:73:14: warning: `if_pos` has been deprecated: Use `ite_eq_left` instead
Poincare/D13/ManifoldIBP/SmoothAtlasPartial.lean:80:14: warning: `if_neg` has been deprecated: Use `ite_eq_right` instead
Poincare/D13/ManifoldIBP/SmoothAtlasPartial.lean:120:45: warning: `ContinuousLinearMap.zero_apply` has been deprecated: Use `zero_apply` instead

Note: The updated constant is in a different namespace. Dot notation may need to be changed (e.g., from `x.zero_apply` to `zero_apply x`).
Poincare/D13/ManifoldIBP/SmoothAtlasPartial.lean:199:20: warning: `if_neg` has been deprecated: Use `ite_eq_right` instead
Poincare/D13/ManifoldIBP/SmoothAtlasPartial.lean:208:51: warning: `ContinuousLinearMap.zero_apply` has been deprecated: Use `zero_apply` instead

Note: The updated constant is in a different namespace. Dot notation may need to be changed (e.g., from `x.zero_apply` to `zero_apply x`).
Poincare/D13/ManifoldIBP/SmoothAtlasPartial.lean:256:51: warning: `ContinuousLinearMap.zero_apply` has been deprecated: Use `zero_apply` instead

Note: The updated constant is in a different namespace. Dot notation may need to be changed (e.g., from `x.zero_apply` to `zero_apply x`).
Poincare/D13/ManifoldIBP/SmoothAtlasPartial.lean:259:30: warning: `if_neg` has been deprecated: Use `ite_eq_right` instead
Poincare/D13/ManifoldIBP/SmoothAtlasPartial.lean:129:5: warning: Variable name `htrans` is not explicitly referenced.

Hint: The binding can be removed (if unused) or named `_` (if used implicitly). Alternatively, prefix the name with `_` to silence this warning:
  [apply] _htrans

Note: This linter can be disabled with `set_option linter.unusedVariables false`
Poincare/D13/ManifoldIBP/SmoothAtlasPartial.lean:274:67: warning: Variable name `hGuv` is not explicitly referenced.

Hint: The binding can be removed (if unused) or named `_` (if used implicitly). Alternatively, prefix the name with `_` to silence this warning:
  [apply] _hGuv

Note: This linter can be disabled with `set_option linter.unusedVariables false`
Poincare/D13/ManifoldIBP/SmoothAtlasPartial.lean:282:5: warning: Variable name `hvcc` is not explicitly referenced.

Hint: The binding can be removed (if unused) or named `_` (if used implicitly). Alternatively, prefix the name with `_` to silence this warning:
  [apply] _hvcc

Note: This linter can be disabled with `set_option linter.unusedVariables false`
'Poincare.D13.ManifoldIBP.support_gradInnerInverse_subset' depends on axioms: [propext, Classical.choice, Quot.sound]
'Poincare.D13.ManifoldIBP.SmoothOverlapAtlas.lift_apply_chart_of_support' depends on axioms: [propext,
 Classical.choice,
 Quot.sound]
'Poincare.D13.ManifoldIBP.SmoothOverlapAtlas.pouPiece_chart_of_support' depends on axioms: [propext,
 Classical.choice,
 Quot.sound]
'Poincare.D13.ManifoldIBP.SmoothOverlapAtlas.pouPiece_apply_of_mem' depends on axioms: [propext,
 Classical.choice,
 Quot.sound]
'Poincare.D13.ManifoldIBP.SmoothOverlapAtlas.pouPairing_apply_of_mem' depends on axioms: [propext,
 Classical.choice,
 Quot.sound]
'Poincare.D13.ManifoldIBP.SmoothOverlapAtlas.gradInnerInverse_eq_zero_of_eventuallyEq_zero' depends on axioms: [propext,
 Classical.choice,
 Quot.sound]
'Poincare.D13.ManifoldIBP.SmoothOverlapAtlas.sum_pouPairing_of_support' depends on axioms: [propext,
 Classical.choice,
 Quot.sound]
'Poincare.D13.ManifoldIBP.SmoothOverlapAtlas.globalWeightedIBP_of_pou_partial' depends on axioms: [propext,
 Classical.choice,
 Quot.sound]
