Poincare/D13/ManifoldIBP/PartialChartModel.lean:99:33: warning: `Set.mem_setOf_eq` has been deprecated: Use `Set.mem_ofPred_eq` instead
Poincare/D13/ManifoldIBP/PartialChartModel.lean:103:35: warning: `Set.mem_setOf_eq` has been deprecated: Use `Set.mem_ofPred_eq` instead
Poincare/D13/ManifoldIBP/PartialChartModel.lean:117:42: warning: `Set.mem_setOf_eq` has been deprecated: Use `Set.mem_ofPred_eq` instead
Poincare/D13/ManifoldIBP/PartialChartModel.lean:117:42: warning: This simp argument is unused:
  mem_setOf_eq

Hint: Omit it from the simp argument list.
  [apply] simp only [mem_inter_iff, mem_preimage, one_smul]

Note: This linter can be disabled with `set_option linter.unusedSimpArgs false`
Poincare/D13/ManifoldIBP/PartialChartModel.lean:128:42: warning: `Set.mem_setOf_eq` has been deprecated: Use `Set.mem_ofPred_eq` instead
Poincare/D13/ManifoldIBP/PartialChartModel.lean:129:32: warning: This simp argument is unused:
  one_mul

Hint: Omit it from the simp argument list.
  [apply] simp only [mem_inter_iff, mem_preimage, mem_setOf_eq, halfSpaceSource0, halfSpaceSource1, Pi.smul_apply,
    smul_eq_mul]

Note: This linter can be disabled with `set_option linter.unusedSimpArgs false`
Poincare/D13/ManifoldIBP/PartialChartModel.lean:138:42: warning: `Set.mem_setOf_eq` has been deprecated: Use `Set.mem_ofPred_eq` instead
Poincare/D13/ManifoldIBP/PartialChartModel.lean:155:42: warning: `Set.mem_setOf_eq` has been deprecated: Use `Set.mem_ofPred_eq` instead
Poincare/D13/ManifoldIBP/PartialChartModel.lean:324:14: warning: `if_pos` has been deprecated: Use `ite_eq_left` instead
Poincare/D13/ManifoldIBP/PartialChartModel.lean:332:14: warning: `if_neg` has been deprecated: Use `ite_eq_right` instead
Poincare/D13/ManifoldIBP/PartialChartModel.lean:353:14: warning: `if_pos` has been deprecated: Use `ite_eq_left` instead
Poincare/D13/ManifoldIBP/PartialChartModel.lean:364:14: warning: `if_neg` has been deprecated: Use `ite_eq_right` instead
Poincare/D13/ManifoldIBP/PartialChartModel.lean:510:72: warning: This simp argument is unused:
  inv_inv

Hint: Omit it from the simp argument list.
  [apply] simp only [Set.mem_preimage, Set.mem_smul_set_iff_inv_smul_mem₀ h2]

Note: This linter can be disabled with `set_option linter.unusedSimpArgs false`
Poincare/D13/ManifoldIBP/PartialChartModel.lean:574:13: warning: Variable name `K` is not explicitly referenced.

Hint: The binding can be removed (if unused) or named `_` (if used implicitly). Alternatively, prefix the name with `_` to silence this warning:
  [apply] _K

Note: This linter can be disabled with `set_option linter.unusedVariables false`
