'Poincare.D13.GaussianMoment.hasDerivAt_sq_mul_exp_neg_mul_sq' depends on axioms: [propext,
 Classical.choice,
 Quot.sound]
'Poincare.D13.GaussianMoment.tendsto_mul_exp_neg_mul_sq_atTop' depends on axioms: [propext,
 Classical.choice,
 Quot.sound]
'Poincare.D13.GaussianMoment.integral_sq_mul_exp_neg_mul_sq_Ioi' depends on axioms: [propext,
 Classical.choice,
 Quot.sound]
'Poincare.D13.GaussianMoment.integral_sq_mul_exp_neg_mul_sq' depends on axioms: [propext, Classical.choice, Quot.sound]
'Poincare.D13.GaussianMoment.integral_vec_two_eq_prod' depends on axioms: [propext, Classical.choice, Quot.sound]
'Poincare.D13.GaussianMoment.radSq_eq_finTwoArrow' depends on axioms: [propext, Classical.choice, Quot.sound]
'Poincare.D13.GaussianMoment.integral_exp_neg_mul_radSq' depends on axioms: [propext, Classical.choice, Quot.sound]
'Poincare.D13.GaussianMoment.integral_radSq_mul_exp_neg_mul_radSq' depends on axioms: [propext,
 Classical.choice,
 Quot.sound]
'Poincare.D13.GaussianMoment.integrable_vec_two_iff' depends on axioms: [propext, Classical.choice, Quot.sound]
'Poincare.D13.GaussianMoment.integrable_radSq_mul_exp_neg_mul_radSq' depends on axioms: [propext,
 Classical.choice,
 Quot.sound]
'Poincare.D13.GaussianMoment.integrable_exp_neg_mul_radSq' depends on axioms: [propext, Classical.choice, Quot.sound]
'Poincare.D13.GaussianMoment.integral_gaussDensity' depends on axioms: [propext, Classical.choice, Quot.sound]
'Poincare.D13.GaussianMoment.integral_radSq_mul_gaussDensity' depends on axioms: [propext, Classical.choice, Quot.sound]
