Poincare.D13.negativeControl : False
'Poincare.D13.VolumeForm.stdOrientation' depends on axioms: [propext, Classical.choice, Quot.sound]
'Poincare.D13.VolumeForm.euclideanVolumeForm' depends on axioms: [propext, Classical.choice, Quot.sound]
'Poincare.D13.VolumeForm.euclideanVolumeForm_apply' depends on axioms: [propext, Classical.choice, Quot.sound]
'Poincare.D13.VolumeForm.euclideanVolumeForm_ne_zero' depends on axioms: [propext, Classical.choice, Quot.sound]
'Poincare.D13.VolumeForm.euclideanVolumeForm_stdFrame' depends on axioms: [propext, Classical.choice, Quot.sound]
'Poincare.D13.VolumeForm.orientationVolumeForm_eq_basisDet' depends on axioms: [propext, Classical.choice, Quot.sound]
'Poincare.D13.VolumeForm.chartVolumeForm' depends on axioms: [propext, Classical.choice, Quot.sound]
'Poincare.D13.VolumeForm.chartVolumeForm_apply' depends on axioms: [propext, Classical.choice, Quot.sound]
'Poincare.D13.VolumeForm.chartVolumeForm_ne_zero' depends on axioms: [propext, Classical.choice, Quot.sound]
'Poincare.D13.VolumeForm.chartVolumeForm_positive_on_standardFrame' depends on axioms: [propext,
 Classical.choice,
 Quot.sound]
'Poincare.D13.VolumeForm.chartVolumeForm_euclidean' depends on axioms: [propext, Classical.choice, Quot.sound]
'Poincare.D13.VolumeForm.signedVolume' depends on axioms: [propext, Classical.choice, Quot.sound]
'Poincare.D13.VolumeForm.signedVolume_eq_det' depends on axioms: [propext, Classical.choice, Quot.sound]
'Poincare.D13.VolumeForm.signedVolume_orthonormal_basis_invariant' depends on axioms: [propext,
 Classical.choice,
 Quot.sound]
'Poincare.D13.VolumeForm.sign_mul_eq_abs' depends on axioms: [propext, Classical.choice, Quot.sound]
'Poincare.D13.VolumeForm.det_matrix_of_fderiv_frame' depends on axioms: [propext, Classical.choice, Quot.sound]
'Poincare.D13.VolumeForm.chartVolumeForm_pullback_general' depends on axioms: [propext, Classical.choice, Quot.sound]
'Poincare.D13.VolumeForm.chartVolumeForm_pullback_orientationPreserving' depends on axioms: [propext,
 Classical.choice,
 Quot.sound]
'Poincare.D13.VolumeForm.chartVolumeForm_pullback_orientationPreserving_map' depends on axioms: [propext,
 Classical.choice,
 Quot.sound]
'Poincare.D13.VolumeForm.chartVolumeForm_pullback_euclidean' depends on axioms: [propext, Classical.choice, Quot.sound]
'Poincare.D13.VolumeForm.ChartPartitionOfUnity.exists_pos' depends on axioms: [propext, Classical.choice, Quot.sound]
'Poincare.D13.VolumeForm.ChartPartitionOfUnity.gluedDensity' depends on axioms: [propext, Classical.choice, Quot.sound]
'Poincare.D13.VolumeForm.ChartPartitionOfUnity.gluedDensity_nonneg' depends on axioms: [propext,
 Classical.choice,
 Quot.sound]
'Poincare.D13.VolumeForm.ChartPartitionOfUnity.gluedDensity_measurable' depends on axioms: [propext,
 Classical.choice,
 Quot.sound]
'Poincare.D13.VolumeForm.ChartPartitionOfUnity.gluedDensity_eq_of_common' depends on axioms: [propext,
 Classical.choice,
 Quot.sound]
'Poincare.D13.VolumeForm.ChartPartitionOfUnity.gluedDensity_eq_of_supportCompatible' depends on axioms: [propext,
 Classical.choice,
 Quot.sound]
'Poincare.D13.VolumeForm.ChartPartitionOfUnity.integral_gluedDensity_eq_sum' depends on axioms: [propext,
 Classical.choice,
 Quot.sound]
'Poincare.D13.ManifoldIBP.ChartSumData.globalWeightedIBP' depends on axioms: [propext, Classical.choice, Quot.sound]
'Poincare.D13.ManifoldIBP.ChartSumData.globalLaplacianIntegralZero' depends on axioms: [propext,
 Classical.choice,
 Quot.sound]
'Poincare.D13.ManifoldIBP.ChartSumData.globalDivergenceIntegralZero' depends on axioms: [propext,
 Classical.choice,
 Quot.sound]
'Poincare.D13.ManifoldIBP.ChartSumData.globalUnweightedIBP' depends on axioms: [propext, Classical.choice, Quot.sound]
'Poincare.D13.ManifoldIBP.ManifoldAtlasData' depends on axioms: [propext, Classical.choice, Quot.sound]
'Poincare.D13.ManifoldIBP.laplacianIntegral_eq_chartSum' depends on axioms: [propext, Classical.choice, Quot.sound]
'Poincare.D13.ManifoldIBP.gradInnerIntegral_eq_chartSum' depends on axioms: [propext, Classical.choice, Quot.sound]
'Poincare.D13.ManifoldIBP.manifoldWeightedIBP_of_atlasData' depends on axioms: [propext, Classical.choice, Quot.sound]
'Poincare.D13.Bridge.euclideanChartCalculus' depends on axioms: [propext, Classical.choice, Quot.sound]
'Poincare.D13.Bridge.weightedLaplacianStatement_euclidean_holds' depends on axioms: [propext,
 Classical.choice,
 Quot.sound]
'Poincare.D13.Bridge.RealCalculus.realEuclideanCalculus' depends on axioms: [propext, Classical.choice, Quot.sound]
'Poincare.D13.Bridge.RealCalculus.gaussianWeightData' depends on axioms: [propext, Classical.choice, Quot.sound]
'Poincare.D13.Bridge.RealCalculus.laplacian_id_eq_zero' depends on axioms: [propext, Classical.choice, Quot.sound]
'Poincare.D13.Bridge.RealCalculus.rhsIntegrand_eq' depends on axioms: [propext, Classical.choice, Quot.sound]
'Poincare.D13.Bridge.RealCalculus.gaussianOverOnePlusSq_integral_pos' depends on axioms: [propext,
 Classical.choice,
 Quot.sound]
'Poincare.D13.Bridge.RealCalculus.unrestrictedWeightedIBPStatement_false' depends on axioms: [propext,
 Classical.choice,
 Quot.sound]
'Poincare.D13.Bridge.GaussianBackward.density_integral_one' depends on axioms: [propext, Classical.choice, Quot.sound]
'Poincare.D13.EuclideanChart.ChartMetric.partialDeriv_eq_deriv_update' depends on axioms: [propext,
 Classical.choice,
 Quot.sound]
'Poincare.D13.EuclideanChart.ChartMetric.partialDeriv_add' depends on axioms: [propext, Classical.choice, Quot.sound]
'Poincare.D13.EuclideanChart.ChartMetric.partialDeriv_mul' depends on axioms: [propext, Classical.choice, Quot.sound]
'Poincare.D13.EuclideanChart.ChartMetric.partialDeriv_apply_single' depends on axioms: [propext,
 Classical.choice,
 Quot.sound]
'Poincare.D13.EuclideanChart.ChartMetric.partialDeriv_apply_single_of_ne' depends on axioms: [propext,
 Classical.choice,
 Quot.sound]
'Poincare.D13.EuclideanChart.ChartMetric.partialDeriv_const_mul_coord' depends on axioms: [propext,
 Classical.choice,
 Quot.sound]
'Poincare.D13.EuclideanChart.ChartMetric.partialDeriv_const' depends on axioms: [propext, Classical.choice, Quot.sound]
'Poincare.D13.EuclideanChart.ChartMetric.radSq' depends on axioms: [propext, Classical.choice, Quot.sound]
'Poincare.D13.EuclideanChart.ChartMetric.radSq_differentiableAt' depends on axioms: [propext,
 Classical.choice,
 Quot.sound]
'Poincare.D13.EuclideanChart.ChartMetric.radSq_update' depends on axioms: [propext, Classical.choice, Quot.sound]
'Poincare.D13.EuclideanChart.ChartMetric.update_self_eq' depends on axioms: [propext, Classical.choice, Quot.sound]
'Poincare.D13.EuclideanChart.ChartMetric.partialDeriv_radial' depends on axioms: [propext, Classical.choice, Quot.sound]
'Poincare.D13.EuclideanChart.ChartMetric.partialDeriv_radial_second' depends on axioms: [propext,
 Classical.choice,
 Quot.sound]
'Poincare.D13.EuclideanChart.ChartMetric.euclidean_density_eq_one' depends on axioms: [propext,
 Classical.choice,
 Quot.sound]
'Poincare.D13.EuclideanChart.ChartMetric.euclidean_grad_eq' depends on axioms: [propext, Classical.choice, Quot.sound]
'Poincare.D13.EuclideanChart.ChartMetric.euclidean_laplacian_eq' depends on axioms: [propext,
 Classical.choice,
 Quot.sound]
'Poincare.D13.EuclideanChart.ChartMetric.laplacian_radial' depends on axioms: [propext, Classical.choice, Quot.sound]
'Poincare.D13.BochnerFlat.partialDeriv_contDiff_two' depends on axioms: [propext, Classical.choice, Quot.sound]
'Poincare.D13.BochnerFlat.partialDeriv_contDiff_one_flat' depends on axioms: [propext, Classical.choice, Quot.sound]
'Poincare.D13.BochnerFlat.differentiableAt_of_contDiff_two' depends on axioms: [propext, Classical.choice, Quot.sound]
'Poincare.D13.BochnerFlat.differentiableAt_of_contDiff_one' depends on axioms: [propext, Classical.choice, Quot.sound]
'Poincare.D13.BochnerFlat.partialDeriv_finset_sum' depends on axioms: [propext, Classical.choice, Quot.sound]
'Poincare.D13.BochnerFlat.partialDeriv_const_mul' depends on axioms: [propext, Classical.choice, Quot.sound]
'Poincare.D13.BochnerFlat.partialDeriv_partialDeriv_comm' depends on axioms: [propext, Classical.choice, Quot.sound]
'Poincare.D13.BochnerFlat.partialDeriv_gradInnerSq' depends on axioms: [propext, Classical.choice, Quot.sound]
'Poincare.D13.BochnerFlat.partialDeriv_gradInnerSq_second' depends on axioms: [propext, Classical.choice, Quot.sound]
'Poincare.D13.BochnerFlat.sum_partialDeriv_partialDeriv_eq' depends on axioms: [propext, Classical.choice, Quot.sound]
'Poincare.D13.BochnerFlat.bochnerIdentity_euclidean' depends on axioms: [propext, Classical.choice, Quot.sound]
'Poincare.D13.BochnerFlat.bochnerStatement_iff_forall' depends on axioms: [propext, Classical.choice, Quot.sound]
'Poincare.D13.BochnerFlat.gradInner_euclideanChartCalculus' depends on axioms: [propext, Classical.choice, Quot.sound]
'Poincare.D13.BochnerFlat.hessSq_euclideanChartCalculus' depends on axioms: [propext, Classical.choice, Quot.sound]
'Poincare.D13.BochnerFlat.bochnerIdentityOn_euclidean' depends on axioms: [propext, Classical.choice, Quot.sound]
'Poincare.D13.HeatBridge.hasDerivAt_gaussProfile' depends on axioms: [propext, Classical.choice, Quot.sound]
'Poincare.D13.HeatBridge.deriv_gaussProfile' depends on axioms: [propext, Classical.choice, Quot.sound]
'Poincare.D13.HeatBridge.deriv_deriv_gaussProfile' depends on axioms: [propext, Classical.choice, Quot.sound]
'Poincare.D13.HeatBridge.hasDerivAt_gaussProfile_deriv' depends on axioms: [propext, Classical.choice, Quot.sound]
'Poincare.D13.HeatBridge.laplacian_gaussian' depends on axioms: [propext, Classical.choice, Quot.sound]
'Poincare.D13.HeatBridge.gaussDensity' depends on axioms: [propext, Classical.choice, Quot.sound]
'Poincare.D13.HeatBridge.laplacian_gaussDensity' depends on axioms: [propext, Classical.choice, Quot.sound]
'Poincare.D13.HeatBridge.hasDerivAt_gaussDensity' depends on axioms: [propext, Classical.choice, Quot.sound]
'Poincare.D13.HeatBridge.gaussian_conjugate_heat' depends on axioms: [propext, Classical.choice, Quot.sound]
'Poincare.D13.GaussianMoment.hasDerivAt_sq_mul_exp_neg_mul_sq' depends on axioms: [propext,
 Classical.choice,
 Quot.sound]
'Poincare.D13.GaussianMoment.tendsto_mul_exp_neg_mul_sq_atTop' depends on axioms: [propext,
 Classical.choice,
 Quot.sound]
'Poincare.D13.GaussianMoment.integral_sq_mul_exp_neg_mul_sq_Ioi' depends on axioms: [propext,
 Classical.choice,
 Quot.sound]
'Poincare.D13.GaussianMoment.integral_sq_mul_exp_neg_mul_sq' depends on axioms: [propext, Classical.choice, Quot.sound]
'Poincare.D13.GaussianMoment.integral_vec_two_eq_prod' depends on axioms: [propext, Classical.choice, Quot.sound]
'Poincare.D13.GaussianMoment.radSq_eq_finTwoArrow' depends on axioms: [propext, Classical.choice, Quot.sound]
'Poincare.D13.GaussianMoment.integral_exp_neg_mul_radSq' depends on axioms: [propext, Classical.choice, Quot.sound]
'Poincare.D13.GaussianMoment.integral_radSq_mul_exp_neg_mul_radSq' depends on axioms: [propext,
 Classical.choice,
 Quot.sound]
'Poincare.D13.GaussianMoment.integrable_vec_two_iff' depends on axioms: [propext, Classical.choice, Quot.sound]
'Poincare.D13.GaussianMoment.integrable_radSq_mul_exp_neg_mul_radSq' depends on axioms: [propext,
 Classical.choice,
 Quot.sound]
'Poincare.D13.GaussianMoment.integrable_exp_neg_mul_radSq' depends on axioms: [propext, Classical.choice, Quot.sound]
'Poincare.D13.GaussianMoment.integral_gaussDensity' depends on axioms: [propext, Classical.choice, Quot.sound]
'Poincare.D13.GaussianMoment.integral_radSq_mul_gaussDensity' depends on axioms: [propext, Classical.choice, Quot.sound]
'Poincare.D13.GaussianF.integral_gradSq_mul_gaussDensity' depends on axioms: [propext, Classical.choice, Quot.sound]
'Poincare.D13.GaussianF.integral_FDissipation_gauss' depends on axioms: [propext, Classical.choice, Quot.sound]
'Poincare.D13.GaussianF.hasDerivAt_gaussianF' depends on axioms: [propext, Classical.choice, Quot.sound]
'Poincare.D13.GaussianF.hasDerivAt_gaussianF_integral' depends on axioms: [propext, Classical.choice, Quot.sound]
'Poincare.D13.GaussianF.contDiffOn_gaussianF' depends on axioms: [propext, Classical.choice, Quot.sound]
'Poincare.D13.CertificateOn.BochnerIdentityOn' depends on axioms: [propext, Classical.choice, Quot.sound]
'Poincare.D13.CertificateOn.RestrictedWeightedIBPStatement' depends on axioms: [propext, Classical.choice, Quot.sound]
'Poincare.D13.CertificateOn.ContinuousMonotoneCertificateOn' depends on axioms: [propext, Classical.choice, Quot.sound]
'Poincare.D13.CertificateOn.ContinuousMonotoneCertificateOn.monotoneOn' depends on axioms: [propext,
 Classical.choice,
 Quot.sound]
'Poincare.D13.CertificateOn.ContinuousMonotoneCertificateOn.F_ge_left' depends on axioms: [propext,
 Classical.choice,
 Quot.sound]
'Poincare.D13.CertificateOn.ContinuousMonotoneCertificateOn.toMonotoneCertificateOnIcc' depends on axioms: [propext,
 Classical.choice,
 Quot.sound]
'Poincare.D13.CertificateOn.FiniteLifetimeEntropyBridge' depends on axioms: [propext, Classical.choice, Quot.sound]
'Poincare.D13.CertificateOn.continuousMonotoneCertificateOn_of_bridge' depends on axioms: [propext,
 Classical.choice,
 Quot.sound]
'Poincare.D13.CertificateOn.monotoneOn_of_bridge' depends on axioms: [propext, Classical.choice, Quot.sound]
'Poincare.D13.CertificateOn.continuousMonotoneCertificateOn_of_bridge_dissipation' depends on axioms: [propext,
 Classical.choice,
 Quot.sound]
'Poincare.D13.ManifoldIBP.DisjointAtlas' depends on axioms: [propext, Classical.choice, Quot.sound]
'Poincare.D13.ManifoldIBP.weightedChartMeasure' depends on axioms: [propext, Classical.choice, Quot.sound]
'Poincare.D13.ManifoldIBP.integral_weightedChartMeasure' depends on axioms: [propext, Classical.choice, Quot.sound]
'Poincare.D13.ManifoldIBP.disjointAtlasMeasure' depends on axioms: [propext, Classical.choice, Quot.sound]
'Poincare.D13.ManifoldIBP.integral_disjointAtlasMeasure' depends on axioms: [propext, Classical.choice, Quot.sound]
'Poincare.D13.ManifoldIBP.disjointAtlasData' depends on axioms: [propext, Classical.choice, Quot.sound]
'Poincare.D13.ManifoldIBP.integrable_driftLaplacian_mul_weightedChartMeasure' depends on axioms: [propext,
 Classical.choice,
 Quot.sound]
'Poincare.D13.ManifoldIBP.integrable_gradInner_mul_weightedChartMeasure' depends on axioms: [propext,
 Classical.choice,
 Quot.sound]
'Poincare.D13.ManifoldIBP.integrable_driftLaplacian_mul_disjointAtlasMeasure' depends on axioms: [propext,
 Classical.choice,
 Quot.sound]
'Poincare.D13.ManifoldIBP.integrable_gradInner_mul_disjointAtlasMeasure' depends on axioms: [propext,
 Classical.choice,
 Quot.sound]
'Poincare.D13.ManifoldIBP.disjointAtlas_weightedIBP' depends on axioms: [propext, Classical.choice, Quot.sound]
'Poincare.D13.HeatKernelBridge.gaussTau' depends on axioms: [propext, Classical.choice, Quot.sound]
'Poincare.D13.HeatKernelBridge.gaussTau_of_le' depends on axioms: [propext, Classical.choice, Quot.sound]
'Poincare.D13.HeatKernelBridge.gaussTau_of_ge' depends on axioms: [propext, Classical.choice, Quot.sound]
'Poincare.D13.HeatKernelBridge.gaussTau_pos' depends on axioms: [propext, Classical.choice, Quot.sound]
'Poincare.D13.HeatKernelBridge.gaussPotential' depends on axioms: [propext, Classical.choice, Quot.sound]
'Poincare.D13.HeatKernelBridge.exp_neg_gaussPotential' depends on axioms: [propext, Classical.choice, Quot.sound]
'Poincare.D13.HeatKernelBridge.contDiff_gaussPotential' depends on axioms: [propext, Classical.choice, Quot.sound]
'Poincare.D13.HeatKernelBridge.gaussEntropyData' depends on axioms: [propext, Classical.choice, Quot.sound]
'Poincare.D13.HeatKernelBridge.F_gaussEntropyData' depends on axioms: [propext, Classical.choice, Quot.sound]
'Poincare.D13.HeatKernelBridge.FDissipation_gaussEntropyData' depends on axioms: [propext, Classical.choice, Quot.sound]
'Poincare.D13.HeatKernelBridge.restrictedWeightedIBP_euclideanChartCalculus' depends on axioms: [propext,
 Classical.choice,
 Quot.sound]
'Poincare.D13.HeatKernelBridge.partialDeriv_gaussPotential' depends on axioms: [propext, Classical.choice, Quot.sound]
'Poincare.D13.HeatKernelBridge.partialDeriv_partialDeriv_gaussPotential' depends on axioms: [propext,
 Classical.choice,
 Quot.sound]
'Poincare.D13.HeatKernelBridge.gradInner_gaussPotential' depends on axioms: [propext, Classical.choice, Quot.sound]
'Poincare.D13.HeatKernelBridge.hessSq_gaussPotential' depends on axioms: [propext, Classical.choice, Quot.sound]
'Poincare.D13.HeatKernelBridge.hasConjugateWeight_gaussEntropyData' depends on axioms: [propext,
 Classical.choice,
 Quot.sound]
'Poincare.D13.HeatKernelBridge.extra_gaussEntropyData' depends on axioms: [propext, Classical.choice, Quot.sound]
'Poincare.D13.HeatKernelBridge.W_gaussEntropyData' depends on axioms: [propext, Classical.choice, Quot.sound]
'Poincare.D13.HeatKernelBridge.W_gauss_antitone' depends on axioms: [propext, Classical.choice, Quot.sound]
'Poincare.D13.HeatKernelBridge.hasDerivAt_gaussianW' depends on axioms: [propext, Classical.choice, Quot.sound]
'Poincare.D13.HeatKernelBridge.gaussCalculus' depends on axioms: [propext, Classical.choice, Quot.sound]
'Poincare.D13.HeatKernelBridge.finiteLifetimeEntropyBridge_gaussian' depends on axioms: [propext,
 Classical.choice,
 Quot.sound]
'Poincare.D13.HeatKernelBridge.monotoneOn_F_gaussian' depends on axioms: [propext, Classical.choice, Quot.sound]
'Poincare.D13.HeatKernelBridge.F_gauss_mono' depends on axioms: [propext, Classical.choice, Quot.sound]
'Poincare.D13.HeatKernelBridge.F_gauss_initial_le' depends on axioms: [propext, Classical.choice, Quot.sound]
'Poincare.D13.HeatKernelBridge.monotoneCertificate_gaussian' depends on axioms: [propext, Classical.choice, Quot.sound]
'Poincare.D13.ManifoldIBP.OverlapAtlas.det_jacobianOf' depends on axioms: [propext, Classical.choice, Quot.sound]
'Poincare.D13.ManifoldIBP.OverlapAtlas.det_matrix_transform' depends on axioms: [propext, Classical.choice, Quot.sound]
'Poincare.D13.ManifoldIBP.OverlapAtlas.density_transform' depends on axioms: [propext, Classical.choice, Quot.sound]
'Poincare.D13.ManifoldIBP.OverlapAtlas.chartMeasure_apply' depends on axioms: [propext, Classical.choice, Quot.sound]
'Poincare.D13.ManifoldIBP.OverlapAtlas.chartMeasure_apply_eq' depends on axioms: [propext, Classical.choice, Quot.sound]
'Poincare.D13.ManifoldIBP.OverlapAtlas.globalMeasure_apply_chart' depends on axioms: [propext,
 Classical.choice,
 Quot.sound]
'Poincare.D13.ManifoldIBP.OverlapAtlas.chartMeasure_smul' depends on axioms: [propext, Classical.choice, Quot.sound]
'Poincare.D13.ManifoldIBP.OverlapAtlas.globalMeasure_smul' depends on axioms: [propext, Classical.choice, Quot.sound]
'Poincare.D13.ManifoldIBP.OverlapAtlas.globalMeasure_restrict_eq_chartMeasure' depends on axioms: [propext,
 Classical.choice,
 Quot.sound]
'Poincare.D13.ManifoldIBP.OverlapAtlas.globalMeasure_eq_chartMeasure_of_cover' depends on axioms: [propext,
 Classical.choice,
 Quot.sound]
'Poincare.D13.ManifoldIBP.OverlapAtlas.jacobianOf_eq_jacobianMatrix' depends on axioms: [propext,
 Classical.choice,
 Quot.sound]
'Poincare.D13.ManifoldIBP.OverlapAtlas.jacobianMatrix_const_smul' depends on axioms: [propext,
 Classical.choice,
 Quot.sound]
'Poincare.D13.ManifoldIBP.OverlapAtlas.jacobianOf_const_smul' depends on axioms: [propext, Classical.choice, Quot.sound]
'Poincare.D13.ManifoldIBP.OverlapAtlas.jacobianOf_one_smul' depends on axioms: [propext, Classical.choice, Quot.sound]
'Poincare.D13.ManifoldIBP.OverlapAtlas.jacobianOf_id' depends on axioms: [propext, Classical.choice, Quot.sound]
'Poincare.D13.ManifoldIBP.OverlapAtlas.pullbackMatrix_const_smul' depends on axioms: [propext,
 Classical.choice,
 Quot.sound]
'Poincare.D13.ManifoldIBP.OverlapAtlas.smul_one_conj_smul' depends on axioms: [propext, Classical.choice, Quot.sound]
'Poincare.D13.ManifoldIBP.OverlapAtlas.conj_smul_one' depends on axioms: [propext, Classical.choice, Quot.sound]
'Poincare.D13.ManifoldIBP.OverlapAtlas.one_conj' depends on axioms: [propext, Classical.choice, Quot.sound]
'Poincare.D13.ManifoldIBP.OverlapAtlas.dilateMetric' depends on axioms: [propext, Classical.choice, Quot.sound]
'Poincare.D13.ManifoldIBP.OverlapAtlas.dilate_matrix' depends on axioms: [propext, Classical.choice, Quot.sound]
'Poincare.D13.ManifoldIBP.OverlapAtlas.dilationChart_image_univ' depends on axioms: [propext,
 Classical.choice,
 Quot.sound]
'Poincare.D13.ManifoldIBP.OverlapAtlas.overlapOf_dilationChart' depends on axioms: [propext,
 Classical.choice,
 Quot.sound]
'Poincare.D13.ManifoldIBP.OverlapAtlas.dilationAtlas' depends on axioms: [propext, Classical.choice, Quot.sound]
'Poincare.D13.ManifoldIBP.OverlapAtlas.dilationAtlas_chartMeasure_univ_eq' depends on axioms: [propext,
 Classical.choice,
 Quot.sound]
'Poincare.D13.ManifoldIBP.OverlapAtlas.dilationAtlas_globalMeasure_eq_chartMeasure' depends on axioms: [propext,
 Classical.choice,
 Quot.sound]
'Poincare.D13.ManifoldIBP.integral_eq_restrict_of_support' depends on axioms: [propext, Classical.choice, Quot.sound]
'Poincare.D13.ManifoldIBP.setIntegral_eq_integral_of_support' depends on axioms: [propext, Classical.choice, Quot.sound]
'Poincare.D13.ManifoldIBP.OverlapAtlas.weight' depends on axioms: [propext, Classical.choice, Quot.sound]
'Poincare.D13.ManifoldIBP.OverlapAtlas.weight_toReal' depends on axioms: [propext, Classical.choice, Quot.sound]
'Poincare.D13.ManifoldIBP.OverlapAtlas.measurable_weight' depends on axioms: [propext, Classical.choice, Quot.sound]
'Poincare.D13.ManifoldIBP.OverlapAtlas.integral_chartMeasure_of_supported' depends on axioms: [propext,
 Classical.choice,
 Quot.sound]
'Poincare.D13.ManifoldIBP.OverlapAtlas.integral_globalMeasure_of_supported' depends on axioms: [propext,
 Classical.choice,
 Quot.sound]
'Poincare.D13.ManifoldIBP.OverlapAtlas.integral_globalMeasure_withDensity_of_supported' depends on axioms: [propext,
 Classical.choice,
 Quot.sound]
'Poincare.D13.ManifoldIBP.OverlapAtlas.globalWeightedIBP_of_chartSupported' depends on axioms: [propext,
 Classical.choice,
 Quot.sound]
'Poincare.D13.ManifoldIBP.OverlapAtlas.weight_zero' depends on axioms: [propext, Classical.choice, Quot.sound]
'Poincare.D13.ManifoldIBP.OverlapAtlas.globalIBP_of_chartSupported' depends on axioms: [propext,
 Classical.choice,
 Quot.sound]
'Poincare.D13.ManifoldIBP.OverlapAtlas.globalLaplacianIntegralZero_of_chartSupported' depends on axioms: [propext,
 Classical.choice,
 Quot.sound]
'Poincare.D13.ManifoldIBP.OverlapAtlas.globalWeightedIBP_of_chartSupported_smul' depends on axioms: [propext,
 Classical.choice,
 Quot.sound]
'Poincare.D13.ManifoldIBP.OverlapAtlas.dilationAtlasTwo' depends on axioms: [propext, Classical.choice, Quot.sound]
'Poincare.D13.ManifoldIBP.OverlapAtlas.dilationAtlasTwo_image_zero' depends on axioms: [propext,
 Classical.choice,
 Quot.sound]
'Poincare.D13.ManifoldIBP.OverlapAtlas.dilationAtlasTwo_metric_zero' depends on axioms: [propext,
 Classical.choice,
 Quot.sound]
'Poincare.D13.ManifoldIBP.OverlapAtlas.dilationAtlasTwo_chart_zero' depends on axioms: [propext,
 Classical.choice,
 Quot.sound]
'Poincare.D13.ManifoldIBP.OverlapAtlas.dilationAtlasTwo_integral_eq_chart' depends on axioms: [propext,
 Classical.choice,
 Quot.sound]
'Poincare.D13.ManifoldIBP.OverlapAtlas.dilationAtlasTwo_weightedIBP' depends on axioms: [propext,
 Classical.choice,
 Quot.sound]
'Poincare.D13.ManifoldIBP.OverlapAtlas.dilationAtlasTwo_weightedIBP_chart' depends on axioms: [propext,
 Classical.choice,
 Quot.sound]
'Poincare.D13.ManifoldIBP.OverlapAtlas.dilationAtlasTwo_weight_zero' depends on axioms: [propext,
 Classical.choice,
 Quot.sound]
'Poincare.D13.ManifoldIBP.OverlapAtlas.dilationAtlasTwo_withDensity_weight_zero' depends on axioms: [propext,
 Classical.choice,
 Quot.sound]
'Poincare.D13.ManifoldIBP.OverlapAtlas.dilationAtlasTwo_ibp' depends on axioms: [propext, Classical.choice, Quot.sound]
'Poincare.D13.ManifoldIBP.OverlapAtlas.dilationAtlasTwo_laplacianIntegralZero' depends on axioms: [propext,
 Classical.choice,
 Quot.sound]
'Poincare.D13.ManifoldIBP.OverlapAtlas.dilationAtlasTwo_dirichletEnergy' depends on axioms: [propext,
 Classical.choice,
 Quot.sound]
'Poincare.D13.ManifoldIBP.OverlapAtlas.dilationAtlasTwo_chartMeasure_eq' depends on axioms: [propext,
 Classical.choice,
 Quot.sound]
'Poincare.D13.ManifoldIBP.OverlapAtlas.dilationAtlasTwo_chart_one' depends on axioms: [propext,
 Classical.choice,
 Quot.sound]
'Poincare.D13.ManifoldIBP.OverlapAtlas.dilationAtlasTwo_metric_one' depends on axioms: [propext,
 Classical.choice,
 Quot.sound]
'Poincare.D13.ManifoldIBP.OverlapAtlas.dilationAtlasTwo_density_one' depends on axioms: [propext,
 Classical.choice,
 Quot.sound]
'Poincare.D13.ManifoldIBP.OverlapAtlas.dilationAtlasTwo_chart_integral_eq' depends on axioms: [propext,
 Classical.choice,
 Quot.sound]
'Poincare.D13.ManifoldIBP.OverlapAtlas.dilationAtlasTwo_globalMeasure_eq_chartMeasure' depends on axioms: [propext,
 Classical.choice,
 Quot.sound]
'Poincare.D13.ManifoldIBP.OverlapAtlas.dilationAtlasTwo_chartMeasure_absolutelyContinuous' depends on axioms: [propext,
 Classical.choice,
 Quot.sound]
'Poincare.D13.ManifoldIBP.OverlapAtlas.dilationAtlasTwoData' depends on axioms: [propext, Classical.choice, Quot.sound]
'Poincare.D13.ManifoldIBP.OverlapAtlas.dilationAtlasTwoData_weightedIBP' depends on axioms: [propext,
 Classical.choice,
 Quot.sound]
'Poincare.D13.ManifoldIBP.OverlapAtlas.invMatrix_dilate' depends on axioms: [propext, Classical.choice, Quot.sound]
'Poincare.D13.ManifoldIBP.OverlapAtlas.partialDeriv_comp_const_smul' depends on axioms: [propext,
 Classical.choice,
 Quot.sound]
'Poincare.D13.ManifoldIBP.OverlapAtlas.dilateMetric_gradInnerInverse' depends on axioms: [propext,
 Classical.choice,
 Quot.sound]
'Poincare.D13.ManifoldIBP.OverlapAtlas.dilationAtlasTwo_gradInnerInverse_chart_independent' depends on axioms: [propext,
 Classical.choice,
 Quot.sound]
'Poincare.D13.ManifoldIBP.OverlapAtlas.fderiv_const_smul_comp_const_smul' depends on axioms: [propext,
 Classical.choice,
 Quot.sound]
'Poincare.D13.ManifoldIBP.OverlapAtlas.dilateMetric_density' depends on axioms: [propext, Classical.choice, Quot.sound]
'Poincare.D13.ManifoldIBP.OverlapAtlas.dilateMetric_grad' depends on axioms: [propext, Classical.choice, Quot.sound]
'Poincare.D13.ManifoldIBP.OverlapAtlas.dilateMetric_weightedDivergence' depends on axioms: [propext,
 Classical.choice,
 Quot.sound]
'Poincare.D13.ManifoldIBP.OverlapAtlas.dilateMetric_laplacian' depends on axioms: [propext,
 Classical.choice,
 Quot.sound]
'Poincare.D13.ManifoldIBP.OverlapAtlas.dilateMetric_driftLaplacian' depends on axioms: [propext,
 Classical.choice,
 Quot.sound]
'Poincare.D13.ManifoldIBP.OverlapAtlas.dilationAtlasTwo_driftLaplacian_chart_independent' depends on axioms: [propext,
 Classical.choice,
 Quot.sound]
'Poincare.D13.ManifoldIBP.OverlapAtlas.dilationAtlasTwo_weightedIBP_chartOne' depends on axioms: [propext,
 Classical.choice,
 Quot.sound]
'Poincare.D13.ManifoldIBP.OverlapAtlas.dilationAtlasTwo_chartOne_laplacianIntegral_eq' depends on axioms: [propext,
 Classical.choice,
 Quot.sound]
'Poincare.D13.ManifoldIBP.OverlapAtlas.dilationAtlasTwo_chartOne_pairingIntegral_eq' depends on axioms: [propext,
 Classical.choice,
 Quot.sound]
'Poincare.D13.ManifoldIBP.OverlapAtlas.chartVolumeForm_stdFrame_eq_density' depends on axioms: [propext,
 Classical.choice,
 Quot.sound]
'Poincare.D13.ManifoldIBP.OverlapAtlas.globalMeasure_apply_chart_volumeForm' depends on axioms: [propext,
 Classical.choice,
 Quot.sound]
'Poincare.D13.ManifoldIBP.OverlapAtlas.globalMeasure_apply_volumeForm_of_cover' depends on axioms: [propext,
 Classical.choice,
 Quot.sound]
'Poincare.D13.ManifoldIBP.OverlapAtlas.dilationAtlasTwo_volume_univ' depends on axioms: [propext,
 Classical.choice,
 Quot.sound]
'Poincare.D13.Riemannian.trivializationAt_symm_eq_tangentCoordChange' depends on axioms: [propext,
 Classical.choice,
 Quot.sound]
'Poincare.D13.Riemannian.trivializationAt_symm_eq_sum' depends on axioms: [propext, Classical.choice, Quot.sound]
'Poincare.D13.Riemannian.chartGramMatrix_change_apply' depends on axioms: [propext, Classical.choice, Quot.sound]
'Poincare.D13.Riemannian.chartGramMatrix_change' depends on axioms: [propext, Classical.choice, Quot.sound]
'Poincare.D13.Riemannian.chartGramMatrix_det_change' depends on axioms: [propext, Classical.choice, Quot.sound]
'Poincare.D13.Riemannian.chartGramMatrix_sqrt_det_change' depends on axioms: [propext, Classical.choice, Quot.sound]
'Poincare.D13.Riemannian.chartGramMatrix_isHermitian' depends on axioms: [propext, Classical.choice, Quot.sound]
'Poincare.D13.Riemannian.chartFrameVec_linearIndependent' depends on axioms: [propext, Classical.choice, Quot.sound]
'Poincare.D13.Riemannian.chartGramMatrix_posDef' depends on axioms: [propext, Classical.choice, Quot.sound]
'Poincare.D13.Riemannian.chartGramMatrix_det_pos' depends on axioms: [propext, Classical.choice, Quot.sound]
'Poincare.D13.Riemannian.tangentCoordChange_eq_fderivWithin_chartTransition' depends on axioms: [propext,
 Classical.choice,
 Quot.sound]
'Poincare.D13.Riemannian.chartGramMatrix_change_chartTransition' depends on axioms: [propext,
 Classical.choice,
 Quot.sound]
'Poincare.D13.Riemannian.jacobianOf_eq_toMatrix' depends on axioms: [propext, Classical.choice, Quot.sound]
'Poincare.D13.Riemannian.metric_transform_chartTransition' depends on axioms: [propext, Classical.choice, Quot.sound]
'Poincare.D13.Riemannian.fderivWithin_chartTransition_eq_of_isOpen' depends on axioms: [propext,
 Classical.choice,
 Quot.sound]
'Poincare.D13.Riemannian.chartOverlap_eq_overlapOf' depends on axioms: [propext, Classical.choice, Quot.sound]
'Poincare.D13.Riemannian.metric_transform_chartOverlap' depends on axioms: [propext, Classical.choice, Quot.sound]
'Poincare.D13.Riemannian.contMDiffOn_chartFrameSection' depends on axioms: [propext, Classical.choice, Quot.sound]
'Poincare.D13.Riemannian.contMDiffOn_chartGramMatrix_entry' depends on axioms: [propext, Classical.choice, Quot.sound]
'Poincare.D13.Riemannian.contDiffOn_chartGramMatrix_coord' depends on axioms: [propext, Classical.choice, Quot.sound]
'Poincare.D13.Riemannian.contDiff_chartMetricCoeffExt_mul' depends on axioms: [propext, Classical.choice, Quot.sound]
'Poincare.D13.Riemannian.posDef_chartMetricCoeffExt' depends on axioms: [propext, Classical.choice, Quot.sound]
'Poincare.D13.Riemannian.extendedSmoothChartMetric' depends on axioms: [propext, Classical.choice, Quot.sound]
'Poincare.D13.Riemannian.extendedSmoothChartMetric_g_eq_genuine' depends on axioms: [propext,
 Classical.choice,
 Quot.sound]
'Poincare.D13.Riemannian.contDiff_chartMetricCoeffExt_mul_top' depends on axioms: [propext,
 Classical.choice,
 Quot.sound]
'Poincare.D13.Riemannian.extendedChartMetric' depends on axioms: [propext, Classical.choice, Quot.sound]
'Poincare.D13.Riemannian.extendedChartMetric_g_eq_genuine' depends on axioms: [propext, Classical.choice, Quot.sound]
'Poincare.D13.ManifoldIBP.exists_contDiff_bump' depends on axioms: [propext, Classical.choice, Quot.sound]
'Poincare.D13.ManifoldIBP.exists_smooth_partitionOfUnity_subordinate' depends on axioms: [propext,
 Classical.choice,
 Quot.sound]
'Poincare.D13.ManifoldIBP.gradInnerInverse_finset_sum' depends on axioms: [propext, Classical.choice, Quot.sound]
'Poincare.D13.ManifoldIBP.OverlapAtlas.globalWeightedIBP_finset' depends on axioms: [propext,
 Classical.choice,
 Quot.sound]
'Poincare.D13.ManifoldIBP.OverlapAtlas.globalIBP_finset' depends on axioms: [propext, Classical.choice, Quot.sound]
'Poincare.D13.Riemannian.metricInnerInverse_eq_dotProduct' depends on axioms: [propext, Classical.choice, Quot.sound]
'Poincare.D13.Riemannian.dotProduct_mulVec_transpose' depends on axioms: [propext, Classical.choice, Quot.sound]
'Poincare.D13.Riemannian.partialDeriv_comp' depends on axioms: [propext, Classical.choice, Quot.sound]
'Poincare.D13.Riemannian.jacobianMatrix_det_ne_zero_of_injective' depends on axioms: [propext,
 Classical.choice,
 Quot.sound]
'Poincare.D13.Riemannian.inv_congruence' depends on axioms: [propext, Classical.choice, Quot.sound]
'Poincare.D13.Riemannian.inv_pullbackMatrix' depends on axioms: [propext, Classical.choice, Quot.sound]
'Poincare.D13.Riemannian.gradInnerInverse_congruence' depends on axioms: [propext, Classical.choice, Quot.sound]
'Poincare.D13.Riemannian.gradInnerInverse_pullbackMetric' depends on axioms: [propext, Classical.choice, Quot.sound]
'Poincare.D13.ManifoldIBP.jacobianOf_eq_jacobianMatrix' depends on axioms: [propext, Classical.choice, Quot.sound]
'Poincare.D13.ManifoldIBP.OverlapAtlas.gradInnerInverse_chartTransition' depends on axioms: [propext,
 Classical.choice,
 Quot.sound]
'Poincare.D13.ManifoldIBP.OverlapAtlas.gradInnerInverse_chartTransition_mul' depends on axioms: [propext,
 Classical.choice,
 Quot.sound]
'Poincare.D13.ManifoldIBP.OverlapAtlas.eq_sum_of_pou' depends on axioms: [propext, Classical.choice, Quot.sound]
'Poincare.D13.ManifoldIBP.OverlapAtlas.globalWeightedIBP_of_pouData' depends on axioms: [propext,
 Classical.choice,
 Quot.sound]
'Poincare.D13.ManifoldIBP.OverlapAtlas.exists_pou_dilationTwo' depends on axioms: [propext,
 Classical.choice,
 Quot.sound]
'Poincare.D13.ManifoldIBP.OverlapAtlas.tsupport_comp_const_smul_subset' depends on axioms: [propext,
 Classical.choice,
 Quot.sound]
'Poincare.D13.ManifoldIBP.OverlapAtlas.tsupport_piece_one_subset' depends on axioms: [propext,
 Classical.choice,
 Quot.sound]
'Poincare.D13.ManifoldIBP.OverlapAtlas.tsupport_piece_zero_subset' depends on axioms: [propext,
 Classical.choice,
 Quot.sound]
'Poincare.D13.ManifoldIBP.OverlapAtlas.dilationAtlasTwo_pou_pairing_reassembly' depends on axioms: [propext,
 Classical.choice,
 Quot.sound]
'Poincare.D13.ManifoldIBP.OverlapAtlas.dilationAtlasTwo_chart_image_univ' depends on axioms: [propext,
 Classical.choice,
 Quot.sound]
'Poincare.D13.ManifoldIBP.OverlapAtlas.dilationAtlasTwo_pou_weightedIBP' depends on axioms: [propext,
 Classical.choice,
 Quot.sound]
'Poincare.D13.ManifoldIBP.SmoothOverlapAtlas.lift' depends on axioms: [propext, Classical.choice, Quot.sound]
'Poincare.D13.ManifoldIBP.SmoothOverlapAtlas.lift_apply_chart' depends on axioms: [propext,
 Classical.choice,
 Quot.sound]
'Poincare.D13.ManifoldIBP.SmoothOverlapAtlas.support_lift_subset' depends on axioms: [propext,
 Classical.choice,
 Quot.sound]
'Poincare.D13.ManifoldIBP.SmoothOverlapAtlas.measurable_lift' depends on axioms: [propext, Classical.choice, Quot.sound]
'Poincare.D13.ManifoldIBP.SmoothOverlapAtlas.lift_apply_chart_of_mem' depends on axioms: [propext,
 Classical.choice,
 Quot.sound]
'Poincare.D13.ManifoldIBP.SmoothOverlapAtlas.support_lift_subset_tsupport' depends on axioms: [propext,
 Classical.choice,
 Quot.sound]
'Poincare.D13.ManifoldIBP.SmoothOverlapAtlas.overlapOf_eq_univ' depends on axioms: [propext,
 Classical.choice,
 Quot.sound]
'Poincare.D13.ManifoldIBP.SmoothOverlapAtlas.transition_transition' depends on axioms: [propext,
 Classical.choice,
 Quot.sound]
'Poincare.D13.ManifoldIBP.SmoothOverlapAtlas.lift_apply_chart_total' depends on axioms: [propext,
 Classical.choice,
 Quot.sound]
'Poincare.D13.ManifoldIBP.SmoothOverlapAtlas.pouPiece' depends on axioms: [propext, Classical.choice, Quot.sound]
'Poincare.D13.ManifoldIBP.SmoothOverlapAtlas.pouPairing' depends on axioms: [propext, Classical.choice, Quot.sound]
'Poincare.D13.ManifoldIBP.SmoothOverlapAtlas.pouPiece_apply' depends on axioms: [propext, Classical.choice, Quot.sound]
'Poincare.D13.ManifoldIBP.SmoothOverlapAtlas.pouPiece_chart' depends on axioms: [propext, Classical.choice, Quot.sound]
'Poincare.D13.ManifoldIBP.SmoothOverlapAtlas.pouPairing_apply' depends on axioms: [propext,
 Classical.choice,
 Quot.sound]
'Poincare.D13.ManifoldIBP.SmoothOverlapAtlas.measurable_pouPiece' depends on axioms: [propext,
 Classical.choice,
 Quot.sound]
'Poincare.D13.ManifoldIBP.SmoothOverlapAtlas.measurable_pouPairing' depends on axioms: [propext,
 Classical.choice,
 Quot.sound]
'Poincare.D13.ManifoldIBP.SmoothOverlapAtlas.sum_pouPairing' depends on axioms: [propext, Classical.choice, Quot.sound]
'Poincare.D13.ManifoldIBP.SmoothOverlapAtlas.globalWeightedIBP_of_pou' depends on axioms: [propext,
 Classical.choice,
 Quot.sound]
'Poincare.D13.ManifoldIBP.SmoothOverlapAtlas.globalWeightedIBP_of_pou'' depends on axioms: [propext,
 Classical.choice,
 Quot.sound]
'Poincare.D13.ManifoldIBP.OverlapAtlas.dilationAtlasTwoSmooth' depends on axioms: [propext,
 Classical.choice,
 Quot.sound]
'Poincare.D13.ManifoldIBP.OverlapAtlas.dilationAtlasTwoSmooth_isTotal' depends on axioms: [propext,
 Classical.choice,
 Quot.sound]
'Poincare.D13.ManifoldIBP.OverlapAtlas.dilationAtlasTwo_weightedIBP_via_pou' depends on axioms: [propext,
 Classical.choice,
 Quot.sound]
'Poincare.D13.ManifoldIBP.support_gradInnerInverse_subset' depends on axioms: [propext, Classical.choice, Quot.sound]
'Poincare.D13.ManifoldIBP.SmoothOverlapAtlas.lift_apply_chart_of_support' depends on axioms: [propext,
 Classical.choice,
 Quot.sound]
'Poincare.D13.ManifoldIBP.SmoothOverlapAtlas.pouPiece_chart_of_support' depends on axioms: [propext,
 Classical.choice,
 Quot.sound]
'Poincare.D13.ManifoldIBP.SmoothOverlapAtlas.pouPiece_apply_of_mem' depends on axioms: [propext,
 Classical.choice,
 Quot.sound]
'Poincare.D13.ManifoldIBP.SmoothOverlapAtlas.pouPairing_apply_of_mem' depends on axioms: [propext,
 Classical.choice,
 Quot.sound]
'Poincare.D13.ManifoldIBP.SmoothOverlapAtlas.gradInnerInverse_eq_zero_of_eventuallyEq_zero' depends on axioms: [propext,
 Classical.choice,
 Quot.sound]
'Poincare.D13.ManifoldIBP.SmoothOverlapAtlas.sum_pouPairing_of_support' depends on axioms: [propext,
 Classical.choice,
 Quot.sound]
'Poincare.D13.ManifoldIBP.SmoothOverlapAtlas.globalWeightedIBP_of_pou_partial' depends on axioms: [propext,
 Classical.choice,
 Quot.sound]
'Poincare.D13.ManifoldIBP.setIntegral_eq_integral_of_ae_support' depends on axioms: [propext,
 Classical.choice,
 Quot.sound]
'Poincare.D13.ManifoldIBP.OverlapAtlas.globalWeightedIBP_of_chartSupported_ae' depends on axioms: [propext,
 Classical.choice,
 Quot.sound]
'Poincare.D13.ManifoldIBP.OverlapAtlas.globalWeightedIBP_finset_ae' depends on axioms: [propext,
 Classical.choice,
 Quot.sound]
'Poincare.D13.ManifoldIBP.OverlapAtlas.globalWeightedIBP_of_pouData_ae' depends on axioms: [propext,
 Classical.choice,
 Quot.sound]
'Poincare.D13.ManifoldIBP.SmoothOverlapAtlas.support_pouPairing_subset_chart' depends on axioms: [propext,
 Classical.choice,
 Quot.sound]
'Poincare.D13.ManifoldIBP.SmoothOverlapAtlas.globalWeightedIBP_of_pou_partial_ae' depends on axioms: [propext,
 Classical.choice,
 Quot.sound]
'Poincare.D13.ManifoldIBP.OverlapAtlas.jacobianOf_id_of_uniqueDiffWithinAt' depends on axioms: [propext,
 Classical.choice,
 Quot.sound]
'Poincare.D13.ManifoldIBP.OverlapAtlas.jacobianOf_const_smul_of_uniqueDiffWithinAt' depends on axioms: [propext,
 Classical.choice,
 Quot.sound]
'Poincare.D13.ManifoldIBP.OverlapAtlas.halfSpaceAtlas' depends on axioms: [propext, Classical.choice, Quot.sound]
'Poincare.D13.ManifoldIBP.OverlapAtlas.volume_frontier_halfSpaceSource0' depends on axioms: [propext,
 Classical.choice,
 Quot.sound]
'Poincare.D13.ManifoldIBP.OverlapAtlas.volume_frontier_halfSpaceSource1' depends on axioms: [propext,
 Classical.choice,
 Quot.sound]
'Poincare.D13.ManifoldIBP.OverlapAtlas.halfSpaceAtlas_frontier_volume_zero' depends on axioms: [propext,
 Classical.choice,
 Quot.sound]
'Poincare.D13.ManifoldIBP.OverlapAtlas.halfSpaceAtlas_source_ne_univ' depends on axioms: [propext,
 Classical.choice,
 Quot.sound]
'Poincare.D13.ManifoldIBP.OverlapAtlas.not_isTotal_halfSpaceAtlas' depends on axioms: [propext,
 Classical.choice,
 Quot.sound]
'Poincare.D13.ManifoldIBP.OverlapAtlas.halfSpaceAtlas_transition_coherence' depends on axioms: [propext,
 Classical.choice,
 Quot.sound]
'Poincare.D13.ManifoldIBP.OverlapAtlas.halfSpaceAtlas_transition_preimage_isCompact' depends on axioms: [propext,
 Classical.choice,
 Quot.sound]
'Poincare.D13.ManifoldIBP.OverlapAtlas.hsAtlas' depends on axioms: [propext, Classical.choice, Quot.sound]
'Poincare.D13.ManifoldIBP.OverlapAtlas.halfSpaceAtlas_weightedIBP_of_pou_partial_ae' depends on axioms: [propext,
 Classical.choice,
 Quot.sound]
'Poincare.D13.ManifoldIBP.OverlapAtlas.integrable_chartMeasure_iff' depends on axioms: [propext,
 Classical.choice,
 Quot.sound]
'Poincare.D13.ManifoldIBP.OverlapAtlas.integrable_globalMeasure_iff' depends on axioms: [propext,
 Classical.choice,
 Quot.sound]
'Poincare.D13.ManifoldIBP.OverlapAtlas.integrable_globalMeasure_withDensity_of_supported' depends on axioms: [propext,
 Classical.choice,
 Quot.sound]
'Poincare.D13.ManifoldIBP.OverlapAtlas.hsStep' depends on axioms: [propext, Classical.choice, Quot.sound]
'Poincare.D13.ManifoldIBP.OverlapAtlas.hsPsi' depends on axioms: [propext, Classical.choice, Quot.sound]
'Poincare.D13.ManifoldIBP.OverlapAtlas.contDiff_hsPsi' depends on axioms: [propext, Classical.choice, Quot.sound]
'Poincare.D13.ManifoldIBP.OverlapAtlas.hsPsi_sum' depends on axioms: [propext, Classical.choice, Quot.sound]
'Poincare.D13.ManifoldIBP.OverlapAtlas.hasCompactSupport_hsPsi' depends on axioms: [propext,
 Classical.choice,
 Quot.sound]
'Poincare.D13.ManifoldIBP.OverlapAtlas.halfSpaceAtlas_weightedIBP_unconditional' depends on axioms: [propext,
 Classical.choice,
 Quot.sound]
'Poincare.D13.ManifoldIBP.OverlapAtlas.halfSpaceAtlas_dirichletEnergy' depends on axioms: [propext,
 Classical.choice,
 Quot.sound]
'Poincare.D13.ManifoldIBP.OverlapAtlas.halfSpaceAtlas_greenIdentity' depends on axioms: [propext,
 Classical.choice,
 Quot.sound]
'Poincare.D13.ManifoldIBP.OverlapAtlas.support_laplacian_subset' depends on axioms: [propext,
 Classical.choice,
 Quot.sound]
'Poincare.D13.ManifoldIBP.OverlapAtlas.halfSpaceAtlas_laplacianIntegralZero' depends on axioms: [propext,
 Classical.choice,
 Quot.sound]
'Poincare.D13.ManifoldIBP.OverlapAtlas.halfSpaceAtlas_integrable_dirichlet' depends on axioms: [propext,
 Classical.choice,
 Quot.sound]
'Poincare.D13.ManifoldIBP.SmoothOverlapAtlas.globalWeightedIBP_of_cover_partial_ae' depends on axioms: [propext,
 Classical.choice,
 Quot.sound]
'Poincare.D13.ManifoldIBP.OverlapAtlas.halfSpaceAtlas_weightedIBP_of_cover' depends on axioms: [propext,
 Classical.choice,
 Quot.sound]
'Poincare.D13.ManifoldIBP.OverlapAtlas.halfSpaceAtlas_weightedIBP_of_cover_chartOne' depends on axioms: [propext,
 Classical.choice,
 Quot.sound]
'Poincare.D13.negativeControl' depends on axioms: [negativeControl]
