exit=0
seconds=4.6
@Continuous : {X : Type u_1} → {Y : Type u_2} → [TopologicalSpace X] → [TopologicalSpace Y] → (X → Y) → Prop
@ContinuousOn : {X : Type u_1} → {Y : Type u_2} → [TopologicalSpace X] → [TopologicalSpace Y] → (X → Y) → Set X → Prop
ContDiff : (𝕜 : Type u_1) →
  [inst : NontriviallyNormedField 𝕜] →
    {E : Type u_2} →
      [inst_1 : NormedAddCommGroup E] →
        [NormedSpace 𝕜 E] →
          {F : Type u_3} → [inst_3 : NormedAddCommGroup F] → [NormedSpace 𝕜 F] → WithTop ℕ∞ → (E → F) → Prop
ContDiffAt : (𝕜 : Type u_1) →
  [inst : NontriviallyNormedField 𝕜] →
    {E : Type u_2} →
      [inst_1 : NormedAddCommGroup E] →
        [NormedSpace 𝕜 E] →
          {F : Type u_3} → [inst_3 : NormedAddCommGroup F] → [NormedSpace 𝕜 F] → WithTop ℕ∞ → (E → F) → E → Prop
DifferentiableAt : (𝕜 : Type u_1) →
  [inst : NontriviallyNormedField 𝕜] →
    {E : Type u_2} →
      [inst_1 : AddCommGroup E] →
        [Module 𝕜 E] →
          [TopologicalSpace E] →
            {F : Type u_3} → [inst_4 : AddCommGroup F] → [Module 𝕜 F] → [TopologicalSpace F] → (E → F) → E → Prop
DifferentiableOn : (𝕜 : Type u_1) →
  [inst : NontriviallyNormedField 𝕜] →
    {E : Type u_2} →
      [inst_1 : AddCommGroup E] →
        [Module 𝕜 E] →
          [TopologicalSpace E] →
            {F : Type u_3} → [inst_4 : AddCommGroup F] → [Module 𝕜 F] → [TopologicalSpace F] → (E → F) → Set E → Prop
DifferentiableWithinAt : (𝕜 : Type u_1) →
  [inst : NontriviallyNormedField 𝕜] →
    {E : Type u_2} →
      [inst_1 : AddCommGroup E] →
        [Module 𝕜 E] →
          [TopologicalSpace E] →
            {F : Type u_3} →
              [inst_4 : AddCommGroup F] → [Module 𝕜 F] → [TopologicalSpace F] → (E → F) → Set E → E → Prop
@Continuous.continuousOn : ∀ {α : Type u_1} {β : Type u_2} [inst : TopologicalSpace α] [inst_1 : TopologicalSpace β]
  {f : α → β} {s : Set α}, Continuous f → ContinuousOn f s
@ContDiff.continuous : ∀ {𝕜 : Type u_1} [inst : NontriviallyNormedField 𝕜] {E : Type u_2}
  [inst_1 : NormedAddCommGroup E] [inst_2 : NormedSpace 𝕜 E] {F : Type u_3} [inst_3 : NormedAddCommGroup F]
  [inst_4 : NormedSpace 𝕜 F] {f : E → F} {n : WithTop ℕ∞}, ContDiff 𝕜 n f → Continuous f
@ContDiffAt.differentiableAt : ∀ {𝕜 : Type u_1} [inst : NontriviallyNormedField 𝕜] {E : Type u_2}
  [inst_1 : NormedAddCommGroup E] [inst_2 : NormedSpace 𝕜 E] {F : Type u_3} [inst_3 : NormedAddCommGroup F]
  [inst_4 : NormedSpace 𝕜 F] {f : E → F} {x : E} {n : WithTop ℕ∞}, ContDiffAt 𝕜 n f x → n ≠ 0 → DifferentiableAt 𝕜 f x
@HasDerivAt : {𝕜 : Type u_1} →
  [inst : NontriviallyNormedField 𝕜] →
    {F : Type u_2} →
      [inst_1 : AddCommGroup F] →
        [inst_2 : Module 𝕜 F] → [inst_3 : TopologicalSpace F] → [ContinuousSMul 𝕜 F] → (𝕜 → F) → F → 𝕜 → Prop
@deriv : {𝕜 : Type u_1} →
  [inst : NontriviallyNormedField 𝕜] →
    {F : Type u_2} → [inst_1 : AddCommGroup F] → [Module 𝕜 F] → [TopologicalSpace F] → (𝕜 → F) → 𝕜 → F
@HasDerivAt.deriv : ∀ {𝕜 : Type u_1} [inst : NontriviallyNormedField 𝕜] {F : Type u_2} [inst_1 : NormedAddCommGroup F]
  [inst_2 : NormedSpace 𝕜 F] {f : 𝕜 → F} {f' : F} {x : 𝕜}, HasDerivAt f f' x → deriv f x = f'
@hasDerivAt_pow : ∀ {𝕜 : Type u_1} [inst : NontriviallyNormedField 𝕜] (n : ℕ) (x : 𝕜),
  HasDerivAt (fun x => x ^ n) (↑n * x ^ (n - 1)) x
@deriv_pow : ∀ {𝕜 : Type u_1} {𝔸 : Type u_2} [inst : NontriviallyNormedField 𝕜] [inst_1 : NormedCommRing 𝔸]
  [inst_2 : NormedAlgebra 𝕜 𝔸] {f : 𝕜 → 𝔸} {x : 𝕜},
  DifferentiableAt 𝕜 f x → ∀ (n : ℕ), deriv (f ^ n) x = ↑n * f x ^ (n - 1) * deriv f x
@HasDerivAt.const_mul : ∀ {𝕜 : Type u_1} [inst : NontriviallyNormedField 𝕜] {x : 𝕜} {𝔸 : Type u_2}
  [inst_1 : NormedRing 𝔸] [inst_2 : NormedAlgebra 𝕜 𝔸] {d : 𝕜 → 𝔸} {d' : 𝔸} (c : 𝔸),
  HasDerivAt d d' x → HasDerivAt (fun y => c * d y) (c * d') x
@iteratedDeriv : {𝕜 : Type u_1} →
  [inst : NontriviallyNormedField 𝕜] →
    {F : Type u_2} → [inst_1 : NormedAddCommGroup F] → [NormedSpace 𝕜 F] → ℕ → (𝕜 → F) → 𝕜 → F
@iteratedDeriv_succ : ∀ {𝕜 : Type u_1} [inst : NontriviallyNormedField 𝕜] {F : Type u_2} [inst_1 : NormedAddCommGroup F]
  [inst_2 : NormedSpace 𝕜 F] {n : ℕ} {f : 𝕜 → F}, iteratedDeriv (n + 1) f = deriv (iteratedDeriv n f)
@iteratedDeriv_succ' : ∀ {𝕜 : Type u_1} [inst : NontriviallyNormedField 𝕜] {F : Type u_2}
  [inst_1 : NormedAddCommGroup F] [inst_2 : NormedSpace 𝕜 F] {n : ℕ} {f : 𝕜 → F},
  iteratedDeriv (n + 1) f = iteratedDeriv n (deriv f)
@iteratedDeriv_zero : ∀ {𝕜 : Type u_1} [inst : NontriviallyNormedField 𝕜] {F : Type u_2} [inst_1 : NormedAddCommGroup F]
  [inst_2 : NormedSpace 𝕜 F] {f : 𝕜 → F}, iteratedDeriv 0 f = f
@Laplacian.laplacian : {E : Type u_1} → {F : outParam (Type u_2)} → [self : Laplacian E F] → E → F
@InnerProductSpace.laplacian_eq_iteratedDeriv_real : ∀ {F : Type u_1} [inst : NormedAddCommGroup F]
  [inst_1 : NormedSpace ℝ F] {e : ℝ} (f : ℝ → F), Laplacian.laplacian f e = iteratedDeriv 2 f e
@isCompact_Icc : ∀ {α : Type u_1} {inst : TopologicalSpace α} {inst_1 : Preorder α} [self : CompactIccSpace α]
  {a b : α}, IsCompact (Icc a b)
@IsCompact.exists_isMaxOn : ∀ {α : Type u_1} {β : Type u_2} [inst : LinearOrder α] [inst_1 : TopologicalSpace α]
  [inst_2 : TopologicalSpace β] [ClosedIciTopology α] {s : Set β},
  IsCompact s → s.Nonempty → ∀ {f : β → α}, ContinuousOn f s → ∃ x ∈ s, IsMaxOn f s x
@IsCompact.exists_isMinOn : ∀ {α : Type u_1} {β : Type u_2} [inst : LinearOrder α] [inst_1 : TopologicalSpace α]
  [inst_2 : TopologicalSpace β] [ClosedIicTopology α] {s : Set β},
  IsCompact s → s.Nonempty → ∀ {f : β → α}, ContinuousOn f s → ∃ x ∈ s, IsMinOn f s x
@isMaxOn_iff : ∀ {α : Type u_1} {β : Type u_2} [inst : Preorder β] {f : α → β} {s : Set α} {a : α},
  IsMaxOn f s a ↔ ∀ x ∈ s, f x ≤ f a
@isMinOn_iff : ∀ {α : Type u_1} {β : Type u_2} [inst : Preorder β] {f : α → β} {s : Set α} {a : α},
  IsMinOn f s a ↔ ∀ x ∈ s, f a ≤ f x
@ContinuousOn.exists_isMaxOn' : ∀ {α : Type u_1} {β : Type u_2} [inst : LinearOrder α] [inst_1 : TopologicalSpace α]
  [inst_2 : TopologicalSpace β] [ClosedIciTopology α] {s : Set β} {f : β → α},
  ContinuousOn f s →
    IsClosed s →
      ∀ {x₀ : β}, x₀ ∈ s → (∀ᶠ (x : β) in Filter.cocompact β ⊓ Filter.principal s, f x ≤ f x₀) → ∃ x ∈ s, IsMaxOn f s x
@IsCompact.exists_isMaxOn_mem_subset : ∀ {α : Type u_1} {β : Type u_2} [inst : LinearOrder α]
  [inst_1 : TopologicalSpace α] [inst_2 : TopologicalSpace β] [ClosedIciTopology α] {f : β → α} {s t : Set β} {z : β},
  IsCompact t → ContinuousOn f t → z ∈ t → (∀ z' ∈ t \ s, f z' < f z) → ∃ x ∈ s, IsMaxOn f t x
@Fin.instLinearOrder : {n : ℕ} → LinearOrder (Fin n)
Fin.last : (n : ℕ) → Fin (n + 1)
@Fin.castSucc : {n : ℕ} → Fin n → Fin (n + 1)
@Fin.succ : {n : ℕ} → Fin n → Fin (n + 1)
@Fin.induction : {n : ℕ} →
  {motive : Fin (n + 1) → Sort u_1} →
    motive 0 → ((i : Fin n) → motive i.castSucc → motive i.succ) → (i : Fin (n + 1)) → motive i
Finset.range : ℕ → Finset ℕ
@Finset.mem_range : ∀ {n m : ℕ}, m ∈ Finset.range n ↔ m < n
@Finset.exists_max_image : ∀ {α : Type u_1} {β : Type u_2} [inst : LinearOrder α] (s : Finset β) (f : β → α),
  s.Nonempty → ∃ x ∈ s, ∀ x' ∈ s, f x' ≤ f x
@Finset.max' : {α : Type u_1} → [LinearOrder α] → (s : Finset α) → s.Nonempty → α
@Finset.max'_mem : ∀ {α : Type u_1} [inst : LinearOrder α] (s : Finset α) (H : s.Nonempty), s.max' H ∈ s
@Finset.le_max' : ∀ {α : Type u_1} [inst : LinearOrder α] (s : Finset α) (x : α) (H2 : x ∈ s), x ≤ s.max' ⋯
@InnerProductSpace.HarmonicAt : {E : Type u_1} →
  [inst : NormedAddCommGroup E] →
    [inst_1 : InnerProductSpace ℝ E] →
      [FiniteDimensional ℝ E] → {F : Type u_2} → [inst : NormedAddCommGroup F] → [NormedSpace ℝ F] → (E → F) → E → Prop
@InnerProductSpace.HarmonicOnNhd : {E : Type u_1} →
  [inst : NormedAddCommGroup E] →
    [inst_1 : InnerProductSpace ℝ E] →
      [FiniteDimensional ℝ E] →
        {F : Type u_2} → [inst : NormedAddCommGroup F] → [NormedSpace ℝ F] → (E → F) → Set E → Prop
@Complex.exists_mem_frontier_isMaxOn_norm : ∀ {E : Type u_1} [inst : NormedAddCommGroup E] [inst_1 : NormedSpace ℂ E]
  {F : Type u_2} [inst_2 : NormedAddCommGroup F] [inst_3 : NormedSpace ℂ F] [Nontrivial E] [FiniteDimensional ℂ E]
  {f : E → F} {U : Set E},
  Bornology.IsBounded U → U.Nonempty → DiffContOnCl ℂ f U → ∃ z ∈ frontier U, IsMaxOn (norm ∘ f) (closure U) z
@ConvexOn.le_max_of_mem_Icc : ∀ {𝕜 : Type u_1} {β : Type u_2} [inst : Field 𝕜] [inst_1 : LinearOrder 𝕜]
  [IsStrictOrderedRing 𝕜] [inst_3 : AddCommGroup β] [inst_4 : LinearOrder β] [IsOrderedAddMonoid β]
  [inst_6 : Module 𝕜 β] [IsStrictOrderedModule 𝕜 β] {s : Set 𝕜} {f : 𝕜 → β} {x y z : 𝕜},
  ConvexOn 𝕜 s f → x ∈ s → y ∈ s → z ∈ Icc x y → f z ≤ max (f x) (f y)
@ConcaveOn.min_le_of_mem_Icc : ∀ {𝕜 : Type u_1} {β : Type u_2} [inst : Field 𝕜] [inst_1 : LinearOrder 𝕜]
  [IsStrictOrderedRing 𝕜] [inst_3 : AddCommGroup β] [inst_4 : LinearOrder β] [IsOrderedAddMonoid β]
  [inst_6 : Module 𝕜 β] [IsStrictOrderedModule 𝕜 β] {s : Set 𝕜} {f : 𝕜 → β} {x y z : 𝕜},
  ConcaveOn 𝕜 s f → x ∈ s → y ∈ s → z ∈ Icc x y → min (f x) (f y) ≤ f z
'Probe.PdeApi.continuousOn_Icc_exists_max' depends on axioms: [propext, Classical.choice, Quot.sound]
'Probe.PdeApi.deriv_sq' depends on axioms: [propext, Classical.choice, Quot.sound]
'Probe.PdeApi.iteratedDeriv_two_cube' depends on axioms: [propext, Classical.choice, Quot.sound]
'Probe.PdeApi.discreteLaplacian_affine' depends on axioms: [propext, Classical.choice, Quot.sound]
'Probe.PdeApi.strict_finite_grid_max_principle' depends on axioms: [propext, Classical.choice, Quot.sound]
'Probe.PdeApi.strict_finite_grid_max_principle_max' depends on axioms: [propext, Classical.choice, Quot.sound]
'Probe.PdeApi.heat_slab_nonpos_of_interface' depends on axioms: [propext, Classical.choice, Quot.sound]
'Probe.PdeApi.heat_slab_zero_interface' depends on axioms: [propext, Classical.choice, Quot.sound]
'Probe.PdeApi.heat_slab_affine_interface' depends on axioms: [propext, Classical.choice, Quot.sound]
