A3TYPE Poincare.D12.VolumeIBP.ChartMetric.expMetricOne._proof_3 : ∀ (i j : Fin 1),
  ContDiff ℝ ⊤ fun x => Real.exp (2 * x 0)
A3TYPE Poincare.D12.VolumeIBP.ChartMetric.invMatrix_symm : ∀ {d : ℕ} (G : Poincare.D12.VolumeIBP.ChartMetric d)
  (x : Poincare.D12.VolumeIBP.Vec d), (G.invMatrix x).IsSymm
A3TYPE Poincare.D12.VolumeIBP.ChartMetric.det_pullbackMatrix : ∀ {d : ℕ} (G : Poincare.D12.VolumeIBP.ChartMetric d)
  (ψ : Poincare.D12.VolumeIBP.Vec d → Poincare.D12.VolumeIBP.Vec d) (x : Poincare.D12.VolumeIBP.Vec d),
  (G.pullbackMatrix ψ x).det = (fderiv ℝ ψ x).det ^ 2 * (G.matrix (ψ x)).det
A3TYPE Poincare.D12.VolumeIBP.ChartMetric.g : {d : ℕ} →
  Poincare.D12.VolumeIBP.ChartMetric d → Poincare.D12.VolumeIBP.Vec d → Fin d → Fin d → ℝ
A3TYPE Poincare.D12.VolumeIBP.ChartMetric.entry_contDiff : ∀ {d : ℕ} (G : Poincare.D12.VolumeIBP.ChartMetric d)
  (i j : Fin d), ContDiff ℝ ⊤ fun x => G.g x i j
A3TYPE Poincare.D12.VolumeIBP.ChartMetric.chart_weighted_ibp : ∀ {n : ℕ}
  (G : Poincare.D12.VolumeIBP.ChartMetric (n + 1)) (f u v : Poincare.D12.VolumeIBP.Vec (n + 1) → ℝ),
  ContDiff ℝ 2 f →
    ContDiff ℝ 2 u →
      ContDiff ℝ 2 v →
        HasCompactSupport v →
          ∫ (x : Poincare.D12.VolumeIBP.Vec (n + 1)), G.driftLaplacian f u x * v x * Real.exp (-f x) * G.density x =
            -∫ (x : Poincare.D12.VolumeIBP.Vec (n + 1)), G.gradInnerInverse u v x * Real.exp (-f x) * G.density x
A3TYPE Poincare.D12.VolumeIBP.ChartMetric.recOn : {d : ℕ} →
  {motive : Poincare.D12.VolumeIBP.ChartMetric d → Sort u} →
    (t : Poincare.D12.VolumeIBP.ChartMetric d) →
      ((g : Poincare.D12.VolumeIBP.Vec d → Fin d → Fin d → ℝ) →
          (smooth : ∀ (i j : Fin d), ContDiff ℝ ⊤ fun x => g x i j) →
            (posDef : ∀ (x : Poincare.D12.VolumeIBP.Vec d), (Matrix.of fun i j => g x i j).PosDef) →
              motive { g := g, smooth := smooth, posDef := posDef }) →
        motive t
A3TYPE Poincare.D12.VolumeIBP.ChartMetric.jacobianMatrix_det : ∀ {d : ℕ}
  (ψ : Poincare.D12.VolumeIBP.Vec d → Poincare.D12.VolumeIBP.Vec d) (x : Poincare.D12.VolumeIBP.Vec d),
  (Poincare.D12.VolumeIBP.ChartMetric.jacobianMatrix ψ x).det = (fderiv ℝ ψ x).det
A3TYPE Poincare.D12.VolumeIBP.ChartMetric._sizeOf_1 : {d : ℕ} → Poincare.D12.VolumeIBP.ChartMetric d → ℕ
A3TYPE Poincare.D12.VolumeIBP.chartWeightedIBPStatementRestricted : {n : ℕ} →
  Poincare.D12.VolumeIBP.ChartMetric (n + 1) → (Poincare.D12.VolumeIBP.Vec (n + 1) → ℝ) → Prop
A3TYPE Poincare.D12.VolumeIBP.ChartMetric.pullbackMetric._proof_2 : ∀ {d : ℕ} (G : Poincare.D12.VolumeIBP.ChartMetric d)
  (H : Poincare.D12.VolumeIBP.ChartDiffeomorphism d) (x : Poincare.D12.VolumeIBP.Vec d),
  (Matrix.of fun i j => G.pullbackMatrix H.ψ x i j).IsHermitian ∧
    ∀ ⦃x_1 : Fin d →₀ ℝ⦄,
      x_1 ≠ 0 →
        0 < x_1.sum fun i xi => x_1.sum fun j xj => star xi * Matrix.of (fun i j => G.pullbackMatrix H.ψ x i j) i j * xj
A3TYPE Poincare.D12.VolumeIBP.ChartMetric.metricInnerInverse.eq_1 : ∀ {n : ℕ}
  (G : Poincare.D12.VolumeIBP.ChartMetric (n + 1)) (x p q : Poincare.D12.VolumeIBP.Vec (n + 1)),
  G.metricInnerInverse x p q = ∑ i, ∑ j, G.invMatrix x i j * p i * q j
A3TYPE Poincare.D12.VolumeIBP.ChartDiffeomorphism._sizeOf_inst : (d : ℕ) →
  SizeOf (Poincare.D12.VolumeIBP.ChartDiffeomorphism d)
A3TYPE Poincare.D12.VolumeIBP.ChartMetric.pullbackDensity_eq : ∀ {d : ℕ} (G : Poincare.D12.VolumeIBP.ChartMetric d)
  (H : Poincare.D12.VolumeIBP.ChartDiffeomorphism d) (x : Poincare.D12.VolumeIBP.Vec d),
  (G.pullbackMetric H).density x = G.density (H.ψ x) * |(fderiv ℝ H.ψ x).det|
A3TYPE Poincare.D12.VolumeIBP.ChartMetric.weighted_divergence_mul_grad : ∀ {n : ℕ}
  (G : Poincare.D12.VolumeIBP.ChartMetric (n + 1)) (u v : Poincare.D12.VolumeIBP.Vec (n + 1) → ℝ),
  ContDiff ℝ 2 u →
    ContDiff ℝ 2 v →
      ∀ (x : Poincare.D12.VolumeIBP.Vec (n + 1)),
        Poincare.D12.VolumeIBP.ChartMetric.weightedDivergence G.density (fun y i => u y * G.grad v y i) x =
          G.density x * (u x * G.laplacian v x + G.gradInnerInverse u v x)
A3TYPE Poincare.D12.VolumeIBP.ChartMetric.gradInnerInverse.eq_1 : ∀ {n : ℕ}
  (G : Poincare.D12.VolumeIBP.ChartMetric (n + 1)) (u v : Poincare.D12.VolumeIBP.Vec (n + 1) → ℝ)
  (x : Poincare.D12.VolumeIBP.Vec (n + 1)),
  G.gradInnerInverse u v x =
    G.metricInnerInverse x (fun i => Poincare.D12.VolumeIBP.ChartMetric.partialDeriv i u x) fun i =>
      Poincare.D12.VolumeIBP.ChartMetric.partialDeriv i v x
A3TYPE Poincare.D12.VolumeIBP.ChartMetric.gradInnerInverse_continuous : ∀ {n : ℕ}
  (G : Poincare.D12.VolumeIBP.ChartMetric (n + 1)) (u v : Poincare.D12.VolumeIBP.Vec (n + 1) → ℝ),
  ContDiff ℝ 2 u → ContDiff ℝ 2 v → Continuous fun x => G.gradInnerInverse u v x
A3TYPE Poincare.D12.VolumeIBP.manifoldOrientationVolumeFormCompat : Prop
A3TYPE Poincare.D12.VolumeIBP.ChartMetric.mk.noConfusion : {d : ℕ} →
  {P : Sort u} →
    {g : Poincare.D12.VolumeIBP.Vec d → Fin d → Fin d → ℝ} →
      {smooth : ∀ (i j : Fin d), ContDiff ℝ ⊤ fun x => g x i j} →
        {posDef : ∀ (x : Poincare.D12.VolumeIBP.Vec d), (Matrix.of fun i j => g x i j).PosDef} →
          {g' : Poincare.D12.VolumeIBP.Vec d → Fin d → Fin d → ℝ} →
            {smooth' : ∀ (i j : Fin d), ContDiff ℝ ⊤ fun x => g' x i j} →
              {posDef' : ∀ (x : Poincare.D12.VolumeIBP.Vec d), (Matrix.of fun i j => g' x i j).PosDef} →
                { g := g, smooth := smooth, posDef := posDef } = { g := g', smooth := smooth', posDef := posDef' } →
                  (g ≍ g' → P) → P
A3TYPE Poincare.D12.VolumeIBP.manifoldStokesTheorem : Prop
A3TYPE Poincare.D12.VolumeIBP.ChartMetric.driftLaplacian_continuous : ∀ {n : ℕ}
  (G : Poincare.D12.VolumeIBP.ChartMetric (n + 1)) (f u : Poincare.D12.VolumeIBP.Vec (n + 1) → ℝ),
  ContDiff ℝ 2 f → ContDiff ℝ 2 u → Continuous fun x => G.driftLaplacian f u x
A3TYPE Poincare.D12.VolumeIBP.ChartMetric.chart_ibp_laplacian : ∀ {n : ℕ}
  (G : Poincare.D12.VolumeIBP.ChartMetric (n + 1)) (u : Poincare.D12.VolumeIBP.Vec (n + 1) → ℝ),
  ContDiff ℝ ⊤ u →
    HasCompactSupport u →
      ∫ (x : Poincare.D12.VolumeIBP.Vec (n + 1)), u x * G.laplacian (fun y => G.laplacian u y) x * G.density x =
        -∫ (x : Poincare.D12.VolumeIBP.Vec (n + 1)), G.gradInnerInverse u (fun y => G.laplacian u y) x * G.density x
A3TYPE Poincare.D12.VolumeIBP.ChartMetric.density_contDiff_one : ∀ {d : ℕ} (G : Poincare.D12.VolumeIBP.ChartMetric d),
  ContDiff ℝ 1 fun x => G.density x
A3TYPE Poincare.D12.VolumeIBP.ChartMetric.density_pos : ∀ {d : ℕ} (G : Poincare.D12.VolumeIBP.ChartMetric d)
  (x : Poincare.D12.VolumeIBP.Vec d), 0 < G.density x
A3TYPE Poincare.D12.VolumeIBP.ChartMetric.density_aemeasurable : ∀ {d : ℕ} (G : Poincare.D12.VolumeIBP.ChartMetric d),
  AEMeasurable (fun x => G.density x) MeasureTheory.volume
A3TYPE Poincare.D12.VolumeIBP.ChartMetric.inner_pos_of_ne_zero : ∀ {d : ℕ} (G : Poincare.D12.VolumeIBP.ChartMetric d)
  (x : Poincare.D12.VolumeIBP.Vec d) {v : Poincare.D12.VolumeIBP.Vec d}, v ≠ 0 → 0 < G.inner x v v
A3TYPE Poincare.D12.VolumeIBP.ChartMetric.invMatrix_mul_matrix_mul_invMatrix : ∀ {d : ℕ}
  (G : Poincare.D12.VolumeIBP.ChartMetric d) (x : Poincare.D12.VolumeIBP.Vec d),
  (G.invMatrix x).transpose * G.matrix x * G.invMatrix x = G.invMatrix x
A3TYPE Poincare.D12.VolumeIBP.ChartDiffeomorphism.mk.noConfusion : {d : ℕ} →
  {P : Sort u} →
    {ψ : Poincare.D12.VolumeIBP.Vec d → Poincare.D12.VolumeIBP.Vec d} →
      {smooth : ContDiff ℝ ⊤ ψ} →
        {injective : Function.Injective ψ} →
          {surjective : Function.Surjective ψ} →
            {fderiv_injective : ∀ (x : Poincare.D12.VolumeIBP.Vec d), Function.Injective ⇑(fderiv ℝ ψ x)} →
              {ψ' : Poincare.D12.VolumeIBP.Vec d → Poincare.D12.VolumeIBP.Vec d} →
                {smooth' : ContDiff ℝ ⊤ ψ'} →
                  {injective' : Function.Injective ψ'} →
                    {surjective' : Function.Surjective ψ'} →
                      {fderiv_injective' : ∀ (x : Poincare.D12.VolumeIBP.Vec d), Function.Injective ⇑(fderiv ℝ ψ' x)} →
                        { ψ := ψ, smooth := smooth, injective := injective, surjective := surjective,
                              fderiv_injective := fderiv_injective } =
                            { ψ := ψ', smooth := smooth', injective := injective', surjective := surjective',
                              fderiv_injective := fderiv_injective' } →
                          (ψ ≍ ψ' → P) → P
A3TYPE Poincare.D12.VolumeIBP.ChartMetric.chart_ibp : ∀ {n : ℕ} (G : Poincare.D12.VolumeIBP.ChartMetric (n + 1))
  (u v : Poincare.D12.VolumeIBP.Vec (n + 1) → ℝ),
  ContDiff ℝ 2 u →
    ContDiff ℝ 2 v →
      HasCompactSupport u →
        ∫ (x : Poincare.D12.VolumeIBP.Vec (n + 1)), u x * G.laplacian v x * G.density x =
          -∫ (x : Poincare.D12.VolumeIBP.Vec (n + 1)), G.gradInnerInverse u v x * G.density x
A3TYPE Poincare.D12.VolumeIBP.ChartMetric.det_contDiff : ∀ {d : ℕ} (G : Poincare.D12.VolumeIBP.ChartMetric d),
  ContDiff ℝ ⊤ fun x => (G.matrix x).det
A3TYPE Poincare.D12.VolumeIBP.Vec : ℕ → Type
A3TYPE Poincare.D12.VolumeIBP.ChartMetric.det_continuous : ∀ {d : ℕ} (G : Poincare.D12.VolumeIBP.ChartMetric d),
  Continuous fun x => (G.matrix x).det
A3TYPE Poincare.D12.VolumeIBP.ChartMetric.matrix_continuous : ∀ {d : ℕ} (G : Poincare.D12.VolumeIBP.ChartMetric d),
  Continuous fun x => G.matrix x
A3TYPE Poincare.D12.VolumeIBP.ChartMetric.density_ne_zero : ∀ {d : ℕ} (G : Poincare.D12.VolumeIBP.ChartMetric d)
  (x : Poincare.D12.VolumeIBP.Vec d), G.density x ≠ 0
A3TYPE Poincare.D12.VolumeIBP.ChartDiffeomorphism.fderiv_injective : ∀ {d : ℕ}
  (self : Poincare.D12.VolumeIBP.ChartDiffeomorphism d) (x : Poincare.D12.VolumeIBP.Vec d),
  Function.Injective ⇑(fderiv ℝ self.ψ x)
A3TYPE Poincare.D12.VolumeIBP.ChartMetric.chart_ibp_euclidean_one : ∀ (u v : Poincare.D12.VolumeIBP.Vec 1 → ℝ),
  ContDiff ℝ 2 u →
    ContDiff ℝ 2 v →
      HasCompactSupport u →
        ∫ (x : Poincare.D12.VolumeIBP.Vec 1),
            u x * (Poincare.D12.VolumeIBP.ChartMetric.euclideanChartMetric 1).laplacian v x *
              (Poincare.D12.VolumeIBP.ChartMetric.euclideanChartMetric 1).density x =
          -∫ (x : Poincare.D12.VolumeIBP.Vec (0 + 1)),
              (Poincare.D12.VolumeIBP.ChartMetric.euclideanChartMetric 1).gradInnerInverse u v x *
                (Poincare.D12.VolumeIBP.ChartMetric.euclideanChartMetric 1).density x
A3TYPE Poincare.D12.VolumeIBP.ChartMetric.driftLaplacian : {n : ℕ} →
  Poincare.D12.VolumeIBP.ChartMetric (n + 1) →
    (Poincare.D12.VolumeIBP.Vec (n + 1) → ℝ) →
      (Poincare.D12.VolumeIBP.Vec (n + 1) → ℝ) → Poincare.D12.VolumeIBP.Vec (n + 1) → ℝ
A3TYPE Poincare.D12.VolumeIBP.ChartMetric.euclideanChartMetric._proof_2 : ∀ (d : ℕ) (x : Poincare.D12.VolumeIBP.Vec d),
  (Matrix.of fun i j => if i = j then 1 else 0).PosDef
A3TYPE Poincare.D12.VolumeIBP.ChartMetric.density_continuous : ∀ {d : ℕ} (G : Poincare.D12.VolumeIBP.ChartMetric d),
  Continuous fun x => G.density x
A3TYPE Poincare.D12.VolumeIBP.ChartMetric.ctorIdx : {d : ℕ} → Poincare.D12.VolumeIBP.ChartMetric d → ℕ
A3TYPE Poincare.D12.VolumeIBP.ChartMetric.partialDeriv.eq_1 : ∀ {n : ℕ} (i : Fin (n + 1))
  (f : Poincare.D12.VolumeIBP.Vec (n + 1) → ℝ) (x : Poincare.D12.VolumeIBP.Vec (n + 1)),
  Poincare.D12.VolumeIBP.ChartMetric.partialDeriv i f x = (fderiv ℝ f x) (Pi.single i 1)
A3TYPE Poincare.D12.VolumeIBP.ChartMetric.expMetricOne : Poincare.D12.VolumeIBP.ChartMetric 1
A3TYPE Poincare.D12.VolumeIBP.ChartMetric.euclideanChartMetric._proof_1 : ∀ (d : ℕ) (i j : Fin d),
  ContDiff ℝ ⊤ fun x => if i = j then 1 else 0
A3TYPE Poincare.D12.VolumeIBP.ChartMetric.invMatrix : {d : ℕ} →
  Poincare.D12.VolumeIBP.ChartMetric d → Poincare.D12.VolumeIBP.Vec d → Matrix (Fin d) (Fin d) ℝ
A3TYPE Poincare.D12.VolumeIBP.ChartMetric.metricInnerInverse : {n : ℕ} →
  Poincare.D12.VolumeIBP.ChartMetric (n + 1) →
    Poincare.D12.VolumeIBP.Vec (n + 1) → Poincare.D12.VolumeIBP.Vec (n + 1) → Poincare.D12.VolumeIBP.Vec (n + 1) → ℝ
A3TYPE Poincare.D12.VolumeIBP.Audit.negativeControl : False
A3TYPE Poincare.D12.VolumeIBP.ChartMetric.pullbackMatrix.eq_1 : ∀ {d : ℕ} (G : Poincare.D12.VolumeIBP.ChartMetric d)
  (ψ : Poincare.D12.VolumeIBP.Vec d → Poincare.D12.VolumeIBP.Vec d) (x : Poincare.D12.VolumeIBP.Vec d),
  G.pullbackMatrix ψ x =
    (Poincare.D12.VolumeIBP.ChartMetric.jacobianMatrix ψ x).transpose * G.matrix (ψ x) *
      Poincare.D12.VolumeIBP.ChartMetric.jacobianMatrix ψ x
A3TYPE Poincare.D12.VolumeIBP.ChartMetric.laplacian_continuous : ∀ {n : ℕ}
  (G : Poincare.D12.VolumeIBP.ChartMetric (n + 1)) (v : Poincare.D12.VolumeIBP.Vec (n + 1) → ℝ),
  ContDiff ℝ 2 v → Continuous fun x => G.laplacian v x
A3TYPE Poincare.D12.VolumeIBP.ChartMetric.density_nonneg : ∀ {d : ℕ} (G : Poincare.D12.VolumeIBP.ChartMetric d)
  (x : Poincare.D12.VolumeIBP.Vec d), 0 ≤ G.density x
A3TYPE Poincare.D12.VolumeIBP.ChartDiffeomorphism.casesOn : {d : ℕ} →
  {motive : Poincare.D12.VolumeIBP.ChartDiffeomorphism d → Sort u} →
    (t : Poincare.D12.VolumeIBP.ChartDiffeomorphism d) →
      ((ψ : Poincare.D12.VolumeIBP.Vec d → Poincare.D12.VolumeIBP.Vec d) →
          (smooth : ContDiff ℝ ⊤ ψ) →
            (injective : Function.Injective ψ) →
              (surjective : Function.Surjective ψ) →
                (fderiv_injective : ∀ (x : Poincare.D12.VolumeIBP.Vec d), Function.Injective ⇑(fderiv ℝ ψ x)) →
                  motive
                    { ψ := ψ, smooth := smooth, injective := injective, surjective := surjective,
                      fderiv_injective := fderiv_injective }) →
        motive t
A3TYPE Poincare.D12.VolumeIBP.ChartDiffeomorphism.mk.injEq : ∀ {d : ℕ}
  (ψ : Poincare.D12.VolumeIBP.Vec d → Poincare.D12.VolumeIBP.Vec d) (smooth : ContDiff ℝ ⊤ ψ)
  (injective : Function.Injective ψ) (surjective : Function.Surjective ψ)
  (fderiv_injective : ∀ (x : Poincare.D12.VolumeIBP.Vec d), Function.Injective ⇑(fderiv ℝ ψ x))
  (ψ_1 : Poincare.D12.VolumeIBP.Vec d → Poincare.D12.VolumeIBP.Vec d) (smooth_1 : ContDiff ℝ ⊤ ψ_1)
  (injective_1 : Function.Injective ψ_1) (surjective_1 : Function.Surjective ψ_1)
  (fderiv_injective_1 : ∀ (x : Poincare.D12.VolumeIBP.Vec d), Function.Injective ⇑(fderiv ℝ ψ_1 x)),
  ({ ψ := ψ, smooth := smooth, injective := injective, surjective := surjective,
        fderiv_injective := fderiv_injective } =
      { ψ := ψ_1, smooth := smooth_1, injective := injective_1, surjective := surjective_1,
        fderiv_injective := fderiv_injective_1 }) =
    (ψ = ψ_1)
A3TYPE Poincare.D12.VolumeIBP.ChartMetric.driftLaplacian.eq_1 : ∀ {n : ℕ}
  (G : Poincare.D12.VolumeIBP.ChartMetric (n + 1)) (f u : Poincare.D12.VolumeIBP.Vec (n + 1) → ℝ)
  (x : Poincare.D12.VolumeIBP.Vec (n + 1)), G.driftLaplacian f u x = G.laplacian u x - G.gradInnerInverse f u x
A3TYPE Poincare.D12.VolumeIBP.ChartMetric.g_continuous : ∀ {d : ℕ} (G : Poincare.D12.VolumeIBP.ChartMetric d),
  Continuous G.g
A3TYPE Poincare.D12.VolumeIBP.ChartDiffeomorphism.injective : ∀ {d : ℕ}
  (self : Poincare.D12.VolumeIBP.ChartDiffeomorphism d), Function.Injective self.ψ
A3TYPE Poincare.D12.VolumeIBP.ChartMetric.mk.inj : ∀ {d : ℕ} {g : Poincare.D12.VolumeIBP.Vec d → Fin d → Fin d → ℝ}
  {smooth : ∀ (i j : Fin d), ContDiff ℝ ⊤ fun x => g x i j}
  {posDef : ∀ (x : Poincare.D12.VolumeIBP.Vec d), (Matrix.of fun i j => g x i j).PosDef}
  {g_1 : Poincare.D12.VolumeIBP.Vec d → Fin d → Fin d → ℝ} {smooth_1 : ∀ (i j : Fin d), ContDiff ℝ ⊤ fun x => g_1 x i j}
  {posDef_1 : ∀ (x : Poincare.D12.VolumeIBP.Vec d), (Matrix.of fun i j => g_1 x i j).PosDef},
  { g := g, smooth := smooth, posDef := posDef } = { g := g_1, smooth := smooth_1, posDef := posDef_1 } → g = g_1
A3TYPE Poincare.D12.VolumeIBP.ChartMetric.invMatrix_entry_contDiff : ∀ {d : ℕ}
  (G : Poincare.D12.VolumeIBP.ChartMetric d) (i j : Fin d), ContDiff ℝ ⊤ fun x => G.invMatrix x i j
A3TYPE Poincare.D12.VolumeIBP.ChartDiffeomorphism.mk : {d : ℕ} →
  (ψ : Poincare.D12.VolumeIBP.Vec d → Poincare.D12.VolumeIBP.Vec d) →
    ContDiff ℝ ⊤ ψ →
      Function.Injective ψ →
        Function.Surjective ψ →
          (∀ (x : Poincare.D12.VolumeIBP.Vec d), Function.Injective ⇑(fderiv ℝ ψ x)) →
            Poincare.D12.VolumeIBP.ChartDiffeomorphism d
A3TYPE Poincare.D12.VolumeIBP.ChartMetric.densityNNReal_aemeasurable : ∀ {d : ℕ}
  (G : Poincare.D12.VolumeIBP.ChartMetric d), AEMeasurable (fun x => G.densityNNReal x) MeasureTheory.volume
A3TYPE Poincare.D12.VolumeIBP.ChartMetric.inner : {d : ℕ} →
  Poincare.D12.VolumeIBP.ChartMetric d →
    Poincare.D12.VolumeIBP.Vec d → Poincare.D12.VolumeIBP.Vec d → Poincare.D12.VolumeIBP.Vec d → ℝ
A3TYPE Poincare.D12.VolumeIBP.ChartMetric.invMatrix_mul : ∀ {d : ℕ} (G : Poincare.D12.VolumeIBP.ChartMetric d)
  (x : Poincare.D12.VolumeIBP.Vec d), G.invMatrix x * G.matrix x = 1
A3TYPE Poincare.D12.VolumeIBP.ChartMetric.g_symm : ∀ {d : ℕ} (G : Poincare.D12.VolumeIBP.ChartMetric d)
  (x : Poincare.D12.VolumeIBP.Vec d) (i j : Fin d), G.g x j i = G.g x i j
A3TYPE Poincare.D12.VolumeIBP.ChartMetric.laplacian : {n : ℕ} →
  Poincare.D12.VolumeIBP.ChartMetric (n + 1) →
    (Poincare.D12.VolumeIBP.Vec (n + 1) → ℝ) → Poincare.D12.VolumeIBP.Vec (n + 1) → ℝ
A3TYPE Poincare.D12.VolumeIBP.ChartMetric.noConfusion : {P : Sort u} →
  {d : ℕ} →
    {t : Poincare.D12.VolumeIBP.ChartMetric d} →
      {d' : ℕ} →
        {t' : Poincare.D12.VolumeIBP.ChartMetric d'} →
          d = d' → t ≍ t' → Poincare.D12.VolumeIBP.ChartMetric.noConfusionType P t t'
A3TYPE Poincare.D12.VolumeIBP.ChartDiffeomorphism.smooth : ∀ {d : ℕ}
  (self : Poincare.D12.VolumeIBP.ChartDiffeomorphism d), ContDiff ℝ ⊤ self.ψ
A3TYPE Poincare.D12.VolumeIBP.ChartMetric.jacobianMatrix : {d : ℕ} →
  (Poincare.D12.VolumeIBP.Vec d → Poincare.D12.VolumeIBP.Vec d) →
    Poincare.D12.VolumeIBP.Vec d → Matrix (Fin d) (Fin d) ℝ
A3TYPE Poincare.D12.VolumeIBP.ChartMetric._sizeOf_inst : (d : ℕ) → SizeOf (Poincare.D12.VolumeIBP.ChartMetric d)
A3TYPE Poincare.D12.VolumeIBP.ChartMetric.mk.injEq : ∀ {d : ℕ} (g : Poincare.D12.VolumeIBP.Vec d → Fin d → Fin d → ℝ)
  (smooth : ∀ (i j : Fin d), ContDiff ℝ ⊤ fun x => g x i j)
  (posDef : ∀ (x : Poincare.D12.VolumeIBP.Vec d), (Matrix.of fun i j => g x i j).PosDef)
  (g_1 : Poincare.D12.VolumeIBP.Vec d → Fin d → Fin d → ℝ) (smooth_1 : ∀ (i j : Fin d), ContDiff ℝ ⊤ fun x => g_1 x i j)
  (posDef_1 : ∀ (x : Poincare.D12.VolumeIBP.Vec d), (Matrix.of fun i j => g_1 x i j).PosDef),
  ({ g := g, smooth := smooth, posDef := posDef } = { g := g_1, smooth := smooth_1, posDef := posDef_1 }) = (g = g_1)
A3TYPE Poincare.D12.VolumeIBP.closedManifoldEntropyIdentity : Prop
A3TYPE Poincare.D12.VolumeIBP.ChartMetric.grad : {n : ℕ} →
  Poincare.D12.VolumeIBP.ChartMetric (n + 1) →
    (Poincare.D12.VolumeIBP.Vec (n + 1) → ℝ) → Poincare.D12.VolumeIBP.Vec (n + 1) → Poincare.D12.VolumeIBP.Vec (n + 1)
A3TYPE Poincare.D12.VolumeIBP.ChartMetric.smooth_one : ∀ {d : ℕ} (G : Poincare.D12.VolumeIBP.ChartMetric d)
  (i j : Fin d), ContDiff ℝ 1 fun x => G.g x i j
A3TYPE Poincare.D12.VolumeIBP.ChartMetric.jentry_contDiff : ∀ {d : ℕ} (H : Poincare.D12.VolumeIBP.ChartDiffeomorphism d)
  (i k : Fin d), ContDiff ℝ ⊤ fun x => (fderiv ℝ H.ψ x) (Pi.single i 1) k
A3TYPE Poincare.D12.VolumeIBP.ChartMetric.gradInnerInverse : {n : ℕ} →
  Poincare.D12.VolumeIBP.ChartMetric (n + 1) →
    (Poincare.D12.VolumeIBP.Vec (n + 1) → ℝ) →
      (Poincare.D12.VolumeIBP.Vec (n + 1) → ℝ) → Poincare.D12.VolumeIBP.Vec (n + 1) → ℝ
A3TYPE Poincare.D12.VolumeIBP.ChartMetric.gradInnerInverse_comm : ∀ {n : ℕ}
  (G : Poincare.D12.VolumeIBP.ChartMetric (n + 1)) (u v : Poincare.D12.VolumeIBP.Vec (n + 1) → ℝ)
  (x : Poincare.D12.VolumeIBP.Vec (n + 1)), G.gradInnerInverse u v x = G.gradInnerInverse v u x
A3TYPE Poincare.D12.VolumeIBP.ChartMetric.density_measurable : ∀ {d : ℕ} (G : Poincare.D12.VolumeIBP.ChartMetric d),
  Measurable fun x => G.density x
A3TYPE Poincare.D12.VolumeIBP.ChartMetric.inner.eq_1 : ∀ {d : ℕ} (G : Poincare.D12.VolumeIBP.ChartMetric d)
  (x v w : Poincare.D12.VolumeIBP.Vec d), G.inner x v w = ∑ i, ∑ j, v i * G.g x i j * w j
A3TYPE Poincare.D12.VolumeIBP.ChartDiffeomorphism._sizeOf_1 : {d : ℕ} → Poincare.D12.VolumeIBP.ChartDiffeomorphism d → ℕ
A3TYPE Poincare.D12.VolumeIBP.ChartMetric.inner_grad_eq_gradInnerInverse : ∀ {n : ℕ}
  (G : Poincare.D12.VolumeIBP.ChartMetric (n + 1)) (u v : Poincare.D12.VolumeIBP.Vec (n + 1) → ℝ)
  (x : Poincare.D12.VolumeIBP.Vec (n + 1)), G.inner x (G.grad u x) (G.grad v x) = G.gradInnerInverse u v x
A3TYPE Poincare.D12.VolumeIBP.chartWeightedIBPStatementRestricted_holds : ∀ {n : ℕ}
  (G : Poincare.D12.VolumeIBP.ChartMetric (n + 1)) (f : Poincare.D12.VolumeIBP.Vec (n + 1) → ℝ),
  ContDiff ℝ 2 f → Poincare.D12.VolumeIBP.chartWeightedIBPStatementRestricted G f
A3TYPE Poincare.D12.VolumeIBP.ChartDiffeomorphism.noConfusion : {P : Sort u} →
  {d : ℕ} →
    {t : Poincare.D12.VolumeIBP.ChartDiffeomorphism d} →
      {d' : ℕ} →
        {t' : Poincare.D12.VolumeIBP.ChartDiffeomorphism d'} →
          d = d' → t ≍ t' → Poincare.D12.VolumeIBP.ChartDiffeomorphism.noConfusionType P t t'
A3TYPE Poincare.D12.VolumeIBP.ChartMetric.laplacian.eq_1 : ∀ {n : ℕ} (G : Poincare.D12.VolumeIBP.ChartMetric (n + 1))
  (u : Poincare.D12.VolumeIBP.Vec (n + 1) → ℝ) (x : Poincare.D12.VolumeIBP.Vec (n + 1)),
  G.laplacian u x = G.divergence (G.grad u) x
A3TYPE Poincare.D12.VolumeIBP.ChartDiffeomorphism.mk.sizeOf_spec : ∀ {d : ℕ}
  (ψ : Poincare.D12.VolumeIBP.Vec d → Poincare.D12.VolumeIBP.Vec d) (smooth : ContDiff ℝ ⊤ ψ)
  (injective : Function.Injective ψ) (surjective : Function.Surjective ψ)
  (fderiv_injective : ∀ (x : Poincare.D12.VolumeIBP.Vec d), Function.Injective ⇑(fderiv ℝ ψ x)),
  sizeOf
      { ψ := ψ, smooth := smooth, injective := injective, surjective := surjective,
        fderiv_injective := fderiv_injective } =
    1 + sizeOf smooth
A3TYPE Poincare.D12.VolumeIBP.ChartMetric.densityNNReal_eq : ∀ {d : ℕ} (G : Poincare.D12.VolumeIBP.ChartMetric d)
  (x : Poincare.D12.VolumeIBP.Vec d), ↑(G.densityNNReal x) = G.density x
A3TYPE Poincare.D12.VolumeIBP.ChartDiffeomorphism.noConfusionType : Sort u →
  {d : ℕ} →
    Poincare.D12.VolumeIBP.ChartDiffeomorphism d → {d' : ℕ} → Poincare.D12.VolumeIBP.ChartDiffeomorphism d' → Sort u
A3TYPE Poincare.D12.VolumeIBP.ChartMetric.mk : {d : ℕ} →
  (g : Poincare.D12.VolumeIBP.Vec d → Fin d → Fin d → ℝ) →
    (∀ (i j : Fin d), ContDiff ℝ ⊤ fun x => g x i j) →
      (∀ (x : Poincare.D12.VolumeIBP.Vec d), (Matrix.of fun i j => g x i j).PosDef) →
        Poincare.D12.VolumeIBP.ChartMetric d
A3TYPE Poincare.D12.VolumeIBP.ChartMetric.weightedDivergence.eq_1 : ∀ {n : ℕ}
  (ω : Poincare.D12.VolumeIBP.Vec (n + 1) → ℝ)
  (X : Poincare.D12.VolumeIBP.Vec (n + 1) → Poincare.D12.VolumeIBP.Vec (n + 1))
  (x : Poincare.D12.VolumeIBP.Vec (n + 1)),
  Poincare.D12.VolumeIBP.ChartMetric.weightedDivergence ω X x = ∑ i, (fderiv ℝ (fun y => ω y * X y i) x) (Pi.single i 1)
A3TYPE Poincare.D12.VolumeIBP.ChartMetric.density.eq_1 : ∀ {d : ℕ} (G : Poincare.D12.VolumeIBP.ChartMetric d)
  (x : Poincare.D12.VolumeIBP.Vec d), G.density x = √(G.matrix x).det
A3TYPE Poincare.D12.VolumeIBP.ChartMetric.grad.eq_1 : ∀ {n : ℕ} (G : Poincare.D12.VolumeIBP.ChartMetric (n + 1))
  (u : Poincare.D12.VolumeIBP.Vec (n + 1) → ℝ) (x : Poincare.D12.VolumeIBP.Vec (n + 1)) (i : Fin (n + 1)),
  G.grad u x i = ∑ j, G.invMatrix x i j * Poincare.D12.VolumeIBP.ChartMetric.partialDeriv j u x
A3TYPE Poincare.D12.VolumeIBP.ChartMetric.adjugate_entry_contDiff : ∀ {d : ℕ} (G : Poincare.D12.VolumeIBP.ChartMetric d)
  (i j : Fin d), ContDiff ℝ ⊤ fun x => (G.matrix x).adjugate i j
A3TYPE Poincare.D12.VolumeIBP.ChartMetric.integral_riemannianMeasure_eq : ∀ {d : ℕ}
  (G : Poincare.D12.VolumeIBP.ChartMetric d) (f : Poincare.D12.VolumeIBP.Vec d → ℝ),
  ∫ (x : Poincare.D12.VolumeIBP.Vec d), f x ∂G.riemannianMeasure =
    ∫ (x : Poincare.D12.VolumeIBP.Vec d), f x * G.density x
A3TYPE Poincare.D12.VolumeIBP.ChartMetric.divergence.eq_1 : ∀ {n : ℕ} (G : Poincare.D12.VolumeIBP.ChartMetric (n + 1))
  (X : Poincare.D12.VolumeIBP.Vec (n + 1) → Poincare.D12.VolumeIBP.Vec (n + 1))
  (x : Poincare.D12.VolumeIBP.Vec (n + 1)),
  G.divergence X x = Poincare.D12.VolumeIBP.ChartMetric.weightedDivergence G.density X x / G.density x
A3TYPE Poincare.D12.VolumeIBP.ChartMetric.chart_ibp_self : ∀ {n : ℕ} (G : Poincare.D12.VolumeIBP.ChartMetric (n + 1))
  (u : Poincare.D12.VolumeIBP.Vec (n + 1) → ℝ),
  ContDiff ℝ 2 u →
    HasCompactSupport u →
      ∫ (x : Poincare.D12.VolumeIBP.Vec (n + 1)), u x * G.laplacian u x * G.density x =
        -∫ (x : Poincare.D12.VolumeIBP.Vec (n + 1)), G.gradInnerInverse u u x * G.density x
A3TYPE Poincare.D12.VolumeIBP.ChartMetric.mk.sizeOf_spec : ∀ {d : ℕ}
  (g : Poincare.D12.VolumeIBP.Vec d → Fin d → Fin d → ℝ) (smooth : ∀ (i j : Fin d), ContDiff ℝ ⊤ fun x => g x i j)
  (posDef : ∀ (x : Poincare.D12.VolumeIBP.Vec d), (Matrix.of fun i j => g x i j).PosDef),
  sizeOf { g := g, smooth := smooth, posDef := posDef } = 1
A3TYPE Poincare.D12.VolumeIBP.ChartMetric.pullbackMetric._proof_1 : ∀ {d : ℕ} (G : Poincare.D12.VolumeIBP.ChartMetric d)
  (H : Poincare.D12.VolumeIBP.ChartDiffeomorphism d) (i j : Fin d), ContDiff ℝ ⊤ fun x => G.pullbackMatrix H.ψ x i j
A3TYPE Poincare.D12.VolumeIBP.ChartDiffeomorphism.mk._flat_ctor : {d : ℕ} →
  (ψ : Poincare.D12.VolumeIBP.Vec d → Poincare.D12.VolumeIBP.Vec d) →
    ContDiff ℝ ⊤ ψ →
      Function.Injective ψ →
        Function.Surjective ψ →
          (∀ (x : Poincare.D12.VolumeIBP.Vec d), Function.Injective ⇑(fderiv ℝ ψ x)) →
            Poincare.D12.VolumeIBP.ChartDiffeomorphism d
A3TYPE Poincare.D12.VolumeIBP.ChartMetric.weighted_divergence_integral_eq_zero : ∀ {n : ℕ}
  (ω : Poincare.D12.VolumeIBP.Vec (n + 1) → ℝ),
  ContDiff ℝ 1 ω →
    ∀ (X : Poincare.D12.VolumeIBP.Vec (n + 1) → Poincare.D12.VolumeIBP.Vec (n + 1)),
      ContDiff ℝ 1 X →
        HasCompactSupport X →
          ∫ (x : Poincare.D12.VolumeIBP.Vec (n + 1)), Poincare.D12.VolumeIBP.ChartMetric.weightedDivergence ω X x = 0
A3TYPE Poincare.D12.VolumeIBP.contDiff_if_const : ∀ {𝕜 : Type u_1} {E : Type u_2} {F : Type u_3}
  [inst : NontriviallyNormedField 𝕜] [inst_1 : NormedAddCommGroup E] [inst_2 : NormedSpace 𝕜 E]
  [inst_3 : NormedAddCommGroup F] [inst_4 : NormedSpace 𝕜 F] {n : WithTop ℕ∞} {p : Prop} [inst_5 : Decidable p]
  {f g : E → F}, ContDiff 𝕜 n f → ContDiff 𝕜 n g → ContDiff 𝕜 n fun x => if p then f x else g x
A3TYPE Poincare.D12.VolumeIBP.ChartMetric.matrix_apply : ∀ {d : ℕ} (G : Poincare.D12.VolumeIBP.ChartMetric d)
  (x : Poincare.D12.VolumeIBP.Vec d) (i j : Fin d), G.matrix x i j = G.g x i j
A3TYPE Poincare.D12.VolumeIBP.ChartMetric.riemannianMeasure_absolutelyContinuous : ∀ {d : ℕ}
  (G : Poincare.D12.VolumeIBP.ChartMetric d), G.riemannianMeasure.AbsolutelyContinuous MeasureTheory.volume
A3TYPE Poincare.D12.VolumeIBP.ChartMetric.euclideanChartMetric : (d : ℕ) → Poincare.D12.VolumeIBP.ChartMetric d
A3TYPE Poincare.D12.VolumeIBP.ChartMetric.densityNNReal.eq_1 : ∀ {d : ℕ} (G : Poincare.D12.VolumeIBP.ChartMetric d)
  (x : Poincare.D12.VolumeIBP.Vec d), G.densityNNReal x = (G.density x).toNNReal
A3TYPE Poincare.D12.VolumeIBP.ChartMetric : ℕ → Type
A3TYPE Poincare.D12.VolumeIBP.ChartDiffeomorphism.rec : {d : ℕ} →
  {motive : Poincare.D12.VolumeIBP.ChartDiffeomorphism d → Sort u} →
    ((ψ : Poincare.D12.VolumeIBP.Vec d → Poincare.D12.VolumeIBP.Vec d) →
        (smooth : ContDiff ℝ ⊤ ψ) →
          (injective : Function.Injective ψ) →
            (surjective : Function.Surjective ψ) →
              (fderiv_injective : ∀ (x : Poincare.D12.VolumeIBP.Vec d), Function.Injective ⇑(fderiv ℝ ψ x)) →
                motive
                  { ψ := ψ, smooth := smooth, injective := injective, surjective := surjective,
                    fderiv_injective := fderiv_injective }) →
      (t : Poincare.D12.VolumeIBP.ChartDiffeomorphism d) → motive t
A3TYPE Poincare.D12.VolumeIBP.ChartMetric.density_contDiff : ∀ {d : ℕ} (G : Poincare.D12.VolumeIBP.ChartMetric d),
  ContDiff ℝ ⊤ fun x => G.density x
A3TYPE Poincare.D12.VolumeIBP.ChartMetric.pullbackMetric : {d : ℕ} →
  Poincare.D12.VolumeIBP.ChartMetric d →
    Poincare.D12.VolumeIBP.ChartDiffeomorphism d → Poincare.D12.VolumeIBP.ChartMetric d
A3TYPE Poincare.D12.VolumeIBP.ChartMetric.expMetricOne._proof_4 : ∀ (p : Poincare.D12.VolumeIBP.Vec 1),
  (Matrix.of fun i j => Real.exp (2 * p 0)).IsHermitian ∧
    ∀ ⦃x : Fin 1 →₀ ℝ⦄,
      x ≠ 0 → 0 < x.sum fun i xi => x.sum fun j xj => star xi * Matrix.of (fun i j => Real.exp (2 * p 0)) i j * xj
A3TYPE Poincare.D12.VolumeIBP.ChartMetric.laplacian_contDiff_two : ∀ {n : ℕ}
  (G : Poincare.D12.VolumeIBP.ChartMetric (n + 1)) (u : Poincare.D12.VolumeIBP.Vec (n + 1) → ℝ),
  ContDiff ℝ ⊤ u → ContDiff ℝ 2 fun x => G.laplacian u x
A3TYPE Poincare.D12.VolumeIBP.ChartMetric.matrix_mul_invMatrix : ∀ {d : ℕ} (G : Poincare.D12.VolumeIBP.ChartMetric d)
  (x : Poincare.D12.VolumeIBP.Vec d), G.matrix x * G.invMatrix x = 1
A3TYPE Poincare.D12.VolumeIBP.ChartMetric.noConfusionType : Sort u →
  {d : ℕ} → Poincare.D12.VolumeIBP.ChartMetric d → {d' : ℕ} → Poincare.D12.VolumeIBP.ChartMetric d' → Sort u
A3TYPE Poincare.D12.VolumeIBP.ChartMetric.weighted_divergence_mul_exp_grad : ∀ {n : ℕ}
  (G : Poincare.D12.VolumeIBP.ChartMetric (n + 1)) (f u v : Poincare.D12.VolumeIBP.Vec (n + 1) → ℝ),
  ContDiff ℝ 2 f →
    ContDiff ℝ 2 u →
      ContDiff ℝ 2 v →
        ∀ (x : Poincare.D12.VolumeIBP.Vec (n + 1)),
          Poincare.D12.VolumeIBP.ChartMetric.weightedDivergence (fun y => Real.exp (-f y) * G.density y)
              (fun y i => v y * G.grad u y i) x =
            Real.exp (-f x) * G.density x * (v x * G.driftLaplacian f u x + G.gradInnerInverse v u x)
A3TYPE Poincare.D12.VolumeIBP.ChartMetric.divergence_integral_eq_zero : ∀ {n : ℕ}
  (G : Poincare.D12.VolumeIBP.ChartMetric (n + 1))
  (X : Poincare.D12.VolumeIBP.Vec (n + 1) → Poincare.D12.VolumeIBP.Vec (n + 1)),
  ContDiff ℝ 1 X →
    HasCompactSupport X → ∫ (x : Poincare.D12.VolumeIBP.Vec (n + 1)), G.divergence X x ∂G.riemannianMeasure = 0
A3TYPE Poincare.D12.VolumeIBP.ChartMetric.grad_contDiff_one : ∀ {n : ℕ} (G : Poincare.D12.VolumeIBP.ChartMetric (n + 1))
  (v : Poincare.D12.VolumeIBP.Vec (n + 1) → ℝ), ContDiff ℝ 2 v → ContDiff ℝ 1 (G.grad v)
A3TYPE Poincare.D12.VolumeIBP.ChartMetric.matrix.eq_1 : ∀ {d : ℕ} (G : Poincare.D12.VolumeIBP.ChartMetric d)
  (x : Poincare.D12.VolumeIBP.Vec d), G.matrix x = Matrix.of fun i j => G.g x i j
A3TYPE Poincare.D12.VolumeIBP.ChartMetric.det_pos : ∀ {d : ℕ} (G : Poincare.D12.VolumeIBP.ChartMetric d)
  (x : Poincare.D12.VolumeIBP.Vec d), 0 < (G.matrix x).det
A3TYPE Poincare.D12.VolumeIBP.manifoldRiemannianMeasureExists : Prop
A3TYPE Poincare.D12.VolumeIBP.ChartMetric.laplacian_integral_eq_zero : ∀ {n : ℕ}
  (G : Poincare.D12.VolumeIBP.ChartMetric (n + 1)) (v : Poincare.D12.VolumeIBP.Vec (n + 1) → ℝ),
  ContDiff ℝ 2 v → HasCompactSupport v → ∫ (x : Poincare.D12.VolumeIBP.Vec (n + 1)), G.laplacian v x * G.density x = 0
A3TYPE Poincare.D12.VolumeIBP.exists_pi_Ioo_supset_compact : ∀ {d : ℕ} (K : Set (Poincare.D12.VolumeIBP.Vec d)),
  IsCompact K → ∃ a b, (∀ (i : Fin d), a i ≤ b i) ∧ K ⊆ Set.univ.pi fun i => Set.Ioo (a i) (b i)
A3TYPE Poincare.D12.VolumeIBP.ChartMetric.expMetricOne_density_eq : ∀ (x : Poincare.D12.VolumeIBP.Vec 1),
  Poincare.D12.VolumeIBP.ChartMetric.expMetricOne.density x = Real.exp (x 0)
A3TYPE Poincare.D12.VolumeIBP.ChartMetric.jacobianMatrix.eq_1 : ∀ {d : ℕ}
  (ψ : Poincare.D12.VolumeIBP.Vec d → Poincare.D12.VolumeIBP.Vec d) (x : Poincare.D12.VolumeIBP.Vec d),
  Poincare.D12.VolumeIBP.ChartMetric.jacobianMatrix ψ x = Matrix.of fun i j => (fderiv ℝ ψ x) (Pi.single j 1) i
A3TYPE Poincare.D12.VolumeIBP.ChartMetric.grad_hasCompactSupport : ∀ {n : ℕ}
  (G : Poincare.D12.VolumeIBP.ChartMetric (n + 1)) (v : Poincare.D12.VolumeIBP.Vec (n + 1) → ℝ),
  HasCompactSupport v → HasCompactSupport (G.grad v)
A3TYPE Poincare.D12.VolumeIBP.ChartMetric.det_ne_zero : ∀ {d : ℕ} (G : Poincare.D12.VolumeIBP.ChartMetric d)
  (x : Poincare.D12.VolumeIBP.Vec d), (G.matrix x).det ≠ 0
A3TYPE Poincare.D12.VolumeIBP.ChartMetric.mk._flat_ctor : {d : ℕ} →
  (g : Poincare.D12.VolumeIBP.Vec d → Fin d → Fin d → ℝ) →
    (∀ (i j : Fin d), ContDiff ℝ ⊤ fun x => g x i j) →
      (∀ (x : Poincare.D12.VolumeIBP.Vec d), (Matrix.of fun i j => g x i j).PosDef) →
        Poincare.D12.VolumeIBP.ChartMetric d
A3TYPE Poincare.D12.VolumeIBP.ChartMetric.partialDeriv_contDiff_one : ∀ {n : ℕ}
  (v : Poincare.D12.VolumeIBP.Vec (n + 1) → ℝ),
  ContDiff ℝ 2 v → ∀ (j : Fin (n + 1)), ContDiff ℝ 1 fun x => Poincare.D12.VolumeIBP.ChartMetric.partialDeriv j v x
A3TYPE Poincare.D12.VolumeIBP.ChartMetric.hasCompactSupport_partialDeriv : ∀ {n : ℕ}
  (u : Poincare.D12.VolumeIBP.Vec (n + 1) → ℝ),
  HasCompactSupport u →
    ∀ (i : Fin (n + 1)), HasCompactSupport fun x => Poincare.D12.VolumeIBP.ChartMetric.partialDeriv i u x
A3TYPE Poincare.D12.VolumeIBP.ChartDiffeomorphism.surjective : ∀ {d : ℕ}
  (self : Poincare.D12.VolumeIBP.ChartDiffeomorphism d), Function.Surjective self.ψ
A3TYPE Poincare.D12.VolumeIBP.ChartMetric.matrix : {d : ℕ} →
  Poincare.D12.VolumeIBP.ChartMetric d → Poincare.D12.VolumeIBP.Vec d → Matrix (Fin d) (Fin d) ℝ
A3TYPE Poincare.D12.VolumeIBP.ChartMetric.euclideanChartMetric_density_one : ∀ {d : ℕ}
  (x : Poincare.D12.VolumeIBP.Vec d), (Poincare.D12.VolumeIBP.ChartMetric.euclideanChartMetric d).density x = 1
A3TYPE Poincare.D12.VolumeIBP.ChartMetric.density : {d : ℕ} →
  Poincare.D12.VolumeIBP.ChartMetric d → Poincare.D12.VolumeIBP.Vec d → ℝ
A3TYPE Poincare.D12.VolumeIBP.ChartMetric.invMatrix.eq_1 : ∀ {d : ℕ} (G : Poincare.D12.VolumeIBP.ChartMetric d)
  (x : Poincare.D12.VolumeIBP.Vec d), G.invMatrix x = (G.matrix x)⁻¹
A3TYPE Poincare.D12.VolumeIBP.ChartMetric.partialDeriv : {n : ℕ} →
  Fin (n + 1) → (Poincare.D12.VolumeIBP.Vec (n + 1) → ℝ) → Poincare.D12.VolumeIBP.Vec (n + 1) → ℝ
A3TYPE Poincare.D12.VolumeIBP.chartWeightedIBPStatementRestricted._proof_1 : (1 + 1).AtLeastTwo
A3TYPE Poincare.D12.VolumeIBP.ChartMetric.rec : {d : ℕ} →
  {motive : Poincare.D12.VolumeIBP.ChartMetric d → Sort u} →
    ((g : Poincare.D12.VolumeIBP.Vec d → Fin d → Fin d → ℝ) →
        (smooth : ∀ (i j : Fin d), ContDiff ℝ ⊤ fun x => g x i j) →
          (posDef : ∀ (x : Poincare.D12.VolumeIBP.Vec d), (Matrix.of fun i j => g x i j).PosDef) →
            motive { g := g, smooth := smooth, posDef := posDef }) →
      (t : Poincare.D12.VolumeIBP.ChartMetric d) → motive t
A3TYPE Poincare.D12.VolumeIBP.ChartMetric.matrix_symm : ∀ {d : ℕ} (G : Poincare.D12.VolumeIBP.ChartMetric d)
  (x : Poincare.D12.VolumeIBP.Vec d), (G.matrix x).IsSymm
A3TYPE Poincare.D12.VolumeIBP.ChartMetric.smooth : ∀ {d : ℕ} (self : Poincare.D12.VolumeIBP.ChartMetric d)
  (i j : Fin d), ContDiff ℝ ⊤ fun x => self.g x i j
A3TYPE Poincare.D12.VolumeIBP.ChartMetric.pullbackMatrix : {d : ℕ} →
  Poincare.D12.VolumeIBP.ChartMetric d →
    (Poincare.D12.VolumeIBP.Vec d → Poincare.D12.VolumeIBP.Vec d) →
      Poincare.D12.VolumeIBP.Vec d → Matrix (Fin d) (Fin d) ℝ
A3TYPE Poincare.D12.VolumeIBP.ChartDiffeomorphism.ψ : {d : ℕ} →
  Poincare.D12.VolumeIBP.ChartDiffeomorphism d → Poincare.D12.VolumeIBP.Vec d → Poincare.D12.VolumeIBP.Vec d
A3TYPE Poincare.D12.VolumeIBP.ChartDiffeomorphism : ℕ → Type
A3TYPE Poincare.D12.VolumeIBP.ChartMetric.hasCompactSupport_of_eq : ∀ {n : ℕ}
  {f g : Poincare.D12.VolumeIBP.Vec (n + 1) → ℝ}, f = g → HasCompactSupport f → HasCompactSupport g
A3TYPE Poincare.D12.VolumeIBP.ChartMetric.mk.congr_simp : ∀ {d : ℕ}
  (g g_1 : Poincare.D12.VolumeIBP.Vec d → Fin d → Fin d → ℝ) (e_g : g = g_1)
  (smooth : ∀ (i j : Fin d), ContDiff ℝ ⊤ fun x => g x i j)
  (posDef : ∀ (x : Poincare.D12.VolumeIBP.Vec d), (Matrix.of fun i j => g x i j).PosDef),
  { g := g, smooth := smooth, posDef := posDef } = { g := g_1, smooth := ⋯, posDef := ⋯ }
A3TYPE Poincare.D12.VolumeIBP.ChartMetric.divergence_integral_eq_zero_density : ∀ {n : ℕ}
  (G : Poincare.D12.VolumeIBP.ChartMetric (n + 1))
  (X : Poincare.D12.VolumeIBP.Vec (n + 1) → Poincare.D12.VolumeIBP.Vec (n + 1)),
  ContDiff ℝ 1 X → HasCompactSupport X → ∫ (x : Poincare.D12.VolumeIBP.Vec (n + 1)), G.divergence X x * G.density x = 0
A3TYPE Poincare.D12.VolumeIBP.ChartMetric.densityNNReal_measurable : ∀ {d : ℕ}
  (G : Poincare.D12.VolumeIBP.ChartMetric d), Measurable fun x => G.densityNNReal x
A3TYPE Poincare.D12.VolumeIBP.ChartMetric.densityNNReal : {d : ℕ} →
  Poincare.D12.VolumeIBP.ChartMetric d → Poincare.D12.VolumeIBP.Vec d → NNReal
A3TYPE Poincare.D12.VolumeIBP.ChartMetric.riemannianMeasure : {d : ℕ} →
  Poincare.D12.VolumeIBP.ChartMetric d → MeasureTheory.Measure (Poincare.D12.VolumeIBP.Vec d)
A3TYPE Poincare.D12.VolumeIBP.ChartMetric.euclideanChartMetric.eq_1 : ∀ (d : ℕ),
  Poincare.D12.VolumeIBP.ChartMetric.euclideanChartMetric d =
    { g := fun x i j => if i = j then 1 else 0, smooth := ⋯, posDef := ⋯ }
A3TYPE Poincare.D12.VolumeIBP.ChartMetric.exp_neg_contDiff_one : ∀ {n : ℕ} (f : Poincare.D12.VolumeIBP.Vec (n + 1) → ℝ),
  ContDiff ℝ 2 f → ContDiff ℝ 1 fun x => Real.exp (-f x)
A3TYPE Poincare.D12.VolumeIBP.ChartDiffeomorphism.mk.inj : ∀ {d : ℕ}
  {ψ : Poincare.D12.VolumeIBP.Vec d → Poincare.D12.VolumeIBP.Vec d} {smooth : ContDiff ℝ ⊤ ψ}
  {injective : Function.Injective ψ} {surjective : Function.Surjective ψ}
  {fderiv_injective : ∀ (x : Poincare.D12.VolumeIBP.Vec d), Function.Injective ⇑(fderiv ℝ ψ x)}
  {ψ_1 : Poincare.D12.VolumeIBP.Vec d → Poincare.D12.VolumeIBP.Vec d} {smooth_1 : ContDiff ℝ ⊤ ψ_1}
  {injective_1 : Function.Injective ψ_1} {surjective_1 : Function.Surjective ψ_1}
  {fderiv_injective_1 : ∀ (x : Poincare.D12.VolumeIBP.Vec d), Function.Injective ⇑(fderiv ℝ ψ_1 x)},
  { ψ := ψ, smooth := smooth, injective := injective, surjective := surjective, fderiv_injective := fderiv_injective } =
      { ψ := ψ_1, smooth := smooth_1, injective := injective_1, surjective := surjective_1,
        fderiv_injective := fderiv_injective_1 } →
    ψ = ψ_1
A3TYPE Poincare.D12.VolumeIBP.ChartMetric.expMetricOne._proof_1 : (1 + 1).AtLeastTwo
A3TYPE Poincare.D12.VolumeIBP.ChartMetric.riemannianMeasure_def : ∀ {d : ℕ} (G : Poincare.D12.VolumeIBP.ChartMetric d),
  G.riemannianMeasure = MeasureTheory.volume.withDensity fun x => ↑(G.densityNNReal x)
A3TYPE Poincare.D12.VolumeIBP.ChartDiffeomorphism.recOn : {d : ℕ} →
  {motive : Poincare.D12.VolumeIBP.ChartDiffeomorphism d → Sort u} →
    (t : Poincare.D12.VolumeIBP.ChartDiffeomorphism d) →
      ((ψ : Poincare.D12.VolumeIBP.Vec d → Poincare.D12.VolumeIBP.Vec d) →
          (smooth : ContDiff ℝ ⊤ ψ) →
            (injective : Function.Injective ψ) →
              (surjective : Function.Surjective ψ) →
                (fderiv_injective : ∀ (x : Poincare.D12.VolumeIBP.Vec d), Function.Injective ⇑(fderiv ℝ ψ x)) →
                  motive
                    { ψ := ψ, smooth := smooth, injective := injective, surjective := surjective,
                      fderiv_injective := fderiv_injective }) →
        motive t
A3TYPE Poincare.D12.VolumeIBP.ChartMetric.casesOn : {d : ℕ} →
  {motive : Poincare.D12.VolumeIBP.ChartMetric d → Sort u} →
    (t : Poincare.D12.VolumeIBP.ChartMetric d) →
      ((g : Poincare.D12.VolumeIBP.Vec d → Fin d → Fin d → ℝ) →
          (smooth : ∀ (i j : Fin d), ContDiff ℝ ⊤ fun x => g x i j) →
            (posDef : ∀ (x : Poincare.D12.VolumeIBP.Vec d), (Matrix.of fun i j => g x i j).PosDef) →
              motive { g := g, smooth := smooth, posDef := posDef }) →
        motive t
A3TYPE Poincare.D12.VolumeIBP.ChartMetric.inner_comm : ∀ {d : ℕ} (G : Poincare.D12.VolumeIBP.ChartMetric d)
  (x v w : Poincare.D12.VolumeIBP.Vec d), G.inner x v w = G.inner x w v
A3TYPE Poincare.D12.VolumeIBP.ChartMetric.jacobianMatrix_mulVec_eq_fderiv : ∀ {d : ℕ}
  (ψ : Poincare.D12.VolumeIBP.Vec d → Poincare.D12.VolumeIBP.Vec d) (x v : Poincare.D12.VolumeIBP.Vec d),
  (Poincare.D12.VolumeIBP.ChartMetric.jacobianMatrix ψ x).mulVec v = (fderiv ℝ ψ x) v
A3TYPE Poincare.D12.VolumeIBP.ChartMetric.setIntegral_riemannianMeasure_eq : ∀ {d : ℕ}
  (G : Poincare.D12.VolumeIBP.ChartMetric d) (f : Poincare.D12.VolumeIBP.Vec d → ℝ)
  {s : Set (Poincare.D12.VolumeIBP.Vec d)},
  MeasurableSet s →
    ∫ (x : Poincare.D12.VolumeIBP.Vec d) in s, f x ∂G.riemannianMeasure =
      ∫ (x : Poincare.D12.VolumeIBP.Vec d) in s, f x * G.density x
A3TYPE Poincare.D12.VolumeIBP.ChartMetric.weightedDivergence : {n : ℕ} →
  (Poincare.D12.VolumeIBP.Vec (n + 1) → ℝ) →
    (Poincare.D12.VolumeIBP.Vec (n + 1) → Poincare.D12.VolumeIBP.Vec (n + 1)) → Poincare.D12.VolumeIBP.Vec (n + 1) → ℝ
A3TYPE Poincare.D12.VolumeIBP.ChartDiffeomorphism.ctorIdx : {d : ℕ} → Poincare.D12.VolumeIBP.ChartDiffeomorphism d → ℕ
A3TYPE Poincare.D12.VolumeIBP.ChartMetric.expMetricOne._proof_2 : NeZero (0 + 1)
A3TYPE Poincare.D12.VolumeIBP.ChartMetric.riemannianMeasure_univ : ∀ {d : ℕ} (G : Poincare.D12.VolumeIBP.ChartMetric d),
  G.riemannianMeasure Set.univ = ∫⁻ (x : Poincare.D12.VolumeIBP.Vec d), ENNReal.ofReal (G.density x)
A3TYPE Poincare.D12.VolumeIBP.ChartMetric.posDef : ∀ {d : ℕ} (self : Poincare.D12.VolumeIBP.ChartMetric d)
  (x : Poincare.D12.VolumeIBP.Vec d), (Matrix.of fun i j => self.g x i j).PosDef
A3TYPE Poincare.D12.VolumeIBP.ChartMetric.gradInnerInverse_eq_sum : ∀ {n : ℕ}
  (G : Poincare.D12.VolumeIBP.ChartMetric (n + 1)) (u v : Poincare.D12.VolumeIBP.Vec (n + 1) → ℝ)
  (x : Poincare.D12.VolumeIBP.Vec (n + 1)),
  G.gradInnerInverse u v x = ∑ i, (fderiv ℝ u x) (Pi.single i 1) * G.grad v x i
A3TYPE Poincare.D12.VolumeIBP.ChartMetric.divergence : {n : ℕ} →
  Poincare.D12.VolumeIBP.ChartMetric (n + 1) →
    (Poincare.D12.VolumeIBP.Vec (n + 1) → Poincare.D12.VolumeIBP.Vec (n + 1)) → Poincare.D12.VolumeIBP.Vec (n + 1) → ℝ
A3TYPE Poincare.D12.VolumeIBP.ChartMetric.pullback_measure_naturality : ∀ {d : ℕ}
  (G : Poincare.D12.VolumeIBP.ChartMetric d) (H : Poincare.D12.VolumeIBP.ChartDiffeomorphism d)
  (g : Poincare.D12.VolumeIBP.Vec d → ℝ),
  ∫ (x : Poincare.D12.VolumeIBP.Vec d), g (H.ψ x) * (G.pullbackMetric H).density x =
    ∫ (y : Poincare.D12.VolumeIBP.Vec d), g y * G.density y
A3TYPE-COUNT: 160
