### round3 probe D12-semantic-ledger at 2026-09-11T13:14:22+08:00
Poincare.D12.SemanticLedger.not_initialCondition_gaussian :
  ¬Poincare.D12.SemanticLedger.D7InitialConditionAt Poincare.D12.SemanticLedger.gaussianKernelXY 0
Poincare.D12.SemanticLedger.not_initialCondition_gaussian_quantified :
  ¬∀ (x : ℝ) (f : ℝ → ℝ),
      Continuous f →
        Filter.Tendsto (fun t => ∫ (y : ℝ), Poincare.D12.SemanticLedger.gaussianKernelXY x y t * f y)
          (nhdsWithin 0 (Set.Ioi 0)) (nhds (f x))
Poincare.D12.SemanticLedger.integrand_not_integrable (t : ℝ) (ht : 0 < t) :
  ¬MeasureTheory.Integrable (fun y => Poincare.D12.SemanticLedger.integrand t y) MeasureTheory.volume
Poincare.D12.SemanticLedger.integrand_lintegral_eq_top (t : ℝ) (ht : 0 < t) :
  ∫⁻ (y : ℝ), ENNReal.ofReal (Poincare.D12.SemanticLedger.integrand t y) = ⊤
Poincare.D12.SemanticLedger.tendsto_testFunction_atTop :
  Filter.Tendsto Poincare.D12.SemanticLedger.testFunction Filter.atTop Filter.atTop
Poincare.D12.SemanticLedger.quartic_dominates (t : ℝ) (ht : 0 < t) {y : ℝ}
  (hy : y ∈ Set.Ici (Poincare.D12.SemanticLedger.R t)) : y ^ 4 / 2 ≤ y ^ 4 - y ^ 2 / (4 * t)
Poincare.D12.SemanticLedger.lowerConstant_le_integrand (t : ℝ) (ht : 0 < t) {y : ℝ}
  (hy : y ∈ Set.Ici (Poincare.D12.SemanticLedger.R t)) :
  Poincare.D12.SemanticLedger.lowerConstant t ≤ Poincare.D12.SemanticLedger.integrand t y
'Poincare.D12.SemanticLedger.not_initialCondition_gaussian' depends on axioms: [propext, Classical.choice, Quot.sound]
'Poincare.D12.SemanticLedger.not_initialCondition_gaussian_quantified' depends on axioms: [propext,
 Classical.choice,
 Quot.sound]
'Poincare.D12.SemanticLedger.integrand_not_integrable' depends on axioms: [propext, Classical.choice, Quot.sound]
'Poincare.D12.SemanticLedger.integrand_lintegral_eq_top' depends on axioms: [propext, Classical.choice, Quot.sound]
'Poincare.D12.SemanticLedger.tendsto_testFunction_atTop' depends on axioms: [propext, Classical.choice, Quot.sound]
'Poincare.D12.SemanticLedger.quartic_dominates' depends on axioms: [propext, Classical.choice, Quot.sound]
'Poincare.D12.SemanticLedger.lowerConstant_le_integrand' depends on axioms: [propext, Classical.choice, Quot.sound]
