A3TYPE Poincare.D12.SemanticLedger.not_initialCondition_gaussian_quantified : ¬∀ (x : ℝ) (f : ℝ → ℝ),
    Continuous f →
      Filter.Tendsto (fun t => ∫ (y : ℝ), Poincare.D12.SemanticLedger.gaussianKernelXY x y t * f y)
        (nhdsWithin 0 (Set.Ioi 0)) (nhds (f x))
A3TYPE Poincare.D12.SemanticLedger.integrand_continuous : ∀ (t : ℝ),
  Continuous fun y => Poincare.D12.SemanticLedger.integrand t y
A3TYPE Poincare.D12.SemanticLedger.lowerConstant_pos : ∀ (t : ℝ),
  0 < t → 0 < Poincare.D12.SemanticLedger.lowerConstant t
A3TYPE Poincare.D12.SemanticLedger.integrand.eq_1 : ∀ (t y : ℝ),
  Poincare.D12.SemanticLedger.integrand t y =
    Poincare.D12.SemanticLedger.gaussianKernelXY 0 y t * Poincare.D12.SemanticLedger.testFunction y
A3TYPE Poincare.D12.SemanticLedger.integrand_pos : ∀ (t : ℝ),
  0 < t → ∀ (y : ℝ), 0 < Poincare.D12.SemanticLedger.integrand t y
A3TYPE Poincare.D12.SemanticLedger.integrand_lintegral_eq_top : ∀ (t : ℝ),
  0 < t → ∫⁻ (y : ℝ), ENNReal.ofReal (Poincare.D12.SemanticLedger.integrand t y) = ⊤
A3TYPE Poincare.D12.SemanticLedger.testFunction_zero : Poincare.D12.SemanticLedger.testFunction 0 = 1
A3TYPE Poincare.D12.SemanticLedger.R : ℝ → ℝ
A3TYPE Poincare.D12.SemanticLedger.testFunction_pos : ∀ (y : ℝ), 0 < Poincare.D12.SemanticLedger.testFunction y
A3TYPE Poincare.D12.SemanticLedger.R_nonneg : ∀ (t : ℝ), 0 ≤ Poincare.D12.SemanticLedger.R t
A3TYPE Poincare.D12.SemanticLedger.D7InitialConditionAt : (ℝ → ℝ → ℝ → ℝ) → ℝ → Prop
A3TYPE Poincare.D12.SemanticLedger.not_initialCondition_gaussian : ¬Poincare.D12.SemanticLedger.D7InitialConditionAt
    Poincare.D12.SemanticLedger.gaussianKernelXY 0
A3TYPE Poincare.D12.SemanticLedger.continuous_gaussianKernelXY_int : ∀ (t : ℝ),
  Continuous fun y => Poincare.D12.SemanticLedger.gaussianKernelXY 0 y t
A3TYPE Poincare.D12.SemanticLedger.gaussianKernelXY._proof_1 : (3 + 1).AtLeastTwo
A3TYPE Poincare.D12.SemanticLedger.integrand_eq : ∀ (t : ℝ),
  0 < t →
    ∀ (y : ℝ),
      Poincare.D12.SemanticLedger.integrand t y = (4 * Real.pi * t) ^ (-1 / 2) * Real.exp (y ^ 4 - y ^ 2 / (4 * t))
A3TYPE Poincare.D12.SemanticLedger.tendsto_testFunction_atTop : Filter.Tendsto Poincare.D12.SemanticLedger.testFunction
  Filter.atTop Filter.atTop
A3TYPE Poincare.D12.SemanticLedger.quartic_dominates : ∀ (t : ℝ),
  0 < t → ∀ {y : ℝ}, y ∈ Set.Ici (Poincare.D12.SemanticLedger.R t) → y ^ 4 / 2 ≤ y ^ 4 - y ^ 2 / (4 * t)
A3TYPE Poincare.D12.SemanticLedger.integral_undef_zero : ∀ (t : ℝ),
  0 < t → ∫ (y : ℝ), Poincare.D12.SemanticLedger.integrand t y = 0
A3TYPE Poincare.D12.SemanticLedger.lowerConstant : ℝ → ℝ
A3TYPE Poincare.D12.SemanticLedger.gaussianKernelXY : ℝ → ℝ → ℝ → ℝ
A3TYPE Poincare.D12.SemanticLedger.testFunction_continuous : Continuous Poincare.D12.SemanticLedger.testFunction
A3TYPE Poincare.D12.SemanticLedger.testFunction : ℝ → ℝ
A3TYPE Poincare.D12.SemanticLedger.lowerConstant_le_integrand : ∀ (t : ℝ),
  0 < t →
    ∀ {y : ℝ},
      y ∈ Set.Ici (Poincare.D12.SemanticLedger.R t) →
        Poincare.D12.SemanticLedger.lowerConstant t ≤ Poincare.D12.SemanticLedger.integrand t y
A3TYPE Poincare.D12.SemanticLedger.integrand : ℝ → ℝ → ℝ
A3TYPE Poincare.D12.SemanticLedger.integrand_nonneg : ∀ (t : ℝ),
  0 < t → ∀ (y : ℝ), 0 ≤ Poincare.D12.SemanticLedger.integrand t y
A3TYPE Poincare.D12.SemanticLedger.gaussianKernelXY._proof_2 : (1 + 1).AtLeastTwo
A3TYPE Poincare.D12.SemanticLedger.integrand_not_integrable : ∀ (t : ℝ),
  0 < t → ¬MeasureTheory.Integrable (fun y => Poincare.D12.SemanticLedger.integrand t y) MeasureTheory.volume
A3TYPE Poincare.D12.SemanticLedger.R_sq : ∀ (t : ℝ), 0 < t → Poincare.D12.SemanticLedger.R t ^ 2 = 1 / (2 * t)
A3TYPE-COUNT: 28
