A3TYPE Poincare.D12.SpectralSobolev.heatWeight_lt_one_of_pos : ∀ (T : ℝ),
  0 < T → ∀ {t : NNReal}, 0 < t → ∀ {n : ℤ}, n ≠ 0 → Poincare.D12.SpectralSobolev.heatWeight T t n < 1
A3TYPE Poincare.D12.SpectralSobolev.heatCoeffs : (T : ℝ) →
  [hT : Fact (0 < T)] → NNReal → ↥(MeasureTheory.Lp ℂ 2 AddCircle.haarAddCircle) → ℤ → ℂ
A3TYPE Poincare.D12.SpectralSobolev.heatEvolve._proof_1 : RingHomInvPair (RingHom.id ℂ) (RingHom.id ℂ)
A3TYPE Poincare.D12.SpectralSobolev.heatWeight_abs_le_one : ∀ (T : ℝ) (t : NNReal) (n : ℤ),
  |Poincare.D12.SpectralSobolev.heatWeight T t n| ≤ 1
A3TYPE Poincare.D12.SpectralSobolev.heatWeight._proof_1 : (1 + 1).AtLeastTwo
A3TYPE Poincare.D12.SpectralSobolev.heatSeries_hasSum : ∀ (T : ℝ) [hT : Fact (0 < T)] (t : NNReal)
  (f : ↥(MeasureTheory.Lp ℂ 2 AddCircle.haarAddCircle)),
  HasSum (fun n => ↑(Poincare.D12.SpectralSobolev.heatWeight T t n) • fourierCoeff (↑↑f) n • fourierLp 2 n)
    (Poincare.D12.SpectralSobolev.heatEvolve T t f)
A3TYPE Poincare.D12.SpectralSobolev.norm_cos_le_one : ∀ (x : ℝ), ‖↑(Real.cos x)‖ ≤ 1
A3TYPE Poincare.D12.SpectralSobolev.heatCoeffsL2 : (T : ℝ) →
  [hT : Fact (0 < T)] → NNReal → ↥(MeasureTheory.Lp ℂ 2 AddCircle.haarAddCircle) → ↥(lp (fun x => ℂ) 2)
A3TYPE Poincare.D12.SpectralSobolev.poincare_constant_sharp : ∀ {C : ℝ},
  (∀ (f f' : ℝ → ℂ),
      (∀ x ∈ Set.uIcc 0 (2 * Real.pi), HasDerivAt f (f' x) x) →
        f (2 * Real.pi) = f 0 →
          fourierCoeffOn ⋯ f 0 = 0 →
            IntervalIntegrable f' MeasureTheory.volume 0 (2 * Real.pi) →
              MeasureTheory.MemLp f 2 (MeasureTheory.volume.restrict (Set.Ioc 0 (2 * Real.pi))) →
                MeasureTheory.MemLp f' 2 (MeasureTheory.volume.restrict (Set.Ioc 0 (2 * Real.pi))) →
                  ∫ (x : ℝ) in 0..2 * Real.pi, ‖f x‖ ^ 2 ≤ C * ∫ (x : ℝ) in 0..2 * Real.pi, ‖f' x‖ ^ 2) →
    ((2 * Real.pi - 0) / (2 * Real.pi)) ^ 2 ≤ C
A3TYPE Poincare.D12.SpectralSobolev.heatWeight_pos : ∀ (T : ℝ) (t : NNReal) (n : ℤ),
  0 < Poincare.D12.SpectralSobolev.heatWeight T t n
A3TYPE Poincare.D12.SpectralSobolev.sq_norm_eigenvalue._simp_1_4 : ∀ {α : Type u_2} [inst : Zero α] [inst_1 : OfNat α 4]
  [NeZero 4], (4 = 0) = False
A3TYPE Poincare.D12.SpectralSobolev.sq_norm_eigenvalue._simp_1_6 : ∀ {M₀ : Type u_1} [inst : MonoidWithZero M₀] {a : M₀}
  [IsReduced M₀] (n : ℕ), a ≠ 0 → (a ^ n = 0) = False
A3TYPE Poincare.D12.SpectralSobolev.norm_heatEvolve_fourierLp : ∀ (T : ℝ) [hT : Fact (0 < T)] (t : NNReal) (n : ℤ),
  ‖Poincare.D12.SpectralSobolev.heatEvolve T t (fourierLp 2 n)‖ = Poincare.D12.SpectralSobolev.heatWeight T t n
A3TYPE Poincare.D12.SpectralSobolev.sq_norm_eigenvalue._simp_1_3 : ∀ {α : Type u_2} [inst : Zero α] [inst_1 : OfNat α 3]
  [NeZero 3], (3 = 0) = False
A3TYPE Poincare.D12.SpectralSobolev.sq_norm_fourierCoeffOn_deriv_periodic : ∀ {a b : ℝ} (hab : a < b) {f f' : ℝ → ℂ}
  {n : ℤ},
  n ≠ 0 →
    (∀ x ∈ Set.uIcc a b, HasDerivAt f (f' x) x) →
      f b = f a →
        IntervalIntegrable f' MeasureTheory.volume a b →
          ‖fourierCoeffOn hab f' n‖ ^ 2 = (2 * Real.pi * ↑n / (b - a)) ^ 2 * ‖fourierCoeffOn hab f n‖ ^ 2
A3TYPE Poincare.D12.SpectralSobolev.heatWeight : ℝ → NNReal → ℤ → ℝ
A3TYPE Poincare.D12.SpectralSobolev.fourierCoeffOn_zero_eq_mean : ∀ {a b : ℝ} (hab : a < b) (f : ℝ → ℂ),
  fourierCoeffOn hab f 0 = (1 / (b - a)) • ∫ (x : ℝ) in a..b, f x
A3TYPE Poincare.D12.SpectralSobolev.heat_evolution_first_mode_nontrivial : ∀ (t : NNReal),
  0 < t →
    ‖Poincare.D12.SpectralSobolev.heatEvolve 1 t (fourierLp 2 1)‖ = Poincare.D12.SpectralSobolev.heatWeight 1 t 1 ∧
      Poincare.D12.SpectralSobolev.heatWeight 1 t 1 < 1
A3TYPE Poincare.D12.SpectralSobolev.heatEvolve : (T : ℝ) →
  [hT : Fact (0 < T)] →
    NNReal → ↥(MeasureTheory.Lp ℂ 2 AddCircle.haarAddCircle) → ↥(MeasureTheory.Lp ℂ 2 AddCircle.haarAddCircle)
A3TYPE Poincare.D12.SpectralSobolev.fourierCoeffOn_deriv_periodic._simp_1_4 : ∀ {M₀ : Type u_1} [inst : Mul M₀]
  [inst_1 : Zero M₀] [NoZeroDivisors M₀] {a b : M₀}, a ≠ 0 → b ≠ 0 → (a * b = 0) = False
A3TYPE Poincare.D12.SpectralSobolev.heatCoeffsL2._proof_1 : ∀ (T : ℝ) [hT : Fact (0 < T)] (t : NNReal)
  (f : ↥(MeasureTheory.Lp ℂ 2 AddCircle.haarAddCircle)), Memℓp (Poincare.D12.SpectralSobolev.heatCoeffs T t f) 2
A3TYPE Poincare.D12.SpectralSobolev.fourierCoeffOn_deriv_periodic._simp_1_3 : ∀ {α : Type u_2} [inst : Zero α]
  [inst_1 : OfNat α 4] [NeZero 4], (4 = 0) = False
A3TYPE Poincare.D12.SpectralSobolev.poincare_wirtinger_sine_saturates : ∫ (x : ℝ) in 0..2 * Real.pi,
    ‖↑(Real.sin x)‖ ^ 2 =
  ((2 * Real.pi - 0) / (2 * Real.pi)) ^ 2 * ∫ (x : ℝ) in 0..2 * Real.pi, ‖↑(Real.cos x)‖ ^ 2
A3TYPE Poincare.D12.SpectralSobolev.sq_norm_eigenvalue._simp_1_5 : ∀ {M₀ : Type u_1} [inst : Mul M₀] [inst_1 : Zero M₀]
  [NoZeroDivisors M₀] {a b : M₀}, a ≠ 0 → b ≠ 0 → (a * b = 0) = False
A3TYPE Poincare.D12.SpectralSobolev.poincare_wirtinger._simp_1_6 : ∀ {M₀ : Type u_1} [inst : MonoidWithZero M₀] {a : M₀}
  [IsReduced M₀] (n : ℕ), a ≠ 0 → (a ^ n = 0) = False
A3TYPE Poincare.D12.SpectralSobolev.sq_norm_eigenvalue : ∀ {a b : ℝ},
  a < b → ∀ (n : ℤ), ‖2 * ↑Real.pi * Complex.I * ↑n / (↑b - ↑a)‖ ^ 2 = (2 * Real.pi * ↑n / (b - a)) ^ 2
A3TYPE Poincare.D12.SpectralSobolev.poincare_wirtinger._simp_1_4 : ∀ {α : Type u_2} [inst : Zero α] [inst_1 : OfNat α 4]
  [NeZero 4], (4 = 0) = False
A3TYPE Poincare.D12.SpectralSobolev.sq_norm_eigenvalue._simp_1_7 : ∀ {G₀ : Type u_3} [inst : GroupWithZero G₀] {a : G₀}
  (n : ℤ), a ≠ 0 → (a ^ n = 0) = False
A3TYPE Poincare.D12.SpectralSobolev.heatEvolve._proof_2 : ∀ (i : ℤ), IsBoundedSMul ℂ ℂ
A3TYPE Poincare.D12.SpectralSobolev.heatEvolve_add : ∀ (T : ℝ) [hT : Fact (0 < T)] (s t : NNReal)
  (f : ↥(MeasureTheory.Lp ℂ 2 AddCircle.haarAddCircle)),
  Poincare.D12.SpectralSobolev.heatEvolve T s (Poincare.D12.SpectralSobolev.heatEvolve T t f) =
    Poincare.D12.SpectralSobolev.heatEvolve T (s + t) f
A3TYPE Poincare.D12.SpectralSobolev.sq_norm_eigenvalue._simp_1_8 : ∀ {R : Type u_1} [inst : AddMonoidWithOne R]
  [CharZero R] (n : ℕ), (↑n + 1 = 0) = False
A3TYPE Poincare.D12.SpectralSobolev.heatCoeffs_apply : ∀ (T : ℝ) [hT : Fact (0 < T)] (t : NNReal)
  (f : ↥(MeasureTheory.Lp ℂ 2 AddCircle.haarAddCircle)) (n : ℤ),
  Poincare.D12.SpectralSobolev.heatCoeffs T t f n =
    ↑(Poincare.D12.SpectralSobolev.heatWeight T t n) * fourierCoeff (↑↑f) n
A3TYPE Poincare.D12.SpectralSobolev.heatWeight_tendsto_one : ∀ (T : ℝ) (n : ℤ),
  Filter.Tendsto (fun t => Poincare.D12.SpectralSobolev.heatWeight T t n) (nhdsWithin 0 (Set.Ioi 0)) (nhds 1)
A3TYPE Poincare.D12.SpectralSobolev.fourierCoeffOn_deriv_periodic._simp_1_7 : ∀ {R : Type u_1}
  [inst : AddMonoidWithOne R] [CharZero R] (n : ℕ), (↑n + 1 = 0) = False
A3TYPE Poincare.D12.SpectralSobolev.fourierCoeffOn_deriv_periodic._simp_1_5 : ∀ {M₀ : Type u_1}
  [inst : MonoidWithZero M₀] {a : M₀} [IsReduced M₀] (n : ℕ), a ≠ 0 → (a ^ n = 0) = False
A3TYPE Poincare.D12.SpectralSobolev.integral_sin_sq_period : ∫ (x : ℝ) in 0..2 * Real.pi, ‖↑(Real.sin x)‖ ^ 2 = Real.pi
A3TYPE Poincare.D12.SpectralSobolev.poincare_wirtinger._simp_1_3 : ∀ {α : Type u_2} [inst : Zero α] [inst_1 : OfNat α 3]
  [NeZero 3], (3 = 0) = False
A3TYPE Poincare.D12.SpectralSobolev.poincare_wirtinger : ∀ {a b : ℝ} (hab : a < b) {f f' : ℝ → ℂ},
  (∀ x ∈ Set.uIcc a b, HasDerivAt f (f' x) x) →
    f b = f a →
      fourierCoeffOn hab f 0 = 0 →
        IntervalIntegrable f' MeasureTheory.volume a b →
          MeasureTheory.MemLp f 2 (MeasureTheory.volume.restrict (Set.Ioc a b)) →
            MeasureTheory.MemLp f' 2 (MeasureTheory.volume.restrict (Set.Ioc a b)) →
              ∫ (x : ℝ) in a..b, ‖f x‖ ^ 2 ≤ ((b - a) / (2 * Real.pi)) ^ 2 * ∫ (x : ℝ) in a..b, ‖f' x‖ ^ 2
A3TYPE Poincare.D12.SpectralSobolev.norm_sin_le_one : ∀ (x : ℝ), ‖↑(Real.sin x)‖ ≤ 1
A3TYPE Poincare.D12.SpectralSobolev.fourierCoeff_heatEvolve : ∀ (T : ℝ) [hT : Fact (0 < T)] (t : NNReal)
  (f : ↥(MeasureTheory.Lp ℂ 2 AddCircle.haarAddCircle)) (n : ℤ),
  fourierCoeff (↑↑(Poincare.D12.SpectralSobolev.heatEvolve T t f)) n = Poincare.D12.SpectralSobolev.heatCoeffs T t f n
A3TYPE Poincare.D12.SpectralSobolev.integral_cos_sq_period : ∫ (x : ℝ) in 0..2 * Real.pi, ‖↑(Real.cos x)‖ ^ 2 = Real.pi
A3TYPE Poincare.D12.SpectralSobolev.poincare_wirtinger._simp_1_1 : (Real.pi = 0) = False
A3TYPE Poincare.D12.SpectralSobolev.heatEvolve_fourierLp : ∀ (T : ℝ) [hT : Fact (0 < T)] (t : NNReal) (n : ℤ),
  Poincare.D12.SpectralSobolev.heatEvolve T t (fourierLp 2 n) =
    ↑(Poincare.D12.SpectralSobolev.heatWeight T t n) • fourierLp 2 n
A3TYPE Poincare.D12.SpectralSobolev.heatWeight_nonneg : ∀ (T : ℝ) (t : NNReal) (n : ℤ),
  0 ≤ Poincare.D12.SpectralSobolev.heatWeight T t n
A3TYPE Poincare.D12.SpectralSobolev.poincare_wirtinger._simp_1_2 : ∀ {α : Type u_2} [inst : Zero α] [inst_1 : OfNat α 2]
  [NeZero 2], (2 = 0) = False
A3TYPE Poincare.D12.SpectralSobolev.poincare_wirtinger_sine : ∫ (x : ℝ) in 0..2 * Real.pi, ‖↑(Real.sin x)‖ ^ 2 ≤
  ∫ (x : ℝ) in 0..2 * Real.pi, ‖↑(Real.cos x)‖ ^ 2
A3TYPE Poincare.D12.SpectralSobolev.sq_eigenvalue_pos : ∀ (T : ℝ),
  0 < T → ∀ {n : ℤ}, n ≠ 0 → 0 < (2 * Real.pi * ↑n / T) ^ 2
A3TYPE Poincare.D12.SpectralSobolev.fourierCoeffOn_deriv_periodic._simp_1_6 : ∀ {G₀ : Type u_3}
  [inst : GroupWithZero G₀] {a : G₀} (n : ℤ), a ≠ 0 → (a ^ n = 0) = False
A3TYPE Poincare.D12.SpectralSobolev.summable_sq_heatCoeff : ∀ (T : ℝ) [hT : Fact (0 < T)] (t : NNReal)
  (f : ↥(MeasureTheory.Lp ℂ 2 AddCircle.haarAddCircle)),
  Summable fun n => ‖Poincare.D12.SpectralSobolev.heatCoeffs T t f n‖ ^ 2
A3TYPE Poincare.D12.SpectralSobolev.poincare_wirtinger._simp_1_8 : ∀ {R : Type u_1} [inst : AddMonoidWithOne R]
  [CharZero R] (n : ℕ), (↑n + 1 = 0) = False
A3TYPE Poincare.D12.SpectralSobolev.heatEvolve_norm_le : ∀ (T : ℝ) [hT : Fact (0 < T)] (t : NNReal)
  (f : ↥(MeasureTheory.Lp ℂ 2 AddCircle.haarAddCircle)), ‖Poincare.D12.SpectralSobolev.heatEvolve T t f‖ ≤ ‖f‖
A3TYPE Poincare.D12.SpectralSobolev.heatEvolve_tendsto_self : ∀ (T : ℝ) [hT : Fact (0 < T)]
  (f : ↥(MeasureTheory.Lp ℂ 2 AddCircle.haarAddCircle)),
  Filter.Tendsto (fun t => Poincare.D12.SpectralSobolev.heatEvolve T t f) (nhdsWithin 0 (Set.Ioi 0)) (nhds f)
A3TYPE Poincare.D12.SpectralSobolev.fourierCoeffOn_deriv_periodic._simp_1_1 : ∀ {α : Type u_2} [inst : Zero α]
  [inst_1 : OfNat α 2] [NeZero 2], (2 = 0) = False
A3TYPE Poincare.D12.SpectralSobolev.heatEvolve_zero : ∀ (T : ℝ) [hT : Fact (0 < T)]
  (f : ↥(MeasureTheory.Lp ℂ 2 AddCircle.haarAddCircle)), Poincare.D12.SpectralSobolev.heatEvolve T 0 f = f
A3TYPE Poincare.D12.SpectralSobolev.heatEvolve.eq_1 : ∀ (T : ℝ) [hT : Fact (0 < T)] (t : NNReal)
  (f : ↥(MeasureTheory.Lp ℂ 2 AddCircle.haarAddCircle)),
  Poincare.D12.SpectralSobolev.heatEvolve T t f =
    fourierBasis.repr.symm (Poincare.D12.SpectralSobolev.heatCoeffsL2 T t f)
A3TYPE Poincare.D12.SpectralSobolev.fourierCoeffOn_deriv_periodic._simp_1_2 : ∀ {α : Type u_2} [inst : Zero α]
  [inst_1 : OfNat α 3] [NeZero 3], (3 = 0) = False
A3TYPE Poincare.D12.SpectralSobolev.heatCoeffs._proof_1 : IsTopologicalAddGroup ℂ
A3TYPE Poincare.D12.SpectralSobolev.fourierCoeffOn_deriv_periodic : ∀ {a b : ℝ} (hab : a < b) {f f' : ℝ → ℂ} {n : ℤ},
  n ≠ 0 →
    (∀ x ∈ Set.uIcc a b, HasDerivAt f (f' x) x) →
      f b = f a →
        IntervalIntegrable f' MeasureTheory.volume a b →
          fourierCoeffOn hab f' n = 2 * ↑Real.pi * Complex.I * ↑n / (↑b - ↑a) * fourierCoeffOn hab f n
A3TYPE Poincare.D12.SpectralSobolev.sq_eigenvalue_pos._simp_1_1 : (Real.pi = 0) = False
A3TYPE Poincare.D12.SpectralSobolev.heatWeight_zero : ∀ (T : ℝ) (n : ℤ),
  Poincare.D12.SpectralSobolev.heatWeight T 0 n = 1
A3TYPE Poincare.D12.SpectralSobolev.sq_norm_eigenvalue._simp_1_2 : ∀ {α : Type u_2} [inst : Zero α] [inst_1 : OfNat α 2]
  [NeZero 2], (2 = 0) = False
A3TYPE Poincare.D12.SpectralSobolev.heatWeight.eq_1 : ∀ (T : ℝ) (t : NNReal) (n : ℤ),
  Poincare.D12.SpectralSobolev.heatWeight T t n = Real.exp (-(2 * Real.pi * ↑n / T) ^ 2 * ↑t)
A3TYPE Poincare.D12.SpectralSobolev.poincare_wirtinger._simp_1_5 : ∀ {M₀ : Type u_1} [inst : Mul M₀] [inst_1 : Zero M₀]
  [NoZeroDivisors M₀] {a b : M₀}, a ≠ 0 → b ≠ 0 → (a * b = 0) = False
A3TYPE Poincare.D12.SpectralSobolev.poincare_wirtinger._simp_1_7 : ∀ {G₀ : Type u_3} [inst : GroupWithZero G₀] {a : G₀}
  (n : ℤ), a ≠ 0 → (a ^ n = 0) = False
A3TYPE Poincare.D12.SpectralSobolev.sq_norm_eigenvalue._simp_1_1 : (Real.pi = 0) = False
A3TYPE Poincare.D12.SpectralSobolev.heatWeight_le_one : ∀ (T : ℝ) (t : NNReal) (n : ℤ),
  Poincare.D12.SpectralSobolev.heatWeight T t n ≤ 1
A3TYPE Poincare.D12.SpectralSobolev.heatCoeffsL2.eq_1 : ∀ (T : ℝ) [hT : Fact (0 < T)] (t : NNReal)
  (f : ↥(MeasureTheory.Lp ℂ 2 AddCircle.haarAddCircle)),
  Poincare.D12.SpectralSobolev.heatCoeffsL2 T t f = ⟨Poincare.D12.SpectralSobolev.heatCoeffs T t f, ⋯⟩
A3TYPE Poincare.D12.SpectralSobolev.sine_wave_hypotheses : (∀ x ∈ Set.uIcc 0 (2 * Real.pi),
    HasDerivAt (fun x => ↑(Real.sin x)) (↑(Real.cos x)) x) ∧
  ↑(Real.sin (2 * Real.pi)) = ↑(Real.sin 0) ∧
    fourierCoeffOn ⋯ (fun x => ↑(Real.sin x)) 0 = 0 ∧
      IntervalIntegrable (fun x => ↑(Real.cos x)) MeasureTheory.volume 0 (2 * Real.pi) ∧
        MeasureTheory.MemLp (fun x => ↑(Real.sin x)) 2 (MeasureTheory.volume.restrict (Set.Ioc 0 (2 * Real.pi))) ∧
          MeasureTheory.MemLp (fun x => ↑(Real.cos x)) 2 (MeasureTheory.volume.restrict (Set.Ioc 0 (2 * Real.pi)))
A3TYPE-COUNT: 68
