ℹ [8899/8916] Replayed Poincare.Longrun.Entropy.Functional
info: Poincare/Longrun/Entropy/Functional.lean:150:0: 'Poincare.Longrun.Entropy.EntropyData' depends on axioms: [propext, Classical.choice, Quot.sound]
info: Poincare/Longrun/Entropy/Functional.lean:151:0: 'Poincare.Longrun.Entropy.EntropyData.F' depends on axioms: [propext, Classical.choice, Quot.sound]
info: Poincare/Longrun/Entropy/Functional.lean:152:0: 'Poincare.Longrun.Entropy.EntropyData.extra' depends on axioms: [propext, Classical.choice, Quot.sound]
info: Poincare/Longrun/Entropy/Functional.lean:153:0: 'Poincare.Longrun.Entropy.EntropyData.W' depends on axioms: [propext, Classical.choice, Quot.sound]
info: Poincare/Longrun/Entropy/Functional.lean:154:0: 'Poincare.Longrun.Entropy.EntropyData.FDissipation' depends on axioms: [propext, Classical.choice, Quot.sound]
info: Poincare/Longrun/Entropy/Functional.lean:155:0: 'Poincare.Longrun.Entropy.EntropyData.HasConjugateWeight' depends on axioms: [propext, Classical.choice, Quot.sound]
info: Poincare/Longrun/Entropy/Functional.lean:156:0: 'Poincare.Longrun.Entropy.EntropyData.conjugateWeight_pos' depends on axioms: [propext, Classical.choice, Quot.sound]
info: Poincare/Longrun/Entropy/Functional.lean:157:0: 'Poincare.Longrun.Entropy.EntropyData.integrable_extra' depends on axioms: [propext, Classical.choice, Quot.sound]
info: Poincare/Longrun/Entropy/Functional.lean:158:0: 'Poincare.Longrun.Entropy.EntropyData.W_eq' depends on axioms: [propext, Classical.choice, Quot.sound]
info: Poincare/Longrun/Entropy/Functional.lean:159:0: 'Poincare.Longrun.Entropy.EntropyData.FDissipation_nonneg' depends on axioms: [propext, Classical.choice, Quot.sound]
info: Poincare/Longrun/Entropy/Functional.lean:160:0: 'Poincare.Longrun.Entropy.EntropyData.F_mono_integrand' depends on axioms: [propext, Classical.choice, Quot.sound]
ℹ [8900/8916] Replayed Poincare.Longrun.Entropy.Certificate
info: Poincare/Longrun/Entropy/Certificate.lean:371:0: 'Poincare.Longrun.Entropy.MonotoneCertificate' depends on axioms: [propext, Classical.choice, Quot.sound]
info: Poincare/Longrun/Entropy/Certificate.lean:372:0: 'Poincare.Longrun.Entropy.MonotoneCertificate.F_le_of_le' depends on axioms: [propext, Classical.choice, Quot.sound]
info: Poincare/Longrun/Entropy/Certificate.lean:373:0: 'Poincare.Longrun.Entropy.MonotoneCertificate.eq_of_le_of_eq' depends on axioms: [propext, Classical.choice, Quot.sound]
info: Poincare/Longrun/Entropy/Certificate.lean:374:0: 'Poincare.Longrun.Entropy.AntitoneCertificate' depends on axioms: [propext, Classical.choice, Quot.sound]
info: Poincare/Longrun/Entropy/Certificate.lean:375:0: 'Poincare.Longrun.Entropy.AntitoneCertificate.F_le_of_le' depends on axioms: [propext, Classical.choice, Quot.sound]
info: Poincare/Longrun/Entropy/Certificate.lean:376:0: 'Poincare.Longrun.Entropy.AntitoneCertificate.eq_of_le_of_eq' depends on axioms: [propext, Classical.choice, Quot.sound]
info: Poincare/Longrun/Entropy/Certificate.lean:377:0: 'Poincare.Longrun.Entropy.ContinuousMonotoneCertificate' depends on axioms: [propext, Classical.choice, Quot.sound]
info: Poincare/Longrun/Entropy/Certificate.lean:378:0: 'Poincare.Longrun.Entropy.ContinuousMonotoneCertificate.monotoneOn' depends on axioms: [propext,
 Classical.choice,
 Quot.sound]
info: Poincare/Longrun/Entropy/Certificate.lean:379:0: 'Poincare.Longrun.Entropy.ContinuousMonotoneCertificate.F_ge_initial' depends on axioms: [propext,
 Classical.choice,
 Quot.sound]
info: Poincare/Longrun/Entropy/Certificate.lean:380:0: 'Poincare.Longrun.Entropy.ContinuousMonotoneCertificate.eq_on_Icc_of_eq_at' depends on axioms: [propext,
 Classical.choice,
 Quot.sound]
info: Poincare/Longrun/Entropy/Certificate.lean:381:0: 'Poincare.Longrun.Entropy.ContinuousMonotoneCertificate.toMonotoneCertificateOnIci' depends on axioms: [propext,
 Classical.choice,
 Quot.sound]
info: Poincare/Longrun/Entropy/Certificate.lean:382:0: 'Poincare.Longrun.Entropy.ContinuousAntitoneCertificate' depends on axioms: [propext, Classical.choice, Quot.sound]
info: Poincare/Longrun/Entropy/Certificate.lean:383:0: 'Poincare.Longrun.Entropy.ContinuousAntitoneCertificate.antitoneOn' depends on axioms: [propext,
 Classical.choice,
 Quot.sound]
info: Poincare/Longrun/Entropy/Certificate.lean:384:0: 'Poincare.Longrun.Entropy.ContinuousAntitoneCertificate.F_le_initial' depends on axioms: [propext,
 Classical.choice,
 Quot.sound]
info: Poincare/Longrun/Entropy/Certificate.lean:385:0: 'Poincare.Longrun.Entropy.ContinuousAntitoneCertificate.lower_le_initial' depends on axioms: [propext,
 Classical.choice,
 Quot.sound]
info: Poincare/Longrun/Entropy/Certificate.lean:386:0: 'Poincare.Longrun.Entropy.ContinuousAntitoneCertificate.eq_on_Icc_of_eq_at' depends on axioms: [propext,
 Classical.choice,
 Quot.sound]
info: Poincare/Longrun/Entropy/Certificate.lean:387:0: 'Poincare.Longrun.Entropy.ContinuousAntitoneCertificate.toAntitoneCertificateOnIci' depends on axioms: [propext,
 Classical.choice,
 Quot.sound]
info: Poincare/Longrun/Entropy/Certificate.lean:388:0: 'Poincare.Longrun.Entropy.LinearDecayCertificate' depends on axioms: [propext, Classical.choice, Quot.sound]
info: Poincare/Longrun/Entropy/Certificate.lean:389:0: 'Poincare.Longrun.Entropy.LinearDecayCertificate.time_le' depends on axioms: [propext, Classical.choice, Quot.sound]
info: Poincare/Longrun/Entropy/Certificate.lean:390:0: 'Poincare.Longrun.Entropy.LinearDecayCertificate.lower_le_value' depends on axioms: [propext,
 Classical.choice,
 Quot.sound]
info: Poincare/Longrun/Entropy/Certificate.lean:391:0: 'Poincare.Longrun.Entropy.zeroEntropyData' depends on axioms: [propext, Classical.choice, Quot.sound]
info: Poincare/Longrun/Entropy/Certificate.lean:392:0: 'Poincare.Longrun.Entropy.zeroEntropyData_F' depends on axioms: [propext, Classical.choice, Quot.sound]
info: Poincare/Longrun/Entropy/Certificate.lean:393:0: 'Poincare.Longrun.Entropy.continuousMonotoneCertificate_zero' depends on axioms: [propext, Classical.choice, Quot.sound]
info: Poincare/Longrun/Entropy/Certificate.lean:394:0: 'Poincare.Longrun.Entropy.continuousAntitoneCertificate_zero' depends on axioms: [propext, Classical.choice, Quot.sound]
ℹ [8901/8916] Replayed Poincare.Longrun.Entropy.Bridge
info: Poincare/Longrun/Entropy/Bridge.lean:200:0: 'Poincare.Longrun.Entropy.WeightedCalculus' depends on axioms: [propext, Classical.choice, Quot.sound]
info: Poincare/Longrun/Entropy/Bridge.lean:201:0: 'Poincare.Longrun.Entropy.gradInner' depends on axioms: [propext, Classical.choice, Quot.sound]
info: Poincare/Longrun/Entropy/Bridge.lean:202:0: 'Poincare.Longrun.Entropy.WeightedIBPStatement' depends on axioms: [propext, Classical.choice, Quot.sound]
info: Poincare/Longrun/Entropy/Bridge.lean:203:0: 'Poincare.Longrun.Entropy.WeightedLaplacianStatement' depends on axioms: [propext, Classical.choice, Quot.sound]
info: Poincare/Longrun/Entropy/Bridge.lean:204:0: 'Poincare.Longrun.Entropy.BochnerStatement' depends on axioms: [propext, Classical.choice, Quot.sound]
info: Poincare/Longrun/Entropy/Bridge.lean:205:0: 'Poincare.Longrun.Entropy.ConjugateMeasureEvolutionStatement' depends on axioms: [propext, Classical.choice, Quot.sound]
info: Poincare/Longrun/Entropy/Bridge.lean:206:0: 'Poincare.Longrun.Entropy.FDerivativeStatement' depends on axioms: [propext, Classical.choice, Quot.sound]
info: Poincare/Longrun/Entropy/Bridge.lean:207:0: 'Poincare.Longrun.Entropy.EntropyFunctionalRegularityStatement' depends on axioms: [propext,
 Classical.choice,
 Quot.sound]
info: Poincare/Longrun/Entropy/Bridge.lean:208:0: 'Poincare.Longrun.Entropy.EntropyRegularityBridge' depends on axioms: [propext, Classical.choice, Quot.sound]
info: Poincare/Longrun/Entropy/Bridge.lean:209:0: 'Poincare.Longrun.Entropy.continuousMonotoneCertificateOfBridge' depends on axioms: [propext,
 Classical.choice,
 Quot.sound]
info: Poincare/Longrun/Entropy/Bridge.lean:210:0: 'Poincare.Longrun.Entropy.zeroCalculus' depends on axioms: [propext, Classical.choice, Quot.sound]
info: Poincare/Longrun/Entropy/Bridge.lean:211:0: 'Poincare.Longrun.Entropy.entropyRegularityBridge_zero' depends on axioms: [propext, Classical.choice, Quot.sound]
info: Poincare/Longrun/Entropy/Bridge.lean:212:0: 'Poincare.Longrun.Entropy.continuousMonotoneCertificate_zero_viaBridge' depends on axioms: [propext,
 Classical.choice,
 Quot.sound]
⚠ [8903/8916] Replayed Poincare.D12.EntropyVariation.GaussianShrinker
warning: Poincare/D12/EntropyVariation/GaussianShrinker.lean:95:6: Unused tactic linter: `change (-(a : ℂ) * (‖x‖ : ℂ) ^ 2).re = -a * ‖x‖ ^ 2` does nothing

Note: This linter can be disabled with `set_option linter.unusedTactic false`
warning: Poincare/D12/EntropyVariation/GaussianShrinker.lean:100:6: Unused tactic linter: `change (-(a : ℂ) * (‖x‖ : ℂ) ^ 2).im = 0` does nothing

Note: This linter can be disabled with `set_option linter.unusedTactic false`
info: Poincare/D12/EntropyVariation/GaussianShrinker.lean:137:6: Try this:
  [apply] ring_nf
  
  The `ring` tactic failed to close the goal. Use `ring_nf` to obtain a normal form.
    
  Note that `ring` works primarily in *commutative* rings. If you have a noncommutative ring, abelian group or module, consider using `noncomm_ring`, `abel` or `module` instead.
warning: Poincare/D12/EntropyVariation/GaussianShrinker.lean:497:42: Variable name `hτ` is not explicitly referenced.

Hint: The binding can be removed (if unused) or named `_` (if used implicitly). Alternatively, prefix the name with `_` to silence this warning:
  [apply] _hτ

Note: This linter can be disabled with `set_option linter.unusedVariables false`
warning: Poincare/D12/EntropyVariation/GaussianShrinker.lean:530:37: `ContinuousLinearMap.coe_smul'` has been deprecated: Use `FunLike.coe_smul` instead

Note: The updated constant is in a different namespace. Dot notation may need to be changed (e.g., from `x.coe_smul'` to `FunLike.coe_smul x`).
warning: Poincare/D12/EntropyVariation/GaussianShrinker.lean:530:37: This simp argument is unused:
  ContinuousLinearMap.coe_smul'

Hint: Omit it from the simp argument list.
  [apply] simp only [innerCLM, ContinuousLinearMap.coe_mk', LinearMap.coe_mk, AddHom.coe_mk, innerSL_apply_apply,
    smul_apply, Matrix.cons_val_zero, Matrix.cons_val_one, Fin.isValue]

Note: This linter can be disabled with `set_option linter.unusedSimpArgs false`
warning: Poincare/D12/EntropyVariation/GaussianShrinker.lean:555:6: Variable name `x` is not explicitly referenced.

Hint: The binding can be removed (if unused) or named `_` (if used implicitly). Alternatively, prefix the name with `_` to silence this warning:
  [apply] _x

Note: This linter can be disabled with `set_option linter.unusedVariables false`
warning: Poincare/D12/EntropyVariation/GaussianShrinker.lean:565:41: This simp argument is unused:
  Pi.single_apply

Hint: Omit it from the simp argument list.
  [apply] simp [EuclideanSpace.basisFun_apply]

Note: This linter can be disabled with `set_option linter.unusedSimpArgs false`
warning: Poincare/D12/EntropyVariation/GaussianShrinker.lean:570:12: This simp argument is unused:
  Finset.card_fin

Hint: Omit it from the simp argument list.
  [apply] simp [nsmul_eq_mul]

Note: This linter can be disabled with `set_option linter.unusedSimpArgs false`
ℹ [8910/8916] Replayed Poincare.Longrun.PDE.HeatGrid
info: Poincare/Longrun/PDE/HeatGrid.lean:118:0: 'Poincare.Longrun.PDE.zeroExtend' depends on axioms: [propext, Classical.choice, Quot.sound]
info: Poincare/Longrun/PDE/HeatGrid.lean:119:0: 'Poincare.Longrun.PDE.discreteLaplacian' depends on axioms: [propext, Classical.choice, Quot.sound]
info: Poincare/Longrun/PDE/HeatGrid.lean:120:0: 'Poincare.Longrun.PDE.heatStep' depends on axioms: [propext, Classical.choice, Quot.sound]
info: Poincare/Longrun/PDE/HeatGrid.lean:121:0: 'Poincare.Longrun.PDE.HeatGridEvolution' depends on axioms: [propext, Classical.choice, Quot.sound]
info: Poincare/Longrun/PDE/HeatGrid.lean:122:0: 'Poincare.Longrun.PDE.heatStep_eq_discreteLaplacian' depends on axioms: [propext, Classical.choice, Quot.sound]
info: Poincare/Longrun/PDE/HeatGrid.lean:123:0: 'Poincare.Longrun.PDE.HeatGridEvolution.step_eq_discreteLaplacian' depends on axioms: [propext,
 Classical.choice,
 Quot.sound]
info: Poincare/Longrun/PDE/HeatGrid.lean:124:0: 'Poincare.Longrun.PDE.HeatGridEvolution.step_eq_heatStep' depends on axioms: [propext, Classical.choice, Quot.sound]
info: Poincare/Longrun/PDE/HeatGrid.lean:125:0: 'Poincare.Longrun.PDE.HeatGridEvolution.step_eq_convex' depends on axioms: [propext, Classical.choice, Quot.sound]
ℹ [8911/8916] Replayed Poincare.Longrun.PDE.Energy
info: Poincare/Longrun/PDE/Energy.lean:183:0: 'Poincare.Longrun.PDE.energy' depends on axioms: [propext, Classical.choice, Quot.sound]
info: Poincare/Longrun/PDE/Energy.lean:184:0: 'Poincare.Longrun.PDE.convex_combo_sq_le' depends on axioms: [propext, Classical.choice, Quot.sound]
info: Poincare/Longrun/PDE/Energy.lean:185:0: 'Poincare.Longrun.PDE.heatStep_sq_le' depends on axioms: [propext, Classical.choice, Quot.sound]
info: Poincare/Longrun/PDE/Energy.lean:186:0: 'Poincare.Longrun.PDE.sum_shift_pred' depends on axioms: [propext, Classical.choice, Quot.sound]
info: Poincare/Longrun/PDE/Energy.lean:187:0: 'Poincare.Longrun.PDE.sum_shift_succ' depends on axioms: [propext, Classical.choice, Quot.sound]
info: Poincare/Longrun/PDE/Energy.lean:188:0: 'Poincare.Longrun.PDE.energy_heatStep_le' depends on axioms: [propext, Classical.choice, Quot.sound]
info: Poincare/Longrun/PDE/Energy.lean:189:0: 'Poincare.Longrun.PDE.energy_nonneg' depends on axioms: [propext, Classical.choice, Quot.sound]
info: Poincare/Longrun/PDE/Energy.lean:190:0: 'Poincare.Longrun.PDE.energy_step_le' depends on axioms: [propext, Classical.choice, Quot.sound]
info: Poincare/Longrun/PDE/Energy.lean:191:0: 'Poincare.Longrun.PDE.HeatGridEvolution.energy_succ_le' depends on axioms: [propext, Classical.choice, Quot.sound]
info: Poincare/Longrun/PDE/Energy.lean:192:0: 'Poincare.Longrun.PDE.HeatGridEvolution.energy_nonincreasing' depends on axioms: [propext, Classical.choice, Quot.sound]
ℹ [8912/8916] Replayed Poincare.Longrun.Entropy.DiscreteHeat
info: Poincare/Longrun/Entropy/DiscreteHeat.lean:94:0: 'Poincare.Longrun.PDE.HeatGridEvolution.energy_antitone' depends on axioms: [propext, Classical.choice, Quot.sound]
info: Poincare/Longrun/Entropy/DiscreteHeat.lean:95:0: 'Poincare.Longrun.PDE.zeroHeatGridEvolution' depends on axioms: [propext, Classical.choice, Quot.sound]
info: Poincare/Longrun/Entropy/DiscreteHeat.lean:96:0: 'Poincare.Longrun.Entropy.heatEnergyCertificate' depends on axioms: [propext, Classical.choice, Quot.sound]
info: Poincare/Longrun/Entropy/DiscreteHeat.lean:97:0: 'Poincare.Longrun.Entropy.heatEnergy_le_initial' depends on axioms: [propext, Classical.choice, Quot.sound]
info: Poincare/Longrun/Entropy/DiscreteHeat.lean:98:0: 'Poincare.Longrun.Entropy.heatEnergy_nonneg' depends on axioms: [propext, Classical.choice, Quot.sound]
info: Poincare/Longrun/Entropy/DiscreteHeat.lean:99:0: 'Poincare.Longrun.Entropy.heatEnergy_eq_of_eq_initial' depends on axioms: [propext, Classical.choice, Quot.sound]
info: Poincare/Longrun/Entropy/DiscreteHeat.lean:100:0: 'Poincare.Longrun.Entropy.heatEnergyCertificate_zero' depends on axioms: [propext, Classical.choice, Quot.sound]
✔ [8913/8916] Built Poincare.D12.EntropyVariation.FFlowModel (8.1s)
✔ [8914/8916] Built Poincare.D12.EntropyVariation.SignDistinction (3.9s)
✔ [8915/8916] Built Poincare.D12.EntropyVariation.All (3.3s)
ℹ [8916/8916] Built Poincare.D12.EntropyVariation.AxiomAudit (3.5s)
info: Poincare/D12/EntropyVariation/AxiomAudit.lean:18:0: 'Poincare.D12.EntropyVariation.hasDerivAt_weightedIntegral' depends on axioms: [propext, Classical.choice, Quot.sound]
info: Poincare/D12/EntropyVariation/AxiomAudit.lean:19:0: 'Poincare.D12.EntropyVariation.hasDerivAt_weightedIntegral_constWeight' depends on axioms: [propext,
 Classical.choice,
 Quot.sound]
info: Poincare/D12/EntropyVariation/AxiomAudit.lean:20:0: 'Poincare.D12.EntropyVariation.hasDerivAt_integral_param' depends on axioms: [propext, Classical.choice, Quot.sound]
info: Poincare/D12/EntropyVariation/AxiomAudit.lean:21:0: 'Poincare.D12.EntropyVariation.FDissipationCorrected' depends on axioms: [propext, Classical.choice, Quot.sound]
info: Poincare/D12/EntropyVariation/AxiomAudit.lean:22:0: 'Poincare.D12.EntropyVariation.FDissipation_eq_corrected_of_idempotent' depends on axioms: [propext,
 Classical.choice,
 Quot.sound]
info: Poincare/D12/EntropyVariation/AxiomAudit.lean:23:0: 'Poincare.D12.EntropyVariation.FDissipationCorrected_nonneg' depends on axioms: [propext, Classical.choice, Quot.sound]
info: Poincare/D12/EntropyVariation/AxiomAudit.lean:24:0: 'Poincare.D12.EntropyVariation.hasDerivAt_F_of_pointwise' depends on axioms: [propext, Classical.choice, Quot.sound]
info: Poincare/D12/EntropyVariation/AxiomAudit.lean:25:0: 'Poincare.D12.EntropyVariation.fDerivativeCorrected_at_of_pointwise' depends on axioms: [propext,
 Classical.choice,
 Quot.sound]
info: Poincare/D12/EntropyVariation/AxiomAudit.lean:26:0: 'Poincare.D12.EntropyVariation.fDerivativeCorrected_of_pointwise' depends on axioms: [propext,
 Classical.choice,
 Quot.sound]
info: Poincare/D12/EntropyVariation/AxiomAudit.lean:27:0: 'Poincare.D12.EntropyVariation.fDerivativeStatement_of_corrected_of_idempotent' depends on axioms: [propext,
 Classical.choice,
 Quot.sound]
info: Poincare/D12/EntropyVariation/AxiomAudit.lean:28:0: 'Poincare.D12.EntropyVariation.eventually_of_forall' does not depend on any axioms
info: Poincare/D12/EntropyVariation/AxiomAudit.lean:29:0: 'Poincare.D12.EntropyVariation.Euc' depends on axioms: [propext, Classical.choice, Quot.sound]
info: Poincare/D12/EntropyVariation/AxiomAudit.lean:30:0: 'Poincare.D12.EntropyVariation.hasDerivAt_neg_mul_const' depends on axioms: [propext, Classical.choice, Quot.sound]
info: Poincare/D12/EntropyVariation/AxiomAudit.lean:31:0: 'Poincare.D12.EntropyVariation.integrable_exp_neg_mul_normSq' depends on axioms: [propext, Classical.choice, Quot.sound]
info: Poincare/D12/EntropyVariation/AxiomAudit.lean:32:0: 'Poincare.D12.EntropyVariation.integrable_gaussianKernel' depends on axioms: [propext, Classical.choice, Quot.sound]
info: Poincare/D12/EntropyVariation/AxiomAudit.lean:33:0: 'Poincare.D12.EntropyVariation.normSq_exp_neg_mul_le' depends on axioms: [propext, Classical.choice, Quot.sound]
info: Poincare/D12/EntropyVariation/AxiomAudit.lean:34:0: 'Poincare.D12.EntropyVariation.integral_normSq_mul_exp_neg_mul' depends on axioms: [propext,
 Classical.choice,
 Quot.sound]
info: Poincare/D12/EntropyVariation/AxiomAudit.lean:35:0: 'Poincare.D12.EntropyVariation.integrable_normSq_mul_exp_neg_mul' depends on axioms: [propext,
 Classical.choice,
 Quot.sound]
info: Poincare/D12/EntropyVariation/AxiomAudit.lean:36:0: 'Poincare.D12.EntropyVariation.integral_normSq_mul_gaussianKernel' depends on axioms: [propext,
 Classical.choice,
 Quot.sound]
info: Poincare/D12/EntropyVariation/AxiomAudit.lean:37:0: 'Poincare.D12.EntropyVariation.integrable_normSq_mul_gaussianKernel' depends on axioms: [propext,
 Classical.choice,
 Quot.sound]
info: Poincare/D12/EntropyVariation/AxiomAudit.lean:38:0: 'Poincare.D12.EntropyVariation.shrinkerGradSq' depends on axioms: [propext, Classical.choice, Quot.sound]
info: Poincare/D12/EntropyVariation/AxiomAudit.lean:39:0: 'Poincare.D12.EntropyVariation.shrinkerFpot' depends on axioms: [propext, Classical.choice, Quot.sound]
info: Poincare/D12/EntropyVariation/AxiomAudit.lean:40:0: 'Poincare.D12.EntropyVariation.shrinkerRiccHess' depends on axioms: [propext, Classical.choice, Quot.sound]
info: Poincare/D12/EntropyVariation/AxiomAudit.lean:41:0: 'Poincare.D12.EntropyVariation.shrinkerEntropyData' depends on axioms: [propext, Classical.choice, Quot.sound]
info: Poincare/D12/EntropyVariation/AxiomAudit.lean:42:0: 'Poincare.D12.EntropyVariation.shrinkerEntropyData_mass' depends on axioms: [propext, Classical.choice, Quot.sound]
info: Poincare/D12/EntropyVariation/AxiomAudit.lean:43:0: 'Poincare.D12.EntropyVariation.shrinkerEntropyData_secondMoment' depends on axioms: [propext,
 Classical.choice,
 Quot.sound]
info: Poincare/D12/EntropyVariation/AxiomAudit.lean:44:0: 'Poincare.D12.EntropyVariation.shrinkerEntropyData_F_value' depends on axioms: [propext, Classical.choice, Quot.sound]
info: Poincare/D12/EntropyVariation/AxiomAudit.lean:45:0: 'Poincare.D12.EntropyVariation.shrinkerEntropyData_W_value' depends on axioms: [propext, Classical.choice, Quot.sound]
info: Poincare/D12/EntropyVariation/AxiomAudit.lean:46:0: 'Poincare.D12.EntropyVariation.shrinkerEntropyData_FDissipation_value' depends on axioms: [propext,
 Classical.choice,
 Quot.sound]
info: Poincare/D12/EntropyVariation/AxiomAudit.lean:47:0: 'Poincare.D12.EntropyVariation.shrinkerEntropyData_FDissipationCorrected_value' depends on axioms: [propext,
 Classical.choice,
 Quot.sound]
info: Poincare/D12/EntropyVariation/AxiomAudit.lean:48:0: 'Poincare.D12.EntropyVariation.shrinkerEntropyData_FDissipation_ne_corrected_one' depends on axioms: [propext,
 Classical.choice,
 Quot.sound]
info: Poincare/D12/EntropyVariation/AxiomAudit.lean:49:0: 'Poincare.D12.EntropyVariation.hasFDerivAt_shrinkerFpot' depends on axioms: [propext, Classical.choice, Quot.sound]
info: Poincare/D12/EntropyVariation/AxiomAudit.lean:50:0: 'Poincare.D12.EntropyVariation.iteratedFDeriv_two_shrinkerFpot' depends on axioms: [propext,
 Classical.choice,
 Quot.sound]
info: Poincare/D12/EntropyVariation/AxiomAudit.lean:51:0: 'Poincare.D12.EntropyVariation.shrinker_hessian_eq_metricOverTwoTau' depends on axioms: [propext,
 Classical.choice,
 Quot.sound]
info: Poincare/D12/EntropyVariation/AxiomAudit.lean:52:0: 'Poincare.D12.EntropyVariation.shrinker_w_dissipation_density_zero' depends on axioms: [propext,
 Classical.choice,
 Quot.sound]
info: Poincare/D12/EntropyVariation/AxiomAudit.lean:53:0: 'Poincare.D12.EntropyVariation.shrinker_riccHess_justified' depends on axioms: [propext, Classical.choice, Quot.sound]
info: Poincare/D12/EntropyVariation/AxiomAudit.lean:54:0: 'Poincare.D12.EntropyVariation.fflowMetricScale' depends on axioms: [propext, Classical.choice, Quot.sound]
info: Poincare/D12/EntropyVariation/AxiomAudit.lean:55:0: 'Poincare.D12.EntropyVariation.fflowScaleInv' depends on axioms: [propext, Classical.choice, Quot.sound]
info: Poincare/D12/EntropyVariation/AxiomAudit.lean:56:0: 'Poincare.D12.EntropyVariation.hasDerivAt_fflowMetricScale' depends on axioms: [propext, Classical.choice, Quot.sound]
info: Poincare/D12/EntropyVariation/AxiomAudit.lean:57:0: 'Poincare.D12.EntropyVariation.fflowMetricFlow_consistency' depends on axioms: [propext, Classical.choice, Quot.sound]
info: Poincare/D12/EntropyVariation/AxiomAudit.lean:58:0: 'Poincare.D12.EntropyVariation.fflowScaleInv_eq_inv_metricScale' depends on axioms: [propext,
 Classical.choice,
 Quot.sound]
info: Poincare/D12/EntropyVariation/AxiomAudit.lean:59:0: 'Poincare.D12.EntropyVariation.fflowScaleInv_pos' depends on axioms: [propext, Classical.choice, Quot.sound]
info: Poincare/D12/EntropyVariation/AxiomAudit.lean:60:0: 'Poincare.D12.EntropyVariation.hasDerivAt_fflowScaleInv' depends on axioms: [propext, Classical.choice, Quot.sound]
info: Poincare/D12/EntropyVariation/AxiomAudit.lean:61:0: 'Poincare.D12.EntropyVariation.fflowGradSq' depends on axioms: [propext, Classical.choice, Quot.sound]
info: Poincare/D12/EntropyVariation/AxiomAudit.lean:62:0: 'Poincare.D12.EntropyVariation.fflowGradSqVariation' depends on axioms: [propext, Classical.choice, Quot.sound]
info: Poincare/D12/EntropyVariation/AxiomAudit.lean:63:0: 'Poincare.D12.EntropyVariation.fflowRiccHess' depends on axioms: [propext, Classical.choice, Quot.sound]
info: Poincare/D12/EntropyVariation/AxiomAudit.lean:64:0: 'Poincare.D12.EntropyVariation.fflowEntropyData' depends on axioms: [propext, Classical.choice, Quot.sound]
info: Poincare/D12/EntropyVariation/AxiomAudit.lean:65:0: 'Poincare.D12.EntropyVariation.fflow_rho_timeIndep' depends on axioms: [propext, Classical.choice, Quot.sound]
info: Poincare/D12/EntropyVariation/AxiomAudit.lean:66:0: 'Poincare.D12.EntropyVariation.fflow_rho_deriv_zero' depends on axioms: [propext, Classical.choice, Quot.sound]
info: Poincare/D12/EntropyVariation/AxiomAudit.lean:67:0: 'Poincare.D12.EntropyVariation.hasDerivAt_fflowGradSq' depends on axioms: [propext, Classical.choice, Quot.sound]
info: Poincare/D12/EntropyVariation/AxiomAudit.lean:68:0: 'Poincare.D12.EntropyVariation.fflow_riccHess_eq_scaleInvSq_mul_shrinkerRiccHess' depends on axioms: [propext,
 Classical.choice,
 Quot.sound]
info: Poincare/D12/EntropyVariation/AxiomAudit.lean:69:0: 'Poincare.D12.EntropyVariation.fflow_riccHess_justified' depends on axioms: [propext, Classical.choice, Quot.sound]
info: Poincare/D12/EntropyVariation/AxiomAudit.lean:70:0: 'Poincare.D12.EntropyVariation.fflow_two_riccHess_pos' depends on axioms: [propext, Classical.choice, Quot.sound]
info: Poincare/D12/EntropyVariation/AxiomAudit.lean:71:0: 'Poincare.D12.EntropyVariation.fflow_variation_ne_two_riccHess_at_zero' depends on axioms: [propext,
 Classical.choice,
 Quot.sound]
info: Poincare/D12/EntropyVariation/AxiomAudit.lean:72:0: 'Poincare.D12.EntropyVariation.fflow_variation_eq_two_riccHess_of_normSq_eq' depends on axioms: [propext,
 Classical.choice,
 Quot.sound]
info: Poincare/D12/EntropyVariation/AxiomAudit.lean:73:0: 'Poincare.D12.EntropyVariation.fflow_variation_integral' depends on axioms: [propext, Classical.choice, Quot.sound]
info: Poincare/D12/EntropyVariation/AxiomAudit.lean:74:0: 'Poincare.D12.EntropyVariation.fflow_FDissipationCorrected_value' depends on axioms: [propext,
 Classical.choice,
 Quot.sound]
info: Poincare/D12/EntropyVariation/AxiomAudit.lean:75:0: 'Poincare.D12.EntropyVariation.fflow_integrated_variation_eq_dissipation' depends on axioms: [propext,
 Classical.choice,
 Quot.sound]
info: Poincare/D12/EntropyVariation/AxiomAudit.lean:76:0: 'Poincare.D12.EntropyVariation.fflow_FDissipation_value' depends on axioms: [propext, Classical.choice, Quot.sound]
info: Poincare/D12/EntropyVariation/AxiomAudit.lean:77:0: 'Poincare.D12.EntropyVariation.fflow_F_value' depends on axioms: [propext, Classical.choice, Quot.sound]
info: Poincare/D12/EntropyVariation/AxiomAudit.lean:78:0: 'Poincare.D12.EntropyVariation.fflow_F_hasDerivAt' depends on axioms: [propext, Classical.choice, Quot.sound]
info: Poincare/D12/EntropyVariation/AxiomAudit.lean:79:0: 'Poincare.D12.EntropyVariation.fflow_F_hasDerivAt_closedForm' depends on axioms: [propext, Classical.choice, Quot.sound]
info: Poincare/D12/EntropyVariation/AxiomAudit.lean:80:0: 'Poincare.D12.EntropyVariation.fflow_corrected_FDerivative_on_domain' depends on axioms: [propext,
 Classical.choice,
 Quot.sound]
info: Poincare/D12/EntropyVariation/AxiomAudit.lean:81:0: 'Poincare.D12.EntropyVariation.fflow_F_deriv_pos' depends on axioms: [propext, Classical.choice, Quot.sound]
info: Poincare/D12/EntropyVariation/AxiomAudit.lean:82:0: 'Poincare.D12.EntropyVariation.fflow_F_strictMonoOn' depends on axioms: [propext, Classical.choice, Quot.sound]
info: Poincare/D12/EntropyVariation/AxiomAudit.lean:83:0: 'Poincare.D12.EntropyVariation.fflow_F_increasing_on_Iio' depends on axioms: [propext, Classical.choice, Quot.sound]
info: Poincare/D12/EntropyVariation/AxiomAudit.lean:84:0: 'Poincare.D12.EntropyVariation.fflow_FDissipation_ne_corrected_one' depends on axioms: [propext,
 Classical.choice,
 Quot.sound]
info: Poincare/D12/EntropyVariation/AxiomAudit.lean:85:0: 'Poincare.D12.EntropyVariation.fflow_literal_FDerivative_inconsistent' depends on axioms: [propext,
 Classical.choice,
 Quot.sound]
info: Poincare/D12/EntropyVariation/AxiomAudit.lean:86:0: 'Poincare.D12.EntropyVariation.fflow_literal_FDerivativeStatement_of_idempotent' depends on axioms: [propext,
 Classical.choice,
 Quot.sound]
info: Poincare/D12/EntropyVariation/AxiomAudit.lean:87:0: 'Poincare.D12.EntropyVariation.fflow_variation_eq_two_riccHess_iff' depends on axioms: [propext,
 Classical.choice,
 Quot.sound]
info: Poincare/D12/EntropyVariation/AxiomAudit.lean:88:0: 'Poincare.D12.EntropyVariation.fflow_riccHess_eq_zero_of_zero_dim' depends on axioms: [propext,
 Classical.choice,
 Quot.sound]
info: Poincare/D12/EntropyVariation/AxiomAudit.lean:89:0: 'Poincare.D12.EntropyVariation.fflow_idempotency_holds_zero_dim' depends on axioms: [propext,
 Classical.choice,
 Quot.sound]
info: Poincare/D12/EntropyVariation/AxiomAudit.lean:90:0: 'Poincare.D12.EntropyVariation.fflow_idempotency_forces_zero_dim' depends on axioms: [propext,
 Classical.choice,
 Quot.sound]
info: Poincare/D12/EntropyVariation/AxiomAudit.lean:91:0: 'Poincare.D12.EntropyVariation.fflow_idempotency_iff_zero_dim' depends on axioms: [propext,
 Classical.choice,
 Quot.sound]
info: Poincare/D12/EntropyVariation/AxiomAudit.lean:92:0: 'Poincare.D12.EntropyVariation.fflow_literal_FDerivativeStatement_zero_dim' depends on axioms: [propext,
 Classical.choice,
 Quot.sound]
info: Poincare/D12/EntropyVariation/AxiomAudit.lean:93:0: 'Poincare.D12.EntropyVariation.perelmanFFlow_increasing_toy_nonincreasing' depends on axioms: [propext,
 Classical.choice,
 Quot.sound]
info: Poincare/D12/EntropyVariation/AxiomAudit.lean:94:0: 'Poincare.D12.EntropyVariation.derivative_sign_distinction' depends on axioms: [propext, Classical.choice, Quot.sound]
info: Poincare/D12/EntropyVariation/AxiomAudit.lean:95:0: 'Poincare.D12.EntropyVariation.toy_heatEnergy_nonincreasing' depends on axioms: [propext, Classical.choice, Quot.sound]
info: Poincare/D12/EntropyVariation/AxiomAudit.lean:96:0: 'Poincare.D12.EntropyVariation.shrinkerWOfTau' depends on axioms: [propext, Classical.choice, Quot.sound]
info: Poincare/D12/EntropyVariation/AxiomAudit.lean:97:0: 'Poincare.D12.EntropyVariation.shrinkerWOfTau_eq_zero' depends on axioms: [propext, Classical.choice, Quot.sound]
info: Poincare/D12/EntropyVariation/AxiomAudit.lean:98:0: 'Poincare.D12.EntropyVariation.shrinkerWOfTau_hasDerivAt' depends on axioms: [propext, Classical.choice, Quot.sound]
info: Poincare/D12/EntropyVariation/AxiomAudit.lean:99:0: 'Poincare.D12.EntropyVariation.shrinkerWDissipationDensity' depends on axioms: [propext, Classical.choice, Quot.sound]
info: Poincare/D12/EntropyVariation/AxiomAudit.lean:100:0: 'Poincare.D12.EntropyVariation.shrinkerWDissipationDensity_zero' depends on axioms: [propext,
 Classical.choice,
 Quot.sound]
info: Poincare/D12/EntropyVariation/AxiomAudit.lean:101:0: 'Poincare.D12.EntropyVariation.integrable_shrinkerWDissipationDensity_mul' depends on axioms: [propext,
 Classical.choice,
 Quot.sound]
info: Poincare/D12/EntropyVariation/AxiomAudit.lean:102:0: 'Poincare.D12.EntropyVariation.shrinkerWDissipation' depends on axioms: [propext, Classical.choice, Quot.sound]
info: Poincare/D12/EntropyVariation/AxiomAudit.lean:103:0: 'Poincare.D12.EntropyVariation.shrinkerWDissipation_zero' depends on axioms: [propext, Classical.choice, Quot.sound]
info: Poincare/D12/EntropyVariation/AxiomAudit.lean:104:0: 'Poincare.D12.EntropyVariation.shrinker_W_derivative_identity' depends on axioms: [propext,
 Classical.choice,
 Quot.sound]
Build completed successfully (8916 jobs).
