ℹ [8880/8883] Replayed Poincare.Longrun.Entropy.Functional
info: Poincare/Longrun/Entropy/Functional.lean:150:0: 'Poincare.Longrun.Entropy.EntropyData' depends on axioms: [propext, Classical.choice, Quot.sound]
info: Poincare/Longrun/Entropy/Functional.lean:151:0: 'Poincare.Longrun.Entropy.EntropyData.F' depends on axioms: [propext, Classical.choice, Quot.sound]
info: Poincare/Longrun/Entropy/Functional.lean:152:0: 'Poincare.Longrun.Entropy.EntropyData.extra' depends on axioms: [propext, Classical.choice, Quot.sound]
info: Poincare/Longrun/Entropy/Functional.lean:153:0: 'Poincare.Longrun.Entropy.EntropyData.W' depends on axioms: [propext, Classical.choice, Quot.sound]
info: Poincare/Longrun/Entropy/Functional.lean:154:0: 'Poincare.Longrun.Entropy.EntropyData.FDissipation' depends on axioms: [propext, Classical.choice, Quot.sound]
info: Poincare/Longrun/Entropy/Functional.lean:155:0: 'Poincare.Longrun.Entropy.EntropyData.HasConjugateWeight' depends on axioms: [propext, Classical.choice, Quot.sound]
info: Poincare/Longrun/Entropy/Functional.lean:156:0: 'Poincare.Longrun.Entropy.EntropyData.conjugateWeight_pos' depends on axioms: [propext, Classical.choice, Quot.sound]
info: Poincare/Longrun/Entropy/Functional.lean:157:0: 'Poincare.Longrun.Entropy.EntropyData.integrable_extra' depends on axioms: [propext, Classical.choice, Quot.sound]
info: Poincare/Longrun/Entropy/Functional.lean:158:0: 'Poincare.Longrun.Entropy.EntropyData.W_eq' depends on axioms: [propext, Classical.choice, Quot.sound]
info: Poincare/Longrun/Entropy/Functional.lean:159:0: 'Poincare.Longrun.Entropy.EntropyData.FDissipation_nonneg' depends on axioms: [propext, Classical.choice, Quot.sound]
info: Poincare/Longrun/Entropy/Functional.lean:160:0: 'Poincare.Longrun.Entropy.EntropyData.F_mono_integrand' depends on axioms: [propext, Classical.choice, Quot.sound]
ℹ [8881/8883] Replayed Poincare.Longrun.Entropy.Certificate
info: Poincare/Longrun/Entropy/Certificate.lean:371:0: 'Poincare.Longrun.Entropy.MonotoneCertificate' depends on axioms: [propext, Classical.choice, Quot.sound]
info: Poincare/Longrun/Entropy/Certificate.lean:372:0: 'Poincare.Longrun.Entropy.MonotoneCertificate.F_le_of_le' depends on axioms: [propext, Classical.choice, Quot.sound]
info: Poincare/Longrun/Entropy/Certificate.lean:373:0: 'Poincare.Longrun.Entropy.MonotoneCertificate.eq_of_le_of_eq' depends on axioms: [propext, Classical.choice, Quot.sound]
info: Poincare/Longrun/Entropy/Certificate.lean:374:0: 'Poincare.Longrun.Entropy.AntitoneCertificate' depends on axioms: [propext, Classical.choice, Quot.sound]
info: Poincare/Longrun/Entropy/Certificate.lean:375:0: 'Poincare.Longrun.Entropy.AntitoneCertificate.F_le_of_le' depends on axioms: [propext, Classical.choice, Quot.sound]
info: Poincare/Longrun/Entropy/Certificate.lean:376:0: 'Poincare.Longrun.Entropy.AntitoneCertificate.eq_of_le_of_eq' depends on axioms: [propext, Classical.choice, Quot.sound]
info: Poincare/Longrun/Entropy/Certificate.lean:377:0: 'Poincare.Longrun.Entropy.ContinuousMonotoneCertificate' depends on axioms: [propext, Classical.choice, Quot.sound]
info: Poincare/Longrun/Entropy/Certificate.lean:378:0: 'Poincare.Longrun.Entropy.ContinuousMonotoneCertificate.monotoneOn' depends on axioms: [propext,
 Classical.choice,
 Quot.sound]
info: Poincare/Longrun/Entropy/Certificate.lean:379:0: 'Poincare.Longrun.Entropy.ContinuousMonotoneCertificate.F_ge_initial' depends on axioms: [propext,
 Classical.choice,
 Quot.sound]
info: Poincare/Longrun/Entropy/Certificate.lean:380:0: 'Poincare.Longrun.Entropy.ContinuousMonotoneCertificate.eq_on_Icc_of_eq_at' depends on axioms: [propext,
 Classical.choice,
 Quot.sound]
info: Poincare/Longrun/Entropy/Certificate.lean:381:0: 'Poincare.Longrun.Entropy.ContinuousMonotoneCertificate.toMonotoneCertificateOnIci' depends on axioms: [propext,
 Classical.choice,
 Quot.sound]
info: Poincare/Longrun/Entropy/Certificate.lean:382:0: 'Poincare.Longrun.Entropy.ContinuousAntitoneCertificate' depends on axioms: [propext, Classical.choice, Quot.sound]
info: Poincare/Longrun/Entropy/Certificate.lean:383:0: 'Poincare.Longrun.Entropy.ContinuousAntitoneCertificate.antitoneOn' depends on axioms: [propext,
 Classical.choice,
 Quot.sound]
info: Poincare/Longrun/Entropy/Certificate.lean:384:0: 'Poincare.Longrun.Entropy.ContinuousAntitoneCertificate.F_le_initial' depends on axioms: [propext,
 Classical.choice,
 Quot.sound]
info: Poincare/Longrun/Entropy/Certificate.lean:385:0: 'Poincare.Longrun.Entropy.ContinuousAntitoneCertificate.lower_le_initial' depends on axioms: [propext,
 Classical.choice,
 Quot.sound]
info: Poincare/Longrun/Entropy/Certificate.lean:386:0: 'Poincare.Longrun.Entropy.ContinuousAntitoneCertificate.eq_on_Icc_of_eq_at' depends on axioms: [propext,
 Classical.choice,
 Quot.sound]
info: Poincare/Longrun/Entropy/Certificate.lean:387:0: 'Poincare.Longrun.Entropy.ContinuousAntitoneCertificate.toAntitoneCertificateOnIci' depends on axioms: [propext,
 Classical.choice,
 Quot.sound]
info: Poincare/Longrun/Entropy/Certificate.lean:388:0: 'Poincare.Longrun.Entropy.LinearDecayCertificate' depends on axioms: [propext, Classical.choice, Quot.sound]
info: Poincare/Longrun/Entropy/Certificate.lean:389:0: 'Poincare.Longrun.Entropy.LinearDecayCertificate.time_le' depends on axioms: [propext, Classical.choice, Quot.sound]
info: Poincare/Longrun/Entropy/Certificate.lean:390:0: 'Poincare.Longrun.Entropy.LinearDecayCertificate.lower_le_value' depends on axioms: [propext,
 Classical.choice,
 Quot.sound]
info: Poincare/Longrun/Entropy/Certificate.lean:391:0: 'Poincare.Longrun.Entropy.zeroEntropyData' depends on axioms: [propext, Classical.choice, Quot.sound]
info: Poincare/Longrun/Entropy/Certificate.lean:392:0: 'Poincare.Longrun.Entropy.zeroEntropyData_F' depends on axioms: [propext, Classical.choice, Quot.sound]
info: Poincare/Longrun/Entropy/Certificate.lean:393:0: 'Poincare.Longrun.Entropy.continuousMonotoneCertificate_zero' depends on axioms: [propext, Classical.choice, Quot.sound]
info: Poincare/Longrun/Entropy/Certificate.lean:394:0: 'Poincare.Longrun.Entropy.continuousAntitoneCertificate_zero' depends on axioms: [propext, Classical.choice, Quot.sound]
ℹ [8882/8883] Replayed Poincare.Longrun.Entropy.Bridge
info: Poincare/Longrun/Entropy/Bridge.lean:200:0: 'Poincare.Longrun.Entropy.WeightedCalculus' depends on axioms: [propext, Classical.choice, Quot.sound]
info: Poincare/Longrun/Entropy/Bridge.lean:201:0: 'Poincare.Longrun.Entropy.gradInner' depends on axioms: [propext, Classical.choice, Quot.sound]
info: Poincare/Longrun/Entropy/Bridge.lean:202:0: 'Poincare.Longrun.Entropy.WeightedIBPStatement' depends on axioms: [propext, Classical.choice, Quot.sound]
info: Poincare/Longrun/Entropy/Bridge.lean:203:0: 'Poincare.Longrun.Entropy.WeightedLaplacianStatement' depends on axioms: [propext, Classical.choice, Quot.sound]
info: Poincare/Longrun/Entropy/Bridge.lean:204:0: 'Poincare.Longrun.Entropy.BochnerStatement' depends on axioms: [propext, Classical.choice, Quot.sound]
info: Poincare/Longrun/Entropy/Bridge.lean:205:0: 'Poincare.Longrun.Entropy.ConjugateMeasureEvolutionStatement' depends on axioms: [propext, Classical.choice, Quot.sound]
info: Poincare/Longrun/Entropy/Bridge.lean:206:0: 'Poincare.Longrun.Entropy.FDerivativeStatement' depends on axioms: [propext, Classical.choice, Quot.sound]
info: Poincare/Longrun/Entropy/Bridge.lean:207:0: 'Poincare.Longrun.Entropy.EntropyFunctionalRegularityStatement' depends on axioms: [propext,
 Classical.choice,
 Quot.sound]
info: Poincare/Longrun/Entropy/Bridge.lean:208:0: 'Poincare.Longrun.Entropy.EntropyRegularityBridge' depends on axioms: [propext, Classical.choice, Quot.sound]
info: Poincare/Longrun/Entropy/Bridge.lean:209:0: 'Poincare.Longrun.Entropy.continuousMonotoneCertificateOfBridge' depends on axioms: [propext,
 Classical.choice,
 Quot.sound]
info: Poincare/Longrun/Entropy/Bridge.lean:210:0: 'Poincare.Longrun.Entropy.zeroCalculus' depends on axioms: [propext, Classical.choice, Quot.sound]
info: Poincare/Longrun/Entropy/Bridge.lean:211:0: 'Poincare.Longrun.Entropy.entropyRegularityBridge_zero' depends on axioms: [propext, Classical.choice, Quot.sound]
info: Poincare/Longrun/Entropy/Bridge.lean:212:0: 'Poincare.Longrun.Entropy.continuousMonotoneCertificate_zero_viaBridge' depends on axioms: [propext,
 Classical.choice,
 Quot.sound]
✔ [8883/8883] Built Poincare.D12.EntropyVariation.EntropyDerivative (3.9s)
Build completed successfully (8883 jobs).
