info: Poincare/D13/HeatKernelBridge/AxiomAudit.lean:78:0: 'Poincare.D13.HeatKernelBridge.HeatKernelDataV1.v1' does not depend on any axioms
info: Poincare/D13/HeatKernelBridge/AxiomAudit.lean:79:0: 'Poincare.D13.HeatKernelBridge.HeatKernelDataV1' depends on axioms: [propext, Classical.choice, Quot.sound]
info: Poincare/D13/HeatKernelBridge/AxiomAudit.lean:80:0: 'Poincare.D13.HeatKernelBridge.HeatKernelDataV1.toCore' depends on axioms: [propext, Classical.choice, Quot.sound]
info: Poincare/D13/HeatKernelBridge/AxiomAudit.lean:81:0: 'Poincare.D13.HeatKernelBridge.HeatKernelDataV1.toCore_core' depends on axioms: [propext, Classical.choice, Quot.sound]
info: Poincare/D13/HeatKernelBridge/AxiomAudit.lean:82:0: 'Poincare.D13.HeatKernelBridge.HeatKernelDataV1.volume' depends on axioms: [propext, Classical.choice, Quot.sound]
info: Poincare/D13/HeatKernelBridge/AxiomAudit.lean:83:0: 'Poincare.D13.HeatKernelBridge.HeatKernelDataV1.dist' depends on axioms: [propext, Classical.choice, Quot.sound]
info: Poincare/D13/HeatKernelBridge/AxiomAudit.lean:84:0: 'Poincare.D13.HeatKernelBridge.HeatKernelDataV1.dim' depends on axioms: [propext, Classical.choice, Quot.sound]
info: Poincare/D13/HeatKernelBridge/AxiomAudit.lean:85:0: 'Poincare.D13.HeatKernelBridge.HeatKernelDataV1.C_up' depends on axioms: [propext, Classical.choice, Quot.sound]
info: Poincare/D13/HeatKernelBridge/AxiomAudit.lean:86:0: 'Poincare.D13.HeatKernelBridge.HeatKernelDataV1.c_up' depends on axioms: [propext, Classical.choice, Quot.sound]
info: Poincare/D13/HeatKernelBridge/AxiomAudit.lean:87:0: 'Poincare.D13.HeatKernelBridge.HeatKernelDataV1.C_lo' depends on axioms: [propext, Classical.choice, Quot.sound]
info: Poincare/D13/HeatKernelBridge/AxiomAudit.lean:88:0: 'Poincare.D13.HeatKernelBridge.HeatKernelDataV1.c_lo' depends on axioms: [propext, Classical.choice, Quot.sound]
info: Poincare/D13/HeatKernelBridge/AxiomAudit.lean:89:0: 'Poincare.D13.HeatKernelBridge.HeatKernelDataV1.kernel' depends on axioms: [propext, Classical.choice, Quot.sound]
info: Poincare/D13/HeatKernelBridge/AxiomAudit.lean:90:0: 'Poincare.D13.HeatKernelBridge.HeatKernelDataV1.laplacian' depends on axioms: [propext, Classical.choice, Quot.sound]
info: Poincare/D13/HeatKernelBridge/AxiomAudit.lean:91:0: 'Poincare.D13.HeatKernelBridge.HeatKernelDataV1.volume_eq' depends on axioms: [propext, Classical.choice, Quot.sound]
info: Poincare/D13/HeatKernelBridge/AxiomAudit.lean:92:0: 'Poincare.D13.HeatKernelBridge.HeatKernelDataV1.kernel_eq' depends on axioms: [propext, Classical.choice, Quot.sound]
info: Poincare/D13/HeatKernelBridge/AxiomAudit.lean:93:0: 'Poincare.D13.HeatKernelBridge.HeatKernelDataV1.dist_eq' depends on axioms: [propext, Classical.choice, Quot.sound]
info: Poincare/D13/HeatKernelBridge/AxiomAudit.lean:94:0: 'Poincare.D13.HeatKernelBridge.HeatKernelDataV1.dim_eq' depends on axioms: [propext, Classical.choice, Quot.sound]
info: Poincare/D13/HeatKernelBridge/AxiomAudit.lean:95:0: 'Poincare.D13.HeatKernelBridge.HeatKernelDataV1.C_up_eq' depends on axioms: [propext, Classical.choice, Quot.sound]
info: Poincare/D13/HeatKernelBridge/AxiomAudit.lean:96:0: 'Poincare.D13.HeatKernelBridge.HeatKernelDataV1.c_up_eq' depends on axioms: [propext, Classical.choice, Quot.sound]
info: Poincare/D13/HeatKernelBridge/AxiomAudit.lean:97:0: 'Poincare.D13.HeatKernelBridge.HeatKernelDataV1.C_lo_eq' depends on axioms: [propext, Classical.choice, Quot.sound]
info: Poincare/D13/HeatKernelBridge/AxiomAudit.lean:98:0: 'Poincare.D13.HeatKernelBridge.HeatKernelDataV1.c_lo_eq' depends on axioms: [propext, Classical.choice, Quot.sound]
info: Poincare/D13/HeatKernelBridge/AxiomAudit.lean:99:0: 'Poincare.D13.HeatKernelBridge.HeatKernelDataV1.laplacian_eq' depends on axioms: [propext, Classical.choice, Quot.sound]
info: Poincare/D13/HeatKernelBridge/AxiomAudit.lean:100:0: 'Poincare.D13.HeatKernelBridge.HeatKernelDataV1.IsIntegrableClassVariant' depends on axioms: [propext,
info: Poincare/D13/HeatKernelBridge/AxiomAudit.lean:101:0: 'Poincare.D13.HeatKernelBridge.HeatKernelDataV1.IsCcClassVariant' depends on axioms: [propext,
info: Poincare/D13/HeatKernelBridge/AxiomAudit.lean:102:0: 'Poincare.D13.HeatKernelBridge.HeatKernelDataV1.kernel_nonneg' depends on axioms: [propext,
info: Poincare/D13/HeatKernelBridge/AxiomAudit.lean:103:0: 'Poincare.D13.HeatKernelBridge.HeatKernelDataV1.gaussianUpperBound' depends on axioms: [propext,
info: Poincare/D13/HeatKernelBridge/AxiomAudit.lean:104:0: 'Poincare.D13.HeatKernelBridge.HeatKernelDataV1.gaussianLowerBound' depends on axioms: [propext,
info: Poincare/D13/HeatKernelBridge/AxiomAudit.lean:105:0: 'Poincare.D13.HeatKernelBridge.HeatKernelDataV1.symmetry' depends on axioms: [propext, Classical.choice, Quot.sound]
info: Poincare/D13/HeatKernelBridge/AxiomAudit.lean:106:0: 'Poincare.D13.HeatKernelBridge.HeatKernelDataV1.semigroup' depends on axioms: [propext, Classical.choice, Quot.sound]
info: Poincare/D13/HeatKernelBridge/AxiomAudit.lean:107:0: 'Poincare.D13.HeatKernelBridge.HeatKernelDataV1.normalization' depends on axioms: [propext,
info: Poincare/D13/HeatKernelBridge/AxiomAudit.lean:108:0: 'Poincare.D13.HeatKernelBridge.HeatKernelDataV1.heatEquation' depends on axioms: [propext, Classical.choice, Quot.sound]
info: Poincare/D13/HeatKernelBridge/AxiomAudit.lean:109:0: 'Poincare.D13.HeatKernelBridge.HeatKernelDataV1.initialConditionFor_apply' depends on axioms: [propext,
info: Poincare/D13/HeatKernelBridge/AxiomAudit.lean:110:0: 'Poincare.D13.HeatKernelBridge.HeatKernelDataV1.ofHeatKernelData' depends on axioms: [propext,
info: Poincare/D13/HeatKernelBridge/AxiomAudit.lean:111:0: 'Poincare.D13.HeatKernelBridge.HeatKernelDataV1.ofHeatKernelData_core' depends on axioms: [propext,
info: Poincare/D13/HeatKernelBridge/AxiomAudit.lean:112:0: 'Poincare.D13.HeatKernelBridge.HeatKernelDataV1.ofHeatKernelData_toCore' depends on axioms: [propext,
info: Poincare/D13/HeatKernelBridge/AxiomAudit.lean:113:0: 'Poincare.D13.HeatKernelBridge.HeatKernelDataV1.ofHeatKernelData_integrableClassVariant' depends on axioms: [propext,
info: Poincare/D13/HeatKernelBridge/AxiomAudit.lean:114:0: 'Poincare.D13.HeatKernelBridge.HeatKernelDataV1.exists_toCore_eq_iff' depends on axioms: [propext,
info: Poincare/D13/HeatKernelBridge/AxiomAudit.lean:115:0: 'Poincare.D13.HeatKernelBridge.HeatKernelDataV1.integrableClassVariant_weak_iff' depends on axioms: [propext,
info: Poincare/D13/HeatKernelBridge/AxiomAudit.lean:119:0: 'Poincare.D13.HeatKernelBridge.flatHeatKernelDataV1_integrable' depends on axioms: [propext,
info: Poincare/D13/HeatKernelBridge/AxiomAudit.lean:120:0: 'Poincare.D13.HeatKernelBridge.flatHeatKernelDataV1_cc' depends on axioms: [propext, Classical.choice, Quot.sound]
info: Poincare/D13/HeatKernelBridge/AxiomAudit.lean:121:0: 'Poincare.D13.HeatKernelBridge.flatHeatKernelDataV1_integrable_core' depends on axioms: [propext,
info: Poincare/D13/HeatKernelBridge/AxiomAudit.lean:122:0: 'Poincare.D13.HeatKernelBridge.flatHeatKernelDataV1_cc_core' depends on axioms: [propext, Classical.choice, Quot.sound]
info: Poincare/D13/HeatKernelBridge/AxiomAudit.lean:123:0: 'Poincare.D13.HeatKernelBridge.flatHeatKernelDataV1_integrable_volume' depends on axioms: [propext,
info: Poincare/D13/HeatKernelBridge/AxiomAudit.lean:124:0: 'Poincare.D13.HeatKernelBridge.flatHeatKernelDataV1_cc_volume' depends on axioms: [propext,
info: Poincare/D13/HeatKernelBridge/AxiomAudit.lean:125:0: 'Poincare.D13.HeatKernelBridge.flatHeatKernelDataV1_integrable_kernel' depends on axioms: [propext,
info: Poincare/D13/HeatKernelBridge/AxiomAudit.lean:126:0: 'Poincare.D13.HeatKernelBridge.flatHeatKernelDataV1_cc_kernel' depends on axioms: [propext,
info: Poincare/D13/HeatKernelBridge/AxiomAudit.lean:127:0: 'Poincare.D13.HeatKernelBridge.flatHeatKernelDataV1_integrable_integrableClassVariant' depends on axioms: [propext,
info: Poincare/D13/HeatKernelBridge/AxiomAudit.lean:128:0: 'Poincare.D13.HeatKernelBridge.flatHeatKernelDataV1_cc_testClass_eq_ccClass' depends on axioms: [propext,
info: Poincare/D13/HeatKernelBridge/AxiomAudit.lean:129:0: 'Poincare.D13.HeatKernelBridge.flatHeatKernelDataV1_integrable_kernel_eq_gaussian' depends on axioms: [propext,
info: Poincare/D13/HeatKernelBridge/AxiomAudit.lean:130:0: 'Poincare.D13.HeatKernelBridge.flatHeatKernelDataV1_cc_kernel_eq_gaussian' depends on axioms: [propext,
info: Poincare/D13/HeatKernelBridge/AxiomAudit.lean:131:0: 'Poincare.D13.HeatKernelBridge.flatHeatKernelDataV1_integrable_normalization' depends on axioms: [propext,
info: Poincare/D13/HeatKernelBridge/AxiomAudit.lean:132:0: 'Poincare.D13.HeatKernelBridge.flatHeatKernelDataV1_integrable_semigroup' depends on axioms: [propext,
info: Poincare/D13/HeatKernelBridge/AxiomAudit.lean:133:0: 'Poincare.D13.HeatKernelBridge.flatHeatKernelDataV1_integrable_heatEquation' depends on axioms: [propext,
info: Poincare/D13/HeatKernelBridge/AxiomAudit.lean:134:0: 'Poincare.D13.HeatKernelBridge.flatHeatKernelDataV1_integrable_gaussianUpperBound' depends on axioms: [propext,
info: Poincare/D13/HeatKernelBridge/AxiomAudit.lean:135:0: 'Poincare.D13.HeatKernelBridge.flatHeatKernelDataV1_integrable_initialCondition' depends on axioms: [propext,
info: Poincare/D13/HeatKernelBridge/AxiomAudit.lean:136:0: 'Poincare.D13.HeatKernelBridge.flatHeatKernelDataV1_cc_initialCondition' depends on axioms: [propext,
info: Poincare/D13/HeatKernelBridge/AxiomAudit.lean:137:0: 'Poincare.D13.HeatKernelBridge.flatHeatKernelDataV1_cc_bump_initialCondition' depends on axioms: [propext,
info: Poincare/D13/HeatKernelBridge/AxiomAudit.lean:138:0: 'Poincare.D13.HeatKernelBridge.flat_v1_exists_not_legacy_of_pos' depends on axioms: [propext,
info: Poincare/D13/HeatKernelBridge/AxiomAudit.lean:139:0: 'Poincare.D13.HeatKernelBridge.flat_legacy_exists_zero' depends on axioms: [propext, Classical.choice, Quot.sound]
info: Poincare/D13/HeatKernelBridge/AxiomAudit.lean:140:0: 'Poincare.D13.HeatKernelBridge.flat_v1_of_legacy_zero' depends on axioms: [propext, Classical.choice, Quot.sound]
info: Poincare/D13/HeatKernelBridge/AxiomAudit.lean:144:0: 'Poincare.D13.HeatKernelBridge.toHeatKernelData_of_integrableClass' depends on axioms: [propext,
info: Poincare/D13/HeatKernelBridge/AxiomAudit.lean:145:0: 'Poincare.D13.HeatKernelBridge.toHeatKernelData_of_integrableClass_toCore' depends on axioms: [propext,
info: Poincare/D13/HeatKernelBridge/AxiomAudit.lean:146:0: 'Poincare.D13.HeatKernelBridge.toHeatKernelData_of_integrableClass_initialCondition' depends on axioms: [propext,
info: Poincare/D13/HeatKernelBridge/AxiomAudit.lean:147:0: 'Poincare.D13.HeatKernelBridge.toHeatKernelData_of_ccClass' depends on axioms: [propext, Classical.choice, Quot.sound]
info: Poincare/D13/HeatKernelBridge/AxiomAudit.lean:148:0: 'Poincare.D13.HeatKernelBridge.toHeatKernelData_of_ccClass_toCore' depends on axioms: [propext,
info: Poincare/D13/HeatKernelBridge/AxiomAudit.lean:149:0: 'Poincare.D13.HeatKernelBridge.toHeatKernelData_of_ccClass_initialCondition' depends on axioms: [propext,
info: Poincare/D13/HeatKernelBridge/AxiomAudit.lean:150:0: 'Poincare.D13.HeatKernelBridge.ofHeatKernelData_upgrade_eq' depends on axioms: [propext, Classical.choice, Quot.sound]
info: Poincare/D13/HeatKernelBridge/AxiomAudit.lean:154:0: 'Poincare.D7.HeatKernel.IsHeatKernelV1' depends on axioms: [propext, Classical.choice, Quot.sound]
info: Poincare/D13/HeatKernelBridge/AxiomAudit.lean:155:0: 'Poincare.D7.HeatKernel.HeatKernelExistenceStatementV1' depends on axioms: [propext, Classical.choice, Quot.sound]
info: Poincare/D13/HeatKernelBridge/AxiomAudit.lean:156:0: 'Poincare.D7.HeatKernel.isHeatKernelV1_integrable_iff_of_closed' depends on axioms: [propext,
info: Poincare/D13/HeatKernelBridge/AxiomAudit.lean:157:0: 'Poincare.D7.HeatKernel.heatKernelExistenceStatement_iff_v1' depends on axioms: [propext, Classical.choice, Quot.sound]
info: Poincare/D13/HeatKernelBridge/AxiomAudit.lean:158:0: 'Poincare.D7.HeatKernel.v1_flat_inhabited' depends on axioms: [propext, Classical.choice, Quot.sound]
info: Poincare/D13/HeatKernelBridge/AxiomAudit.lean:159:0: 'Poincare.D7.HeatKernel.v1_flat_no_legacy_of_pos' depends on axioms: [propext, Classical.choice, Quot.sound]
info: Poincare/D13/HeatKernelBridge/AxiomAudit.lean:160:0: 'Poincare.D7.HeatKernel.punit_v1_upgrade_eq' depends on axioms: [propext, Classical.choice, Quot.sound]
info: Poincare/D13/HeatKernelBridge/AxiomAudit.lean:164:0: 'Poincare.D13.HeatKernelBridge.heatOperator_eq_zero_iff' depends on axioms: [propext, Classical.choice, Quot.sound]
info: Poincare/D13/HeatKernelBridge/AxiomAudit.lean:165:0: 'Poincare.D13.HeatKernelBridge.isHeatKernel_laplacian_snapshot_eq_timeDerivative' depends on axioms: [propext,
info: Poincare/D13/HeatKernelBridge/AxiomAudit.lean:166:0: 'Poincare.D13.HeatKernelBridge.isHeatKernelV1_laplacian_snapshot_eq_timeDerivative' depends on axioms: [propext,
info: Poincare/D13/HeatKernelBridge/AxiomAudit.lean:167:0: 'Poincare.D13.HeatKernelBridge.isHeatKernel_laplacian_snapshot_eq_zero_of_timeDerivative_eq_zero' depends on axioms: [propext,
info: Poincare/D13/HeatKernelBridge/AxiomAudit.lean:168:0: 'Poincare.D13.HeatKernelBridge.isHeatKernelV1_laplacian_snapshot_eq_zero_of_timeDerivative_eq_zero' depends on axioms: [propext,
info: Poincare/D13/HeatKernelBridge/AxiomAudit.lean:169:0: 'Poincare.D13.HeatKernelBridge.heatOperator_eq_zero_of_timeDerivative_eq_laplacian' depends on axioms: [propext,
info: Poincare/D13/HeatKernelBridge/AxiomAudit.lean:170:0: 'Poincare.D13.HeatKernelBridge.flatHeatSpacetime' depends on axioms: [propext, Classical.choice, Quot.sound]
info: Poincare/D13/HeatKernelBridge/AxiomAudit.lean:171:0: 'Poincare.D13.HeatKernelBridge.flatHeatSpacetime_volume' depends on axioms: [propext, Classical.choice, Quot.sound]
info: Poincare/D13/HeatKernelBridge/AxiomAudit.lean:172:0: 'Poincare.D13.HeatKernelBridge.flatHeatSpacetime_laplacian' depends on axioms: [propext, Classical.choice, Quot.sound]
info: Poincare/D13/HeatKernelBridge/AxiomAudit.lean:173:0: 'Poincare.D13.HeatKernelBridge.flatHeatSpacetime_timeDerivative' depends on axioms: [propext,
info: Poincare/D13/HeatKernelBridge/AxiomAudit.lean:174:0: 'Poincare.D13.HeatKernelBridge.flatKernel_laplacian_snapshot_ne_zero' depends on axioms: [propext,
info: Poincare/D13/HeatKernelBridge/AxiomAudit.lean:175:0: 'Poincare.D13.HeatKernelBridge.flatHeatSpacetime_positive' depends on axioms: [propext, Classical.choice, Quot.sound]
info: Poincare/D13/HeatKernelBridge/AxiomAudit.lean:176:0: 'Poincare.D13.HeatKernelBridge.flatHeatSpacetime_normalized' depends on axioms: [propext, Classical.choice, Quot.sound]
info: Poincare/D13/HeatKernelBridge/AxiomAudit.lean:177:0: 'Poincare.D13.HeatKernelBridge.flatHeatSpacetime_dirac_limitFor' depends on axioms: [propext,
info: Poincare/D13/HeatKernelBridge/AxiomAudit.lean:178:0: 'Poincare.D13.HeatKernelBridge.flatHeatSpacetime_not_isHeatKernelV1_integrableClass' depends on axioms: [propext,
info: Poincare/D13/HeatKernelBridge/AxiomAudit.lean:179:0: 'Poincare.D13.HeatKernelBridge.flatHeatSpacetime_not_isHeatKernel' depends on axioms: [propext,
info: Poincare/D13/HeatKernelBridge/AxiomAudit.lean:183:0: 'Poincare.D13.HeatKernelBridge.IsHeatKernelPDE.v2' does not depend on any axioms
info: Poincare/D13/HeatKernelBridge/AxiomAudit.lean:184:0: 'Poincare.D13.HeatKernelBridge.IsHeatKernelPDE' depends on axioms: [propext, Classical.choice, Quot.sound]
info: Poincare/D13/HeatKernelBridge/AxiomAudit.lean:185:0: 'Poincare.D13.HeatKernelBridge.IsHeatKernelPDE.solvesPDE_hasDerivAt' depends on axioms: [propext,
info: Poincare/D13/HeatKernelBridge/AxiomAudit.lean:186:0: 'Poincare.D13.HeatKernelBridge.HeatKernelDataV1.toHeatSpacetime' depends on axioms: [propext,
info: Poincare/D13/HeatKernelBridge/AxiomAudit.lean:187:0: 'Poincare.D13.HeatKernelBridge.HeatKernelDataV1.toHeatSpacetime_volume' depends on axioms: [propext,
info: Poincare/D13/HeatKernelBridge/AxiomAudit.lean:188:0: 'Poincare.D13.HeatKernelBridge.HeatKernelDataV1.toHeatSpacetime_laplacian' depends on axioms: [propext,
info: Poincare/D13/HeatKernelBridge/AxiomAudit.lean:189:0: 'Poincare.D13.HeatKernelBridge.HeatKernelDataV1.toHeatSpacetime_timeDerivative' depends on axioms: [propext,
info: Poincare/D13/HeatKernelBridge/AxiomAudit.lean:190:0: 'Poincare.D13.HeatKernelBridge.HeatKernelDataV1.toHeatSpacetime_dist' depends on axioms: [propext,
info: Poincare/D13/HeatKernelBridge/AxiomAudit.lean:191:0: 'Poincare.D13.HeatKernelBridge.HeatKernelDataV1.toHeatSpacetime_dim' depends on axioms: [propext,
info: Poincare/D13/HeatKernelBridge/AxiomAudit.lean:192:0: 'Poincare.D13.HeatKernelBridge.HeatKernelDataV1.kernel_pos_of_dist_le_one' depends on axioms: [propext,
info: Poincare/D13/HeatKernelBridge/AxiomAudit.lean:193:0: 'Poincare.D13.HeatKernelBridge.IsHeatKernelPDE.of_dataV1' depends on axioms: [propext, Classical.choice, Quot.sound]
info: Poincare/D13/HeatKernelBridge/AxiomAudit.lean:194:0: 'Poincare.D13.HeatKernelBridge.IsHeatKernelPDE.of_dataV1_integrableClass' depends on axioms: [propext,
info: Poincare/D13/HeatKernelBridge/AxiomAudit.lean:195:0: 'Poincare.D13.HeatKernelBridge.IsHeatKernelPDE.of_dataV1_ccClass' depends on axioms: [propext,
info: Poincare/D13/HeatKernelBridge/AxiomAudit.lean:196:0: 'Poincare.D13.HeatKernelBridge.flatHeatSpacetime_eq_toHeatSpacetime' depends on axioms: [propext,
info: Poincare/D13/HeatKernelBridge/AxiomAudit.lean:197:0: 'Poincare.D13.HeatKernelBridge.flat_isHeatKernelPDE_integrable' depends on axioms: [propext,
info: Poincare/D13/HeatKernelBridge/AxiomAudit.lean:198:0: 'Poincare.D13.HeatKernelBridge.flat_isHeatKernelPDE_cc' depends on axioms: [propext, Classical.choice, Quot.sound]
info: Poincare/D13/HeatKernelBridge/AxiomAudit.lean:199:0: 'Poincare.D13.HeatKernelBridge.flat_pde_repaired_scope' depends on axioms: [propext, Classical.choice, Quot.sound]
info: Poincare/D13/HeatKernelBridge/AxiomAudit.lean:200:0: 'Poincare.D13.HeatKernelBridge.not_forall_isHeatKernelPDE_imp_isHeatKernelV1' depends on axioms: [propext,
info: Poincare/D13/HeatKernelBridge/AxiomAudit.lean:319:0: D13HeatKernelBridgeAxiomCheck: PASS — all 108 declarations of the D13 heat-kernel bridge depend only on [propext, Classical.choice, Quot.sound]
