'Poincare.D13.HeatKernelBridge.HeatKernelDataV1.v1' does not depend on any axioms
'Poincare.D13.HeatKernelBridge.HeatKernelDataV1' depends on axioms: [propext, Classical.choice, Quot.sound]
'Poincare.D13.HeatKernelBridge.HeatKernelDataV1.toCore' depends on axioms: [propext, Classical.choice, Quot.sound]
'Poincare.D13.HeatKernelBridge.HeatKernelDataV1.toCore_core' depends on axioms: [propext, Classical.choice, Quot.sound]
'Poincare.D13.HeatKernelBridge.HeatKernelDataV1.volume' depends on axioms: [propext, Classical.choice, Quot.sound]
'Poincare.D13.HeatKernelBridge.HeatKernelDataV1.dist' depends on axioms: [propext, Classical.choice, Quot.sound]
'Poincare.D13.HeatKernelBridge.HeatKernelDataV1.dim' depends on axioms: [propext, Classical.choice, Quot.sound]
'Poincare.D13.HeatKernelBridge.HeatKernelDataV1.C_up' depends on axioms: [propext, Classical.choice, Quot.sound]
'Poincare.D13.HeatKernelBridge.HeatKernelDataV1.c_up' depends on axioms: [propext, Classical.choice, Quot.sound]
'Poincare.D13.HeatKernelBridge.HeatKernelDataV1.C_lo' depends on axioms: [propext, Classical.choice, Quot.sound]
'Poincare.D13.HeatKernelBridge.HeatKernelDataV1.c_lo' depends on axioms: [propext, Classical.choice, Quot.sound]
'Poincare.D13.HeatKernelBridge.HeatKernelDataV1.kernel' depends on axioms: [propext, Classical.choice, Quot.sound]
'Poincare.D13.HeatKernelBridge.HeatKernelDataV1.laplacian' depends on axioms: [propext, Classical.choice, Quot.sound]
'Poincare.D13.HeatKernelBridge.HeatKernelDataV1.volume_eq' depends on axioms: [propext, Classical.choice, Quot.sound]
'Poincare.D13.HeatKernelBridge.HeatKernelDataV1.kernel_eq' depends on axioms: [propext, Classical.choice, Quot.sound]
'Poincare.D13.HeatKernelBridge.HeatKernelDataV1.dist_eq' depends on axioms: [propext, Classical.choice, Quot.sound]
'Poincare.D13.HeatKernelBridge.HeatKernelDataV1.dim_eq' depends on axioms: [propext, Classical.choice, Quot.sound]
'Poincare.D13.HeatKernelBridge.HeatKernelDataV1.C_up_eq' depends on axioms: [propext, Classical.choice, Quot.sound]
'Poincare.D13.HeatKernelBridge.HeatKernelDataV1.c_up_eq' depends on axioms: [propext, Classical.choice, Quot.sound]
'Poincare.D13.HeatKernelBridge.HeatKernelDataV1.C_lo_eq' depends on axioms: [propext, Classical.choice, Quot.sound]
'Poincare.D13.HeatKernelBridge.HeatKernelDataV1.c_lo_eq' depends on axioms: [propext, Classical.choice, Quot.sound]
'Poincare.D13.HeatKernelBridge.HeatKernelDataV1.laplacian_eq' depends on axioms: [propext, Classical.choice, Quot.sound]
'Poincare.D13.HeatKernelBridge.HeatKernelDataV1.IsIntegrableClassVariant' depends on axioms: [propext,
 Classical.choice,
 Quot.sound]
'Poincare.D13.HeatKernelBridge.HeatKernelDataV1.IsCcClassVariant' depends on axioms: [propext,
 Classical.choice,
 Quot.sound]
'Poincare.D13.HeatKernelBridge.HeatKernelDataV1.kernel_nonneg' depends on axioms: [propext,
 Classical.choice,
 Quot.sound]
'Poincare.D13.HeatKernelBridge.HeatKernelDataV1.gaussianUpperBound' depends on axioms: [propext,
 Classical.choice,
 Quot.sound]
'Poincare.D13.HeatKernelBridge.HeatKernelDataV1.gaussianLowerBound' depends on axioms: [propext,
 Classical.choice,
 Quot.sound]
'Poincare.D13.HeatKernelBridge.HeatKernelDataV1.symmetry' depends on axioms: [propext, Classical.choice, Quot.sound]
'Poincare.D13.HeatKernelBridge.HeatKernelDataV1.semigroup' depends on axioms: [propext, Classical.choice, Quot.sound]
'Poincare.D13.HeatKernelBridge.HeatKernelDataV1.normalization' depends on axioms: [propext,
 Classical.choice,
 Quot.sound]
'Poincare.D13.HeatKernelBridge.HeatKernelDataV1.heatEquation' depends on axioms: [propext, Classical.choice, Quot.sound]
'Poincare.D13.HeatKernelBridge.HeatKernelDataV1.initialConditionFor_apply' depends on axioms: [propext,
 Classical.choice,
 Quot.sound]
'Poincare.D13.HeatKernelBridge.HeatKernelDataV1.ofHeatKernelData' depends on axioms: [propext,
 Classical.choice,
 Quot.sound]
'Poincare.D13.HeatKernelBridge.HeatKernelDataV1.ofHeatKernelData_core' depends on axioms: [propext,
 Classical.choice,
 Quot.sound]
'Poincare.D13.HeatKernelBridge.HeatKernelDataV1.ofHeatKernelData_toCore' depends on axioms: [propext,
 Classical.choice,
 Quot.sound]
'Poincare.D13.HeatKernelBridge.HeatKernelDataV1.ofHeatKernelData_integrableClassVariant' depends on axioms: [propext,
 Classical.choice,
 Quot.sound]
'Poincare.D13.HeatKernelBridge.HeatKernelDataV1.exists_toCore_eq_iff' depends on axioms: [propext,
 Classical.choice,
 Quot.sound]
'Poincare.D13.HeatKernelBridge.HeatKernelDataV1.integrableClassVariant_weak_iff' depends on axioms: [propext,
 Classical.choice,
 Quot.sound]
'Poincare.D13.HeatKernelBridge.flatHeatKernelDataV1_integrable' depends on axioms: [propext,
 Classical.choice,
 Quot.sound]
'Poincare.D13.HeatKernelBridge.flatHeatKernelDataV1_cc' depends on axioms: [propext, Classical.choice, Quot.sound]
'Poincare.D13.HeatKernelBridge.flatHeatKernelDataV1_integrable_core' depends on axioms: [propext,
 Classical.choice,
 Quot.sound]
'Poincare.D13.HeatKernelBridge.flatHeatKernelDataV1_cc_core' depends on axioms: [propext, Classical.choice, Quot.sound]
'Poincare.D13.HeatKernelBridge.flatHeatKernelDataV1_integrable_volume' depends on axioms: [propext,
 Classical.choice,
 Quot.sound]
'Poincare.D13.HeatKernelBridge.flatHeatKernelDataV1_cc_volume' depends on axioms: [propext,
 Classical.choice,
 Quot.sound]
'Poincare.D13.HeatKernelBridge.flatHeatKernelDataV1_integrable_kernel' depends on axioms: [propext,
 Classical.choice,
 Quot.sound]
'Poincare.D13.HeatKernelBridge.flatHeatKernelDataV1_cc_kernel' depends on axioms: [propext,
 Classical.choice,
 Quot.sound]
'Poincare.D13.HeatKernelBridge.flatHeatKernelDataV1_integrable_integrableClassVariant' depends on axioms: [propext,
 Classical.choice,
 Quot.sound]
'Poincare.D13.HeatKernelBridge.flatHeatKernelDataV1_cc_testClass_eq_ccClass' depends on axioms: [propext,
 Classical.choice,
 Quot.sound]
'Poincare.D13.HeatKernelBridge.flatHeatKernelDataV1_integrable_kernel_eq_gaussian' depends on axioms: [propext,
 Classical.choice,
 Quot.sound]
'Poincare.D13.HeatKernelBridge.flatHeatKernelDataV1_cc_kernel_eq_gaussian' depends on axioms: [propext,
 Classical.choice,
 Quot.sound]
'Poincare.D13.HeatKernelBridge.flatHeatKernelDataV1_integrable_normalization' depends on axioms: [propext,
 Classical.choice,
 Quot.sound]
'Poincare.D13.HeatKernelBridge.flatHeatKernelDataV1_integrable_semigroup' depends on axioms: [propext,
 Classical.choice,
 Quot.sound]
'Poincare.D13.HeatKernelBridge.flatHeatKernelDataV1_integrable_heatEquation' depends on axioms: [propext,
 Classical.choice,
 Quot.sound]
'Poincare.D13.HeatKernelBridge.flatHeatKernelDataV1_integrable_gaussianUpperBound' depends on axioms: [propext,
 Classical.choice,
 Quot.sound]
'Poincare.D13.HeatKernelBridge.flatHeatKernelDataV1_integrable_initialCondition' depends on axioms: [propext,
 Classical.choice,
 Quot.sound]
'Poincare.D13.HeatKernelBridge.flatHeatKernelDataV1_cc_initialCondition' depends on axioms: [propext,
 Classical.choice,
 Quot.sound]
'Poincare.D13.HeatKernelBridge.flatHeatKernelDataV1_cc_bump_initialCondition' depends on axioms: [propext,
 Classical.choice,
 Quot.sound]
'Poincare.D13.HeatKernelBridge.flat_v1_exists_not_legacy_of_pos' depends on axioms: [propext,
 Classical.choice,
 Quot.sound]
'Poincare.D13.HeatKernelBridge.flat_legacy_exists_zero' depends on axioms: [propext, Classical.choice, Quot.sound]
'Poincare.D13.HeatKernelBridge.flat_v1_of_legacy_zero' depends on axioms: [propext, Classical.choice, Quot.sound]
'Poincare.D13.HeatKernelBridge.toHeatKernelData_of_integrableClass' depends on axioms: [propext,
 Classical.choice,
 Quot.sound]
'Poincare.D13.HeatKernelBridge.toHeatKernelData_of_integrableClass_toCore' depends on axioms: [propext,
 Classical.choice,
 Quot.sound]
'Poincare.D13.HeatKernelBridge.toHeatKernelData_of_integrableClass_initialCondition' depends on axioms: [propext,
 Classical.choice,
 Quot.sound]
'Poincare.D13.HeatKernelBridge.toHeatKernelData_of_ccClass' depends on axioms: [propext, Classical.choice, Quot.sound]
'Poincare.D13.HeatKernelBridge.toHeatKernelData_of_ccClass_toCore' depends on axioms: [propext,
 Classical.choice,
 Quot.sound]
'Poincare.D13.HeatKernelBridge.toHeatKernelData_of_ccClass_initialCondition' depends on axioms: [propext,
 Classical.choice,
 Quot.sound]
'Poincare.D13.HeatKernelBridge.ofHeatKernelData_upgrade_eq' depends on axioms: [propext, Classical.choice, Quot.sound]
'Poincare.D7.HeatKernel.IsHeatKernelV1' depends on axioms: [propext, Classical.choice, Quot.sound]
'Poincare.D7.HeatKernel.HeatKernelExistenceStatementV1' depends on axioms: [propext, Classical.choice, Quot.sound]
'Poincare.D7.HeatKernel.isHeatKernelV1_integrable_iff_of_closed' depends on axioms: [propext,
 Classical.choice,
 Quot.sound]
'Poincare.D7.HeatKernel.heatKernelExistenceStatement_iff_v1' depends on axioms: [propext, Classical.choice, Quot.sound]
'Poincare.D7.HeatKernel.v1_flat_inhabited' depends on axioms: [propext, Classical.choice, Quot.sound]
'Poincare.D7.HeatKernel.v1_flat_no_legacy_of_pos' depends on axioms: [propext, Classical.choice, Quot.sound]
'Poincare.D7.HeatKernel.punit_v1_upgrade_eq' depends on axioms: [propext, Classical.choice, Quot.sound]
D13HeatKernelBridgeAxiomCheck: PASS — all 74 declarations of the D13 heat-kernel bridge depend only on [propext, Classical.choice, Quot.sound]
