'Poincare.D7.Recognition.surgeryCertificate_of_neckAnalysis' does not depend on any axioms
'Poincare.D12.TriangulationTopology.hemisphere_cover._simp_1_1' depends on axioms: [propext]
'Poincare.D7.Limit.ConsistencyCertificate.error_le_of_certificate._proof_1_2' depends on axioms: [propext, Quot.sound]
'Poincare.D12.TriangulationTopology.quotMapHomeo._proof_2' depends on axioms: [Quot.sound]
../baseline/v4-independent/conecheck/ConeCheck_G1.lean:19:14: warning: `Poincare.D12.TriangulationTopology.quotMapHomeo._proof_2` refers to an auto-generated auxiliary declaration. These are not stable across refactors; consider using a different approach.

Note: This linter can be disabled with `set_option linter.auxLemma false`
'Poincare.D7.Compactness.constSubsequence._proof_1' depends on axioms: [Classical.choice]
../baseline/v4-independent/conecheck/ConeCheck_G1.lean:20:14: warning: `Poincare.D7.Compactness.constSubsequence._proof_1` refers to an auto-generated auxiliary declaration. These are not stable across refactors; consider using a different approach.

Note: This linter can be disabled with `set_option linter.auxLemma false`
'Poincare.D10.MaximumPrincipleRN.weak_maximum_principle' depends on axioms: [propext, Classical.choice, Quot.sound]
'd12NegControlBadAxiom' depends on axioms: [d12NegControlBadAxiom]
'Poincare.D12.VolumeIBP.Audit.negativeControl' depends on axioms: [Poincare.D12.VolumeIBP.Audit.negativeControl]
'Poincare.D7.SurgeryFlow.realLineProcedureChain_simplyConnected' depends on axioms: [propext,
 Classical.choice,
 Quot.sound]
'Poincare.D7.Recognition.stage6Target_of_certificates' depends on axioms: [propext, Classical.choice, Quot.sound]
'Poincare.D7.HeatKernel.HeatKernelData.initialCondition' depends on axioms: [propext, Classical.choice, Quot.sound]
'Poincare.D7.EvolutionSharp.gibbsTerm_strictAnti_of_one_le' depends on axioms: [propext, Classical.choice, Quot.sound]
'Poincare.Longrun.Evolution.perelmanF_step_lt' depends on axioms: [propext, Classical.choice, Quot.sound]
'Poincare.Longrun.Evolution.gibbsTerm_strictAnti' depends on axioms: [propext, Classical.choice, Quot.sound]
G1_EXIT=0
