'Poincare.D12.SurgeryRecognition.R3' depends on axioms: [propext, Classical.choice, Quot.sound]
'Poincare.D12.SurgeryRecognition.R4' depends on axioms: [propext, Classical.choice, Quot.sound]
'Poincare.D12.SurgeryRecognition.Ball3' depends on axioms: [propext, Classical.choice, Quot.sound]
'Poincare.D12.SurgeryRecognition.S2Set' depends on axioms: [propext, Classical.choice, Quot.sound]
'Poincare.D12.SurgeryRecognition.S2' depends on axioms: [propext, Classical.choice, Quot.sound]
'Poincare.D12.SurgeryRecognition.S3Set' depends on axioms: [propext, Classical.choice, Quot.sound]
'Poincare.D12.SurgeryRecognition.S3' depends on axioms: [propext, Classical.choice, Quot.sound]
'Poincare.D12.SurgeryRecognition.OpenBall3' depends on axioms: [propext, Classical.choice, Quot.sound]
'Poincare.D12.SurgeryRecognition.S3Set_eq' depends on axioms: [propext, Classical.choice, Quot.sound]
'Poincare.D12.SurgeryRecognition.sphere_norm_eq_one' depends on axioms: [propext, Classical.choice, Quot.sound]
'Poincare.D12.SurgeryRecognition.sphere2_norm_eq_one' depends on axioms: [propext, Classical.choice, Quot.sound]
'Poincare.D12.SurgeryRecognition.sphere2_norm_eq_one_of_mem' depends on axioms: [propext, Classical.choice, Quot.sound]
'Poincare.D12.SurgeryRecognition.consVec3' depends on axioms: [propext, Classical.choice, Quot.sound]
'Poincare.D12.SurgeryRecognition.tailVec' depends on axioms: [propext, Classical.choice, Quot.sound]
'Poincare.D12.SurgeryRecognition.tailVec_consVec3' depends on axioms: [propext, Classical.choice, Quot.sound]
'Poincare.D12.SurgeryRecognition.consVec3_self_tail' depends on axioms: [propext, Classical.choice, Quot.sound]
'Poincare.D12.SurgeryRecognition.consVec3_fst' depends on axioms: [propext, Classical.choice, Quot.sound]
'Poincare.D12.SurgeryRecognition.norm_sq_consVec3' depends on axioms: [propext, Classical.choice, Quot.sound]
'Poincare.D12.SurgeryRecognition.tailVec_continuous' depends on axioms: [propext, Classical.choice, Quot.sound]
'Poincare.D12.SurgeryRecognition.consVec3_continuous' depends on axioms: [propext, Classical.choice, Quot.sound]
'Poincare.D12.SurgeryRecognition.tailVec_norm_le_one_of_norm_eq_one' depends on axioms: [propext,
 Classical.choice,
 Quot.sound]
'Poincare.D12.SurgeryRecognition.tailVec_norm_eq_one_of_norm_eq_one_and_fst_eq_zero' depends on axioms: [propext,
 Classical.choice,
 Quot.sound]
'Poincare.D12.SurgeryRecognition.ball3_norm_le_one' depends on axioms: [propext, Classical.choice, Quot.sound]
'Poincare.D12.SurgeryRecognition.height' depends on axioms: [propext, Classical.choice, Quot.sound]
'Poincare.D12.SurgeryRecognition.height_sq' depends on axioms: [propext, Classical.choice, Quot.sound]
'Poincare.D12.SurgeryRecognition.height_continuous' depends on axioms: [propext, Classical.choice, Quot.sound]
'Poincare.D12.SurgeryRecognition.upPoint' depends on axioms: [propext, Classical.choice, Quot.sound]
'Poincare.D12.SurgeryRecognition.downPoint' depends on axioms: [propext, Classical.choice, Quot.sound]
'Poincare.D12.SurgeryRecognition.upPoint_mem' depends on axioms: [propext, Classical.choice, Quot.sound]
'Poincare.D12.SurgeryRecognition.downPoint_mem' depends on axioms: [propext, Classical.choice, Quot.sound]
'Poincare.D12.SurgeryRecognition.upPoint_continuous' depends on axioms: [propext, Classical.choice, Quot.sound]
'Poincare.D12.SurgeryRecognition.downPoint_continuous' depends on axioms: [propext, Classical.choice, Quot.sound]
'Poincare.D12.SurgeryRecognition.upPoint_fst' depends on axioms: [propext, Classical.choice, Quot.sound]
'Poincare.D12.SurgeryRecognition.downPoint_fst' depends on axioms: [propext, Classical.choice, Quot.sound]
'Poincare.D12.SurgeryRecognition.northHemisphere' depends on axioms: [propext, Classical.choice, Quot.sound]
'Poincare.D12.SurgeryRecognition.southHemisphere' depends on axioms: [propext, Classical.choice, Quot.sound]
'Poincare.D12.SurgeryRecognition.equator' depends on axioms: [propext, Classical.choice, Quot.sound]
'Poincare.D12.SurgeryRecognition.up' depends on axioms: [propext, Classical.choice, Quot.sound]
'Poincare.D12.SurgeryRecognition.down' depends on axioms: [propext, Classical.choice, Quot.sound]
'Poincare.D12.SurgeryRecognition.up_continuous' depends on axioms: [propext, Classical.choice, Quot.sound]
'Poincare.D12.SurgeryRecognition.down_continuous' depends on axioms: [propext, Classical.choice, Quot.sound]
'Poincare.D12.SurgeryRecognition.sphereBallPart' depends on axioms: [propext, Classical.choice, Quot.sound]
'Poincare.D12.SurgeryRecognition.sphereBallPart_continuous' depends on axioms: [propext, Classical.choice, Quot.sound]
'Poincare.D12.SurgeryRecognition.northBall' depends on axioms: [propext, Classical.choice, Quot.sound]
'Poincare.D12.SurgeryRecognition.southBall' depends on axioms: [propext, Classical.choice, Quot.sound]
'Poincare.D12.SurgeryRecognition.northBall_continuous' depends on axioms: [propext, Classical.choice, Quot.sound]
'Poincare.D12.SurgeryRecognition.southBall_continuous' depends on axioms: [propext, Classical.choice, Quot.sound]
'Poincare.D12.SurgeryRecognition.northBall_up' depends on axioms: [propext, Classical.choice, Quot.sound]
'Poincare.D12.SurgeryRecognition.southBall_down' depends on axioms: [propext, Classical.choice, Quot.sound]
'Poincare.D12.SurgeryRecognition.height_sphereBallPart_eq_fst_of_nonneg' depends on axioms: [propext,
 Classical.choice,
 Quot.sound]
'Poincare.D12.SurgeryRecognition.height_sphereBallPart_eq_neg_fst_of_nonpos' depends on axioms: [propext,
 Classical.choice,
 Quot.sound]
'Poincare.D12.SurgeryRecognition.up_northBall' depends on axioms: [propext, Classical.choice, Quot.sound]
'Poincare.D12.SurgeryRecognition.down_southBall' depends on axioms: [propext, Classical.choice, Quot.sound]
'Poincare.D12.SurgeryRecognition.up_injective' depends on axioms: [propext, Classical.choice, Quot.sound]
'Poincare.D12.SurgeryRecognition.down_injective' depends on axioms: [propext, Classical.choice, Quot.sound]
'Poincare.D12.SurgeryRecognition.northHemisphereHomeo' depends on axioms: [propext, Classical.choice, Quot.sound]
'Poincare.D12.SurgeryRecognition.southHemisphereHomeo' depends on axioms: [propext, Classical.choice, Quot.sound]
'Poincare.D12.SurgeryRecognition.hemisphere_cover' depends on axioms: [propext, Classical.choice, Quot.sound]
'Poincare.D12.SurgeryRecognition.north_south_inter_eq_equator' depends on axioms: [propext,
 Classical.choice,
 Quot.sound]
'Poincare.D12.SurgeryRecognition.sphere2ToBall' depends on axioms: [propext, Classical.choice, Quot.sound]
'Poincare.D12.SurgeryRecognition.sphere2ToBall_continuous' depends on axioms: [propext, Classical.choice, Quot.sound]
'Poincare.D12.SurgeryRecognition.equatorHomeoS2' depends on axioms: [propext, Classical.choice, Quot.sound]
'Poincare.D12.SurgeryRecognition.glueRel' depends on axioms: [propext, Classical.choice, Quot.sound]
'Poincare.D12.SurgeryRecognition.glueRel_equiv' depends on axioms: [propext, Classical.choice, Quot.sound]
'Poincare.D12.SurgeryRecognition.DoubleBall' depends on axioms: [propext, Classical.choice, Quot.sound]
'Poincare.D12.SurgeryRecognition.glue_eq' depends on axioms: [propext, Classical.choice, Quot.sound]
'Poincare.D12.SurgeryRecognition.toSpherePre' depends on axioms: [propext, Classical.choice, Quot.sound]
'Poincare.D12.SurgeryRecognition.toSpherePre_respects' depends on axioms: [propext, Classical.choice, Quot.sound]
'Poincare.D12.SurgeryRecognition.toSphere' depends on axioms: [propext, Classical.choice, Quot.sound]
'Poincare.D12.SurgeryRecognition.toSphere_continuous' depends on axioms: [propext, Classical.choice, Quot.sound]
'Poincare.D12.SurgeryRecognition.ofSphere' depends on axioms: [propext, Classical.choice, Quot.sound]
'Poincare.D12.SurgeryRecognition.ofSphere_continuous' depends on axioms: [propext, Classical.choice, Quot.sound]
'Poincare.D12.SurgeryRecognition.toSphere_ofSphere' depends on axioms: [propext, Classical.choice, Quot.sound]
'Poincare.D12.SurgeryRecognition.ofSphere_toSphere' depends on axioms: [propext, Classical.choice, Quot.sound]
'Poincare.D12.SurgeryRecognition.doubleBallHomeoSphere' depends on axioms: [propext, Classical.choice, Quot.sound]
'Poincare.D12.SurgeryRecognition.ballOrigin' depends on axioms: [propext, Classical.choice, Quot.sound]
'Poincare.D12.SurgeryRecognition.northPole' depends on axioms: [propext, Classical.choice, Quot.sound]
'Poincare.D12.SurgeryRecognition.southPole' depends on axioms: [propext, Classical.choice, Quot.sound]
'Poincare.D12.SurgeryRecognition.toSphere_origin_first' depends on axioms: [propext, Classical.choice, Quot.sound]
'Poincare.D12.SurgeryRecognition.toSphere_origin_second' depends on axioms: [propext, Classical.choice, Quot.sound]
'Poincare.D12.SurgeryRecognition.ballEquator' depends on axioms: [propext, Classical.choice, Quot.sound]
'Poincare.D12.SurgeryRecognition.equator_both_copies' depends on axioms: [propext, Classical.choice, Quot.sound]
'Poincare.D12.SurgeryRecognition.quotientMapHomeo' depends on axioms: [propext, Classical.choice, Quot.sound]
'Poincare.D12.SurgeryRecognition.openBallInBall' depends on axioms: [propext, Classical.choice, Quot.sound]
'Poincare.D12.SurgeryRecognition.puncturedOfDisk' depends on axioms: [propext, Classical.choice, Quot.sound]
'Poincare.D12.SurgeryRecognition.connectSumRel' depends on axioms: [propext, Classical.choice, Quot.sound]
'Poincare.D12.SurgeryRecognition.sphere2ToBall_injective' depends on axioms: [propext, Classical.choice, Quot.sound]
'Poincare.D12.SurgeryRecognition.connectSumRel_equiv' depends on axioms: [propext, Classical.choice, Quot.sound]
'Poincare.D12.SurgeryRecognition.connectedSum' depends on axioms: [propext, Classical.choice, Quot.sound]
'Poincare.D12.SurgeryRecognition.downS3' depends on axioms: [propext, Classical.choice, Quot.sound]
'Poincare.D12.SurgeryRecognition.downS3_injective' depends on axioms: [propext, Classical.choice, Quot.sound]
'Poincare.D12.SurgeryRecognition.downPoint_sphereBallPart_eq_of_nonpos' depends on axioms: [propext,
 Classical.choice,
 Quot.sound]
'Poincare.D12.SurgeryRecognition.downS3_sphereBallPart_eq_of_eq_zero' depends on axioms: [propext,
 Classical.choice,
 Quot.sound]
'Poincare.D12.SurgeryRecognition.mem_downS3_openBall_iff' depends on axioms: [propext, Classical.choice, Quot.sound]
'Poincare.D12.SurgeryRecognition.southPuncture' depends on axioms: [propext, Classical.choice, Quot.sound]
'Poincare.D12.SurgeryRecognition.southPunctureHomeo' depends on axioms: [propext, Classical.choice, Quot.sound]
'Poincare.D12.SurgeryRecognition.downS3_image_S2_eq_equator' depends on axioms: [propext, Classical.choice, Quot.sound]
'Poincare.D12.SurgeryRecognition.sphereSpace' depends on axioms: [propext, Classical.choice, Quot.sound]
'Poincare.D12.SurgeryRecognition.sphereConnectSum' depends on axioms: [propext, Classical.choice, Quot.sound]
'Poincare.D12.SurgeryRecognition.hemiGlueRel' depends on axioms: [propext, Classical.choice, Quot.sound]
'Poincare.D12.SurgeryRecognition.hemiGlueRel_equiv' depends on axioms: [propext, Classical.choice, Quot.sound]
'Poincare.D12.SurgeryRecognition.up_mem_equator_iff' depends on axioms: [propext, Classical.choice, Quot.sound]
'Poincare.D12.SurgeryRecognition.northHemisphereHomeo_symm_apply' depends on axioms: [propext,
 Classical.choice,
 Quot.sound]
'Poincare.D12.SurgeryRecognition.northBall_injective' depends on axioms: [propext, Classical.choice, Quot.sound]
'Poincare.D12.SurgeryRecognition.northBall_mem_S2_iff' depends on axioms: [propext, Classical.choice, Quot.sound]
'Poincare.D12.SurgeryRecognition.hemiGlueRel_transport' depends on axioms: [propext, Classical.choice, Quot.sound]
'Poincare.D12.SurgeryRecognition.connectSumRel_transport' depends on axioms: [propext, Classical.choice, Quot.sound]
'Poincare.D12.SurgeryRecognition.sphereConnectSum_homeo_hemiQuot' depends on axioms: [propext,
 Classical.choice,
 Quot.sound]
'Poincare.D12.SurgeryRecognition.hemiQuot_homeo_DoubleBall' depends on axioms: [propext, Classical.choice, Quot.sound]
'Poincare.D12.SurgeryRecognition.sphereConnectSum_homeo_sphere' depends on axioms: [propext,
 Classical.choice,
 Quot.sound]
'Poincare.D12.SurgeryRecognition.transportedSouthDisk' depends on axioms: [propext, Classical.choice, Quot.sound]
'Poincare.D12.SurgeryRecognition.transportedSouthDisk_injective' depends on axioms: [propext,
 Classical.choice,
 Quot.sound]
'Poincare.D12.SurgeryRecognition.puncturedHomeo' depends on axioms: [propext, Classical.choice, Quot.sound]
'Poincare.D12.SurgeryRecognition.connectSumCongr' depends on axioms: [propext, Classical.choice, Quot.sound]
'Poincare.D12.SurgeryRecognition.sphereConnectSum_transported' depends on axioms: [propext,
 Classical.choice,
 Quot.sound]
'Poincare.D12.SurgeryRecognition.SphericalSum' depends on axioms: [propext, Classical.choice, Quot.sound]
'Poincare.D12.SurgeryRecognition.iteratedSphereSum' depends on axioms: [propext, Classical.choice, Quot.sound]
'Poincare.D12.SurgeryRecognition.iteratedSphereSum_homeo_sphere' depends on axioms: [propext,
 Classical.choice,
 Quot.sound]
'Poincare.D12.SurgeryRecognition.ConnectedSumDecompositionV2' depends on axioms: [propext, Classical.choice, Quot.sound]
'Poincare.D12.SurgeryRecognition.ConnectedSumDecomposition.mkV2' depends on axioms: [propext,
 Classical.choice,
 Quot.sound]
'Poincare.D12.SurgeryRecognition.RemainingRecognitionHypotheses' depends on axioms: [propext,
 Classical.choice,
 Quot.sound]
'Poincare.D12.SurgeryRecognition.EndGameDecomposition' depends on axioms: [propext, Classical.choice, Quot.sound]
'Poincare.D12.SurgeryRecognition.endGame_finalTopology' depends on axioms: [propext, Classical.choice, Quot.sound]
'Poincare.D12.SurgeryRecognition.stage6Target_of_v2decomposition' depends on axioms: [propext,
 Classical.choice,
 Quot.sound]
'Poincare.D12.SurgeryRecognition.connectedSumDecomposition_expanded' depends on axioms: [propext,
 Classical.choice,
 Quot.sound]
'Poincare.D12.SurgeryRecognition.extinctionCertificate_expanded' depends on axioms: [propext,
 Classical.choice,
 Quot.sound]
'Poincare.D12.SurgeryRecognition.sphericalPieceRecognition_expanded' depends on axioms: [propext,
 Classical.choice,
 Quot.sound]
'Poincare.D12.SurgeryRecognition.recognitionHypotheses_expanded' depends on axioms: [propext,
 Classical.choice,
 Quot.sound]
Poincare.D12.SurgeryRecognition.AntipodalGroup : Type
'Poincare.D12.SurgeryRecognition.antipodalVec' depends on axioms: [propext, Classical.choice, Quot.sound]
'Poincare.D12.SurgeryRecognition.antipodalVec_one' depends on axioms: [propext, Classical.choice, Quot.sound]
'Poincare.D12.SurgeryRecognition.antipodal' depends on axioms: [propext, Classical.choice, Quot.sound]
'Poincare.D12.SurgeryRecognition.antipodal_one' depends on axioms: [propext, Classical.choice, Quot.sound]
'Poincare.D12.SurgeryRecognition.antipodal_of_ne_one' depends on axioms: [propext, Classical.choice, Quot.sound]
'Poincare.D12.SurgeryRecognition.instSMulAntipodalGroupS3' depends on axioms: [propext, Classical.choice, Quot.sound]
'Poincare.D12.SurgeryRecognition.instMulActionAntipodalGroupS3' depends on axioms: [propext,
 Classical.choice,
 Quot.sound]
'Poincare.D12.SurgeryRecognition.instContinuousConstSMulAntipodalGroupS3' depends on axioms: [propext,
 Classical.choice,
 Quot.sound]
'Poincare.D12.SurgeryRecognition.antipodal_free' depends on axioms: [propext, Classical.choice, Quot.sound]
'Poincare.D12.SurgeryRecognition.antipodal_disjoint_ball' depends on axioms: [propext, Classical.choice, Quot.sound]
'Poincare.D12.SurgeryRecognition.finiteFreeOrbit_isQuotientCoveringMap' depends on axioms: [propext,
 Classical.choice,
 Quot.sound]
'Poincare.D12.SurgeryRecognition.antipodalQuotientCovering' depends on axioms: [propext, Classical.choice, Quot.sound]
'Poincare.D12.SurgeryRecognition.antipodalCoveringMap' depends on axioms: [propext, Classical.choice, Quot.sound]
'Poincare.D12.SurgeryRecognition.antipodalQuotient' depends on axioms: [propext, Classical.choice, Quot.sound]
'Poincare.D12.SurgeryRecognition.antipodal_fiber_equiv' depends on axioms: [propext, Classical.choice, Quot.sound]
'Poincare.D12.SurgeryRecognition.antipodalGroup_card' depends on axioms: [propext, Classical.choice, Quot.sound]
'Poincare.D12.SurgeryRecognition.antipodal_fiber_card_two' depends on axioms: [propext, Classical.choice, Quot.sound]
'Poincare.D12.SurgeryRecognition.antipodal_two_sheets' depends on axioms: [propext, Classical.choice, Quot.sound]
'Poincare.D12.SurgeryRecognition.SphericalSpaceFormModel' depends on axioms: [propext, Classical.choice, Quot.sound]
'Poincare.D12.SurgeryRecognition.SphericalSpaceFormModel.quotient' depends on axioms: [propext,
 Classical.choice,
 Quot.sound]
'Poincare.D12.SurgeryRecognition.SphericalSpaceFormModel.coveringQuotient' depends on axioms: [propext,
 Classical.choice,
 Quot.sound]
'Poincare.D12.SurgeryRecognition.SphericalSpaceFormModel.covering' depends on axioms: [propext,
 Classical.choice,
 Quot.sound]
'Poincare.D12.SurgeryRecognition.antipodalModel' depends on axioms: [propext, Classical.choice, Quot.sound]
'Poincare.D12.SurgeryRecognition.antipodalModel_nontrivial' depends on axioms: [propext, Classical.choice, Quot.sound]
'Poincare.D12.SurgeryRecognition.quotientHomeoOfSubsingleton' depends on axioms: [propext, Classical.choice, Quot.sound]
'Poincare.D12.SurgeryRecognition.IsSpaceFormModelOf' depends on axioms: [propext, Classical.choice, Quot.sound]
'Poincare.D12.SurgeryRecognition.sphericalPieceRecognition_of' depends on axioms: [propext,
 Classical.choice,
 Quot.sound]
'Poincare.D12.SurgeryRecognition.RemainingRecognitionHypothesesV2' depends on axioms: [propext,
 Classical.choice,
 Quot.sound]
'Poincare.D12.SurgeryRecognition.RemainingRecognitionHypothesesV2.toRemaining' depends on axioms: [propext,
 Classical.choice,
 Quot.sound]
'Poincare.D12.SurgeryRecognition.stage6Target_of_v2hypotheses' depends on axioms: [propext,
 Classical.choice,
 Quot.sound]
'Poincare.D12.SurgeryRecognition.sphereThree_pathConnectedSpace' depends on axioms: [propext,
 Classical.choice,
 Quot.sound]
'Poincare.D12.SurgeryRecognition.SphericalSpaceFormModel.spaceFormProjection' depends on axioms: [propext,
 Classical.choice,
 Quot.sound]
'Poincare.D12.SurgeryRecognition.SphericalSpaceFormModel.spaceFormProjection_covering' depends on axioms: [propext,
 Classical.choice,
 Quot.sound]
'Poincare.D12.SurgeryRecognition.SphericalSpaceFormModel.spaceFormFiberEquivGroup' depends on axioms: [propext,
 Classical.choice,
 Quot.sound]
'Poincare.D12.SurgeryRecognition.SphericalSpaceFormModel.spaceForm_monodromy_trivial' depends on axioms: [propext,
 Classical.choice,
 Quot.sound]
'Poincare.D12.SurgeryRecognition.SphericalSpaceFormModel.spaceForm_monodromy_transitive' depends on axioms: [propext,
 Classical.choice,
 Quot.sound]
'Poincare.D12.SurgeryRecognition.SphericalSpaceFormModel.spaceForm_fiber_subsingleton' depends on axioms: [propext,
 Classical.choice,
 Quot.sound]
'Poincare.D12.SurgeryRecognition.deckTrivial_of_simplyConnected_quotient' depends on axioms: [propext,
 Classical.choice,
 Quot.sound]
'Poincare.D12.SurgeryRecognition.sphericalPieceRecognition_of_spaceForm' depends on axioms: [propext,
 Classical.choice,
 Quot.sound]
'Poincare.D12.SurgeryRecognition.RemainingRecognitionHypothesesV3' depends on axioms: [propext,
 Classical.choice,
 Quot.sound]
'Poincare.D12.SurgeryRecognition.RemainingRecognitionHypothesesV3.toRemainingV2' depends on axioms: [propext,
 Classical.choice,
 Quot.sound]
'Poincare.D12.SurgeryRecognition.RemainingRecognitionHypothesesV3.toRemaining' depends on axioms: [propext,
 Classical.choice,
 Quot.sound]
'Poincare.D12.SurgeryRecognition.stage6Target_of_v3hypotheses' depends on axioms: [propext,
 Classical.choice,
 Quot.sound]
