A3KIND	Poincare.D12.TensorMaximumBochner.KernelTangent	def	PropFormer
A3KIND	Poincare.D12.TensorMaximumBochner.StrictKernelTangent	def	PropFormer
A3KIND	Poincare.D12.TensorMaximumBochner.FeasibleDirection	def	PropFormer
A3KIND	Poincare.D12.TensorMaximumBochner.continuous_dotProduct_mulVec	theorem	PropResult
A3KIND	Poincare.D12.TensorMaximumBochner.kernelTangent_of_feasibleDirection	theorem	PropResult
A3KIND	Poincare.D12.TensorMaximumBochner.kernelTangent_of_posSemidef_path	theorem	PropResult
A3KIND	Poincare.D12.TensorMaximumBochner.counterexampleA	def	DataResult
A3KIND	Poincare.D12.TensorMaximumBochner.counterexampleA_posSemidef	theorem	PropResult
A3KIND	Poincare.D12.TensorMaximumBochner.counterexample_kernelTangent	theorem	PropResult
A3KIND	Poincare.D12.TensorMaximumBochner.counterexample_not_feasible	theorem	PropResult
A3KIND	Poincare.D12.TensorMaximumBochner.kernelTangent_not_feasible	theorem	PropResult
A3KIND	Poincare.D12.TensorMaximumBochner.adjugate_eq_det_smul_inv	theorem	PropResult
A3KIND	Poincare.D12.TensorMaximumBochner.adjugate_posSemidef	theorem	PropResult
A3KIND	Poincare.D12.TensorMaximumBochner.hamiltonField	def	DataResult
A3KIND	Poincare.D12.TensorMaximumBochner.dotProduct_mulVec_sq	theorem	PropResult
A3KIND	Poincare.D12.TensorMaximumBochner.hamiltonField_kernelTangent	theorem	PropResult
A3KIND	Poincare.D12.TensorMaximumBochner.hamiltonField_not_strengthened	theorem	PropResult
A3KIND	Poincare.D12.TensorMaximumBochner.hamiltonField_kernel_witness	theorem	PropResult
A3KIND	Poincare.D12.TensorMaximumBochner.counterexample_nondegenerate	theorem	PropResult
A3KIND	Poincare.D12.TensorMaximumBochner.Audit.d12_kernel_tangent_necessary_audited	theorem	PropResult
A3KIND-SUMMARY	[(theorem:PropResult, 15), (def:DataResult, 2), (def:PropFormer, 3)]
