ℹ [3535/3536] Replayed Poincare.D7.Bochner.Probe
info: Poincare/D7/Bochner/Probe.lean:48:0: CovariantDerivative.{u_1, u_2, u_3, u_4, u_5, u_6} {𝕜 : Type u_1} [NontriviallyNormedField 𝕜] {E : Type u_2}
  [NormedAddCommGroup E] [NormedSpace 𝕜 E] {H : Type u_3} [TopologicalSpace H] (I : ModelWithCorners 𝕜 E H)
  {M : Type u_4} [TopologicalSpace M] [ChartedSpace H M] (F : Type u_5) [NormedAddCommGroup F] [NormedSpace 𝕜 F]
  (V : M → Type u_6) [TopologicalSpace (TotalSpace F V)] [(x : M) → AddCommGroup (V x)] [(x : M) → Module 𝕜 (V x)]
  [(x : M) → TopologicalSpace (V x)] [∀ (x : M), IsTopologicalAddGroup (V x)] [∀ (x : M), ContinuousSMul 𝕜 (V x)]
  [FiberBundle F V] : Type (max (max u_2 u_4) u_6)
info: Poincare/D7/Bochner/Probe.lean:49:0: CovariantDerivative.leviCivitaConnection.{u_1, u_2, u_3} {E : Type u_1} [NormedAddCommGroup E] [NormedSpace ℝ E]
  {H : Type u_2} [TopologicalSpace H] (I : ModelWithCorners ℝ E H) (M : Type u_3) [TopologicalSpace M]
  [ChartedSpace H M] [IsManifold I 2 M] [RiemannianBundle fun x => TangentSpace I x]
  [IsContMDiffRiemannianBundle I 1 E fun x => TangentSpace I x] [FiniteDimensional ℝ E] :
  CovariantDerivative I E (TangentSpace I)
info: Poincare/D7/Bochner/Probe.lean:50:0: CovariantDerivative.IsLeviCivitaConnection.{u_1, u_2, u_3} {E : Type u_1} [NormedAddCommGroup E] [NormedSpace ℝ E]
  {H : Type u_2} [TopologicalSpace H] (I : ModelWithCorners ℝ E H) {M : Type u_3} [TopologicalSpace M]
  [ChartedSpace H M] [IsManifold I 2 M] [RiemannianBundle fun x => TangentSpace I x]
  (cov : CovariantDerivative I E (TangentSpace I)) [IsContMDiffRiemannianBundle I 1 E fun x => TangentSpace I x]
  [FiniteDimensional ℝ E] : Prop
info: Poincare/D7/Bochner/Probe.lean:51:0: CovariantDerivative.isLeviCivitaConnection_leviCivitaConnection.{u_1, u_2, u_3} {E : Type u_1} [NormedAddCommGroup E]
  [NormedSpace ℝ E] {H : Type u_2} [TopologicalSpace H] (I : ModelWithCorners ℝ E H) {M : Type u_3} [TopologicalSpace M]
  [ChartedSpace H M] [IsManifold I 2 M] [RiemannianBundle fun x => TangentSpace I x]
  [IsContMDiffRiemannianBundle I 1 E fun x => TangentSpace I x] [FiniteDimensional ℝ E] :
  CovariantDerivative.IsLeviCivitaConnection I (CovariantDerivative.leviCivitaConnection I M)
info: Poincare/D7/Bochner/Probe.lean:52:0: CovariantDerivative.IsLeviCivitaConnection.apply_eq.{u_1, u_2, u_3} {E : Type u_1} [NormedAddCommGroup E]
  [NormedSpace ℝ E] {H : Type u_2} [TopologicalSpace H] (I : ModelWithCorners ℝ E H) {M : Type u_3} [TopologicalSpace M]
  [ChartedSpace H M] [IsManifold I 2 M] [RiemannianBundle fun x => TangentSpace I x]
  {X Y Z : (x : M) → TangentSpace I x} {cov : CovariantDerivative I E (TangentSpace I)}
  [IsContMDiffRiemannianBundle I 1 E fun x => TangentSpace I x] {x : M} [FiniteDimensional ℝ E]
  (h : CovariantDerivative.IsLeviCivitaConnection I cov) (hX : MDiffAt (T% X) x) (hY : MDiffAt (T% Y) x)
  (hZ : MDiffAt (T% Z) x) :
  (fun x => inner ℝ ((fun x => (↑cov Y x) (X x)) x) (Z x)) x =
    (((d% fun x => inner ℝ (Y x) (Z x)) x) (X x) + ((d% fun x => inner ℝ (Z x) (X x)) x) (Y x) -
              ((d% fun x => inner ℝ (X x) (Y x)) x) (Z x) -
            (fun x => inner ℝ (Y x) (VectorField.mlieBracket I X Z x)) x -
          (fun x => inner ℝ (Z x) (VectorField.mlieBracket I Y X x)) x +
        (fun x => inner ℝ (X x) (VectorField.mlieBracket I Z Y x)) x) /
      2
info: Poincare/D7/Bochner/Probe.lean:53:0: CovariantDerivative.IsLeviCivitaConnection.uniqueness.{u_1, u_2, u_3} {E : Type u_1} [NormedAddCommGroup E]
  [NormedSpace ℝ E] {H : Type u_2} [TopologicalSpace H] (I : ModelWithCorners ℝ E H) {M : Type u_3} [TopologicalSpace M]
  [ChartedSpace H M] [IsManifold I 2 M] [RiemannianBundle fun x => TangentSpace I x] {Y : (x : M) → TangentSpace I x}
  {cov cov' : CovariantDerivative I E (TangentSpace I)} [IsContMDiffRiemannianBundle I 1 E fun x => TangentSpace I x]
  {x : M} [FiniteDimensional ℝ E] (hcov : CovariantDerivative.IsLeviCivitaConnection I cov)
  (hcov' : CovariantDerivative.IsLeviCivitaConnection I cov') (hY : MDiffAt (T% Y) x) (X₀ : TangentSpace I x) :
  (↑cov Y x) X₀ = (↑cov' Y x) X₀
info: Poincare/D7/Bochner/Probe.lean:54:0: CovariantDerivative.torsion.{u_1, u_2, u_3, u_4} {𝕜 : Type u_1} [NontriviallyNormedField 𝕜] {E : Type u_2}
  [NormedAddCommGroup E] [NormedSpace 𝕜 E] {H : Type u_3} [TopologicalSpace H] {I : ModelWithCorners 𝕜 E H}
  {M : Type u_4} [TopologicalSpace M] [ChartedSpace H M] [CompleteSpace 𝕜] [CompleteSpace E] [FiniteDimensional 𝕜 E]
  [IsManifold I 2 M] (cov : CovariantDerivative I E (TangentSpace I)) (x : M) :
  TangentSpace I x →L[𝕜] TangentSpace I x →L[𝕜] TangentSpace I x
info: Poincare/D7/Bochner/Probe.lean:55:0: CovariantDerivative.IsMetricCompatible.{u_1, u_2, u_3, u_4, u_5} {E : Type u_1} [NormedAddCommGroup E] [NormedSpace ℝ E]
  {H : Type u_2} [TopologicalSpace H] {I : ModelWithCorners ℝ E H} {M : Type u_3} [TopologicalSpace M]
  [ChartedSpace H M] {F : Type u_4} [NormedAddCommGroup F] [NormedSpace ℝ F] {V : M → Type u_5}
  [TopologicalSpace (TotalSpace F V)] [(x : M) → NormedAddCommGroup (V x)] [(x : M) → InnerProductSpace ℝ (V x)]
  [FiberBundle F V] (cov : CovariantDerivative I F V) [VectorBundle ℝ F V] [IsContMDiffRiemannianBundle I 1 F V]
  [ContMDiffVectorBundle 1 F V I] [FiniteDimensional ℝ F] : Prop
info: Poincare/D7/Bochner/Probe.lean:59:0: mfderiv.{u_1, u_2, u_3, u_4, u_5, u_6, u_7} {𝕜 : Type u_1} [NontriviallyNormedField 𝕜] {E : Type u_2}
  [NormedAddCommGroup E] [NormedSpace 𝕜 E] {H : Type u_3} [TopologicalSpace H] (I : ModelWithCorners 𝕜 E H)
  {M : Type u_4} [TopologicalSpace M] [ChartedSpace H M] {E' : Type u_5} [NormedAddCommGroup E'] [NormedSpace 𝕜 E']
  {H' : Type u_6} [TopologicalSpace H'] (I' : ModelWithCorners 𝕜 E' H') {M' : Type u_7} [TopologicalSpace M']
  [ChartedSpace H' M'] (f : M → M') (x : M) : TangentSpace I x →L[𝕜] TangentSpace I' (f x)
info: Poincare/D7/Bochner/Probe.lean:60:0: ContMDiff.{u_1, u_2, u_3, u_4, u_5, u_6, u_7} {𝕜 : Type u_1} [NontriviallyNormedField 𝕜] {E : Type u_2}
  [NormedAddCommGroup E] [NormedSpace 𝕜 E] {H : Type u_3} [TopologicalSpace H] (I : ModelWithCorners 𝕜 E H)
  {M : Type u_4} [TopologicalSpace M] [ChartedSpace H M] {E' : Type u_5} [NormedAddCommGroup E'] [NormedSpace 𝕜 E']
  {H' : Type u_6} [TopologicalSpace H'] (I' : ModelWithCorners 𝕜 E' H') {M' : Type u_7} [TopologicalSpace M']
  [ChartedSpace H' M'] (n : WithTop ℕ∞) (f : M → M') : Prop
info: Poincare/D7/Bochner/Probe.lean:61:0: TangentSpace.{u, u_1, u_2, u_3} {𝕜 : Type u_1} [NontriviallyNormedField 𝕜] {E : Type u} [NormedAddCommGroup E]
  [NormedSpace 𝕜 E] {H : Type u_2} [TopologicalSpace H] (I : ModelWithCorners 𝕜 E H) {M : Type u_3} [TopologicalSpace M]
  [ChartedSpace H M] (_x : M) : Type u
info: Poincare/D7/Bochner/Probe.lean:62:0: Bundle.RiemannianBundle.{u_4, u_6} {B : Type u_4} (E : B → Type u_6) [(b : B) → TopologicalSpace (E b)]
  [(b : B) → AddCommGroup (E b)] [(b : B) → Module ℝ (E b)] : Type (max u_4 u_6)
info: Poincare/D7/Bochner/Probe.lean:63:0: IsRiemannianManifold.{u_1, u_2, u_3} {E : Type u_1} [NormedAddCommGroup E] [NormedSpace ℝ E] {H : Type u_2}
  [TopologicalSpace H] (I : ModelWithCorners ℝ E H) (M : Type u_3) [TopologicalSpace M] [PseudoEMetricSpace M]
  [ChartedSpace H M] [RiemannianBundle fun x => TangentSpace I x] : Prop
info: Poincare/D7/Bochner/Probe.lean:64:0: ModelWithCorners.{u_1, u_2, u_3} (𝕜 : Type u_1) [NontriviallyNormedField 𝕜] (E : Type u_2) [NormedAddCommGroup E]
  [NormedSpace 𝕜 E] (H : Type u_3) [TopologicalSpace H] : Type (max u_2 u_3)
info: Poincare/D7/Bochner/Probe.lean:65:0: IsManifold.{u_1, u_2, u_3, u_4} {𝕜 : Type u_1} [NontriviallyNormedField 𝕜] {E : Type u_2} [NormedAddCommGroup E]
  [NormedSpace 𝕜 E] {H : Type u_3} [TopologicalSpace H] (I : ModelWithCorners 𝕜 E H) (n : WithTop ℕ∞) (M : Type u_4)
  [TopologicalSpace M] [ChartedSpace H M] : Prop
info: Poincare/D7/Bochner/Probe.lean:66:0: iteratedFDeriv.{u, uE, uF} (𝕜 : Type u) [NontriviallyNormedField 𝕜] {E : Type uE} [NormedAddCommGroup E]
  [NormedSpace 𝕜 E] {F : Type uF} [NormedAddCommGroup F] [NormedSpace 𝕜 F] (n : ℕ) (f : E → F) : E → E [×n]→L[𝕜] F
info: Poincare/D7/Bochner/Probe.lean:67:0: fderiv.{u_4, u_5, u_6} (𝕜 : Type u_4) [NontriviallyNormedField 𝕜] {E : Type u_5} [AddCommGroup E] [Module 𝕜 E]
  [TopologicalSpace E] {F : Type u_6} [AddCommGroup F] [Module 𝕜 F] [TopologicalSpace F] (f : E → F) (x : E) : E →L[𝕜] F
info: Poincare/D7/Bochner/Probe.lean:71:0: Finset.sum_sub_distrib.{u_1, u_5} {ι : Type u_1} {G : Type u_5} {s : Finset ι} [SubtractionCommMonoid G] (f g : ι → G) :
  ∑ x ∈ s, (f x - g x) = ∑ x ∈ s, f x - ∑ x ∈ s, g x
info: Poincare/D7/Bochner/Probe.lean:72:0: Finset.sum_congr.{u_1, u_4} {ι : Type u_1} {M : Type u_4} {s₁ s₂ : Finset ι} [AddCommMonoid M] {f g : ι → M}
  (h : s₁ = s₂) : (∀ x ∈ s₂, f x = g x) → s₁.sum f = s₂.sum g
info: Poincare/D7/Bochner/Probe.lean:73:0: Fin.sum_univ_two.{u_2} {M : Type u_2} [AddCommMonoid M] (f : Fin 2 → M) : ∑ i, f i = f 0 + f 1
info: Poincare/D7/Bochner/Probe.lean:74:0: Pi.single.{u_1, u_4} {ι : Type u_1} {M : ι → Type u_4} [(i : ι) → Zero (M i)] [DecidableEq ι] (i : ι) (x : M i)
  (j : ι) : M j
info: Poincare/D7/Bochner/Probe.lean:75:0: Matrix.{u, u', v} (m : Type u) (n : Type u') (α : Type v) : Type (max u u' v)
info: Poincare/D7/Bochner/Probe.lean:79:15: Unknown identifier `Hessian`
info: Poincare/D7/Bochner/Probe.lean:80:15: Unknown identifier `LaplaceBeltrami`
info: Poincare/D7/Bochner/Probe.lean:81:15: Unknown identifier `Riemann`
info: Poincare/D7/Bochner/Probe.lean:82:15: Unknown identifier `Ricci`
info: Poincare/D7/Bochner/Probe.lean:83:15: Unknown identifier `Bochner`
info: Poincare/D7/Bochner/Probe.lean:84:15: Unknown identifier `Weitzenbock`
info: Poincare/D7/Bochner/Probe.lean:85:15: Unknown constant `CovariantDerivative.secondCovariantDerivative`
info: Poincare/D7/Bochner/Probe.lean:86:15: Unknown constant `CovariantDerivative.curvature`
info: Poincare/D7/Bochner/Probe.lean:87:15: Unknown identifier `Manifold.curvature`
info: Poincare/D7/Bochner/Probe.lean:88:15: Unknown identifier `Laplacian`
info: Poincare/D7/Bochner/Probe.lean:89:15: Unknown identifier `roughLaplacian`
info: Poincare/D7/Bochner/Probe.lean:90:15: Unknown identifier `RiemannianVolumeMeasure`
info: Poincare/D7/Bochner/Probe.lean:94:0: Poincare.D7.Bochner.BochnerCertificate : Type
info: Poincare/D7/Bochner/Probe.lean:95:0: Poincare.D7.Bochner.BochnerCertificate.bochner (self : BochnerCertificate) :
  self.oneFormLaplacian = self.roughLaplacian + self.ricciContraction
info: Poincare/D7/Bochner/Probe.lean:96:0: Poincare.D7.Bochner.BochnerCertificate.oneFormLaplacian_eq_roughLaplacian_of_ricci_zero (C : BochnerCertificate)
  (h : C.ricciContraction = 0) : C.oneFormLaplacian = C.roughLaplacian
info: Poincare/D7/Bochner/Probe.lean:97:0: Poincare.D7.Bochner.GradientCertificate : Type
info: Poincare/D7/Bochner/Probe.lean:98:0: Poincare.D7.Bochner.GradientCertificate.gradient_estimate (C : GradientCertificate) :
  2 * hessNormSq C.B.hess ≤ C.laplacianGradNormSq
info: Poincare/D7/Bochner/Probe.lean:99:0: Poincare.D7.Bochner.GradientCertificate.bochner_inequality (C : GradientCertificate) :
  2 * hessNormSq C.B.hess ≤ C.laplacianGradNormSq - 2 * gradLaplacianDot C.B.grad C.gradLap
info: Poincare/D7/Bochner/Probe.lean:100:0: Poincare.D7.Bochner.GradientCertificate.gradient_estimate_eq_iff_ricci_zero (C : GradientCertificate) :
  C.laplacianGradNormSq = 2 * hessNormSq C.B.hess ↔ C.B.ricciContraction = 0
info: Poincare/D7/Bochner/Probe.lean:101:0: Poincare.D7.Bochner.gradientCertificateOfData (dim : ℕ) (grad gradLap : Fin dim → ℝ)
  (hess ric : Matrix (Fin dim) (Fin dim) ℝ) (hric : 0 ≤ ricciPairing ric grad)
  (hharmonic : gradLaplacianDot grad gradLap = 0) : GradientCertificate
info: Poincare/D7/Bochner/Probe.lean:102:0: Poincare.D7.Bochner.Euclidean.euclideanBochnerCertificate {N n : ℕ} (f : Conf (Fin n) N → ℝ) (x : Conf (Fin n) N) :
  BochnerCertificate
info: Poincare/D7/Bochner/Probe.lean:103:0: Poincare.D7.Bochner.diff_laplacian_comm.{u_1} {ι : Type u_1} [Fintype ι] [DecidableEq ι] {N : ℕ} (j : ι)
  (f : Conf ι N → ℝ) : diff j (laplacian f) = laplacian (diff j f)
info: Poincare/D7/Bochner/Probe.lean:104:0: Poincare.D7.Bochner.Euclidean.oneFormLaplacian_eq_roughLaplacian {N n : ℕ} (f : Conf (Fin n) N → ℝ)
  (x : Conf (Fin n) N) : Euclidean.oneFormLaplacian f x = Euclidean.roughLaplacian f x
info: Poincare/D7/Bochner/Probe.lean:105:0: Poincare.D7.Bochner.SmoothBochnerDatum.{uE, uH, uM} {E : Type uE} [NormedAddCommGroup E] [NormedSpace ℝ E] {H : Type uH}
  [TopologicalSpace H] (I : ModelWithCorners ℝ E H) (M : Type uM) [TopologicalSpace M] [ChartedSpace H M] :
  Type (max uE uM)
info: Poincare/D7/Bochner/Probe.lean:106:0: Poincare.D7.Bochner.IsSmoothBochnerDatum.{uE, uH, uM} {E : Type uE} [NormedAddCommGroup E] [NormedSpace ℝ E]
  {H : Type uH} [TopologicalSpace H] (I : ModelWithCorners ℝ E H) (M : Type uM) [TopologicalSpace M] [ChartedSpace H M]
  (D : SmoothBochnerDatum I M) : Prop
info: Poincare/D7/Bochner/Probe.lean:107:0: Poincare.D7.Bochner.SmoothBochnerFormulaStatement.{uE, uH, uM} : Prop
info: Poincare/D7/Bochner/Probe.lean:108:0: Poincare.D7.Bochner.SmoothBochnerWeitzenbockStatement.{uE, uH, uM} : Prop
info: Poincare/D7/Bochner/Probe.lean:109:0: Poincare.D7.Bochner.SmoothBochnerGradientEstimateStatement.{uE, uH, uM} : Prop
info: Poincare/D7/Bochner/Probe.lean:110:0: Poincare.D7.Bochner.MissingMathlibDependencies : List String
info: Poincare/D7/Bochner/Probe.lean:111:0: Poincare.D7.Bochner.PresentMathlibDependencies : List String
info: Poincare/D7/Bochner/Probe.lean:112:0: Poincare.D7.Bochner.BlockerHessian : String
info: Poincare/D7/Bochner/Probe.lean:113:0: Poincare.D7.Bochner.BlockerLaplaceBeltrami : String
info: Poincare/D7/Bochner/Probe.lean:114:0: Poincare.D7.Bochner.BlockerRoughLaplacian : String
info: Poincare/D7/Bochner/Probe.lean:115:0: Poincare.D7.Bochner.BlockerManifoldCurvature : String
info: Poincare/D7/Bochner/Probe.lean:116:0: Poincare.D7.Bochner.BlockerBochnerWeitzenbock : String
info: Poincare/D7/Bochner/Probe.lean:117:0: Poincare.D7.Bochner.flatExampleCertificate : BochnerCertificate
info: Poincare/D7/Bochner/Probe.lean:118:0: Poincare.D7.Bochner.curvedExampleCertificate : BochnerCertificate
info: Poincare/D7/Bochner/Probe.lean:119:0: Poincare.D7.Bochner.curvedExampleGradient : GradientCertificate
info: Poincare/D7/Bochner/Probe.lean:120:0: Poincare.D7.Bochner.negativeControl : RawGradientModel
ℹ [3536/3536] Built Poincare.D7.Bochner.Audit (1.9s)
info: Poincare/D7/Bochner/Audit.lean:34:0: 'Poincare.D7.Bochner.hessNormSq' depends on axioms: [propext, Classical.choice, Quot.sound]
info: Poincare/D7/Bochner/Audit.lean:35:0: 'Poincare.D7.Bochner.gradLaplacianDot' depends on axioms: [propext, Classical.choice, Quot.sound]
info: Poincare/D7/Bochner/Audit.lean:36:0: 'Poincare.D7.Bochner.ricciPairing' depends on axioms: [propext, Classical.choice, Quot.sound]
info: Poincare/D7/Bochner/Audit.lean:37:0: 'Poincare.D7.Bochner.hessNormSq_nonneg' depends on axioms: [propext, Classical.choice, Quot.sound]
info: Poincare/D7/Bochner/Audit.lean:38:0: 'Poincare.D7.Bochner.ricciPairing_zero' depends on axioms: [propext, Classical.choice, Quot.sound]
info: Poincare/D7/Bochner/Audit.lean:39:0: 'Poincare.D7.Bochner.ricciPairing_zero_grad' depends on axioms: [propext, Classical.choice, Quot.sound]
info: Poincare/D7/Bochner/Audit.lean:40:0: 'Poincare.D7.Bochner.gradLaplacianDot_zero_right' depends on axioms: [propext, Classical.choice, Quot.sound]
info: Poincare/D7/Bochner/Audit.lean:41:0: 'Poincare.D7.Bochner.gradLaplacianDot_zero_left' depends on axioms: [propext, Classical.choice, Quot.sound]
info: Poincare/D7/Bochner/Audit.lean:42:0: 'Poincare.D7.Bochner.IsRicciNonnegative' depends on axioms: [propext, Classical.choice, Quot.sound]
info: Poincare/D7/Bochner/Audit.lean:43:0: 'Poincare.D7.Bochner.isRicciNonnegative_zero' depends on axioms: [propext, Classical.choice, Quot.sound]
info: Poincare/D7/Bochner/Audit.lean:44:0: 'Poincare.D7.Bochner.IsRicciNonnegative.apply' depends on axioms: [propext, Classical.choice, Quot.sound]
info: Poincare/D7/Bochner/Audit.lean:45:0: 'Poincare.D7.Bochner.BochnerCertificate' depends on axioms: [propext, Classical.choice, Quot.sound]
info: Poincare/D7/Bochner/Audit.lean:46:0: 'Poincare.D7.Bochner.BochnerCertificate.bochner'' depends on axioms: [propext, Classical.choice, Quot.sound]
info: Poincare/D7/Bochner/Audit.lean:47:0: 'Poincare.D7.Bochner.BochnerCertificate.oneFormLaplacian_eq_roughLaplacian_of_ricci_zero' depends on axioms: [propext,
 Classical.choice,
 Quot.sound]
info: Poincare/D7/Bochner/Audit.lean:48:0: 'Poincare.D7.Bochner.BochnerCertificate.roughLaplacian_le_oneFormLaplacian' depends on axioms: [propext,
 Classical.choice,
 Quot.sound]
info: Poincare/D7/Bochner/Audit.lean:49:0: 'Poincare.D7.Bochner.BochnerCertificate.ricciPairing_nonneg' depends on axioms: [propext, Classical.choice, Quot.sound]
info: Poincare/D7/Bochner/Audit.lean:50:0: 'Poincare.D7.Bochner.BochnerCertificate.ricciContraction_eq_zero_of_ric_zero' depends on axioms: [propext,
 Classical.choice,
 Quot.sound]
info: Poincare/D7/Bochner/Audit.lean:51:0: 'Poincare.D7.Bochner.BochnerCertificate.ricciContraction_eq_zero_of_ricciPairing_zero' depends on axioms: [propext,
 Classical.choice,
 Quot.sound]
info: Poincare/D7/Bochner/Audit.lean:52:0: 'Poincare.D7.Bochner.BochnerCertificate.ricciContraction_eq_sub' depends on axioms: [propext,
 Classical.choice,
 Quot.sound]
info: Poincare/D7/Bochner/Audit.lean:53:0: 'Poincare.D7.Bochner.BochnerCertificate.ricciContraction_eq_ricciPairing' depends on axioms: [propext,
 Classical.choice,
 Quot.sound]
info: Poincare/D7/Bochner/Audit.lean:57:0: 'Poincare.D7.Bochner.Conf' does not depend on any axioms
info: Poincare/D7/Bochner/Audit.lean:58:0: 'Poincare.D7.Bochner.shift' depends on axioms: [propext, Classical.choice, Quot.sound]
info: Poincare/D7/Bochner/Audit.lean:59:0: 'Poincare.D7.Bochner.diff' depends on axioms: [propext, Classical.choice, Quot.sound]
info: Poincare/D7/Bochner/Audit.lean:60:0: 'Poincare.D7.Bochner.shift_comm' depends on axioms: [propext, Classical.choice, Quot.sound]
info: Poincare/D7/Bochner/Audit.lean:61:0: 'Poincare.D7.Bochner.shift_add' depends on axioms: [propext, Classical.choice, Quot.sound]
info: Poincare/D7/Bochner/Audit.lean:62:0: 'Poincare.D7.Bochner.shift_sub' depends on axioms: [propext, Classical.choice, Quot.sound]
info: Poincare/D7/Bochner/Audit.lean:63:0: 'Poincare.D7.Bochner.shift_univ_sum' depends on axioms: [propext, Classical.choice, Quot.sound]
info: Poincare/D7/Bochner/Audit.lean:64:0: 'Poincare.D7.Bochner.diff_add' depends on axioms: [propext, Classical.choice, Quot.sound]
info: Poincare/D7/Bochner/Audit.lean:65:0: 'Poincare.D7.Bochner.diff_sub' depends on axioms: [propext, Classical.choice, Quot.sound]
info: Poincare/D7/Bochner/Audit.lean:66:0: 'Poincare.D7.Bochner.diff_univ_sum' depends on axioms: [propext, Classical.choice, Quot.sound]
info: Poincare/D7/Bochner/Audit.lean:67:0: 'Poincare.D7.Bochner.diff_shift_comm' depends on axioms: [propext, Classical.choice, Quot.sound]
info: Poincare/D7/Bochner/Audit.lean:68:0: 'Poincare.D7.Bochner.diff_comm' depends on axioms: [propext, Classical.choice, Quot.sound]
info: Poincare/D7/Bochner/Audit.lean:69:0: 'Poincare.D7.Bochner.laplacian' depends on axioms: [propext, Classical.choice, Quot.sound]
info: Poincare/D7/Bochner/Audit.lean:70:0: 'Poincare.D7.Bochner.laplacian_apply' depends on axioms: [propext, Classical.choice, Quot.sound]
info: Poincare/D7/Bochner/Audit.lean:71:0: 'Poincare.D7.Bochner.diff_laplacian_comm' depends on axioms: [propext, Classical.choice, Quot.sound]
info: Poincare/D7/Bochner/Audit.lean:72:0: 'Poincare.D7.Bochner.Euclidean.grad' depends on axioms: [propext, Classical.choice, Quot.sound]
info: Poincare/D7/Bochner/Audit.lean:73:0: 'Poincare.D7.Bochner.Euclidean.hess' depends on axioms: [propext, Classical.choice, Quot.sound]
info: Poincare/D7/Bochner/Audit.lean:74:0: 'Poincare.D7.Bochner.Euclidean.hess_symm' depends on axioms: [propext, Classical.choice, Quot.sound]
info: Poincare/D7/Bochner/Audit.lean:75:0: 'Poincare.D7.Bochner.Euclidean.oneFormLaplacian' depends on axioms: [propext, Classical.choice, Quot.sound]
info: Poincare/D7/Bochner/Audit.lean:76:0: 'Poincare.D7.Bochner.Euclidean.roughLaplacian' depends on axioms: [propext, Classical.choice, Quot.sound]
info: Poincare/D7/Bochner/Audit.lean:77:0: 'Poincare.D7.Bochner.Euclidean.oneFormLaplacian_eq_roughLaplacian_of_commutation' depends on axioms: [propext,
 Classical.choice,
 Quot.sound]
info: Poincare/D7/Bochner/Audit.lean:78:0: 'Poincare.D7.Bochner.Euclidean.oneFormLaplacian_eq_roughLaplacian' depends on axioms: [propext,
 Classical.choice,
 Quot.sound]
info: Poincare/D7/Bochner/Audit.lean:79:0: 'Poincare.D7.Bochner.Euclidean.euclidean_bochner_identity' depends on axioms: [propext, Classical.choice, Quot.sound]
info: Poincare/D7/Bochner/Audit.lean:80:0: 'Poincare.D7.Bochner.Euclidean.euclideanBochnerCertificate' depends on axioms: [propext, Classical.choice, Quot.sound]
info: Poincare/D7/Bochner/Audit.lean:81:0: 'Poincare.D7.Bochner.Euclidean.euclideanBochnerCertificate_ric' depends on axioms: [propext,
 Classical.choice,
 Quot.sound]
info: Poincare/D7/Bochner/Audit.lean:82:0: 'Poincare.D7.Bochner.Euclidean.euclideanBochnerCertificate_ricciContraction' depends on axioms: [propext,
 Classical.choice,
 Quot.sound]
info: Poincare/D7/Bochner/Audit.lean:83:0: 'Poincare.D7.Bochner.Euclidean.euclideanBochnerCertificate_oneFormLaplacian' depends on axioms: [propext,
 Classical.choice,
 Quot.sound]
info: Poincare/D7/Bochner/Audit.lean:84:0: 'Poincare.D7.Bochner.Euclidean.euclideanBochnerCertificate_hess_symm' depends on axioms: [propext,
 Classical.choice,
 Quot.sound]
info: Poincare/D7/Bochner/Audit.lean:88:0: 'Poincare.D7.Bochner.GradientCertificate' depends on axioms: [propext, Classical.choice, Quot.sound]
info: Poincare/D7/Bochner/Audit.lean:89:0: 'Poincare.D7.Bochner.GradientCertificate.bochner_inequality' depends on axioms: [propext, Classical.choice, Quot.sound]
info: Poincare/D7/Bochner/Audit.lean:90:0: 'Poincare.D7.Bochner.GradientCertificate.gradient_estimate' depends on axioms: [propext, Classical.choice, Quot.sound]
info: Poincare/D7/Bochner/Audit.lean:91:0: 'Poincare.D7.Bochner.GradientCertificate.gradient_estimate'' depends on axioms: [propext, Classical.choice, Quot.sound]
info: Poincare/D7/Bochner/Audit.lean:92:0: 'Poincare.D7.Bochner.GradientCertificate.gradient_estimate_eq_iff_ricci_zero' depends on axioms: [propext,
 Classical.choice,
 Quot.sound]
info: Poincare/D7/Bochner/Audit.lean:93:0: 'Poincare.D7.Bochner.GradientCertificate.gradient_estimate_eq_of_ricci_zero' depends on axioms: [propext,
 Classical.choice,
 Quot.sound]
info: Poincare/D7/Bochner/Audit.lean:94:0: 'Poincare.D7.Bochner.GradientCertificate.laplacianGradNormSq_nonneg' depends on axioms: [propext,
 Classical.choice,
 Quot.sound]
info: Poincare/D7/Bochner/Audit.lean:95:0: 'Poincare.D7.Bochner.GradientCertificate.ricci_nonneg' depends on axioms: [propext, Classical.choice, Quot.sound]
info: Poincare/D7/Bochner/Audit.lean:96:0: 'Poincare.D7.Bochner.GradientCertificate.ricciPairing_nonneg' depends on axioms: [propext, Classical.choice, Quot.sound]
info: Poincare/D7/Bochner/Audit.lean:97:0: 'Poincare.D7.Bochner.gradientCertificateOfData' depends on axioms: [propext, Classical.choice, Quot.sound]
info: Poincare/D7/Bochner/Audit.lean:101:0: 'Poincare.D7.Bochner.flatExampleCertificate' depends on axioms: [propext, Classical.choice, Quot.sound]
info: Poincare/D7/Bochner/Audit.lean:102:0: 'Poincare.D7.Bochner.curvedExampleCertificate' depends on axioms: [propext, Classical.choice, Quot.sound]
info: Poincare/D7/Bochner/Audit.lean:103:0: 'Poincare.D7.Bochner.flatExampleCertificate_ricci_zero' depends on axioms: [propext, Classical.choice, Quot.sound]
info: Poincare/D7/Bochner/Audit.lean:104:0: 'Poincare.D7.Bochner.flatExampleCertificate_identity' depends on axioms: [propext, Classical.choice, Quot.sound]
info: Poincare/D7/Bochner/Audit.lean:105:0: 'Poincare.D7.Bochner.curvedExampleCertificate_ricci' depends on axioms: [propext, Classical.choice, Quot.sound]
info: Poincare/D7/Bochner/Audit.lean:106:0: 'Poincare.D7.Bochner.curvedExampleCertificate_ricci_pos' depends on axioms: [propext, Classical.choice, Quot.sound]
info: Poincare/D7/Bochner/Audit.lean:107:0: 'Poincare.D7.Bochner.curvedExampleCertificate_hessNormSq' depends on axioms: [propext, Classical.choice, Quot.sound]
info: Poincare/D7/Bochner/Audit.lean:108:0: 'Poincare.D7.Bochner.curvedExampleCertificate_bochner' depends on axioms: [propext, Classical.choice, Quot.sound]
info: Poincare/D7/Bochner/Audit.lean:109:0: 'Poincare.D7.Bochner.flatExampleGradient' depends on axioms: [propext, Classical.choice, Quot.sound]
info: Poincare/D7/Bochner/Audit.lean:110:0: 'Poincare.D7.Bochner.curvedExampleGradient' depends on axioms: [propext, Classical.choice, Quot.sound]
info: Poincare/D7/Bochner/Audit.lean:111:0: 'Poincare.D7.Bochner.curvedExampleGradient_laplacianGradNormSq' depends on axioms: [propext,
 Classical.choice,
 Quot.sound]
info: Poincare/D7/Bochner/Audit.lean:112:0: 'Poincare.D7.Bochner.curvedExampleGradient_hessNormSq' depends on axioms: [propext, Classical.choice, Quot.sound]
info: Poincare/D7/Bochner/Audit.lean:113:0: 'Poincare.D7.Bochner.curvedExampleGradient_estimate' depends on axioms: [propext, Classical.choice, Quot.sound]
info: Poincare/D7/Bochner/Audit.lean:114:0: 'Poincare.D7.Bochner.curvedExampleGradient_estimate_strict' depends on axioms: [propext, Classical.choice, Quot.sound]
info: Poincare/D7/Bochner/Audit.lean:115:0: 'Poincare.D7.Bochner.flatExampleGradient_estimate_eq' depends on axioms: [propext, Classical.choice, Quot.sound]
info: Poincare/D7/Bochner/Audit.lean:116:0: 'Poincare.D7.Bochner.flatExampleGradient_laplacianGradNormSq' depends on axioms: [propext, Classical.choice, Quot.sound]
info: Poincare/D7/Bochner/Audit.lean:117:0: 'Poincare.D7.Bochner.RawGradientModel' depends on axioms: [propext, Classical.choice, Quot.sound]
info: Poincare/D7/Bochner/Audit.lean:118:0: 'Poincare.D7.Bochner.negativeControl' depends on axioms: [propext, Classical.choice, Quot.sound]
info: Poincare/D7/Bochner/Audit.lean:119:0: 'Poincare.D7.Bochner.negativeControl_ricci_neg' depends on axioms: [propext, Classical.choice, Quot.sound]
info: Poincare/D7/Bochner/Audit.lean:120:0: 'Poincare.D7.Bochner.negativeControl_estimate_fails' depends on axioms: [propext, Classical.choice, Quot.sound]
info: Poincare/D7/Bochner/Audit.lean:121:0: 'Poincare.D7.Bochner.euclideanCertificate_zero_identity' depends on axioms: [propext, Classical.choice, Quot.sound]
info: Poincare/D7/Bochner/Audit.lean:125:0: 'Poincare.D7.Bochner.BlockerHessian' does not depend on any axioms
info: Poincare/D7/Bochner/Audit.lean:126:0: 'Poincare.D7.Bochner.BlockerLaplaceBeltrami' does not depend on any axioms
info: Poincare/D7/Bochner/Audit.lean:127:0: 'Poincare.D7.Bochner.BlockerRoughLaplacian' does not depend on any axioms
info: Poincare/D7/Bochner/Audit.lean:128:0: 'Poincare.D7.Bochner.BlockerManifoldCurvature' does not depend on any axioms
info: Poincare/D7/Bochner/Audit.lean:129:0: 'Poincare.D7.Bochner.BlockerBochnerWeitzenbock' does not depend on any axioms
info: Poincare/D7/Bochner/Audit.lean:130:0: 'Poincare.D7.Bochner.BlockerHessian_ne_nil' depends on axioms: [propext, Classical.choice, Quot.sound]
info: Poincare/D7/Bochner/Audit.lean:131:0: 'Poincare.D7.Bochner.BlockerLaplaceBeltrami_ne_nil' depends on axioms: [propext, Classical.choice, Quot.sound]
info: Poincare/D7/Bochner/Audit.lean:132:0: 'Poincare.D7.Bochner.BlockerRoughLaplacian_ne_nil' depends on axioms: [propext, Classical.choice, Quot.sound]
info: Poincare/D7/Bochner/Audit.lean:133:0: 'Poincare.D7.Bochner.BlockerManifoldCurvature_ne_nil' depends on axioms: [propext, Classical.choice, Quot.sound]
info: Poincare/D7/Bochner/Audit.lean:134:0: 'Poincare.D7.Bochner.BlockerBochnerWeitzenbock_ne_nil' depends on axioms: [propext, Classical.choice, Quot.sound]
info: Poincare/D7/Bochner/Audit.lean:135:0: 'Poincare.D7.Bochner.SmoothBochnerDatum' depends on axioms: [propext, Classical.choice, Quot.sound]
info: Poincare/D7/Bochner/Audit.lean:136:0: 'Poincare.D7.Bochner.IsSmoothBochnerDatum' depends on axioms: [propext, Classical.choice, Quot.sound]
info: Poincare/D7/Bochner/Audit.lean:137:0: 'Poincare.D7.Bochner.SmoothBochnerFormulaStatement' depends on axioms: [propext, Classical.choice, Quot.sound]
info: Poincare/D7/Bochner/Audit.lean:138:0: 'Poincare.D7.Bochner.SmoothBochnerWeitzenbockStatement' depends on axioms: [propext, Classical.choice, Quot.sound]
info: Poincare/D7/Bochner/Audit.lean:139:0: 'Poincare.D7.Bochner.SmoothBochnerGradientEstimateStatement' depends on axioms: [propext, Classical.choice, Quot.sound]
info: Poincare/D7/Bochner/Audit.lean:140:0: 'Poincare.D7.Bochner.SmoothBochnerDatum.zero' depends on axioms: [propext, Classical.choice, Quot.sound]
info: Poincare/D7/Bochner/Audit.lean:141:0: 'Poincare.D7.Bochner.SmoothBochnerDatum.zero_not_isSmooth_of_nontrivial' depends on axioms: [propext,
 Classical.choice,
 Quot.sound]
info: Poincare/D7/Bochner/Audit.lean:142:0: 'Poincare.D7.Bochner.SmoothBochnerDatum.isSmooth_zero_of_isEmpty' depends on axioms: [propext,
 Classical.choice,
 Quot.sound]
info: Poincare/D7/Bochner/Audit.lean:143:0: 'Poincare.D7.Bochner.MissingMathlibDependencies' does not depend on any axioms
info: Poincare/D7/Bochner/Audit.lean:144:0: 'Poincare.D7.Bochner.PresentMathlibDependencies' does not depend on any axioms
info: Poincare/D7/Bochner/Audit.lean:145:0: 'Poincare.D7.Bochner.MissingMathlibDependencies_ne_nil' depends on axioms: [propext]
info: Poincare/D7/Bochner/Audit.lean:146:0: 'Poincare.D7.Bochner.MissingMathlibDependencies_length' does not depend on any axioms
info: Poincare/D7/Bochner/Audit.lean:147:0: 'Poincare.D7.Bochner.PresentMathlibDependencies_ne_nil' depends on axioms: [propext]
info: Poincare/D7/Bochner/Audit.lean:148:0: 'Poincare.D7.Bochner.PresentMathlibDependencies_length' does not depend on any axioms
Build completed successfully (3536 jobs).
