$ lake env lean Poincare/Longrun/PDE/AxiomAudit.lean
# cwd: /data/home/guoshaoyang/workdir/lean_poincare/longrun/worktrees/D9-adversarial-audit-release/release
# date: 2026-09-10T02:27:35.320143+00:00
'Poincare.Longrun.PDE.zeroExtend' depends on axioms: [propext, Classical.choice, Quot.sound]
'Poincare.Longrun.PDE.discreteLaplacian' depends on axioms: [propext, Classical.choice, Quot.sound]
'Poincare.Longrun.PDE.heatStep' depends on axioms: [propext, Classical.choice, Quot.sound]
'Poincare.Longrun.PDE.HeatGridEvolution' depends on axioms: [propext, Classical.choice, Quot.sound]
'Poincare.Longrun.PDE.heatStep_eq_discreteLaplacian' depends on axioms: [propext, Classical.choice, Quot.sound]
'Poincare.Longrun.PDE.HeatGridEvolution.step_eq_discreteLaplacian' depends on axioms: [propext,
 Classical.choice,
 Quot.sound]
'Poincare.Longrun.PDE.HeatGridEvolution.step_eq_heatStep' depends on axioms: [propext, Classical.choice, Quot.sound]
'Poincare.Longrun.PDE.HeatGridEvolution.step_eq_convex' depends on axioms: [propext, Classical.choice, Quot.sound]
'Poincare.Longrun.PDE.zeroExtend_le' depends on axioms: [propext, Classical.choice, Quot.sound]
'Poincare.Longrun.PDE.heatStep_le' depends on axioms: [propext, Classical.choice, Quot.sound]
'Poincare.Longrun.PDE.HeatGridEvolution.succ_le' depends on axioms: [propext, Classical.choice, Quot.sound]
'Poincare.Longrun.PDE.HeatGridEvolution.le_of_initial_le' depends on axioms: [propext, Classical.choice, Quot.sound]
'Poincare.Longrun.PDE.HeatGridEvolution.le_sup'_initial' depends on axioms: [propext, Classical.choice, Quot.sound]
'Poincare.Longrun.PDE.strict_grid_max_principle_max' depends on axioms: [propext, Classical.choice, Quot.sound]
'Poincare.Longrun.PDE.strict_grid_max_principle' depends on axioms: [propext, Classical.choice, Quot.sound]
'Poincare.Longrun.PDE.energy' depends on axioms: [propext, Classical.choice, Quot.sound]
'Poincare.Longrun.PDE.convex_combo_sq_le' depends on axioms: [propext, Classical.choice, Quot.sound]
'Poincare.Longrun.PDE.heatStep_sq_le' depends on axioms: [propext, Classical.choice, Quot.sound]
'Poincare.Longrun.PDE.sum_shift_pred' depends on axioms: [propext, Classical.choice, Quot.sound]
'Poincare.Longrun.PDE.sum_shift_succ' depends on axioms: [propext, Classical.choice, Quot.sound]
'Poincare.Longrun.PDE.energy_heatStep_le' depends on axioms: [propext, Classical.choice, Quot.sound]
'Poincare.Longrun.PDE.energy_nonneg' depends on axioms: [propext, Classical.choice, Quot.sound]
'Poincare.Longrun.PDE.energy_step_le' depends on axioms: [propext, Classical.choice, Quot.sound]
'Poincare.Longrun.PDE.HeatGridEvolution.energy_succ_le' depends on axioms: [propext, Classical.choice, Quot.sound]
'Poincare.Longrun.PDE.HeatGridEvolution.energy_nonincreasing' depends on axioms: [propext, Classical.choice, Quot.sound]
'Poincare.Longrun.PDE.ContinuousHeatHypotheses' depends on axioms: [propext, Classical.choice, Quot.sound]
'Poincare.Longrun.PDE.ContinuousHeatMaximumPrincipleInterface' depends on axioms: [propext,
 Classical.choice,
 Quot.sound]
'Poincare.Longrun.PDE.continuousHeatHypotheses_zero' depends on axioms: [propext, Classical.choice, Quot.sound]
'Poincare.Longrun.PDE.continuousHeatHypotheses_affine' depends on axioms: [propext, Classical.choice, Quot.sound]
'Poincare.Longrun.PDE.continuousHeatHypotheses_quadratic' depends on axioms: [propext, Classical.choice, Quot.sound]
'Poincare.Longrun.PDE.continuousHeatMaxPrinciple_zero' depends on axioms: [propext, Classical.choice, Quot.sound]
'Poincare.Longrun.PDE.continuousHeatMaxPrinciple_of_timeIndependent' depends on axioms: [propext,
 Classical.choice,
 Quot.sound]
'Poincare.Longrun.PDE.continuousHeatMaxPrinciple_affine' depends on axioms: [propext, Classical.choice, Quot.sound]
'Poincare.Longrun.PDE.continuousHeatMaxPrinciple_quadratic' depends on axioms: [propext, Classical.choice, Quot.sound]
