dsh: reasoning:
Let me start by exploring the worktree to understand the existing structure and checkpoint state.
dsh: reasoning:
The checkpoint.json wasn't shown. Let me look at it and the existing D11 files.
dsh: reasoning:
There's already work in D11/ReducedVolume. The checkpoint.json is at the root of the worktree (I saw it in the first listing: `-rw------- 1 guoshaoyang guoshaoyang 14525 Sep 11 03:05 checkpoint.json` at root). Let me read it.
dsh: reasoning:
The checkpoint says the phase is COMPLETE and the task is already marked TASK_DONE. But the task instruction says: "Continue from existing files and checkpoint.json in this worktree; do not restart completed work." and "Last line: TASK_DONE or TASK_BLOCKED with the card path."

So the work appears already done. My job is to verify the current state is still valid: compile all files, check axioms, check the result card exists and ends with TASK_DONE, and update checkpoint if needed. Let me check the current state of everything:

1. Check the result card ends with TASK_DONE.
2. Re-run the compile gate: `lake env lean` each file, exit 0.
3. Re-run axiom audit.
4. Check forbidden tokens.
5. Update checkpoint.json to current time if it's stale.

Let me look at the checkpoint.json more fully and the result card's last lines, then run verification.
dsh: reasoning:
The task is complete from prior sessions. My job now is to do a fresh verification pass (since this is a new invocation limited to 4 hours):

1. Re-run per-file compile gate: `lake env lean` on each of the 7 files from worktree root.
2. Re-run axiom audit.
3. Re-run forbidden token scan.
4. Check `lake build`.
5. Update checkpoint.json with fresh verification timestamps (keep it current).
6. Confirm result card last line is TASK_DONE.

Let me run the verification. First, check the tools available (scan_forbidden.py exists at input/d5-tools/). Let me start the compile gates in the background and meanwhile inspect the source files to confirm content quality.

Let me set up a todo list and run the gates.
dsh: reasoning:
7/7 compile exit 0, no warnings/errors. Now run the axiom audit, forbidden token scan, and lake build.
dsh: reasoning:
The axiom audit ran and printed all axioms. Let me parse the raw log to confirm the distribution: 71 x [propext, Classical.choice, Quot.sound], 2 x [], 1 x [propext]. The Audit.lean module itself may print a summary. Let me check for any nonstandard axioms in the log, and produce the JSON summary as done before. Then run lake build.
dsh: reasoning:
The grep pattern for multi-line axioms split across lines. The "depends on axioms: [propext," entries are ones where the axioms list is split over multiple lines (e.g. `[propext,\n Classical.choice,\n Quot.sound]`). My parser needs to handle multi-line. The previous audit recorded 74 declarations; here I see 72 with my single-line parser, missing the multi-line ones. Let me redo the parse handling multi-line. Actually wait — the previous sessions reported "74/74 declarations; 71 x [propext, Classical.choice, Quot.sound], 2 x [], 1 x [propext]". Here I got 72 single-line entries: 44 full-cone + 28 propext-only. The multi-line entries (continuation lines starting with spaces like " Classical.choice,") got lost. Let me redo with a proper multi-line parser.

Also the grep -v filter for nonstandard printed the "[propext,\n..." lines because they don't literally match "[propext, Classical.choice, Quot.sound]" on one line... Actually those lines ARE "[propext," split over lines — they match `\[propext\]`? No. grep -v '\[propext\]' doesn't remove "depends on axioms: [propext,\n Classical.choice,\n Quot.sound]" because the whole line is "…[propext," — wait the first line of that entry is "'name' depends on axioms: [propext," which does NOT contain "[propext]" exactly ([propext, has a comma). So it's flagged by my crude grep. Fine — the real parser handles it.

Let me redo the parser to handle multi-line axiom lists.
dsh: reasoning:
Now 71 + 1 = 72 declarations with 0 nonstandard. Previously the audit reported 74 declarations: 71 x full, 2 x [], 1 x [propext]. Here I get 72 total: 71 full + 1 propext. The difference: previously there were 2 with cone [] — those are declarations that don't depend on any axiom and hence don't produce a "depends on axioms" line at all (e.g., plain defs like `ReducedVolumeMonotonicityTheorem : Prop` which is a def, not a theorem... actually a def of a Prop with a body would depend on axioms used in the body; a def without proof content might have no axioms).

Wait — `#print axioms` only prints declarations that depend on axioms. Declarations with empty axiom set are not printed (the `#print axioms` command prints "no axioms" or nothing?). Actually in Lean 4, `#print axioms foo` prints "'foo' depends on axioms: []" — hmm, in some versions it prints nothing if the set is empty... Actually it prints `'foo' does not depend on any axioms` in some versions? Let me check the audit log — the Audit.lean module probably prints declarations that are checked to have allowed cones, plus a summary. Let me look at the Audit.lean and the raw log to see the total count and how the previous sessions counted 74.

Actually earlier session counts were 74/74 declarations audited: 71 x full cone, 2 x [], 1 x [propext]. Total = 74. My parser found 72 lines with "depends on axioms". The 2 with [] either printed differently (e.g., "'foo' does not depend on any axioms" or the `#print axioms` in this Lean version prints `depends on axioms: []`?). Let me check the raw log.
dsh: reasoning:
The 2 empty-cone declarations print "does not depend on any axioms". So the total audited is 72 + 2 = 74 declarations: 71 full cone, 2 empty, 1 propext-only. This matches the prior sessions' report exactly. Let me update the audit JSON accordingly and also record the two empty-cone names.
dsh: reasoning:
Axiom audit: 74 declarations — 71 × {propext, Classical.choice, Quot.sound}, 1 × {propext}, 2 × {} — 0 nonstandard. Matches prior sessions.

lake build: exit 0, 9155 jobs, "Build completed successfully". The two `info:` lines about `SobolevSpace`/`UniformC2Estimate` are just info messages from a D7 Probe file (pre-existing D7 content, not D11; they're info diagnostics from `#check`-style commands, not errors — exit 0 confirms).

Wait, those info lines say "Unknown identifier" — that's `info` severity (from something like `#check` on nonexistent identifiers... actually unknown identifier would be an error normally. But these are in a Probe file — maybe guarded with `#guard_msgs` or they're inside `def` bodies that don't get elaborated? Actually if a file has an error, lake build would fail. Exit 0 means these are recorded as `info`-level messages deliberately (e.g., `set_option autoImplicit` ... no). Some D7 Probe files use `#check` with `expected_failure` comments or `-- Lean may emit info diagnostics`. Since lake build exited 0 and this is pre-existing D7 code not authored by D11, it's not our concern — it appeared in prior sessions too presumably. Let me quickly confirm these lines are pre-existing and appear in prior logs (they don't block anything).

Now: source integrity check vs card hashes, forbidden scan output capture, then update the checkpoint and card.

Let me check the card section 1 hashes and compare with current files.
dsh: reasoning:
The four content-module hashes match the card (Basic `388b62aef7d5d82c`, StraightRays `16a1fa770ed2ccce`, Volume `a6d2bf62fc279a33`, Statements `c823d0e7b7e07961`). Forbidden scan: 0 hard, 0 soft. All good.

Also let me verify the card's section 1 has hashes for All/Probe/Audit as well (the card table likely has 7 rows; the grep -A9 only showed 4+header). Let me check the full table quickly and verify content spot-checks: the key named Props. Let me do a quick content spot check of the main theorem statements to confirm everything the task requires is present:

1. flatLlength = ∫ √τ (|γ'|² + R) dτ with R=0
2. reduced distance ℓ = |x|²/4τ
3. L-geodesics = straight rays
4. reduced volume integrand = Gaussian, reduced volume = 1
5. named monotonicity theorem Prop + manifold interface with field-by-field instantiation
6. print axioms clean

Let me grep the key declarations.
dsh: reasoning:
Everything is present and matches. Now let me do a final content spot-check on the key theorem statements (read a few critical spots to make sure they state the right things — e.g. `flatLIntegrand`, `heatKernelReducedDistance_eq`, `reducedVolume_eq_one`, `ReducedVolumeMonotonicityTheorem` def). Quick spot-reads.
dsh: reasoning:
All content verified. Now update checkpoint.json to a fresh verification (this session — session15) and append a short session note to the result card. Let me check the current checkpoint.json top-level structure first, then update it minimally and correctly. The checkpoint says phase COMPLETE with various reverification blocks. I'll update `updated_at` and add a fresh_reverification entry for session15 (2026-09-11), and append a session 15 section to the card.

First let me see the full checkpoint JSON to edit it correctly.
dsh: reasoning:
Now append a session 15 section to the result card, before the final "**Last line:**" line. Let me check the exact tail structure of the card to edit precisely.
dsh: reasoning:
Now update the .json card's `generated_at` / add a session15 note? The JSON has a `generated_at` and possibly a `reverification` field. Let me check the JSON's structure for a reverification list and add session15, keeping verdict TASK_DONE. Also update checkpoint status block to note session15.
dsh: reasoning:
Now update the checkpoint's status block and top-level fields to reflect session15, and make sure the final_line and card_path are correct. Also update `updated_at`. Let me also update the checkpoint's status.reverification line. Then do a final check of the card last line and update todos.
dsh: reasoning:
Everything is verified and the checkpoint/card updated. The task was already complete from prior sessions, and I've re-verified everything fresh in this session (session15):

1. ✅ 7/7 files compile with `lake env lean`, exit 0, 0 warnings/errors.
2. ✅ Axiom audit: 74 declarations — 71 × {propext, Classical.choice, Quot.sound}, 1 × {propext}, 2 × {} — 0 nonstandard.
3. ✅ Forbidden tokens: 0 hard, 0 soft.
4. ✅ lake build exit 0 (9155 jobs).
5. ✅ Source hashes match the card.
6. ✅ Content spot-check: all required named Props and theorems present and proved.
7. ✅ Checkpoint.json updated; result card (.md + .json) updated with session 15 verification.

The card's last line is TASK_DONE with the card path. Done. Final report.
All verification gates pass. The task was already complete from prior sessions; this session performed a fresh full re-verification and refreshed the checkpoint/result card.

## D11-reduced-volume-euclidean — final status: TASK_DONE

**Fresh session-15 gates (all re-run this session from the worktree root):**

| gate | result |
| --- | --- |
| per-file compile (`lake env lean`, 7 files) | **7/7 exit 0, 0 warnings, 0 error lines** (`longrun/d11rve-session15/`) |
| whole release `lake build` | **exit 0** — "Build completed successfully (9155 jobs)" |
| `#print axioms` audit (`Audit.lean`) | **74/74 declarations**: 71 × `{propext, Classical.choice, Quot.sound}`, 1 × `{propext}`, 2 × `{}`; **0 nonstandard** |
| forbidden tokens (`scan_forbidden.py`) | **0 hard, 0 soft** over 7 files |
| source integrity | 4/4 content modules match card sha256 prefixes (Basic `388b62aef7d5d82c`, StraightRays `16a1fa770ed2ccce`, Volume `a6d2bf62fc279a33`, Statements `c823d0e7b7e07961`) |

**Content spot-check — every task item present and proved in `release/Poincare/D11/ReducedVolume/`:**
1. `flatLIntegrand = √τ·(0+|γ'|²)` (R=0 flat case), `heatKernelReducedDistance = -log((4πτ)^{n/2} K)`, `heatKernelReducedDistance_eq : ℓ = |x|²/(4τ)` from D10 heat-kernel asymptotics, agreement with the D7 variational reduced length.
2. `LMinimizer_eq_straightRay` / `minimizer_iff_eq_straightRay` (L-geodesics from the origin are exactly the straight rays, via the completing-the-square deficit), `reducedVolumeIntegrand_eq_gaussianKernel`, `reducedVolume_eq_one` (`Ṽ(τ) = 1` for all τ>0), `reducedVolume_constant`, and the integral of `τ^{-n/2} exp(-ℓ)` via the D10 Gaussian toolbox.
3. Named `Prop`s `ReducedVolumeMonotonicityTheorem` (a `def … : Prop`, not an axiom) and `ManifoldReducedVolumeInterface`, with field-by-field Euclidean instantiation theorems (`euclideanManifoldReducedVolumeInterface_flow/dimension/reducedDistance/reducedVolume`, `euclidean_manifoldReducedVolumeMonotonicity`, `euclideanReducedVolumeCertificate`, `euclideanJacobianComparisonInterface`, `EuclideanReducedVolumeAnchor`) consumed by D7-reduced-length-volume.
4. No `sorry`/`axiom`/`unsafe`/`native_decide`/`proof_wanted` anywhere; axiom cones only `{}`, `{propext}`, `{propext, Classical.choice, Quot.sound}`.

`checkpoint.json` and both result cards (`.md` section 20, `.json` session entry) updated with this session's verification; verdict unchanged.

TASK_DONE — card: `longrun/results/D11-reduced-volume-euclidean.md`
