dsh: reasoning:
Let me start by exploring the worktree to understand the current state, the checkpoint, and the existing codebase structure.
dsh: reasoning:
Let me look at the existing D11 files and checkpoint.
dsh: reasoning:
The task appears to be largely complete from a previous session. The checkpoint says phase COMPLETE with TASK_DONE verdict, and all verification re-runs clean. Let me look at the current state of the D11 files and the result card to verify everything is in order, then do a final fresh verification in this session and update checkpoint/results.

Let me check:
1. The result card content (last line TASK_DONE)
2. The source files
3. Fresh compile check
4. Axiom audit
5. Forbidden tokens

Let me first look at the result card and the source files.
dsh: reasoning:
The task was previously completed and reverified multiple times. The checkpoint phase is COMPLETE. My job in this session: continue from the existing state, do a fresh verification pass (compile every authored file with `lake env lean`, run the axiom audit, forbidden token scan, and lake build), then update checkpoint.json and make sure results card is current. Since the task may need to keep checkpoint/results current for high-frequency relay, I should do a fresh gate run now and record it.

Let me create a goal for this long-running task? The task is mostly verification. The instruction says "Continue from existing files and checkpoint.json in this worktree; do not restart completed work." So the main work is to re-verify and keep checkpoint current. This is fairly quick — a fresh compile pass and audit. Let me not create a goal since this is bounded work (compile + audit + write checkpoint). Actually, the task instructions say "long-running Lean builder" and four-hour limit, save checkpoints every 30 min. But the actual work remaining is just verification. I'll do the verification directly without a goal; it should take minutes.

Plan:
1. Fresh compile of 7 files with `lake env lean` from worktree root, capture exit codes.
2. Run axiom audit (Audit.lean), parse cones.
3. Forbidden token scan with input/d5-tools/scan_forbidden.py.
4. `lake build` whole release.
5. Verify source hashes match card.
6. Update checkpoint.json with new reverification entry and update result card with a new session section? The card already has 4 re-verification sections. The instructions say "Only your own longrun/results/D11-reduced-volume-euclidean.md can complete this task" and "keep checkpoint.json/results current". I could add a section 10 re-verification for this session. But wait — modifying the card would change its hash/sha256? The card itself isn't in the files list. It's fine to append a new re-verification section to the .md and update .json's reverified_at.

Actually, should I be careful: the task says the card is the completion evidence. The previous session wrote it. This session should verify freshness and update checkpoint.json (which lives at worktree root). I'll append a new section to the md card and update the json accordingly.

Let me first check the tools: input/d5-tools/scan_forbidden.py exists? Let me check. Also check how the compile gate was run previously (logs). Also check the git status of the worktree maybe.

Let me run the verification steps in parallel:
- compile all 7 files
- run scan_forbidden
- run Audit.lean

Then lake build. Then update checkpoint and card.

First, check toolchain: `lake env lean --version` and the scan tool.
dsh: reasoning:
Everything is in place. Now run the fresh gate: compile 7 files, in a new session5 directory. Run in background since compile may take a few minutes? Each file compile probably takes 30-60s. Let me run them sequentially in a script in the background, and meanwhile do the forbidden-token scan and hashes in the foreground.
dsh: reasoning:
Wait — the background job was started from within `longrun/d11rve-session5` but the command references `../release/...`. Let me check: workdir is the worktree root, and I did `mkdir -p longrun/d11rve-session5 && cd longrun/d11rve-session5`. So `../release/Poincare/...` resolves to `longrun/release/...` — WRONG! `cd longrun/d11rve-session5` then `../release` is `longrun/release`. That's incorrect. Let me check the job output.

Actually wait, I wrote `lake env lean ../release/Poincare/D11/ReducedVolume/$F.lean` after `cd longrun/d11rve-session5`. That's a bug — should be `../../release/...`. Let me check the job output to see failures.
dsh: reasoning:
As suspected: my relative path was wrong (`../release` from inside `longrun/d11rve-session5` resolves to `longrun/release`). All 7 exit codes are 1 — path errors, not Lean errors. Let me verify by checking one log, then rerun with correct paths (run `lake env lean` from worktree root with absolute-ish correct relative paths).
dsh: reasoning:
Hashes match the card's recorded sha256 values exactly (7/7). 

Now while compile runs, let me review the actual Lean source files briefly to make sure they're genuine (not stubs), since I'm responsible for the completion claim. Let me read the main files. Also check the D7-consumed interface references. But the primary work is done; a quick review of Basic.lean and Volume.lean and Statements.lean for sanity is good practice.
dsh: reasoning:
Interesting — the second background job already finished? That seems fast for compiling 7 files... Actually wait, it says "finished [status: completed, exit code: 0]". Let me read the output. Hmm, but it may be that the job output notice came in quickly because compilation is cached? No — `lake env lean` recompiles from scratch (it doesn't use olean cache unless imports are precompiled... actually `lake env lean file.lean` will re-elaborate the file and its imports; the imports are cached in .lake/build, so the imports are fast, and the file itself is relatively small). Previous sessions show this gate works and takes a bit of time. Let me check the output.
dsh: reasoning:
Still exit 1 for all. The log head shows the old failed path `../release/...` from the FIRST job (the `head -3` at the start of the command printed the old file before rm). But the new compile also returned 1 for each. Let me look at the actual compile log content now to see the error.
dsh: reasoning:
The error is `unknown module prefix 'Poincare'` — the search path doesn't include the release package's build directory. This happens because when running `lake env lean` from a subdirectory with a relative path to the file, lake env should still set LEAN_PATH based on the package... Actually `lake env lean <file>` works when run from the package root (where lakefile.toml is), because `lake env` sets LEAN_PATH to include `release/.lake/build/lib`. The search path entries shown are only the toolchain's lib/lean — so LEAN_PATH is empty. That means `lake env` did not detect the lakefile from `longrun/d11rve-session5` (it walks up? Lake searches for lakefile in current dir only, I believe).

Previous sessions ran `lake env lean release/Poincare/D11/ReducedVolume/<F>.lean` from the worktree root — with the file path relative to the root. So I must run from the worktree root (or anywhere with the lakefile in cwd). The prior session log directory `longrun/d11rve-session4/compile_*.log` shows they ran from root and redirected output to that dir.

Fix: run from worktree root with `lake env lean release/Poincare/D11/ReducedVolume/$F.lean > longrun/d11rve-session5/compile_$F.log`.
dsh: reasoning:
While this runs (probably a few minutes for 7 files), let me review the other source files to confirm their mathematical content.
dsh: reasoning:
Volume.lean looks genuine: it uses `gaussianKernel_integral` from D10 HeatKernelEuclidean.Mass. Good.

Let me look at StraightRays.lean and Statements.lean.
dsh: reasoning:
StraightRays.lean is a genuine, complete proof: straight rays, uniqueness of L-minimizers, etc. This looks like real mathematics.

Let me check the compile job status and then look at Statements.lean.
dsh: reasoning:
Compile is running, 3/7 done with exit 0. Let me review Statements.lean meanwhile.
dsh: reasoning:
Statements.lean is a genuine, complete module with the named Props, manifold interface, and field-by-field Euclidean instantiation. All look solid.

Now let me check the compile job status.
dsh: reasoning:
5/7 compiled clean. Probe and Audit remain. Meanwhile, let me look at All.lean, Probe.lean, Audit.lean quickly.
dsh: reasoning:
All files look genuine and complete. Now wait for the compile job to finish, then run the axiom audit parsing and lake build. Let me check the job.
dsh: reasoning:
7/7 exit 0. Now:
1. Run the axiom audit: parse `#print axioms` output from Audit.lean compile log into a JSON summary. Prior sessions did this; let me do the same: grep the axiom cones from compile_Audit.log.
2. Check for warnings in compile logs.
3. Run lake build (whole release) — this takes a while but is cached; run in background.
4. Update checkpoint.json and result card with new session re-verification section.

Let me parse the axiom audit from the Audit compile log, check warnings, and kick off lake build in the background.
dsh: reasoning:
The parsing regex was wrong: it didn't capture the "depends on axioms" lines properly. The actual `#print axioms` output format in Lean 4 is like:

```
'someName' depends on axioms: [propext, Classical.choice, Quot.sound]
```

But my regex expected `depends on axioms: \[([^\]]*)\]` on the SAME line with the name in quotes. The output shows the cones parsed incorrectly: 71 entries with `[Classical.choice, Quot.sound, propext]` (fine) but they're classified as nonstandard because my `allowed` tuple used `('propext','Classical.choice','Quot.sound')` while the sorted order from the parse was `Classical.choice, Quot.sound, propext`. That's just my ordering bug in the allowed set. Also 72 blocks vs 74 expected: two `[]` blocks and one `[propext]` block might be in the log but not matched by my regex (e.g., multiline output where axioms list wraps to the next line).

Let me look at the raw format of the audit log.
dsh: reasoning:
The format: some lines wrap (axiom list spans multiple lines). Also `does not depend on any axioms` is the empty-cone form. 74 declarations total = 72 "depends on axioms" lines + 2 "does not depend on any axioms". Let me write a proper parser handling multiline blocks.
dsh: reasoning:
The alternation in my regex: group(2) is "depends on axioms: [...]" or None for the second alternative... actually for the second alternative, group(1) and group(4)? Let me restructure with named alternation handling: `'name' depends on axioms: [...]` vs `'name' does not depend on any axioms`. My regex has groups: 1=name, 2=whole depends-clause, 3=inner list, and the last alternative also captures name into group 1? No — in my regex the name group is shared `'([^']+)'` followed by either alternative. Wait I wrote: `'([^']+)' (depends on axioms: \[(.*?)\]\s*|does not depend on any axioms)`. So group(2) is None only when the second alternative matched; then group(1) = name. That's what I did... but the error says m.group(3) is None and .split failed. That means group(2) was not None but group(3) is None? That happens if "does not depend" matched partially... Actually in Python `re`, with alternation `(A|B)`, groups from both alternatives exist; if B matches, group(2)=None. The code path `if m.group(2) is None` → append empty. Otherwise use group(3). For A matching, group(3) is the `(.*?)`. Hmm, but the error indicates group(3) was None while group(2) was not None. Maybe my regex matched `'...' depends on axioms: []` where `(.*?)` is empty string — that's not None, that's "". `.split` on "" returns [''] — filter removes. OK.

Wait, actually maybe the issue: for the "does not depend on any axioms" lines, my regex `'([^']+)' (depends...|does not depend...)` — the alternation might be matching... let me just rewrite more carefully.
dsh: reasoning:
Axiom audit clean: 74/74 declarations, cones: 71 × [propext, Classical.choice, Quot.sound], 1 × [propext], 2 × [], 0 nonstandard.

Now run the whole release `lake build` in the background, then update checkpoint and results.
dsh: reasoning:
While lake build runs, let me update the result card with a new session re-verification section and update checkpoint.json. First check the current time and git status.
dsh: reasoning:
Time is 2026-09-10T18:25Z. Interesting — the current date is Sep 11 in local time but UTC shows Sep 10 18:25, consistent with the checkpoint timestamps (18:21Z). Wait, the files show Sep 11 02:21 local (UTC+8). So it's 18:25Z now.

Hmm wait, actually the previous session4 verification was at 18:21Z and files timestamped Sep 11 02:21 local — that's only 4 minutes ago. So this session is a fresh continuation just minutes after the last one. Good.

Not a git repo (no output for git status). Let me wait for the lake build. Meanwhile, I could prepare the updated result card section. But let me wait for lake build to complete first (it may take several minutes even cached — 9155 jobs).

Actually, while waiting, I can update the checkpoint.json with the new session5 data once lake build finishes. Let me poll the job.
dsh: reasoning:
lake build exit 0, "Build completed successfully (9155 jobs)". The grep counted 14 "error" lines — but those are likely from the D7 release audit "PASS — no ... error" style lines or benign content. Let me check what those lines are to make sure they're not actual errors.
dsh: reasoning:
All 14 "error" lines are just D7 declaration names containing "error" (e.g. `ConsistencyCertificate.error`) in axiom-report info lines — benign. Zero actual build errors.

All gates are green for this session:
- 7/7 per-file compile exit 0, 0 warnings
- axiom audit 74/74: 71 × [propext, Classical.choice, Quot.sound], 1 × [propext], 2 × [], 0 nonstandard
- forbidden tokens 0/0
- lake build exit 0, 9155 jobs
- source hashes 7/7 match card

Now update:
1. checkpoint.json — update `updated_at` and add fresh_reverification entry (session5, 18:25Z).
2. Result card .md — append a section 10 re-verification.
3. Result .json — update `reverified_at` and session_reverification.

Let me do the edits. First the card md append: I'll add section 10 before "**Last line:**". Actually the card has sections 6-9 for previous sessions. I'll append section 10 after section 9 and before the Last line.
dsh: reasoning:
I read the file via bash `cat` earlier but the edit tool needs a `read` tool call. Let me read the tail of the card with the read tool first.
dsh: reasoning:
Now update the .json card: `reverified_at` and `session_reverification`. Let me read the JSON end part (I already saw its content from cat). I'll use python to update it — safer for JSON. Then update checkpoint.json.
dsh: reasoning:
Now verify the final state: card last line, JSON validity, exit_codes.txt content, and do a final sanity check that no authored file changed (hashes already verified). Also double-check `longrun/d11rve-session5/exit_codes.txt` and confirm the md card's last line.
dsh: reasoning:
Everything is in order:

- Fresh per-file compile: 7/7 exit 0, 0 warnings (this session, `longrun/d11rve-session5/`)
- Full release `lake build`: exit 0, 9155 jobs, 0 build errors
- Axiom audit: 74/74 declarations, cones only `{}`/`{propext}`/`{propext, Classical.choice, Quot.sound}`, 0 nonstandard
- Forbidden tokens: 0 hard, 0 soft
- Source hashes: 7/7 match the card
- Result card `.md` updated with section 10, last line is `TASK_DONE — card: longrun/results/D11-reduced-volume-euclidean.md`
- checkpoint.json updated: phase COMPLETE, updated_at 18:25:30Z, with the new session re-verification record

Mark todos complete and report TASK_DONE.
dsh: reasoning:
All work is done and verified. Report the final summary with TASK_DONE as the last line.
All gates re-verified green in this session. The D11 Euclidean reduced-volume task was already complete in prior sessions; this session did a full fresh re-verification (not a restart) and updated the relay artifacts.

## Fresh re-verification (2026-09-10T18:25Z, `longrun/d11rve-session5/`)

| gate | result |
| --- | --- |
| per-file compile `lake env lean release/Poincare/D11/ReducedVolume/<F>.lean` × 7 | **7/7 exit 0, 0 warnings** |
| whole release `lake build` | **exit 0**, "Build completed successfully (9155 jobs)", 0 build-error lines |
| `#print axioms` audit (74/74 declarations) | 71 × `{propext, Classical.choice, Quot.sound}`, 2 × `{}`, 1 × `{propext}`; **0 nonstandard** |
| forbidden-token scan | **0 hard, 0 soft** (7 files) |
| source integrity | sha256 of all 7 files match the card's recorded hashes (no drift) |

Mathematical content (unchanged, re-confirmed by review of sources):
- **Item 1** (`Basic.lean`): flat `L`-length `∫√τ(|γ'|²+R)dτ` with `R=0`; reduced distance `ℓ = -log((4πτ)^{n/2} K)` from D10 heat-kernel asymptotics; `ℓ(x,τ) = |x|²/4τ`.
- **Item 2** (`StraightRays.lean`, `Volume.lean`): L-geodesics from the origin are exactly the straight rays (minimality + uniqueness via completing-the-square deficit); integrand `τ^{-n/2} exp(-ℓ)` coincides with the Gaussian; reduced volume `Ṽ(τ) = 1` for all τ via the D10 Gaussian toolbox.
- **Item 3** (`Statements.lean`): named `ReducedVolumeMonotonicityTheorem` and `ManifoldReducedVolumeInterface` consumed by D7-reduced-length-volume, with field-by-field Euclidean instantiation (certificate, Jacobian comparison `(2√τ)ⁿ`, L-minimizer existence).

Artifacts updated: `checkpoint.json` (phase COMPLETE, new re-verification record) and `longrun/results/D11-reduced-volume-euclidean.md` (section 10 appended) / `.json` (`reverified_at` + `session_reverification`).

TASK_DONE — card: `longrun/results/D11-reduced-volume-euclidean.md`
