dsh: reasoning:
Let me start by understanding the current state of the worktree, the checkpoint file, and the existing codebase structure.
dsh: reasoning:
The checkpoint says the task is COMPLETE. But I should verify the current state carefully — the task requires me to continue from existing files and checkpoint, and not restart completed work. Let me check:

1. The existing files in `release/Poincare/D11/ReducedVolume/`
2. The result card `longrun/results/D11-reduced-volume-euclidean.md`
3. Verify compile status freshly.

The checkpoint shows extensive re-verification, all passing. But the instruction says "Only your own longrun/results/D11-reduced-volume-euclidean.md can complete this task." The checkpoint phase is "COMPLETE". Since the task is pre-scaffolded and marked complete, my job is to verify the state is genuinely complete and correct — re-verify compile + axioms + result card, and then report TASK_DONE.

Let me look at the actual files and the result card to confirm everything is in order. I need to be careful: maybe the task harness wants me to actually verify rather than blindly trust the checkpoint. Let me read the files.
dsh: reasoning:
The task is marked COMPLETE with extensive re-verification. The checkpoint says phase COMPLETE, and there are 12+ session re-verifications in the card. The task says "Continue from existing files and checkpoint.json in this worktree; do not restart completed work."

So the sensible action: the work is done. But I must be careful — the instruction says "Only your own longrun/results/D11-reduced-volume-euclidean.md can complete this task." Since the card exists and the checkpoint says COMPLETE, I should do one fresh verification round (compile gate, axiom audit, forbidden tokens) to make sure the current state on disk is genuinely green, update checkpoint.json with a fresh verification entry if needed, and then finalize.

Wait — but there's a subtlety. The checkpoint says "phase": "COMPLETE". The task instructs to continue from existing files, not restart completed work. My job now: verify the state is still green (compile 7/7, axioms only allowed, no forbidden tokens, card last line TASK_DONE), maybe add a new fresh re-verification section to the card with current timestamp, update checkpoint.json, and give the final answer.

Let me first check the four-hour budget: fresh full lake build takes a while (9155 jobs but cached). Let me check timings. First, do a quick per-file compile gate and forbidden-token scan in parallel, then axiom audit, then lake build.

Also I should verify the JSON result file exists and is consistent. Let me run the checks. First set up a todo list? This is mostly verification; a short todo list is reasonable.

Let me look at the JSON card briefly and then run the gates. Note the session12 log dir already exists. I'll create a new session13 (or "final") log directory.

Actually, before running full re-verification, let me quickly read the authored files to make sure they are genuinely what the card claims (spot-check key theorems) — that's a content sanity check against card drift. I'll read Basic.lean and Volume.lean quickly, plus Statements.lean key parts.
dsh: reasoning:
The files and cards exist and look consistent. Now run the fresh verification gates. Let me start with the per-file compile gate and the forbidden-token scan in parallel (independent), plus the axiom audit. Then the lake build (which takes longer — run in background).

Let me create a new session log directory, e.g. `longrun/d11rve-session13` (fresh for this invocation). Actually, the checkpoint has sessions up to session12. The card ends at section 17. I'll do a fresh verification round and append a new section 18 to the card.

Let me check what scan_forbidden.py expects. And check the exact compile commands used previously. Let me look at one of the previous logs to replicate the exact gate.
dsh: reasoning:
The compile logs are empty (files compiled cleanly with no output). Now let me run a fresh gate. I'll create a new session dir `longrun/d11rve-session13`, compile each of the 7 files with `lake env lean`, capture exit codes, run the forbidden scan, and run the axiom audit. Then lake build in the background.

Let me check how the axiom audit is parsed — look at the audit_raw.log and axiom_audit.json from session12 to replicate.
dsh: reasoning:
Good. Now I understand the gates. Let me run the fresh verification round in a new session directory `longrun/d11rve-session13`. I'll:

1. Compile each of the 7 files with `lake env lean` from worktree root, capturing exit codes (these take some time; the files import large D7/D10 modules — probably a few minutes total since they share the same imports; running sequentially could take a while. Let me check how long a single compile takes. Previous sessions did this fine. I can run the compiles in parallel in background? `lake env lean` per file — parallel compiles would compete for memory but with olean caches it's mostly fine. Let me be careful: mathlib is already built (9155 jobs cached), so each file compile is just elaboration of the file. Typically under a minute each. I'll run them sequentially in one background job, writing logs to the session dir.

2. Run the axiom audit: `lake env lean release/Poincare/D11/ReducedVolume/Audit.lean` and parse the output.

3. Forbidden scan.

4. `lake build` from worktree root (or `cd release && lake build`? The card says "whole release package" `cd release && lake build`... but also `lake build` at worktree root with the root lakefile shim. Previous session logs: let me check `longrun/d11rve-session12/lake_build.log` first line to see which directory. Actually checkpoint says "lake build exit 0 (from worktree root)". The root lakefile.toml is a "root gate shim". Let me check what it contains.

5. sha256 hashes vs card.

Let me first check the root lakefile and the timing of a single compile. Also check current disk state: `.lake` symlink to release/.lake.

Plan: start the compile gate in background (sequential loop over 7 files), and in parallel run the lake build in background. Also the forbidden scan is quick — run it in foreground now. The axiom audit runs after compiles complete (it imports the same modules; can run in the same background job after the compile loop).

Let me kick off the background job now.
dsh: reasoning:
Wait — the root lakefile.toml has `rev = "master"` for mathlib? That's odd, but lake-manifest.json pins the actual rev. It works since manifest pins 7974e751. OK.

Now start the background gate job and the lake build in parallel.
dsh: reasoning:
Forbidden scan: 0 hard, 0 soft — good. While the compile gate and lake build run in the background, let me verify the sha256 hashes against the card, and read the remaining content files (StraightRays.lean, Volume.lean, Statements.lean) to spot-check key theorems against card claims.
dsh: reasoning:
Lake build exit 0. Now check the build log tail for "Build completed successfully" and error-line count, then wait for the compile gate job.
dsh: reasoning:
Both background jobs are done:
- lake build: exit 0, "Build completed successfully (9155 jobs)". The 12 "error" grep hits are all `info:` lines from pre-existing D7 audit files (declaration names containing "error"), no actual build errors. Good.
- compile gate: completed exit 0. Let me check gate_exit_codes.txt and audit_raw.log.
dsh: reasoning:
Compile gate: 7/7 exit 0 + Audit exit 0. My regex parse of the audit log failed (decls parsed: 1) — the multi-line axiom lists don't match my regex. Let me parse more carefully. The audit log has 128 lines; previous parse gave 74 declarations. Let me use a better parser: split on lines starting with a quote.
dsh: reasoning:
72 declarations parsed with 71 x [propext, Classical.choice, Quot.sound] + 1 x [propext]. Previous sessions report 74/74 with 2 additional no-axiom declarations (`generalMonotonicityMissingDependencies`, `generalMonotonicityMissingDependencies_length` — which "does not depend on any axioms", so they're printed differently, not matching "depends on axioms"). Let me check the raw log for those lines.
dsh: reasoning:
Axiom audit fully matches previous sessions: 74 declarations, 71 × [propext, Classical.choice, Quot.sound], 1 × [propext], 2 × no axioms, 0 nonstandard.

All gates green:
- compile: 7/7 exit 0, 0 warnings (logs empty)
- lake build: exit 0, "Build completed successfully (9155 jobs)"
- axiom audit: 74/74, only allowed cones
- forbidden tokens: 0 hard, 0 soft
- hashes: 7/7 match card

Now I need to:
1. Verify the card's last line is TASK_DONE (it is — "**Last line:** TASK_DONE — card: ...").
2. Update checkpoint.json with a fresh verification entry and timestamp.
3. Optionally append a fresh re-verification section (18) to the result card and update the JSON card. The task instruction says "Save a compile-checked checkpoint at least every 30 minutes and keep checkpoint.json/results current for high-frequency relay." Since the work was already complete and everything is re-verified, I'll append a new session section to the md card and update the json card + checkpoint.

Let me check the end of the JSON card structure for how session_reverification entries are recorded, so I can append consistently. Let me view the JSON fields "reverification_sessions".
dsh: reasoning:
The JSON has "reverification_sessions" (4 entries, last = session12) and "session_reverification" (9 entries, apparently a list of session keys or maybe strings). Let me check what "session_reverification" contains and how "reverification_sessions" entries are keyed. Let me look more carefully — and get the current UTC time for the new entry.
dsh: reasoning:
Now I understand the JSON structure:
- `session_reverification`: a single dict of the latest session.
- `reverification_sessions`: a list of dicts (oddly keyed by 'session' with mixed values).

I'll update the JSON:
- `reverified_at`: 2026-09-10T19:02Z
- `session_reverification`: new entry for session13
- append to `reverification_sessions` a new dict with session "session13".

And append section 18 to the MD card with the same content, keeping the last line TASK_DONE.

Also update checkpoint.json: bump `updated_at`, add a fresh re-verification entry (the checkpoint already has many; I'll add `fresh_reverification_2026_09_10T19_02Z` with the results).

Let me read the exact tail of the md card to append cleanly. The card's last line is "**Last line:** TASK_DONE — card: `longrun/results/D11-reduced-volume-euclidean.md`". I'll insert section 18 before that last line.

Let me get the exact current tail of the md file.
dsh: reasoning:
Everything updated. Let me do a final sanity check that the modified JSON files are still valid, and do one more quick spot-check on key theorems in Volume.lean and StraightRays.lean to be thorough about the content (I already read Basic.lean and Statements.lean declaration list). Let me grep the key theorem statements in Volume.lean and StraightRays.lean.
dsh: reasoning:
Everything checks out. All gates freshly green, content matches the card, cards and checkpoint updated. Let me finalize the todo list and give the final report with TASK_DONE and card path as the last line.
The D11 task was already complete in this worktree; I continued from the checkpoint (phase COMPLETE), did not re-scaffold or restart work, and ran a full fresh verification round plus content spot-checks in this invocation. All gates green.

## Fresh verification (2026-09-10T19:02Z, `longrun/d11rve-session13/`)

| gate | result |
| --- | --- |
| per-file compile `lake env lean` × 7 | **7/7 exit 0, 0 warnings, 0 error lines** (`gate_exit_codes.txt`) |
| whole release package `lake build` | **exit 0** — "Build completed successfully (9155 jobs)"; the only `error` grep hits are pre-existing D7 `info:` audit-name lines |
| axiom audit (`Audit.lean`) | **74/74 declarations**: 71 × `[propext, Classical.choice, Quot.sound]`, 2 × no axioms, 1 × `[propext]`; **0 nonstandard** |
| forbidden tokens (`scan_forbidden.py`) | **0 hard, 0 soft** over 7 files |
| source integrity | sha256 of 7 authored files **7/7 match** card section 1 |

## Content spot-check (unchanged from card)

- **Item 1** (`Basic.lean`): `euclideanFlow` (R ≡ 0), `flatLIntegrand = √τ·(0+|γ'|²)`, `flatLlength_eq_LlengthAlong` vs the D7 interface, `heatKernelReducedDistance = -log((4πτ)^{n/2}K)`, `heatKernelReducedDistance_eq : ℓ = |x|²/(4τ)`, `heatKernel_asymptotics`.
- **Item 2** (`StraightRays.lean`, `Volume.lean`): `straightRay_length`, `LMinimizer_eq_straightRay`, `minimizer_iff_eq_straightRay` (L-geodesics = exactly straight rays), `flatDeficit_integral` completing-the-square; `reducedVolumeIntegrand_eq_gaussianKernel`, `reducedVolume_eq_one : Ṽ(τ) = 1`, `reducedVolume_constant`, `integral_reducedVolumeIntegrandUnnormalized` (`∫ τ^{-n/2}e^{-ℓ} = (4π)^{n/2}`).
- **Item 3** (`Statements.lean`): named `Prop`s `ReducedVolumeMonotonicityTheorem` and `ManifoldReducedVolumeInterface` with per-field reference theorems for the Euclidean instantiation (`flow := euclideanFlow n`, `dimension := n`, `reducedDistance := heatKernelReducedDistance n`, `reducedVolume := reducedVolume n`), `euclideanReducedVolumeCertificate`, `euclidean_reducedVolumeMonotonicity`, `flatLExponential_det`, `euclidean_jacobianComparison`, `EuclideanReducedVolumeAnchor`.

Result card and JSON appended with session-13 evidence; `checkpoint.json` refreshed (phase COMPLETE, all prior re-verifications preserved).

TASK_DONE — card: `longrun/results/D11-reduced-volume-euclidean.md`
