dsh: reasoning:
Let me start by exploring the worktree to understand the current state, including checkpoint.json and existing files.
dsh: reasoning:
The checkpoint says the task is COMPLETE. But I should verify this carefully. The checkpoint claims:
- 7 files authored
- 7/7 compile exit 0
- lake build exit 0
- axiom audit clean
- no forbidden tokens
- result card written

Given the instruction says "Continue from existing files and checkpoint.json in this worktree; do not restart completed work", and the checkpoint says phase COMPLETE, I should verify the current state is still valid and then confirm the result card. Let me check the release/Poincare/D11/ReducedVolume/ directory and the result card.
dsh: reasoning:
The task appears complete according to the checkpoint and multiple re-verification sessions. However, the instructions say I'm a long-running builder that should verify and keep things current. Given the checkpoint says COMPLETE and there have been 5+ fresh reverification sessions, the sensible approach is:

1. Do a final fresh verification myself: check files exist, compile them, run axiom audit, check forbidden tokens, verify result card integrity.
2. Update checkpoint.json with the new verification.
3. End with TASK_DONE.

Let me first check that the D11 directory files exist and read the result card to confirm its contents. Then run a fresh compile gate.
dsh: reasoning:
The task looks complete. As the current session, I should do one final fresh verification to confirm everything is still green, then update checkpoint.json with the current session's verification, and report TASK_DONE.

Let me run the verification gates myself:
1. Per-file compile with `lake env lean` × 7
2. `lake build` (may take a while — cached, so should be fast)
3. Axiom audit
4. Forbidden tokens scan
5. Source hash check vs card

Let me set up a todo list and start. First the per-file compiles in parallel (background job for speed). Actually let me run them sequentially in one bash command since each is quick (they're cached in .olean? No — `lake env lean` compiles fresh each time, using precompiled imports from the .lake build dir). Each file takes maybe 30-60s. Let me run them in one background command with all 7 files, then run lake build concurrently... Actually lake build would conflict with the per-file compiles? No — `lake env lean` on a file uses the same .olean outputs. Actually `lake env lean` will write .olean files to the same directory as lake build. Running both concurrently could race on the same .olean files. Better to run sequentially: first the 7 per-file compiles, then lake build, then audit, then scan.

Let me create a todo list and run the compile gate in the background.
dsh: reasoning:
While the compile runs in the background, let me look at the sources briefly to confirm content quality (no sorry/axiom, etc.) and check the tools. Let me also verify the sha256 hashes against the card.
dsh: reasoning:
Hashes match the card prefixes:
- All.lean: 0e8ef1d573d0f5e4 ✓
- Audit.lean: 51c19cfae339da9c ✓
- Basic.lean: 388b62aef7d5d82c ✓
- Probe.lean: 81ebdefe23630cca ✓
- Statements.lean: c823d0e7b7e07961 ✓
- StraightRays.lean: 16a1fa770ed2ccce ✓
- Volume.lean: a6d2bf62fc279a33 ✓

The grep matches are all in comments (the "no sorry..." claims in headers) and `#print axioms` commands. No actual `sorry`/`axiom` keywords. Good.

Let me check the compile job status and run the forbidden-token scan.
dsh: reasoning:
The scan is clean: 0 hard, 0 soft. The compile gate is running: Basic, StraightRays, Volume done with exit 0. Wait for the rest.
dsh: reasoning:
All 7 files compile with exit 0. Now run the axiom audit — the Audit.lean compile already ran `#print axioms`; let me extract the axiom cones from compile_Audit.log. Also run `lake build` for the whole release.
dsh: reasoning:
The regex didn't match. Let me look at the actual format of the Audit log output.
dsh: reasoning:
72 "depends on axioms" + 2 "does not depend on any axioms" = 74 blocks. The list is wrapped across lines, which broke my parser. Let me parse more robustly: read blocks between `'X' depends on axioms:` and the closing `]`, treating newlines as spaces.
dsh: reasoning:
My "allowed" set had tuple ordering wrong: the cone is sorted as `('Classical.choice', 'Quot.sound', 'propext')` — alphabetical, while my allowed tuple was `('propext','Classical.choice','Quot.sound')`. So the "nonstandard" list is a false positive — all 71 cones are exactly {propext, Classical.choice, Quot.sound}, just sorted differently. Fix the check and rerun.
dsh: reasoning:
Axiom audit is clean: 74 blocks, 71 × {propext, Classical.choice, Quot.sound}, 1 × {propext}, 2 × {}, 0 nonstandard. This matches the card exactly.

Now run the full lake build. Then update checkpoint.json and append a re-verification section to the card.
dsh: reasoning:
While the lake build runs, let me quickly review the key mathematical content of the four main files to make sure everything claimed is real — a sanity check of the theorems themselves. Let me read Basic.lean and Volume.lean.
dsh: reasoning:
Basic.lean looks solid. Let me check the lake build progress and glance at Volume.lean and Statements.lean's key statements.
dsh: reasoning:
The lake build completed with exit 0, 9155 jobs, "Build completed successfully". All gates green:
- 7/7 per-file compile exit 0
- lake build exit 0 (9155 jobs)
- axiom audit: 74/74, 71 × {propext, Classical.choice, Quot.sound}, 1 × {propext}, 2 × {}, 0 nonstandard
- forbidden tokens: 0 hard, 0 soft
- sha256 hashes: 7/7 match the card

Now I need to:
1. Update the result card with a new re-verification section (session 6, current date).
2. Update checkpoint.json with the current session verification.
3. Verify the last line of the card is still TASK_DONE.

What's today's date? The file timestamps show Sep 11. The checkpoint.json says updated_at 2026-09-10T18:25:30Z. Let me get the current UTC time.
dsh: reasoning:
Wait — the card previously ended with a line "**Last line:** TASK_DONE — card: `longrun/results/D11-reduced-volume-euclidean.md`" before section 11 was appended. Now there are two "Last line" markers. That's a cosmetic issue; the previous sessions each said "No change to any authored file or verdict in this session." followed by a new "**Last line:**" — actually looking at the card content read earlier, sections 6–10 each ended with "No change to any authored file or verdict in this session." and only section 10 (the last) had the "**Last line:** TASK_DONE" line. So the earlier "Last line" markers were updated each time — i.e., the previous appends replaced the old last line.

Let me check the current tail of the file and fix: remove the old "**Last line:**" line that now sits before section 11 (it was the final line before my append). Let me view the tail.
dsh: reasoning:
The sed command failed due to regex escaping issues. Let me use the edit tool instead — it's the proper tool for targeted edits.
dsh: reasoning:
Now the card has one "Last line" marker at the end. Now update the result card's JSON and checkpoint.json. Let me check the existing JSON structure first.
dsh: reasoning:
All done. Final sanity check: verify checkpoint.json is valid JSON, the card has exactly one "Last line" marker, and all gates are recorded. Also verify the todo list completion.
dsh: reasoning:
One issue: the result JSON's `reverification_sessions` now only has 1 entry, but the checkpoint mentioned prior sessions. The previous JSON may have had a different schema (e.g., a dict of sessions). Let me check what the original JSON looked like — I may have overwritten prior session data when converting dict → list. Let me look at the current JSON to verify I didn't destroy prior data.
dsh: reasoning:
There's a pre-existing `session_reverification` key (probably a dict of prior sessions) and my new `reverification_sessions` list. The prior data is preserved. Good — my addition didn't destroy anything; I added a new key.

Everything is verified:
1. ✅ 7/7 per-file compile exit 0
2. ✅ lake build exit 0 (9155 jobs)
3. ✅ axiom audit: 74/74, 0 nonstandard
4. ✅ forbidden tokens: 0 hard, 0 soft
5. ✅ sha256: 7/7 match card
6. ✅ checkpoint.json updated
7. ✅ result card + JSON updated, last line TASK_DONE

Mark todos complete and give the final answer. The final line of my report should be "TASK_DONE" with the card path.
dsh: reasoning:
All done. Write the final summary. The task was already complete from previous sessions; this session independently re-verified every gate and updated the checkpoint and result card. The last line of my answer should be TASK_DONE with the card path.
## D11-reduced-volume-euclidean — session summary

The worktree arrived with the D11 layer complete (7 files, 1314 lines under `release/Poincare/D11/ReducedVolume/`). This session independently re-ran every gate from the worktree root and all are green:

| gate | result |
| --- | --- |
| per-file compile `lake env lean release/Poincare/D11/ReducedVolume/<F>.lean` × 7 | **7/7 exit 0** (`longrun/d11rve-session6/compile_<F>.log`) |
| whole release `lake build` | **exit 0**, "Build completed successfully (9155 jobs)", 0 error lines |
| `#print axioms` audit (74/74 declarations) | 71 × `{propext, Classical.choice, Quot.sound}`, 2 × `{}`, 1 × `{propext}`; **0 nonstandard** (`axiom_audit.json`) |
| forbidden-token scan (`sorry`/`axiom`/`unsafe`/`native_decide`/`proof_wanted`/`admit`) | **0 hard, 0 soft** over 7 files |
| sha256 integrity | 7/7 source hashes match the prefixes recorded in the card (no drift) |

**Mathematical content confirmed present** (not re-proved this session — it was proved in the initial completion and is unchanged):
- **Item 1:** `flatLlength = ∫ √τ (0 + |γ'|²) dτ` (the `R = 0` slot of `√τ(|γ'|² + R)`), reduced distance `ℓ = -log((4πτ)^{n/2} K)` read off the D10 heat kernel, and `heatKernelReducedDistance_eq : ℓ = |x|²/(4τ)` plus agreement with the D7 variational reduced length.
- **Item 2:** `minimizer_iff_eq_straightRay` (L-geodesics from the origin are exactly straight rays, via the completing-the-square deficit), `reducedVolumeIntegrand_eq_gaussianKernel`, `τ^{-n/2} exp(-ℓ) = (4π)^{n/2} K`, and `reducedVolume_eq_one` (Ṽ ≡ 1 for all τ, from the D10 Gaussian toolbox total mass).
- **Item 3:** named `Prop`s `ManifoldReducedVolumeInterface`, `ReducedVolumeMonotonicityTheorem`, the field-by-field `euclideanManifoldReducedVolumeInterface` / `euclideanReducedVolumeCertificate`, and `EuclideanReducedVolumeAnchor`; general-manifold monotonicity honestly recorded as state-only (RLV-1…RLV-10 named as missing D7 inputs) but **proved** for the Euclidean instantiation.

`checkpoint.json` (phase COMPLETE, updated 2026-09-10T18:29Z) and both result files were refreshed with this session's evidence; the card's last line is the TASK_DONE marker.

TASK_DONE — card: `longrun/results/D11-reduced-volume-euclidean.md`
