dsh: reasoning:
Let me start by exploring the worktree to understand the current state, check the checkpoint.json, and understand the codebase structure.
dsh: reasoning:
The checkpoint says the task is COMPLETE. But this is a new invocation with a four-hour limit, and I should verify the current state rather than blindly trusting the checkpoint. Let me check:

1. The full checkpoint.json
2. The result card
3. The D11 files
4. Verify the compile status fresh

Let me read the checkpoint fully and the result card.
dsh: reasoning:
The checkpoint claims TASK_DONE with the result card written. The task states the checkpoint is COMPLETE, and I should "Continue from existing files and checkpoint.json in this worktree; do not restart completed work."

However, given the instruction "Only your own longrun/results/D11-reduced-volume-euclidean.md can complete this task", I should verify:
1. The result card exists and has the TASK_DONE last line.
2. Fresh compile verification still passes (the worktree files haven't changed since).
3. The axiom audit is clean.

The sensible thing given a 4-hour budget: do a fresh independent verification run (compile all 7 files, check axioms, check forbidden tokens, verify card), update checkpoint with a fresh reverification timestamp, and confirm TASK_DONE. This is the "high-frequency relay" expectation — keep checkpoint.json/results current.

But wait — I should be careful. Maybe the previous sessions finished the task and this invocation is just another relay. The instruction says "Continue from existing files and checkpoint.json in this worktree; do not restart completed work." So the work is complete; my job is to verify it holds and keep the card/checkpoint current. But I should not blindly trust: I must independently verify the compile gate and axiom audit, since the card completion depends on it.

Let me look at the result card and the sources, then run a fresh verification. Let me first read the card's last line and key content.
dsh: reasoning:
The work appears complete and the card is written. My role now is to run an independent fresh verification and confirm the state, then update the checkpoint with the fresh reverification and keep the card current (the card says "No change to any authored file or verdict in this session" — I could add a fresh session note, but the card is the completion record; the checkpoint should be updated with my fresh verification).

Let me:
1. Verify all 7 files compile with `lake env lean` from worktree root.
2. Run the axiom audit.
3. Run the forbidden-token scan.
4. Verify source hashes match the card.
5. Verify card last line.
6. Run `lake build` for the full release.
7. Update checkpoint.json with fresh verification, write any needed log files.

Let me look at the tools available and the logs structure, then run the compile gate. First check what tools exist in input/d5-tools and the lakefile.
dsh: reasoning:
The card is complete and comprehensive. Now let me run the fresh verification gate. I'll do this in a structured way:

1. Compile all 7 files with `lake env lean` (fresh logs in a new session dir, e.g., `longrun/d11rve-session8/`).
2. Run axiom audit (Audit.lean does `#print axioms`).
3. Run forbidden token scan.
4. Verify hashes against the card.
5. `lake build` full release.
6. Check card last line, update checkpoint.json.

Let me kick off the compile gate in the background since it may take a while, and meanwhile inspect other things. Actually, let me first check the current time budget and structure. The four-hour limit — compile of 7 files probably takes a few minutes total since most deps are already built (oleans cached). `lake env lean` uses cached oleans.

Let me create the session log dir and start compiling. First, let me check that `lake env lean` works at all with a quick version check.
dsh: reasoning:
Good. Now let me compile all 7 files in dependency order. The dependency order should be: Basic, StraightRays, Volume, Statements, All, Probe, Audit. Let me check the imports quickly first, then run the compiles. I'll run them sequentially in one script to capture exit codes, in the background if needed. Let me first check imports.
dsh: reasoning:
Import structure is consistent. Now compile all 7 files sequentially with `lake env lean` and capture exit codes. I'll run this in the background since it may take a few minutes (Basic depends on D10 heat kernel, etc., but oleans should be cached).
dsh: reasoning:
While that compiles, let me review the remaining source files to verify their content independently (Basic done). Let me read StraightRays.lean, Volume.lean, Statements.lean, All.lean, Probe.lean, Audit.lean. This is an independent verification of mathematical correctness — I should at least skim the main theorems to ensure the task requirements are genuinely met:

1. L-length defined with ∫√τ(|γ'|² + R)dτ, R=0 flat; reduced distance from heat-kernel asymptotics. ✓ (Basic)
2. L-geodesics = straight rays; ℓ = |x|²/4τ; integrand τ^{-n/2} exp(-ℓ) = Gaussian; reduced volume = 1 constant. (StraightRays, Volume)
3. Named Props: monotonicity theorem and manifold reduced-volume interface consumed by D7-reduced-length-volume with field references. (Statements)
4. #print axioms only propext, Classical.choice, Quot.sound; no sorry/axiom/unsafe/native_decide/proof_wanted. (Audit, scan)

Let me read the remaining files.
dsh: reasoning:
StraightRays.lean looks mathematically sound. Now let me read Volume.lean and Statements.lean.
dsh: reasoning:
Volume.lean looks sound. Now Statements.lean — this is the key file for item 3 (named Props for monotonicity theorem and manifold interface).
dsh: reasoning:
Statements.lean looks sound and matches item 3 of the task. Let me quickly check All.lean, Probe.lean, and Audit.lean, then check the compile gate job.
dsh: reasoning:
The compile gate finished. Let me check the results.
dsh: reasoning:
Fresh compile gate: 7/7 exit 0, 0 error lines.

Now run the axiom audit. The Audit.lean file outputs `#print axioms` results to stderr/stdout. Let me run it and parse the output into a JSON. Also run the forbidden-token scan and hash verification, plus lake build.

Let me run the axiom audit now, parsing `#print axioms` outputs.
dsh: reasoning:
Forbidden token scan: 0 hard, 0 soft. Hashes match the card's recorded hashes (388b62aef7d5d82c for Basic, 16a1fa770ed2ccce for StraightRays, a6d2bf62fc279a33 for Volume, c823d0e7b7e07961 for Statements, 0e8ef1d573d0f5e4 for All, 81ebdefe23630cca for Probe, 51c19cfae339da9c for Audit) — all 7 match.

Now wait for the axiom audit job, and kick off the full lake build in parallel.
dsh: reasoning:
74 `#print axioms` blocks. 44 with [propext, Classical.choice, Quot.sound], 1 with [propext]. That's 45 with explicit axiom lists. The remaining 29 must be `[]` (empty list prints nothing between brackets). Let me check the format — in Lean, `#print axioms foo` prints:

```
'foo' depends on axioms: [propext, Classical.choice, Quot.sound]
```

When no axioms: `'foo' depends on axioms: []`. Hmm, but `grep -o "\[[^]]*\]"` would match `[]` as an empty string... Actually `grep -o` with a pattern that matches empty string may not print empty matches. Let me count lines with "depends on axioms" and the empty ones.
dsh: reasoning:
Interesting — the raw audit log has 72 "depends on axioms" lines but 74 `#print axioms` commands. Two of them apparently didn't produce the standard line. Let me look at the raw log more carefully. Also, `grep -v` with multiple patterns gave 27 lines, but that count seems off — 44 + 1 + 27 = 72, and 0 with `[]`. Let me check what the nonstandard lines are.

Wait: 44 ([propext, Classical.choice, Quot.sound]) + 1 ([propext]) + 27 (other) = 72. The checkpoint claims 71 + 2 + 1 = 74. So the empty-cone `[]` lines aren't matched by `grep "depends on axioms: \[\]"` — hmm, why? Perhaps the two `[]` ones print on the same line differently, or maybe "depends on axioms" count includes lines split differently. Let me inspect the raw log.
dsh: reasoning:
Interesting — no lines without "propext" at all?? But then what did the previous grep -v count as 27? Let me look more carefully. The `grep -v` pipeline was:

```
grep -v "depends on axioms: \[propext, Classical.choice, Quot.sound\]\|depends on axioms: \[\]\|depends on axioms: \[propext\]" file | grep "depends on axioms" | wc -l
```

That returned 27. But now `grep "depends on axioms" | grep -v "propext"` returns nothing. So all 72 lines contain "propext"?? Contradiction... unless the earlier grep -v matched lines like `depends on axioms: [propext, Quot.sound]`? No wait — the 27 lines must have matched "depends on axioms" but NOT the full three patterns. But if all lines contain propext, then `grep -v "propext"`... hmm, the second command's `grep -v "propext"` would exclude all lines containing propext. It returned nothing, so all 72 lines contain "propext".

But then the first pipeline's final count of 27 should be 0, not 27! Unless... the multi-pattern `\|` in `grep -v` behaved unexpectedly. In basic grep, `a\|b` alternation works, but maybe the shell escaping mangled it. Actually in the first pipeline I wrote patterns with `\[` and `\]` — the shell passes them through. Hmm, let me just redo the classification cleanly with awk/python.
dsh: reasoning:
There's a line-wrap issue: 27 lines end with `[propext,` — meaning the axiom list was wrapped to the next line in the log output. The terminal width in the log truncation wrapped the lines. So 27 of the `[propext, Classical.choice, Quot.sound]` entries got wrapped. Let me parse more robustly by joining continuation lines. The actual counts should be: 44 + 27 = 71 with [propext, Classical.choice, Quot.sound], 1 with [propext], and 2 with []. The checkpoint says 74 blocks; the log shows 72 "depends on axioms" lines — but two blocks might have their "depends on axioms" line wrapped weirdly too? Or maybe two blocks print differently (e.g., "does not depend on any axioms"?). Let me check for other phrasings.
dsh: reasoning:
72 merged blocks: 71 × [propext, Classical.choice, Quot.sound], 1 × [propext]. But the checkpoint claims 74 declarations with 2 × []. The audit file has 74 `#print axioms` commands. So 2 blocks are missing from the output — possibly the output for the two `[]` declarations printed as `'X' depends on axioms: []` and... no wait, that would be counted. Hmm, 74 commands but 72 blocks in log. Maybe two blocks are for declarations that `#print axioms` reports as `'X' does not depend on any axioms` — that phrasing is not standard. Actually in Lean 4, `#print axioms` for a declaration with no axioms prints:

`'foo' does not depend on any axioms`

Wait, actually the standard output is `'foo' depends on axioms: []`. Let me check the actual log for lines mentioning the specific declarations that should be `[]`-cone. The checkpoint says 2 × []. Which declarations are those? Probably `generalMonotonicityMissingDependencies` and `generalMonotonicityMissingDependencies_ne_nil`/`_length`? Those use List String — no axioms. Let me search the log.
dsh: reasoning:
Now everything reconciles:

- 74 `#print axioms` blocks total:
  - 71 × `[propext, Classical.choice, Quot.sound]`
  - 2 × "does not depend on any axioms" (i.e. `[]`)
  - 1 × `[propext]`
- 0 nonstandard cones.

This matches the checkpoint claim exactly: "74/74 declarations; 71 x [propext, Classical.choice, Quot.sound], 2 x [], 1 x [propext]; 0 nonstandard".

Wait — but the checkpoint says 74/74 declarations audited and 71+2+1 = 74. ✓.

Hmm, interesting: `generalMonotonicityMissingDependencies` has no axioms but `generalMonotonicityMissingDependencies_ne_nil` has [propext]? Fine.

Note: one nuance — the previous checkpoint mentions cones `{}` (2) and `{propext}` (1). Here "does not depend on any axioms" = `{}`. Consistent.

Now let me write the axiom audit JSON, verify the lake build job, and then verify card last line, and update checkpoint.json. Let me check the lake build job.
dsh: reasoning:
`lake build` exit 0, 9155 jobs, "Build completed successfully".

Now:
1. Write session8 axiom audit JSON.
2. Verify card last line and JSON verdict.
3. Update checkpoint.json with the fresh session verification record.
4. Also verify the card's "no change" note is still accurate — the card already records 7 prior re-verification sessions; I should append a session note? The card says "No change to any authored file or verdict in this session" — that was written by session7. The task says "Only your own longrun/results/D11-reduced-volume-euclidean.md can complete this task." The card exists and ends with TASK_DONE. Since I'm re-verifying without changing any authored file or verdict, I can add a small session note to the card recording this fresh verification (keeping the last line format). Actually, careful: modifying the card could disturb the relay's expectations. The instruction says to keep checkpoint.json/results current. The safest: add a session-8 verification note to the card (like the previous sessions did — the card already has sections for sessions 2..7 presumably), and update checkpoint.json with a new fresh_reverification entry.

Let me look at the card structure around the session notes to mirror the format.
dsh: reasoning:
The card has 12 sections with session re-verifications up to section 12. I'll:
1. Write the axiom audit JSON for session8.
2. Append a section 13 re-verification note to the card (keeping last line intact at the end — the "Last line" comes after the sections; I need to insert section 13 before the final line). Let me view the tail of the card around line 273-end to see where to insert.
dsh: reasoning:
I'll write the axiom audit JSON, then append section 13 to the card (inserting before the final "Last line" paragraph), and update checkpoint.json with the fresh verification record. Let me get the current timestamp in UTC.

Also, let me double check the count of warning-free compiles: are there warnings in the compile logs? Let me grep for "warning" in the session8 compile logs.
dsh: reasoning:
0 warnings in all 7 compile logs. The lake_build.log has 12 lines matching "error" — let me check what those are (likely the D7 audit `#print axioms` "info:" lines are not errors; maybe "error" appears in paths like "worktree" or in a word like "error" in another context). Let me check.
dsh: reasoning:
Those "error" matches are just the word "error" inside declaration names in D7's own audit output — not build errors. The build completed successfully.

Now write the session8 axiom audit JSON and update the card + checkpoint. Steps:

1. Write `longrun/d11rve-session8/axiom_audit.json` with counts.
2. Append section 13 to the card before the final "Last line".
3. Update checkpoint.json: set updated_at, add `fresh_reverification_2026_09_10T18_36Z` entry, keep phase COMPLETE, status fields with session8 log paths.
dsh: reasoning:
Now update checkpoint.json: set updated_at to the new timestamp, add a `fresh_reverification_2026_09_10T18_36Z` entry. Let me view the current checkpoint.json structure more carefully to make the edit. The file is 7062 bytes; I saw most of it. The structure has `fresh_reverification_*` keys. I'll add the new entry. Let me read the raw file to find the exact insertion point.
dsh: reasoning:
Checkpoint updated. Card last line is correct.

Let me do a final sanity check on the JSON result file — verify it still says TASK_DONE and has 7 files with states. Also verify the card's JSON sibling is consistent (it should remain unchanged; I didn't modify it — that's fine, its verdict is TASK_DONE and content is current).

One more validation worth doing given my independent review: the D7 interface consumed by "D7-reduced-length-volume" — the task says "the manifold reduced-volume interface consumed by D7-reduced-length-volume, referencing exactly which fields the Euclidean computation instantiates." The Statements.lean has `ManifoldReducedVolumeInterface` and field-reference theorems, plus the field-instantiation table. Good.

Also verify the Probe.lean quickly (74 #check probes) — not critical, it compiled.

Let me verify the checkpoint JSON is valid and confirm the results JSON verdict, then finalize. Also verify that no files outside `release/Poincare/D11/ReducedVolume/` were added by me (I only added longrun/d11rve-session8/ logs and modified card + checkpoint, which are allowed — card/checkpoint are the required results artifacts).

Also double check that there are no .olean/.ilean cache artifacts in the D11 source dir that shouldn't be there. And run the compile gate one more time? No — already fresh this session.

Let me also make sure the card file's last line ends with newline and is the literal last line. Done.

Final check of the results JSON verdict and the json validity of checkpoint.
dsh: reasoning:
Everything checks out. Final verification summary for this session:

1. ✅ Fresh per-file compile gate: 7/7 exit 0, 0 warnings, 0 error lines (`lake env lean` from worktree root, `longrun/d11rve-session8/`).
2. ✅ Fresh `lake build`: exit 0, "Build completed successfully (9155 jobs)".
3. ✅ Fresh axiom audit: 74/74 declarations; 71 × [propext, Classical.choice, Quot.sound], 2 × [], 1 × [propext]; 0 nonstandard.
4. ✅ Forbidden tokens: 0 hard, 0 soft over 7 files.
5. ✅ Source hashes: 7/7 match the card's section-1 hashes (no drift).
6. ✅ Card last line: `TASK_DONE — card: longrun/results/D11-reduced-volume-euclidean.md`.
7. ✅ checkpoint.json updated with session8 record; card appended section 13.

I also independently reviewed all four content modules (Basic, StraightRays, Volume, Statements) plus All/Audit and confirmed the mathematical content matches the task items 1–4:
- Item 1: `euclideanFlow` (R=0), `flatLIntegrand`/`flatLlength` (∫√τ(|γ'|²+R)dτ), `heatKernelReducedDistance` = -log((4πτ)^{n/2} K), `heatKernel_asymptotics`, `heatKernelReducedDistance_eq` ℓ=|x|²/4τ. ✓
- Item 2: straightRay def, LMinimizer_eq_straightRay, minimizer_iff_eq_straightRay, reducedVolumeIntegrand_eq_gaussianKernel, reducedVolume_eq_one, reducedVolume_constant, τ^{-n/2} form integral_reducedVolumeIntegrandUnnormalized. ✓
- Item 3: ManifoldReducedVolumeInterface, ReducedVolumeMonotonicityTheorem (named Prop), euclideanManifoldReducedVolumeInterface with per-field reference theorems, field-instantiation table, euclideanReducedVolumeCertificate, euclidean_reducedVolumeMonotonicity. ✓
- Item 4: axiom cones only {propext, Classical.choice, Quot.sound}/∅/{propext}; no forbidden tokens. ✓

The task is done. Final message with TASK_DONE line as required.
All verification gates pass fresh in this session. The task was already complete from prior sessions; I independently re-verified every claim and refreshed the checkpoint/card.

## Session 8 verification summary (2026-09-10T18:36Z)

| gate | result |
| --- | --- |
| per-file compile (`lake env lean`, worktree root, ×7) | **7/7 exit 0**, 0 warnings, 0 error lines — `longrun/d11rve-session8/` |
| whole release `lake build` | **exit 0**, "Build completed successfully (9155 jobs)", 0 build errors |
| axiom audit (`#print axioms` ×74) | 71 × `{propext, Classical.choice, Quot.sound}`, 2 × `{}`, 1 × `{propext}`; **0 nonstandard** |
| forbidden tokens (comment/string-aware) | **0 hard, 0 soft** over the 7 files |
| source integrity | 7/7 sha256 hashes match the card's section-1 records (no drift) |

I also re-read all four content modules and confirmed the mathematical deliverables are genuinely present (not weakened):
- **Item 1** (`Basic.lean`): `euclideanFlow` with `R ≡ 0`, flat `L`-length `∫ √τ(|γ'|² + R)dτ` agreeing with the D7 interface (`flatLlength_eq_LlengthAlong`), reduced distance `ℓ = -log((4πτ)^{n/2}K)` with `heatKernelReducedDistance_eq : ℓ = |x|²/4τ` and the asymptotics identity `(4πτ)^{-n/2} exp(-ℓ) = K`.
- **Item 2** (`StraightRays.lean`, `Volume.lean`): straight ray `γ(σ) = (√σ/√τ)•x`, completing-the-square deficit, `LMinimizer_eq_straightRay` + `minimizer_iff_eq_straightRay` (L-geodesics from origin ⟺ straight rays, unconditional); `reducedVolumeIntegrand_eq_gaussianKernel`, task-literal `τ^{-n/2} exp(-ℓ) = (4π)^{n/2}·K`, and `reducedVolume_eq_one` / `reducedVolume_constant` (Ṽ = 1 for all τ) via the D10 Gaussian toolbox.
- **Item 3** (`Statements.lean`): named `Prop`s `ManifoldReducedVolumeInterface` and `ReducedVolumeMonotonicityTheorem`, the D7-consumed `ReducedVolumeCertificate`/`JacobianComparisonInterface`/`LMinimizerExistence` all instantiated for the flat case with one field-reference theorem per field, and `euclidean_manifoldReducedVolumeMonotonicity` proved (with equality).
- **Item 4**: axiom cones restricted to the allowed set; no `sorry`/`axiom`/`unsafe`/`native_decide`/`proof_wanted`.

`checkpoint.json` updated (phase COMPLETE, new `fresh_reverification_2026_09_10T18_36Z` entry) and the card gained section 13 recording this session; no authored file or verdict changed.

TASK_DONE — card: `longrun/results/D11-reduced-volume-euclidean.md`
