dsh: reasoning:
Let me start by exploring the worktree to understand the existing codebase and checkpoint state.
dsh: reasoning:
The checkpoint says the task is already COMPLETE with full verification. But I should verify this myself since I'm a fresh invocation. The task says "Continue from existing files and checkpoint.json in this worktree; do not restart completed work." The checkpoint says phase COMPLETE and there have been many re-verifications.

Let me check the current state of the files, the results card, and run a fresh verification to be sure. The task instructions say "Only your own longrun/results/D11-reduced-volume-euclidean.md can complete this task" — which already exists. Let me verify everything is still in place:

1. Check the 7 authored files exist.
2. Run a fresh compile of each file.
3. Run the axiom audit.
4. Run forbidden tokens scan.
5. Check the result card.

Let me do this efficiently. First, look at the files and the result card.
dsh: reasoning:
The worktree is in a complete state. The task instructs me to continue from existing files, not restart completed work. The checkpoint says COMPLETE with many re-verifications. My job now is to:

1. Verify the current state is intact (files exist, compile cleanly).
2. Run a fresh full verification gate (compile all 7 files, axiom audit, forbidden tokens).
3. Confirm the result card is current and the last line is TASK_DONE.

Since this is a fresh invocation and the task says "Only your own longrun/results/D11-reduced-volume-euclidean.md can complete this task" — the card already exists and has TASK_DONE. But I should do one fresh verification pass to make sure everything holds, then confirm.

Let me check the checkpoint for any remaining work, verify the files compile, and run the gates. Let me first look at how previous verification sessions were run (run_gate.sh) so I can reuse it.
dsh: reasoning:
The hashes match what the checkpoint recorded (All 0e8ef1d5, Audit 51c19cfa, Basic 388b62ae, Probe 81ebdefe, Statements c823d0e7, StraightRays 16a1fa77, Volume a6d2bf62).

Now let me run a fresh verification pass as this session's own gate: compile all 7 files, run axiom audit, run forbidden token scan, and lake build. I'll do this in the background since lake build takes a while. Let me create a new session directory (session14) to keep the convention.
dsh: reasoning:
While the gate runs in the background, let me review the content of the authored files to independently confirm the mathematics — in particular that:
1. The L-length is defined as ∫ √τ (|γ'|² + R) dτ with R=0.
2. L-geodesics from origin = straight rays, ℓ = |x|²/4τ.
3. Reduced volume integrand τ^{-n/2} exp(-ℓ) coincides with Gaussian → Ṽ = 1.
4. Named Props for monotonicity theorem and manifold interface.

Let me read the files.
dsh: reasoning:
Basic.lean looks complete and correct. Let me check the other files, particularly StraightRays.lean (the L-geodesics = straight rays proof), Volume.lean (reduced volume = 1), Statements.lean (named Props and interface), and Audit.lean.
dsh: reasoning:
StraightRays.lean looks complete with the full uniqueness proof. Let me check Volume.lean and Statements.lean.
dsh: reasoning:
Volume.lean is complete with the reduced volume = 1 proof. Now let me check Statements.lean — this contains the named Props for the monotonicity theorem and the manifold reduced-volume interface.
dsh: reasoning:
Statements.lean is complete with the named Props, the manifold interface, field references, the certificate, and the anchor. Now let me check All.lean, Probe.lean, Audit.lean briefly, and wait for the background gate job.
dsh: reasoning:
All files look complete. The Audit.lean prints axioms for 74 principal declarations. Now let me check the background gate job progress, and also read the rest of the result card to make sure it's complete and accurate. Let me also check Probe.lean briefly.
dsh: reasoning:
The card is comprehensive. Let me see the rest of the card (verification evidence section) and then check the background gate job.
dsh: reasoning:
The result card is comprehensive and honest. The task is in a completed state. My job now: run the fresh verification gate (session14), which is running in the background, confirm all green, and then add one more re-verification section to the card (optional — previous sessions appended sections) or just confirm the verdict and finish.

The task instruction: "Only your own longrun/results/D11-reduced-volume-euclidean.md can complete this task." The card exists and has TASK_DONE. Since previous sessions appended re-verification sections, I should do the same: after my fresh gate passes, append a new section documenting this session's re-verification, keeping the last line "TASK_DONE — card: ...".

Let me check on the background job now.
dsh: reasoning:
The fresh gate passed: all 7 files compile with exit 0, axiom audit runs, lake build exit 0, forbidden scan exit 0. Now let me verify the details:
1. Check the axiom audit output for nonstandard axioms.
2. Check forbidden scan output.
3. Check the lake build log for errors.
dsh: reasoning:
The forbidden scan is clean: 0 hard, 0 soft matches.

The audit_raw.log analysis: "declaration uses" occurrences = 0. Hmm, that's odd. Let me check the actual format of the #print axioms output. In Lean 4, `#print axioms foo` outputs "declaration uses 'propext'" or "declaration does not depend on any axioms" — but the output may have been localized? Actually Lean outputs might be in different wording. Let me look at the actual audit_raw.log content.
dsh: reasoning:
The format is `'name' depends on axioms: [propext, Classical.choice, Quot.sound]` — a newer Lean 4.34 format. My regex didn't match. Let me parse with the correct pattern: `'...' depends on axioms: [list]` or `'...' does not depend on any axioms`.
dsh: reasoning:
The fresh session14 gate confirms everything:
- 7/7 files compile exit 0, 0 warnings, 0 errors
- lake build: exit 0, "Build completed successfully (9155 jobs)"
- Axiom audit: 74/74 declarations parsed: 71 × [propext, Classical.choice, Quot.sound], 2 × [], 1 × [propext]; 0 nonstandard
- Forbidden tokens: 0 hard, 0 soft
- Source hashes: match the card (checked earlier)

Also confirm sha256 of the 7 files matches the card's recorded hashes. Earlier sha256sum output matched the checkpoint prefixes. Let me verify against the card section 1 prefixes quickly, then append a new re-verification section to the card documenting this session's gate, keeping the last line TASK_DONE.
dsh: reasoning:
All hashes match. Now let me append a new session re-verification section to the card and update the checkpoint.json with this session's verification. The card's last line must be "TASK_DONE — card: longrun/results/D11-reduced-volume-euclidean.md".

Let me append section 19 documenting the current session's fresh gate (session14), and update the .json card too. Let me first check the .json format.
dsh: reasoning:
The JSON has a `reverification_sessions` list. I'll append this session's entry to both the .md card (a new section 19) and the .json, and update the checkpoint.json with the fresh verification. Let me do that now.
dsh: reasoning:
Everything is done. Let me do a final sanity check:
1. The card's last line is "TASK_DONE — card: ..." ✓
2. Check that the .json is still valid JSON and the .md renders.
3. Verify the final gate log one more time.

One more check: the task requires "Only your own longrun/results/D11-reduced-volume-euclidean.md can complete this task" — the card exists with TASK_DONE as its last line, freshly re-verified this session.

Let me do a final quick check of everything and finish. Also, no goal tool needed since this is complete work; the task was already done and I've re-verified and updated the relay artifacts.
dsh: reasoning:
Everything is verified and consistent. The task was previously completed and I've now:
1. Independently re-verified the full gate in this session (session14): 7/7 compile exit 0, lake build exit 0 (9155 jobs), axiom audit 74/74 with only [propext, Classical.choice, Quot.sound] / [] / [propext] cones, 0 forbidden tokens, hashes match.
2. Re-read all four content modules confirming the math: L-length ∫√τ(|γ'|²+R)dτ with R=0, ℓ=|x|²/4τ from heat-kernel asymptotics, L-geodesics = straight rays (minimality + uniqueness), integrand = Gaussian, Ṽ=1, named Props (ReducedVolumeMonotonicityTheorem, ManifoldReducedVolumeInterface) with field-by-field Euclidean instantiation.
3. Updated the result card (.md + .json) with session14 re-verification and refreshed checkpoint.json.

The task is complete. Final answer should report TASK_DONE with the card path as the last line.
The task is complete. This worktree already contained the finished D11 implementation from prior sessions; this invocation independently re-verified everything from scratch and updated the relay artifacts.

## Fresh verification (this session, `longrun/d11rve-session14/`)

| gate | result |
| --- | --- |
| per-file compile (`lake env lean` × 7, from worktree root) | **7/7 exit 0**, 0 warnings, 0 error lines |
| whole package `lake build` | **exit 0**, "Build completed successfully (9155 jobs)" |
| `#print axioms` audit (74/74 declarations) | 71 × `[propext, Classical.choice, Quot.sound]`, 2 × `[]`, 1 × `[propext]`; **0 nonstandard** |
| forbidden tokens (`scan_forbidden.py`) | **0 hard, 0 soft** (7 files) |
| source integrity | 7/7 sha256 match the hashes recorded in the card |

## Mathematical content re-confirmed (re-read all modules)

- **Item 1** (`Basic.lean`): `euclideanFlow` with `R ≡ 0`; `flatLlength = ∫ √τ (0 + |γ'|²) dτ` agreeing with the D7 interface `L`-length; `heatKernelReducedDistance = -log((4πτ)^{n/2} K)` with **`heatKernelReducedDistance_eq : ℓ = |x|²/(4τ)`** from the D10 heat kernel, plus the asymptotics form `K = (4πτ)^{-n/2} exp(-ℓ)`.
- **Item 2** (`StraightRays.lean`, `Volume.lean`): unconditional completing-the-square minimality — **`minimizer_iff_eq_straightRay`** (the `L`-geodesics from the origin are exactly the rays `γ(σ) = (√σ/√τ)•x`); **`reducedVolumeIntegrand_eq_gaussianKernel`** (integrand `(4πτ)^{-n/2} exp(-ℓ)` = Gaussian, with the literal `τ^{-n/2}` form too); **`reducedVolume_eq_one` / `reducedVolume_constant`** (`Ṽ = 1` for all `τ > 0` via the D10 Gaussian toolbox total mass).
- **Item 3** (`Statements.lean`): named `Prop`s **`ReducedVolumeMonotonicityTheorem`** and **`ManifoldReducedVolumeInterface`** (fields `flow`/`dimension`/`reducedDistance`/`reducedVolume`) consumed by `D7-reduced-length-volume`, with field-by-field Euclidean instantiation (`euclideanManifoldReducedVolumeInterface`, `euclideanReducedVolumeCertificate`, `euclidean_jacobianComparison`, per-field reference theorems) and the monotonicity **proved** unconditionally in the flat case (constant 1). The general manifold theorem is honestly stated as a `def … : Prop` with its ten D7 missing inputs named — no weakening claimed.

Result card (`longrun/results/D11-reduced-volume-euclidean.md` + `.json`) and `checkpoint.json` updated with the session14 re-verification; all artifacts are current.

TASK_DONE — card: longrun/results/D11-reduced-volume-euclidean.md
