MD	Poincare.D11.BochnerManifold.ModelSpace	Poincare.D11.BochnerManifold.jacobiMeanCurvature_riccati	theorem
MD	Poincare.D11.BochnerManifold.ModelSpace	Poincare.D11.BochnerManifold.jacobiMeanCurvature_deriv_eq._simp_1_4	theorem
MD	Poincare.D11.BochnerManifold.ModelSpace	Poincare.D11.BochnerManifold.jacobiMeanCurvature_of_neg	theorem
MD	Poincare.D11.BochnerManifold.ModelSpace	Poincare.D11.BochnerManifold.jacobiSol_second_deriv_div._simp_1_1	theorem
MD	Poincare.D11.BochnerManifold.ModelSpace	Poincare.D11.BochnerManifold.modelRicciTerm	def
MD	Poincare.D11.BochnerManifold.ModelSpace	Poincare.D11.BochnerManifold.modelHessSq	def
MD	Poincare.D11.BochnerManifold.ModelSpace	Poincare.D11.BochnerManifold.jacobiSol_second_deriv_div._simp_1_7	theorem
MD	Poincare.D11.BochnerManifold.ModelSpace	Poincare.D11.BochnerManifold.modelRicciTerm.eq_1	theorem
MD	Poincare.D11.BochnerManifold.ModelSpace	Poincare.D11.BochnerManifold.modelGradSq	def
MD	Poincare.D11.BochnerManifold.ModelSpace	Poincare.D11.BochnerManifold.jacobiMeanCurvature_deriv_eq._simp_1_7	theorem
MD	Poincare.D11.BochnerManifold.ModelSpace	Poincare.D11.BochnerManifold.modelLap	def
MD	Poincare.D11.BochnerManifold.ModelSpace	Poincare.D11.BochnerManifold.modelGradDot	def
MD	Poincare.D11.BochnerManifold.ModelSpace	Poincare.D11.BochnerManifold.hasDerivAt_jacobiMeanCurvature	theorem
MD	Poincare.D11.BochnerManifold.ModelSpace	Poincare.D11.BochnerManifold.modelRicciTerm_eq	theorem
MD	Poincare.D11.BochnerManifold.ModelSpace	Poincare.D11.BochnerManifold.jacobiMeanCurvature.eq_1	theorem
MD	Poincare.D11.BochnerManifold.ModelSpace	Poincare.D11.BochnerManifold.model_bochner_weitzenbock_unfolded	theorem
MD	Poincare.D11.BochnerManifold.ModelSpace	Poincare.D11.BochnerManifold.jacobiMeanCurvature_deriv_eq._simp_1_1	theorem
MD	Poincare.D11.BochnerManifold.ModelSpace	Poincare.D11.BochnerManifold.model_bochner_weitzenbock	theorem
MD	Poincare.D11.BochnerManifold.ModelSpace	Poincare.D11.BochnerManifold.jacobiMeanCurvature_of_zero	theorem
MD	Poincare.D11.BochnerManifold.ModelSpace	Poincare.D11.BochnerManifold.jacobiMeanCurvature_deriv_eq._simp_1_6	theorem
MD	Poincare.D11.BochnerManifold.ModelSpace	Poincare.D11.BochnerManifold.jacobiMeanCurvature_deriv_eq._simp_1_3	theorem
MD	Poincare.D11.BochnerManifold.ModelSpace	Poincare.D10.jacobiSolFlat.eq_1	theorem
MD	Poincare.D11.BochnerManifold.ModelSpace	Poincare.D11.BochnerManifold.jacobiSol_second_deriv_div._simp_1_3	theorem
MD	Poincare.D11.BochnerManifold.ModelSpace	Poincare.D11.BochnerManifold.jacobiMeanCurvature_deriv_eq	theorem
MD	Poincare.D11.BochnerManifold.ModelSpace	Poincare.D11.BochnerManifold.jacobiSol_second_deriv_div	theorem
MD	Poincare.D11.BochnerManifold.ModelSpace	Poincare.D11.BochnerManifold.jacobiSol_second_deriv_div._simp_1_5	theorem
MD	Poincare.D11.BochnerManifold.ModelSpace	Poincare.D11.BochnerManifold.model_flat_bochner	theorem
MD	Poincare.D11.BochnerManifold.ModelSpace	Poincare.D11.BochnerManifold.jacobiSol_second_deriv_div._simp_1_6	theorem
MD	Poincare.D11.BochnerManifold.ModelSpace	Poincare.D11.BochnerManifold.jacobiMeanCurvature_deriv_eq._simp_1_2	theorem
MD	Poincare.D11.BochnerManifold.ModelSpace	Poincare.D11.BochnerManifold.radial_ricci_of_model	theorem
MD	Poincare.D11.BochnerManifold.ModelSpace	Poincare.D11.BochnerManifold.jacobiMeanCurvature	def
MD	Poincare.D11.BochnerManifold.ModelSpace	Poincare.D11.BochnerManifold.jacobiSol_second_deriv_div._simp_1_4	theorem
MD	Poincare.D11.BochnerManifold.ModelSpace	Poincare.D11.BochnerManifold.jacobiSol_second_deriv_div._simp_1_2	theorem
MD	Poincare.D11.BochnerManifold.ModelSpace	Poincare.D11.BochnerManifold.jacobiMeanCurvature_deriv_eq._simp_1_5	theorem
MD	Poincare.D11.BochnerManifold.ModelSpace	Poincare.D11.BochnerManifold.jacobiMeanCurvature_of_pos	theorem
