MD	Poincare.D11.MaximumPrincipleTensor.Euler	Poincare.D11.MaximumPrincipleTensor.positivityPreserving_const_smul_add_sq	theorem
MD	Poincare.D11.MaximumPrincipleTensor.Euler	Poincare.D11.MaximumPrincipleTensor.eulerIterate	def
MD	Poincare.D11.MaximumPrincipleTensor.Euler	Poincare.D11.MaximumPrincipleTensor.eulerStep_posSemidef	theorem
MD	Poincare.D11.MaximumPrincipleTensor.Euler	Poincare.D11.MaximumPrincipleTensor.eulerIterate_posSemidef	theorem
MD	Poincare.D11.MaximumPrincipleTensor.Euler	Poincare.D11.MaximumPrincipleTensor.eulerStep.eq_1	theorem
MD	Poincare.D11.MaximumPrincipleTensor.Euler	Poincare.D11.MaximumPrincipleTensor.not_positivityPreserving_neg	theorem
MD	Poincare.D11.MaximumPrincipleTensor.Euler	Poincare.D11.MaximumPrincipleTensor.boundaryOnlyReaction_not_positivityPreserving	theorem
MD	Poincare.D11.MaximumPrincipleTensor.Euler	Poincare.D11.MaximumPrincipleTensor.eulerStep	def
MD	Poincare.D11.MaximumPrincipleTensor.Euler	Poincare.D11.MaximumPrincipleTensor.PositivityPreserving.id	theorem
MD	Poincare.D11.MaximumPrincipleTensor.Euler	Poincare.D11.MaximumPrincipleTensor.exp_smul_posSemidef	theorem
MD	Poincare.D11.MaximumPrincipleTensor.Euler	Poincare.D11.MaximumPrincipleTensor.boundaryOnlyReaction	def
MD	Poincare.D11.MaximumPrincipleTensor.Euler	Poincare.D11.MaximumPrincipleTensor.boundaryOnlyReaction_boundary	theorem
MD	Poincare.D11.MaximumPrincipleTensor.Euler	Poincare.D11.MaximumPrincipleTensor.PositivityPreserving.const_smul	theorem
MD	Poincare.D11.MaximumPrincipleTensor.Euler	Poincare.D11.MaximumPrincipleTensor.eulerStep_mono	theorem
MD	Poincare.D11.MaximumPrincipleTensor.Euler	Poincare.D11.MaximumPrincipleTensor.boundaryOnlyReaction.eq_1	theorem
MD	Poincare.D11.MaximumPrincipleTensor.Euler	Poincare.D11.MaximumPrincipleTensor.boundary_condition_strictly_weaker	theorem
MD	Poincare.D11.MaximumPrincipleTensor.Euler	Poincare.D11.MaximumPrincipleTensor.PositivityPreserving.zero	theorem
MD	Poincare.D11.MaximumPrincipleTensor.Euler	Poincare.D11.MaximumPrincipleTensor.eulerIterate_succ	theorem
MD	Poincare.D11.MaximumPrincipleTensor.Euler	Poincare.D11.MaximumPrincipleTensor.boundaryOnlyReaction._proof_1	theorem
MD	Poincare.D11.MaximumPrincipleTensor.Euler	Poincare.D11.MaximumPrincipleTensor.eulerIterate_zero	theorem
MD	Poincare.D11.MaximumPrincipleTensor.Euler	Poincare.D11.MaximumPrincipleTensor.PositivityPreserving.sq	theorem
MD	Poincare.D11.MaximumPrincipleTensor.Euler	Poincare.D11.MaximumPrincipleTensor.PositivityPreserving.add	theorem
MD	Poincare.D11.MaximumPrincipleTensor.Euler	Poincare.D11.MaximumPrincipleTensor.PositivityPreserving.comp	theorem
