MD	Poincare.D11.SpectralTorus.Laplacian	Poincare.D11.SpectralTorus.ofRealClm._proof_3	theorem
MD	Poincare.D11.SpectralTorus.Laplacian	Poincare.D11.SpectralTorus.ofRealClm._proof_2	theorem
MD	Poincare.D11.SpectralTorus.Laplacian	Poincare.D11.SpectralTorus.torusLaplacian	def
MD	Poincare.D11.SpectralTorus.Laplacian	Poincare.D11.SpectralTorus.fourierMode_hasFDerivAt	theorem
MD	Poincare.D11.SpectralTorus.Laplacian	Poincare.D11.SpectralTorus.mFourier_isEigenfunction	theorem
MD	Poincare.D11.SpectralTorus.Laplacian	Poincare.D11.SpectralTorus.innerForm._proof_2	theorem
MD	Poincare.D11.SpectralTorus.Laplacian	Poincare.D11.SpectralTorus.torusLaplacian_mFourier	theorem
MD	Poincare.D11.SpectralTorus.Laplacian	Poincare.D11.SpectralTorus.dirDeriv.eq_1	theorem
MD	Poincare.D11.SpectralTorus.Laplacian	Poincare.D11.SpectralTorus.stdVec	def
MD	Poincare.D11.SpectralTorus.Laplacian	Poincare.D11.SpectralTorus.twoPiI_sq	theorem
MD	Poincare.D11.SpectralTorus.Laplacian	Poincare.D11.SpectralTorus.laplacian	def
MD	Poincare.D11.SpectralTorus.Laplacian	Poincare.D11.SpectralTorus.coordProj._proof_3	theorem
MD	Poincare.D11.SpectralTorus.Laplacian	Poincare.D11.SpectralTorus.innerForm_apply	theorem
MD	Poincare.D11.SpectralTorus.Laplacian	Poincare.D11.SpectralTorus.coordProj	def
MD	Poincare.D11.SpectralTorus.Laplacian	Poincare.D11.SpectralTorus.ofRealClm	def
MD	Poincare.D11.SpectralTorus.Laplacian	Poincare.D11.SpectralTorus.innerForm_stdVec	theorem
MD	Poincare.D11.SpectralTorus.Laplacian	Poincare.D11.SpectralTorus.laplacian_fourierMode	theorem
MD	Poincare.D11.SpectralTorus.Laplacian	Poincare.D11.SpectralTorus.dirDeriv2_fourierMode	theorem
MD	Poincare.D11.SpectralTorus.Laplacian	Poincare.D11.SpectralTorus.laplacian_fourierMode._simp_1_2	theorem
MD	Poincare.D11.SpectralTorus.Laplacian	Poincare.D11.SpectralTorus.dirDeriv	def
MD	Poincare.D11.SpectralTorus.Laplacian	Poincare.D11.SpectralTorus.ofRealClm._proof_1	theorem
MD	Poincare.D11.SpectralTorus.Laplacian	Poincare.D11.SpectralTorus.hasFDerivAt_expArg	theorem
MD	Poincare.D11.SpectralTorus.Laplacian	Poincare.D11.SpectralTorus.dirDeriv_fourierMode	theorem
MD	Poincare.D11.SpectralTorus.Laplacian	Poincare.D11.SpectralTorus.coordProj._proof_1	theorem
MD	Poincare.D11.SpectralTorus.Laplacian	Poincare.D11.SpectralTorus.hasFDerivAt_innerForm	theorem
MD	Poincare.D11.SpectralTorus.Laplacian	Poincare.D11.SpectralTorus.coordProj._proof_2	theorem
MD	Poincare.D11.SpectralTorus.Laplacian	Poincare.D11.SpectralTorus.laplacian_periodic	theorem
MD	Poincare.D11.SpectralTorus.Laplacian	Poincare.D11.SpectralTorus.differentiableAt_fourierMode	theorem
MD	Poincare.D11.SpectralTorus.Laplacian	Poincare.D11.SpectralTorus.stdVec.eq_1	theorem
MD	Poincare.D11.SpectralTorus.Laplacian	Poincare.D11.SpectralTorus.innerForm._proof_1	theorem
MD	Poincare.D11.SpectralTorus.Laplacian	Poincare.D11.SpectralTorus.laplacian.eq_1	theorem
MD	Poincare.D11.SpectralTorus.Laplacian	Poincare.D11.SpectralTorus.mFourier_ne_zero	theorem
MD	Poincare.D11.SpectralTorus.Laplacian	Poincare.D11.SpectralTorus.innerForm._proof_3	theorem
MD	Poincare.D11.SpectralTorus.Laplacian	Poincare.D11.SpectralTorus.innerForm	def
MD	Poincare.D11.SpectralTorus.Laplacian	Poincare.D11.SpectralTorus.laplacian_fourierMode._simp_1_1	theorem
