MD	Poincare.D12.ConnectionCurvature.ChartLeviCivita	Poincare.D12.ConnectionCurvature.ChartMetricCoefficients.g	def
MD	Poincare.D12.ConnectionCurvature.ChartLeviCivita	Poincare.D12.ConnectionCurvature.ChartMetricCoefficients.christoffelLower._proof_1	theorem
MD	Poincare.D12.ConnectionCurvature.ChartLeviCivita	Poincare.D12.ConnectionCurvature.ChartMetricCoefficients.christoffel_raised_contraction_first	theorem
MD	Poincare.D12.ConnectionCurvature.ChartLeviCivita	Poincare.D12.ConnectionCurvature.ChartMetricCoefficients.christoffel	def
MD	Poincare.D12.ConnectionCurvature.ChartLeviCivita	Poincare.D12.ConnectionCurvature.ChartMetricCoefficients.g_symm	theorem
MD	Poincare.D12.ConnectionCurvature.ChartLeviCivita	Poincare.D12.ConnectionCurvature.ChartMetricCoefficients.mk	ctor
MD	Poincare.D12.ConnectionCurvature.ChartLeviCivita	Poincare.D12.ConnectionCurvature.ChartMetricCoefficients.christoffel_raised_contraction._simp_1_2	theorem
MD	Poincare.D12.ConnectionCurvature.ChartLeviCivita	Poincare.D12.ConnectionCurvature.ChartMetricCoefficients.mk.sizeOf_spec	theorem
MD	Poincare.D12.ConnectionCurvature.ChartLeviCivita	Poincare.D12.ConnectionCurvature.ChartMetricCoefficients.metricDerivative_christoffel	theorem
MD	Poincare.D12.ConnectionCurvature.ChartLeviCivita	Poincare.D12.ConnectionCurvature.ChartMetricCoefficients.christoffel.eq_1	theorem
MD	Poincare.D12.ConnectionCurvature.ChartLeviCivita	Poincare.D12.ConnectionCurvature.ChartMetricCoefficients.gInv_symm	theorem
MD	Poincare.D12.ConnectionCurvature.ChartLeviCivita	Poincare.D12.ConnectionCurvature.ChartMetricCoefficients	inductive
MD	Poincare.D12.ConnectionCurvature.ChartLeviCivita	Poincare.D12.ConnectionCurvature.ChartMetricCoefficients.mk.noConfusion	def
MD	Poincare.D12.ConnectionCurvature.ChartLeviCivita	Poincare.D12.ConnectionCurvature.ChartMetricCoefficients.inv_mul	theorem
MD	Poincare.D12.ConnectionCurvature.ChartLeviCivita	Poincare.D12.ConnectionCurvature.ChartMetricCoefficients.noConfusion	def
MD	Poincare.D12.ConnectionCurvature.ChartLeviCivita	Poincare.D12.ConnectionCurvature.ChartMetricCoefficients.mk.inj	theorem
MD	Poincare.D12.ConnectionCurvature.ChartLeviCivita	Poincare.D12.ConnectionCurvature.ChartMetricCoefficients.gram_christoffel_contraction._simp_1_2	theorem
MD	Poincare.D12.ConnectionCurvature.ChartLeviCivita	Poincare.D12.ConnectionCurvature.ChartMetricCoefficients.rec	recursor
MD	Poincare.D12.ConnectionCurvature.ChartLeviCivita	Poincare.D12.ConnectionCurvature.ChartMetricCoefficients.ctorIdx	def
MD	Poincare.D12.ConnectionCurvature.ChartLeviCivita	Poincare.D12.ConnectionCurvature.ChartMetricCoefficients.christoffelLower.eq_1	theorem
MD	Poincare.D12.ConnectionCurvature.ChartLeviCivita	Poincare.D12.ConnectionCurvature.ChartMetricCoefficients.christoffelLower	def
MD	Poincare.D12.ConnectionCurvature.ChartLeviCivita	Poincare.D12.ConnectionCurvature.ChartMetricCoefficients.gInv	def
MD	Poincare.D12.ConnectionCurvature.ChartLeviCivita	Poincare.D12.ConnectionCurvature.ChartMetricCoefficients.recOn	def
MD	Poincare.D12.ConnectionCurvature.ChartLeviCivita	Poincare.D12.ConnectionCurvature.ChartMetricCoefficients.d_symm	theorem
MD	Poincare.D12.ConnectionCurvature.ChartLeviCivita	Poincare.D12.ConnectionCurvature.ChartMetricCoefficients._sizeOf_inst	def
MD	Poincare.D12.ConnectionCurvature.ChartLeviCivita	Poincare.D12.ConnectionCurvature.ChartMetricCoefficients.christoffel_symm	theorem
MD	Poincare.D12.ConnectionCurvature.ChartLeviCivita	Poincare.D12.ConnectionCurvature.ChartMetricCoefficients.d	def
MD	Poincare.D12.ConnectionCurvature.ChartLeviCivita	Poincare.D12.ConnectionCurvature.ChartMetricCoefficients.metricDerivative_christoffel'	theorem
MD	Poincare.D12.ConnectionCurvature.ChartLeviCivita	Poincare.D12.ConnectionCurvature.ChartMetricCoefficients.christoffel_raised_contraction	theorem
MD	Poincare.D12.ConnectionCurvature.ChartLeviCivita	Poincare.D12.ConnectionCurvature.ChartMetricCoefficients.mk._flat_ctor	def
MD	Poincare.D12.ConnectionCurvature.ChartLeviCivita	Poincare.D12.ConnectionCurvature.ChartMetricCoefficients.noConfusionType	def
MD	Poincare.D12.ConnectionCurvature.ChartLeviCivita	Poincare.D12.ConnectionCurvature.ChartMetricCoefficients.christoffel_raised_contraction_first._simp_1_2	theorem
MD	Poincare.D12.ConnectionCurvature.ChartLeviCivita	Poincare.D12.ConnectionCurvature.ChartMetricCoefficients.mk.injEq	theorem
MD	Poincare.D12.ConnectionCurvature.ChartLeviCivita	Poincare.D12.ConnectionCurvature.ChartMetricCoefficients.gram_mul_gInv_delta_first	theorem
MD	Poincare.D12.ConnectionCurvature.ChartLeviCivita	Poincare.D12.ConnectionCurvature.ChartMetricCoefficients.gram_christoffel_contraction	theorem
MD	Poincare.D12.ConnectionCurvature.ChartLeviCivita	Poincare.D12.ConnectionCurvature.ChartMetricCoefficients._sizeOf_1	def
MD	Poincare.D12.ConnectionCurvature.ChartLeviCivita	Poincare.D12.ConnectionCurvature.ChartMetricCoefficients.gram_mul_gInv_delta	theorem
MD	Poincare.D12.ConnectionCurvature.ChartLeviCivita	Poincare.D12.ConnectionCurvature.ChartMetricCoefficients.casesOn	def
