MD	Poincare.D12.ConnectionCurvature.ChartLeviCivitaForm	Poincare.D12.ConnectionCurvature.dFormOf	def
MD	Poincare.D12.ConnectionCurvature.ChartLeviCivitaForm	Poincare.D12.ConnectionCurvature.form_nabla_eq_sum	theorem
MD	Poincare.D12.ConnectionCurvature.ChartLeviCivitaForm	Poincare.D12.ConnectionCurvature.chartCurvatureOperator.eq_1	theorem
MD	Poincare.D12.ConnectionCurvature.ChartLeviCivitaForm	Poincare.D12.ConnectionCurvature.formOf	def
MD	Poincare.D12.ConnectionCurvature.ChartLeviCivitaForm	Poincare.D12.ConnectionCurvature.nablaOf._proof_2	theorem
MD	Poincare.D12.ConnectionCurvature.ChartLeviCivitaForm	Poincare.D12.ConnectionCurvature.chartAbstractConnection	def
MD	Poincare.D12.ConnectionCurvature.ChartLeviCivitaForm	Poincare.D12.ConnectionCurvature.nablaOf._proof_6	theorem
MD	Poincare.D12.ConnectionCurvature.ChartLeviCivitaForm	Poincare.D12.ConnectionCurvature.nablaOf	def
MD	Poincare.D12.ConnectionCurvature.ChartLeviCivitaForm	Poincare.D12.ConnectionCurvature.formOf._proof_2	theorem
MD	Poincare.D12.ConnectionCurvature.ChartLeviCivitaForm	Poincare.D12.ConnectionCurvature.chartTorsionFree_form	theorem
MD	Poincare.D12.ConnectionCurvature.ChartLeviCivitaForm	Poincare.D12.ConnectionCurvature.formOf._proof_8	theorem
MD	Poincare.D12.ConnectionCurvature.ChartLeviCivitaForm	Poincare.D12.ConnectionCurvature.nablaOf_apply	theorem
MD	Poincare.D12.ConnectionCurvature.ChartLeviCivitaForm	Poincare.D12.ConnectionCurvature.nablaOf._proof_5	theorem
MD	Poincare.D12.ConnectionCurvature.ChartLeviCivitaForm	Poincare.D12.ConnectionCurvature.chartCurvatureOperator_apply	theorem
MD	Poincare.D12.ConnectionCurvature.ChartLeviCivitaForm	Poincare.D12.ConnectionCurvature.form_nabla_second_eq_sum	theorem
MD	Poincare.D12.ConnectionCurvature.ChartLeviCivitaForm	Poincare.D12.ConnectionCurvature.formOf._proof_5	theorem
MD	Poincare.D12.ConnectionCurvature.ChartLeviCivitaForm	Poincare.D12.ConnectionCurvature.nablaOf._proof_9	theorem
MD	Poincare.D12.ConnectionCurvature.ChartLeviCivitaForm	Poincare.D12.ConnectionCurvature.formOf._proof_3	theorem
MD	Poincare.D12.ConnectionCurvature.ChartLeviCivitaForm	Poincare.D12.ConnectionCurvature.nablaOf._proof_4	theorem
MD	Poincare.D12.ConnectionCurvature.ChartLeviCivitaForm	Poincare.D12.ConnectionCurvature.dFormOf.eq_1	theorem
MD	Poincare.D12.ConnectionCurvature.ChartLeviCivitaForm	Poincare.D12.ConnectionCurvature.chartAbstractConnection._proof_1	theorem
MD	Poincare.D12.ConnectionCurvature.ChartLeviCivitaForm	Poincare.D12.ConnectionCurvature.nablaOf._proof_3	theorem
MD	Poincare.D12.ConnectionCurvature.ChartLeviCivitaForm	Poincare.D12.ConnectionCurvature.chartCurvatureOperator	def
MD	Poincare.D12.ConnectionCurvature.ChartLeviCivitaForm	Poincare.D12.ConnectionCurvature.nablaOf._proof_7	theorem
MD	Poincare.D12.ConnectionCurvature.ChartLeviCivitaForm	Poincare.D12.ConnectionCurvature.formOf._proof_4	theorem
MD	Poincare.D12.ConnectionCurvature.ChartLeviCivitaForm	Poincare.D12.ConnectionCurvature.sum_four_reorder	theorem
MD	Poincare.D12.ConnectionCurvature.ChartLeviCivitaForm	Poincare.D12.ConnectionCurvature.formOf._proof_6	theorem
MD	Poincare.D12.ConnectionCurvature.ChartLeviCivitaForm	Poincare.D12.ConnectionCurvature.formOf_apply	theorem
MD	Poincare.D12.ConnectionCurvature.ChartLeviCivitaForm	Poincare.D12.ConnectionCurvature.chartAbstractConnection.eq_1	theorem
MD	Poincare.D12.ConnectionCurvature.ChartLeviCivitaForm	Poincare.D12.ConnectionCurvature.nablaOf._proof_1	theorem
MD	Poincare.D12.ConnectionCurvature.ChartLeviCivitaForm	Poincare.D12.ConnectionCurvature.chartMetricCompatible_form	theorem
MD	Poincare.D12.ConnectionCurvature.ChartLeviCivitaForm	Poincare.D12.ConnectionCurvature.nablaOf._proof_8	theorem
MD	Poincare.D12.ConnectionCurvature.ChartLeviCivitaForm	Poincare.D12.ConnectionCurvature.sum_three_reorder	theorem
MD	Poincare.D12.ConnectionCurvature.ChartLeviCivitaForm	Poincare.D12.ConnectionCurvature.formOf._proof_7	theorem
MD	Poincare.D12.ConnectionCurvature.ChartLeviCivitaForm	Poincare.D12.ConnectionCurvature.formOf._proof_9	theorem
MD	Poincare.D12.ConnectionCurvature.ChartLeviCivitaForm	Poincare.D12.ConnectionCurvature.chartAbstractConnection._proof_2	theorem
MD	Poincare.D12.ConnectionCurvature.ChartLeviCivitaForm	Poincare.D12.ConnectionCurvature.formOf._proof_1	theorem
