MD	Poincare.D12.EntropyVariation.FFlowModel	Poincare.D12.EntropyVariation.fflow_F_value._simp_1_2	theorem
MD	Poincare.D12.EntropyVariation.FFlowModel	Poincare.D12.EntropyVariation.fflow_riccHess_eq_scaleInvSq_mul_shrinkerRiccHess	theorem
MD	Poincare.D12.EntropyVariation.FFlowModel	Poincare.D12.EntropyVariation.hasDerivAt_fflowGradSq._simp_1_3	theorem
MD	Poincare.D12.EntropyVariation.FFlowModel	Poincare.D12.EntropyVariation.fflow_variation_eq_two_riccHess_of_normSq_eq._simp_1_1	theorem
MD	Poincare.D12.EntropyVariation.FFlowModel	Poincare.D12.EntropyVariation.hasDerivAt_fflowGradSq._simp_1_7	theorem
MD	Poincare.D12.EntropyVariation.FFlowModel	Poincare.D12.EntropyVariation.fflow_corrected_FDerivative_on_domain	theorem
MD	Poincare.D12.EntropyVariation.FFlowModel	Poincare.D12.EntropyVariation.fflowMetricFlow_consistency	theorem
MD	Poincare.D12.EntropyVariation.FFlowModel	Poincare.D12.EntropyVariation.fflow_F_strictMonoOn._simp_1_4	theorem
MD	Poincare.D12.EntropyVariation.FFlowModel	Poincare.D12.EntropyVariation.fflowRiccHess.eq_1	theorem
MD	Poincare.D12.EntropyVariation.FFlowModel	Poincare.D12.EntropyVariation.fflowGradSq._proof_1	theorem
MD	Poincare.D12.EntropyVariation.FFlowModel	Poincare.D12.EntropyVariation.fflow_F_value._simp_1_6	theorem
MD	Poincare.D12.EntropyVariation.FFlowModel	Poincare.D12.EntropyVariation.fflow_variation_eq_two_riccHess_of_normSq_eq._simp_1_5	theorem
MD	Poincare.D12.EntropyVariation.FFlowModel	Poincare.D12.EntropyVariation.fflow_F_value._simp_1_7	theorem
MD	Poincare.D12.EntropyVariation.FFlowModel	Poincare.D12.EntropyVariation.hasDerivAt_fflowGradSq._simp_1_2	theorem
MD	Poincare.D12.EntropyVariation.FFlowModel	Poincare.D12.EntropyVariation.fflow_variation_integral._simp_1_1	theorem
MD	Poincare.D12.EntropyVariation.FFlowModel	Poincare.D12.EntropyVariation.fflow_variation_integral._simp_1_6	theorem
MD	Poincare.D12.EntropyVariation.FFlowModel	Poincare.D12.EntropyVariation.fflow_F_increasing_on_Iio	theorem
MD	Poincare.D12.EntropyVariation.FFlowModel	Poincare.D12.EntropyVariation.fflow_F_hasDerivAt	theorem
MD	Poincare.D12.EntropyVariation.FFlowModel	Poincare.D12.EntropyVariation.fflow_F_value._simp_1_5	theorem
MD	Poincare.D12.EntropyVariation.FFlowModel	Poincare.D12.EntropyVariation.hasDerivAt_fflowScaleInv	theorem
MD	Poincare.D12.EntropyVariation.FFlowModel	Poincare.D12.EntropyVariation.fflowEntropyData	def
MD	Poincare.D12.EntropyVariation.FFlowModel	Poincare.D12.EntropyVariation.fflow_integrated_variation_eq_dissipation	theorem
MD	Poincare.D12.EntropyVariation.FFlowModel	Poincare.D12.EntropyVariation.fflowEntropyData.eq_1	theorem
MD	Poincare.D12.EntropyVariation.FFlowModel	Poincare.D12.EntropyVariation.fflow_F_strictMonoOn._simp_1_5	theorem
MD	Poincare.D12.EntropyVariation.FFlowModel	Poincare.D12.EntropyVariation.fflowGradSqVariation	def
MD	Poincare.D12.EntropyVariation.FFlowModel	Poincare.D12.EntropyVariation.hasDerivAt_fflowGradSq._simp_1_5	theorem
MD	Poincare.D12.EntropyVariation.FFlowModel	Poincare.D12.EntropyVariation.fflow_variation_eq_two_riccHess_of_normSq_eq._simp_1_6	theorem
MD	Poincare.D12.EntropyVariation.FFlowModel	Poincare.D12.EntropyVariation.fflow_F_strictMonoOn._simp_1_2	theorem
MD	Poincare.D12.EntropyVariation.FFlowModel	Poincare.D12.EntropyVariation.fflowEntropyData._proof_2	theorem
MD	Poincare.D12.EntropyVariation.FFlowModel	Poincare.D12.EntropyVariation.fflowGradSq.eq_1	theorem
MD	Poincare.D12.EntropyVariation.FFlowModel	Poincare.D12.EntropyVariation.fflow_idempotency_iff_zero_dim	theorem
MD	Poincare.D12.EntropyVariation.FFlowModel	Poincare.D12.EntropyVariation.fflowRiccHess	def
MD	Poincare.D12.EntropyVariation.FFlowModel	Poincare.D12.EntropyVariation.fflow_variation_integral._simp_1_3	theorem
MD	Poincare.D12.EntropyVariation.FFlowModel	Poincare.D12.EntropyVariation.fflow_FDissipation_value._simp_1_7	theorem
MD	Poincare.D12.EntropyVariation.FFlowModel	Poincare.D12.EntropyVariation.fflow_variation_integral	theorem
MD	Poincare.D12.EntropyVariation.FFlowModel	Poincare.D12.EntropyVariation.fflow_FDissipationCorrected_value	theorem
MD	Poincare.D12.EntropyVariation.FFlowModel	Poincare.D12.EntropyVariation.fflow_riccHess_eq_zero_of_zero_dim	theorem
MD	Poincare.D12.EntropyVariation.FFlowModel	Poincare.D12.EntropyVariation.fflow_FDissipationCorrected_value._simp_1_7	theorem
MD	Poincare.D12.EntropyVariation.FFlowModel	Poincare.D12.EntropyVariation.fflow_rho_timeIndep	theorem
MD	Poincare.D12.EntropyVariation.FFlowModel	Poincare.D12.EntropyVariation.fflow_F_hasDerivAt_closedForm	theorem
MD	Poincare.D12.EntropyVariation.FFlowModel	Poincare.D12.EntropyVariation.fflow_variation_eq_two_riccHess_of_normSq_eq._simp_1_7	theorem
MD	Poincare.D12.EntropyVariation.FFlowModel	Poincare.D12.EntropyVariation.fflow_variation_eq_two_riccHess_of_normSq_eq	theorem
MD	Poincare.D12.EntropyVariation.FFlowModel	Poincare.D12.EntropyVariation.fflow_variation_eq_two_riccHess_of_normSq_eq._simp_1_2	theorem
MD	Poincare.D12.EntropyVariation.FFlowModel	Poincare.D12.EntropyVariation.fflow_rho_deriv_zero	theorem
MD	Poincare.D12.EntropyVariation.FFlowModel	Poincare.D12.EntropyVariation.fflow_F_strictMonoOn._simp_1_7	theorem
MD	Poincare.D12.EntropyVariation.FFlowModel	Poincare.D12.EntropyVariation.fflow_F_strictMonoOn	theorem
MD	Poincare.D12.EntropyVariation.FFlowModel	Poincare.D12.EntropyVariation.fflow_literal_FDerivativeStatement_zero_dim	theorem
MD	Poincare.D12.EntropyVariation.FFlowModel	Poincare.D12.EntropyVariation.hasDerivAt_fflowGradSq._simp_1_6	theorem
MD	Poincare.D12.EntropyVariation.FFlowModel	Poincare.D12.EntropyVariation.fflow_literal_FDerivativeStatement_of_idempotent	theorem
MD	Poincare.D12.EntropyVariation.FFlowModel	Poincare.D12.EntropyVariation.fflowGradSqVariation.eq_1	theorem
MD	Poincare.D12.EntropyVariation.FFlowModel	Poincare.D12.EntropyVariation.fflowScaleInv_pos	theorem
MD	Poincare.D12.EntropyVariation.FFlowModel	Poincare.D12.EntropyVariation.hasDerivAt_fflowMetricScale	theorem
MD	Poincare.D12.EntropyVariation.FFlowModel	Poincare.D12.EntropyVariation.fflow_F_strictMonoOn._simp_1_1	theorem
MD	Poincare.D12.EntropyVariation.FFlowModel	Poincare.D12.EntropyVariation.fflow_FDissipation_value._simp_1_8	theorem
MD	Poincare.D12.EntropyVariation.FFlowModel	Poincare.D12.EntropyVariation.fflow_FDissipation_value._simp_1_3	theorem
MD	Poincare.D12.EntropyVariation.FFlowModel	Poincare.D12.EntropyVariation.fflowScaleInv	def
MD	Poincare.D12.EntropyVariation.FFlowModel	Poincare.D12.EntropyVariation.fflowEntropyData._proof_5	theorem
MD	Poincare.D12.EntropyVariation.FFlowModel	Poincare.D12.EntropyVariation.fflowGradSq	def
MD	Poincare.D12.EntropyVariation.FFlowModel	Poincare.D12.EntropyVariation.fflow_FDissipationCorrected_value._simp_1_8	theorem
MD	Poincare.D12.EntropyVariation.FFlowModel	Poincare.D12.EntropyVariation.fflow_FDissipation_ne_corrected_one	theorem
MD	Poincare.D12.EntropyVariation.FFlowModel	Poincare.D12.EntropyVariation.fflow_riccHess_justified	theorem
MD	Poincare.D12.EntropyVariation.FFlowModel	Poincare.D12.EntropyVariation.fflow_F_value	theorem
MD	Poincare.D12.EntropyVariation.FFlowModel	Poincare.D12.EntropyVariation.fflow_variation_integral._simp_1_7	theorem
MD	Poincare.D12.EntropyVariation.FFlowModel	Poincare.D12.EntropyVariation.fflow_F_value._simp_1_8	theorem
MD	Poincare.D12.EntropyVariation.FFlowModel	Poincare.D12.EntropyVariation.fflow_F_deriv_pos	theorem
MD	Poincare.D12.EntropyVariation.FFlowModel	Poincare.D12.EntropyVariation.fflowEntropyData.congr_simp	theorem
MD	Poincare.D12.EntropyVariation.FFlowModel	Poincare.D12.EntropyVariation.fflowEntropyData._proof_3	theorem
MD	Poincare.D12.EntropyVariation.FFlowModel	Poincare.D12.EntropyVariation.fflow_F_value._simp_1_4	theorem
MD	Poincare.D12.EntropyVariation.FFlowModel	Poincare.D12.EntropyVariation.fflow_FDissipationCorrected_value._simp_1_6	theorem
MD	Poincare.D12.EntropyVariation.FFlowModel	Poincare.D12.EntropyVariation.fflow_two_riccHess_pos	theorem
MD	Poincare.D12.EntropyVariation.FFlowModel	Poincare.D12.EntropyVariation.fflow_F_strictMonoOn._simp_1_3	theorem
MD	Poincare.D12.EntropyVariation.FFlowModel	Poincare.D12.EntropyVariation.fflow_variation_eq_two_riccHess_iff	theorem
MD	Poincare.D12.EntropyVariation.FFlowModel	Poincare.D12.EntropyVariation.fflow_FDissipation_value._simp_1_6	theorem
MD	Poincare.D12.EntropyVariation.FFlowModel	Poincare.D12.EntropyVariation.fflow_F_value._simp_1_3	theorem
MD	Poincare.D12.EntropyVariation.FFlowModel	Poincare.D12.EntropyVariation.fflow_F_strictMonoOn._simp_1_6	theorem
MD	Poincare.D12.EntropyVariation.FFlowModel	Poincare.D12.EntropyVariation.fflow_FDissipation_value._simp_1_4	theorem
MD	Poincare.D12.EntropyVariation.FFlowModel	Poincare.D12.EntropyVariation.fflowMetricScale	def
MD	Poincare.D12.EntropyVariation.FFlowModel	Poincare.D12.EntropyVariation.fflow_FDissipationCorrected_value._simp_1_5	theorem
MD	Poincare.D12.EntropyVariation.FFlowModel	Poincare.D12.EntropyVariation.fflow_FDissipation_value._simp_1_9	theorem
MD	Poincare.D12.EntropyVariation.FFlowModel	Poincare.D12.EntropyVariation.fflow_variation_eq_two_riccHess_of_normSq_eq._simp_1_4	theorem
MD	Poincare.D12.EntropyVariation.FFlowModel	Poincare.D12.EntropyVariation.fflowScaleInv_eq_inv_metricScale	theorem
MD	Poincare.D12.EntropyVariation.FFlowModel	Poincare.D12.EntropyVariation.fflow_variation_integral._simp_1_5	theorem
MD	Poincare.D12.EntropyVariation.FFlowModel	Poincare.D12.EntropyVariation.fflow_FDissipationCorrected_value._simp_1_9	theorem
MD	Poincare.D12.EntropyVariation.FFlowModel	Poincare.D12.EntropyVariation.fflow_FDissipationCorrected_value._simp_1_3	theorem
MD	Poincare.D12.EntropyVariation.FFlowModel	Poincare.D12.EntropyVariation.fflow_FDissipation_value	theorem
MD	Poincare.D12.EntropyVariation.FFlowModel	Poincare.D12.EntropyVariation.fflow_FDissipation_value._simp_1_5	theorem
MD	Poincare.D12.EntropyVariation.FFlowModel	Poincare.D12.EntropyVariation.fflow_variation_ne_two_riccHess_at_zero	theorem
MD	Poincare.D12.EntropyVariation.FFlowModel	Poincare.D12.EntropyVariation.fflow_FDissipationCorrected_value._simp_1_4	theorem
MD	Poincare.D12.EntropyVariation.FFlowModel	Poincare.D12.EntropyVariation.fflow_variation_integral._simp_1_2	theorem
MD	Poincare.D12.EntropyVariation.FFlowModel	Poincare.D12.EntropyVariation.fflow_variation_eq_two_riccHess_of_normSq_eq._simp_1_3	theorem
MD	Poincare.D12.EntropyVariation.FFlowModel	Poincare.D12.EntropyVariation.fflow_variation_integral._simp_1_4	theorem
MD	Poincare.D12.EntropyVariation.FFlowModel	Poincare.D12.EntropyVariation.fflowEntropyData._proof_4	theorem
MD	Poincare.D12.EntropyVariation.FFlowModel	Poincare.D12.EntropyVariation.fflow_idempotency_holds_zero_dim	theorem
MD	Poincare.D12.EntropyVariation.FFlowModel	Poincare.D12.EntropyVariation.fflowEntropyData._proof_1	theorem
MD	Poincare.D12.EntropyVariation.FFlowModel	Poincare.D12.EntropyVariation.hasDerivAt_fflowGradSq	theorem
MD	Poincare.D12.EntropyVariation.FFlowModel	Poincare.D12.EntropyVariation.fflow_literal_FDerivative_inconsistent	theorem
MD	Poincare.D12.EntropyVariation.FFlowModel	Poincare.D12.EntropyVariation.fflow_idempotency_forces_zero_dim	theorem
MD	Poincare.D12.EntropyVariation.FFlowModel	Poincare.D12.EntropyVariation.hasDerivAt_fflowGradSq._simp_1_1	theorem
MD	Poincare.D12.EntropyVariation.FFlowModel	Poincare.D12.EntropyVariation.hasDerivAt_fflowGradSq._simp_1_4	theorem
