MD	Poincare.D12.KappaVariational.CurvatureEnergy	Poincare.D12.KappaVariational.constantCurvatureFlow._proof_3	theorem
MD	Poincare.D12.KappaVariational.CurvatureEnergy	Poincare.D12.KappaVariational.constantCurvatureFlow._proof_4	theorem
MD	Poincare.D12.KappaVariational.CurvatureEnergy	Poincare.D12.KappaVariational.constantCurvatureFlow_metric	theorem
MD	Poincare.D12.KappaVariational.CurvatureEnergy	Poincare.D12.KappaVariational.constantCurvatureLPath._proof_4	theorem
MD	Poincare.D12.KappaVariational.CurvatureEnergy	Poincare.D12.KappaVariational.integral_sqrt	theorem
MD	Poincare.D12.KappaVariational.CurvatureEnergy	Poincare.D12.KappaVariational.constantCurvatureLPath.eq_1	theorem
MD	Poincare.D12.KappaVariational.CurvatureEnergy	Poincare.D12.KappaVariational.constantCurvatureLPath._proof_1	theorem
MD	Poincare.D12.KappaVariational.CurvatureEnergy	Poincare.D12.KappaVariational.rpow_three_halves_eq_mul_sqrt	theorem
MD	Poincare.D12.KappaVariational.CurvatureEnergy	Poincare.D12.KappaVariational.toGaussianPath._proof_1	theorem
MD	Poincare.D12.KappaVariational.CurvatureEnergy	Poincare.D12.KappaVariational.constantCurvature_LlengthAlong	theorem
MD	Poincare.D12.KappaVariational.CurvatureEnergy	Poincare.D12.KappaVariational.constantCurvatureFlow._proof_1	theorem
MD	Poincare.D12.KappaVariational.CurvatureEnergy	Poincare.D12.KappaVariational.constantCurvatureFlow_scalarCurvature	theorem
MD	Poincare.D12.KappaVariational.CurvatureEnergy	Poincare.D12.KappaVariational.intervalIntegrable_sqrt	theorem
MD	Poincare.D12.KappaVariational.CurvatureEnergy	Poincare.D12.KappaVariational.constantCurvatureFlow._proof_5	theorem
MD	Poincare.D12.KappaVariational.CurvatureEnergy	Poincare.D12.KappaVariational.toGaussianPath._proof_5	theorem
MD	Poincare.D12.KappaVariational.CurvatureEnergy	Poincare.D12.KappaVariational.constantCurvatureLPath._proof_5	theorem
MD	Poincare.D12.KappaVariational.CurvatureEnergy	Poincare.D12.KappaVariational.constantCurvatureLMinimizerExistence	theorem
MD	Poincare.D12.KappaVariational.CurvatureEnergy	Poincare.D12.KappaVariational.constantCurvatureFlow	def
MD	Poincare.D12.KappaVariational.CurvatureEnergy	Poincare.D12.KappaVariational.constantCurvatureFlow.eq_1	theorem
MD	Poincare.D12.KappaVariational.CurvatureEnergy	Poincare.D12.KappaVariational.constantCurvatureLPath.congr_simp	theorem
MD	Poincare.D12.KappaVariational.CurvatureEnergy	Poincare.D12.KappaVariational.constantCurvature_reducedLength	theorem
MD	Poincare.D12.KappaVariational.CurvatureEnergy	Poincare.D12.KappaVariational.constantCurvatureReducedLengthData.eq_1	theorem
MD	Poincare.D12.KappaVariational.CurvatureEnergy	Poincare.D12.KappaVariational.toGaussianPath._proof_2	theorem
MD	Poincare.D12.KappaVariational.CurvatureEnergy	Poincare.D12.KappaVariational.constantCurvatureReducedLengthData_reducedLength	theorem
MD	Poincare.D12.KappaVariational.CurvatureEnergy	Poincare.D12.KappaVariational.toGaussianPath._proof_7	theorem
MD	Poincare.D12.KappaVariational.CurvatureEnergy	Poincare.D12.KappaVariational.constantCurvature_reducedLength_mono_in_R0	theorem
MD	Poincare.D12.KappaVariational.CurvatureEnergy	Poincare.D12.KappaVariational.toGaussianPath.eq_1	theorem
MD	Poincare.D12.KappaVariational.CurvatureEnergy	Poincare.D12.KappaVariational.constantCurvature_length_le	theorem
MD	Poincare.D12.KappaVariational.CurvatureEnergy	Poincare.D12.KappaVariational.constantCurvatureReducedLengthData	def
MD	Poincare.D12.KappaVariational.CurvatureEnergy	Poincare.D12.KappaVariational.constantCurvature_reducedLength_le	theorem
MD	Poincare.D12.KappaVariational.CurvatureEnergy	Poincare.D12.KappaVariational.toGaussianPath._proof_6	theorem
MD	Poincare.D12.KappaVariational.CurvatureEnergy	Poincare.D12.KappaVariational.constantCurvatureLPath._proof_2	theorem
MD	Poincare.D12.KappaVariational.CurvatureEnergy	Poincare.D12.KappaVariational.toGaussianPath._proof_3	theorem
MD	Poincare.D12.KappaVariational.CurvatureEnergy	Poincare.D12.KappaVariational.constantCurvatureLPath._proof_7	theorem
MD	Poincare.D12.KappaVariational.CurvatureEnergy	Poincare.D12.KappaVariational.constantCurvatureFlow._proof_2	theorem
MD	Poincare.D12.KappaVariational.CurvatureEnergy	Poincare.D12.KappaVariational.constantCurvatureLPath	def
MD	Poincare.D12.KappaVariational.CurvatureEnergy	Poincare.D12.KappaVariational.constantCurvatureLPath._proof_3	theorem
MD	Poincare.D12.KappaVariational.CurvatureEnergy	Poincare.D12.KappaVariational.toGaussianPath	def
MD	Poincare.D12.KappaVariational.CurvatureEnergy	Poincare.D12.KappaVariational.toGaussianPath._proof_4	theorem
MD	Poincare.D12.KappaVariational.CurvatureEnergy	Poincare.D12.KappaVariational.constantCurvatureLPath._proof_6	theorem
MD	Poincare.D12.KappaVariational.CurvatureEnergy	Poincare.D12.KappaVariational.constantCurvature_isLMinimizer	theorem
