MD	Poincare.D12.SemanticLedger.Defect	Poincare.D12.SemanticLedger.not_initialCondition_gaussian_quantified	theorem
MD	Poincare.D12.SemanticLedger.Defect	Poincare.D12.SemanticLedger.integrand_continuous	theorem
MD	Poincare.D12.SemanticLedger.Defect	Poincare.D12.SemanticLedger.lowerConstant_pos	theorem
MD	Poincare.D12.SemanticLedger.Defect	Poincare.D12.SemanticLedger.integrand.eq_1	theorem
MD	Poincare.D12.SemanticLedger.Defect	Poincare.D12.SemanticLedger.integrand_pos	theorem
MD	Poincare.D12.SemanticLedger.Defect	Poincare.D12.SemanticLedger.integrand_lintegral_eq_top	theorem
MD	Poincare.D12.SemanticLedger.Defect	Poincare.D12.SemanticLedger.testFunction_zero	theorem
MD	Poincare.D12.SemanticLedger.Defect	Poincare.D12.SemanticLedger.R	def
MD	Poincare.D12.SemanticLedger.Defect	Poincare.D12.SemanticLedger.testFunction_pos	theorem
MD	Poincare.D12.SemanticLedger.Defect	Poincare.D12.SemanticLedger.R_nonneg	theorem
MD	Poincare.D12.SemanticLedger.Defect	Poincare.D12.SemanticLedger.D7InitialConditionAt	def
MD	Poincare.D12.SemanticLedger.Defect	Poincare.D12.SemanticLedger.not_initialCondition_gaussian	theorem
MD	Poincare.D12.SemanticLedger.Defect	Poincare.D12.SemanticLedger.continuous_gaussianKernelXY_int	theorem
MD	Poincare.D12.SemanticLedger.Defect	Poincare.D12.SemanticLedger.gaussianKernelXY._proof_1	theorem
MD	Poincare.D12.SemanticLedger.Defect	Poincare.D12.SemanticLedger.integrand_eq	theorem
MD	Poincare.D12.SemanticLedger.Defect	Poincare.D12.SemanticLedger.tendsto_testFunction_atTop	theorem
MD	Poincare.D12.SemanticLedger.Defect	Poincare.D12.SemanticLedger.quartic_dominates	theorem
MD	Poincare.D12.SemanticLedger.Defect	Poincare.D12.SemanticLedger.integral_undef_zero	theorem
MD	Poincare.D12.SemanticLedger.Defect	Poincare.D12.SemanticLedger.lowerConstant	def
MD	Poincare.D12.SemanticLedger.Defect	Poincare.D12.SemanticLedger.gaussianKernelXY	def
MD	Poincare.D12.SemanticLedger.Defect	Poincare.D12.SemanticLedger.testFunction_continuous	theorem
MD	Poincare.D12.SemanticLedger.Defect	Poincare.D12.SemanticLedger.testFunction	def
MD	Poincare.D12.SemanticLedger.Defect	Poincare.D12.SemanticLedger.lowerConstant_le_integrand	theorem
MD	Poincare.D12.SemanticLedger.Defect	Poincare.D12.SemanticLedger.integrand	def
MD	Poincare.D12.SemanticLedger.Defect	Poincare.D12.SemanticLedger.integrand_nonneg	theorem
MD	Poincare.D12.SemanticLedger.Defect	Poincare.D12.SemanticLedger.gaussianKernelXY._proof_2	theorem
MD	Poincare.D12.SemanticLedger.Defect	Poincare.D12.SemanticLedger.integrand_not_integrable	theorem
MD	Poincare.D12.SemanticLedger.Defect	Poincare.D12.SemanticLedger.R_sq	theorem
