MD	Poincare.D12.SpectralSobolev.Poincare	Poincare.D12.SpectralSobolev.sq_norm_eigenvalue._simp_1_4	theorem
MD	Poincare.D12.SpectralSobolev.Poincare	Poincare.D12.SpectralSobolev.sq_norm_eigenvalue._simp_1_6	theorem
MD	Poincare.D12.SpectralSobolev.Poincare	Poincare.D12.SpectralSobolev.sq_norm_eigenvalue._simp_1_3	theorem
MD	Poincare.D12.SpectralSobolev.Poincare	Poincare.D12.SpectralSobolev.sq_norm_fourierCoeffOn_deriv_periodic	theorem
MD	Poincare.D12.SpectralSobolev.Poincare	Poincare.D12.SpectralSobolev.fourierCoeffOn_zero_eq_mean	theorem
MD	Poincare.D12.SpectralSobolev.Poincare	Poincare.D12.SpectralSobolev.fourierCoeffOn_deriv_periodic._simp_1_4	theorem
MD	Poincare.D12.SpectralSobolev.Poincare	Poincare.D12.SpectralSobolev.fourierCoeffOn_deriv_periodic._simp_1_3	theorem
MD	Poincare.D12.SpectralSobolev.Poincare	Poincare.D12.SpectralSobolev.sq_norm_eigenvalue._simp_1_5	theorem
MD	Poincare.D12.SpectralSobolev.Poincare	Poincare.D12.SpectralSobolev.poincare_wirtinger._simp_1_6	theorem
MD	Poincare.D12.SpectralSobolev.Poincare	Poincare.D12.SpectralSobolev.sq_norm_eigenvalue	theorem
MD	Poincare.D12.SpectralSobolev.Poincare	Poincare.D12.SpectralSobolev.poincare_wirtinger._simp_1_4	theorem
MD	Poincare.D12.SpectralSobolev.Poincare	Poincare.D12.SpectralSobolev.sq_norm_eigenvalue._simp_1_7	theorem
MD	Poincare.D12.SpectralSobolev.Poincare	Poincare.D12.SpectralSobolev.sq_norm_eigenvalue._simp_1_8	theorem
MD	Poincare.D12.SpectralSobolev.Poincare	Poincare.D12.SpectralSobolev.fourierCoeffOn_deriv_periodic._simp_1_7	theorem
MD	Poincare.D12.SpectralSobolev.Poincare	Poincare.D12.SpectralSobolev.fourierCoeffOn_deriv_periodic._simp_1_5	theorem
MD	Poincare.D12.SpectralSobolev.Poincare	Poincare.D12.SpectralSobolev.poincare_wirtinger._simp_1_3	theorem
MD	Poincare.D12.SpectralSobolev.Poincare	Poincare.D12.SpectralSobolev.poincare_wirtinger	theorem
MD	Poincare.D12.SpectralSobolev.Poincare	Poincare.D12.SpectralSobolev.poincare_wirtinger._simp_1_1	theorem
MD	Poincare.D12.SpectralSobolev.Poincare	Poincare.D12.SpectralSobolev.poincare_wirtinger._simp_1_2	theorem
MD	Poincare.D12.SpectralSobolev.Poincare	Poincare.D12.SpectralSobolev.fourierCoeffOn_deriv_periodic._simp_1_6	theorem
MD	Poincare.D12.SpectralSobolev.Poincare	Poincare.D12.SpectralSobolev.poincare_wirtinger._simp_1_8	theorem
MD	Poincare.D12.SpectralSobolev.Poincare	Poincare.D12.SpectralSobolev.fourierCoeffOn_deriv_periodic._simp_1_1	theorem
MD	Poincare.D12.SpectralSobolev.Poincare	Poincare.D12.SpectralSobolev.fourierCoeffOn_deriv_periodic._simp_1_2	theorem
MD	Poincare.D12.SpectralSobolev.Poincare	Poincare.D12.SpectralSobolev.fourierCoeffOn_deriv_periodic	theorem
MD	Poincare.D12.SpectralSobolev.Poincare	Poincare.D12.SpectralSobolev.sq_norm_eigenvalue._simp_1_2	theorem
MD	Poincare.D12.SpectralSobolev.Poincare	Poincare.D12.SpectralSobolev.poincare_wirtinger._simp_1_5	theorem
MD	Poincare.D12.SpectralSobolev.Poincare	Poincare.D12.SpectralSobolev.poincare_wirtinger._simp_1_7	theorem
MD	Poincare.D12.SpectralSobolev.Poincare	Poincare.D12.SpectralSobolev.sq_norm_eigenvalue._simp_1_1	theorem
