MD	Poincare.D12.TensorMaximumBochner.So3Model	Poincare.D12.TensorMaximumBochner.So3.sectional_nonflat	theorem
MD	Poincare.D12.TensorMaximumBochner.So3Model	LinearMap.mk₂.congr_simp	theorem
MD	Poincare.D12.TensorMaximumBochner.So3Model	Poincare.D12.TensorMaximumBochner.So3.stdMetric._proof_6	theorem
MD	Poincare.D12.TensorMaximumBochner.So3Model	Poincare.D12.TensorMaximumBochner.So3.stdMetric._proof_10	theorem
MD	Poincare.D12.TensorMaximumBochner.So3Model	Poincare.D12.TensorMaximumBochner.So3.stdMetric._proof_2	theorem
MD	Poincare.D12.TensorMaximumBochner.So3Model	Poincare.D12.TensorMaximumBochner.So3.stdMetric._proof_9	theorem
MD	Poincare.D12.TensorMaximumBochner.So3Model	Poincare.D12.TensorMaximumBochner.So3.stdMetric_form	theorem
MD	Poincare.D12.TensorMaximumBochner.So3Model	Poincare.D12.TensorMaximumBochner.So3.curvature_eq_quarter_doubleBracket	theorem
MD	Poincare.D12.TensorMaximumBochner.So3Model	Poincare.D12.TensorMaximumBochner.So3.crossBracket._proof_1	theorem
MD	Poincare.D12.TensorMaximumBochner.So3Model	Poincare.D12.TensorMaximumBochner.So3.ricci_eq_half_metric	theorem
MD	Poincare.D12.TensorMaximumBochner.So3Model	Poincare.D12.TensorMaximumBochner.So3.crossBracket	def
MD	Poincare.D12.TensorMaximumBochner.So3Model	Poincare.D12.TensorMaximumBochner.So3.crossLeviCivita	def
MD	Poincare.D12.TensorMaximumBochner.So3Model	Poincare.D12.TensorMaximumBochner.So3.stdMetric._proof_1	theorem
MD	Poincare.D12.TensorMaximumBochner.So3Model	Poincare.D12.TensorMaximumBochner.So3.stdMetric._proof_7	theorem
MD	Poincare.D12.TensorMaximumBochner.So3Model	Poincare.D12.TensorMaximumBochner.So3.stdMetric.eq_1	theorem
MD	Poincare.D12.TensorMaximumBochner.So3Model	Poincare.D12.TensorMaximumBochner.So3.stdMetric._proof_4	theorem
MD	Poincare.D12.TensorMaximumBochner.So3Model	Poincare.D12.TensorMaximumBochner.So3.crossLeviCivita._proof_3	theorem
MD	Poincare.D12.TensorMaximumBochner.So3Model	Poincare.D12.TensorMaximumBochner.So3.crossLeviCivita._proof_1	theorem
MD	Poincare.D12.TensorMaximumBochner.So3Model	Poincare.D12.TensorMaximumBochner.So3.stdMetric._proof_5	theorem
MD	Poincare.D12.TensorMaximumBochner.So3Model	Poincare.D12.TensorMaximumBochner.So3.crossLeviCivita._proof_2	theorem
MD	Poincare.D12.TensorMaximumBochner.So3Model	Poincare.D12.TensorMaximumBochner.So3.stdMetric	def
MD	Poincare.D12.TensorMaximumBochner.So3Model	Poincare.D12.TensorMaximumBochner.So3.stdMetric._proof_8	theorem
MD	Poincare.D12.TensorMaximumBochner.So3Model	Poincare.D12.TensorMaximumBochner.So3.stdMetric._proof_3	theorem
MD	Poincare.D12.TensorMaximumBochner.So3Model	Poincare.D12.TensorMaximumBochner.So3.Vec3	def
MD	Poincare.D12.TensorMaximumBochner.So3Model	Poincare.Longrun.Geometry.MetricData.mk.congr_simp	theorem
MD	Poincare.D12.TensorMaximumBochner.So3Model	Poincare.D12.TensorMaximumBochner.So3.crossBracket._proof_2	theorem
MD	Poincare.D12.TensorMaximumBochner.So3Model	Poincare.D12.TensorMaximumBochner.So3.crossMetricSkew	theorem
