MD	Poincare.D12.TriangulationTopology.HemisphereDisk	Poincare.D12.TriangulationTopology.norm_sq_esnoc'	theorem
MD	Poincare.D12.TriangulationTopology.HemisphereDisk	Poincare.D12.TriangulationTopology.esnoc'_castSucc	theorem
MD	Poincare.D12.TriangulationTopology.HemisphereDisk	Poincare.D12.TriangulationTopology.esnoc'_lowerTrunc_eq	theorem
MD	Poincare.D12.TriangulationTopology.HemisphereDisk	Poincare.D12.TriangulationTopology.lowerHemisphereToDisk.eq_1	theorem
MD	Poincare.D12.TriangulationTopology.HemisphereDisk	Poincare.D12.TriangulationTopology.diskToLowerHemisphere._proof_2	theorem
MD	Poincare.D12.TriangulationTopology.HemisphereDisk	Poincare.D12.TriangulationTopology.continuous_esnoc'	theorem
MD	Poincare.D12.TriangulationTopology.HemisphereDisk	Poincare.D12.TriangulationTopology.diskToLowerHemisphere_lowerHemisphereToDisk	theorem
MD	Poincare.D12.TriangulationTopology.HemisphereDisk	Poincare.D12.TriangulationTopology.lowerTrunc	def
MD	Poincare.D12.TriangulationTopology.HemisphereDisk	Poincare.D12.TriangulationTopology.diskToLowerHemisphere	def
MD	Poincare.D12.TriangulationTopology.HemisphereDisk	Poincare.D12.TriangulationTopology.esnoc'	def
MD	Poincare.D12.TriangulationTopology.HemisphereDisk	Poincare.D12.TriangulationTopology.lowerHemisphereToDisk	def
MD	Poincare.D12.TriangulationTopology.HemisphereDisk	Poincare.D12.TriangulationTopology.esnoc'.eq_1	theorem
MD	Poincare.D12.TriangulationTopology.HemisphereDisk	Poincare.D12.TriangulationTopology.lowerHemisphereT2Space	theorem
MD	Poincare.D12.TriangulationTopology.HemisphereDisk	Poincare.D12.TriangulationTopology.lowerHemisphereToDisk_diskToLowerHemisphere	theorem
MD	Poincare.D12.TriangulationTopology.HemisphereDisk	Poincare.D12.TriangulationTopology.lowerHemisphereToDisk._proof_1	theorem
MD	Poincare.D12.TriangulationTopology.HemisphereDisk	Poincare.D12.TriangulationTopology.trunc_norm_sq_add_last_sq_eq_one	theorem
MD	Poincare.D12.TriangulationTopology.HemisphereDisk	Poincare.D12.TriangulationTopology.continuous_lowerHemisphereToDisk	theorem
MD	Poincare.D12.TriangulationTopology.HemisphereDisk	Poincare.D12.TriangulationTopology.LowerHemisphere	def
MD	Poincare.D12.TriangulationTopology.HemisphereDisk	Poincare.D12.TriangulationTopology.esnoc'._proof_1	theorem
MD	Poincare.D12.TriangulationTopology.HemisphereDisk	Poincare.D12.TriangulationTopology.lowerTrunc.eq_1	theorem
MD	Poincare.D12.TriangulationTopology.HemisphereDisk	Poincare.D12.TriangulationTopology.esnoc'_last	theorem
MD	Poincare.D12.TriangulationTopology.HemisphereDisk	Poincare.D12.TriangulationTopology.lowerHemisphereNonempty	theorem
MD	Poincare.D12.TriangulationTopology.HemisphereDisk	Poincare.D12.TriangulationTopology.continuous_diskToLowerHemisphere	theorem
MD	Poincare.D12.TriangulationTopology.HemisphereDisk	Poincare.D12.TriangulationTopology.sqrt_one_sub_trunc_norm_sq_eq_neg_last	theorem
MD	Poincare.D12.TriangulationTopology.HemisphereDisk	Poincare.D12.TriangulationTopology.lowerHemisphereHomeoDisk	def
MD	Poincare.D12.TriangulationTopology.HemisphereDisk	Poincare.D12.TriangulationTopology.diskToLowerHemisphere._proof_1	theorem
MD	Poincare.D12.TriangulationTopology.HemisphereDisk	Poincare.D12.TriangulationTopology.lowerHemisphereCompactSpace	theorem
MD	Poincare.D12.TriangulationTopology.HemisphereDisk	Poincare.D12.TriangulationTopology.diskToLowerHemisphere.eq_1	theorem
