MD	Poincare.D12.TriangulationTopology.SimplexCone	Poincare.D12.TriangulationTopology.simplexRadialTime	def
MD	Poincare.D12.TriangulationTopology.SimplexCone	Poincare.D12.TriangulationTopology.simplexBoundaryPoint_mem_of_ne_center._simp_1_6	theorem
MD	Poincare.D12.TriangulationTopology.SimplexCone	Poincare.D12.TriangulationTopology.simplexConeMapQuot._proof_1	theorem
MD	Poincare.D12.TriangulationTopology.SimplexCone	Poincare.D12.TriangulationTopology.simplexBoundaryConeHomeoSimplex	def
MD	Poincare.D12.TriangulationTopology.SimplexCone	Poincare.D12.TriangulationTopology.continuous_sphereToSimplexBoundary	theorem
MD	Poincare.D12.TriangulationTopology.SimplexCone	Poincare.D12.TriangulationTopology.simplexBoundaryConeHomeoSphereCone	def
MD	Poincare.D12.TriangulationTopology.SimplexCone	Poincare.D12.TriangulationTopology.simplexHomeoStdSimplexFn._proof_2	theorem
MD	Poincare.D12.TriangulationTopology.SimplexCone	Poincare.D12.TriangulationTopology.simplexBoundaryPoint_eq_of_radial_repr._simp_1_3	theorem
MD	Poincare.D12.TriangulationTopology.SimplexCone	Poincare.D12.TriangulationTopology.quotMapHomeo._proof_5	theorem
MD	Poincare.D12.TriangulationTopology.SimplexCone	Poincare.D12.TriangulationTopology.simplexVertexZero._proof_1	theorem
MD	Poincare.D12.TriangulationTopology.SimplexCone	Poincare.D12.TriangulationTopology.simplexConeMapQuot.eq_1	theorem
MD	Poincare.D12.TriangulationTopology.SimplexCone	Poincare.D12.TriangulationTopology.simplexRadialTime_le_one	theorem
MD	Poincare.D12.TriangulationTopology.SimplexCone	Poincare.D12.TriangulationTopology.simplexConeMapQuot_injective	theorem
MD	Poincare.D12.TriangulationTopology.SimplexCone	Poincare.D12.TriangulationTopology.simplexConeMapQuot_injective._simp_1_7	theorem
MD	Poincare.D12.TriangulationTopology.SimplexCone	Poincare.D12.TriangulationTopology.simplexBoundaryConeHomeoSimplex._proof_1	theorem
MD	Poincare.D12.TriangulationTopology.SimplexCone	Poincare.D12.TriangulationTopology.simplexBoundaryPoint	def
MD	Poincare.D12.TriangulationTopology.SimplexCone	Poincare.D12.TriangulationTopology.continuous_sphereToSimplexBoundary_apply	theorem
MD	Poincare.D12.TriangulationTopology.SimplexCone	Poincare.D12.TriangulationTopology.simplexConeMap	def
MD	Poincare.D12.TriangulationTopology.SimplexCone	Poincare.D12.TriangulationTopology.simplexMin_le_center	theorem
MD	Poincare.D12.TriangulationTopology.SimplexCone	Poincare.D12.TriangulationTopology.simplexVertexZero	def
MD	Poincare.D12.TriangulationTopology.SimplexCone	Poincare.D12.TriangulationTopology.simplexBoundaryConeMap.eq_1	theorem
MD	Poincare.D12.TriangulationTopology.SimplexCone	Poincare.D12.TriangulationTopology.sphereConeHomeoSimplex._proof_1	theorem
MD	Poincare.D12.TriangulationTopology.SimplexCone	Poincare.D12.TriangulationTopology.simplexBoundaryPoint_eq_of_radial_repr	theorem
MD	Poincare.D12.TriangulationTopology.SimplexCone	Poincare.D12.TriangulationTopology.continuous_simplexBoundaryConeMap	theorem
MD	Poincare.D12.TriangulationTopology.SimplexCone	Poincare.D12.TriangulationTopology.simplexBoundaryPoint_mem_of_ne_center	theorem
MD	Poincare.D12.TriangulationTopology.SimplexCone	Poincare.D12.TriangulationTopology.simplexConeMap_respects	theorem
MD	Poincare.D12.TriangulationTopology.SimplexCone	Poincare.D12.TriangulationTopology.simplexConeMapQuot_injective._simp_1_6	theorem
MD	Poincare.D12.TriangulationTopology.SimplexCone	Poincare.D12.TriangulationTopology.simplexHomeoConeQuot	def
MD	Poincare.D12.TriangulationTopology.SimplexCone	Poincare.D12.TriangulationTopology.simplexBoundaryConeMapQuot_surjective	theorem
MD	Poincare.D12.TriangulationTopology.SimplexCone	Poincare.D12.TriangulationTopology.simplexBoundaryPoint_eq_of_radial_repr._simp_1_1	theorem
MD	Poincare.D12.TriangulationTopology.SimplexCone	Poincare.D12.TriangulationTopology.simplexBoundaryConeHomeoSimplex._proof_2	theorem
MD	Poincare.D12.TriangulationTopology.SimplexCone	Poincare.D12.TriangulationTopology.simplexConeMapQuot_injective._simp_1_5	theorem
MD	Poincare.D12.TriangulationTopology.SimplexCone	Poincare.D12.TriangulationTopology.simplexBoundaryPoint_eq_of_radial_repr._simp_1_4	theorem
MD	Poincare.D12.TriangulationTopology.SimplexCone	Poincare.D12.TriangulationTopology.simplexBoundaryPoint_eq_of_radial_repr._simp_1_2	theorem
MD	Poincare.D12.TriangulationTopology.SimplexCone	Poincare.D12.TriangulationTopology.simplexBoundaryConeRel_iff_coneRel	theorem
MD	Poincare.D12.TriangulationTopology.SimplexCone	Poincare.D12.TriangulationTopology.simplexHomeoStdSimplexFn._proof_1	theorem
MD	Poincare.D12.TriangulationTopology.SimplexCone	Poincare.D12.TriangulationTopology.simplexBoundaryPoint_eq_of_radial_repr._simp_1_6	theorem
MD	Poincare.D12.TriangulationTopology.SimplexCone	Poincare.D12.TriangulationTopology.truncToCenter_simplexConeMap	theorem
MD	Poincare.D12.TriangulationTopology.SimplexCone	Poincare.D12.TriangulationTopology.simplex_point_eq_center_add_norm_mul_dir	theorem
MD	Poincare.D12.TriangulationTopology.SimplexCone	Poincare.D12.TriangulationTopology.simplexBoundaryConeMapQuot.eq_1	theorem
MD	Poincare.D12.TriangulationTopology.SimplexCone	Poincare.D12.TriangulationTopology.simplexHomeoDisk	def
MD	Poincare.D12.TriangulationTopology.SimplexCone	Poincare.D12.TriangulationTopology.simplexSet	def
MD	Poincare.D12.TriangulationTopology.SimplexCone	Poincare.D12.TriangulationTopology.simplexBoundaryPoint_mem_of_ne_center._simp_1_3	theorem
MD	Poincare.D12.TriangulationTopology.SimplexCone	Poincare.D12.TriangulationTopology.simplexRadialTime_nonneg	theorem
MD	Poincare.D12.TriangulationTopology.SimplexCone	Poincare.D12.TriangulationTopology.simplexRadialTime_eq_of_radial_repr	theorem
MD	Poincare.D12.TriangulationTopology.SimplexCone	Poincare.D12.TriangulationTopology.simplexConeMap.eq_1	theorem
MD	Poincare.D12.TriangulationTopology.SimplexCone	Poincare.D12.TriangulationTopology.simplexRadialTime_eq_of_radial_repr._simp_1_3	theorem
MD	Poincare.D12.TriangulationTopology.SimplexCone	Poincare.D12.TriangulationTopology.simplexRadialTime_eq_of_radial_repr._simp_1_7	theorem
MD	Poincare.D12.TriangulationTopology.SimplexCone	Poincare.D12.TriangulationTopology.simplexBoundaryConeRel	def
MD	Poincare.D12.TriangulationTopology.SimplexCone	Poincare.D12.TriangulationTopology.simplexFnNonempty	theorem
MD	Poincare.D12.TriangulationTopology.SimplexCone	Poincare.D12.TriangulationTopology.simplexConeMapQuot	def
MD	Poincare.D12.TriangulationTopology.SimplexCone	Poincare.D12.TriangulationTopology.SimplexFn	def
MD	Poincare.D12.TriangulationTopology.SimplexCone	Poincare.D12.TriangulationTopology.simplexHomeoBoundaryCone	def
MD	Poincare.D12.TriangulationTopology.SimplexCone	Poincare.D12.TriangulationTopology.simplexVertexZero_mem_boundary	theorem
MD	Poincare.D12.TriangulationTopology.SimplexCone	Poincare.D12.TriangulationTopology.simplexRadialTime_eq_of_radial_repr._simp_1_2	theorem
MD	Poincare.D12.TriangulationTopology.SimplexCone	Poincare.D12.TriangulationTopology.simplexMin_lt_center_of_ne_center	theorem
MD	Poincare.D12.TriangulationTopology.SimplexCone	Poincare.D12.TriangulationTopology.simplexRadialTime_eq_of_radial_repr._simp_1_1	theorem
MD	Poincare.D12.TriangulationTopology.SimplexCone	Poincare.D12.TriangulationTopology.continuous_simplexConeMap	theorem
MD	Poincare.D12.TriangulationTopology.SimplexCone	Poincare.D12.TriangulationTopology.simplexBoundaryPoint_mem_of_ne_center._simp_1_2	theorem
MD	Poincare.D12.TriangulationTopology.SimplexCone	Poincare.D12.TriangulationTopology.simplexBoundaryPoint_mem_of_ne_center._simp_1_5	theorem
MD	Poincare.D12.TriangulationTopology.SimplexCone	Poincare.D12.TriangulationTopology.simplexBoundaryPoint_mem_of_ne_center._simp_1_7	theorem
MD	Poincare.D12.TriangulationTopology.SimplexCone	Poincare.D12.TriangulationTopology.simplexBoundaryPoint_eq_of_radial_repr._simp_1_7	theorem
MD	Poincare.D12.TriangulationTopology.SimplexCone	Poincare.D12.TriangulationTopology.simplexRadialTime_eq_of_radial_repr._simp_1_5	theorem
MD	Poincare.D12.TriangulationTopology.SimplexCone	Poincare.D12.TriangulationTopology.simplexConeMapQuot_surjective	theorem
MD	Poincare.D12.TriangulationTopology.SimplexCone	Poincare.D12.TriangulationTopology.simplexFnT2Space	theorem
MD	Poincare.D12.TriangulationTopology.SimplexCone	Poincare.D12.TriangulationTopology.simplexConeMapQuot_injective._simp_1_4	theorem
MD	Poincare.D12.TriangulationTopology.SimplexCone	Poincare.D12.TriangulationTopology.simplexBoundaryConeT2Space	theorem
MD	Poincare.D12.TriangulationTopology.SimplexCone	Poincare.D12.TriangulationTopology.simplexVertexZero.eq_1	theorem
MD	Poincare.D12.TriangulationTopology.SimplexCone	Poincare.D12.TriangulationTopology.sphereConeHomeoSimplex._proof_2	theorem
MD	Poincare.D12.TriangulationTopology.SimplexCone	Poincare.D12.TriangulationTopology.quotMapHomeo._proof_1	theorem
MD	Poincare.D12.TriangulationTopology.SimplexCone	Poincare.D12.TriangulationTopology.simplexBoundaryConeMap_respects	theorem
MD	Poincare.D12.TriangulationTopology.SimplexCone	Poincare.D12.TriangulationTopology.simplexRadialTime_pos_of_ne_center	theorem
MD	Poincare.D12.TriangulationTopology.SimplexCone	Poincare.D12.TriangulationTopology.sphereConeHomeoSimplex	def
MD	Poincare.D12.TriangulationTopology.SimplexCone	Poincare.D12.TriangulationTopology.SimplexBoundaryCone	def
MD	Poincare.D12.TriangulationTopology.SimplexCone	Poincare.D12.TriangulationTopology.simplexBoundaryConeMapQuot_injective	theorem
MD	Poincare.D12.TriangulationTopology.SimplexCone	Poincare.D12.TriangulationTopology.quotMapHomeo._proof_4	theorem
MD	Poincare.D12.TriangulationTopology.SimplexCone	Poincare.D12.TriangulationTopology.simplexBoundaryPoint_mem_of_ne_center._simp_1_4	theorem
MD	Poincare.D12.TriangulationTopology.SimplexCone	Poincare.D12.TriangulationTopology.simplexBoundaryConeCompactSpace	theorem
MD	Poincare.D12.TriangulationTopology.SimplexCone	Poincare.D12.TriangulationTopology.simplexHomeoBoundaryConeStd	def
MD	Poincare.D12.TriangulationTopology.SimplexCone	Poincare.D12.TriangulationTopology.simplexFnCompactSpace	theorem
MD	Poincare.D12.TriangulationTopology.SimplexCone	Poincare.D12.TriangulationTopology.simplexHomeoStdSimplexFn	def
MD	Poincare.D12.TriangulationTopology.SimplexCone	Poincare.D12.TriangulationTopology.simplexBoundaryPoint_mem_of_ne_center._simp_1_1	theorem
MD	Poincare.D12.TriangulationTopology.SimplexCone	Poincare.D12.TriangulationTopology.sphereToSimplexBoundary.eq_1	theorem
MD	Poincare.D12.TriangulationTopology.SimplexCone	Poincare.D12.TriangulationTopology.simplexBoundaryPoint_eq_of_radial_repr._simp_1_5	theorem
MD	Poincare.D12.TriangulationTopology.SimplexCone	Poincare.D12.TriangulationTopology.simplexBoundaryConeMap	def
MD	Poincare.D12.TriangulationTopology.SimplexCone	Poincare.D12.TriangulationTopology.simplexConeMap_mem	theorem
MD	Poincare.D12.TriangulationTopology.SimplexCone	Poincare.D12.TriangulationTopology.continuous_simplexConeMapQuot	theorem
MD	Poincare.D12.TriangulationTopology.SimplexCone	Poincare.D12.TriangulationTopology.simplexConeMapQuot_injective._simp_1_3	theorem
MD	Poincare.D12.TriangulationTopology.SimplexCone	Poincare.D12.TriangulationTopology.simplexBoundaryConeMapQuot	def
MD	Poincare.D12.TriangulationTopology.SimplexCone	Poincare.D12.TriangulationTopology.simplexBoundaryConeMap_mem	theorem
MD	Poincare.D12.TriangulationTopology.SimplexCone	Poincare.D12.TriangulationTopology.quotMapHomeo._proof_6	theorem
MD	Poincare.D12.TriangulationTopology.SimplexCone	Poincare.D12.TriangulationTopology.quotMapHomeo._proof_3	theorem
MD	Poincare.D12.TriangulationTopology.SimplexCone	Poincare.D12.TriangulationTopology.simplexBoundaryFnCompactSpace	theorem
MD	Poincare.D12.TriangulationTopology.SimplexCone	Poincare.D12.TriangulationTopology.continuous_simplexBoundaryConeMapQuot	theorem
MD	Poincare.D12.TriangulationTopology.SimplexCone	Poincare.D12.TriangulationTopology.simplexRadialTime_eq_of_radial_repr._simp_1_6	theorem
MD	Poincare.D12.TriangulationTopology.SimplexCone	Poincare.D12.TriangulationTopology.simplexBoundaryConeMapQuot._proof_1	theorem
MD	Poincare.D12.TriangulationTopology.SimplexCone	Poincare.D12.TriangulationTopology.quotMapHomeo._proof_2	theorem
MD	Poincare.D12.TriangulationTopology.SimplexCone	Poincare.D12.TriangulationTopology.quotMapHomeo	def
MD	Poincare.D12.TriangulationTopology.SimplexCone	Poincare.D12.TriangulationTopology.simplexConeMapQuot_injective._simp_1_2	theorem
MD	Poincare.D12.TriangulationTopology.SimplexCone	Poincare.D12.TriangulationTopology.simplexBoundaryConeNonempty	theorem
MD	Poincare.D12.TriangulationTopology.SimplexCone	Poincare.D12.TriangulationTopology.simplexRadialTime_eq_of_radial_repr._simp_1_4	theorem
MD	Poincare.D12.TriangulationTopology.SimplexCone	Poincare.D12.TriangulationTopology.simplexConeMapQuot_injective._simp_1_8	theorem
