MD	Poincare.D12.TriangulationTopology.SphereSimplyConnected	Poincare.D12.TriangulationTopology.clampedMap_clamp_idem	theorem
MD	Poincare.D12.TriangulationTopology.SphereSimplyConnected	Poincare.D12.TriangulationTopology.idChain.eq_1	theorem
MD	Poincare.D12.TriangulationTopology.SphereSimplyConnected	Poincare.D12.TriangulationTopology.restrictionChain_extend_two_mul_sub_one	theorem
MD	Poincare.D12.TriangulationTopology.SphereSimplyConnected	Poincare.D12.TriangulationTopology.exists_not_mem_finset_submodule_union._proof_1_1	theorem
MD	Poincare.D12.TriangulationTopology.SphereSimplyConnected	Poincare.D12.TriangulationTopology.segChain._proof_1	theorem
MD	Poincare.D12.TriangulationTopology.SphereSimplyConnected	Poincare.D12.TriangulationTopology.restrictionPiece	def
MD	Poincare.D12.TriangulationTopology.SphereSimplyConnected	Poincare.D12.TriangulationTopology.restrictionChain.match_1	def
MD	Poincare.D12.TriangulationTopology.SphereSimplyConnected	Poincare.D12.TriangulationTopology.restrictionChain._sunfold	def
MD	Poincare.D12.TriangulationTopology.SphereSimplyConnected	Poincare.D12.TriangulationTopology.restrictionChain._proof_5	theorem
MD	Poincare.D12.TriangulationTopology.SphereSimplyConnected	Poincare.D12.TriangulationTopology.continuous_clampedMap	theorem
MD	Poincare.D12.TriangulationTopology.SphereSimplyConnected	Poincare.D12.TriangulationTopology.segment_ne_zero	theorem
MD	Poincare.D12.TriangulationTopology.SphereSimplyConnected	Poincare.D12.TriangulationTopology.segChain._proof_3	theorem
MD	Poincare.D12.TriangulationTopology.SphereSimplyConnected	Poincare.D12.TriangulationTopology.restrictionChain_succ_apply	theorem
MD	Poincare.D12.TriangulationTopology.SphereSimplyConnected	Poincare.D12.TriangulationTopology.idChain_zero_apply	theorem
MD	Poincare.D12.TriangulationTopology.SphereSimplyConnected	_private.Poincare.D12.TriangulationTopology.SphereSimplyConnected.0.Poincare.D12.TriangulationTopology.restrictionChain.match_1.eq_2	theorem
MD	Poincare.D12.TriangulationTopology.SphereSimplyConnected	Poincare.D12.TriangulationTopology.restrictionPiece_id_apply	theorem
MD	Poincare.D12.TriangulationTopology.SphereSimplyConnected	Poincare.D12.TriangulationTopology.clampedMap	def
MD	Poincare.D12.TriangulationTopology.SphereSimplyConnected	Poincare.D12.TriangulationTopology.segmentPath.eq_1	theorem
MD	Poincare.D12.TriangulationTopology.SphereSimplyConnected	Poincare.D12.TriangulationTopology.norm_segment_sub_left_le	theorem
MD	Poincare.D12.TriangulationTopology.SphereSimplyConnected	Poincare.D12.TriangulationTopology.segmentPath._abel_1	theorem
MD	Poincare.D12.TriangulationTopology.SphereSimplyConnected	Poincare.D12.TriangulationTopology.span_pair_ne_top._proof_1_1	theorem
MD	Poincare.D12.TriangulationTopology.SphereSimplyConnected	Poincare.D12.TriangulationTopology.segPiece	def
MD	Poincare.D12.TriangulationTopology.SphereSimplyConnected	Poincare.D12.TriangulationTopology.norm_segment_sq_lower_bound	theorem
MD	Poincare.D12.TriangulationTopology.SphereSimplyConnected	Poincare.D12.TriangulationTopology.segChain	def
MD	Poincare.D12.TriangulationTopology.SphereSimplyConnected	Poincare.D12.TriangulationTopology.clampedMap.eq_1	theorem
MD	Poincare.D12.TriangulationTopology.SphereSimplyConnected	Poincare.D12.TriangulationTopology.linePoints_le_one_of_not_mem._abel_1_1	theorem
MD	Poincare.D12.TriangulationTopology.SphereSimplyConnected	Poincare.D12.TriangulationTopology.restrictionChain_source	theorem
MD	Poincare.D12.TriangulationTopology.SphereSimplyConnected	Poincare.D12.TriangulationTopology.exists_not_mem_finset_submodule_union._proof_1_2	theorem
MD	Poincare.D12.TriangulationTopology.SphereSimplyConnected	Poincare.D12.TriangulationTopology.segChain._f	def
MD	Poincare.D12.TriangulationTopology.SphereSimplyConnected	_private.Poincare.D12.TriangulationTopology.SphereSimplyConnected.0.Poincare.D12.TriangulationTopology.restrictionChain.match_1.eq_1	theorem
MD	Poincare.D12.TriangulationTopology.SphereSimplyConnected	Poincare.D12.TriangulationTopology.restrictionChain._proof_3	theorem
MD	Poincare.D12.TriangulationTopology.SphereSimplyConnected	Poincare.D12.TriangulationTopology.segmentPath	def
MD	Poincare.D12.TriangulationTopology.SphereSimplyConnected	Poincare.D12.TriangulationTopology.restrictionPiece_apply	theorem
MD	Poincare.D12.TriangulationTopology.SphereSimplyConnected	Poincare.D12.TriangulationTopology.segPiece._proof_1	theorem
MD	Poincare.D12.TriangulationTopology.SphereSimplyConnected	Poincare.D12.TriangulationTopology.restrictionChain_target	theorem
MD	Poincare.D12.TriangulationTopology.SphereSimplyConnected	_private.Poincare.D12.TriangulationTopology.SphereSimplyConnected.0.Poincare.D12.TriangulationTopology.restrictionChain.match_1.splitter	def
MD	Poincare.D12.TriangulationTopology.SphereSimplyConnected	Poincare.D12.TriangulationTopology.restrictionChain	def
MD	Poincare.D12.TriangulationTopology.SphereSimplyConnected	Poincare.D12.TriangulationTopology.segPiece._proof_2	theorem
MD	Poincare.D12.TriangulationTopology.SphereSimplyConnected	Poincare.D12.TriangulationTopology.subdiv	def
MD	Poincare.D12.TriangulationTopology.SphereSimplyConnected	Poincare.D12.TriangulationTopology.segChain._proof_2	theorem
MD	Poincare.D12.TriangulationTopology.SphereSimplyConnected	Poincare.D12.TriangulationTopology.exists_fine_subdivision	theorem
MD	Poincare.D12.TriangulationTopology.SphereSimplyConnected	Poincare.D12.TriangulationTopology.trans_apply_extend	theorem
MD	Poincare.D12.TriangulationTopology.SphereSimplyConnected	Poincare.D12.TriangulationTopology.segChain._proof_4	theorem
MD	Poincare.D12.TriangulationTopology.SphereSimplyConnected	Poincare.D12.TriangulationTopology.restrictionPiece._proof_3	theorem
MD	Poincare.D12.TriangulationTopology.SphereSimplyConnected	Poincare.D12.TriangulationTopology.restrictionPiece_id_extend_two_mul	theorem
MD	Poincare.D12.TriangulationTopology.SphereSimplyConnected	Poincare.D12.TriangulationTopology.segmentPath._proof_1	theorem
MD	Poincare.D12.TriangulationTopology.SphereSimplyConnected	Poincare.D12.TriangulationTopology.restrictionChain._f	def
MD	Poincare.D12.TriangulationTopology.SphereSimplyConnected	Poincare.D12.TriangulationTopology.segmentPath_sub_left_le_two_thirds	theorem
MD	Poincare.D12.TriangulationTopology.SphereSimplyConnected	Poincare.D12.TriangulationTopology.idChain_zero	theorem
MD	Poincare.D12.TriangulationTopology.SphereSimplyConnected	Poincare.D12.TriangulationTopology.clampedMap._proof_1	theorem
MD	Poincare.D12.TriangulationTopology.SphereSimplyConnected	Poincare.D12.TriangulationTopology.restrictionChain.eq_1	theorem
MD	Poincare.D12.TriangulationTopology.SphereSimplyConnected	Poincare.D12.TriangulationTopology.restrictionChain.eq_def	theorem
MD	Poincare.D12.TriangulationTopology.SphereSimplyConnected	Poincare.D12.TriangulationTopology.restrictionPiece._proof_2	theorem
MD	Poincare.D12.TriangulationTopology.SphereSimplyConnected	Poincare.D12.TriangulationTopology.restrictionChain_source._proof_1_2	theorem
MD	Poincare.D12.TriangulationTopology.SphereSimplyConnected	Poincare.D12.TriangulationTopology.idChain_one	theorem
MD	Poincare.D12.TriangulationTopology.SphereSimplyConnected	Poincare.D12.TriangulationTopology.linePoints_le_one_of_not_mem'	theorem
MD	Poincare.D12.TriangulationTopology.SphereSimplyConnected	Poincare.D12.TriangulationTopology.span_pair_ne_top	theorem
MD	Poincare.D12.TriangulationTopology.SphereSimplyConnected	Poincare.D12.TriangulationTopology.norm_segment_sub_left_le_two_thirds	theorem
MD	Poincare.D12.TriangulationTopology.SphereSimplyConnected	Poincare.D12.TriangulationTopology.restrictionChain_apply_eq_clampedMap_idChain	theorem
MD	Poincare.D12.TriangulationTopology.SphereSimplyConnected	Poincare.D12.TriangulationTopology.clampedMap_of_mem_Icc	theorem
MD	Poincare.D12.TriangulationTopology.SphereSimplyConnected	Poincare.D12.TriangulationTopology.segmentPath._proof_2	theorem
MD	Poincare.D12.TriangulationTopology.SphereSimplyConnected	Poincare.D12.TriangulationTopology.segmentPath._proof_4	theorem
MD	Poincare.D12.TriangulationTopology.SphereSimplyConnected	Poincare.D12.TriangulationTopology.restrictionPiece_extend_two_mul	theorem
MD	Poincare.D12.TriangulationTopology.SphereSimplyConnected	Poincare.D12.TriangulationTopology.norm_segment_sub_left_le._abel_1_2	theorem
MD	Poincare.D12.TriangulationTopology.SphereSimplyConnected	Poincare.D12.TriangulationTopology.norm_segment_sub_left_le._abel_1_1	theorem
MD	Poincare.D12.TriangulationTopology.SphereSimplyConnected	Poincare.D12.TriangulationTopology.segChain._sunfold	def
MD	Poincare.D12.TriangulationTopology.SphereSimplyConnected	Poincare.D12.TriangulationTopology.segmentPath._proof_3	theorem
MD	Poincare.D12.TriangulationTopology.SphereSimplyConnected	Poincare.D12.TriangulationTopology.linePoints_le_one_of_not_mem	theorem
MD	Poincare.D12.TriangulationTopology.SphereSimplyConnected	Poincare.D12.TriangulationTopology.subdiv.eq_1	theorem
MD	Poincare.D12.TriangulationTopology.SphereSimplyConnected	Poincare.D12.TriangulationTopology.restrictionChain._proof_2	theorem
MD	Poincare.D12.TriangulationTopology.SphereSimplyConnected	Poincare.D12.TriangulationTopology.restrictionChain_succ_apply._proof_1	theorem
MD	Poincare.D12.TriangulationTopology.SphereSimplyConnected	Poincare.D12.TriangulationTopology.idChain	def
MD	Poincare.D12.TriangulationTopology.SphereSimplyConnected	Poincare.D12.TriangulationTopology.restrictionChain._proof_4	theorem
MD	Poincare.D12.TriangulationTopology.SphereSimplyConnected	Poincare.D12.TriangulationTopology.restrictionChain._unsafe_rec	partial_def
MD	Poincare.D12.TriangulationTopology.SphereSimplyConnected	Poincare.D12.TriangulationTopology.restrictionPiece._proof_1	theorem
MD	Poincare.D12.TriangulationTopology.SphereSimplyConnected	Poincare.D12.TriangulationTopology.linePoints_le_one_of_not_mem'._abel_1_1	theorem
MD	Poincare.D12.TriangulationTopology.SphereSimplyConnected	Poincare.D12.TriangulationTopology.exists_not_mem_finset_submodule_union	theorem
MD	Poincare.D12.TriangulationTopology.SphereSimplyConnected	Poincare.D12.TriangulationTopology.restrictionChain._proof_1	theorem
MD	Poincare.D12.TriangulationTopology.SphereSimplyConnected	Poincare.D12.TriangulationTopology.segChain._unsafe_rec	partial_def
MD	Poincare.D12.TriangulationTopology.SphereSimplyConnected	Poincare.D12.TriangulationTopology.norm_segment_sub_left_le._abel_1_3	theorem
MD	Poincare.D12.TriangulationTopology.SphereSimplyConnected	Poincare.D12.TriangulationTopology.restrictionChain_target._proof_1_2	theorem
MD	Poincare.D12.TriangulationTopology.SphereSimplyConnected	Poincare.D12.TriangulationTopology.restrictionChain.eq_2	theorem
