MD	Poincare.D12.VolumeIBP.Basic	Poincare.D12.VolumeIBP.ChartMetric.invMatrix_symm	theorem
MD	Poincare.D12.VolumeIBP.Basic	Poincare.D12.VolumeIBP.ChartMetric.g	def
MD	Poincare.D12.VolumeIBP.Basic	Poincare.D12.VolumeIBP.ChartMetric.recOn	def
MD	Poincare.D12.VolumeIBP.Basic	Poincare.D12.VolumeIBP.ChartMetric._sizeOf_1	def
MD	Poincare.D12.VolumeIBP.Basic	Poincare.D12.VolumeIBP.ChartMetric.mk.noConfusion	def
MD	Poincare.D12.VolumeIBP.Basic	Poincare.D12.VolumeIBP.ChartMetric.density_pos	theorem
MD	Poincare.D12.VolumeIBP.Basic	Poincare.D12.VolumeIBP.ChartMetric.inner_pos_of_ne_zero	theorem
MD	Poincare.D12.VolumeIBP.Basic	Poincare.D12.VolumeIBP.Vec	def
MD	Poincare.D12.VolumeIBP.Basic	Poincare.D12.VolumeIBP.ChartMetric.density_ne_zero	theorem
MD	Poincare.D12.VolumeIBP.Basic	Poincare.D12.VolumeIBP.ChartMetric.euclideanChartMetric._proof_2	theorem
MD	Poincare.D12.VolumeIBP.Basic	Poincare.D12.VolumeIBP.ChartMetric.ctorIdx	def
MD	Poincare.D12.VolumeIBP.Basic	Poincare.D12.VolumeIBP.ChartMetric.euclideanChartMetric._proof_1	theorem
MD	Poincare.D12.VolumeIBP.Basic	Poincare.D12.VolumeIBP.ChartMetric.invMatrix	def
MD	Poincare.D12.VolumeIBP.Basic	Poincare.D12.VolumeIBP.ChartMetric.density_nonneg	theorem
MD	Poincare.D12.VolumeIBP.Basic	Poincare.D12.VolumeIBP.ChartMetric.mk.inj	theorem
MD	Poincare.D12.VolumeIBP.Basic	Poincare.D12.VolumeIBP.ChartMetric.inner	def
MD	Poincare.D12.VolumeIBP.Basic	Poincare.D12.VolumeIBP.ChartMetric.invMatrix_mul	theorem
MD	Poincare.D12.VolumeIBP.Basic	Poincare.D12.VolumeIBP.ChartMetric.g_symm	theorem
MD	Poincare.D12.VolumeIBP.Basic	Poincare.D12.VolumeIBP.ChartMetric.noConfusion	def
MD	Poincare.D12.VolumeIBP.Basic	Poincare.D12.VolumeIBP.ChartMetric._sizeOf_inst	def
MD	Poincare.D12.VolumeIBP.Basic	Poincare.D12.VolumeIBP.ChartMetric.mk.injEq	theorem
MD	Poincare.D12.VolumeIBP.Basic	Poincare.D12.VolumeIBP.ChartMetric.smooth_one	theorem
MD	Poincare.D12.VolumeIBP.Basic	Poincare.D12.VolumeIBP.ChartMetric.mk	ctor
MD	Poincare.D12.VolumeIBP.Basic	Poincare.D12.VolumeIBP.ChartMetric.mk.sizeOf_spec	theorem
MD	Poincare.D12.VolumeIBP.Basic	Poincare.D12.VolumeIBP.ChartMetric.matrix_apply	theorem
MD	Poincare.D12.VolumeIBP.Basic	Poincare.D12.VolumeIBP.ChartMetric.euclideanChartMetric	def
MD	Poincare.D12.VolumeIBP.Basic	Poincare.D12.VolumeIBP.ChartMetric	inductive
MD	Poincare.D12.VolumeIBP.Basic	Poincare.D12.VolumeIBP.ChartMetric.matrix_mul_invMatrix	theorem
MD	Poincare.D12.VolumeIBP.Basic	Poincare.D12.VolumeIBP.ChartMetric.noConfusionType	def
MD	Poincare.D12.VolumeIBP.Basic	Poincare.D12.VolumeIBP.ChartMetric.matrix.eq_1	theorem
MD	Poincare.D12.VolumeIBP.Basic	Poincare.D12.VolumeIBP.ChartMetric.det_pos	theorem
MD	Poincare.D12.VolumeIBP.Basic	Poincare.D12.VolumeIBP.ChartMetric.det_ne_zero	theorem
MD	Poincare.D12.VolumeIBP.Basic	Poincare.D12.VolumeIBP.ChartMetric.mk._flat_ctor	def
MD	Poincare.D12.VolumeIBP.Basic	Poincare.D12.VolumeIBP.ChartMetric.matrix	def
MD	Poincare.D12.VolumeIBP.Basic	Poincare.D12.VolumeIBP.ChartMetric.density	def
MD	Poincare.D12.VolumeIBP.Basic	Poincare.D12.VolumeIBP.ChartMetric.invMatrix.eq_1	theorem
MD	Poincare.D12.VolumeIBP.Basic	Poincare.D12.VolumeIBP.ChartMetric.rec	recursor
MD	Poincare.D12.VolumeIBP.Basic	Poincare.D12.VolumeIBP.ChartMetric.matrix_symm	theorem
MD	Poincare.D12.VolumeIBP.Basic	Poincare.D12.VolumeIBP.ChartMetric.smooth	theorem
MD	Poincare.D12.VolumeIBP.Basic	Poincare.D12.VolumeIBP.ChartMetric.densityNNReal	def
MD	Poincare.D12.VolumeIBP.Basic	Poincare.D12.VolumeIBP.ChartMetric.riemannianMeasure	def
MD	Poincare.D12.VolumeIBP.Basic	Poincare.D12.VolumeIBP.ChartMetric.riemannianMeasure_def	theorem
MD	Poincare.D12.VolumeIBP.Basic	Poincare.D12.VolumeIBP.ChartMetric.casesOn	def
MD	Poincare.D12.VolumeIBP.Basic	Poincare.D12.VolumeIBP.ChartMetric.inner_comm	theorem
MD	Poincare.D12.VolumeIBP.Basic	Poincare.D12.VolumeIBP.ChartMetric.posDef	theorem
