MD	Poincare.D7.Canonical.Models	Poincare.D7.Canonical.sphere_certificate._proof_3	theorem
MD	Poincare.D7.Canonical.Models	Poincare.D7.Canonical.cap_certificate._proof_2	theorem
MD	Poincare.D7.Canonical.Models	Poincare.D7.Canonical.exists_spherical_certificate	theorem
MD	Poincare.D7.Canonical.Models	Poincare.D7.Canonical.cap_isEpsilonCap	def
MD	Poincare.D7.Canonical.Models	Poincare.D7.Canonical.piIntervalSpace	def
MD	Poincare.D7.Canonical.Models	Poincare.D7.Canonical.lineCylinderInterface._proof_2	theorem
MD	Poincare.D7.Canonical.Models	Poincare.D7.Canonical.exists_all_kinds_at_scale_two	theorem
MD	Poincare.D7.Canonical.Models	Poincare.D7.Canonical.piIntervalSphereInterface._proof_4	theorem
MD	Poincare.D7.Canonical.Models	Poincare.D7.Canonical.cylinder_isEpsilonNeck	def
MD	Poincare.D7.Canonical.Models	Poincare.D7.Canonical.sphere_isEpsilonSpherical._proof_1	theorem
MD	Poincare.D7.Canonical.Models	Poincare.D7.Canonical.sphere_certificate._proof_1	theorem
MD	Poincare.D7.Canonical.Models	Poincare.D7.Canonical.twoIntervalSpace	def
MD	Poincare.D7.Canonical.Models	Poincare.D7.Canonical.twoIntervalCap_certificate	def
MD	Poincare.D7.Canonical.Models	Poincare.D7.Canonical.cap_certificate._proof_3	theorem
MD	Poincare.D7.Canonical.Models	Poincare.D7.Canonical.piIntervalSphereInterface._proof_5	theorem
MD	Poincare.D7.Canonical.Models	Poincare.D7.Canonical.cylinder_certificate	def
MD	Poincare.D7.Canonical.Models	Poincare.D7.Canonical.piIntervalSphereInterface._proof_6	theorem
MD	Poincare.D7.Canonical.Models	Poincare.D7.Canonical.cylinder_certificate._proof_3	theorem
MD	Poincare.D7.Canonical.Models	Poincare.D7.Canonical.lineCylinderInterface._proof_5	theorem
MD	Poincare.D7.Canonical.Models	Poincare.D7.Canonical.cap_certificate	def
MD	Poincare.D7.Canonical.Models	Poincare.D7.Canonical.exists_cap_certificate	theorem
MD	Poincare.D7.Canonical.Models	Poincare.D7.Canonical.lineCylinderInterface	def
MD	Poincare.D7.Canonical.Models	Poincare.D7.Canonical.piIntervalSphereInterface._proof_1	theorem
MD	Poincare.D7.Canonical.Models	Poincare.D7.Canonical.twoIntervalCapInterface._proof_2	theorem
MD	Poincare.D7.Canonical.Models	Poincare.D7.Canonical.piIntervalSphereInterface	def
MD	Poincare.D7.Canonical.Models	Poincare.D7.Canonical.cap_certificate._proof_1	theorem
MD	Poincare.D7.Canonical.Models	Poincare.D7.Canonical.cylinder_certificate._proof_1	theorem
MD	Poincare.D7.Canonical.Models	Poincare.D7.Canonical.sphere_isEpsilonSpherical	def
MD	Poincare.D7.Canonical.Models	Poincare.D7.Canonical.twoIntervalSpace._proof_1	theorem
MD	Poincare.D7.Canonical.Models	Poincare.D7.Canonical.sphere_certificate	def
MD	Poincare.D7.Canonical.Models	Poincare.D7.Canonical.lineCylinder_certificate	def
MD	Poincare.D7.Canonical.Models	Poincare.D7.Canonical.lineCylinderInterface._proof_1	theorem
MD	Poincare.D7.Canonical.Models	Poincare.D7.Canonical.twoIntervalCapInterface	def
MD	Poincare.D7.Canonical.Models	Poincare.D7.Canonical.twoIntervalCapInterface._proof_3	theorem
MD	Poincare.D7.Canonical.Models	Poincare.D7.Canonical.twoIntervalCapInterface._proof_1	theorem
MD	Poincare.D7.Canonical.Models	Poincare.D7.Canonical.lineCylinderInterface._proof_4	theorem
MD	Poincare.D7.Canonical.Models	Poincare.D7.Canonical.lineSpace	def
MD	Poincare.D7.Canonical.Models	Poincare.D7.Canonical.lineCylinder_isEpsilonNeck	def
MD	Poincare.D7.Canonical.Models	Poincare.D7.Canonical.cylinder_certificate._proof_2	theorem
MD	Poincare.D7.Canonical.Models	Poincare.D7.Canonical.cylinder_isEpsilonNeck._proof_1	theorem
MD	Poincare.D7.Canonical.Models	Poincare.D7.Canonical.cap_isEpsilonCap._proof_1	theorem
MD	Poincare.D7.Canonical.Models	Poincare.D7.Canonical.piIntervalSpace._proof_1	theorem
MD	Poincare.D7.Canonical.Models	Poincare.D7.Canonical.piIntervalSphere_certificate	def
MD	Poincare.D7.Canonical.Models	Poincare.D7.Canonical.piIntervalSphereInterface._proof_2	theorem
MD	Poincare.D7.Canonical.Models	Poincare.D7.Canonical.piIntervalSphereInterface._proof_3	theorem
MD	Poincare.D7.Canonical.Models	Poincare.D7.Canonical.lineCylinderInterface._proof_3	theorem
MD	Poincare.D7.Canonical.Models	Poincare.D7.Canonical.sphere_certificate._proof_2	theorem
MD	Poincare.D7.Canonical.Models	Poincare.D7.Canonical.exists_neck_certificate	theorem
