MD	Poincare.D7.Compactness.ManifoldStatements	Poincare.D7.Compactness.ManifoldFamilyHypotheses.injectivityRadius	def
MD	Poincare.D7.Compactness.ManifoldStatements	Poincare.D7.Compactness.BlockerHarmonicCoordinates_ne_nil	theorem
MD	Poincare.D7.Compactness.ManifoldStatements	Poincare.D7.Compactness.CheegerGromovConvergenceData._sizeOf_inst	def
MD	Poincare.D7.Compactness.ManifoldStatements	Poincare.D7.Compactness.cheegerGromovBlockers	def
MD	Poincare.D7.Compactness.ManifoldStatements	Poincare.D7.Compactness.BlockerSmoothConvergence.eq_1	theorem
MD	Poincare.D7.Compactness.ManifoldStatements	Poincare.D7.Compactness.ManifoldFamilyHypotheses.mk._flat_ctor	def
MD	Poincare.D7.Compactness.ManifoldStatements	Poincare.D7.Compactness.CheegerGromovConvergenceData	inductive
MD	Poincare.D7.Compactness.ManifoldStatements	Poincare.D7.Compactness.BlockerSmoothConvergence	def
MD	Poincare.D7.Compactness.ManifoldStatements	Poincare.D7.Compactness.ManifoldFamilyHypotheses.recOn	def
MD	Poincare.D7.Compactness.ManifoldStatements	Poincare.D7.Compactness.cheegerGromov_of_ghPrecompact_and_smoothUpgrade	theorem
MD	Poincare.D7.Compactness.ManifoldStatements	Poincare.D7.Compactness.BlockerGHSubsequence_ne_nil	theorem
MD	Poincare.D7.Compactness.ManifoldStatements	Poincare.D7.Compactness.BlockerCurvatureTensor.eq_1	theorem
MD	Poincare.D7.Compactness.ManifoldStatements	Poincare.D7.Compactness.ManifoldFamilyHypotheses.mk.sizeOf_spec	theorem
MD	Poincare.D7.Compactness.ManifoldStatements	Poincare.D7.Compactness.CheegerGromovConvergenceData.recOn	def
MD	Poincare.D7.Compactness.ManifoldStatements	Poincare.D7.Compactness.BlockerCurvatureTensor	def
MD	Poincare.D7.Compactness.ManifoldStatements	Poincare.D7.Compactness.cheegerGromovBlockers_length	theorem
MD	Poincare.D7.Compactness.ManifoldStatements	Poincare.D7.Compactness.ManifoldFamilyHypotheses.curvatureRadius	def
MD	Poincare.D7.Compactness.ManifoldStatements	Poincare.D7.Compactness.ManifoldFamilyHypotheses.mk	ctor
MD	Poincare.D7.Compactness.ManifoldStatements	Poincare.D7.Compactness.ManifoldFamilyHypotheses._sizeOf_inst	def
MD	Poincare.D7.Compactness.ManifoldStatements	Poincare.D7.Compactness.ManifoldFamilyHypotheses.noncollapsed	def
MD	Poincare.D7.Compactness.ManifoldStatements	Poincare.D7.Compactness.ManifoldFamilyHypotheses.injectivityRadius_pos	theorem
MD	Poincare.D7.Compactness.ManifoldStatements	Poincare.D7.Compactness.cheegerGromovDependencies.eq_1	theorem
MD	Poincare.D7.Compactness.ManifoldStatements	Poincare.D7.Compactness.cheegerGromovDependencies	def
MD	Poincare.D7.Compactness.ManifoldStatements	Poincare.D7.Compactness.CheegerGromovConvergenceData.noConfusionType	def
MD	Poincare.D7.Compactness.ManifoldStatements	Poincare.D7.Compactness.ManifoldFamilyHypotheses.mk.inj	theorem
MD	Poincare.D7.Compactness.ManifoldStatements	Poincare.D7.Compactness.missingCheegerGromovCompactness_iff	theorem
MD	Poincare.D7.Compactness.ManifoldStatements	Poincare.D7.Compactness.CheegerGromovConvergenceData.casesOn	def
MD	Poincare.D7.Compactness.ManifoldStatements	Poincare.D7.Compactness.ManifoldFamilyHypotheses._sizeOf_1	def
MD	Poincare.D7.Compactness.ManifoldStatements	Poincare.D7.Compactness.ManifoldFamilyHypotheses.ctorIdx	def
MD	Poincare.D7.Compactness.ManifoldStatements	Poincare.D7.Compactness.BlockerHarmonicCoordinates.eq_1	theorem
MD	Poincare.D7.Compactness.ManifoldStatements	Poincare.D7.Compactness.cheegerGromovConclusion_of_finiteFamily	theorem
MD	Poincare.D7.Compactness.ManifoldStatements	Poincare.D7.Compactness.ManifoldFamilyHypotheses.casesOn	def
MD	Poincare.D7.Compactness.ManifoldStatements	Poincare.D7.Compactness.CheegerGromovConvergenceData.noConfusion	def
MD	Poincare.D7.Compactness.ManifoldStatements	Poincare.D7.Compactness.CheegerGromovConvergenceData.metric	def
MD	Poincare.D7.Compactness.ManifoldStatements	Poincare.D7.Compactness.BlockerCurvatureTensor_ne_nil	theorem
MD	Poincare.D7.Compactness.ManifoldStatements	Poincare.D7.Compactness.BlockerInjectivityRadius	def
MD	Poincare.D7.Compactness.ManifoldStatements	Poincare.D7.Compactness.ManifoldFamilyHypotheses.noConfusionType	def
MD	Poincare.D7.Compactness.ManifoldStatements	Poincare.D7.Compactness.ManifoldFamilyHypotheses.harmonicBounds	def
MD	Poincare.D7.Compactness.ManifoldStatements	Poincare.D7.Compactness.CheegerGromovConvergenceData.mk.sizeOf_spec	theorem
MD	Poincare.D7.Compactness.ManifoldStatements	Poincare.D7.Compactness.BlockerInjectivityRadius_ne_nil	theorem
MD	Poincare.D7.Compactness.ManifoldStatements	Poincare.D7.Compactness.BlockerGHSubsequence	def
MD	Poincare.D7.Compactness.ManifoldStatements	Poincare.D7.Compactness.ghSubsequence_of_cheegerGromov	theorem
MD	Poincare.D7.Compactness.ManifoldStatements	Poincare.D7.Compactness.missingPointedGHConvergentSubsequence_iff	theorem
MD	Poincare.D7.Compactness.ManifoldStatements	Poincare.D7.Compactness.missingPointedGHConvergentSubsequence	def
MD	Poincare.D7.Compactness.ManifoldStatements	Poincare.D7.Compactness.ManifoldFamilyHypotheses.mk.injEq	theorem
MD	Poincare.D7.Compactness.ManifoldStatements	Poincare.D7.Compactness.ManifoldFamilyHypotheses	inductive
MD	Poincare.D7.Compactness.ManifoldStatements	Poincare.D7.Compactness.BlockerGHSubsequence.eq_1	theorem
MD	Poincare.D7.Compactness.ManifoldStatements	Poincare.D7.Compactness.ghConvergence_of_cheegerGromov	def
MD	Poincare.D7.Compactness.ManifoldStatements	Poincare.D7.Compactness.cheegerGromovDependencies_ne_nil	theorem
MD	Poincare.D7.Compactness.ManifoldStatements	Poincare.D7.Compactness.CheegerGromovConvergenceData.mk._flat_ctor	def
MD	Poincare.D7.Compactness.ManifoldStatements	Poincare.D7.Compactness.cheegerGromovBlockers_all_named	theorem
MD	Poincare.D7.Compactness.ManifoldStatements	Poincare.D7.Compactness.BlockerHarmonicCoordinates	def
MD	Poincare.D7.Compactness.ManifoldStatements	Poincare.D7.Compactness.cheegerGromovBlockers.eq_1	theorem
MD	Poincare.D7.Compactness.ManifoldStatements	Poincare.D7.Compactness.BlockerSmoothConvergence_ne_nil	theorem
MD	Poincare.D7.Compactness.ManifoldStatements	Poincare.D7.Compactness.ManifoldFamilyHypotheses.dim	def
MD	Poincare.D7.Compactness.ManifoldStatements	Poincare.D7.Compactness.CheegerGromovConvergenceData.mk.noConfusion	def
MD	Poincare.D7.Compactness.ManifoldStatements	Poincare.D7.Compactness.totallyBounded_of_precompactCertificate	theorem
MD	Poincare.D7.Compactness.ManifoldStatements	Poincare.D7.Compactness.ManifoldFamilyHypotheses.noConfusion	def
MD	Poincare.D7.Compactness.ManifoldStatements	Poincare.D7.Compactness.CheegerGromovConvergenceData._sizeOf_1	def
MD	Poincare.D7.Compactness.ManifoldStatements	Poincare.D7.Compactness.smoothPart_of_cheegerGromov	theorem
MD	Poincare.D7.Compactness.ManifoldStatements	Poincare.D7.Compactness.cheegerGromovDependencies_all_named	theorem
MD	Poincare.D7.Compactness.ManifoldStatements	Poincare.D7.Compactness.CheegerGromovConvergenceData.mk	ctor
MD	Poincare.D7.Compactness.ManifoldStatements	Poincare.D7.Compactness.CheegerGromovConvergenceData.rec	recursor
MD	Poincare.D7.Compactness.ManifoldStatements	Poincare.D7.Compactness.ManifoldFamilyHypotheses.dim_pos	theorem
MD	Poincare.D7.Compactness.ManifoldStatements	Poincare.D7.Compactness.cheegerGromovBlockers_ne_nil	theorem
MD	Poincare.D7.Compactness.ManifoldStatements	Poincare.D7.Compactness.CheegerGromovConvergenceData.mk.injEq	theorem
MD	Poincare.D7.Compactness.ManifoldStatements	Poincare.D7.Compactness.ManifoldFamilyHypotheses.mk.noConfusion	def
MD	Poincare.D7.Compactness.ManifoldStatements	Poincare.D7.Compactness.CheegerGromovConvergenceData.smoothRegularity	def
MD	Poincare.D7.Compactness.ManifoldStatements	Poincare.D7.Compactness.CheegerGromovConvergenceData.mk.inj	theorem
MD	Poincare.D7.Compactness.ManifoldStatements	Poincare.D7.Compactness.CheegerGromovConvergenceData.ctorIdx	def
MD	Poincare.D7.Compactness.ManifoldStatements	Poincare.D7.Compactness.BlockerInjectivityRadius.eq_1	theorem
MD	Poincare.D7.Compactness.ManifoldStatements	Poincare.D7.Compactness.cheegerGromovDependencies_length	theorem
MD	Poincare.D7.Compactness.ManifoldStatements	Poincare.D7.Compactness.ManifoldFamilyHypotheses.curvatureRadius_pos	theorem
MD	Poincare.D7.Compactness.ManifoldStatements	Poincare.D7.Compactness.missingCheegerGromovCompactness	def
MD	Poincare.D7.Compactness.ManifoldStatements	Poincare.D7.Compactness.ManifoldFamilyHypotheses.rec	recursor
MD	Poincare.D7.Compactness.ManifoldStatements	Poincare.D7.Compactness.cheegerGromov_of_ghSubsequence	theorem
