MD	Poincare.D7.ConjugateHeat.Blocked	Poincare.D7.ConjugateHeat.MissingMathlibDependencies	def
MD	Poincare.D7.ConjugateHeat.Blocked	Poincare.D7.ConjugateHeat.ConjugateHeatSpacetime.mk.injEq	theorem
MD	Poincare.D7.ConjugateHeat.Blocked	Poincare.D7.ConjugateHeat.blockers_length	theorem
MD	Poincare.D7.ConjugateHeat.Blocked	Poincare.D7.ConjugateHeat.Blocker.mk.noConfusion	def
MD	Poincare.D7.ConjugateHeat.Blocked	Poincare.D7.ConjugateHeat.ConjugateHeatSpacetime.zero_volume	theorem
MD	Poincare.D7.ConjugateHeat.Blocked	Poincare.D7.ConjugateHeat.ConjugateHeatSpacetime.casesOn	def
MD	Poincare.D7.ConjugateHeat.Blocked	Poincare.D7.ConjugateHeat.ConjugateHeatSpacetime.zero	def
MD	Poincare.D7.ConjugateHeat.Blocked	Poincare.D7.ConjugateHeat.IsConjugateHeatKernel.mk._flat_ctor	def
MD	Poincare.D7.ConjugateHeat.Blocked	Poincare.D7.ConjugateHeat.ConjugateHeatSpacetime._sizeOf_1	def
MD	Poincare.D7.ConjugateHeat.Blocked	Poincare.D7.ConjugateHeat.IsRiemannianConjugateHeatSpacetime.rec	recursor
MD	Poincare.D7.ConjugateHeat.Blocked	Poincare.D7.ConjugateHeat.IsRiemannianConjugateHeatSpacetime.mk	ctor
MD	Poincare.D7.ConjugateHeat.Blocked	Poincare.D7.ConjugateHeat.ConjugateHeatSpacetime.mk.noConfusion	def
MD	Poincare.D7.ConjugateHeat.Blocked	Poincare.D7.ConjugateHeat.IsRiemannianConjugateHeatSpacetime.volume_pos	theorem
MD	Poincare.D7.ConjugateHeat.Blocked	Poincare.D7.ConjugateHeat.ConjugateHeatSpacetime.scalarMul	def
MD	Poincare.D7.ConjugateHeat.Blocked	Poincare.D7.ConjugateHeat.ConjugateHeatSpacetime.volume	def
MD	Poincare.D7.ConjugateHeat.Blocked	Poincare.D7.ConjugateHeat.Blocker.mk.injEq	theorem
MD	Poincare.D7.ConjugateHeat.Blocked	Poincare.D7.ConjugateHeat.ConjugateHeatSpacetime.rec	recursor
MD	Poincare.D7.ConjugateHeat.Blocked	Poincare.D7.ConjugateHeat.Blocker._sizeOf_1	def
MD	Poincare.D7.ConjugateHeat.Blocked	Poincare.D7.ConjugateHeat.ConjugateHeatSpacetime.recOn	def
MD	Poincare.D7.ConjugateHeat.Blocked	Poincare.D7.ConjugateHeat.conjugateHeatKernelExistenceStatement_isProp	theorem
MD	Poincare.D7.ConjugateHeat.Blocked	Poincare.D7.ConjugateHeat.Blocker	inductive
MD	Poincare.D7.ConjugateHeat.Blocked	Poincare.D7.ConjugateHeat.IsConjugateHeatKernel.solves	theorem
MD	Poincare.D7.ConjugateHeat.Blocked	Poincare.D7.ConjugateHeat.Blocker.name	def
MD	Poincare.D7.ConjugateHeat.Blocked	Poincare.D7.ConjugateHeat.Blocker.reason	def
MD	Poincare.D7.ConjugateHeat.Blocked	Poincare.D7.ConjugateHeat.PresentMathlibDependencies_length	theorem
MD	Poincare.D7.ConjugateHeat.Blocked	Poincare.D7.ConjugateHeat.ConjugateHeatSpacetime.backwardTimeDerivative	def
MD	Poincare.D7.ConjugateHeat.Blocked	Poincare.D7.ConjugateHeat.Blocker.casesOn	def
MD	Poincare.D7.ConjugateHeat.Blocked	Poincare.D7.ConjugateHeat.ConjugateHeatSpacetime.zero_conjugateHeat	theorem
MD	Poincare.D7.ConjugateHeat.Blocked	Poincare.D7.ConjugateHeat.not_isConjugateHeatKernel_zero	theorem
MD	Poincare.D7.ConjugateHeat.Blocked	Poincare.D7.ConjugateHeat.ConjugateHeatSpacetime.conjugateHeat.eq_1	theorem
MD	Poincare.D7.ConjugateHeat.Blocked	Poincare.D7.ConjugateHeat.Blocker.noConfusionType	def
MD	Poincare.D7.ConjugateHeat.Blocked	Poincare.D7.ConjugateHeat.Blocker.rec	recursor
MD	Poincare.D7.ConjugateHeat.Blocked	Poincare.D7.ConjugateHeat.Blocker.ctorIdx	def
MD	Poincare.D7.ConjugateHeat.Blocked	Poincare.D7.ConjugateHeat.Blocker.mk.sizeOf_spec	theorem
MD	Poincare.D7.ConjugateHeat.Blocked	Poincare.D7.ConjugateHeat.Blocker.mk.inj	theorem
MD	Poincare.D7.ConjugateHeat.Blocked	Poincare.D7.ConjugateHeat.Blocker.noConfusion	def
MD	Poincare.D7.ConjugateHeat.Blocked	Poincare.D7.ConjugateHeat.Blocker.mk	ctor
MD	Poincare.D7.ConjugateHeat.Blocked	Poincare.D7.ConjugateHeat.IsConjugateHeatKernel.casesOn	def
MD	Poincare.D7.ConjugateHeat.Blocked	Poincare.D7.ConjugateHeat.ConjugateHeatKernelExistenceStatement	def
MD	Poincare.D7.ConjugateHeat.Blocked	Poincare.D7.ConjugateHeat.IsConjugateHeatKernel.normalized	theorem
MD	Poincare.D7.ConjugateHeat.Blocked	Poincare.D7.ConjugateHeat.ConjugateHeatSpacetime.conjugateHeat	def
MD	Poincare.D7.ConjugateHeat.Blocked	Poincare.D7.ConjugateHeat.IsRiemannianConjugateHeatSpacetime.casesOn	def
MD	Poincare.D7.ConjugateHeat.Blocked	Poincare.D7.ConjugateHeat.PresentMathlibDependencies	def
MD	Poincare.D7.ConjugateHeat.Blocked	Poincare.D7.ConjugateHeat.MissingMathlibDependencies_length	theorem
MD	Poincare.D7.ConjugateHeat.Blocked	Poincare.D7.ConjugateHeat.IsRiemannianConjugateHeatSpacetime	inductive
MD	Poincare.D7.ConjugateHeat.Blocked	Poincare.D7.ConjugateHeat.ConjugateHeatSpacetime.mk._flat_ctor	def
MD	Poincare.D7.ConjugateHeat.Blocked	Poincare.D7.ConjugateHeat.ConjugateHeatSpacetime.mk.sizeOf_spec	theorem
MD	Poincare.D7.ConjugateHeat.Blocked	Poincare.D7.ConjugateHeat.IsConjugateHeatKernel.rec	recursor
MD	Poincare.D7.ConjugateHeat.Blocked	Poincare.D7.ConjugateHeat.ConjugateHeatSpacetime.noConfusion	def
MD	Poincare.D7.ConjugateHeat.Blocked	Poincare.D7.ConjugateHeat.IsConjugateHeatKernel.positive	theorem
MD	Poincare.D7.ConjugateHeat.Blocked	Poincare.D7.ConjugateHeat.Blocker.mk._flat_ctor	def
MD	Poincare.D7.ConjugateHeat.Blocked	Poincare.D7.ConjugateHeat.IsConjugateHeatKernel	inductive
MD	Poincare.D7.ConjugateHeat.Blocked	Poincare.D7.ConjugateHeat.ConjugateHeatSpacetime.laplacian	def
MD	Poincare.D7.ConjugateHeat.Blocked	Poincare.D7.ConjugateHeat.IsRiemannianConjugateHeatSpacetime.volume_lt_top	theorem
MD	Poincare.D7.ConjugateHeat.Blocked	Poincare.D7.ConjugateHeat.ConjugateHeatSpacetime.isRiemannian_zero_of_isEmpty	theorem
MD	Poincare.D7.ConjugateHeat.Blocked	Poincare.D7.ConjugateHeat.IsRiemannianConjugateHeatSpacetime.recOn	def
MD	Poincare.D7.ConjugateHeat.Blocked	Poincare.D7.ConjugateHeat.blockers	def
MD	Poincare.D7.ConjugateHeat.Blocked	Poincare.D7.ConjugateHeat.blockers_ne_nil	theorem
MD	Poincare.D7.ConjugateHeat.Blocked	Poincare.D7.ConjugateHeat.ConjugateHeatSpacetime.mk	ctor
MD	Poincare.D7.ConjugateHeat.Blocked	Poincare.D7.ConjugateHeat.ConjugateHeatSpacetime.ctorIdx	def
MD	Poincare.D7.ConjugateHeat.Blocked	Poincare.D7.ConjugateHeat.IsConjugateHeatKernel.recOn	def
MD	Poincare.D7.ConjugateHeat.Blocked	Poincare.D7.ConjugateHeat.ConjugateHeatSpacetime.zero.eq_1	theorem
MD	Poincare.D7.ConjugateHeat.Blocked	Poincare.D7.ConjugateHeat.IsRiemannianConjugateHeatSpacetime.mk._flat_ctor	def
MD	Poincare.D7.ConjugateHeat.Blocked	Poincare.D7.ConjugateHeat.Blocker._sizeOf_inst	def
MD	Poincare.D7.ConjugateHeat.Blocked	Poincare.D7.ConjugateHeat.ConjugateHeatSpacetime.not_isRiemannian_zero	theorem
MD	Poincare.D7.ConjugateHeat.Blocked	Poincare.D7.ConjugateHeat.blockers.eq_1	theorem
MD	Poincare.D7.ConjugateHeat.Blocked	Poincare.D7.ConjugateHeat.IsConjugateHeatKernel.mk	ctor
MD	Poincare.D7.ConjugateHeat.Blocked	Poincare.D7.ConjugateHeat.Blocker.recOn	def
MD	Poincare.D7.ConjugateHeat.Blocked	Poincare.D7.ConjugateHeat.IsConjugateHeatKernel.dirac_limit	theorem
MD	Poincare.D7.ConjugateHeat.Blocked	Poincare.D7.ConjugateHeat.ConjugateHeatSpacetime.noConfusionType	def
MD	Poincare.D7.ConjugateHeat.Blocked	Poincare.D7.ConjugateHeat.ConjugateHeatSpacetime.mk.inj	theorem
MD	Poincare.D7.ConjugateHeat.Blocked	Poincare.D7.ConjugateHeat.ConjugateHeatSpacetime	inductive
MD	Poincare.D7.ConjugateHeat.Blocked	Poincare.D7.ConjugateHeat.ConjugateHeatSpacetime._sizeOf_inst	def
