MD	Poincare.D7.Curvature.Bridge	Probe.CurvatureTensor.toCurvatureOperator._proof_21	theorem
MD	Poincare.D7.Curvature.Bridge	Probe.CurvatureTensor.toCurvatureOperator._proof_30	theorem
MD	Poincare.D7.Curvature.Bridge	Probe.CurvatureTensor.toCurvatureOperator._proof_1	theorem
MD	Poincare.D7.Curvature.Bridge	Probe.CurvatureTensor.toCurvatureOperator._proof_36	theorem
MD	Poincare.D7.Curvature.Bridge	Poincare.Longrun.Geometry.RiemannCurvatureTensor_apply	theorem
MD	Poincare.D7.Curvature.Bridge	Poincare.Longrun.Geometry.RiemannCurvatureTensor_first_pair_skew	theorem
MD	Poincare.D7.Curvature.Bridge	Probe.CurvatureTensor.toCurvatureOperator._proof_22	theorem
MD	Poincare.D7.Curvature.Bridge	Probe.CurvatureTensor.toCurvatureOperator._proof_4	theorem
MD	Poincare.D7.Curvature.Bridge	Poincare.Longrun.Geometry.RiemannCurvatureTensor_second_pair_skew	theorem
MD	Poincare.D7.Curvature.Bridge	Poincare.Longrun.Geometry.RiemannCurvatureTensor_interchange	theorem
MD	Poincare.D7.Curvature.Bridge	Probe.CurvatureTensor.toCurvatureOperator._proof_26	theorem
MD	Poincare.D7.Curvature.Bridge	Probe.CurvatureTensor.toCurvatureOperator._proof_35	theorem
MD	Poincare.D7.Curvature.Bridge	Probe.CurvatureTensor.toCurvatureOperator._proof_6	theorem
MD	Poincare.D7.Curvature.Bridge	Probe.CurvatureTensor.toCurvatureOperator._proof_8	theorem
MD	Poincare.D7.Curvature.Bridge	Probe.CurvatureTensor.toCurvatureOperator._proof_7	theorem
MD	Poincare.D7.Curvature.Bridge	Probe.CurvatureTensor.toCurvatureOperator._proof_17	theorem
MD	Poincare.D7.Curvature.Bridge	Poincare.CurvatureAlgebra.CurvatureOperator.endoRicci.eq_1	theorem
MD	Poincare.D7.Curvature.Bridge	Probe.CurvatureTensor.toCurvatureOperator._proof_9	theorem
MD	Poincare.D7.Curvature.Bridge	Poincare.Longrun.Geometry.RiemannCurvatureTensor	def
MD	Poincare.D7.Curvature.Bridge	Probe.CurvatureTensor.toCurvatureOperator._proof_33	theorem
MD	Poincare.D7.Curvature.Bridge	Probe.CurvatureTensor.toCurvatureOperator._proof_5	theorem
MD	Poincare.D7.Curvature.Bridge	Probe.CurvatureTensor.toCurvatureOperator._proof_19	theorem
MD	Poincare.D7.Curvature.Bridge	Probe.CurvatureTensor.toCurvatureOperator._proof_18	theorem
MD	Poincare.D7.Curvature.Bridge	Probe.CurvatureTensor.toCurvatureOperator._proof_23	theorem
MD	Poincare.D7.Curvature.Bridge	Probe.CurvatureTensor.toCurvatureOperator._proof_13	theorem
MD	Poincare.D7.Curvature.Bridge	Probe.CurvatureTensor.toCurvatureOperator._proof_3	theorem
MD	Poincare.D7.Curvature.Bridge	Probe.CurvatureTensor.toCurvatureOperator._proof_29	theorem
MD	Poincare.D7.Curvature.Bridge	Poincare.Longrun.Geometry.RiemannCurvatureForm	def
MD	Poincare.D7.Curvature.Bridge	Probe.CurvatureTensor.toCurvatureOperator._proof_31	theorem
MD	Poincare.D7.Curvature.Bridge	Probe.CurvatureTensor.toCurvatureOperator._proof_25	theorem
MD	Poincare.D7.Curvature.Bridge	Probe.CurvatureTensor.toCurvatureOperator._proof_11	theorem
MD	Poincare.D7.Curvature.Bridge	Probe.CurvatureTensor.toCurvatureOperator._proof_12	theorem
MD	Poincare.D7.Curvature.Bridge	Probe.CurvatureTensor.toCurvatureOperator._proof_34	theorem
MD	Poincare.D7.Curvature.Bridge	Probe.CurvatureTensor.toCurvatureOperator._proof_32	theorem
MD	Poincare.D7.Curvature.Bridge	Probe.CurvatureTensor.toCurvatureOperator._proof_16	theorem
MD	Poincare.D7.Curvature.Bridge	Probe.CurvatureTensor.toCurvatureOperator._proof_27	theorem
MD	Poincare.D7.Curvature.Bridge	Poincare.D7.Curvature.ricci_eq_probe_ricci	theorem
MD	Poincare.D7.Curvature.Bridge	Probe.CurvatureTensor.toCurvatureOperator._proof_14	theorem
MD	Poincare.D7.Curvature.Bridge	Probe.CurvatureTensor.toCurvatureOperator._proof_28	theorem
MD	Poincare.D7.Curvature.Bridge	Poincare.CurvatureAlgebra.CurvatureOperator.ricciHom.eq_1	theorem
MD	Poincare.D7.Curvature.Bridge	Probe.CurvatureTensor.toCurvatureOperator_apply	theorem
MD	Poincare.D7.Curvature.Bridge	Poincare.CurvatureAlgebra.CurvatureOperator.ricci.eq_1	theorem
MD	Poincare.D7.Curvature.Bridge	Probe.CurvatureTensor.toCurvatureOperator.eq_1	theorem
MD	Poincare.D7.Curvature.Bridge	Probe.CurvatureTensor.toCurvatureOperator._proof_2	theorem
MD	Poincare.D7.Curvature.Bridge	Poincare.Longrun.Geometry.RiemannCurvatureTensor_bianchi	theorem
MD	Poincare.D7.Curvature.Bridge	Probe.CurvatureTensor.toCurvatureOperator._proof_20	theorem
MD	Poincare.D7.Curvature.Bridge	Probe.CurvatureTensor.toCurvatureOperator	def
MD	Poincare.D7.Curvature.Bridge	Probe.CurvatureTensor.toCurvatureOperator._proof_15	theorem
MD	Poincare.D7.Curvature.Bridge	Probe.CurvatureTensor.toCurvatureOperator._proof_24	theorem
MD	Poincare.D7.Curvature.Bridge	Probe.CurvatureTensor.toCurvatureOperator._proof_10	theorem
