MD	Poincare.D7.Curvature.Sectional	Poincare.D7.Curvature.RiemannCurvatureData.gramForm_gl2	theorem
MD	Poincare.D7.Curvature.Sectional	Poincare.D7.Curvature.RiemannCurvatureData.gramForm_symm	theorem
MD	Poincare.D7.Curvature.Sectional	Poincare.D7.Curvature.RiemannCurvatureData.TwoPlane.mk	ctor
MD	Poincare.D7.Curvature.Sectional	Poincare.D7.Curvature.RiemannCurvatureData.gramForm._proof_1	theorem
MD	Poincare.D7.Curvature.Sectional	Poincare.D7.Curvature.RiemannCurvatureData.TwoPlane.base₁	def
MD	Poincare.D7.Curvature.Sectional	Poincare.D7.Curvature.RiemannCurvatureData.sectionalCurvature_shear_left	theorem
MD	Poincare.D7.Curvature.Sectional	Poincare.D7.Curvature.RiemannCurvatureData.sectionalCurvature_smul	theorem
MD	Poincare.D7.Curvature.Sectional	Poincare.D7.Curvature.RiemannCurvatureData.gramForm	def
MD	Poincare.D7.Curvature.Sectional	Poincare.D7.Curvature.RiemannCurvatureData.TwoPlane._sizeOf_1	def
MD	Poincare.D7.Curvature.Sectional	Poincare.D7.Curvature.RiemannCurvatureData.sectionalCurvature_gl2	theorem
MD	Poincare.D7.Curvature.Sectional	Poincare.D7.Curvature.RiemannCurvatureData.TwoPlane.mk.inj	theorem
MD	Poincare.D7.Curvature.Sectional	Poincare.D7.Curvature.RiemannCurvatureData.sectionalCurvature_smul_right	theorem
MD	Poincare.D7.Curvature.Sectional	Poincare.D7.Curvature.RiemannCurvatureData.gramForm_add_smul_left	theorem
MD	Poincare.D7.Curvature.Sectional	Poincare.D7.Curvature.RiemannCurvatureData.gramForm.eq_1	theorem
MD	Poincare.D7.Curvature.Sectional	Poincare.D7.Curvature.RiemannCurvatureData.TwoPlane.casesOn	def
MD	Poincare.D7.Curvature.Sectional	Poincare.D7.Curvature.RiemannCurvatureData.sectionalCurvature_shear_right	theorem
MD	Poincare.D7.Curvature.Sectional	Poincare.D7.Curvature.RiemannCurvatureData.isNondegenerate2Plane_gl2	theorem
MD	Poincare.D7.Curvature.Sectional	Poincare.D7.Curvature.RiemannCurvatureData.sectionalCurvature_swap	theorem
MD	Poincare.D7.Curvature.Sectional	Poincare.D7.Curvature.RiemannCurvatureData.sectionalCurvature.eq_1	theorem
MD	Poincare.D7.Curvature.Sectional	Poincare.D7.Curvature.RiemannCurvatureData.sectionalCurvature_numerator	theorem
MD	Poincare.D7.Curvature.Sectional	Poincare.D7.Curvature.RiemannCurvatureData.TwoPlane.mk.injEq	theorem
MD	Poincare.D7.Curvature.Sectional	Poincare.D7.Curvature.RiemannCurvatureData.TwoPlane._sizeOf_inst	def
MD	Poincare.D7.Curvature.Sectional	Poincare.D7.Curvature.RiemannCurvatureData.TwoPlane.base₂	def
MD	Poincare.D7.Curvature.Sectional	Poincare.D7.Curvature.RiemannCurvatureData.sectionalCurvature_smul_left	theorem
MD	Poincare.D7.Curvature.Sectional	Poincare.D7.Curvature.RiemannCurvatureData.TwoPlane.rec	recursor
MD	Poincare.D7.Curvature.Sectional	Poincare.D7.Curvature.RiemannCurvatureData.TwoPlane.noConfusionType	def
MD	Poincare.D7.Curvature.Sectional	Poincare.D7.Curvature.RiemannCurvatureData.TwoPlane.recOn	def
MD	Poincare.D7.Curvature.Sectional	Poincare.D7.Curvature.RiemannCurvatureData.TwoPlane.mk._flat_ctor	def
MD	Poincare.D7.Curvature.Sectional	Poincare.D7.Curvature.RiemannCurvatureData.TwoPlane	inductive
MD	Poincare.D7.Curvature.Sectional	Poincare.D7.Curvature.RiemannCurvatureData.IsNondegenerate2Plane.eq_1	theorem
MD	Poincare.D7.Curvature.Sectional	Poincare.D7.Curvature.RiemannCurvatureData.TwoPlane.sectionalCurvature_congr	theorem
MD	Poincare.D7.Curvature.Sectional	Poincare.D7.Curvature.RiemannCurvatureData.gramForm_add_smul_right	theorem
MD	Poincare.D7.Curvature.Sectional	Poincare.D7.Curvature.RiemannCurvatureData.TwoPlane.sectionalCurvature	def
MD	Poincare.D7.Curvature.Sectional	Poincare.D7.Curvature.RiemannCurvatureData.TwoPlane.sectionalCurvature_smul	theorem
MD	Poincare.D7.Curvature.Sectional	Poincare.D7.Curvature.RiemannCurvatureData.sectionalCurvature	def
MD	Poincare.D7.Curvature.Sectional	Poincare.D7.Curvature.RiemannCurvatureData.gramForm_smul_both	theorem
MD	Poincare.D7.Curvature.Sectional	Poincare.D7.Curvature.RiemannCurvatureData.TwoPlane.nondegenerate	theorem
MD	Poincare.D7.Curvature.Sectional	Poincare.D7.Curvature.RiemannCurvatureData.TwoPlane.noConfusion	def
MD	Poincare.D7.Curvature.Sectional	Poincare.D7.Curvature.RiemannCurvatureData.IsNondegenerate2Plane	def
MD	Poincare.D7.Curvature.Sectional	Poincare.D7.Curvature.RiemannCurvatureData.TwoPlane.ctorIdx	def
MD	Poincare.D7.Curvature.Sectional	Poincare.D7.Curvature.RiemannCurvatureData.TwoPlane.mk.sizeOf_spec	theorem
MD	Poincare.D7.Curvature.Sectional	Poincare.D7.Curvature.RiemannCurvatureData.TwoPlane.mk.noConfusion	def
