MD	Poincare.D7.Curvature.Symmetries	Poincare.D7.Curvature.RiemannCurvatureData.curvatureForm_self₁	theorem
MD	Poincare.D7.Curvature.Symmetries	Poincare.D7.Curvature.RiemannCurvatureData.curvatureForm_bianchi	theorem
MD	Poincare.D7.Curvature.Symmetries	Poincare.D7.Curvature.RiemannCurvatureData.form_ricciEndo_symm	theorem
MD	Poincare.D7.Curvature.Symmetries	Poincare.D7.Curvature.RiemannCurvatureData.ricciEndo	def
MD	Poincare.D7.Curvature.Symmetries	Poincare.D7.Curvature.RiemannCurvatureData.ricciForm_eq_ricciOperator	theorem
MD	Poincare.D7.Curvature.Symmetries	Poincare.D7.Curvature.RiemannCurvatureData.ricciForm.eq_1	theorem
MD	Poincare.D7.Curvature.Symmetries	Poincare.D7.Curvature.RiemannCurvatureData.scalarCurvature.eq_1	theorem
MD	Poincare.D7.Curvature.Symmetries	Poincare.D7.Curvature.RiemannCurvatureData.curvatureForm_swap_pairs	theorem
MD	Poincare.D7.Curvature.Symmetries	Poincare.D7.Curvature.RiemannCurvatureData.scalarCurvature	def
MD	Poincare.D7.Curvature.Symmetries	Poincare.D7.Curvature.RiemannCurvatureData.ricciEndo._proof_3	theorem
MD	Poincare.D7.Curvature.Symmetries	Poincare.D7.Curvature.RiemannCurvatureData.scalarCurvature._proof_1	theorem
MD	Poincare.D7.Curvature.Symmetries	Poincare.D7.Curvature.RiemannCurvatureData.form_comp_sub_skew	theorem
MD	Poincare.D7.Curvature.Symmetries	Poincare.D7.Curvature.RiemannCurvatureData.curvatureForm_interchange	theorem
MD	Poincare.D7.Curvature.Symmetries	Poincare.D7.Curvature.RiemannCurvatureData.ricciForm_eq_ricciForm_swap	theorem
MD	Poincare.D7.Curvature.Symmetries	Poincare.D7.Curvature.RiemannCurvatureData.curvatureForm_interchange_sub	theorem
MD	Poincare.D7.Curvature.Symmetries	Poincare.D7.Curvature.RiemannCurvatureData.curvatureForm_self₂	theorem
MD	Poincare.D7.Curvature.Symmetries	Poincare.D7.Curvature.RiemannCurvatureData.ricciEndo._proof_2	theorem
MD	Poincare.D7.Curvature.Symmetries	Poincare.D7.Curvature.RiemannCurvatureData.curvatureForm_skew₃₄_add	theorem
MD	Poincare.D7.Curvature.Symmetries	Poincare.D7.Curvature.RiemannCurvatureData.ricciForm_eq_sum_basis	theorem
MD	Poincare.D7.Curvature.Symmetries	Poincare.D7.Curvature.RiemannCurvatureData.ricciForm_apply	theorem
MD	Poincare.D7.Curvature.Symmetries	Poincare.D7.Curvature.RiemannCurvatureData.ricciEndo._proof_1	theorem
MD	Poincare.D7.Curvature.Symmetries	Poincare.D7.Curvature.RiemannCurvatureData.scalarCurvature_eq_d2	theorem
MD	Poincare.D7.Curvature.Symmetries	Poincare.D7.Curvature.RiemannCurvatureData.curvature_bianchi	theorem
MD	Poincare.D7.Curvature.Symmetries	Poincare.D7.Curvature.RiemannCurvatureData.ricciEndo.eq_1	theorem
MD	Poincare.D7.Curvature.Symmetries	Poincare.D7.Curvature.RiemannCurvatureData.form_ricciEndo	theorem
MD	Poincare.D7.Curvature.Symmetries	Poincare.D7.Curvature.RiemannCurvatureData.curvatureForm_skew₁₂_add	theorem
MD	Poincare.D7.Curvature.Symmetries	Poincare.D7.Curvature.RiemannCurvatureData.curvature_skew₁₂	theorem
MD	Poincare.D7.Curvature.Symmetries	Poincare.D7.Curvature.RiemannCurvatureData.scalarCurvature_eq_sum_basis	theorem
MD	Poincare.D7.Curvature.Symmetries	Poincare.D7.Curvature.RiemannCurvatureData.curvatureForm_skew₁₂	theorem
MD	Poincare.D7.Curvature.Symmetries	Poincare.D7.Curvature.RiemannCurvatureData.ricciForm_symm	theorem
MD	Poincare.D7.Curvature.Symmetries	Poincare.D7.Curvature.RiemannCurvatureData.curvature_self₁	theorem
MD	Poincare.D7.Curvature.Symmetries	Poincare.D7.Curvature.RiemannCurvatureData.ricciForm	def
MD	Poincare.D7.Curvature.Symmetries	Poincare.D7.Curvature.RiemannCurvatureData.curvatureForm_skew₃₄	theorem
