MD	Poincare.D7.Divergence.Basic	Poincare.D7.Divergence.DivergenceData.mk	ctor
MD	Poincare.D7.Divergence.Basic	Poincare.D7.Divergence.DivergenceData.bothPairing.eq_1	theorem
MD	Poincare.D7.Divergence.Basic	Poincare.D7.Divergence.IBPCertificate.mk._flat_ctor	def
MD	Poincare.D7.Divergence.Basic	Poincare.D7.Divergence.DivergenceData	inductive
MD	Poincare.D7.Divergence.Basic	Poincare.D7.Divergence.IBPCertificate.mk.injEq	theorem
MD	Poincare.D7.Divergence.Basic	Poincare.D7.Divergence.DivergenceData.outFlow.eq_1	theorem
MD	Poincare.D7.Divergence.Basic	Poincare.D7.Divergence.IBPCertificate.ctorIdx	def
MD	Poincare.D7.Divergence.Basic	Poincare.D7.Divergence.DivergenceData.ctorIdx	def
MD	Poincare.D7.Divergence.Basic	Poincare.D7.Divergence.DivergenceData.divPairing	def
MD	Poincare.D7.Divergence.Basic	Poincare.D7.Divergence.IBPCertificate._sizeOf_inst	def
MD	Poincare.D7.Divergence.Basic	Poincare.D7.Divergence.IBPCertificate.noConfusionType	def
MD	Poincare.D7.Divergence.Basic	Poincare.D7.Divergence.DivergenceData.bothPairing'	def
MD	Poincare.D7.Divergence.Basic	Poincare.D7.Divergence.DivergenceData.noConfusion	def
MD	Poincare.D7.Divergence.Basic	Poincare.D7.Divergence.IBPCertificate.ibp	theorem
MD	Poincare.D7.Divergence.Basic	Poincare.D7.Divergence.DivergenceData.src	def
MD	Poincare.D7.Divergence.Basic	Poincare.D7.Divergence.IBPCertificate.mk.sizeOf_spec	theorem
MD	Poincare.D7.Divergence.Basic	Poincare.D7.Divergence.DivergenceData.inFlow	def
MD	Poincare.D7.Divergence.Basic	Poincare.D7.Divergence.DivergenceData.mk.injEq	theorem
MD	Poincare.D7.Divergence.Basic	Poincare.D7.Divergence.IBPCertificate.casesOn	def
MD	Poincare.D7.Divergence.Basic	Poincare.D7.Divergence.IBPCertificate._sizeOf_1	def
MD	Poincare.D7.Divergence.Basic	Poincare.D7.Divergence.IBPCertificate.interiorTerm	def
MD	Poincare.D7.Divergence.Basic	Poincare.D7.Divergence.DivergenceData.mk.noConfusion	def
MD	Poincare.D7.Divergence.Basic	Poincare.D7.Divergence.DivergenceData.inFlux.eq_1	theorem
MD	Poincare.D7.Divergence.Basic	Poincare.D7.Divergence.DivergenceData.outFlux	def
MD	Poincare.D7.Divergence.Basic	Poincare.D7.Divergence.DivergenceData.sum_mul_outFlow	theorem
MD	Poincare.D7.Divergence.Basic	Poincare.D7.Divergence.IBPCertificate.mk.inj	theorem
MD	Poincare.D7.Divergence.Basic	Poincare.D7.Divergence.DivergenceData.boundaryPairing	def
MD	Poincare.D7.Divergence.Basic	Poincare.D7.Divergence.IBPCertificate.fluxTerm	def
MD	Poincare.D7.Divergence.Basic	Poincare.D7.Divergence.DivergenceData.boundaryOut	def
MD	Poincare.D7.Divergence.Basic	Poincare.D7.Divergence.DivergenceData.sum_inFlow	theorem
MD	Poincare.D7.Divergence.Basic	Poincare.D7.Divergence.IBPCertificate.mk	ctor
MD	Poincare.D7.Divergence.Basic	Poincare.D7.Divergence.DivergenceData._sizeOf_inst	def
MD	Poincare.D7.Divergence.Basic	Poincare.D7.Divergence.DivergenceData.outFlux.eq_1	theorem
MD	Poincare.D7.Divergence.Basic	Poincare.D7.Divergence.DivergenceData.mk._flat_ctor	def
MD	Poincare.D7.Divergence.Basic	Poincare.D7.Divergence.DivergenceData.tgt	def
MD	Poincare.D7.Divergence.Basic	Poincare.D7.Divergence.DivergenceData.sum_outFlow	theorem
MD	Poincare.D7.Divergence.Basic	Poincare.D7.Divergence.IBPCertificate.ibp'	theorem
MD	Poincare.D7.Divergence.Basic	Poincare.D7.Divergence.DivergenceData.boundaryFlux	def
MD	Poincare.D7.Divergence.Basic	Poincare.D7.Divergence.IBPCertificate	inductive
MD	Poincare.D7.Divergence.Basic	Poincare.D7.Divergence.DivergenceData.boundaryIn	def
MD	Poincare.D7.Divergence.Basic	Poincare.D7.Divergence.DivergenceData.sum_filter_split	theorem
MD	Poincare.D7.Divergence.Basic	Poincare.D7.Divergence.DivergenceData.inFlow.eq_1	theorem
MD	Poincare.D7.Divergence.Basic	Poincare.D7.Divergence.DivergenceData.outFlow	def
MD	Poincare.D7.Divergence.Basic	Poincare.D7.Divergence.DivergenceData._sizeOf_1	def
MD	Poincare.D7.Divergence.Basic	Poincare.D7.Divergence.IBPCertificate.boundaryTerm	def
MD	Poincare.D7.Divergence.Basic	Poincare.D7.Divergence.IBPCertificate.interiorTerm_eq_neg_fluxTerm_of_boundaryTerm_eq_zero	theorem
MD	Poincare.D7.Divergence.Basic	Poincare.D7.Divergence.DivergenceData.bothPairing'.eq_1	theorem
MD	Poincare.D7.Divergence.Basic	Poincare.D7.Divergence.DivergenceData.mk.inj	theorem
MD	Poincare.D7.Divergence.Basic	Poincare.D7.Divergence.DivergenceData.noConfusionType	def
MD	Poincare.D7.Divergence.Basic	Poincare.D7.Divergence.DivergenceData.gradientPairing	def
MD	Poincare.D7.Divergence.Basic	Poincare.D7.Divergence.DivergenceData.inPairing	def
MD	Poincare.D7.Divergence.Basic	Poincare.D7.Divergence.DivergenceData.inFlux	def
MD	Poincare.D7.Divergence.Basic	Poincare.D7.Divergence.DivergenceData.sum_mul_inFlow	theorem
MD	Poincare.D7.Divergence.Basic	Poincare.D7.Divergence.DivergenceData.mk.sizeOf_spec	theorem
MD	Poincare.D7.Divergence.Basic	Poincare.D7.Divergence.DivergenceData.bothPairing	def
MD	Poincare.D7.Divergence.Basic	Poincare.D7.Divergence.DivergenceData.outPairing	def
MD	Poincare.D7.Divergence.Basic	Poincare.D7.Divergence.DivergenceData.gradientPairing.eq_1	theorem
MD	Poincare.D7.Divergence.Basic	Poincare.D7.Divergence.IBPCertificate.recOn	def
MD	Poincare.D7.Divergence.Basic	Poincare.D7.Divergence.IBPCertificate.rec	recursor
MD	Poincare.D7.Divergence.Basic	Poincare.D7.Divergence.DivergenceData.bothPairing_sub_bothPairing'	theorem
MD	Poincare.D7.Divergence.Basic	Poincare.D7.Divergence.DivergenceData.rec	recursor
MD	Poincare.D7.Divergence.Basic	Poincare.D7.Divergence.DivergenceData.bothPairing_sub_bothPairing'._simp_1_2	theorem
MD	Poincare.D7.Divergence.Basic	Poincare.D7.Divergence.IBPCertificate.noConfusion	def
MD	Poincare.D7.Divergence.Basic	Poincare.D7.Divergence.DivergenceData.divergence	def
MD	Poincare.D7.Divergence.Basic	Poincare.D7.Divergence.IBPCertificate.eq_zero_of_boundaryTerm_eq_zero	theorem
MD	Poincare.D7.Divergence.Basic	Poincare.D7.Divergence.IBPCertificate.outBoundary	def
MD	Poincare.D7.Divergence.Basic	Poincare.D7.Divergence.IBPCertificate.mk.noConfusion	def
MD	Poincare.D7.Divergence.Basic	Poincare.D7.Divergence.IBPCertificate.inBoundary	def
MD	Poincare.D7.Divergence.Basic	Poincare.D7.Divergence.DivergenceData.sum_fiber_of_mem	theorem
MD	Poincare.D7.Divergence.Basic	Poincare.D7.Divergence.DivergenceData.casesOn	def
MD	Poincare.D7.Divergence.Basic	Poincare.D7.Divergence.DivergenceData.recOn	def
