MD	Poincare.D7.Divergence.Blocked	Poincare.D7.Divergence.PresentMathlibDependencies	def
MD	Poincare.D7.Divergence.Blocked	Poincare.D7.Divergence.ManifoldDivergenceDatum.casesOn	def
MD	Poincare.D7.Divergence.Blocked	Poincare.D7.Divergence.ManifoldDivergenceDatum.isRiemannian_zero_of_isEmpty	theorem
MD	Poincare.D7.Divergence.Blocked	Poincare.D7.Divergence.ManifoldDivergenceDatum.zero	def
MD	Poincare.D7.Divergence.Blocked	Poincare.D7.Divergence.BlockerManifoldDivergence_ne_nil	theorem
MD	Poincare.D7.Divergence.Blocked	Poincare.D7.Divergence.BlockerManifoldBoundary	def
MD	Poincare.D7.Divergence.Blocked	Poincare.D7.Divergence.ManifoldDivergenceDatum.rec	recursor
MD	Poincare.D7.Divergence.Blocked	Poincare.D7.Divergence.IsRiemannianDivergenceDatum	def
MD	Poincare.D7.Divergence.Blocked	Poincare.D7.Divergence.ManifoldDivergenceDatum.mk.injEq	theorem
MD	Poincare.D7.Divergence.Blocked	Poincare.D7.Divergence.PresentMathlibDependencies_ne_nil	theorem
MD	Poincare.D7.Divergence.Blocked	Poincare.D7.Divergence.ManifoldDivergenceDatum.divergence	def
MD	Poincare.D7.Divergence.Blocked	Poincare.D7.Divergence.ManifoldDivergenceDatum._sizeOf_inst	def
MD	Poincare.D7.Divergence.Blocked	Poincare.D7.Divergence.ManifoldDivergenceDatum.normalPairing	def
MD	Poincare.D7.Divergence.Blocked	Poincare.D7.Divergence.ManifoldDivergenceDatum.recOn	def
MD	Poincare.D7.Divergence.Blocked	Poincare.D7.Divergence.ManifoldDivergenceDatum	inductive
MD	Poincare.D7.Divergence.Blocked	Poincare.D7.Divergence.MissingMathlibDependencies_ne_nil	theorem
MD	Poincare.D7.Divergence.Blocked	Poincare.D7.Divergence.ManifoldDivergenceDatum.ctorIdx	def
MD	Poincare.D7.Divergence.Blocked	Poincare.D7.Divergence.ManifoldDivergenceDatum.noConfusionType	def
MD	Poincare.D7.Divergence.Blocked	Poincare.D7.Divergence.BlockerManifoldDivergence	def
MD	Poincare.D7.Divergence.Blocked	Poincare.D7.Divergence.ManifoldDivergenceDatum.mk.noConfusion	def
MD	Poincare.D7.Divergence.Blocked	Poincare.D7.Divergence.ManifoldDivergenceDatum.mk	ctor
MD	Poincare.D7.Divergence.Blocked	Poincare.D7.Divergence.ManifoldDivergenceDatum.noConfusion	def
MD	Poincare.D7.Divergence.Blocked	Poincare.D7.Divergence.BlockerRiemannianVolumeMeasure	def
MD	Poincare.D7.Divergence.Blocked	Poincare.D7.Divergence.ManifoldDivergenceDatum.mk.sizeOf_spec	theorem
MD	Poincare.D7.Divergence.Blocked	Poincare.D7.Divergence.BlockerStokes_ne_nil	theorem
MD	Poincare.D7.Divergence.Blocked	Poincare.D7.Divergence.ManifoldDivergenceDatum.boundaryMeasure	def
MD	Poincare.D7.Divergence.Blocked	Poincare.D7.Divergence.PresentMathlibDependencies_length	theorem
MD	Poincare.D7.Divergence.Blocked	Poincare.D7.Divergence.ManifoldDivergenceDatum.volume	def
MD	Poincare.D7.Divergence.Blocked	Poincare.D7.Divergence.BlockerManifoldBoundary_ne_nil	theorem
MD	Poincare.D7.Divergence.Blocked	Poincare.D7.Divergence.ManifoldDivergenceDatum.not_isRiemannian_zero	theorem
MD	Poincare.D7.Divergence.Blocked	Poincare.D7.Divergence.BlockerRiemannianVolumeMeasure_ne_nil	theorem
MD	Poincare.D7.Divergence.Blocked	Poincare.D7.Divergence.MissingMathlibDependencies	def
MD	Poincare.D7.Divergence.Blocked	Poincare.D7.Divergence.ManifoldDivergenceDatum.mk.inj	theorem
MD	Poincare.D7.Divergence.Blocked	Poincare.D7.Divergence.ManifoldDivergenceDatum._sizeOf_1	def
MD	Poincare.D7.Divergence.Blocked	Poincare.D7.Divergence.SmoothManifoldDivergenceTheoremStatement	def
MD	Poincare.D7.Divergence.Blocked	Poincare.D7.Divergence.ManifoldDivergenceDatum.zero.eq_1	theorem
MD	Poincare.D7.Divergence.Blocked	Poincare.D7.Divergence.MissingMathlibDependencies_length	theorem
MD	Poincare.D7.Divergence.Blocked	Poincare.D7.Divergence.BlockerStokes	def
MD	Poincare.D7.Divergence.Blocked	Poincare.D7.Divergence.ManifoldDivergenceDatum.mk._flat_ctor	def
