MD	Poincare.D7.Geodesic.FlatUniqueness	Poincare.D7.Geodesic.eq_of_isAffineGeodesic_init	theorem
MD	Poincare.D7.Geodesic.FlatUniqueness	Poincare.D7.Geodesic.flatGeodesicData._proof_3	theorem
MD	Poincare.D7.Geodesic.FlatUniqueness	Poincare.D7.Geodesic.flatGeodesicData._proof_11	theorem
MD	Poincare.D7.Geodesic.FlatUniqueness	Poincare.D7.Geodesic.eq_affine_of_isAffineGeodesic	theorem
MD	Poincare.D7.Geodesic.FlatUniqueness	Poincare.D7.Geodesic.flatGeodesicData._proof_1	theorem
MD	Poincare.D7.Geodesic.FlatUniqueness	Poincare.D7.Geodesic.flatGeodesicData_curve	theorem
MD	Poincare.D7.Geodesic.FlatUniqueness	Poincare.D7.Geodesic.flatGeodesicData_p	theorem
MD	Poincare.D7.Geodesic.FlatUniqueness	Poincare.D7.Geodesic.flatGeodesicData._proof_8	theorem
MD	Poincare.D7.Geodesic.FlatUniqueness	Poincare.D7.Geodesic.deriv_eq_const_of_isAffineGeodesic	theorem
MD	Poincare.D7.Geodesic.FlatUniqueness	Poincare.D7.Geodesic.flatGeodesicData._proof_4	theorem
MD	Poincare.D7.Geodesic.FlatUniqueness	Poincare.D7.Geodesic.flatGeodesicData._proof_2	theorem
MD	Poincare.D7.Geodesic.FlatUniqueness	Poincare.D7.Geodesic.flatGeodesicData._proof_7	theorem
MD	Poincare.D7.Geodesic.FlatUniqueness	Poincare.D7.Geodesic.isAffineGeodesic_affine	theorem
MD	Poincare.D7.Geodesic.FlatUniqueness	Poincare.D7.Geodesic.flatGeodesicData._proof_5	theorem
MD	Poincare.D7.Geodesic.FlatUniqueness	Poincare.D7.Geodesic.flatGeodesicData	def
MD	Poincare.D7.Geodesic.FlatUniqueness	Poincare.D7.Geodesic.deriv_affine	theorem
MD	Poincare.D7.Geodesic.FlatUniqueness	Poincare.D7.Geodesic.flatGeodesicData._proof_6	theorem
MD	Poincare.D7.Geodesic.FlatUniqueness	Poincare.D7.Geodesic.flatGeodesicData._proof_9	theorem
MD	Poincare.D7.Geodesic.FlatUniqueness	Poincare.D7.Geodesic.flatGeodesicData._proof_10	theorem
MD	Poincare.D7.Geodesic.FlatUniqueness	Poincare.D7.Geodesic.flatGeodesicData_Gamma	theorem
MD	Poincare.D7.Geodesic.FlatUniqueness	Poincare.D7.Geodesic.flatGeodesicData_v	theorem
MD	Poincare.D7.Geodesic.FlatUniqueness	Poincare.D7.Geodesic.flatGeodesicData_unique	theorem
