MD	Poincare.D7.Geodesic.ManifoldInterfaces	Poincare.D7.Geodesic.ExpMapLocalDiffeomorphism	def
MD	Poincare.D7.Geodesic.ManifoldInterfaces	Poincare.D7.Geodesic.GeodesicContext.noConfusionType	def
MD	Poincare.D7.Geodesic.ManifoldInterfaces	Poincare.D7.Geodesic.IsManifoldGeodesic._proof_1	theorem
MD	Poincare.D7.Geodesic.ManifoldInterfaces	Poincare.D7.Geodesic.GeodesicContext.rec	recursor
MD	Poincare.D7.Geodesic.ManifoldInterfaces	Poincare.D7.Geodesic.GeodesicContext.cov	def
MD	Poincare.D7.Geodesic.ManifoldInterfaces	Poincare.D7.Geodesic.GeodesicContext.mk.inj	theorem
MD	Poincare.D7.Geodesic.ManifoldInterfaces	Poincare.D7.Geodesic.GeodesicExistenceOnCompleteManifolds	def
MD	Poincare.D7.Geodesic.ManifoldInterfaces	Poincare.D7.Geodesic.HopfRinow._proof_1	theorem
MD	Poincare.D7.Geodesic.ManifoldInterfaces	Poincare.D7.Geodesic.GeodesicContext.mk.injEq	theorem
MD	Poincare.D7.Geodesic.ManifoldInterfaces	Poincare.D7.Geodesic.GeodesicContext.noConfusion	def
MD	Poincare.D7.Geodesic.ManifoldInterfaces	Poincare.D7.Geodesic.IsManifoldGeodesic	def
MD	Poincare.D7.Geodesic.ManifoldInterfaces	Poincare.D7.Geodesic.HopfRinow._proof_2	theorem
MD	Poincare.D7.Geodesic.ManifoldInterfaces	Poincare.D7.Geodesic.GeodesicContext._sizeOf_inst	def
MD	Poincare.D7.Geodesic.ManifoldInterfaces	Poincare.D7.Geodesic.GeodesicContext._sizeOf_1	def
MD	Poincare.D7.Geodesic.ManifoldInterfaces	Poincare.D7.Geodesic.GeodesicContext.mk._flat_ctor	def
MD	Poincare.D7.Geodesic.ManifoldInterfaces	Poincare.D7.Geodesic.GeodesicContext.recOn	def
MD	Poincare.D7.Geodesic.ManifoldInterfaces	Poincare.D7.Geodesic.GeodesicContext.mk.noConfusion	def
MD	Poincare.D7.Geodesic.ManifoldInterfaces	Poincare.D7.Geodesic.GeodesicContext.ctorIdx	def
MD	Poincare.D7.Geodesic.ManifoldInterfaces	Poincare.D7.Geodesic.GeodesicContext.accel	def
MD	Poincare.D7.Geodesic.ManifoldInterfaces	Poincare.D7.Geodesic.GeodesicContext.accel_is_covariant_acceleration	def
MD	Poincare.D7.Geodesic.ManifoldInterfaces	Poincare.D7.Geodesic.GeodesicContext.casesOn	def
MD	Poincare.D7.Geodesic.ManifoldInterfaces	Poincare.D7.Geodesic.GeodesicContext.mk	ctor
MD	Poincare.D7.Geodesic.ManifoldInterfaces	Poincare.D7.Geodesic.GeodesicContext	inductive
MD	Poincare.D7.Geodesic.ManifoldInterfaces	Poincare.D7.Geodesic.HopfRinow	def
MD	Poincare.D7.Geodesic.ManifoldInterfaces	Poincare.D7.Geodesic.GeodesicContext.mk.sizeOf_spec	theorem
