MD	Poincare.D7.HeatKernel.Basic	Poincare.D7.HeatKernel.HeatKernelData.noConfusion	def
MD	Poincare.D7.HeatKernel.Basic	Poincare.D7.HeatKernel.HeatKernelData.C_up	def
MD	Poincare.D7.HeatKernel.Basic	Poincare.D7.HeatKernel.HeatKernelData.dist	def
MD	Poincare.D7.HeatKernel.Basic	Poincare.D7.HeatKernel.HeatKernelData.semigroup_symm	theorem
MD	Poincare.D7.HeatKernel.Basic	Poincare.D7.HeatKernel.HeatKernelData.mk.inj	theorem
MD	Poincare.D7.HeatKernel.Basic	Poincare.D7.HeatKernel.HeatKernelData.C_up_nonneg	theorem
MD	Poincare.D7.HeatKernel.Basic	Poincare.D7.HeatKernel.HeatKernelData.gaussianUpperBound	theorem
MD	Poincare.D7.HeatKernel.Basic	Poincare.D7.HeatKernel.HeatKernelData.initialCondition	theorem
MD	Poincare.D7.HeatKernel.Basic	Poincare.D7.HeatKernel.HeatKernelData.heatEquation	theorem
MD	Poincare.D7.HeatKernel.Basic	Poincare.D7.HeatKernel.HeatKernelData.laplacian	def
MD	Poincare.D7.HeatKernel.Basic	Poincare.D7.HeatKernel.HeatKernelData.normalization	theorem
MD	Poincare.D7.HeatKernel.Basic	Poincare.D7.HeatKernel.HeatKernelData.gaussianLowerBound	theorem
MD	Poincare.D7.HeatKernel.Basic	Poincare.D7.HeatKernel.HeatKernelData.semigroup	theorem
MD	Poincare.D7.HeatKernel.Basic	Poincare.D7.HeatKernel.HeatKernelData.dim	def
MD	Poincare.D7.HeatKernel.Basic	Poincare.D7.HeatKernel.HeatKernelData.rec	recursor
MD	Poincare.D7.HeatKernel.Basic	Poincare.D7.HeatKernel.HeatKernelData._sizeOf_1	def
MD	Poincare.D7.HeatKernel.Basic	Poincare.D7.HeatKernel.HeatKernelData.normalization_symm	theorem
MD	Poincare.D7.HeatKernel.Basic	Poincare.D7.HeatKernel.HeatKernelData.mk.sizeOf_spec	theorem
MD	Poincare.D7.HeatKernel.Basic	Poincare.D7.HeatKernel.HeatKernelData._sizeOf_inst	def
MD	Poincare.D7.HeatKernel.Basic	Poincare.D7.HeatKernel.HeatKernelData.dist_symm	theorem
MD	Poincare.D7.HeatKernel.Basic	Poincare.D7.HeatKernel.HeatKernelData.C_lo_nonneg	theorem
MD	Poincare.D7.HeatKernel.Basic	Poincare.D7.HeatKernel.HeatKernelData.c_lo_pos	theorem
MD	Poincare.D7.HeatKernel.Basic	Poincare.D7.HeatKernel.HeatKernelData.gaussian_factor_nonneg	theorem
MD	Poincare.D7.HeatKernel.Basic	Poincare.D7.HeatKernel.HeatKernelData.c_up_pos	theorem
MD	Poincare.D7.HeatKernel.Basic	Poincare.D7.HeatKernel.HeatKernelData.mk.injEq	theorem
MD	Poincare.D7.HeatKernel.Basic	Poincare.D7.HeatKernel.HeatKernelData.C_lo	def
MD	Poincare.D7.HeatKernel.Basic	Poincare.D7.HeatKernel.HeatKernelData.noConfusionType	def
MD	Poincare.D7.HeatKernel.Basic	Poincare.D7.HeatKernel.HeatKernelData.recOn	def
MD	Poincare.D7.HeatKernel.Basic	Poincare.D7.HeatKernel.HeatKernelData.symmetry	theorem
MD	Poincare.D7.HeatKernel.Basic	Poincare.D7.HeatKernel.HeatKernelData.upperBound_self	theorem
MD	Poincare.D7.HeatKernel.Basic	Poincare.D7.HeatKernel.HeatKernelData.kernel_pos_of_lowerBound	theorem
MD	Poincare.D7.HeatKernel.Basic	Poincare.D7.HeatKernel.HeatKernelData.dist_nonneg	theorem
MD	Poincare.D7.HeatKernel.Basic	Poincare.D7.HeatKernel.HeatKernelData.mk	ctor
MD	Poincare.D7.HeatKernel.Basic	Poincare.D7.HeatKernel.HeatKernelData.mk._flat_ctor	def
MD	Poincare.D7.HeatKernel.Basic	Poincare.D7.HeatKernel.HeatKernelData.c_up	def
MD	Poincare.D7.HeatKernel.Basic	Poincare.D7.HeatKernel.HeatKernelData.c_lo	def
MD	Poincare.D7.HeatKernel.Basic	Poincare.D7.HeatKernel.HeatKernelData.casesOn	def
MD	Poincare.D7.HeatKernel.Basic	Poincare.D7.HeatKernel.HeatKernelData.kernel	def
MD	Poincare.D7.HeatKernel.Basic	Poincare.D7.HeatKernel.HeatKernelData.dist_self	theorem
MD	Poincare.D7.HeatKernel.Basic	Poincare.D7.HeatKernel.HeatKernelData.ctorIdx	def
MD	Poincare.D7.HeatKernel.Basic	Poincare.D7.HeatKernel.HeatKernelData.volume	def
MD	Poincare.D7.HeatKernel.Basic	Poincare.D7.HeatKernel.HeatKernelData.kernel_nonneg	theorem
MD	Poincare.D7.HeatKernel.Basic	Poincare.D7.HeatKernel.HeatKernelData.mk.noConfusion	def
MD	Poincare.D7.HeatKernel.Basic	Poincare.D7.HeatKernel.HeatKernelData	inductive
