MD	Poincare.D7.Kappa.Basic	Poincare.D7.Kappa.KappaComparisonData._sizeOf_inst	def
MD	Poincare.D7.Kappa.Basic	Poincare.D7.Kappa.KappaCertificate.mk.noConfusion	def
MD	Poincare.D7.Kappa.Basic	Poincare.D7.Kappa.KappaCertificate.mono._proof_3	theorem
MD	Poincare.D7.Kappa.Basic	Poincare.D7.Kappa.KappaCertificate.mk._flat_ctor	def
MD	Poincare.D7.Kappa.Basic	Poincare.D7.Kappa.KappaCertificate.mono._proof_2	theorem
MD	Poincare.D7.Kappa.Basic	Poincare.D7.Kappa.BallVolumeComparison.comparison	theorem
MD	Poincare.D7.Kappa.Basic	Poincare.D7.Kappa.KappaComparisonData.tau0_pos	theorem
MD	Poincare.D7.Kappa.Basic	Poincare.D7.Kappa.KappaCertificate.mk.injEq	theorem
MD	Poincare.D7.Kappa.Basic	Poincare.D7.Kappa.normalizedBallVolumeLowerBound_of_entropy_and_volumeComparison	theorem
MD	Poincare.D7.Kappa.Basic	Poincare.D7.Kappa.KappaCertificate.uniform_volume_lower	theorem
MD	Poincare.D7.Kappa.Basic	Poincare.D7.Kappa.KappaComparisonData.phi	def
MD	Poincare.D7.Kappa.Basic	Poincare.D7.Kappa.KappaComparisonData.phi_v0	theorem
MD	Poincare.D7.Kappa.Basic	Poincare.D7.Kappa.KappaCertificate.volume_ball_lower	theorem
MD	Poincare.D7.Kappa.Basic	Poincare.D7.Kappa.KappaCertificate.toD3	theorem
MD	Poincare.D7.Kappa.Basic	Poincare.D7.Kappa.KappaComparisonData.mk.noConfusion	def
MD	Poincare.D7.Kappa.Basic	Poincare.D7.Kappa.KappaComparisonData.mk.sizeOf_spec	theorem
MD	Poincare.D7.Kappa.Basic	Poincare.D7.Kappa.KappaCertificate.volume_unit_ball_lower	theorem
MD	Poincare.D7.Kappa.Basic	Poincare.D7.Kappa.KappaComparisonData.kappa_pos	theorem
MD	Poincare.D7.Kappa.Basic	Poincare.D7.Kappa.KappaCertificate.mono._proof_8	theorem
MD	Poincare.D7.Kappa.Basic	Poincare.D7.Kappa.KappaCertificate.rec	recursor
MD	Poincare.D7.Kappa.Basic	Poincare.D7.Kappa.KappaCertificate.noConfusion	def
MD	Poincare.D7.Kappa.Basic	Poincare.D7.Kappa.KappaCertificate.volume_ball_pos	theorem
MD	Poincare.D7.Kappa.Basic	Poincare.D7.Kappa.BallVolumeComparison.rec	recursor
MD	Poincare.D7.Kappa.Basic	Poincare.D7.Kappa.KappaCertificate.mono._proof_6	theorem
MD	Poincare.D7.Kappa.Basic	Poincare.D7.Kappa.KappaCertificate.mono._proof_9	theorem
MD	Poincare.D7.Kappa.Basic	Poincare.D7.Kappa.kappaNoncollapsing_of_entropy_and_volumeComparison	theorem
MD	Poincare.D7.Kappa.Basic	Poincare.D7.Kappa.KappaComparisonData.mk	ctor
MD	Poincare.D7.Kappa.Basic	Poincare.D7.Kappa.KappaComparisonData.uniform_volume_lower	theorem
MD	Poincare.D7.Kappa.Basic	Poincare.D7.Kappa.KappaComparisonData.rec	recursor
MD	Poincare.D7.Kappa.Basic	Poincare.D7.Kappa.KappaComparisonData.v0_pos	theorem
MD	Poincare.D7.Kappa.Basic	Poincare.D7.Kappa.BallVolumeComparison	inductive
MD	Poincare.D7.Kappa.Basic	Poincare.D7.Kappa.kappaCertificate_of_entropy_and_volumeComparison	def
MD	Poincare.D7.Kappa.Basic	Poincare.D7.Kappa.KappaCertificate.mono._proof_4	theorem
MD	Poincare.D7.Kappa.Basic	Poincare.D7.Kappa.KappaCertificate.casesOn	def
MD	Poincare.D7.Kappa.Basic	Poincare.D7.Kappa.KappaComparisonData.r0_pos	theorem
MD	Poincare.D7.Kappa.Basic	Poincare.D7.Kappa.KappaCertificate.mk.sizeOf_spec	theorem
MD	Poincare.D7.Kappa.Basic	Poincare.D7.Kappa.KappaCertificate._sizeOf_inst	def
MD	Poincare.D7.Kappa.Basic	Poincare.D7.Kappa.KappaComparisonData.comparison	theorem
MD	Poincare.D7.Kappa.Basic	Poincare.D7.Kappa.KappaCertificate.mono	def
MD	Poincare.D7.Kappa.Basic	Poincare.D7.Kappa.KappaComparisonData.mk._flat_ctor	def
MD	Poincare.D7.Kappa.Basic	Poincare.D7.Kappa.KappaCertificate.noConfusionType	def
MD	Poincare.D7.Kappa.Basic	Poincare.D7.Kappa.volume_ball_lower_of_entropy_and_volumeComparison	theorem
MD	Poincare.D7.Kappa.Basic	Poincare.D7.Kappa.BallVolumeComparison.casesOn	def
MD	Poincare.D7.Kappa.Basic	Poincare.D7.Kappa.BallVolumeComparison.recOn	def
MD	Poincare.D7.Kappa.Basic	Poincare.D7.Kappa.BallVolumeComparison.mk._flat_ctor	def
MD	Poincare.D7.Kappa.Basic	Poincare.D7.Kappa.KappaComparisonData.toKappaCertificate	def
MD	Poincare.D7.Kappa.Basic	Poincare.D7.Kappa.KappaComparisonData.recOn	def
MD	Poincare.D7.Kappa.Basic	Poincare.D7.Kappa.BallVolumeComparison.mk	ctor
MD	Poincare.D7.Kappa.Basic	Poincare.D7.Kappa.KappaComparisonData.v0	def
MD	Poincare.D7.Kappa.Basic	Poincare.D7.Kappa.KappaCertificate.ctorIdx	def
MD	Poincare.D7.Kappa.Basic	Poincare.D7.Kappa.KappaCertificate._sizeOf_1	def
MD	Poincare.D7.Kappa.Basic	Poincare.D7.Kappa.KappaComparisonData.noConfusionType	def
MD	Poincare.D7.Kappa.Basic	Poincare.D7.Kappa.KappaComparisonData.mk.inj	theorem
MD	Poincare.D7.Kappa.Basic	Poincare.D7.Kappa.KappaComparisonData.reducedVolume	def
MD	Poincare.D7.Kappa.Basic	Poincare.D7.Kappa.KappaCertificate.toKappaComparisonData	def
MD	Poincare.D7.Kappa.Basic	Poincare.D7.Kappa.BallVolumeComparison.mono	theorem
MD	Poincare.D7.Kappa.Basic	Poincare.D7.Kappa.phi_uniformLowerBound	theorem
MD	Poincare.D7.Kappa.Basic	Poincare.D7.Kappa.KappaComparisonData.v0_le_volume	theorem
MD	Poincare.D7.Kappa.Basic	Poincare.D7.Kappa.KappaComparisonData.noConfusion	def
MD	Poincare.D7.Kappa.Basic	Poincare.D7.Kappa.KappaComparisonData.toKappaCertificate._proof_1	theorem
MD	Poincare.D7.Kappa.Basic	Poincare.D7.Kappa.KappaCertificate.mono._proof_7	theorem
MD	Poincare.D7.Kappa.Basic	Poincare.D7.Kappa.KappaComparisonData.mk.injEq	theorem
MD	Poincare.D7.Kappa.Basic	Poincare.D7.Kappa.KappaCertificate.mono._proof_1	theorem
MD	Poincare.D7.Kappa.Basic	Poincare.D7.Kappa.KappaComparisonData.phi_mono	theorem
MD	Poincare.D7.Kappa.Basic	Poincare.D7.Kappa.KappaComparisonData	inductive
MD	Poincare.D7.Kappa.Basic	Poincare.D7.Kappa.BallVolumeComparison.apply	theorem
MD	Poincare.D7.Kappa.Basic	Poincare.D7.Kappa.KappaCertificate.exists_uniform_unit_ball_lower_bound	theorem
MD	Poincare.D7.Kappa.Basic	Poincare.D7.Kappa.KappaCertificate.mk.inj	theorem
MD	Poincare.D7.Kappa.Basic	Poincare.D7.Kappa.KappaCertificate.mono._proof_5	theorem
MD	Poincare.D7.Kappa.Basic	Poincare.D7.Kappa.KappaCertificate.toNormalizedBallVolumeLowerBound	theorem
MD	Poincare.D7.Kappa.Basic	Poincare.D7.Kappa.KappaCertificate	inductive
MD	Poincare.D7.Kappa.Basic	Poincare.D7.Kappa.KappaComparisonData.scale	theorem
MD	Poincare.D7.Kappa.Basic	Poincare.D7.Kappa.KappaCertificate.mk	ctor
MD	Poincare.D7.Kappa.Basic	Poincare.D7.Kappa.KappaComparisonData.tau0	def
MD	Poincare.D7.Kappa.Basic	Poincare.D7.Kappa.KappaComparisonData.ctorIdx	def
MD	Poincare.D7.Kappa.Basic	Poincare.D7.Kappa.uniformReducedVolumeLowerBound	theorem
MD	Poincare.D7.Kappa.Basic	Poincare.D7.Kappa.KappaComparisonData._sizeOf_1	def
MD	Poincare.D7.Kappa.Basic	Poincare.D7.Kappa.KappaCertificate.recOn	def
MD	Poincare.D7.Kappa.Basic	Poincare.D7.Kappa.KappaComparisonData.casesOn	def
MD	Poincare.D7.Kappa.Basic	Poincare.D7.Kappa.KappaCertificate.volume_ball_ne_zero	theorem
