MD	Poincare.D7.Kappa.Statements	Poincare.D7.Kappa.fullPerelmanNoncollapsing_iff_missingKappaNoncollapsing	theorem
MD	Poincare.D7.Kappa.Statements	Poincare.D7.Kappa.BlockerEntropyNormalisation	def
MD	Poincare.D7.Kappa.Statements	Poincare.D7.Kappa.fullPerelmanNoncollapsing	def
MD	Poincare.D7.Kappa.Statements	Poincare.D7.Kappa.perelmanNoncollapsingDependencies_length	theorem
MD	Poincare.D7.Kappa.Statements	Poincare.D7.Kappa.fullPerelmanNoncollapsing_of_entropy_and_comparison	theorem
MD	Poincare.D7.Kappa.Statements	Poincare.D7.Kappa.BlockerUniformKappa_ne_nil	theorem
MD	Poincare.D7.Kappa.Statements	Poincare.D7.Kappa.perelmanNoncollapsingDependencies.eq_1	theorem
MD	Poincare.D7.Kappa.Statements	Poincare.D7.Kappa.BlockerUniformKappa	def
MD	Poincare.D7.Kappa.Statements	Poincare.D7.Kappa.perelmanNoncollapsingDependencies_ne_nil	theorem
MD	Poincare.D7.Kappa.Statements	Poincare.D7.Kappa.perelmanNoncollapsingDependencies	def
MD	Poincare.D7.Kappa.Statements	Poincare.D7.Kappa.fullPerelmanNoncollapsing_of_comparisonData	theorem
MD	Poincare.D7.Kappa.Statements	Poincare.D7.Kappa.BlockerEntropyNormalisation_ne_nil	theorem
MD	Poincare.D7.Kappa.Statements	Poincare.D7.Kappa.BlockerBallVolumeComparison.eq_1	theorem
MD	Poincare.D7.Kappa.Statements	Poincare.D7.Kappa.BlockerAncientSolutionRigidity_ne_nil	theorem
MD	Poincare.D7.Kappa.Statements	Poincare.D7.Kappa.BlockerUniformKappa.eq_1	theorem
MD	Poincare.D7.Kappa.Statements	Poincare.D7.Kappa.BlockerEntropyNormalisation.eq_1	theorem
MD	Poincare.D7.Kappa.Statements	Poincare.D7.Kappa.perelmanNoncollapsingBlockers.eq_1	theorem
MD	Poincare.D7.Kappa.Statements	Poincare.D7.Kappa.perelmanNoncollapsingConclusion_iff	theorem
MD	Poincare.D7.Kappa.Statements	Poincare.D7.Kappa.fullPerelmanNoncollapsing_iff	theorem
MD	Poincare.D7.Kappa.Statements	Poincare.D7.Kappa.perelmanNoncollapsingBlockers	def
MD	Poincare.D7.Kappa.Statements	Poincare.D7.Kappa.perelmanNoncollapsingBlockers_ne_nil	theorem
MD	Poincare.D7.Kappa.Statements	Poincare.D7.Kappa.perelmanNoncollapsingDependencies_all_named	theorem
MD	Poincare.D7.Kappa.Statements	Poincare.D7.Kappa.PerelmanNoncollapsingConclusion	def
MD	Poincare.D7.Kappa.Statements	Poincare.D7.Kappa.BlockerAncientSolutionRigidity	def
MD	Poincare.D7.Kappa.Statements	Poincare.D7.Kappa.BlockerAncientSolutionRigidity.eq_1	theorem
MD	Poincare.D7.Kappa.Statements	Poincare.D7.Kappa.missingKappaNoncollapsingOfMuMonotonicity_of_comparisonData	theorem
MD	Poincare.D7.Kappa.Statements	Poincare.D7.Kappa.BlockerBallVolumeComparison_ne_nil	theorem
MD	Poincare.D7.Kappa.Statements	Poincare.D7.Kappa.perelmanNoncollapsingBlockers_all_named	theorem
MD	Poincare.D7.Kappa.Statements	Poincare.D7.Kappa.BlockerBallVolumeComparison	def
MD	Poincare.D7.Kappa.Statements	Poincare.D7.Kappa.perelmanNoncollapsingBlockers_length	theorem
