MD	Poincare.D7.LeviCivita.Basic	Poincare.D7.Curvature.RiemannCurvatureData.meanData_lie	theorem
MD	Poincare.D7.LeviCivita.Basic	Poincare.D7.LeviCivita.isTorsionFree_affine	theorem
MD	Poincare.D7.LeviCivita.Basic	Poincare.D7.Curvature.RiemannCurvatureData.meanData_conn	theorem
MD	Poincare.D7.LeviCivita.Basic	Poincare.D7.Curvature.RiemannCurvatureData.meanData	def
MD	Poincare.D7.LeviCivita.Basic	Poincare.D7.LeviCivita.affineConnection._proof_2	theorem
MD	Poincare.D7.LeviCivita.Basic	Poincare.D7.LeviCivita.affineConnection	def
MD	Poincare.D7.LeviCivita.Basic	Poincare.D7.LeviCivita.affineConnection._proof_1	theorem
MD	Poincare.D7.LeviCivita.Basic	Poincare.D7.LeviCivita.differenceTensor.eq_1	theorem
MD	Poincare.D7.LeviCivita.Basic	Poincare.D7.LeviCivita.isTorsionFree_affine._abel_1_1	theorem
MD	Poincare.D7.LeviCivita.Basic	Poincare.D7.LeviCivita.meanConnection_comm	theorem
MD	Poincare.D7.LeviCivita.Basic	Poincare.D7.LeviCivita.differenceTensor_self	theorem
MD	Poincare.D7.LeviCivita.Basic	Poincare.D7.LeviCivita.meanConnection_eq_right	theorem
MD	Poincare.D7.LeviCivita.Basic	Poincare.D7.LeviCivita.differenceTensor_add_left._abel_1_1	theorem
MD	Poincare.D7.LeviCivita.Basic	Poincare.D7.LeviCivita.meanConnection	def
MD	Poincare.D7.LeviCivita.Basic	Poincare.D7.LeviCivita.isTorsionFree_mean	theorem
MD	Poincare.D7.LeviCivita.Basic	Poincare.D7.LeviCivita.affineConnection_self	theorem
MD	Poincare.D7.LeviCivita.Basic	Poincare.D7.Curvature.RiemannCurvatureData.meanData.eq_1	theorem
MD	Poincare.D7.LeviCivita.Basic	Poincare.D7.LeviCivita.meanConnection.eq_1	theorem
MD	Poincare.D7.LeviCivita.Basic	Poincare.D7.LeviCivita.meanConnection._proof_1	theorem
MD	Poincare.D7.LeviCivita.Basic	Poincare.D7.LeviCivita.isMetricCompatible_affine	theorem
MD	Poincare.D7.LeviCivita.Basic	Poincare.D7.LeviCivita.meanConnection_self	theorem
MD	Poincare.D7.LeviCivita.Basic	Poincare.D7.Curvature.RiemannCurvatureData.meanData._proof_2	theorem
MD	Poincare.D7.LeviCivita.Basic	Poincare.D7.LeviCivita.isLeviCivita_mean	theorem
MD	Poincare.D7.LeviCivita.Basic	Poincare.D7.LeviCivita.affineConnection_self._simp_1_1	theorem
MD	Poincare.D7.LeviCivita.Basic	Poincare.D7.LeviCivita.affineConnection_zero	theorem
MD	Poincare.D7.LeviCivita.Basic	Poincare.D7.LeviCivita.differenceTensor_add_right	theorem
MD	Poincare.D7.LeviCivita.Basic	Poincare.D7.LeviCivita.meanConnection_eq_left	theorem
MD	Poincare.D7.LeviCivita.Basic	Poincare.D7.LeviCivita.meanConnection_eq_affine	theorem
MD	Poincare.D7.LeviCivita.Basic	Poincare.D7.Curvature.RiemannCurvatureData.differenceTensor_symm	theorem
MD	Poincare.D7.LeviCivita.Basic	Poincare.D7.LeviCivita.isLeviCivita_affine	theorem
MD	Poincare.D7.LeviCivita.Basic	Poincare.D7.Curvature.RiemannCurvatureData.differenceTensor	def
MD	Poincare.D7.LeviCivita.Basic	Poincare.D7.LeviCivita.differenceTensor_add_right._abel_1_1	theorem
MD	Poincare.D7.LeviCivita.Basic	Poincare.D7.LeviCivita.differenceTensor_add_left	theorem
MD	Poincare.D7.LeviCivita.Basic	Poincare.D7.LeviCivita.eq_sub_differenceTensor	theorem
MD	Poincare.D7.LeviCivita.Basic	Poincare.D7.LeviCivita.affineConnection_one	theorem
MD	Poincare.D7.LeviCivita.Basic	Poincare.D7.LeviCivita.differenceTensor_symm._abel_1_1	theorem
MD	Poincare.D7.LeviCivita.Basic	Poincare.D7.LeviCivita.meanConnection_apply	theorem
MD	Poincare.D7.LeviCivita.Basic	Poincare.D7.LeviCivita.affineConnection.eq_1	theorem
MD	Poincare.D7.LeviCivita.Basic	Poincare.D7.LeviCivita.affineConnection_apply	theorem
MD	Poincare.D7.LeviCivita.Basic	Poincare.D7.LeviCivita.differenceTensor_antisymm	theorem
MD	Poincare.D7.LeviCivita.Basic	Poincare.D7.Curvature.RiemannCurvatureData.meanData_self	theorem
MD	Poincare.D7.LeviCivita.Basic	Poincare.D7.LeviCivita.differenceTensor_symm	theorem
MD	Poincare.D7.LeviCivita.Basic	Poincare.D7.LeviCivita.differenceTensor_metric_antisymm	theorem
MD	Poincare.D7.LeviCivita.Basic	Poincare.D7.LeviCivita.differenceTensor_apply	theorem
MD	Poincare.D7.LeviCivita.Basic	Poincare.D7.Curvature.RiemannCurvatureData.meanData_metric	theorem
MD	Poincare.D7.LeviCivita.Basic	Poincare.D7.LeviCivita.differenceTensor_eq_zero_of_isLeviCivita	theorem
MD	Poincare.D7.LeviCivita.Basic	Poincare.D7.LeviCivita.isMetricCompatible_mean	theorem
MD	Poincare.D7.LeviCivita.Basic	Poincare.D7.Curvature.RiemannCurvatureData.meanData._proof_1	theorem
MD	Poincare.D7.LeviCivita.Basic	Poincare.D7.LeviCivita.differenceTensor	def
