MD	Poincare.D7.Limit.Example	Poincare.D7.Limit.quadTime	def
MD	Poincare.D7.Limit.Example	Poincare.D7.Limit.quadCertificate	def
MD	Poincare.D7.Limit.Example	Poincare.D7.Limit.quadMesh_x	theorem
MD	Poincare.D7.Limit.Example	Poincare.D7.Limit.quadMesh	def
MD	Poincare.D7.Limit.Example	Poincare.D7.Limit.quadTime._proof_2	theorem
MD	Poincare.D7.Limit.Example	Poincare.D7.Limit.quadMesh.congr_simp	theorem
MD	Poincare.D7.Limit.Example	Poincare.D7.Limit.quadSolution.eq_1	theorem
MD	Poincare.D7.Limit.Example	Poincare.D7.Limit.quad_error_zero	theorem
MD	Poincare.D7.Limit.Example	Poincare.D7.Limit.quadSlab.congr_simp	theorem
MD	Poincare.D7.Limit.Example	Poincare.D7.Limit.quadCertificate._proof_5	theorem
MD	Poincare.D7.Limit.Example	Poincare.D7.Limit.quadCertificate._proof_1	theorem
MD	Poincare.D7.Limit.Example	_private.Poincare.D7.Limit.Example.0.Poincare.D7.Limit.cfl_essential.match_1_1.eq_2	theorem
MD	Poincare.D7.Limit.Example	Poincare.D7.Limit.quadSlab_v	theorem
MD	Poincare.D7.Limit.Example	Poincare.D7.Limit.cfl_essential.match_1_1	def
MD	Poincare.D7.Limit.Example	_private.Poincare.D7.Limit.Example.0.Poincare.D7.Limit.cfl_essential.match_1_1.eq_1	theorem
MD	Poincare.D7.Limit.Example	Poincare.D7.Limit.quad_truncation_abs_pos	theorem
MD	Poincare.D7.Limit.Example	Poincare.D7.Limit.quad_truncation_eq_of_alpha_zero	theorem
MD	Poincare.D7.Limit.Example	Poincare.D7.Limit.quad_step._proof_1_1	theorem
MD	Poincare.D7.Limit.Example	Poincare.D7.Limit.quadTime._proof_1	theorem
MD	Poincare.D7.Limit.Example	Poincare.D7.Limit.quadCertificate._proof_6	theorem
MD	Poincare.D7.Limit.Example	Poincare.D7.Limit.quadSlab	def
MD	Poincare.D7.Limit.Example	Poincare.D7.Limit.quadCertificate._proof_7	theorem
MD	Poincare.D7.Limit.Example	Poincare.D7.Limit.quadTime_time	theorem
MD	Poincare.D7.Limit.Example	_private.Poincare.D7.Limit.Example.0.Poincare.D7.Limit.cfl_essential.match_1_1.splitter	def
MD	Poincare.D7.Limit.Example	Poincare.D7.Limit.quadSolution	def
MD	Poincare.D7.Limit.Example	Poincare.D7.Limit.quad_step	theorem
MD	Poincare.D7.Limit.Example	Poincare.D7.Limit.cfl_essential	theorem
MD	Poincare.D7.Limit.Example	Poincare.D7.Limit.quadCertificate._proof_3	theorem
MD	Poincare.D7.Limit.Example	Poincare.D7.Limit.quadCertificate._proof_4	theorem
MD	Poincare.D7.Limit.Example	Poincare.D7.Limit.quadMesh._proof_1	theorem
MD	Poincare.D7.Limit.Example	Poincare.D7.Limit.quadCertificate._proof_2	theorem
MD	Poincare.D7.Limit.Example	Poincare.D7.Limit.quadSolution._proof_1	theorem
MD	Poincare.D7.Limit.Example	Poincare.D7.Limit.quadSolution_continuousHeatHypotheses	theorem
