MD	Poincare.D7.ShortTime.Basic	Poincare.D7.ShortTime.DeTurckCertificate.ctorIdx	def
MD	Poincare.D7.ShortTime.Basic	Poincare.D7.ShortTime.RicciFlowData.ricci	def
MD	Poincare.D7.ShortTime.Basic	Poincare.D7.ShortTime.RicciFlowData.ricciVectorField._proof_1	theorem
MD	Poincare.D7.ShortTime.Basic	Poincare.D7.ShortTime.DeTurckCertificate.mul_inv	theorem
MD	Poincare.D7.ShortTime.Basic	Poincare.D7.ShortTime.RicciFlowData.mk.inj	theorem
MD	Poincare.D7.ShortTime.Basic	Poincare.D7.ShortTime.RicciFlowData.mk.sizeOf_spec	theorem
MD	Poincare.D7.ShortTime.Basic	Poincare.D7.ShortTime.DeTurckCertificate.rec	recursor
MD	Poincare.D7.ShortTime.Basic	Poincare.D7.ShortTime.DeTurckCertificate._sizeOf_1	def
MD	Poincare.D7.ShortTime.Basic	Poincare.D7.ShortTime.DeTurckCertificate.gauge_zero	theorem
MD	Poincare.D7.ShortTime.Basic	Poincare.D7.ShortTime.RicciFlowData.ricci_symm	theorem
MD	Poincare.D7.ShortTime.Basic	Poincare.D7.ShortTime.DeTurckCertificate.deturck_flow_eq	theorem
MD	Poincare.D7.ShortTime.Basic	Poincare.D7.ShortTime.RicciFlowData.metric_symm	theorem
MD	Poincare.D7.ShortTime.Basic	Poincare.D7.ShortTime.RicciFlowData.ricciVectorField.eq_1	theorem
MD	Poincare.D7.ShortTime.Basic	Poincare.D7.ShortTime.RicciFlowData._sizeOf_inst	def
MD	Poincare.D7.ShortTime.Basic	Poincare.D7.ShortTime.DeTurckCertificate.deturck_flow	theorem
MD	Poincare.D7.ShortTime.Basic	Poincare.D7.ShortTime.RicciFlowData.ricci_congruence	theorem
MD	Poincare.D7.ShortTime.Basic	Poincare.D7.ShortTime.DeTurckCertificate.inv_mul	theorem
MD	Poincare.D7.ShortTime.Basic	Poincare.D7.ShortTime.DeTurckCertificate.pullback.eq_1	theorem
MD	Poincare.D7.ShortTime.Basic	Poincare.D7.ShortTime.RicciFlowData.mk.noConfusion	def
MD	Poincare.D7.ShortTime.Basic	Poincare.D7.ShortTime.DeTurckCertificate.mk.inj	theorem
MD	Poincare.D7.ShortTime.Basic	Poincare.D7.ShortTime.DeTurckCertificate.noConfusionType	def
MD	Poincare.D7.ShortTime.Basic	Poincare.D7.ShortTime.DeTurckCertificate.recOn	def
MD	Poincare.D7.ShortTime.Basic	Poincare.D7.ShortTime.DeTurckCertificate.deturck_symm	theorem
MD	Poincare.D7.ShortTime.Basic	Poincare.D7.ShortTime.DeTurckCertificate.noConfusion	def
MD	Poincare.D7.ShortTime.Basic	Poincare.D7.ShortTime.DeTurckCertificate.pullback	def
MD	Poincare.D7.ShortTime.Basic	Poincare.D7.ShortTime.DeTurckCertificate	inductive
MD	Poincare.D7.ShortTime.Basic	Poincare.D7.ShortTime.DeTurckCertificate.mk.sizeOf_spec	theorem
MD	Poincare.D7.ShortTime.Basic	Poincare.D7.ShortTime.DeTurckCertificate.pullback_zero	theorem
MD	Poincare.D7.ShortTime.Basic	Poincare.D7.ShortTime.DeTurckCertificate.casesOn	def
MD	Poincare.D7.ShortTime.Basic	Poincare.D7.ShortTime.RicciFlowData.ricci_flow	theorem
MD	Poincare.D7.ShortTime.Basic	Poincare.D7.ShortTime.DeTurckCertificate.pullback_apply	theorem
MD	Poincare.D7.ShortTime.Basic	Poincare.D7.ShortTime.RicciFlowData.casesOn	def
MD	Poincare.D7.ShortTime.Basic	Poincare.D7.ShortTime.DeTurckCertificate.deturckMetric	def
MD	Poincare.D7.ShortTime.Basic	Poincare.D7.ShortTime.DeTurckCertificate.gauge_ode	theorem
MD	Poincare.D7.ShortTime.Basic	Poincare.D7.ShortTime.DeTurckCertificate.gauge	def
MD	Poincare.D7.ShortTime.Basic	Poincare.D7.ShortTime.RicciFlowData.ricciVectorField_apply	theorem
MD	Poincare.D7.ShortTime.Basic	Poincare.D7.ShortTime.RicciFlowData.ricci_flow_eq_vectorField	theorem
MD	Poincare.D7.ShortTime.Basic	Poincare.D7.ShortTime.deTurckRHS	def
MD	Poincare.D7.ShortTime.Basic	Poincare.D7.ShortTime.DeTurckCertificate.pullback_symm	theorem
MD	Poincare.D7.ShortTime.Basic	Poincare.D7.ShortTime.DeTurckCertificate._sizeOf_inst	def
MD	Poincare.D7.ShortTime.Basic	Poincare.D7.ShortTime.RicciFlowData	inductive
MD	Poincare.D7.ShortTime.Basic	Poincare.D7.ShortTime.RicciFlowData.ctorIdx	def
MD	Poincare.D7.ShortTime.Basic	Poincare.D7.ShortTime.RicciFlowData.mk._flat_ctor	def
MD	Poincare.D7.ShortTime.Basic	Poincare.D7.ShortTime.RicciFlowData.recOn	def
MD	Poincare.D7.ShortTime.Basic	Poincare.D7.ShortTime.DeTurckCertificate.mk._flat_ctor	def
MD	Poincare.D7.ShortTime.Basic	Poincare.D7.ShortTime.deTurckRHS_def	theorem
MD	Poincare.D7.ShortTime.Basic	Poincare.D7.ShortTime.RicciFlowData.ricciVectorField	def
MD	Poincare.D7.ShortTime.Basic	Poincare.D7.ShortTime.DeTurckCertificate.deturck_zero	theorem
MD	Poincare.D7.ShortTime.Basic	Poincare.D7.ShortTime.RicciFlowData.metric	def
MD	Poincare.D7.ShortTime.Basic	Poincare.D7.ShortTime.RicciFlowData.noConfusion	def
MD	Poincare.D7.ShortTime.Basic	Poincare.D7.ShortTime.RicciFlowData.mk.injEq	theorem
MD	Poincare.D7.ShortTime.Basic	Poincare.D7.ShortTime.RicciFlowData.noConfusionType	def
MD	Poincare.D7.ShortTime.Basic	Poincare.D7.ShortTime.RicciFlowData.mk	ctor
MD	Poincare.D7.ShortTime.Basic	Poincare.D7.ShortTime.RicciFlowData._sizeOf_1	def
MD	Poincare.D7.ShortTime.Basic	Poincare.D7.ShortTime.DeTurckCertificate.mk.noConfusion	def
MD	Poincare.D7.ShortTime.Basic	Poincare.D7.ShortTime.DeTurckCertificate.gaugeInv_ode	theorem
MD	Poincare.D7.ShortTime.Basic	Poincare.D7.ShortTime.DeTurckCertificate.gaugeInv	def
MD	Poincare.D7.ShortTime.Basic	Poincare.D7.ShortTime.DeTurckCertificate.gaugeInv_zero	theorem
MD	Poincare.D7.ShortTime.Basic	Poincare.D7.ShortTime.RicciFlowData.rec	recursor
MD	Poincare.D7.ShortTime.Basic	Poincare.D7.ShortTime.DeTurckCertificate.mk.injEq	theorem
MD	Poincare.D7.ShortTime.Basic	Poincare.D7.ShortTime.DeTurckCertificate.gaugeField	def
MD	Poincare.D7.ShortTime.Basic	Poincare.D7.ShortTime.DeTurckCertificate.ricci_congruence_gauge	theorem
MD	Poincare.D7.ShortTime.Basic	Poincare.D7.ShortTime.DeTurckCertificate.gaugeInvDeriv	def
MD	Poincare.D7.ShortTime.Basic	Poincare.D7.ShortTime.deTurckRHS.eq_1	theorem
MD	Poincare.D7.ShortTime.Basic	Poincare.D7.ShortTime.DeTurckCertificate.isUnit_det_gauge	theorem
MD	Poincare.D7.ShortTime.Basic	Poincare.D7.ShortTime.DeTurckCertificate.mk	ctor
MD	Poincare.D7.ShortTime.Basic	Poincare.D7.ShortTime.deTurckRHS_eq_ricciVectorField_sub	theorem
