MD	Poincare.D7.ShortTime.ODE	Poincare.D7.ShortTime.RicciLipschitzInterface.mk.noConfusion	def
MD	Poincare.D7.ShortTime.ODE	Poincare.D7.ShortTime.LipschitzVectorField.K	def
MD	Poincare.D7.ShortTime.ODE	Poincare.D7.ShortTime.RicciLipschitzInterface.solution_unique	theorem
MD	Poincare.D7.ShortTime.ODE	Poincare.D7.ShortTime.RicciLipschitzInterface._sizeOf_inst	def
MD	Poincare.D7.ShortTime.ODE	Poincare.D7.ShortTime.LipschitzVectorField.solution_unique	theorem
MD	Poincare.D7.ShortTime.ODE	Poincare.D7.ShortTime.RicciLipschitzInterface.mk	ctor
MD	Poincare.D7.ShortTime.ODE	Poincare.D7.ShortTime.LipschitzVectorField.casesOn	def
MD	Poincare.D7.ShortTime.ODE	Poincare.D7.ShortTime.LipschitzVectorField.ctorIdx	def
MD	Poincare.D7.ShortTime.ODE	Poincare.D7.ShortTime.LipschitzVectorField.lipschitzOnWith	theorem
MD	Poincare.D7.ShortTime.ODE	Poincare.D7.ShortTime.RicciLipschitzInterface	inductive
MD	Poincare.D7.ShortTime.ODE	Poincare.D7.ShortTime.RicciLipschitzInterface.mk.sizeOf_spec	theorem
MD	Poincare.D7.ShortTime.ODE	Poincare.D7.ShortTime.RicciLipschitzInterface.mk.injEq	theorem
MD	Poincare.D7.ShortTime.ODE	Poincare.D7.ShortTime.LipschitzVectorField._sizeOf_1	def
MD	Poincare.D7.ShortTime.ODE	Poincare.D7.ShortTime.RicciLipschitzInterface.lipschitz	theorem
MD	Poincare.D7.ShortTime.ODE	Poincare.D7.ShortTime.LipschitzVectorField.recOn	def
MD	Poincare.D7.ShortTime.ODE	Poincare.D7.ShortTime.RicciLipschitzInterface.toLipschitzVectorField	def
MD	Poincare.D7.ShortTime.ODE	Poincare.D7.ShortTime.LipschitzVectorField.noConfusionType	def
MD	Poincare.D7.ShortTime.ODE	Poincare.D7.ShortTime.LipschitzVectorField.mk	ctor
MD	Poincare.D7.ShortTime.ODE	Poincare.D7.ShortTime.LipschitzVectorField.mk.injEq	theorem
MD	Poincare.D7.ShortTime.ODE	Poincare.D7.ShortTime.RicciLipschitzInterface.solution_eq	theorem
MD	Poincare.D7.ShortTime.ODE	Poincare.D7.ShortTime.RicciLipschitzInterface.recOn	def
MD	Poincare.D7.ShortTime.ODE	Poincare.D7.ShortTime.RicciLipschitzInterface.noConfusion	def
MD	Poincare.D7.ShortTime.ODE	Poincare.D7.ShortTime.LipschitzVectorField.rec	recursor
MD	Poincare.D7.ShortTime.ODE	Poincare.D7.ShortTime.LipschitzVectorField._sizeOf_inst	def
MD	Poincare.D7.ShortTime.ODE	Poincare.D7.ShortTime.LipschitzVectorField.mk.noConfusion	def
MD	Poincare.D7.ShortTime.ODE	Poincare.D7.ShortTime.RicciLipschitzInterface._sizeOf_1	def
MD	Poincare.D7.ShortTime.ODE	Poincare.D7.ShortTime.LipschitzVectorField	inductive
MD	Poincare.D7.ShortTime.ODE	Poincare.D7.ShortTime.LipschitzVectorField.solution_eq	theorem
MD	Poincare.D7.ShortTime.ODE	Poincare.D7.ShortTime.RicciLipschitzInterface.rec	recursor
MD	Poincare.D7.ShortTime.ODE	Poincare.D7.ShortTime.LipschitzVectorField.mk._flat_ctor	def
MD	Poincare.D7.ShortTime.ODE	Poincare.D7.ShortTime.RicciLipschitzInterface.mk.inj	theorem
MD	Poincare.D7.ShortTime.ODE	Poincare.D7.ShortTime.RicciLipschitzInterface.casesOn	def
MD	Poincare.D7.ShortTime.ODE	Poincare.D7.ShortTime.LipschitzVectorField.noConfusion	def
MD	Poincare.D7.ShortTime.ODE	Poincare.D7.ShortTime.LipschitzVectorField.mk.inj	theorem
MD	Poincare.D7.ShortTime.ODE	Poincare.D7.ShortTime.RicciLipschitzInterface.mk._flat_ctor	def
MD	Poincare.D7.ShortTime.ODE	Poincare.D7.ShortTime.LipschitzVectorField.lipschitz	theorem
MD	Poincare.D7.ShortTime.ODE	Poincare.D7.ShortTime.LipschitzVectorField.mk.sizeOf_spec	theorem
MD	Poincare.D7.ShortTime.ODE	Poincare.D7.ShortTime.RicciLipschitzInterface.ctorIdx	def
MD	Poincare.D7.ShortTime.ODE	Poincare.D7.ShortTime.RicciLipschitzInterface.noConfusionType	def
MD	Poincare.D7.ShortTime.ODE	Poincare.D7.ShortTime.RicciLipschitzInterface.K	def
MD	Poincare.D7.ShortTime.ODE	Poincare.D7.ShortTime.LipschitzVectorField.toFun	def
