MD	Poincare.D7.SurgeryFlow.Statements	Poincare.D7.SurgeryFlow.NeckAnalysisHypotheses.ctorIdx	def
MD	Poincare.D7.SurgeryFlow.Statements	Poincare.D7.SurgeryFlow.BlockerNeckSeparating.eq_1	theorem
MD	Poincare.D7.SurgeryFlow.Statements	Poincare.D7.SurgeryFlow.ExtinctionData	inductive
MD	Poincare.D7.SurgeryFlow.Statements	Poincare.D7.SurgeryFlow.BlockerTerminalSphere.eq_1	theorem
MD	Poincare.D7.SurgeryFlow.Statements	Poincare.D7.SurgeryFlow.ExtinctionData.recOn	def
MD	Poincare.D7.SurgeryFlow.Statements	Poincare.D7.SurgeryFlow.ExtinctionData.ctorIdx	def
MD	Poincare.D7.SurgeryFlow.Statements	Poincare.D7.SurgeryFlow.NeckAnalysisHypotheses.mk.inj	theorem
MD	Poincare.D7.SurgeryFlow.Statements	Poincare.D7.SurgeryFlow.NeckAnalysisHypotheses.admissibleCutAndCap	def
MD	Poincare.D7.SurgeryFlow.Statements	Poincare.D7.SurgeryFlow.NeckAnalysisHypotheses.certifiedNeckSeparating_of_highCurvature	theorem
MD	Poincare.D7.SurgeryFlow.Statements	Poincare.D7.SurgeryFlow.NeckAnalysisHypotheses.realizesDatum_of_admissible	theorem
MD	Poincare.D7.SurgeryFlow.Statements	Poincare.D7.SurgeryFlow.surgeryFlowBlockers	def
MD	Poincare.D7.SurgeryFlow.Statements	Poincare.D7.SurgeryFlow.surgeryFlowDependencies_length	theorem
MD	Poincare.D7.SurgeryFlow.Statements	Poincare.D7.SurgeryFlow.surgeryFlowBlockers_length	theorem
MD	Poincare.D7.SurgeryFlow.Statements	Poincare.D7.SurgeryFlow.toy_extinction_skeleton	theorem
MD	Poincare.D7.SurgeryFlow.Statements	Poincare.D7.SurgeryFlow.NeckAnalysisHypotheses.mk	ctor
MD	Poincare.D7.SurgeryFlow.Statements	Poincare.D7.SurgeryFlow.ExtinctionData.surgeryAt	def
MD	Poincare.D7.SurgeryFlow.Statements	Poincare.D7.SurgeryFlow.missingFullNeckAnalysis_iff	theorem
MD	Poincare.D7.SurgeryFlow.Statements	Poincare.D7.SurgeryFlow.NeckAnalysisHypotheses	inductive
MD	Poincare.D7.SurgeryFlow.Statements	Poincare.D7.SurgeryFlow.ExtinctionData.complexity_decreases	theorem
MD	Poincare.D7.SurgeryFlow.Statements	Poincare.D7.SurgeryFlow.ExtinctionData.surgeryAt_mono	theorem
MD	Poincare.D7.SurgeryFlow.Statements	Poincare.D7.SurgeryFlow.finitelyMany_of_missingAPrioriEstimates	theorem
MD	Poincare.D7.SurgeryFlow.Statements	Poincare.D7.SurgeryFlow.BlockerAPriori	def
MD	Poincare.D7.SurgeryFlow.Statements	Poincare.D7.SurgeryFlow.ExtinctionData.extinct	def
MD	Poincare.D7.SurgeryFlow.Statements	Poincare.D7.SurgeryFlow.NeckAnalysisHypotheses.admissibleCutAndCap_of_highCurvature	theorem
MD	Poincare.D7.SurgeryFlow.Statements	Poincare.D7.SurgeryFlow.NeckAnalysisHypotheses.mk.injEq	theorem
MD	Poincare.D7.SurgeryFlow.Statements	Poincare.D7.SurgeryFlow.surgeryFlowDependencies_ne_nil	theorem
MD	Poincare.D7.SurgeryFlow.Statements	Poincare.D7.SurgeryFlow.NeckAnalysisHypotheses.target_of_highCurvature	theorem
MD	Poincare.D7.SurgeryFlow.Statements	Poincare.D7.SurgeryFlow.missingExtinctionTheorem	def
MD	Poincare.D7.SurgeryFlow.Statements	Poincare.D7.SurgeryFlow.missingExtinctionTheorem_iff	theorem
MD	Poincare.D7.SurgeryFlow.Statements	Poincare.D7.SurgeryFlow.NeckAnalysisHypotheses.certifiedNeckSeparating	def
MD	Poincare.D7.SurgeryFlow.Statements	Poincare.D7.SurgeryFlow.missingSurgeryFlowTheorem_iff	theorem
MD	Poincare.D7.SurgeryFlow.Statements	Poincare.D7.SurgeryFlow.ExtinctionData.terminalSphere_of_extinct	theorem
MD	Poincare.D7.SurgeryFlow.Statements	Poincare.D7.SurgeryFlow.NeckAnalysisHypotheses.realizesDatum_of_highCurvature	theorem
MD	Poincare.D7.SurgeryFlow.Statements	Poincare.D7.SurgeryFlow.BlockerCutAndCap.eq_1	theorem
MD	Poincare.D7.SurgeryFlow.Statements	Poincare.D7.SurgeryFlow.ExtinctionData.mk.sizeOf_spec	theorem
MD	Poincare.D7.SurgeryFlow.Statements	Poincare.D7.SurgeryFlow.NeckAnalysisHypotheses.noConfusionType	def
MD	Poincare.D7.SurgeryFlow.Statements	Poincare.D7.SurgeryFlow.NeckAnalysisHypotheses.scaleCompatible	def
MD	Poincare.D7.SurgeryFlow.Statements	Poincare.D7.SurgeryFlow.ExtinctionData.noConfusionType	def
MD	Poincare.D7.SurgeryFlow.Statements	Poincare.D7.SurgeryFlow.surgeryFlowDependencies	def
MD	Poincare.D7.SurgeryFlow.Statements	Poincare.D7.SurgeryFlow.NeckAnalysisHypotheses.separating_of_highCurvature	theorem
MD	Poincare.D7.SurgeryFlow.Statements	Poincare.D7.SurgeryFlow.missingSurgeryFlowTheorem	def
MD	Poincare.D7.SurgeryFlow.Statements	Poincare.D7.SurgeryFlow.BlockerCutAndCap	def
MD	Poincare.D7.SurgeryFlow.Statements	Poincare.D7.SurgeryFlow.surgeryFlowBlockers_ne_nil	theorem
MD	Poincare.D7.SurgeryFlow.Statements	Poincare.D7.SurgeryFlow.NeckAnalysisHypotheses._sizeOf_inst	def
MD	Poincare.D7.SurgeryFlow.Statements	Poincare.D7.SurgeryFlow.NeckAnalysisHypotheses.noConfusion	def
MD	Poincare.D7.SurgeryFlow.Statements	Poincare.D7.SurgeryFlow.ExtinctionData.terminalSphere_of_skeleton	theorem
MD	Poincare.D7.SurgeryFlow.Statements	Poincare.D7.SurgeryFlow.NeckAnalysisHypotheses.d3	def
MD	Poincare.D7.SurgeryFlow.Statements	Poincare.D7.SurgeryFlow.NeckAnalysisHypotheses.mk.sizeOf_spec	theorem
MD	Poincare.D7.SurgeryFlow.Statements	Poincare.D7.SurgeryFlow.ExtinctionData.extinct_of_finitelyMany	theorem
MD	Poincare.D7.SurgeryFlow.Statements	Poincare.D7.SurgeryFlow.extinct_of_missingExtinctionTheorem	theorem
MD	Poincare.D7.SurgeryFlow.Statements	Poincare.D7.SurgeryFlow.surgeryFlowBlockers.eq_1	theorem
MD	Poincare.D7.SurgeryFlow.Statements	Poincare.D7.SurgeryFlow.surgeryFlowDependencies.eq_1	theorem
MD	Poincare.D7.SurgeryFlow.Statements	Poincare.D7.SurgeryFlow.ExtinctionData.mk	ctor
MD	Poincare.D7.SurgeryFlow.Statements	Poincare.D7.SurgeryFlow.NeckAnalysisHypotheses._sizeOf_1	def
MD	Poincare.D7.SurgeryFlow.Statements	Poincare.D7.SurgeryFlow.ExtinctionData.noConfusion	def
MD	Poincare.D7.SurgeryFlow.Statements	Poincare.D7.SurgeryFlow.BlockerExtinction	def
MD	Poincare.D7.SurgeryFlow.Statements	Poincare.D7.SurgeryFlow.BlockerTerminalSphere	def
MD	Poincare.D7.SurgeryFlow.Statements	Poincare.D7.SurgeryFlow.terminalSphere_of_missingExtinctionTheorem	theorem
MD	Poincare.D7.SurgeryFlow.Statements	Poincare.D7.SurgeryFlow.ExtinctionData.mk.noConfusion	def
MD	Poincare.D7.SurgeryFlow.Statements	Poincare.D7.SurgeryFlow.ExtinctionData.casesOn	def
MD	Poincare.D7.SurgeryFlow.Statements	Poincare.D7.SurgeryFlow.ExtinctionData.finitelyMany_surgeries	theorem
MD	Poincare.D7.SurgeryFlow.Statements	Poincare.D7.SurgeryFlow.ExtinctionData.extinct_of_skeleton	theorem
MD	Poincare.D7.SurgeryFlow.Statements	Poincare.D7.SurgeryFlow.BlockerScaleCompatible.eq_1	theorem
MD	Poincare.D7.SurgeryFlow.Statements	Poincare.D7.SurgeryFlow.NeckAnalysisHypotheses.mk._flat_ctor	def
MD	Poincare.D7.SurgeryFlow.Statements	Poincare.D7.SurgeryFlow.ExtinctionData.mk.inj	theorem
MD	Poincare.D7.SurgeryFlow.Statements	Poincare.D7.SurgeryFlow.ExtinctionData.finitelyMany_surgeries._proof_1_1	theorem
MD	Poincare.D7.SurgeryFlow.Statements	Poincare.D7.SurgeryFlow.BlockerScaleCompatible	def
MD	Poincare.D7.SurgeryFlow.Statements	Poincare.D7.SurgeryFlow.missingAPrioriCurvatureEstimates_iff	theorem
MD	Poincare.D7.SurgeryFlow.Statements	Poincare.D7.SurgeryFlow.ExtinctionData.rec	recursor
MD	Poincare.D7.SurgeryFlow.Statements	Poincare.D7.SurgeryFlow.ExtinctionData.mk.injEq	theorem
MD	Poincare.D7.SurgeryFlow.Statements	Poincare.D7.SurgeryFlow.NeckAnalysisHypotheses.target_of_realizes	theorem
MD	Poincare.D7.SurgeryFlow.Statements	Poincare.D7.SurgeryFlow.surgeryFlowBlockers_all_named	theorem
MD	Poincare.D7.SurgeryFlow.Statements	Poincare.D7.SurgeryFlow.exists_separating_of_missingFullNeckAnalysis	theorem
MD	Poincare.D7.SurgeryFlow.Statements	Poincare.D7.SurgeryFlow.BlockerExtinction.eq_1	theorem
MD	Poincare.D7.SurgeryFlow.Statements	Poincare.D7.SurgeryFlow.NeckAnalysisHypotheses.mk.noConfusion	def
MD	Poincare.D7.SurgeryFlow.Statements	Poincare.D7.SurgeryFlow.missingFullNeckAnalysis	def
MD	Poincare.D7.SurgeryFlow.Statements	Poincare.D7.SurgeryFlow.NeckAnalysisHypotheses.casesOn	def
MD	Poincare.D7.SurgeryFlow.Statements	Poincare.D7.SurgeryFlow.NeckAnalysisHypotheses.recOn	def
MD	Poincare.D7.SurgeryFlow.Statements	Poincare.D7.SurgeryFlow.ExtinctionData._sizeOf_inst	def
MD	Poincare.D7.SurgeryFlow.Statements	Poincare.D7.SurgeryFlow.NeckAnalysisHypotheses.admissible_of_separating	theorem
MD	Poincare.D7.SurgeryFlow.Statements	Poincare.D7.SurgeryFlow.BlockerAPriori.eq_1	theorem
MD	Poincare.D7.SurgeryFlow.Statements	Poincare.D7.SurgeryFlow.surgeryFlow_consequences_of_missing	theorem
MD	Poincare.D7.SurgeryFlow.Statements	Poincare.D7.SurgeryFlow.ExtinctionData.complexity	def
MD	Poincare.D7.SurgeryFlow.Statements	Poincare.D7.SurgeryFlow.ExtinctionData._sizeOf_1	def
MD	Poincare.D7.SurgeryFlow.Statements	Poincare.D7.SurgeryFlow.ExtinctionData.mk._flat_ctor	def
MD	Poincare.D7.SurgeryFlow.Statements	Poincare.D7.SurgeryFlow.BlockerNeckSeparating	def
MD	Poincare.D7.SurgeryFlow.Statements	Poincare.D7.SurgeryFlow.surgeryFlow_consequences	theorem
MD	Poincare.D7.SurgeryFlow.Statements	Poincare.D7.SurgeryFlow.surgeryFlowDependencies_all_named	theorem
MD	Poincare.D7.SurgeryFlow.Statements	Poincare.D7.SurgeryFlow.NeckAnalysisHypotheses.rec	recursor
MD	Poincare.D7.SurgeryFlow.Statements	Poincare.D7.SurgeryFlow.missingAPrioriCurvatureEstimates	def
MD	Poincare.D7.SurgeryFlow.Statements	Poincare.D7.SurgeryFlow.ExtinctionData.terminalSphere	def
MD	Poincare.D7.SurgeryFlow.Statements	Poincare.D7.SurgeryFlow.NeckAnalysisHypotheses.certificate	theorem
MD	Poincare.D7.SurgeryFlow.Statements	Poincare.D7.SurgeryFlow.discrete_times_of_missingAPrioriEstimates	theorem
