MD	Poincare.D7.TensorLaplacian.Basic	Poincare.D7.TensorLaplacian.TensorConnectionData.curvature_smul₂	theorem
MD	Poincare.D7.TensorLaplacian.Basic	Poincare.D7.TensorLaplacian.TensorConnectionData.nabla_sub₁	theorem
MD	Poincare.D7.TensorLaplacian.Basic	Poincare.D7.TensorLaplacian.TensorConnectionData.mk.noConfusion	def
MD	Poincare.D7.TensorLaplacian.Basic	Poincare.D7.TensorLaplacian.TensorConnectionData.nabla_smul	theorem
MD	Poincare.D7.TensorLaplacian.Basic	Poincare.D7.TensorLaplacian.TensorConnectionData.curvature_sub₃	theorem
MD	Poincare.D7.TensorLaplacian.Basic	Poincare.D7.TensorLaplacian.TensorConnectionData.recOn	def
MD	Poincare.D7.TensorLaplacian.Basic	Poincare.D7.TensorLaplacian.TensorConnectionData.second_covariant_derivative_commutation._abel_1_1	theorem
MD	Poincare.D7.TensorLaplacian.Basic	Poincare.D7.TensorLaplacian.TensorConnectionData.curvature	def
MD	Poincare.D7.TensorLaplacian.Basic	Poincare.D7.TensorLaplacian.TensorConnectionData.roughLaplacianₗ.eq_1	theorem
MD	Poincare.D7.TensorLaplacian.Basic	Poincare.D7.TensorLaplacian.TensorConnectionData.curvature_zero₁	theorem
MD	Poincare.D7.TensorLaplacian.Basic	Poincare.D7.TensorLaplacian.TensorConnectionData.curvature_add₂	theorem
MD	Poincare.D7.TensorLaplacian.Basic	Poincare.D7.TensorLaplacian.TensorConnectionData.curvature_zero₃	theorem
MD	Poincare.D7.TensorLaplacian.Basic	Poincare.D7.TensorLaplacian.TensorConnectionData.noConfusion	def
MD	Poincare.D7.TensorLaplacian.Basic	Poincare.D7.TensorLaplacian.TensorConnectionData.curvature_neg₃	theorem
MD	Poincare.D7.TensorLaplacian.Basic	Poincare.D7.TensorLaplacian.TensorConnectionData.curvature_skew	theorem
MD	Poincare.D7.TensorLaplacian.Basic	Poincare.D7.TensorLaplacian.TensorConnectionData.second_covariant_derivative_commutation	theorem
MD	Poincare.D7.TensorLaplacian.Basic	Poincare.D7.TensorLaplacian.TensorConnectionData.curvature_self	theorem
MD	Poincare.D7.TensorLaplacian.Basic	Poincare.D7.TensorLaplacian.TensorConnectionData.nabla_neg₁	theorem
MD	Poincare.D7.TensorLaplacian.Basic	Poincare.D7.TensorLaplacian.TensorConnectionData.ctorIdx	def
MD	Poincare.D7.TensorLaplacian.Basic	Poincare.D7.TensorLaplacian.TensorConnectionData.mk._flat_ctor	def
MD	Poincare.D7.TensorLaplacian.Basic	Poincare.D7.TensorLaplacian.TensorConnectionData.roughLaplacian_sub	theorem
MD	Poincare.D7.TensorLaplacian.Basic	Poincare.D7.TensorLaplacian.TensorConnectionData._sizeOf_1	def
MD	Poincare.D7.TensorLaplacian.Basic	Poincare.D7.TensorLaplacian.TensorConnectionData.curvature_smul₁	theorem
MD	Poincare.D7.TensorLaplacian.Basic	Poincare.D7.TensorLaplacian.TensorConnectionData.nabla_zero	theorem
MD	Poincare.D7.TensorLaplacian.Basic	Poincare.D7.TensorLaplacian.TensorConnectionData.curvature_smul₃	theorem
MD	Poincare.D7.TensorLaplacian.Basic	Poincare.D7.TensorLaplacian.TensorConnectionData.nabla_neg	theorem
MD	Poincare.D7.TensorLaplacian.Basic	Poincare.D7.TensorLaplacian.TensorConnectionData.noConfusionType	def
MD	Poincare.D7.TensorLaplacian.Basic	Poincare.D7.TensorLaplacian.TensorConnectionData.mk.inj	theorem
MD	Poincare.D7.TensorLaplacian.Basic	Poincare.D7.TensorLaplacian.TensorConnectionData.roughLaplacian_neg	theorem
MD	Poincare.D7.TensorLaplacian.Basic	Poincare.D7.TensorLaplacian.TensorConnectionData.mk	ctor
MD	Poincare.D7.TensorLaplacian.Basic	Poincare.D7.TensorLaplacian.TensorConnectionData.nabla_sub	theorem
MD	Poincare.D7.TensorLaplacian.Basic	Poincare.D7.TensorLaplacian.TensorConnectionData._sizeOf_inst	def
MD	Poincare.D7.TensorLaplacian.Basic	Poincare.D7.TensorLaplacian.TensorConnectionData.curvature_add₁	theorem
MD	Poincare.D7.TensorLaplacian.Basic	Poincare.D7.TensorLaplacian.TensorConnectionData.nabla_zero₁	theorem
MD	Poincare.D7.TensorLaplacian.Basic	Poincare.D7.TensorLaplacian.TensorConnectionData.roughLaplacianₗ._proof_1	theorem
MD	Poincare.D7.TensorLaplacian.Basic	Poincare.D7.TensorLaplacian.TensorConnectionData.curvature_certificate_apply	theorem
MD	Poincare.D7.TensorLaplacian.Basic	Poincare.D7.TensorLaplacian.TensorConnectionData.roughLaplacian_apply	theorem
MD	Poincare.D7.TensorLaplacian.Basic	Poincare.D7.TensorLaplacian.TensorConnectionData.curvature_certificate	theorem
MD	Poincare.D7.TensorLaplacian.Basic	Poincare.D7.TensorLaplacian.TensorConnectionData.roughLaplacian_eq_zero_of_nabla_nabla_eq_zero	theorem
MD	Poincare.D7.TensorLaplacian.Basic	Poincare.D7.TensorLaplacian.TensorConnectionData.nabla_add₁	theorem
MD	Poincare.D7.TensorLaplacian.Basic	Poincare.D7.TensorLaplacian.TensorConnectionData.nabla_smul₁	theorem
MD	Poincare.D7.TensorLaplacian.Basic	Poincare.D7.TensorLaplacian.TensorConnectionData.roughLaplacian.eq_1	theorem
MD	Poincare.D7.TensorLaplacian.Basic	Poincare.D7.TensorLaplacian.TensorConnectionData.curvature_self._abel_1_1	theorem
MD	Poincare.D7.TensorLaplacian.Basic	Poincare.D7.TensorLaplacian.TensorConnectionData.curvature_skew._abel_1_1	theorem
MD	Poincare.D7.TensorLaplacian.Basic	Poincare.D7.TensorLaplacian.TensorConnectionData.mk.injEq	theorem
MD	Poincare.D7.TensorLaplacian.Basic	Poincare.D7.TensorLaplacian.TensorConnectionData.roughLaplacian_smul	theorem
MD	Poincare.D7.TensorLaplacian.Basic	Poincare.D7.TensorLaplacian.TensorConnectionData.casesOn	def
MD	Poincare.D7.TensorLaplacian.Basic	Poincare.D7.TensorLaplacian.TensorConnectionData.roughLaplacianₗ	def
MD	Poincare.D7.TensorLaplacian.Basic	Poincare.D7.TensorLaplacian.TensorConnectionData.nabla_add	theorem
MD	Poincare.D7.TensorLaplacian.Basic	Poincare.D7.TensorLaplacian.TensorConnectionData.roughLaplacian_zero	theorem
MD	Poincare.D7.TensorLaplacian.Basic	Poincare.D7.TensorLaplacian.TensorConnectionData.mk.sizeOf_spec	theorem
MD	Poincare.D7.TensorLaplacian.Basic	Poincare.D7.TensorLaplacian.TensorConnectionData.nabla	def
MD	Poincare.D7.TensorLaplacian.Basic	Poincare.D7.TensorLaplacian.TensorConnectionData.curvature_skew_add_zero	theorem
MD	Poincare.D7.TensorLaplacian.Basic	Poincare.D7.TensorLaplacian.TensorConnectionData.rec	recursor
MD	Poincare.D7.TensorLaplacian.Basic	Poincare.D7.TensorLaplacian.TensorConnectionData.curvature_add₃	theorem
MD	Poincare.D7.TensorLaplacian.Basic	Poincare.D7.TensorLaplacian.TensorConnectionData	inductive
MD	Poincare.D7.TensorLaplacian.Basic	Poincare.D7.TensorLaplacian.TensorConnectionData.curvature_zero₂	theorem
MD	Poincare.D7.TensorLaplacian.Basic	Poincare.D7.TensorLaplacian.TensorConnectionData.roughLaplacianₗ._proof_2	theorem
MD	Poincare.D7.TensorLaplacian.Basic	Poincare.D7.TensorLaplacian.TensorConnectionData.roughLaplacian	def
MD	Poincare.D7.TensorLaplacian.Basic	Poincare.D7.TensorLaplacian.TensorConnectionData.roughLaplacian_add	theorem
