MD	Poincare.D7.TensorLaplacian.Commutation	Poincare.D7.TensorLaplacian.TensorConnectionData.ScalarCurvatureCommutationCertificate	inductive
MD	Poincare.D7.TensorLaplacian.Commutation	Poincare.D7.TensorLaplacian.TensorConnectionData.commutator_term._abel_1_3	theorem
MD	Poincare.D7.TensorLaplacian.Commutation	Poincare.D7.TensorLaplacian.TensorConnectionData.RicciCommutationCertificate.mk.sizeOf_spec	theorem
MD	Poincare.D7.TensorLaplacian.Commutation	Poincare.D7.TensorLaplacian.TensorConnectionData.RicciCommutationCertificate.rec	recursor
MD	Poincare.D7.TensorLaplacian.Commutation	Poincare.D7.TensorLaplacian.TensorConnectionData.ScalarCurvatureCommutationCertificate.mk.noConfusion	def
MD	Poincare.D7.TensorLaplacian.Commutation	Poincare.D7.TensorLaplacian.TensorConnectionData.ScalarCurvatureCommutationCertificate.recOn	def
MD	Poincare.D7.TensorLaplacian.Commutation	Poincare.D7.TensorLaplacian.TensorConnectionData.RicciCommutationCertificate.ricci_contraction_eq	theorem
MD	Poincare.D7.TensorLaplacian.Commutation	Poincare.D7.TensorLaplacian.TensorConnectionData.roughLaplacian_commutator_eq_zero_of_flat	theorem
MD	Poincare.D7.TensorLaplacian.Commutation	Poincare.D7.TensorLaplacian.TensorConnectionData.HasParallelCurvature._proof_1	theorem
MD	Poincare.D7.TensorLaplacian.Commutation	Poincare.D7.TensorLaplacian.TensorConnectionData.RicciCommutationCertificate._sizeOf_1	def
MD	Poincare.D7.TensorLaplacian.Commutation	Poincare.D7.TensorLaplacian.TensorConnectionData.RicciCommutationCertificate.mk.inj	theorem
MD	Poincare.D7.TensorLaplacian.Commutation	Poincare.D7.TensorLaplacian.TensorConnectionData.ScalarCurvatureCommutationCertificate.casesOn	def
MD	Poincare.D7.TensorLaplacian.Commutation	Poincare.D7.TensorLaplacian.TensorConnectionData.roughLaplacian_commutator_ricci	theorem
MD	Poincare.D7.TensorLaplacian.Commutation	Poincare.D7.TensorLaplacian.TensorConnectionData.ScalarCurvatureCommutationCertificate.ctorIdx	def
MD	Poincare.D7.TensorLaplacian.Commutation	Poincare.D7.TensorLaplacian.TensorConnectionData.HasParallelCurvature._proof_2	theorem
MD	Poincare.D7.TensorLaplacian.Commutation	Poincare.D7.TensorLaplacian.TensorConnectionData.commutator_term._abel_1_2	theorem
MD	Poincare.D7.TensorLaplacian.Commutation	Poincare.D7.TensorLaplacian.TensorConnectionData.ScalarCurvatureCommutationCertificate.mk._flat_ctor	def
MD	Poincare.D7.TensorLaplacian.Commutation	Poincare.D7.TensorLaplacian.TensorConnectionData.RicciCommutationCertificate.noConfusionType	def
MD	Poincare.D7.TensorLaplacian.Commutation	Poincare.D7.TensorLaplacian.TensorConnectionData.commutator_term._abel_1_5	theorem
MD	Poincare.D7.TensorLaplacian.Commutation	Poincare.D7.TensorLaplacian.TensorConnectionData.commutator_term._abel_1_4	theorem
MD	Poincare.D7.TensorLaplacian.Commutation	Poincare.D7.TensorLaplacian.TensorConnectionData.ScalarCurvatureCommutationCertificate.noConfusionType	def
MD	Poincare.D7.TensorLaplacian.Commutation	Poincare.D7.TensorLaplacian.TensorConnectionData.ScalarCurvatureCommutationCertificate.mk	ctor
MD	Poincare.D7.TensorLaplacian.Commutation	Poincare.D7.TensorLaplacian.TensorConnectionData.ScalarCurvatureCommutationCertificate.mk.inj	theorem
MD	Poincare.D7.TensorLaplacian.Commutation	Poincare.D7.TensorLaplacian.TensorConnectionData.ricciContraction	def
MD	Poincare.D7.TensorLaplacian.Commutation	Poincare.D7.TensorLaplacian.TensorConnectionData.RicciCommutationCertificate.mk._flat_ctor	def
MD	Poincare.D7.TensorLaplacian.Commutation	Poincare.D7.TensorLaplacian.TensorConnectionData.HasParallelCurvature	def
MD	Poincare.D7.TensorLaplacian.Commutation	Poincare.D7.TensorLaplacian.TensorConnectionData.roughLaplacian_commutator_frame_trace	theorem
MD	Poincare.D7.TensorLaplacian.Commutation	Poincare.D7.TensorLaplacian.TensorConnectionData.ScalarCurvatureCommutationCertificate._sizeOf_inst	def
MD	Poincare.D7.TensorLaplacian.Commutation	Poincare.D7.TensorLaplacian.TensorConnectionData.RicciCommutationCertificate.mk.injEq	theorem
MD	Poincare.D7.TensorLaplacian.Commutation	Poincare.D7.TensorLaplacian.TensorConnectionData.RicciCommutationCertificate.casesOn	def
MD	Poincare.D7.TensorLaplacian.Commutation	Poincare.D7.TensorLaplacian.TensorConnectionData.ricciContraction.eq_1	theorem
MD	Poincare.D7.TensorLaplacian.Commutation	Poincare.D7.TensorLaplacian.TensorConnectionData.roughLaplacian_commutator_of_bracket_zero	theorem
MD	Poincare.D7.TensorLaplacian.Commutation	Poincare.D7.TensorLaplacian.TensorConnectionData.ScalarCurvatureCommutationCertificate.toRicciCommutationCertificate	def
MD	Poincare.D7.TensorLaplacian.Commutation	Poincare.D7.TensorLaplacian.TensorConnectionData.ScalarCurvatureCommutationCertificate.frame_trace_eq	theorem
MD	Poincare.D7.TensorLaplacian.Commutation	Poincare.D7.TensorLaplacian.TensorConnectionData.RicciCommutationCertificate.ctorIdx	def
MD	Poincare.D7.TensorLaplacian.Commutation	Poincare.D7.TensorLaplacian.TensorConnectionData.ScalarCurvatureCommutationCertificate.mk.injEq	theorem
MD	Poincare.D7.TensorLaplacian.Commutation	Poincare.D7.TensorLaplacian.TensorConnectionData.RicciCommutationCertificate.recOn	def
MD	Poincare.D7.TensorLaplacian.Commutation	Poincare.D7.TensorLaplacian.TensorConnectionData.commutator_term._abel_1_1	theorem
MD	Poincare.D7.TensorLaplacian.Commutation	Poincare.D7.TensorLaplacian.TensorConnectionData.ScalarCurvatureCommutationCertificate.noConfusion	def
MD	Poincare.D7.TensorLaplacian.Commutation	Poincare.D7.TensorLaplacian.TensorConnectionData.ScalarCurvatureCommutationCertificate._sizeOf_1	def
MD	Poincare.D7.TensorLaplacian.Commutation	Poincare.D7.TensorLaplacian.TensorConnectionData.ScalarCurvatureCommutationCertificate.mk.sizeOf_spec	theorem
MD	Poincare.D7.TensorLaplacian.Commutation	Poincare.D7.TensorLaplacian.TensorConnectionData.RicciCommutationCertificate.mk	ctor
MD	Poincare.D7.TensorLaplacian.Commutation	Poincare.D7.TensorLaplacian.TensorConnectionData.roughLaplacian_commutator_of_parallel	theorem
MD	Poincare.D7.TensorLaplacian.Commutation	Poincare.D7.TensorLaplacian.TensorConnectionData.RicciCommutationCertificate._sizeOf_inst	def
MD	Poincare.D7.TensorLaplacian.Commutation	Poincare.D7.TensorLaplacian.TensorConnectionData.RicciCommutationCertificate.noConfusion	def
MD	Poincare.D7.TensorLaplacian.Commutation	Poincare.D7.TensorLaplacian.TensorConnectionData.RicciCommutationCertificate.mk.noConfusion	def
MD	Poincare.D7.TensorLaplacian.Commutation	Poincare.D7.TensorLaplacian.TensorConnectionData.RicciCommutationCertificate.ricciEndo	def
MD	Poincare.D7.TensorLaplacian.Commutation	Poincare.D7.TensorLaplacian.TensorConnectionData.commutator_term	theorem
MD	Poincare.D7.TensorLaplacian.Commutation	Poincare.D7.TensorLaplacian.TensorConnectionData.roughLaplacian_commutator_general	theorem
MD	Poincare.D7.TensorLaplacian.Commutation	Poincare.D7.TensorLaplacian.TensorConnectionData.ScalarCurvatureCommutationCertificate.rec	recursor
MD	Poincare.D7.TensorLaplacian.Commutation	Poincare.D7.TensorLaplacian.TensorConnectionData.RicciCommutationCertificate	inductive
