MD	Poincare.D8.Fidelity.MoiseData	Poincare.D8.Fidelity.MoiseData.casesOn	def
MD	Poincare.D8.Fidelity.MoiseData	Poincare.D8.Fidelity.MoiseData.diffeomorph_iff_eq	theorem
MD	Poincare.D8.Fidelity.MoiseData	Poincare.D8.Fidelity.MoiseData.mk	ctor
MD	Poincare.D8.Fidelity.MoiseData	Poincare.D8.Fidelity.MoiseData.toSmoothStructure	def
MD	Poincare.D8.Fidelity.MoiseData	Poincare.D8.Fidelity.MoiseData.diffeomorph_any	theorem
MD	Poincare.D8.Fidelity.MoiseData	Poincare.D8.Fidelity.MoiseData.noConfusion	def
MD	Poincare.D8.Fidelity.MoiseData	Poincare.D8.Fidelity.MoiseData.mk.noConfusion	def
MD	Poincare.D8.Fidelity.MoiseData	Poincare.D8.Fidelity.MoiseData.mk._flat_ctor	def
MD	Poincare.D8.Fidelity.MoiseData	Poincare.D8.Fidelity.MoiseData.diffeomorph_self	theorem
MD	Poincare.D8.Fidelity.MoiseData	Poincare.D8.Fidelity.MoiseData._sizeOf_1	def
MD	Poincare.D8.Fidelity.MoiseData	Poincare.D8.Fidelity.MoiseData.diffeomorph_of_moiseData	theorem
MD	Poincare.D8.Fidelity.MoiseData	Poincare.D8.Fidelity.MoiseData.mk.injEq	theorem
MD	Poincare.D8.Fidelity.MoiseData	Poincare.D8.Fidelity.MoiseData.recOn	def
MD	Poincare.D8.Fidelity.MoiseData	Poincare.D8.Fidelity.MoiseData	inductive
MD	Poincare.D8.Fidelity.MoiseData	Poincare.D8.Fidelity.MoiseData.nonempty_chartedSpace	theorem
MD	Poincare.D8.Fidelity.MoiseData	Poincare.D8.Fidelity.MoiseData.mk.inj	theorem
MD	Poincare.D8.Fidelity.MoiseData	Poincare.D8.Fidelity.MoiseData.smoothStructure	def
MD	Poincare.D8.Fidelity.MoiseData	Poincare.D8.Fidelity.MoiseData.unique	theorem
MD	Poincare.D8.Fidelity.MoiseData	Poincare.D8.Fidelity.MoiseData.rec	recursor
MD	Poincare.D8.Fidelity.MoiseData	Poincare.D8.Fidelity.MoiseData.uniqueness_relation	theorem
MD	Poincare.D8.Fidelity.MoiseData	Poincare.D8.Fidelity.MoiseData.ctorIdx	def
MD	Poincare.D8.Fidelity.MoiseData	Poincare.D8.Fidelity.MoiseData.isManifold	theorem
MD	Poincare.D8.Fidelity.MoiseData	Poincare.D8.Fidelity.MoiseData.mk.sizeOf_spec	theorem
MD	Poincare.D8.Fidelity.MoiseData	Poincare.D8.Fidelity.MoiseData.noConfusionType	def
MD	Poincare.D8.Fidelity.MoiseData	Poincare.D8.Fidelity.MoiseData._sizeOf_inst	def
