MD	Poincare.D8.Fidelity.SmoothStructure	Poincare.D8.Fidelity.SmoothStructure.diffeomorph_trans	def
MD	Poincare.D8.Fidelity.SmoothStructure	Poincare.D8.Fidelity.SmoothStructure.recOn	def
MD	Poincare.D8.Fidelity.SmoothStructure	Poincare.D8.Fidelity.SmoothStructure.ctorIdx	def
MD	Poincare.D8.Fidelity.SmoothStructure	Poincare.D8.Fidelity.SmoothStructure.noConfusion	def
MD	Poincare.D8.Fidelity.SmoothStructure	Poincare.D8.Fidelity.SmoothStructure.mk._flat_ctor	def
MD	Poincare.D8.Fidelity.SmoothStructure	Poincare.D8.Fidelity.SmoothStructure.Diffeomorph	def
MD	Poincare.D8.Fidelity.SmoothStructure	Poincare.D8.Fidelity.SmoothStructure.mk.noConfusion	def
MD	Poincare.D8.Fidelity.SmoothStructure	Poincare.D8.Fidelity.SmoothStructure.diffeomorph_symm	def
MD	Poincare.D8.Fidelity.SmoothStructure	Poincare.D8.Fidelity.SmoothStructure.charted	def
MD	Poincare.D8.Fidelity.SmoothStructure	Poincare.D8.Fidelity.SmoothStructure.noConfusionType	def
MD	Poincare.D8.Fidelity.SmoothStructure	Poincare.D8.Fidelity.SmoothStructure._sizeOf_1	def
MD	Poincare.D8.Fidelity.SmoothStructure	Poincare.D8.Fidelity.SmoothStructure.mk	ctor
MD	Poincare.D8.Fidelity.SmoothStructure	Poincare.D8.Fidelity.SmoothStructure.diffeomorph_refl	def
MD	Poincare.D8.Fidelity.SmoothStructure	Poincare.D8.Fidelity.SmoothStructure.diffeomorph_equivalence	theorem
MD	Poincare.D8.Fidelity.SmoothStructure	Poincare.D8.Fidelity.SmoothStructure.Diffeomorph.toHomeomorph	def
MD	Poincare.D8.Fidelity.SmoothStructure	Poincare.D8.Fidelity.SmoothStructure.smooth	theorem
MD	Poincare.D8.Fidelity.SmoothStructure	Poincare.D8.Fidelity.SmoothStructure._sizeOf_inst	def
MD	Poincare.D8.Fidelity.SmoothStructure	Poincare.D8.Fidelity.SmoothStructure.mk.inj	theorem
MD	Poincare.D8.Fidelity.SmoothStructure	Poincare.D8.Fidelity.SmoothStructure.casesOn	def
MD	Poincare.D8.Fidelity.SmoothStructure	Poincare.D8.Fidelity.SmoothStructure	inductive
MD	Poincare.D8.Fidelity.SmoothStructure	Poincare.D8.Fidelity.SmoothStructure.mk.injEq	theorem
MD	Poincare.D8.Fidelity.SmoothStructure	Poincare.D8.Fidelity.SmoothStructure.mk.sizeOf_spec	theorem
MD	Poincare.D8.Fidelity.SmoothStructure	Poincare.D8.Fidelity.SmoothStructure.rec	recursor
