MD	Poincare.D9.CheegerGromov.PointedConvergence	Poincare.D9.CheegerGromov.PointedManifold.topologicalSpace	def
MD	Poincare.D9.CheegerGromov.PointedConvergence	Poincare.D9.CheegerGromov.CkConvergence.metric_close	theorem
MD	Poincare.D9.CheegerGromov.PointedConvergence	Poincare.D9.CheegerGromov.ckCloseAtScale_self	def
MD	Poincare.D9.CheegerGromov.PointedConvergence	Poincare.D9.CheegerGromov.CkConvergesTo.toNat	theorem
MD	Poincare.D9.CheegerGromov.PointedConvergence	Poincare.D9.CheegerGromov.CkConvergence.exhaustion	def
MD	Poincare.D9.CheegerGromov.PointedConvergence	Poincare.D9.CheegerGromov.CkConvergence.mk._flat_ctor	def
MD	Poincare.D9.CheegerGromov.PointedConvergence	Poincare.D9.CheegerGromov.CkConvergence._sizeOf_1	def
MD	Poincare.D9.CheegerGromov.PointedConvergence	Poincare.D9.CheegerGromov.CkCloseAtScale.isEmbedding_emb	theorem
MD	Poincare.D9.CheegerGromov.PointedConvergence	Poincare.D9.CheegerGromov.PointedManifold.mk	ctor
MD	Poincare.D9.CheegerGromov.PointedConvergence	Poincare.D9.CheegerGromov.CompactExhaustion.recOn	def
MD	Poincare.D9.CheegerGromov.PointedConvergence	Poincare.D9.CheegerGromov.PointedManifold.dist_comm	theorem
MD	Poincare.D9.CheegerGromov.PointedConvergence	Poincare.D9.CheegerGromov.pullbackMetric.eq_1	theorem
MD	Poincare.D9.CheegerGromov.PointedConvergence	Poincare.D9.CheegerGromov.PointedManifold.mk.noConfusion	def
MD	Poincare.D9.CheegerGromov.PointedConvergence	Poincare.D9.CheegerGromov.CkConvergence._sizeOf_inst	def
MD	Poincare.D9.CheegerGromov.PointedConvergence	Poincare.D9.CheegerGromov.pullbackMetric_id	theorem
MD	Poincare.D9.CheegerGromov.PointedConvergence	Poincare.D9.CheegerGromov.PointedManifold.ctorIdx	def
MD	Poincare.D9.CheegerGromov.PointedConvergence	Poincare.D9.CheegerGromov.ckCloseAtScale_self._proof_4	theorem
MD	Poincare.D9.CheegerGromov.PointedConvergence	Poincare.D9.CheegerGromov.PointedManifold.dist	def
MD	Poincare.D9.CheegerGromov.PointedConvergence	Poincare.D9.CheegerGromov.CkConvergence.isImmersion_emb	theorem
MD	Poincare.D9.CheegerGromov.PointedConvergence	Poincare.D9.CheegerGromov.ckConvergesTo_nat_iff	theorem
MD	Poincare.D9.CheegerGromov.PointedConvergence	Poincare.D9.CheegerGromov.PointedManifold.metricBall	def
MD	Poincare.D9.CheegerGromov.PointedConvergence	Poincare.D9.CheegerGromov.PointedManifold.mk.sizeOf_spec	theorem
MD	Poincare.D9.CheegerGromov.PointedConvergence	Poincare.D9.CheegerGromov.CkCloseAtScale.mk.injEq	theorem
MD	Poincare.D9.CheegerGromov.PointedConvergence	Poincare.D9.CheegerGromov.CompactExhaustion.noConfusionType	def
MD	Poincare.D9.CheegerGromov.PointedConvergence	Poincare.D9.CheegerGromov.CkCloseAtScale.mk	ctor
MD	Poincare.D9.CheegerGromov.PointedConvergence	Poincare.D9.CheegerGromov.pullbackMetric._proof_6	theorem
MD	Poincare.D9.CheegerGromov.PointedConvergence	Poincare.D9.CheegerGromov.CkConvergence.ball_subset_chart	theorem
MD	Poincare.D9.CheegerGromov.PointedConvergence	Poincare.D9.CheegerGromov.CompactExhaustion.mk	ctor
MD	Poincare.D9.CheegerGromov.PointedConvergence	Poincare.D9.CheegerGromov.PointedManifold.CkCloseOnChart.mono	theorem
MD	Poincare.D9.CheegerGromov.PointedConvergence	Poincare.D9.CheegerGromov.PointedManifold.CkCloseOnChart.mono_set	theorem
MD	Poincare.D9.CheegerGromov.PointedConvergence	Poincare.D9.CheegerGromov.CkConvergence	inductive
MD	Poincare.D9.CheegerGromov.PointedConvergence	Poincare.D9.CheegerGromov.ckConvergesTo_const	theorem
MD	Poincare.D9.CheegerGromov.PointedConvergence	Poincare.D9.CheegerGromov.CkConvergence.recOn	def
MD	Poincare.D9.CheegerGromov.PointedConvergence	Poincare.D9.CheegerGromov.CompactExhaustion.monotone_K	theorem
MD	Poincare.D9.CheegerGromov.PointedConvergence	Poincare.D9.CheegerGromov.CompactExhaustion.casesOn	def
MD	Poincare.D9.CheegerGromov.PointedConvergence	Poincare.D9.CheegerGromov.CompactExhaustion.subset_succ	theorem
MD	Poincare.D9.CheegerGromov.PointedConvergence	Poincare.D9.CheegerGromov.CkCloseAtScale.rec	recursor
MD	Poincare.D9.CheegerGromov.PointedConvergence	Poincare.D9.CheegerGromov.CompactExhaustion.noConfusion	def
MD	Poincare.D9.CheegerGromov.PointedConvergence	Poincare.D9.CheegerGromov.CompactExhaustion.mk._flat_ctor	def
MD	Poincare.D9.CheegerGromov.PointedConvergence	Poincare.D9.CheegerGromov.CkConvergence.rec	recursor
MD	Poincare.D9.CheegerGromov.PointedConvergence	Poincare.D9.CheegerGromov.PointedManifold.metricBall_mono	theorem
MD	Poincare.D9.CheegerGromov.PointedConvergence	Poincare.D9.CheegerGromov.PointedManifold.dist_triangle	theorem
MD	Poincare.D9.CheegerGromov.PointedConvergence	Poincare.D9.CheegerGromov.CompactExhaustion.mk.noConfusion	def
MD	Poincare.D9.CheegerGromov.PointedConvergence	Poincare.D9.CheegerGromov.PointedManifold.dist_self	theorem
MD	Poincare.D9.CheegerGromov.PointedConvergence	Poincare.D9.CheegerGromov.PointedManifold.noConfusion	def
MD	Poincare.D9.CheegerGromov.PointedConvergence	Poincare.D9.CheegerGromov.PointedManifold.basepoint_mem_metricBall	theorem
MD	Poincare.D9.CheegerGromov.PointedConvergence	Poincare.D9.CheegerGromov.CkCloseAtScale.mono._proof_1	theorem
MD	Poincare.D9.CheegerGromov.PointedConvergence	Poincare.D9.CheegerGromov.pullbackMetric._proof_7	theorem
MD	Poincare.D9.CheegerGromov.PointedConvergence	Poincare.D9.CheegerGromov.PointedManifold.mk.injEq	theorem
MD	Poincare.D9.CheegerGromov.PointedConvergence	Poincare.D9.CheegerGromov.PointedManifold._sizeOf_inst	def
MD	Poincare.D9.CheegerGromov.PointedConvergence	Poincare.D9.CheegerGromov.CkCloseAtScale.mk.noConfusion	def
MD	Poincare.D9.CheegerGromov.PointedConvergence	Poincare.D9.CheegerGromov.PointedManifold	inductive
MD	Poincare.D9.CheegerGromov.PointedConvergence	Poincare.D9.CheegerGromov.pullbackMetric._proof_2	theorem
MD	Poincare.D9.CheegerGromov.PointedConvergence	Poincare.D9.CheegerGromov.PointedManifold.casesOn	def
MD	Poincare.D9.CheegerGromov.PointedConvergence	Poincare.D9.CheegerGromov.CompactExhaustion._sizeOf_1	def
MD	Poincare.D9.CheegerGromov.PointedConvergence	Poincare.D9.CheegerGromov.CkCloseAtScale.mono_scale._proof_1	theorem
MD	Poincare.D9.CheegerGromov.PointedConvergence	Poincare.D9.CheegerGromov.CkCloseAtScale	inductive
MD	Poincare.D9.CheegerGromov.PointedConvergence	Poincare.D9.CheegerGromov.PointedManifold.metricDiffCoeff_id	theorem
MD	Poincare.D9.CheegerGromov.PointedConvergence	Poincare.D9.CheegerGromov.CkCloseAtScale.mono	def
MD	Poincare.D9.CheegerGromov.PointedConvergence	Poincare.D9.CheegerGromov.PointedManifold.CkCloseOnChart.mono_order	theorem
MD	Poincare.D9.CheegerGromov.PointedConvergence	Poincare.D9.CheegerGromov.CkCloseAtScale._sizeOf_inst	def
MD	Poincare.D9.CheegerGromov.PointedConvergence	Poincare.D9.CheegerGromov.CompactExhaustion.K	def
MD	Poincare.D9.CheegerGromov.PointedConvergence	Poincare.D9.CheegerGromov.CkConvergence.mk.inj	theorem
MD	Poincare.D9.CheegerGromov.PointedConvergence	Poincare.D9.CheegerGromov.CkConvergence.convergesTo	theorem
MD	Poincare.D9.CheegerGromov.PointedConvergence	Poincare.D9.CheegerGromov.PointedManifold.metric	def
MD	Poincare.D9.CheegerGromov.PointedConvergence	Poincare.D9.CheegerGromov.CompactExhaustion.rec	recursor
MD	Poincare.D9.CheegerGromov.PointedConvergence	Poincare.D9.CheegerGromov.PointedManifold.IsCompleteMetric	def
MD	Poincare.D9.CheegerGromov.PointedConvergence	Poincare.D9.CheegerGromov.CkConvergence.eps_tendsto_zero	theorem
MD	Poincare.D9.CheegerGromov.PointedConvergence	Poincare.D9.CheegerGromov.ckCloseAtScale_self._proof_2	theorem
MD	Poincare.D9.CheegerGromov.PointedConvergence	Poincare.D9.CheegerGromov.CompactExhaustion.subset_of_le	theorem
MD	Poincare.D9.CheegerGromov.PointedConvergence	Poincare.D9.CheegerGromov.PointedManifold.recOn	def
MD	Poincare.D9.CheegerGromov.PointedConvergence	Poincare.D9.CheegerGromov.CkConvergence.eps_pos	theorem
MD	Poincare.D9.CheegerGromov.PointedConvergence	Poincare.D9.CheegerGromov.CkCloseAtScale.ctorIdx	def
MD	Poincare.D9.CheegerGromov.PointedConvergence	Poincare.D9.CheegerGromov.CompactExhaustion.ctorIdx	def
MD	Poincare.D9.CheegerGromov.PointedConvergence	Poincare.D9.CheegerGromov.ckCloseAtScale_self._proof_5	theorem
MD	Poincare.D9.CheegerGromov.PointedConvergence	Poincare.D9.CheegerGromov.CompactExhaustion.basepoint_mem	theorem
MD	Poincare.D9.CheegerGromov.PointedConvergence	Poincare.D9.CheegerGromov.PointedManifold.metricBall.eq_1	theorem
MD	Poincare.D9.CheegerGromov.PointedConvergence	Poincare.D9.CheegerGromov.CkConvergence.ε	def
MD	Poincare.D9.CheegerGromov.PointedConvergence	Poincare.D9.CheegerGromov.CkConvergesTo	def
MD	Poincare.D9.CheegerGromov.PointedConvergence	Poincare.D9.CheegerGromov.pullbackMetric._proof_3	theorem
MD	Poincare.D9.CheegerGromov.PointedConvergence	Poincare.D9.CheegerGromov.CkConvergence.contMDiff_emb	theorem
MD	Poincare.D9.CheegerGromov.PointedConvergence	Poincare.D9.CheegerGromov.CkConvergence.emb	def
MD	Poincare.D9.CheegerGromov.PointedConvergence	Poincare.D9.CheegerGromov.pullbackMetric._proof_5	theorem
MD	Poincare.D9.CheegerGromov.PointedConvergence	Poincare.D9.CheegerGromov.pullbackMetric._proof_1	theorem
MD	Poincare.D9.CheegerGromov.PointedConvergence	Poincare.D9.CheegerGromov.PointedManifold.HasCompactMetricBalls	def
MD	Poincare.D9.CheegerGromov.PointedConvergence	Poincare.D9.CheegerGromov.CompactExhaustion	inductive
MD	Poincare.D9.CheegerGromov.PointedConvergence	Poincare.D9.CheegerGromov.CkCloseAtScale.mk.sizeOf_spec	theorem
MD	Poincare.D9.CheegerGromov.PointedConvergence	Poincare.D9.CheegerGromov.CompactExhaustion.mk.injEq	theorem
MD	Poincare.D9.CheegerGromov.PointedConvergence	Poincare.D9.CheegerGromov.PointedManifold.chartedSpace	def
MD	Poincare.D9.CheegerGromov.PointedConvergence	Poincare.D9.CheegerGromov.CompactExhaustion.subset_interior_succ	theorem
MD	Poincare.D9.CheegerGromov.PointedConvergence	Poincare.D9.CheegerGromov.CkCloseAtScale.noConfusionType	def
MD	Poincare.D9.CheegerGromov.PointedConvergence	Poincare.D9.CheegerGromov.PointedManifold.metricDiffCoeff	def
MD	Poincare.D9.CheegerGromov.PointedConvergence	Poincare.D9.CheegerGromov.CompactExhaustion._sizeOf_inst	def
MD	Poincare.D9.CheegerGromov.PointedConvergence	Poincare.D9.CheegerGromov.CkCloseAtScale.casesOn	def
MD	Poincare.D9.CheegerGromov.PointedConvergence	Poincare.D9.CheegerGromov.PointedManifold.M	def
MD	Poincare.D9.CheegerGromov.PointedConvergence	Poincare.D9.CheegerGromov.PointedManifold.CkCloseOnChart	def
MD	Poincare.D9.CheegerGromov.PointedConvergence	Poincare.D9.CheegerGromov.CompactExhaustion.mk.inj	theorem
MD	Poincare.D9.CheegerGromov.PointedConvergence	Poincare.D9.CheegerGromov.CkConvergence.maps_basepoint	theorem
MD	Poincare.D9.CheegerGromov.PointedConvergence	Poincare.D9.CheegerGromov.CkConvergence.isEmbedding_emb	theorem
MD	Poincare.D9.CheegerGromov.PointedConvergence	Poincare.D9.CheegerGromov.CompactExhaustion.iUnion_K	theorem
MD	Poincare.D9.CheegerGromov.PointedConvergence	Poincare.D9.CheegerGromov.CkCloseAtScale.metric_close	theorem
MD	Poincare.D9.CheegerGromov.PointedConvergence	Poincare.D9.CheegerGromov.CompactExhaustion.mk.sizeOf_spec	theorem
MD	Poincare.D9.CheegerGromov.PointedConvergence	Poincare.D9.CheegerGromov.CkCloseAtScale.ball_subset_chart	theorem
MD	Poincare.D9.CheegerGromov.PointedConvergence	Poincare.D9.CheegerGromov.PointedManifold.metricDiffCoeff.eq_1	theorem
MD	Poincare.D9.CheegerGromov.PointedConvergence	Poincare.D9.CheegerGromov.PointedManifold._sizeOf_1	def
MD	Poincare.D9.CheegerGromov.PointedConvergence	Poincare.D9.CheegerGromov.PointedManifold.mk.inj	theorem
MD	Poincare.D9.CheegerGromov.PointedConvergence	Poincare.D9.CheegerGromov.CkConvergence.mk.noConfusion	def
MD	Poincare.D9.CheegerGromov.PointedConvergence	Poincare.D9.CheegerGromov.pullbackMetric	def
MD	Poincare.D9.CheegerGromov.PointedConvergence	Poincare.D9.CheegerGromov.ckCloseAtScaleProp_self	theorem
MD	Poincare.D9.CheegerGromov.PointedConvergence	Poincare.D9.CheegerGromov.PointedManifold.mk._flat_ctor	def
MD	Poincare.D9.CheegerGromov.PointedConvergence	Poincare.D9.CheegerGromov.CkConvergence.mk	ctor
MD	Poincare.D9.CheegerGromov.PointedConvergence	Poincare.D9.CheegerGromov.ckCloseAtScale_self._proof_3	theorem
MD	Poincare.D9.CheegerGromov.PointedConvergence	Poincare.D9.CheegerGromov.PointedManifold.dist_nonneg	theorem
MD	Poincare.D9.CheegerGromov.PointedConvergence	Poincare.D9.CheegerGromov.CkCloseAtScale.recOn	def
MD	Poincare.D9.CheegerGromov.PointedConvergence	Poincare.D9.CheegerGromov.CkCloseAtScale.mono_scale	def
MD	Poincare.D9.CheegerGromov.PointedConvergence	Poincare.D9.CheegerGromov.CkCloseAtScale.isImmersion_emb	theorem
MD	Poincare.D9.CheegerGromov.PointedConvergence	Poincare.D9.CheegerGromov.CkConvergence.noConfusionType	def
MD	Poincare.D9.CheegerGromov.PointedConvergence	Poincare.D9.CheegerGromov.CkCloseAtScale.mono_order	def
MD	Poincare.D9.CheegerGromov.PointedConvergence	Poincare.D9.CheegerGromov.CkCloseAtScale.mono_scale._proof_2	theorem
MD	Poincare.D9.CheegerGromov.PointedConvergence	Poincare.D9.CheegerGromov.ckCloseAtScale_self._proof_1	theorem
MD	Poincare.D9.CheegerGromov.PointedConvergence	Poincare.D9.CheegerGromov.pullbackMetric._proof_4	theorem
MD	Poincare.D9.CheegerGromov.PointedConvergence	Poincare.D9.CheegerGromov.CkCloseAtScale.noConfusion	def
MD	Poincare.D9.CheegerGromov.PointedConvergence	Poincare.D9.CheegerGromov.CompactExhaustion.isCompact_K	theorem
MD	Poincare.D9.CheegerGromov.PointedConvergence	Poincare.D9.CheegerGromov.CkConvergence.casesOn	def
MD	Poincare.D9.CheegerGromov.PointedConvergence	Poincare.D9.CheegerGromov.CkCloseAtScale._sizeOf_1	def
MD	Poincare.D9.CheegerGromov.PointedConvergence	Poincare.D9.CheegerGromov.CkCloseAtScale.contMDiff_emb	theorem
MD	Poincare.D9.CheegerGromov.PointedConvergence	Poincare.D9.CheegerGromov.CkConvergence.mk.injEq	theorem
MD	Poincare.D9.CheegerGromov.PointedConvergence	Poincare.D9.CheegerGromov.CkConvergence.ctorIdx	def
MD	Poincare.D9.CheegerGromov.PointedConvergence	Poincare.D9.CheegerGromov.PointedManifold.noConfusionType	def
MD	Poincare.D9.CheegerGromov.PointedConvergence	Poincare.D9.CheegerGromov.CompactExhaustion.exists_subset	theorem
MD	Poincare.D9.CheegerGromov.PointedConvergence	Poincare.D9.CheegerGromov.CkCloseAtScale.mk._flat_ctor	def
MD	Poincare.D9.CheegerGromov.PointedConvergence	Poincare.D9.CheegerGromov.PointedManifold.basepoint	def
MD	Poincare.D9.CheegerGromov.PointedConvergence	Poincare.D9.CheegerGromov.CkCloseAtScale.maps_basepoint	theorem
MD	Poincare.D9.CheegerGromov.PointedConvergence	Poincare.D9.CheegerGromov.PointedManifold.rec	recursor
MD	Poincare.D9.CheegerGromov.PointedConvergence	Poincare.D9.CheegerGromov.PointedManifold.isManifold	theorem
MD	Poincare.D9.CheegerGromov.PointedConvergence	Poincare.D9.CheegerGromov.CkConvergesToNat	def
MD	Poincare.D9.CheegerGromov.PointedConvergence	Poincare.D9.CheegerGromov.CkCloseAtScale.mk.inj	theorem
MD	Poincare.D9.CheegerGromov.PointedConvergence	Poincare.D9.CheegerGromov.CkCloseAtScale.emb	def
MD	Poincare.D9.CheegerGromov.PointedConvergence	Poincare.D9.CheegerGromov.CkConvergesToNat.toReal	theorem
MD	Poincare.D9.CheegerGromov.PointedConvergence	Poincare.D9.CheegerGromov.CkConvergence.noConfusion	def
MD	Poincare.D9.CheegerGromov.PointedConvergence	Poincare.D9.CheegerGromov.CkConvergence.mk.sizeOf_spec	theorem
MD	Poincare.D9.CheegerGromov.PointedConvergence	Poincare.D9.CheegerGromov.CkCloseAtScaleProp	def
MD	Poincare.D9.CheegerGromov.PointedConvergence	Poincare.D9.CheegerGromov.CkCloseAtScale.mono_order._proof_1	theorem
