MD	Poincare.D9.DeTurck.ConnectionLayer	Poincare.Longrun.DeTurck.RicciDeTurckComponents.operator._proof_1	theorem
MD	Poincare.D9.DeTurck.ConnectionLayer	Poincare.Longrun.DeTurck.ConnectionLayer.casesOn	def
MD	Poincare.D9.DeTurck.ConnectionLayer	Poincare.Longrun.DeTurck.ConnectionLayer.mk.noConfusion	def
MD	Poincare.D9.DeTurck.ConnectionLayer	Poincare.Longrun.DeTurck.RicciDeTurckComponents.flowRHS.eq_1	theorem
MD	Poincare.D9.DeTurck.ConnectionLayer	Poincare.Longrun.DeTurck.ConnectionLayer.ginv_symm	theorem
MD	Poincare.D9.DeTurck.ConnectionLayer	Poincare.Longrun.DeTurck.ConnectionLayer.mk	ctor
MD	Poincare.D9.DeTurck.ConnectionLayer	Poincare.Longrun.DeTurck.ConnectionLayer.Gamma_symm	theorem
MD	Poincare.D9.DeTurck.ConnectionLayer	Poincare.Longrun.DeTurck.ConnectionLayer.deTurckField.eq_1	theorem
MD	Poincare.D9.DeTurck.ConnectionLayer	Poincare.Longrun.DeTurck.ConnectionLayer.gtildeinv	def
MD	Poincare.D9.DeTurck.ConnectionLayer	Poincare.Longrun.DeTurck.ConnectionLayer.tensionField_eq_neg_deTurckField	theorem
MD	Poincare.D9.DeTurck.ConnectionLayer	Poincare.Longrun.DeTurck.ConnectionLayer.gtilde	def
MD	Poincare.D9.DeTurck.ConnectionLayer	Poincare.Longrun.DeTurck.ConnectionLayer.rec	recursor
MD	Poincare.D9.DeTurck.ConnectionLayer	Poincare.Longrun.DeTurck.ConnectionLayer.g_symm	theorem
MD	Poincare.D9.DeTurck.ConnectionLayer	Poincare.Longrun.DeTurck.RicciDeTurckComponents.operator.eq_1	theorem
MD	Poincare.D9.DeTurck.ConnectionLayer	Poincare.Longrun.DeTurck.RicciDeTurckComponents.flowRHS	def
MD	Poincare.D9.DeTurck.ConnectionLayer	Poincare.Longrun.DeTurck.ConnectionLayer.mk.congr_simp	theorem
MD	Poincare.D9.DeTurck.ConnectionLayer	Poincare.Longrun.DeTurck.RicciDeTurckComponents.mk.noConfusion	def
MD	Poincare.D9.DeTurck.ConnectionLayer	Poincare.Longrun.DeTurck.ConnectionLayer.connectionDiff	def
MD	Poincare.D9.DeTurck.ConnectionLayer	Poincare.Longrun.DeTurck.RicciDeTurckComponents.ric	def
MD	Poincare.D9.DeTurck.ConnectionLayer	Poincare.Longrun.DeTurck.RicciDeTurckComponents.lieW	def
MD	Poincare.D9.DeTurck.ConnectionLayer	Poincare.Longrun.DeTurck.ConnectionLayer._sizeOf_inst	def
MD	Poincare.D9.DeTurck.ConnectionLayer	Poincare.Longrun.DeTurck.RicciDeTurckComponents.mk	ctor
MD	Poincare.D9.DeTurck.ConnectionLayer	Poincare.Longrun.DeTurck.ConnectionLayer.deTurckField_eq_zero_of_Gamma_eq	theorem
MD	Poincare.D9.DeTurck.ConnectionLayer	Poincare.Longrun.DeTurck.RicciDeTurckComponents.mk._flat_ctor	def
MD	Poincare.D9.DeTurck.ConnectionLayer	Poincare.Longrun.DeTurck.ConnectionLayer.GammaBar	def
MD	Poincare.D9.DeTurck.ConnectionLayer	Poincare.Longrun.DeTurck.ConnectionLayer.ginv_mul_g	theorem
MD	Poincare.D9.DeTurck.ConnectionLayer	Poincare.Longrun.DeTurck.trivialLayer.eq_1	theorem
MD	Poincare.D9.DeTurck.ConnectionLayer	Poincare.Longrun.DeTurck.ConnectionLayer.g	def
MD	Poincare.D9.DeTurck.ConnectionLayer	Poincare.Longrun.DeTurck.trivialLayer._proof_2	theorem
MD	Poincare.D9.DeTurck.ConnectionLayer	Poincare.Longrun.DeTurck.RicciDeTurckComponents.mk.inj	theorem
MD	Poincare.D9.DeTurck.ConnectionLayer	Poincare.Longrun.DeTurck.exampleLayer._proof_1	theorem
MD	Poincare.D9.DeTurck.ConnectionLayer	Poincare.Longrun.DeTurck.ConnectionLayer.mk.injEq	theorem
MD	Poincare.D9.DeTurck.ConnectionLayer	Poincare.Longrun.DeTurck.ConnectionLayer	inductive
MD	Poincare.D9.DeTurck.ConnectionLayer	Poincare.Longrun.DeTurck.ConnectionLayer.tensionField	def
MD	Poincare.D9.DeTurck.ConnectionLayer	Poincare.Longrun.DeTurck.RicciDeTurckComponents._sizeOf_1	def
MD	Poincare.D9.DeTurck.ConnectionLayer	Poincare.Longrun.DeTurck.ConnectionLayer.g_mul_ginv	theorem
MD	Poincare.D9.DeTurck.ConnectionLayer	Poincare.Longrun.DeTurck.ConnectionLayer.ctorIdx	def
MD	Poincare.D9.DeTurck.ConnectionLayer	Poincare.Longrun.DeTurck.ConnectionLayer.deTurckField_eq	theorem
MD	Poincare.D9.DeTurck.ConnectionLayer	Poincare.Longrun.DeTurck.exampleLayer.eq_1	theorem
MD	Poincare.D9.DeTurck.ConnectionLayer	Poincare.Longrun.DeTurck.ConnectionLayer.mk.sizeOf_spec	theorem
MD	Poincare.D9.DeTurck.ConnectionLayer	Poincare.Longrun.DeTurck.RicciDeTurckComponents.flowRHS_symm	theorem
MD	Poincare.D9.DeTurck.ConnectionLayer	Poincare.Longrun.DeTurck.trivialLayer._proof_1	theorem
MD	Poincare.D9.DeTurck.ConnectionLayer	Poincare.Longrun.DeTurck.ConnectionLayer.noConfusionType	def
MD	Poincare.D9.DeTurck.ConnectionLayer	Poincare.Longrun.DeTurck.ConnectionLayer.tensionField.eq_1	theorem
MD	Poincare.D9.DeTurck.ConnectionLayer	Poincare.Longrun.DeTurck.trivialLayer._proof_3	theorem
MD	Poincare.D9.DeTurck.ConnectionLayer	Poincare.Longrun.DeTurck.ConnectionLayer.connectionDiff.eq_1	theorem
MD	Poincare.D9.DeTurck.ConnectionLayer	Poincare.Longrun.DeTurck.RicciDeTurckComponents.operator	def
MD	Poincare.D9.DeTurck.ConnectionLayer	Poincare.Longrun.DeTurck.ConnectionLayer.GammaBar_symm	theorem
MD	Poincare.D9.DeTurck.ConnectionLayer	Poincare.Longrun.DeTurck.ConnectionLayer.deTurckField	def
MD	Poincare.D9.DeTurck.ConnectionLayer	Poincare.Longrun.DeTurck.RicciDeTurckComponents.casesOn	def
MD	Poincare.D9.DeTurck.ConnectionLayer	Poincare.Longrun.DeTurck.ConnectionLayer.connectionDiff_symm	theorem
MD	Poincare.D9.DeTurck.ConnectionLayer	Poincare.Longrun.DeTurck.trivialLayer	def
MD	Poincare.D9.DeTurck.ConnectionLayer	Poincare.Longrun.DeTurck.ConnectionLayer.gtilde_symm	theorem
MD	Poincare.D9.DeTurck.ConnectionLayer	Poincare.Longrun.DeTurck.RicciDeTurckComponents.mk.sizeOf_spec	theorem
MD	Poincare.D9.DeTurck.ConnectionLayer	Poincare.Longrun.DeTurck.trivialLayer_deTurckField	theorem
MD	Poincare.D9.DeTurck.ConnectionLayer	Poincare.Longrun.DeTurck.RicciDeTurckComponents.ctorIdx	def
MD	Poincare.D9.DeTurck.ConnectionLayer	Poincare.Longrun.DeTurck.exampleLayer_deTurckField	theorem
MD	Poincare.D9.DeTurck.ConnectionLayer	Poincare.Longrun.DeTurck.ConnectionLayer.ginv	def
MD	Poincare.D9.DeTurck.ConnectionLayer	Poincare.Longrun.DeTurck.ConnectionLayer.gtildeinv_symm	theorem
MD	Poincare.D9.DeTurck.ConnectionLayer	Poincare.Longrun.DeTurck.ConnectionLayer.noConfusion	def
MD	Poincare.D9.DeTurck.ConnectionLayer	Poincare.Longrun.DeTurck.exampleLayer_tensionField	theorem
MD	Poincare.D9.DeTurck.ConnectionLayer	Poincare.Longrun.DeTurck.ConnectionLayer.mk._flat_ctor	def
MD	Poincare.D9.DeTurck.ConnectionLayer	Poincare.Longrun.DeTurck.ConnectionLayer.Gamma	def
MD	Poincare.D9.DeTurck.ConnectionLayer	Poincare.Longrun.DeTurck.RicciDeTurckComponents.recOn	def
MD	Poincare.D9.DeTurck.ConnectionLayer	Poincare.Longrun.DeTurck.RicciDeTurckComponents.noConfusion	def
MD	Poincare.D9.DeTurck.ConnectionLayer	Poincare.Longrun.DeTurck.ConnectionLayer.tensionField_eq_zero_of_Gamma_eq	theorem
MD	Poincare.D9.DeTurck.ConnectionLayer	Poincare.Longrun.DeTurck.exampleLayer_tensionField_eq_neg	theorem
MD	Poincare.D9.DeTurck.ConnectionLayer	Poincare.Longrun.DeTurck.RicciDeTurckComponents.mk.injEq	theorem
MD	Poincare.D9.DeTurck.ConnectionLayer	Poincare.Longrun.DeTurck.ConnectionLayer.gtildeinv_mul_gtilde	theorem
MD	Poincare.D9.DeTurck.ConnectionLayer	Poincare.Longrun.DeTurck.RicciDeTurckComponents.flowRHS_eq	theorem
MD	Poincare.D9.DeTurck.ConnectionLayer	Poincare.Longrun.DeTurck.exampleLayer	def
MD	Poincare.D9.DeTurck.ConnectionLayer	Poincare.Longrun.DeTurck.RicciDeTurckComponents.rec	recursor
MD	Poincare.D9.DeTurck.ConnectionLayer	Poincare.Longrun.DeTurck.ConnectionLayer._sizeOf_1	def
MD	Poincare.D9.DeTurck.ConnectionLayer	Poincare.Longrun.DeTurck.RicciDeTurckComponents	inductive
MD	Poincare.D9.DeTurck.ConnectionLayer	Poincare.Longrun.DeTurck.RicciDeTurckComponents._sizeOf_inst	def
MD	Poincare.D9.DeTurck.ConnectionLayer	Poincare.Longrun.DeTurck.RicciDeTurckComponents.operator_symm	theorem
MD	Poincare.D9.DeTurck.ConnectionLayer	Poincare.Longrun.DeTurck.ConnectionLayer.mk.inj	theorem
MD	Poincare.D9.DeTurck.ConnectionLayer	Poincare.Longrun.DeTurck.ConnectionLayer.recOn	def
MD	Poincare.D9.DeTurck.ConnectionLayer	Poincare.Longrun.DeTurck.RicciDeTurckComponents.noConfusionType	def
MD	Poincare.D9.DeTurck.ConnectionLayer	Poincare.Longrun.DeTurck.ConnectionLayer.gtilde_mul_gtildeinv	theorem
