MD	Poincare.D9.ParabolicEstimates.Basic	Poincare.D9.ParabolicEstimates.EnergyFunctional._sizeOf_inst	def
MD	Poincare.D9.ParabolicEstimates.Basic	Poincare.D9.ParabolicEstimates.DirichletForm.noConfusionType	def
MD	Poincare.D9.ParabolicEstimates.Basic	Poincare.D9.ParabolicEstimates.ClassicalSolution.noConfusion	def
MD	Poincare.D9.ParabolicEstimates.Basic	Poincare.D9.ParabolicEstimates.EnergyFunctional.integrable_energy	theorem
MD	Poincare.D9.ParabolicEstimates.Basic	Poincare.D9.ParabolicEstimates.EnergyFunctional	inductive
MD	Poincare.D9.ParabolicEstimates.Basic	Poincare.D9.ParabolicEstimates.WeakSolution.mk.injEq	theorem
MD	Poincare.D9.ParabolicEstimates.Basic	Poincare.D9.ParabolicEstimates.zeroClassicalSolution	def
MD	Poincare.D9.ParabolicEstimates.Basic	Poincare.D9.ParabolicEstimates.DirichletForm.recOn	def
MD	Poincare.D9.ParabolicEstimates.Basic	Poincare.D9.ParabolicEstimates.young_integral	theorem
MD	Poincare.D9.ParabolicEstimates.Basic	Poincare.D9.ParabolicEstimates.EnergyFunctional.mk.congr_simp	theorem
MD	Poincare.D9.ParabolicEstimates.Basic	Poincare.D9.ParabolicEstimates.EnergyFunctional.recOn	def
MD	Poincare.D9.ParabolicEstimates.Basic	Poincare.D9.ParabolicEstimates.WeakSolution.mk._flat_ctor	def
MD	Poincare.D9.ParabolicEstimates.Basic	Poincare.D9.ParabolicEstimates.EnergyFunctional.mk	ctor
MD	Poincare.D9.ParabolicEstimates.Basic	Poincare.D9.ParabolicEstimates.EnergyFunctional.energy_nonneg	theorem
MD	Poincare.D9.ParabolicEstimates.Basic	Poincare.D9.ParabolicEstimates.zeroDirichletForm._proof_1	theorem
MD	Poincare.D9.ParabolicEstimates.Basic	Poincare.D9.ParabolicEstimates.energyDensity.eq_1	theorem
MD	Poincare.D9.ParabolicEstimates.Basic	Poincare.D9.ParabolicEstimates.ClassicalSolution.mk.congr_simp	theorem
MD	Poincare.D9.ParabolicEstimates.Basic	Poincare.D9.ParabolicEstimates.EnergyFunctional.mk._flat_ctor	def
MD	Poincare.D9.ParabolicEstimates.Basic	Poincare.D9.ParabolicEstimates.DirichletForm.mk.noConfusion	def
MD	Poincare.D9.ParabolicEstimates.Basic	Poincare.D9.ParabolicEstimates.ClassicalSolution.recOn	def
MD	Poincare.D9.ParabolicEstimates.Basic	Poincare.D9.ParabolicEstimates.DirichletForm.form	def
MD	Poincare.D9.ParabolicEstimates.Basic	Poincare.D9.ParabolicEstimates.ParabolicL2Bound	def
MD	Poincare.D9.ParabolicEstimates.Basic	Poincare.D9.ParabolicEstimates.parabolicL2Bound_of_energyIdentity	theorem
MD	Poincare.D9.ParabolicEstimates.Basic	Poincare.D9.ParabolicEstimates.ClassicalSolution.mk.inj	theorem
MD	Poincare.D9.ParabolicEstimates.Basic	Poincare.D9.ParabolicEstimates.WeakSolution.casesOn	def
MD	Poincare.D9.ParabolicEstimates.Basic	Poincare.D9.ParabolicEstimates.WeakSolution.ctorIdx	def
MD	Poincare.D9.ParabolicEstimates.Basic	Poincare.D9.ParabolicEstimates.zero_parabolicL2Bound	theorem
MD	Poincare.D9.ParabolicEstimates.Basic	Poincare.D9.ParabolicEstimates.ClassicalSolution.casesOn	def
MD	Poincare.D9.ParabolicEstimates.Basic	Poincare.D9.ParabolicEstimates.DirichletForm	inductive
MD	Poincare.D9.ParabolicEstimates.Basic	Poincare.D9.ParabolicEstimates.DirichletForm.nonneg	theorem
MD	Poincare.D9.ParabolicEstimates.Basic	Poincare.D9.ParabolicEstimates.EnergyFunctional.noConfusion	def
MD	Poincare.D9.ParabolicEstimates.Basic	Poincare.D9.ParabolicEstimates.WeakSolution.toEnergyFunctional	def
MD	Poincare.D9.ParabolicEstimates.Basic	Poincare.D9.ParabolicEstimates.EnergyFunctional.noConfusionType	def
MD	Poincare.D9.ParabolicEstimates.Basic	Poincare.D9.ParabolicEstimates.zeroEnergyFunctional	def
MD	Poincare.D9.ParabolicEstimates.Basic	Poincare.D9.ParabolicEstimates.DirichletForm.mk	ctor
MD	Poincare.D9.ParabolicEstimates.Basic	Poincare.D9.ParabolicEstimates.WeakSolution.u_mem_testClass	theorem
MD	Poincare.D9.ParabolicEstimates.Basic	Poincare.D9.ParabolicEstimates.WeakSolution._sizeOf_inst	def
MD	Poincare.D9.ParabolicEstimates.Basic	Poincare.D9.ParabolicEstimates.DirichletForm.ctorIdx	def
MD	Poincare.D9.ParabolicEstimates.Basic	Poincare.D9.ParabolicEstimates.zeroEnergyFunctional._proof_1	theorem
MD	Poincare.D9.ParabolicEstimates.Basic	Poincare.D9.ParabolicEstimates.EnergyFunctional.rec	recursor
MD	Poincare.D9.ParabolicEstimates.Basic	Poincare.D9.ParabolicEstimates.zeroWeakSolution	def
MD	Poincare.D9.ParabolicEstimates.Basic	Poincare.D9.ParabolicEstimates.zeroWeakSolution._proof_2	theorem
MD	Poincare.D9.ParabolicEstimates.Basic	Poincare.D9.ParabolicEstimates.zeroWeakSolution.eq_1	theorem
MD	Poincare.D9.ParabolicEstimates.Basic	Poincare.D9.ParabolicEstimates.WeakSolution.noConfusion	def
MD	Poincare.D9.ParabolicEstimates.Basic	Poincare.D9.ParabolicEstimates.zeroEnergyFunctional._proof_2	theorem
MD	Poincare.D9.ParabolicEstimates.Basic	Poincare.D9.ParabolicEstimates.EnergyFunctional.u	def
MD	Poincare.D9.ParabolicEstimates.Basic	Poincare.D9.ParabolicEstimates.EnergyFunctional.mk.inj	theorem
MD	Poincare.D9.ParabolicEstimates.Basic	Poincare.D9.ParabolicEstimates.EnergyFunctional.energy_eq	theorem
MD	Poincare.D9.ParabolicEstimates.Basic	Poincare.D9.ParabolicEstimates.WeakSolution._sizeOf_1	def
MD	Poincare.D9.ParabolicEstimates.Basic	Poincare.D9.ParabolicEstimates.WeakSolution.mk.inj	theorem
MD	Poincare.D9.ParabolicEstimates.Basic	Poincare.D9.ParabolicEstimates.zeroDirichletForm.eq_1	theorem
MD	Poincare.D9.ParabolicEstimates.Basic	Poincare.D9.ParabolicEstimates.ClassicalSolution._sizeOf_inst	def
MD	Poincare.D9.ParabolicEstimates.Basic	Poincare.D9.ParabolicEstimates.forcingEnergy	def
MD	Poincare.D9.ParabolicEstimates.Basic	Poincare.D9.ParabolicEstimates.EnergyFunctional.ctorIdx	def
MD	Poincare.D9.ParabolicEstimates.Basic	Poincare.D9.ParabolicEstimates.WeakSolution.mk	ctor
MD	Poincare.D9.ParabolicEstimates.Basic	Poincare.D9.ParabolicEstimates.ClassicalSolution.mk	ctor
MD	Poincare.D9.ParabolicEstimates.Basic	Poincare.D9.ParabolicEstimates.energyDensity	def
MD	Poincare.D9.ParabolicEstimates.Basic	Poincare.D9.ParabolicEstimates.DirichletForm.mk._flat_ctor	def
MD	Poincare.D9.ParabolicEstimates.Basic	Poincare.D9.ParabolicEstimates.WeakSolution.mk.noConfusion	def
MD	Poincare.D9.ParabolicEstimates.Basic	Poincare.D9.ParabolicEstimates.ClassicalSolution.mk.injEq	theorem
MD	Poincare.D9.ParabolicEstimates.Basic	Poincare.D9.ParabolicEstimates.zeroDirichletForm._proof_2	theorem
MD	Poincare.D9.ParabolicEstimates.Basic	Poincare.D9.ParabolicEstimates.ClassicalSolution.ctorIdx	def
MD	Poincare.D9.ParabolicEstimates.Basic	Poincare.D9.ParabolicEstimates.WeakSolution	inductive
MD	Poincare.D9.ParabolicEstimates.Basic	Poincare.D9.ParabolicEstimates.EnergyIdentityStatement._proof_2	theorem
MD	Poincare.D9.ParabolicEstimates.Basic	Poincare.D9.ParabolicEstimates.ClassicalSolution.noConfusionType	def
MD	Poincare.D9.ParabolicEstimates.Basic	Poincare.D9.ParabolicEstimates.DirichletForm.mk.injEq	theorem
MD	Poincare.D9.ParabolicEstimates.Basic	Poincare.D9.ParabolicEstimates.DirichletForm.mk.sizeOf_spec	theorem
MD	Poincare.D9.ParabolicEstimates.Basic	Poincare.D9.ParabolicEstimates.EnergyIdentityStatement._proof_1	theorem
MD	Poincare.D9.ParabolicEstimates.Basic	Poincare.D9.ParabolicEstimates.WeakSolution.mk.congr_simp	theorem
MD	Poincare.D9.ParabolicEstimates.Basic	Poincare.D9.ParabolicEstimates.EnergyFunctional.energy_eq_integral	theorem
MD	Poincare.D9.ParabolicEstimates.Basic	Poincare.D9.ParabolicEstimates.DirichletForm._sizeOf_1	def
MD	Poincare.D9.ParabolicEstimates.Basic	Poincare.D9.ParabolicEstimates.DirichletForm.casesOn	def
MD	Poincare.D9.ParabolicEstimates.Basic	Poincare.D9.ParabolicEstimates.WeakSolution.noConfusionType	def
MD	Poincare.D9.ParabolicEstimates.Basic	Poincare.D9.ParabolicEstimates.WeakSolution.testClass	def
MD	Poincare.D9.ParabolicEstimates.Basic	Poincare.D9.ParabolicEstimates.zeroWeakSolution._proof_1	theorem
MD	Poincare.D9.ParabolicEstimates.Basic	Poincare.D9.ParabolicEstimates.zeroDirichletForm	def
MD	Poincare.D9.ParabolicEstimates.Basic	Poincare.D9.ParabolicEstimates.DirichletForm.noConfusion	def
MD	Poincare.D9.ParabolicEstimates.Basic	Poincare.D9.ParabolicEstimates.EnergyFunctional.f	def
MD	Poincare.D9.ParabolicEstimates.Basic	Poincare.D9.ParabolicEstimates.zeroClassicalSolution.eq_1	theorem
MD	Poincare.D9.ParabolicEstimates.Basic	Poincare.D9.ParabolicEstimates.WeakSolution.weak_equation	theorem
MD	Poincare.D9.ParabolicEstimates.Basic	Poincare.D9.ParabolicEstimates.EnergyFunctional.casesOn	def
MD	Poincare.D9.ParabolicEstimates.Basic	Poincare.D9.ParabolicEstimates.EnergyFunctional.E	def
MD	Poincare.D9.ParabolicEstimates.Basic	Poincare.D9.ParabolicEstimates.ClassicalSolution.mk._flat_ctor	def
MD	Poincare.D9.ParabolicEstimates.Basic	Poincare.D9.ParabolicEstimates.DirichletForm.rec	recursor
MD	Poincare.D9.ParabolicEstimates.Basic	Poincare.D9.ParabolicEstimates.EnergyFunctional.mk.injEq	theorem
MD	Poincare.D9.ParabolicEstimates.Basic	Poincare.D9.ParabolicEstimates.ClassicalSolution.mk.noConfusion	def
MD	Poincare.D9.ParabolicEstimates.Basic	Poincare.D9.ParabolicEstimates.WeakSolution.mk.sizeOf_spec	theorem
MD	Poincare.D9.ParabolicEstimates.Basic	Poincare.D9.ParabolicEstimates.EnergyIdentityStatement	def
MD	Poincare.D9.ParabolicEstimates.Basic	Poincare.D9.ParabolicEstimates.ClassicalSolution.rec	recursor
MD	Poincare.D9.ParabolicEstimates.Basic	Poincare.D9.ParabolicEstimates.DirichletForm.symm	theorem
MD	Poincare.D9.ParabolicEstimates.Basic	Poincare.D9.ParabolicEstimates.ClassicalSolution._sizeOf_1	def
MD	Poincare.D9.ParabolicEstimates.Basic	Poincare.D9.ParabolicEstimates.EnergyFunctional._sizeOf_1	def
MD	Poincare.D9.ParabolicEstimates.Basic	Poincare.D9.ParabolicEstimates.zeroEnergyFunctional.eq_1	theorem
MD	Poincare.D9.ParabolicEstimates.Basic	Poincare.D9.ParabolicEstimates.DirichletForm._sizeOf_inst	def
MD	Poincare.D9.ParabolicEstimates.Basic	Poincare.D9.ParabolicEstimates.ClassicalSolution	inductive
MD	Poincare.D9.ParabolicEstimates.Basic	Poincare.D9.ParabolicEstimates.WeakSolution.recOn	def
MD	Poincare.D9.ParabolicEstimates.Basic	Poincare.D9.ParabolicEstimates.EnergyFunctional.mk.sizeOf_spec	theorem
MD	Poincare.D9.ParabolicEstimates.Basic	Poincare.D9.ParabolicEstimates.ClassicalSolution.energy_identity	theorem
MD	Poincare.D9.ParabolicEstimates.Basic	Poincare.D9.ParabolicEstimates.ClassicalSolution.mk.sizeOf_spec	theorem
MD	Poincare.D9.ParabolicEstimates.Basic	Poincare.D9.ParabolicEstimates.DirichletForm.mk.inj	theorem
MD	Poincare.D9.ParabolicEstimates.Basic	Poincare.D9.ParabolicEstimates.DirichletForm.mk.congr_simp	theorem
MD	Poincare.D9.ParabolicEstimates.Basic	Poincare.D9.ParabolicEstimates.WeakSolution.D	def
MD	Poincare.D9.ParabolicEstimates.Basic	Poincare.D9.ParabolicEstimates.WeakSolution.rec	recursor
MD	Poincare.D9.ParabolicEstimates.Basic	Poincare.D9.ParabolicEstimates.ClassicalSolution.toWeakSolution	def
MD	Poincare.D9.ParabolicEstimates.Basic	Poincare.D9.ParabolicEstimates.EnergyFunctional.mk.noConfusion	def
MD	Poincare.D9.ParabolicEstimates.Basic	Poincare.D9.ParabolicEstimates.forcingEnergy.eq_1	theorem
MD	Poincare.D9.ParabolicEstimates.Basic	Poincare.D9.ParabolicEstimates.zeroClassicalSolution._proof_1	theorem
