MD	Poincare.D9.ParabolicEstimates.Statements	Poincare.D9.ParabolicEstimates.parabolicL2AprioriEstimate_iff	theorem
MD	Poincare.D9.ParabolicEstimates.Statements	Poincare.D9.ParabolicEstimates.ParabolicData.noConfusionType	def
MD	Poincare.D9.ParabolicEstimates.Statements	Poincare.D9.ParabolicEstimates.parabolicL2AprioriEstimate_matrix	theorem
MD	Poincare.D9.ParabolicEstimates.Statements	Poincare.D9.ParabolicEstimates.SobolevScale.casesOn	def
MD	Poincare.D9.ParabolicEstimates.Statements	Poincare.D9.ParabolicEstimates.matrixParabolicData._proof_2	theorem
MD	Poincare.D9.ParabolicEstimates.Statements	Poincare.D9.ParabolicEstimates.ParabolicData.weak_equation	theorem
MD	Poincare.D9.ParabolicEstimates.Statements	Poincare.D9.ParabolicEstimates.SobolevEmbeddingStatement	def
MD	Poincare.D9.ParabolicEstimates.Statements	Poincare.D9.ParabolicEstimates.ParabolicData.noConfusion	def
MD	Poincare.D9.ParabolicEstimates.Statements	Poincare.D9.ParabolicEstimates.matrixParabolicData._proof_4	theorem
MD	Poincare.D9.ParabolicEstimates.Statements	Poincare.D9.ParabolicEstimates.sobolevEmbeddingH2ToContinuous_unit	theorem
MD	Poincare.D9.ParabolicEstimates.Statements	Poincare.D9.ParabolicEstimates.closedManifoldParabolicSmoothingEstimate_iff	theorem
MD	Poincare.D9.ParabolicEstimates.Statements	Poincare.D9.ParabolicEstimates.ParabolicData._sizeOf_inst	def
MD	Poincare.D9.ParabolicEstimates.Statements	Poincare.D9.ParabolicEstimates.ClosedManifoldParabolicSmoothingEstimate	def
MD	Poincare.D9.ParabolicEstimates.Statements	Poincare.D9.ParabolicEstimates.sobolevEmbeddingH2ToContinuous_zero	theorem
MD	Poincare.D9.ParabolicEstimates.Statements	Poincare.D9.ParabolicEstimates.unitSobolevScale	def
MD	Poincare.D9.ParabolicEstimates.Statements	Poincare.D9.ParabolicEstimates.GagliardoNirenbergInterpolationStatement	def
MD	Poincare.D9.ParabolicEstimates.Statements	Poincare.D9.ParabolicEstimates.ParabolicEnergyDissipationEstimate	def
MD	Poincare.D9.ParabolicEstimates.Statements	Poincare.D9.ParabolicEstimates.SobolevScale.recOn	def
MD	Poincare.D9.ParabolicEstimates.Statements	Poincare.D9.ParabolicEstimates.SobolevScale.mk._flat_ctor	def
MD	Poincare.D9.ParabolicEstimates.Statements	Poincare.D9.ParabolicEstimates.ParabolicData.rec	recursor
MD	Poincare.D9.ParabolicEstimates.Statements	Poincare.D9.ParabolicEstimates.SobolevScale._sizeOf_inst	def
MD	Poincare.D9.ParabolicEstimates.Statements	Poincare.D9.ParabolicEstimates.SobolevEmbeddingH1ToL6._proof_1	theorem
MD	Poincare.D9.ParabolicEstimates.Statements	Poincare.D9.ParabolicEstimates.PoincareInequalityStatement	def
MD	Poincare.D9.ParabolicEstimates.Statements	Poincare.D9.ParabolicEstimates.SobolevScale.supNorm	def
MD	Poincare.D9.ParabolicEstimates.Statements	Poincare.D9.ParabolicEstimates.SobolevScale.noConfusion	def
MD	Poincare.D9.ParabolicEstimates.Statements	Poincare.D9.ParabolicEstimates.matrixParabolicData._proof_5	theorem
MD	Poincare.D9.ParabolicEstimates.Statements	Poincare.D9.ParabolicEstimates.SobolevScale.mk	ctor
MD	Poincare.D9.ParabolicEstimates.Statements	Poincare.D9.ParabolicEstimates.ParabolicData.dirichlet_nonneg	theorem
MD	Poincare.D9.ParabolicEstimates.Statements	Poincare.D9.ParabolicEstimates.SobolevScale.mk.inj	theorem
MD	Poincare.D9.ParabolicEstimates.Statements	Poincare.D9.ParabolicEstimates.SobolevScale.ctorIdx	def
MD	Poincare.D9.ParabolicEstimates.Statements	Poincare.D9.ParabolicEstimates.ParabolicData.casesOn	def
MD	Poincare.D9.ParabolicEstimates.Statements	Poincare.D9.ParabolicEstimates.ParabolicData.mk.noConfusion	def
MD	Poincare.D9.ParabolicEstimates.Statements	Poincare.D9.ParabolicEstimates.ParabolicData.mk	ctor
MD	Poincare.D9.ParabolicEstimates.Statements	Poincare.D9.ParabolicEstimates.poincare_zero	theorem
MD	Poincare.D9.ParabolicEstimates.Statements	Poincare.D9.ParabolicEstimates.sobolevEmbeddingH1ToL6_zero	theorem
MD	Poincare.D9.ParabolicEstimates.Statements	Poincare.D9.ParabolicEstimates.ParabolicData	inductive
MD	Poincare.D9.ParabolicEstimates.Statements	Poincare.D9.ParabolicEstimates.ManifoldEnergyIdentity._proof_1	theorem
MD	Poincare.D9.ParabolicEstimates.Statements	Poincare.D9.ParabolicEstimates.ParabolicData.testClass	def
MD	Poincare.D9.ParabolicEstimates.Statements	Poincare.D9.ParabolicEstimates.zeroSobolevScale	def
MD	Poincare.D9.ParabolicEstimates.Statements	Poincare.D9.ParabolicEstimates.SobolevEmbeddingH2ToContinuous	def
MD	Poincare.D9.ParabolicEstimates.Statements	Poincare.D9.ParabolicEstimates.ParabolicData.dirichlet_symm	theorem
MD	Poincare.D9.ParabolicEstimates.Statements	Poincare.D9.ParabolicEstimates.ParabolicData._sizeOf_1	def
MD	Poincare.D9.ParabolicEstimates.Statements	Poincare.D9.ParabolicEstimates.SobolevScale.mk.sizeOf_spec	theorem
MD	Poincare.D9.ParabolicEstimates.Statements	Poincare.D9.ParabolicEstimates.ParabolicData.mk._flat_ctor	def
MD	Poincare.D9.ParabolicEstimates.Statements	Poincare.D9.ParabolicEstimates.sobolevEmbeddingH1ToL6_unit	theorem
MD	Poincare.D9.ParabolicEstimates.Statements	Poincare.D9.ParabolicEstimates.ParabolicData.E	def
MD	Poincare.D9.ParabolicEstimates.Statements	Poincare.D9.ParabolicEstimates.SobolevScale	inductive
MD	Poincare.D9.ParabolicEstimates.Statements	Poincare.D9.ParabolicEstimates.SobolevScale.mean	def
MD	Poincare.D9.ParabolicEstimates.Statements	Poincare.D9.ParabolicEstimates.ParabolicL2AprioriEstimate	def
MD	Poincare.D9.ParabolicEstimates.Statements	Poincare.D9.ParabolicEstimates.ParabolicSmoothingEstimate	def
MD	Poincare.D9.ParabolicEstimates.Statements	Poincare.D9.ParabolicEstimates.ParabolicData.u_mem_testClass	theorem
MD	Poincare.D9.ParabolicEstimates.Statements	Poincare.D9.ParabolicEstimates.SobolevScale._sizeOf_1	def
MD	Poincare.D9.ParabolicEstimates.Statements	Poincare.D9.ParabolicEstimates.manifoldEnergyIdentity_of_data	theorem
MD	Poincare.D9.ParabolicEstimates.Statements	Poincare.D9.ParabolicEstimates.SobolevScale.rec	recursor
MD	Poincare.D9.ParabolicEstimates.Statements	Poincare.D9.ParabolicEstimates.ClosedManifoldSobolevEmbeddingH2ToContinuous	def
MD	Poincare.D9.ParabolicEstimates.Statements	Poincare.D9.ParabolicEstimates.ParabolicData.energy_identity	theorem
MD	Poincare.D9.ParabolicEstimates.Statements	Poincare.D9.ParabolicEstimates.RellichKondrachovStatement	def
MD	Poincare.D9.ParabolicEstimates.Statements	Poincare.D9.ParabolicEstimates.ParabolicData.mk.inj	theorem
MD	Poincare.D9.ParabolicEstimates.Statements	Poincare.D9.ParabolicEstimates.ParabolicData.energy_eq	theorem
MD	Poincare.D9.ParabolicEstimates.Statements	Poincare.D9.ParabolicEstimates.ParabolicData.mk.injEq	theorem
MD	Poincare.D9.ParabolicEstimates.Statements	Poincare.D9.ParabolicEstimates.SobolevScale.noConfusionType	def
MD	Poincare.D9.ParabolicEstimates.Statements	Poincare.D9.ParabolicEstimates.poincare_unit	theorem
MD	Poincare.D9.ParabolicEstimates.Statements	Poincare.D9.ParabolicEstimates.ParabolicData.u	def
MD	Poincare.D9.ParabolicEstimates.Statements	Poincare.D9.ParabolicEstimates.ParabolicL2ToHkSmoothing	def
MD	Poincare.D9.ParabolicEstimates.Statements	Poincare.D9.ParabolicEstimates.SobolevEmbeddingH1ToL6	def
MD	Poincare.D9.ParabolicEstimates.Statements	Poincare.D9.ParabolicEstimates.SobolevScale.mk.noConfusion	def
MD	Poincare.D9.ParabolicEstimates.Statements	Poincare.D9.ParabolicEstimates.ParabolicData.recOn	def
MD	Poincare.D9.ParabolicEstimates.Statements	Poincare.D9.ParabolicEstimates.ClosedManifoldParabolicL2AprioriEstimate	def
MD	Poincare.D9.ParabolicEstimates.Statements	Poincare.D9.ParabolicEstimates.matrixParabolicData	def
MD	Poincare.D9.ParabolicEstimates.Statements	Poincare.D9.ParabolicEstimates.ManifoldEnergyIdentity	def
MD	Poincare.D9.ParabolicEstimates.Statements	Poincare.D9.ParabolicEstimates.SobolevScale.sobolevNorm	def
MD	Poincare.D9.ParabolicEstimates.Statements	Poincare.D9.ParabolicEstimates.SobolevEmbeddingHkToContinuous	def
MD	Poincare.D9.ParabolicEstimates.Statements	Poincare.D9.ParabolicEstimates.closedManifoldParabolicL2AprioriEstimate_iff	theorem
MD	Poincare.D9.ParabolicEstimates.Statements	Poincare.D9.ParabolicEstimates.ParabolicData.ctorIdx	def
MD	Poincare.D9.ParabolicEstimates.Statements	Poincare.D9.ParabolicEstimates.ParabolicData.mk.sizeOf_spec	theorem
MD	Poincare.D9.ParabolicEstimates.Statements	Poincare.D9.ParabolicEstimates.parabolicSmoothingEstimate_zero	theorem
MD	Poincare.D9.ParabolicEstimates.Statements	Poincare.D9.ParabolicEstimates.rellichKondrachov_zero	theorem
MD	Poincare.D9.ParabolicEstimates.Statements	Poincare.D9.ParabolicEstimates.zeroSobolevScale.eq_1	theorem
MD	Poincare.D9.ParabolicEstimates.Statements	Poincare.D9.ParabolicEstimates.ParabolicData.f	def
MD	Poincare.D9.ParabolicEstimates.Statements	Poincare.D9.ParabolicEstimates.ManifoldEnergyIdentity._proof_2	theorem
MD	Poincare.D9.ParabolicEstimates.Statements	Poincare.D9.ParabolicEstimates.unitSobolevScale.eq_1	theorem
MD	Poincare.D9.ParabolicEstimates.Statements	Poincare.D9.ParabolicEstimates.SobolevScale.mk.injEq	theorem
MD	Poincare.D9.ParabolicEstimates.Statements	Poincare.D9.ParabolicEstimates.ClosedManifoldParabolicEnergyDissipationEstimate	def
MD	Poincare.D9.ParabolicEstimates.Statements	Poincare.D9.ParabolicEstimates.ClosedManifoldSobolevEmbeddingH1ToL6	def
MD	Poincare.D9.ParabolicEstimates.Statements	Poincare.D9.ParabolicEstimates.matrixParabolicData._proof_1	theorem
MD	Poincare.D9.ParabolicEstimates.Statements	Poincare.D9.ParabolicEstimates.ParabolicData.μ	def
MD	Poincare.D9.ParabolicEstimates.Statements	Poincare.D9.ParabolicEstimates.ParabolicData.dirichlet	def
MD	Poincare.D9.ParabolicEstimates.Statements	Poincare.D9.ParabolicEstimates.sobolevEmbedding_zero	theorem
MD	Poincare.D9.ParabolicEstimates.Statements	Poincare.D9.ParabolicEstimates.matrixParabolicData._proof_3	theorem
