MD	Poincare.Longrun.Evolution.Bridge	Poincare.Longrun.Evolution.FiniteRepresentsContinuousPerelman	def
MD	Poincare.Longrun.Evolution.Bridge	Poincare.Longrun.Evolution.PerelmanApproximation	inductive
MD	Poincare.Longrun.Evolution.Bridge	Poincare.Longrun.Evolution.FiniteMeshConvergence	def
MD	Poincare.Longrun.Evolution.Bridge	Poincare.Longrun.Evolution.PerelmanEvolutionBoundary.mk._flat_ctor	def
MD	Poincare.Longrun.Evolution.Bridge	Poincare.Longrun.Evolution.PerelmanApproximation.mk	ctor
MD	Poincare.Longrun.Evolution.Bridge	Poincare.Longrun.Evolution.PerelmanEvolutionBoundary.entropy_bridge	theorem
MD	Poincare.Longrun.Evolution.Bridge	Poincare.Longrun.Evolution.tendsto_perelmanF	theorem
MD	Poincare.Longrun.Evolution.Bridge	Poincare.Longrun.Evolution.PerelmanEvolutionBoundary.casesOn	def
MD	Poincare.Longrun.Evolution.Bridge	Poincare.Longrun.Evolution.PerelmanApproximation.rec	recursor
MD	Poincare.Longrun.Evolution.Bridge	Poincare.Longrun.Evolution.PerelmanEvolutionBoundary.rec	recursor
MD	Poincare.Longrun.Evolution.Bridge	Poincare.Longrun.Evolution.PerelmanApproximation.noConfusionType	def
MD	Poincare.Longrun.Evolution.Bridge	Poincare.Longrun.Evolution.PerelmanApproximation.casesOn	def
MD	Poincare.Longrun.Evolution.Bridge	Poincare.Longrun.Evolution.perelmanF_limit_le_of_discrete	theorem
MD	Poincare.Longrun.Evolution.Bridge	Poincare.Longrun.Evolution.PerelmanEvolutionBoundary.identification	theorem
MD	Poincare.Longrun.Evolution.Bridge	Poincare.Longrun.Evolution.continuousPerelmanFMonotone_of_approximation	theorem
MD	Poincare.Longrun.Evolution.Bridge	Poincare.Longrun.Evolution.PerelmanApproximation.mk.noConfusion	def
MD	Poincare.Longrun.Evolution.Bridge	Poincare.Longrun.Evolution.PerelmanApproximation.hc	theorem
MD	Poincare.Longrun.Evolution.Bridge	Poincare.Longrun.Evolution.perelmanF_monotone_of_tensorBridge	theorem
MD	Poincare.Longrun.Evolution.Bridge	Poincare.Longrun.Evolution.PerelmanEvolutionBoundary	inductive
MD	Poincare.Longrun.Evolution.Bridge	Poincare.Longrun.Evolution.PerelmanApproximation.evolves	theorem
MD	Poincare.Longrun.Evolution.Bridge	Poincare.Longrun.Evolution.PerelmanApproximation.identification	theorem
MD	Poincare.Longrun.Evolution.Bridge	Poincare.Longrun.Evolution.PerelmanEvolutionBoundary.recOn	def
MD	Poincare.Longrun.Evolution.Bridge	Poincare.Longrun.Evolution.PerelmanEvolutionBoundary.tensor_realization	theorem
MD	Poincare.Longrun.Evolution.Bridge	Poincare.Longrun.Evolution.PerelmanApproximation.recOn	def
MD	Poincare.Longrun.Evolution.Bridge	Poincare.Longrun.Evolution.PerelmanEvolutionBoundary.evolves	theorem
MD	Poincare.Longrun.Evolution.Bridge	Poincare.Longrun.Evolution.PerelmanApproximation._sizeOf_inst	def
MD	Poincare.Longrun.Evolution.Bridge	Poincare.Longrun.Evolution.PerelmanEvolutionBoundary.mk	ctor
MD	Poincare.Longrun.Evolution.Bridge	Poincare.Longrun.Evolution.PerelmanApproximation.mk.sizeOf_spec	theorem
MD	Poincare.Longrun.Evolution.Bridge	Poincare.Longrun.Evolution.PerelmanApproximation._sizeOf_1	def
MD	Poincare.Longrun.Evolution.Bridge	Poincare.Longrun.Evolution.PerelmanApproximation.ctorIdx	def
MD	Poincare.Longrun.Evolution.Bridge	Poincare.Longrun.Evolution.PerelmanApproximation.noConfusion	def
MD	Poincare.Longrun.Evolution.Bridge	Poincare.Longrun.Evolution.ContinuousPerelmanFMonotonicity	def
MD	Poincare.Longrun.Evolution.Bridge	Poincare.Longrun.Evolution.PerelmanApproximation.mk._flat_ctor	def
MD	Poincare.Longrun.Evolution.Bridge	Poincare.Longrun.Evolution.PerelmanEvolutionBoundary.hc	theorem
