MD	Poincare.Longrun.Geometry.LeviCivitaBlocked	Poincare.Longrun.Geometry.IsMetricCompatible._proof_1	theorem
MD	Poincare.Longrun.Geometry.LeviCivitaBlocked	Poincare.Longrun.Geometry.CovariantDerivativeCurvatureStatement	def
MD	Poincare.Longrun.Geometry.LeviCivitaBlocked	Poincare.Longrun.Geometry.meanConnection_isMetricCompatible_iff	theorem
MD	Poincare.Longrun.Geometry.LeviCivitaBlocked	Poincare.Longrun.Geometry.IsMetricCompatible	def
MD	Poincare.Longrun.Geometry.LeviCivitaBlocked	Poincare.Longrun.Geometry.LeviCivitaData.isLeviCivita	theorem
MD	Poincare.Longrun.Geometry.LeviCivitaBlocked	Poincare.Longrun.Geometry.leviCivita_nabla_unique	theorem
MD	Poincare.Longrun.Geometry.LeviCivitaBlocked	Poincare.Longrun.Geometry.LeviCivitaData.mk	ctor
MD	Poincare.Longrun.Geometry.LeviCivitaBlocked	Poincare.Longrun.Geometry.LeviCivitaData.nabla	def
MD	Poincare.Longrun.Geometry.LeviCivitaBlocked	Poincare.Longrun.Geometry.CovariantDerivativeCurvatureStatement._proof_1	theorem
MD	Poincare.Longrun.Geometry.LeviCivitaBlocked	Poincare.Longrun.Geometry.LeviCivitaData.toCurvatureOperator_apply	theorem
MD	Poincare.Longrun.Geometry.LeviCivitaBlocked	Poincare.Longrun.Geometry.LeviCivitaData.toCurvatureOperator	def
MD	Poincare.Longrun.Geometry.LeviCivitaBlocked	Poincare.Longrun.Geometry.LeviCivitaData	inductive
MD	Poincare.Longrun.Geometry.LeviCivitaBlocked	Poincare.Longrun.Geometry.LeviCivitaData.recOn	def
MD	Poincare.Longrun.Geometry.LeviCivitaBlocked	Poincare.Longrun.Geometry.LeviCivitaData.mk.noConfusion	def
MD	Poincare.Longrun.Geometry.LeviCivitaBlocked	Poincare.Longrun.Geometry.LeviCivitaData.casesOn	def
MD	Poincare.Longrun.Geometry.LeviCivitaBlocked	Poincare.Longrun.Geometry.LeviCivitaData.metric_compatible	theorem
MD	Poincare.Longrun.Geometry.LeviCivitaBlocked	Poincare.Longrun.Geometry.LeviCivitaData.mk._flat_ctor	def
MD	Poincare.Longrun.Geometry.LeviCivitaBlocked	Poincare.Longrun.Geometry.IsTorsionFree._proof_1	theorem
MD	Poincare.Longrun.Geometry.LeviCivitaBlocked	Poincare.Longrun.Geometry.IsTorsionFree	def
MD	Poincare.Longrun.Geometry.LeviCivitaBlocked	Poincare.Longrun.Geometry.LeviCivitaData.noConfusionType	def
MD	Poincare.Longrun.Geometry.LeviCivitaBlocked	Poincare.Longrun.Geometry.LeviCivitaData._sizeOf_1	def
MD	Poincare.Longrun.Geometry.LeviCivitaBlocked	Poincare.Longrun.Geometry.LeviCivitaData.ctorIdx	def
MD	Poincare.Longrun.Geometry.LeviCivitaBlocked	Poincare.Longrun.Geometry.LeviCivitaData.mk.injEq	theorem
MD	Poincare.Longrun.Geometry.LeviCivitaBlocked	Poincare.Longrun.Geometry.LeviCivitaData.ext	theorem
MD	Poincare.Longrun.Geometry.LeviCivitaBlocked	Poincare.Longrun.Geometry.LeviCivitaData.mk.sizeOf_spec	theorem
MD	Poincare.Longrun.Geometry.LeviCivitaBlocked	Poincare.Longrun.Geometry.leviCivita_nabla_unique._abel_1_2	theorem
MD	Poincare.Longrun.Geometry.LeviCivitaBlocked	Poincare.Longrun.Geometry.leviCivita_nabla_unique._abel_1_1	theorem
MD	Poincare.Longrun.Geometry.LeviCivitaBlocked	Poincare.Longrun.Geometry.LeviCivitaExistenceStatement	def
MD	Poincare.Longrun.Geometry.LeviCivitaBlocked	Poincare.Longrun.Geometry.LeviCivitaData.rec	recursor
MD	Poincare.Longrun.Geometry.LeviCivitaBlocked	Poincare.Longrun.Geometry.LeviCivitaData.torsion_free	theorem
MD	Poincare.Longrun.Geometry.LeviCivitaBlocked	Poincare.Longrun.Geometry.LeviCivitaData._sizeOf_inst	def
MD	Poincare.Longrun.Geometry.LeviCivitaBlocked	Poincare.Longrun.Geometry.leviCivitaExistence_iff_nonempty	theorem
MD	Poincare.Longrun.Geometry.LeviCivitaBlocked	Poincare.Longrun.Geometry.CovariantDerivativeCurvatureStatement._proof_2	theorem
MD	Poincare.Longrun.Geometry.LeviCivitaBlocked	Poincare.Longrun.Geometry.LeviCivitaData.noConfusion	def
MD	Poincare.Longrun.Geometry.LeviCivitaBlocked	Poincare.Longrun.Geometry.IsTorsionFree._proof_2	theorem
MD	Poincare.Longrun.Geometry.LeviCivitaBlocked	Poincare.Longrun.Geometry.LeviCivitaData.mk.inj	theorem
MD	Poincare.Longrun.Geometry.LeviCivitaBlocked	Poincare.Longrun.Geometry.IsLeviCivita	def
MD	Poincare.Longrun.Geometry.LeviCivitaBlocked	Poincare.Longrun.Geometry.LeviCivitaData.mk.congr_simp	theorem
