MD	Poincare.Longrun.Geometry.MetricData	Poincare.Longrun.Geometry.MetricData	inductive
MD	Poincare.Longrun.Geometry.MetricData	Poincare.Longrun.Geometry.MetricData.symm	theorem
MD	Poincare.Longrun.Geometry.MetricData	Poincare.CurvatureAlgebra.CurvatureOperator.scalarCurvature.eq_1	theorem
MD	Poincare.Longrun.Geometry.MetricData	Poincare.Longrun.Geometry.MetricData.raiseIndex	def
MD	Poincare.Longrun.Geometry.MetricData	Poincare.Longrun.Geometry.MetricData.raiseIndex._proof_7	theorem
MD	Poincare.Longrun.Geometry.MetricData	Poincare.Longrun.Geometry.MetricData.pos_def	theorem
MD	Poincare.Longrun.Geometry.MetricData	Poincare.Longrun.Geometry.MetricData.mk.inj	theorem
MD	Poincare.Longrun.Geometry.MetricData	Poincare.Longrun.Geometry.MetricData.noConfusion	def
MD	Poincare.Longrun.Geometry.MetricData	Poincare.Longrun.Geometry.MetricData.mk._flat_ctor	def
MD	Poincare.Longrun.Geometry.MetricData	Poincare.Longrun.Geometry.MetricData.raiseIndex_apply	theorem
MD	Poincare.Longrun.Geometry.MetricData	Poincare.Longrun.Geometry.MetricData.raiseIndex._proof_8	theorem
MD	Poincare.Longrun.Geometry.MetricData	Poincare.Longrun.Geometry.MetricData.mk.sizeOf_spec	theorem
MD	Poincare.Longrun.Geometry.MetricData	Poincare.Longrun.Geometry.MetricData.bilin_apply_eq_sum	theorem
MD	Poincare.Longrun.Geometry.MetricData	Poincare.Longrun.Geometry.MetricData.form_raiseIndex	theorem
MD	Poincare.Longrun.Geometry.MetricData	Poincare.Longrun.Geometry.MetricData.noConfusionType	def
MD	Poincare.Longrun.Geometry.MetricData	Poincare.Longrun.Geometry.MetricData.form_self_nonneg	theorem
MD	Poincare.Longrun.Geometry.MetricData	Poincare.Longrun.Geometry.MetricData.raiseIndex._proof_9	theorem
MD	Poincare.Longrun.Geometry.MetricData	Poincare.Longrun.Geometry.MetricData.mk	ctor
MD	Poincare.Longrun.Geometry.MetricData	Poincare.Longrun.Geometry.MetricData.mk.injEq	theorem
MD	Poincare.Longrun.Geometry.MetricData	Poincare.Longrun.Geometry.MetricData.raiseIndex_eq_sum_smulRight	theorem
MD	Poincare.Longrun.Geometry.MetricData	Poincare.Longrun.Geometry.MetricData.mk.noConfusion	def
MD	Poincare.Longrun.Geometry.MetricData	Poincare.Longrun.Geometry.MetricData.ctorIdx	def
MD	Poincare.Longrun.Geometry.MetricData	Poincare.Longrun.Geometry.MetricData.raiseIndex._proof_4	theorem
MD	Poincare.Longrun.Geometry.MetricData	Poincare.Longrun.Geometry.MetricData.basis	def
MD	Poincare.Longrun.Geometry.MetricData	Poincare.Longrun.Geometry.MetricData.recOn	def
MD	Poincare.Longrun.Geometry.MetricData	Poincare.Longrun.Geometry.MetricData.raiseIndex._proof_3	theorem
MD	Poincare.Longrun.Geometry.MetricData	Poincare.Longrun.Geometry.MetricData.scalarCurvature_eq_sum_basis	theorem
MD	Poincare.Longrun.Geometry.MetricData	Poincare.Longrun.Geometry.MetricData.raiseIndex._proof_1	theorem
MD	Poincare.Longrun.Geometry.MetricData	Poincare.Longrun.Geometry.MetricData.eq_zero_of_form_self_eq_zero	theorem
MD	Poincare.Longrun.Geometry.MetricData	Poincare.Longrun.Geometry.MetricData.finrank_eq_card	theorem
MD	Poincare.Longrun.Geometry.MetricData	Poincare.Longrun.Geometry.MetricData.form	def
MD	Poincare.Longrun.Geometry.MetricData	Poincare.Longrun.Geometry.MetricData.raiseIndex.eq_1	theorem
MD	Poincare.Longrun.Geometry.MetricData	Poincare.Longrun.Geometry.MetricData._sizeOf_1	def
MD	Poincare.Longrun.Geometry.MetricData	Poincare.Longrun.Geometry.MetricData.toScalarContractionData.eq_1	theorem
MD	Poincare.Longrun.Geometry.MetricData	Poincare.Longrun.Geometry.MetricData.form_raiseIndex_of_symm	theorem
MD	Poincare.Longrun.Geometry.MetricData	Poincare.Longrun.Geometry.MetricData.raiseIndex._proof_6	theorem
MD	Poincare.Longrun.Geometry.MetricData	Poincare.Longrun.Geometry.MetricData.form_symm	theorem
MD	Poincare.Longrun.Geometry.MetricData	Poincare.Longrun.Geometry.MetricData._sizeOf_inst	def
MD	Poincare.Longrun.Geometry.MetricData	Poincare.Longrun.Geometry.MetricData.form_basis_apply	theorem
MD	Poincare.Longrun.Geometry.MetricData	Poincare.Longrun.Geometry.MetricData.raiseIndex._proof_5	theorem
MD	Poincare.Longrun.Geometry.MetricData	Poincare.Longrun.Geometry.MetricData.raiseIndex._proof_2	theorem
MD	Poincare.Longrun.Geometry.MetricData	Poincare.Longrun.Geometry.MetricData.toScalarContractionData	def
MD	Poincare.Longrun.Geometry.MetricData	Poincare.Longrun.Geometry.MetricData.orthonormal	theorem
MD	Poincare.Longrun.Geometry.MetricData	Poincare.Longrun.Geometry.MetricData.casesOn	def
MD	Poincare.Longrun.Geometry.MetricData	Poincare.Longrun.Geometry.MetricData.nondegenerate	theorem
MD	Poincare.Longrun.Geometry.MetricData	Poincare.Longrun.Geometry.MetricData.rec	recursor
