MD	Poincare.Longrun.PDE.HeatGrid	Poincare.Longrun.PDE.HeatGridEvolution.noConfusionType	def
MD	Poincare.Longrun.PDE.HeatGrid	Poincare.Longrun.PDE.heatStep	def
MD	Poincare.Longrun.PDE.HeatGrid	Poincare.Longrun.PDE.heatStep.eq_1	theorem
MD	Poincare.Longrun.PDE.HeatGrid	Poincare.Longrun.PDE.HeatGridEvolution.recOn	def
MD	Poincare.Longrun.PDE.HeatGrid	Poincare.Longrun.PDE.HeatGridEvolution.noConfusion	def
MD	Poincare.Longrun.PDE.HeatGrid	Poincare.Longrun.PDE.discreteLaplacian	def
MD	Poincare.Longrun.PDE.HeatGrid	Poincare.Longrun.PDE.HeatGridEvolution._sizeOf_1	def
MD	Poincare.Longrun.PDE.HeatGrid	Poincare.Longrun.PDE.HeatGridEvolution.step_eq_discreteLaplacian	theorem
MD	Poincare.Longrun.PDE.HeatGrid	Poincare.Longrun.PDE.HeatGridEvolution.step	theorem
MD	Poincare.Longrun.PDE.HeatGrid	Poincare.Longrun.PDE.HeatGridEvolution.boundary_right	theorem
MD	Poincare.Longrun.PDE.HeatGrid	Poincare.Longrun.PDE.HeatGridEvolution._sizeOf_inst	def
MD	Poincare.Longrun.PDE.HeatGrid	Poincare.Longrun.PDE.HeatGridEvolution.step_eq_heatStep	theorem
MD	Poincare.Longrun.PDE.HeatGrid	Poincare.Longrun.PDE.HeatGridEvolution.mk.sizeOf_spec	theorem
MD	Poincare.Longrun.PDE.HeatGrid	Poincare.Longrun.PDE.HeatGridEvolution	inductive
MD	Poincare.Longrun.PDE.HeatGrid	Poincare.Longrun.PDE.discreteLaplacian._proof_1	theorem
MD	Poincare.Longrun.PDE.HeatGrid	Poincare.Longrun.PDE.HeatGridEvolution.step_eq_heatStep._proof_1_3	theorem
MD	Poincare.Longrun.PDE.HeatGrid	Poincare.Longrun.PDE.HeatGridEvolution.rec	recursor
MD	Poincare.Longrun.PDE.HeatGrid	Poincare.Longrun.PDE.HeatGridEvolution.mk	ctor
MD	Poincare.Longrun.PDE.HeatGrid	Poincare.Longrun.PDE.HeatGridEvolution.step_eq_heatStep._proof_1_2	theorem
MD	Poincare.Longrun.PDE.HeatGrid	Poincare.Longrun.PDE.HeatGridEvolution.mk.inj	theorem
MD	Poincare.Longrun.PDE.HeatGrid	Poincare.Longrun.PDE.HeatGridEvolution.ctorIdx	def
MD	Poincare.Longrun.PDE.HeatGrid	Poincare.Longrun.PDE.zeroExtend.eq_1	theorem
MD	Poincare.Longrun.PDE.HeatGrid	Poincare.Longrun.PDE.HeatGridEvolution.casesOn	def
MD	Poincare.Longrun.PDE.HeatGrid	Poincare.Longrun.PDE.HeatGridEvolution.boundary_left	theorem
MD	Poincare.Longrun.PDE.HeatGrid	Poincare.Longrun.PDE.discreteLaplacian.eq_1	theorem
MD	Poincare.Longrun.PDE.HeatGrid	Poincare.Longrun.PDE.HeatGridEvolution.mk._flat_ctor	def
MD	Poincare.Longrun.PDE.HeatGrid	Poincare.Longrun.PDE.HeatGridEvolution.step_eq_convex	theorem
MD	Poincare.Longrun.PDE.HeatGrid	Poincare.Longrun.PDE.HeatGridEvolution.mk.injEq	theorem
MD	Poincare.Longrun.PDE.HeatGrid	Poincare.Longrun.PDE.HeatGridEvolution.mk.noConfusion	def
MD	Poincare.Longrun.PDE.HeatGrid	Poincare.Longrun.PDE.zeroExtend	def
MD	Poincare.Longrun.PDE.HeatGrid	Poincare.Longrun.PDE.heatStep_eq_discreteLaplacian	theorem
MD	Poincare.Longrun.PDE.HeatGrid	Poincare.Longrun.PDE.HeatGridEvolution.step_eq_heatStep._proof_1_1	theorem
MD	Poincare.Longrun.PDE.HeatGrid	Poincare.Longrun.PDE.HeatGridEvolution.u	def
