MD	Poincare.Longrun.Surgery.Basic	Poincare.Longrun.Surgery.LedgerPredicates.mk	ctor
MD	Poincare.Longrun.Surgery.Basic	Poincare.Longrun.Surgery.SurgeryDatum.recOn	def
MD	Poincare.Longrun.Surgery.Basic	Poincare.Longrun.Surgery.SurgeryDatum._sizeOf_inst	def
MD	Poincare.Longrun.Surgery.Basic	Poincare.Longrun.Surgery.TopSpace.mk.injEq	theorem
MD	Poincare.Longrun.Surgery.Basic	Poincare.Longrun.Surgery.canonicalLedger_SimplyConnected	theorem
MD	Poincare.Longrun.Surgery.Basic	Poincare.Longrun.Surgery.SurgeryDatum.post_eq	theorem
MD	Poincare.Longrun.Surgery.Basic	Poincare.Longrun.Surgery.LedgerPredicates.noConfusion	def
MD	Poincare.Longrun.Surgery.Basic	Poincare.Longrun.Surgery.TopSpace.noConfusionType	def
MD	Poincare.Longrun.Surgery.Basic	Poincare.Longrun.Surgery.LedgerPredicates.mk.sizeOf_spec	theorem
MD	Poincare.Longrun.Surgery.Basic	Poincare.Longrun.Surgery.TopSpace.mk	ctor
MD	Poincare.Longrun.Surgery.Basic	Poincare.Longrun.Surgery.SurgeryDatum.mk	ctor
MD	Poincare.Longrun.Surgery.Basic	Poincare.Longrun.Surgery.SurgeryCertificate.simplyConnected_preserved	theorem
MD	Poincare.Longrun.Surgery.Basic	Poincare.Longrun.Surgery.SurgeryDatum.rec	recursor
MD	Poincare.Longrun.Surgery.Basic	Poincare.Longrun.Surgery.SurgeryCertificate.orientable_preserved	theorem
MD	Poincare.Longrun.Surgery.Basic	Poincare.Longrun.Surgery.SurgeryCertificate.mk	ctor
MD	Poincare.Longrun.Surgery.Basic	Poincare.Longrun.Surgery.TopSpace.noConfusion	def
MD	Poincare.Longrun.Surgery.Basic	Poincare.Longrun.Surgery.SurgeryDatum.liesOnCap	def
MD	Poincare.Longrun.Surgery.Basic	Poincare.Longrun.Surgery.LedgerPredicates.mk.inj	theorem
MD	Poincare.Longrun.Surgery.Basic	Poincare.Longrun.Surgery.SurgeryCertificate.orientable	theorem
MD	Poincare.Longrun.Surgery.Basic	Poincare.Longrun.Surgery.SurgeryDatum.ctorIdx	def
MD	Poincare.Longrun.Surgery.Basic	Poincare.Longrun.Surgery.canonicalLedger	def
MD	Poincare.Longrun.Surgery.Basic	Poincare.Longrun.Surgery.LedgerPredicates.mk._flat_ctor	def
MD	Poincare.Longrun.Surgery.Basic	Poincare.Longrun.Surgery.SurgeryCertificate.rec	recursor
MD	Poincare.Longrun.Surgery.Basic	Poincare.Longrun.Surgery.SurgeryDatum.trivial	def
MD	Poincare.Longrun.Surgery.Basic	Poincare.Longrun.Surgery.SurgeryDatum.mk.sizeOf_spec	theorem
MD	Poincare.Longrun.Surgery.Basic	Poincare.Longrun.Surgery.LedgerPredicates.recOn	def
MD	Poincare.Longrun.Surgery.Basic	Poincare.Longrun.Surgery.canonicalLedger_Compact	theorem
MD	Poincare.Longrun.Surgery.Basic	Poincare.Longrun.Surgery.LedgerPredicates	inductive
MD	Poincare.Longrun.Surgery.Basic	Poincare.Longrun.Surgery.LedgerPredicates.Compact	def
MD	Poincare.Longrun.Surgery.Basic	Poincare.Longrun.Surgery.SurgeryDatum.noConfusionType	def
MD	Poincare.Longrun.Surgery.Basic	Poincare.Longrun.Surgery.TopSpace.Carrier	def
MD	Poincare.Longrun.Surgery.Basic	Poincare.Longrun.Surgery.TopSpace._sizeOf_1	def
MD	Poincare.Longrun.Surgery.Basic	Poincare.Longrun.Surgery.TopSpace._sizeOf_inst	def
MD	Poincare.Longrun.Surgery.Basic	Poincare.Longrun.Surgery.SurgeryCertificate.compact	theorem
MD	Poincare.Longrun.Surgery.Basic	Poincare.Longrun.Surgery.TopSpace.recOn	def
MD	Poincare.Longrun.Surgery.Basic	Poincare.Longrun.Surgery.SurgeryDatum.pre_eq	theorem
MD	Poincare.Longrun.Surgery.Basic	Poincare.Longrun.Surgery.SurgeryDatum.mk.inj	theorem
MD	Poincare.Longrun.Surgery.Basic	Poincare.Longrun.Surgery.TopSpace.mk.noConfusion	def
MD	Poincare.Longrun.Surgery.Basic	Poincare.Longrun.Surgery.SurgeryCertificate.casesOn	def
MD	Poincare.Longrun.Surgery.Basic	Poincare.Longrun.Surgery.SurgeryDatum.mk.noConfusion	def
MD	Poincare.Longrun.Surgery.Basic	Poincare.Longrun.Surgery.LedgerPredicates.SimplyConnected	def
MD	Poincare.Longrun.Surgery.Basic	Poincare.Longrun.Surgery.SurgeryCertificate.recOn	def
MD	Poincare.Longrun.Surgery.Basic	Poincare.Longrun.Surgery.TopSpace.casesOn	def
MD	Poincare.Longrun.Surgery.Basic	Poincare.Longrun.Surgery.SurgeryCertificate.simplyConnected	theorem
MD	Poincare.Longrun.Surgery.Basic	Poincare.Longrun.Surgery.LedgerPredicates.rec	recursor
MD	Poincare.Longrun.Surgery.Basic	Poincare.Longrun.Surgery.SurgeryDatum.neck	def
MD	Poincare.Longrun.Surgery.Basic	Poincare.Longrun.Surgery.TopSpace.mk.sizeOf_spec	theorem
MD	Poincare.Longrun.Surgery.Basic	Poincare.Longrun.Surgery.SurgeryCertificate.ofHomotopyEquiv	theorem
MD	Poincare.Longrun.Surgery.Basic	Poincare.Longrun.Surgery.SurgeryDatum.rel	def
MD	Poincare.Longrun.Surgery.Basic	Poincare.Longrun.Surgery.SurgeryCertificate.ofHomeomorph	theorem
MD	Poincare.Longrun.Surgery.Basic	Poincare.Longrun.Surgery.SurgeryDatum.pre	def
MD	Poincare.Longrun.Surgery.Basic	Poincare.Longrun.Surgery.LedgerPredicates.mk.injEq	theorem
MD	Poincare.Longrun.Surgery.Basic	Poincare.Longrun.Surgery.LedgerPredicates._sizeOf_inst	def
MD	Poincare.Longrun.Surgery.Basic	Poincare.Longrun.Surgery.SurgeryDatum.liesOnNeck	def
MD	Poincare.Longrun.Surgery.Basic	Poincare.Longrun.Surgery.LedgerPredicates.ctorIdx	def
MD	Poincare.Longrun.Surgery.Basic	Poincare.Longrun.Surgery.SurgeryDatum.mk._flat_ctor	def
MD	Poincare.Longrun.Surgery.Basic	Poincare.Longrun.Surgery.TopSpace.mk._flat_ctor	def
MD	Poincare.Longrun.Surgery.Basic	Poincare.Longrun.Surgery.TopSpace.Carrier_mk	theorem
MD	Poincare.Longrun.Surgery.Basic	Poincare.Longrun.Surgery.LedgerPredicates.Orientable	def
MD	Poincare.Longrun.Surgery.Basic	Poincare.Longrun.Surgery.SurgeryCertificate	inductive
MD	Poincare.Longrun.Surgery.Basic	Poincare.Longrun.Surgery.SurgeryDatum.noConfusion	def
MD	Poincare.Longrun.Surgery.Basic	Poincare.Longrun.Surgery.SurgeryDatum.casesOn	def
MD	Poincare.Longrun.Surgery.Basic	Poincare.Longrun.Surgery.TopSpace.mk.inj	theorem
MD	Poincare.Longrun.Surgery.Basic	Poincare.Longrun.Surgery.SurgeryCertificate.mk._flat_ctor	def
MD	Poincare.Longrun.Surgery.Basic	Poincare.Longrun.Surgery.SurgeryCertificate.compact_preserved	theorem
MD	Poincare.Longrun.Surgery.Basic	Poincare.Longrun.Surgery.SurgeryDatum.post	def
MD	Poincare.Longrun.Surgery.Basic	Poincare.Longrun.Surgery.TopSpace	inductive
MD	Poincare.Longrun.Surgery.Basic	Poincare.Longrun.Surgery.SurgeryDatum._sizeOf_1	def
MD	Poincare.Longrun.Surgery.Basic	Poincare.Longrun.Surgery.TopSpace.ctorIdx	def
MD	Poincare.Longrun.Surgery.Basic	Poincare.Longrun.Surgery.SurgeryDatum.mk.injEq	theorem
MD	Poincare.Longrun.Surgery.Basic	Poincare.Longrun.Surgery.SurgeryDatum	inductive
MD	Poincare.Longrun.Surgery.Basic	Poincare.Longrun.Surgery.TopSpace.rec	recursor
MD	Poincare.Longrun.Surgery.Basic	Poincare.Longrun.Surgery.SurgeryCertificate.trivial	theorem
MD	Poincare.Longrun.Surgery.Basic	Poincare.Longrun.Surgery.LedgerPredicates._sizeOf_1	def
MD	Poincare.Longrun.Surgery.Basic	Poincare.Longrun.Surgery.LedgerPredicates.noConfusionType	def
MD	Poincare.Longrun.Surgery.Basic	Poincare.Longrun.Surgery.TopSpace.topology	def
MD	Poincare.Longrun.Surgery.Basic	Poincare.Longrun.Surgery.canonicalLedger_Orientable	theorem
MD	Poincare.Longrun.Surgery.Basic	Poincare.Longrun.Surgery.LedgerPredicates.casesOn	def
MD	Poincare.Longrun.Surgery.Basic	Poincare.Longrun.Surgery.SurgeryDatum.trivial_rel	theorem
MD	Poincare.Longrun.Surgery.Basic	Poincare.Longrun.Surgery.LedgerPredicates.mk.noConfusion	def
