MD	Poincare.Longrun.Topology.CompactThreeManifold	Poincare.Longrun.Topology.CompactThreeManifold.mk._flat_ctor	def
MD	Poincare.Longrun.Topology.CompactThreeManifold	Poincare.Longrun.Topology.CompactThreeManifold.toIsManifold	theorem
MD	Poincare.Longrun.Topology.CompactThreeManifold	Poincare.Longrun.Topology.CompactThreeManifold.toTopologicalManifold	theorem
MD	Poincare.Longrun.Topology.CompactThreeManifold	Poincare.Longrun.Topology.CompactThreeManifold	inductive
MD	Poincare.Longrun.Topology.CompactThreeManifold	Poincare.Longrun.Topology.CompactThreeManifold.toLocallyCompactSpace	theorem
MD	Poincare.Longrun.Topology.CompactThreeManifold	Poincare.Longrun.Topology.CompactThreeManifold.casesOn	def
MD	Poincare.Longrun.Topology.CompactThreeManifold	Poincare.Longrun.Topology.CompactThreeManifold.toConnectedSpace	theorem
MD	Poincare.Longrun.Topology.CompactThreeManifold	Poincare.Longrun.Topology.CompactThreeManifold.recOn	def
MD	Poincare.Longrun.Topology.CompactThreeManifold	Poincare.Longrun.Topology.CompactThreeManifold.toChartedSpace	def
MD	Poincare.Longrun.Topology.CompactThreeManifold	Poincare.Longrun.Topology.CompactThreeManifold.mk	ctor
MD	Poincare.Longrun.Topology.CompactThreeManifold	Poincare.Longrun.Topology.CompactThreeManifold.noConfusionType	def
MD	Poincare.Longrun.Topology.CompactThreeManifold	Poincare.Longrun.Topology.CompactThreeManifold.mk.noConfusion	def
MD	Poincare.Longrun.Topology.CompactThreeManifold	Poincare.Longrun.Topology.CompactThreeManifold.exists_finite_chart_cover	theorem
MD	Poincare.Longrun.Topology.CompactThreeManifold	Poincare.Longrun.Topology.CompactThreeManifold.toSecondCountableTopology	theorem
MD	Poincare.Longrun.Topology.CompactThreeManifold	Poincare.Longrun.Topology.CompactThreeManifold.rec	recursor
MD	Poincare.Longrun.Topology.CompactThreeManifold	Poincare.Longrun.Topology.CompactThreeManifold.ctorIdx	def
MD	Poincare.Longrun.Topology.CompactThreeManifold	Poincare.Longrun.Topology.CompactThreeManifold.nonempty	theorem
MD	Poincare.Longrun.Topology.CompactThreeManifold	Poincare.Longrun.Topology.CompactThreeManifold.toParacompactSpace	theorem
MD	Poincare.Longrun.Topology.CompactThreeManifold	Poincare.Longrun.Topology.CompactThreeManifold.toCompactSpace	theorem
MD	Poincare.Longrun.Topology.CompactThreeManifold	Poincare.Longrun.Topology.CompactThreeManifold.noConfusion	def
MD	Poincare.Longrun.Topology.CompactThreeManifold	Poincare.Longrun.Topology.CompactThreeManifold.exists_mem_chart_source	theorem
MD	Poincare.Longrun.Topology.CompactThreeManifold	Poincare.Longrun.Topology.CompactThreeManifold.toSigmaCompactSpace	theorem
MD	Poincare.Longrun.Topology.CompactThreeManifold	Poincare.Longrun.Topology.CompactThreeManifold.toT2Space	theorem
