MD	Poincare.Longrun.Topology.NormalizedVolume	Poincare.Longrun.Topology.NormalizedBallVolumeLowerBound.normalized_lower	theorem
MD	Poincare.Longrun.Topology.NormalizedVolume	Poincare.Longrun.Topology.NormalizedBallVolumeLowerBound.mk._flat_ctor	def
MD	Poincare.Longrun.Topology.NormalizedVolume	Poincare.Longrun.Topology.NormalizedVolumeLowerBound.add	theorem
MD	Poincare.Longrun.Topology.NormalizedVolume	Poincare.Longrun.Topology.NormalizedVolumeLowerBound.bddBelow_range	theorem
MD	Poincare.Longrun.Topology.NormalizedVolume	Poincare.Longrun.Topology.NormalizedBallVolumeLowerBound.toKappaNoncollapsingCertificate	theorem
MD	Poincare.Longrun.Topology.NormalizedVolume	Poincare.Longrun.Topology.NormalizedBallVolumeLowerBound.mono	theorem
MD	Poincare.Longrun.Topology.NormalizedVolume	Poincare.Longrun.Topology.NormalizedVolumeLowerBound.pos	theorem
MD	Poincare.Longrun.Topology.NormalizedVolume	Poincare.Longrun.Topology.NormalizedBallVolumeLowerBound.casesOn	def
MD	Poincare.Longrun.Topology.NormalizedVolume	Poincare.Longrun.Topology.NormalizedBallVolumeLowerBound.volume_ball_pos	theorem
MD	Poincare.Longrun.Topology.NormalizedVolume	Poincare.Longrun.Topology.NormalizedVolumeLowerBound.mk._flat_ctor	def
MD	Poincare.Longrun.Topology.NormalizedVolume	Poincare.Longrun.Topology.NormalizedBallVolumeLowerBound	inductive
MD	Poincare.Longrun.Topology.NormalizedVolume	Poincare.Longrun.Topology.normalizedBallVolume.eq_1	theorem
MD	Poincare.Longrun.Topology.NormalizedVolume	Poincare.Longrun.Topology.NormalizedVolumeLowerBound.casesOn	def
MD	Poincare.Longrun.Topology.NormalizedVolume	Poincare.Longrun.Topology.NormalizedBallVolumeLowerBound.r0_pos	theorem
MD	Poincare.Longrun.Topology.NormalizedVolume	Poincare.Longrun.Topology.NormalizedVolumeLowerBound.const_iff	theorem
MD	Poincare.Longrun.Topology.NormalizedVolume	Poincare.Longrun.Topology.NormalizedBallVolumeLowerBound.unit_ball_lower	theorem
MD	Poincare.Longrun.Topology.NormalizedVolume	Poincare.Longrun.Topology.NormalizedBallVolumeLowerBound.recOn	def
MD	Poincare.Longrun.Topology.NormalizedVolume	Poincare.Longrun.Topology.normalizedBallVolume_nonneg	theorem
MD	Poincare.Longrun.Topology.NormalizedVolume	Poincare.Longrun.Topology.NormalizedVolumeLowerBound.apply	theorem
MD	Poincare.Longrun.Topology.NormalizedVolume	Poincare.Longrun.Topology.NormalizedVolumeLowerBound	inductive
MD	Poincare.Longrun.Topology.NormalizedVolume	Poincare.Longrun.Topology.NormalizedVolumeLowerBound.nonneg	theorem
MD	Poincare.Longrun.Topology.NormalizedVolume	Poincare.Longrun.Topology.NormalizedVolumeLowerBound.mono	theorem
MD	Poincare.Longrun.Topology.NormalizedVolume	Poincare.Longrun.Topology.NormalizedVolumeLowerBound.recOn	def
MD	Poincare.Longrun.Topology.NormalizedVolume	Poincare.Longrun.Topology.NormalizedVolumeLowerBound.exists_lower_bound	theorem
MD	Poincare.Longrun.Topology.NormalizedVolume	Poincare.Longrun.Topology.NormalizedBallVolumeLowerBound.kappa_pos	theorem
MD	Poincare.Longrun.Topology.NormalizedVolume	Poincare.Longrun.Topology.NormalizedBallVolumeLowerBound.mk	ctor
MD	Poincare.Longrun.Topology.NormalizedVolume	Poincare.Longrun.Topology.normalizedBallVolume	def
MD	Poincare.Longrun.Topology.NormalizedVolume	Poincare.Longrun.Topology.NormalizedVolumeLowerBound.rec	recursor
MD	Poincare.Longrun.Topology.NormalizedVolume	Poincare.Longrun.Topology.NormalizedVolumeLowerBound.smul	theorem
MD	Poincare.Longrun.Topology.NormalizedVolume	Poincare.Longrun.Topology.NormalizedVolumeLowerBound.lower_bound	theorem
MD	Poincare.Longrun.Topology.NormalizedVolume	Poincare.Longrun.Topology.NormalizedBallVolumeLowerBound.rec	recursor
MD	Poincare.Longrun.Topology.NormalizedVolume	Poincare.Longrun.Topology.KappaNoncollapsingCertificate.toNormalizedBallVolumeLowerBound	theorem
MD	Poincare.Longrun.Topology.NormalizedVolume	Poincare.Longrun.Topology.kappaNoncollapsingCertificate_iff_normalizedBallVolumeLowerBound	theorem
MD	Poincare.Longrun.Topology.NormalizedVolume	Poincare.Longrun.Topology.NormalizedVolumeLowerBound.mk	ctor
