MD	Poincare.VKPort.HatcherLib.Ch1.BasicConstructions	HatcherLib.pathReverse	def
MD	Poincare.VKPort.HatcherLib.Ch1.BasicConstructions	HatcherLib.affine_paths_homotopic	theorem
MD	Poincare.VKPort.HatcherLib.Ch1.BasicConstructions	HatcherLib.simplyConnected_paths_homotopic	theorem
MD	Poincare.VKPort.HatcherLib.Ch1.BasicConstructions	HatcherLib.piOneProdMulEquiv	def
MD	Poincare.VKPort.HatcherLib.Ch1.BasicConstructions	HatcherLib.PiOne	def
MD	Poincare.VKPort.HatcherLib.Ch1.BasicConstructions	HatcherLib.affinePathHomotopy._proof_1	theorem
MD	Poincare.VKPort.HatcherLib.Ch1.BasicConstructions	HatcherLib.Path.Homotopic	def
MD	Poincare.VKPort.HatcherLib.Ch1.BasicConstructions	HatcherLib.fundamentalGroupProdMulEquiv._proof_2	theorem
MD	Poincare.VKPort.HatcherLib.Ch1.BasicConstructions	HatcherLib.Path.HomotopyClass	def
MD	Poincare.VKPort.HatcherLib.Ch1.BasicConstructions	ContinuousMap.Homotopy.affine.congr_simp	theorem
MD	Poincare.VKPort.HatcherLib.Ch1.BasicConstructions	HatcherLib.inducedPiOneOfEq	def
MD	Poincare.VKPort.HatcherLib.Ch1.BasicConstructions	HatcherLib.mulOppositeProdMulEquiv._proof_2	theorem
MD	Poincare.VKPort.HatcherLib.Ch1.BasicConstructions	HatcherLib.affinePathHomotopy._proof_4	theorem
MD	Poincare.VKPort.HatcherLib.Ch1.BasicConstructions	HatcherLib.pathHomotopic_equivalence	theorem
MD	Poincare.VKPort.HatcherLib.Ch1.BasicConstructions	HatcherLib.affinePathHomotopy._proof_3	theorem
MD	Poincare.VKPort.HatcherLib.Ch1.BasicConstructions	HatcherLib.fundamentalGroup_mapOfEq_rfl	theorem
MD	Poincare.VKPort.HatcherLib.Ch1.BasicConstructions	HatcherLib.mulOppositeProdMulEquiv	def
MD	Poincare.VKPort.HatcherLib.Ch1.BasicConstructions	HatcherLib.affinePathHomotopy._proof_5	theorem
MD	Poincare.VKPort.HatcherLib.Ch1.BasicConstructions	HatcherLib.affinePathHomotopy	def
MD	Poincare.VKPort.HatcherLib.Ch1.BasicConstructions	HatcherLib.changeBasepoint_bijective	theorem
MD	Poincare.VKPort.HatcherLib.Ch1.BasicConstructions	HatcherLib.piOneClass	def
MD	Poincare.VKPort.HatcherLib.Ch1.BasicConstructions	HatcherLib.fundamentalGroupProdMulEquiv	def
MD	Poincare.VKPort.HatcherLib.Ch1.BasicConstructions	HatcherLib.simplyConnected_iff_unique_path_class	theorem
MD	Poincare.VKPort.HatcherLib.Ch1.BasicConstructions	HatcherLib.mulOppositeProdMulEquiv._proof_3	theorem
MD	Poincare.VKPort.HatcherLib.Ch1.BasicConstructions	HatcherLib.fundamentalGroupProdMulEquiv._proof_1	theorem
MD	Poincare.VKPort.HatcherLib.Ch1.BasicConstructions	HatcherLib.Path.Homotopy	def
MD	Poincare.VKPort.HatcherLib.Ch1.BasicConstructions	HatcherLib.pathProduct_homotopic	theorem
MD	Poincare.VKPort.HatcherLib.Ch1.BasicConstructions	HatcherLib.inducedPiOne	def
MD	Poincare.VKPort.HatcherLib.Ch1.BasicConstructions	HatcherLib.changeBasepoint	def
MD	Poincare.VKPort.HatcherLib.Ch1.BasicConstructions	HatcherLib.Loop	def
MD	Poincare.VKPort.HatcherLib.Ch1.BasicConstructions	HatcherLib.affinePathHomotopy._proof_2	theorem
MD	Poincare.VKPort.HatcherLib.Ch1.BasicConstructions	HatcherLib.Path	def
MD	Poincare.VKPort.HatcherLib.Ch1.BasicConstructions	HatcherLib.SimplyConnected	def
MD	Poincare.VKPort.HatcherLib.Ch1.BasicConstructions	HatcherLib.piOneClass_pathProduct	theorem
MD	Poincare.VKPort.HatcherLib.Ch1.BasicConstructions	HatcherLib.mulOppositeProdMulEquiv._proof_1	theorem
MD	Poincare.VKPort.HatcherLib.Ch1.BasicConstructions	HatcherLib.PiOneSet	def
MD	Poincare.VKPort.HatcherLib.Ch1.BasicConstructions	HatcherLib.pathProduct	def
