MD	Poincare.VKPort.HatcherLib.Ch1.VanKampen	HatcherLib.CoveredSubdivisionPrefix.mk	ctor
MD	Poincare.VKPort.HatcherLib.Ch1.VanKampen	HatcherLib.CoveredPathChain.prefixDecomposition._proof_1	theorem
MD	Poincare.VKPort.HatcherLib.Ch1.VanKampen	HatcherLib.CoveredPathChain.PrefixDecomposition.homotopic	theorem
MD	Poincare.VKPort.HatcherLib.Ch1.VanKampen	HatcherLib.coveredSubdivisionPrefix._proof_11	theorem
MD	Poincare.VKPort.HatcherLib.Ch1.VanKampen	HatcherLib.CoveredPathChain.ctorElim	def
MD	Poincare.VKPort.HatcherLib.Ch1.VanKampen	HatcherLib.CoveredPathChain.carrierSets._f	def
MD	Poincare.VKPort.HatcherLib.Ch1.VanKampen	HatcherLib.coverIntersectionToRight	def
MD	Poincare.VKPort.HatcherLib.Ch1.VanKampen	HatcherLib.CoveredPathChain.recOn	def
MD	Poincare.VKPort.HatcherLib.Ch1.VanKampen	HatcherLib.vanKampenRelator	def
MD	Poincare.VKPort.HatcherLib.Ch1.VanKampen	HatcherLib.CoveredPathChain.decompose_loop_with_carrierSets	theorem
MD	Poincare.VKPort.HatcherLib.Ch1.VanKampen	HatcherLib.CoveredSubdivisionPrefix.chain	def
MD	Poincare.VKPort.HatcherLib.Ch1.VanKampen	HatcherLib.CoveredSubdivisionPrefix.noConfusion	def
MD	Poincare.VKPort.HatcherLib.Ch1.VanKampen	HatcherLib.PathConnectedOpenCover.base_mem	theorem
MD	Poincare.VKPort.HatcherLib.Ch1.VanKampen	HatcherLib.CoveredPathChain.PrefixDecomposition.noConfusionType	def
MD	Poincare.VKPort.HatcherLib.Ch1.VanKampen	HatcherLib.CoveredSubdivisionPrefix	inductive
MD	Poincare.VKPort.HatcherLib.Ch1.VanKampen	HatcherLib.CoveredSubdivisionPrefix.noConfusionType	def
MD	Poincare.VKPort.HatcherLib.Ch1.VanKampen	HatcherLib.vanKampenWordMove_quotient_eq	theorem
MD	Poincare.VKPort.HatcherLib.Ch1.VanKampen	HatcherLib.CoveredPathChain.loop_decomposition_of_covered_chain	theorem
MD	Poincare.VKPort.HatcherLib.Ch1.VanKampen	HatcherLib.CoveredPathChain.PrefixDecomposition.mk.injEq	theorem
MD	Poincare.VKPort.HatcherLib.Ch1.VanKampen	HatcherLib.CoveredPathChain.brecOn.go	def
MD	Poincare.VKPort.HatcherLib.Ch1.VanKampen	HatcherLib.CoveredPathChain.prefix_loops_mem_carrierSets._simp_1_10	theorem
MD	Poincare.VKPort.HatcherLib.Ch1.VanKampen	HatcherLib.VanKampenFactor	def
MD	Poincare.VKPort.HatcherLib.Ch1.VanKampen	HatcherLib.CoveredPathChain.below	def
MD	Poincare.VKPort.HatcherLib.Ch1.VanKampen	HatcherLib.PathConnectedOpenCover.mk.injEq	theorem
MD	Poincare.VKPort.HatcherLib.Ch1.VanKampen	HatcherLib.CoveredPathChain.carrierSets.eq_2	theorem
MD	Poincare.VKPort.HatcherLib.Ch1.VanKampen	HatcherLib.CoveredPathChain.decompose_loop	theorem
MD	Poincare.VKPort.HatcherLib.Ch1.VanKampen	HatcherLib.vanKampenMap	def
MD	Poincare.VKPort.HatcherLib.Ch1.VanKampen	HatcherLib.vanKampenRelations	def
MD	Poincare.VKPort.HatcherLib.Ch1.VanKampen	HatcherLib.CoveredPathChain.extend.injEq	theorem
MD	Poincare.VKPort.HatcherLib.Ch1.VanKampen	HatcherLib.coveredSubdivisionPrefix._proof_7	theorem
MD	Poincare.VKPort.HatcherLib.Ch1.VanKampen	HatcherLib.vanKampenMap_surjective	theorem
MD	Poincare.VKPort.HatcherLib.Ch1.VanKampen	HatcherLib.CoveredSubdivisionPrefix.ctorIdx	def
MD	Poincare.VKPort.HatcherLib.Ch1.VanKampen	HatcherLib.coveredSubdivisionPrefix._proof_4	theorem
MD	Poincare.VKPort.HatcherLib.Ch1.VanKampen	HatcherLib.CoveredPathChain.extend	ctor
MD	Poincare.VKPort.HatcherLib.Ch1.VanKampen	HatcherLib.path_connector_insertion	theorem
MD	Poincare.VKPort.HatcherLib.Ch1.VanKampen	HatcherLib.CoveredPathChain.brecOn.eq	theorem
MD	Poincare.VKPort.HatcherLib.Ch1.VanKampen	HatcherLib.PathConnectedOpenCover.mk	ctor
MD	Poincare.VKPort.HatcherLib.Ch1.VanKampen	HatcherLib.CoveredPathChain.PrefixDecomposition.mk.inj	theorem
MD	Poincare.VKPort.HatcherLib.Ch1.VanKampen	HatcherLib.vanKampenQuotientMulEquivOfFactorizationsConnected	def
MD	Poincare.VKPort.HatcherLib.Ch1.VanKampen	HatcherLib.CoveredPathChain.PrefixDecomposition.mk._flat_ctor	def
MD	Poincare.VKPort.HatcherLib.Ch1.VanKampen	HatcherLib.PathIn.eq_1	theorem
MD	Poincare.VKPort.HatcherLib.Ch1.VanKampen	HatcherLib.vanKampenMap_factor	theorem
MD	Poincare.VKPort.HatcherLib.Ch1.VanKampen	HatcherLib.coveredSubdivisionPrefix._proof_10	theorem
MD	Poincare.VKPort.HatcherLib.Ch1.VanKampen	HatcherLib.vanKampen_ker_le_normalSubgroup_of_factorizationsConnected	theorem
MD	Poincare.VKPort.HatcherLib.Ch1.VanKampen	HatcherLib.PathConnectedOpenCover.rec	recursor
MD	Poincare.VKPort.HatcherLib.Ch1.VanKampen	HatcherLib.VanKampenFactorizationsConnected	def
MD	Poincare.VKPort.HatcherLib.Ch1.VanKampen	HatcherLib.coverIntersectionInclusionLeft._proof_2	theorem
MD	Poincare.VKPort.HatcherLib.Ch1.VanKampen	HatcherLib.CoveredPathChain.carrierSets._unsafe_rec	partial_def
MD	Poincare.VKPort.HatcherLib.Ch1.VanKampen	HatcherLib.pathIn_trans_left	theorem
MD	Poincare.VKPort.HatcherLib.Ch1.VanKampen	HatcherLib.coveredSubdivisionPrefix._proof_2	theorem
MD	Poincare.VKPort.HatcherLib.Ch1.VanKampen	HatcherLib.CoveredPathChain	inductive
MD	Poincare.VKPort.HatcherLib.Ch1.VanKampen	HatcherLib.PathConnectedOpenCover.interPathConnected	theorem
MD	Poincare.VKPort.HatcherLib.Ch1.VanKampen	HatcherLib.coverIntersection_maps_agree	theorem
MD	Poincare.VKPort.HatcherLib.Ch1.VanKampen	HatcherLib.VanKampenWordMove.eraseOne	ctor
MD	Poincare.VKPort.HatcherLib.Ch1.VanKampen	HatcherLib.vanKampenQuotientMulEquivOfKerEq	def
MD	Poincare.VKPort.HatcherLib.Ch1.VanKampen	HatcherLib.pathInSubtype_map	theorem
MD	Poincare.VKPort.HatcherLib.Ch1.VanKampen	HatcherLib.vanKampenWordEvaluation_mem_normalSubgroup_of_equivalent_nil	theorem
MD	Poincare.VKPort.HatcherLib.Ch1.VanKampen	HatcherLib.CoveredSubdivisionPrefix.mk._flat_ctor	def
MD	Poincare.VKPort.HatcherLib.Ch1.VanKampen	HatcherLib.PathIn	def
MD	Poincare.VKPort.HatcherLib.Ch1.VanKampen	HatcherLib.CoveredPathChain.decompose_loop_with_carrierSets._simp_1_1	theorem
MD	Poincare.VKPort.HatcherLib.Ch1.VanKampen	HatcherLib.vanKampenQuotientMulEquivOfKerEq._proof_1	theorem
MD	Poincare.VKPort.HatcherLib.Ch1.VanKampen	HatcherLib.vanKampenWordEvaluation._proof_1	theorem
MD	Poincare.VKPort.HatcherLib.Ch1.VanKampen	HatcherLib.coverIntersection_maps_agree._simp_1_1	theorem
MD	Poincare.VKPort.HatcherLib.Ch1.VanKampen	HatcherLib.vanKampenQuotientMap	def
MD	Poincare.VKPort.HatcherLib.Ch1.VanKampen	HatcherLib.CoveredPathChain.prefixDecomposition.eq_1	theorem
MD	Poincare.VKPort.HatcherLib.Ch1.VanKampen	HatcherLib.coveredLoopProduct_append	theorem
MD	Poincare.VKPort.HatcherLib.Ch1.VanKampen	HatcherLib.CoveredSubdivisionPrefix.casesOn	def
MD	Poincare.VKPort.HatcherLib.Ch1.VanKampen	HatcherLib.coveredSubdivisionPrefix	def
MD	Poincare.VKPort.HatcherLib.Ch1.VanKampen	HatcherLib.CoveredSubdivisionPrefix.recOn	def
MD	Poincare.VKPort.HatcherLib.Ch1.VanKampen	HatcherLib.CoveredPathChain.prefix_loops_mem_carrierSets._simp_1_5	theorem
MD	Poincare.VKPort.HatcherLib.Ch1.VanKampen	HatcherLib.pathInSubtype._proof_2	theorem
MD	Poincare.VKPort.HatcherLib.Ch1.VanKampen	HatcherLib.PathConnectedOpenCover.mk._flat_ctor	def
MD	Poincare.VKPort.HatcherLib.Ch1.VanKampen	HatcherLib.CoveredPathChain.PrefixDecomposition._sizeOf_inst	def
MD	Poincare.VKPort.HatcherLib.Ch1.VanKampen	HatcherLib.PathConnectedOpenCover.pathConnected	theorem
MD	Poincare.VKPort.HatcherLib.Ch1.VanKampen	HatcherLib.CoveredSubdivisionPrefix.carrierSets_subset	theorem
MD	Poincare.VKPort.HatcherLib.Ch1.VanKampen	HatcherLib.CoveredSubdivisionPrefix.mk.sizeOf_spec	theorem
MD	Poincare.VKPort.HatcherLib.Ch1.VanKampen	HatcherLib.pathIn_subpath_of_Icc_subset	theorem
MD	Poincare.VKPort.HatcherLib.Ch1.VanKampen	HatcherLib.vanKampenNormalSubgroup	def
MD	Poincare.VKPort.HatcherLib.Ch1.VanKampen	HatcherLib.CoveredPathChain.prefixDecomposition._proof_4	theorem
MD	Poincare.VKPort.HatcherLib.Ch1.VanKampen	HatcherLib.CoveredPathChain.rec	recursor
MD	Poincare.VKPort.HatcherLib.Ch1.VanKampen	HatcherLib.CoveredPathChain.single.noConfusion	def
MD	Poincare.VKPort.HatcherLib.Ch1.VanKampen	HatcherLib.vanKampenQuotientMap_surjective	theorem
MD	Poincare.VKPort.HatcherLib.Ch1.VanKampen	HatcherLib.CoveredPathChain.extend.noConfusion	def
MD	Poincare.VKPort.HatcherLib.Ch1.VanKampen	HatcherLib.exists_vanKampenWordEvaluation_eq	theorem
MD	Poincare.VKPort.HatcherLib.Ch1.VanKampen	HatcherLib.CoveredPathChain.PrefixDecomposition.casesOn	def
MD	Poincare.VKPort.HatcherLib.Ch1.VanKampen	HatcherLib.CoveredLoop	def
MD	Poincare.VKPort.HatcherLib.Ch1.VanKampen	_private.Poincare.VKPort.HatcherLib.Ch1.VanKampen.0.HatcherLib.CoveredPathChain.toPath.match_1.splitter	def
MD	Poincare.VKPort.HatcherLib.Ch1.VanKampen	HatcherLib.CoveredPathChain.PrefixDecomposition.boundary	def
MD	Poincare.VKPort.HatcherLib.Ch1.VanKampen	HatcherLib.PathConnectedOpenCover.recOn	def
MD	Poincare.VKPort.HatcherLib.Ch1.VanKampen	HatcherLib.pathInSubtype._proof_3	theorem
MD	Poincare.VKPort.HatcherLib.Ch1.VanKampen	HatcherLib.coveredSubdivisionPrefix._proof_3	theorem
MD	Poincare.VKPort.HatcherLib.Ch1.VanKampen	HatcherLib.CoveredPathChain.single.injEq	theorem
MD	Poincare.VKPort.HatcherLib.Ch1.VanKampen	HatcherLib.coverIntersectionInclusionLeft._proof_1	theorem
MD	Poincare.VKPort.HatcherLib.Ch1.VanKampen	HatcherLib.PathConnectedOpenCover._sizeOf_inst	def
MD	Poincare.VKPort.HatcherLib.Ch1.VanKampen	HatcherLib.VanKampenWordMove.rec	recursor
MD	Poincare.VKPort.HatcherLib.Ch1.VanKampen	HatcherLib.CoveredPathChain.toPath._sunfold	def
MD	Poincare.VKPort.HatcherLib.Ch1.VanKampen	HatcherLib.CoveredPathChain.PrefixDecomposition.rec	recursor
MD	Poincare.VKPort.HatcherLib.Ch1.VanKampen	HatcherLib.coveredLoopProduct_append_single	theorem
MD	Poincare.VKPort.HatcherLib.Ch1.VanKampen	HatcherLib.coveredLoopProduct.match_1	def
MD	Poincare.VKPort.HatcherLib.Ch1.VanKampen	HatcherLib.coveredSubdivisionPrefix._simp_7	theorem
MD	Poincare.VKPort.HatcherLib.Ch1.VanKampen	HatcherLib.CoveredPathChain.PrefixDecomposition.ctorIdx	def
MD	Poincare.VKPort.HatcherLib.Ch1.VanKampen	HatcherLib.CoveredPathChain.toPath.match_1	def
MD	Poincare.VKPort.HatcherLib.Ch1.VanKampen	HatcherLib.CoveredPathChain.ctorElimType	def
MD	Poincare.VKPort.HatcherLib.Ch1.VanKampen	HatcherLib.CoveredSubdivisionPrefix._sizeOf_1	def
MD	Poincare.VKPort.HatcherLib.Ch1.VanKampen	HatcherLib.vanKampen_ker_eq_normalSubgroup_of_factorizationsConnected	theorem
MD	Poincare.VKPort.HatcherLib.Ch1.VanKampen	HatcherLib.CoveredPathChain.extend.sizeOf_spec	theorem
MD	Poincare.VKPort.HatcherLib.Ch1.VanKampen	HatcherLib.CoveredPathChain._sizeOf_inst	def
MD	Poincare.VKPort.HatcherLib.Ch1.VanKampen	HatcherLib.CoveredPathChain.PrefixDecomposition.loops	def
MD	Poincare.VKPort.HatcherLib.Ch1.VanKampen	HatcherLib.CoveredPathChain.carrierSets._sunfold	def
MD	Poincare.VKPort.HatcherLib.Ch1.VanKampen	HatcherLib.CoverIntersectionFundamentalGroup	def
MD	Poincare.VKPort.HatcherLib.Ch1.VanKampen	HatcherLib.freeProductInclusion.eq_1	theorem
MD	Poincare.VKPort.HatcherLib.Ch1.VanKampen	HatcherLib.CoveredLoop.path	def
MD	Poincare.VKPort.HatcherLib.Ch1.VanKampen	HatcherLib.CoveredPathChain.casesOn	def
MD	Poincare.VKPort.HatcherLib.Ch1.VanKampen	HatcherLib.CoveredPathChain.extend.inj	theorem
MD	Poincare.VKPort.HatcherLib.Ch1.VanKampen	HatcherLib.CoveredPathChain.toPath	def
MD	Poincare.VKPort.HatcherLib.Ch1.VanKampen	HatcherLib.VanKampenWordMove.changeCover	ctor
MD	Poincare.VKPort.HatcherLib.Ch1.VanKampen	HatcherLib.vanKampenWordEvaluation.eq_1	theorem
MD	Poincare.VKPort.HatcherLib.Ch1.VanKampen	_private.Poincare.VKPort.HatcherLib.Ch1.VanKampen.0.HatcherLib.CoveredPathChain.toPath.match_1.eq_1	theorem
MD	Poincare.VKPort.HatcherLib.Ch1.VanKampen	HatcherLib.coverIntersectionInclusionRight._proof_1	theorem
MD	Poincare.VKPort.HatcherLib.Ch1.VanKampen	HatcherLib.CoveredPathChain.decompose_loop_with_carrierSets._simp_1_2	theorem
MD	Poincare.VKPort.HatcherLib.Ch1.VanKampen	HatcherLib.pathInSubtype	def
MD	Poincare.VKPort.HatcherLib.Ch1.VanKampen	HatcherLib.CoveredPathChain.prefixDecomposition._proof_3	theorem
MD	Poincare.VKPort.HatcherLib.Ch1.VanKampen	HatcherLib.coverIntersectionInclusionLeft	def
MD	Poincare.VKPort.HatcherLib.Ch1.VanKampen	HatcherLib.PathConnectedOpenCover.ctorIdx	def
MD	Poincare.VKPort.HatcherLib.Ch1.VanKampen	HatcherLib.loop_decomposition_two	theorem
MD	Poincare.VKPort.HatcherLib.Ch1.VanKampen	HatcherLib.coveredLoopProduct	def
MD	Poincare.VKPort.HatcherLib.Ch1.VanKampen	HatcherLib.coveredLoopProduct._f	def
MD	Poincare.VKPort.HatcherLib.Ch1.VanKampen	HatcherLib.coveredSubdivisionPrefix._simp_8	theorem
MD	Poincare.VKPort.HatcherLib.Ch1.VanKampen	HatcherLib.CoveredPathChain.single.congr_simp	theorem
MD	Poincare.VKPort.HatcherLib.Ch1.VanKampen	HatcherLib.coveredSubdivisionPrefix._proof_14	theorem
MD	Poincare.VKPort.HatcherLib.Ch1.VanKampen	HatcherLib.CoveredPathChain.PrefixDecomposition.mk.sizeOf_spec	theorem
MD	Poincare.VKPort.HatcherLib.Ch1.VanKampen	HatcherLib.CoveredPathChain.PrefixDecomposition.mk.noConfusion	def
MD	Poincare.VKPort.HatcherLib.Ch1.VanKampen	HatcherLib.pathIn_symm	theorem
MD	Poincare.VKPort.HatcherLib.Ch1.VanKampen	HatcherLib.CoveredPathChain.noConfusionType	def
MD	Poincare.VKPort.HatcherLib.Ch1.VanKampen	HatcherLib.PathConnectedOpenCover.mk.noConfusion	def
MD	Poincare.VKPort.HatcherLib.Ch1.VanKampen	HatcherLib.PathConnectedOpenCover.casesOn	def
MD	Poincare.VKPort.HatcherLib.Ch1.VanKampen	HatcherLib.pathInSubtype._proof_1	theorem
MD	Poincare.VKPort.HatcherLib.Ch1.VanKampen	HatcherLib.PathConnectedOpenCover.noConfusionType	def
MD	Poincare.VKPort.HatcherLib.Ch1.VanKampen	HatcherLib.CoveredPathChain.PrefixDecomposition.mk.congr_simp	theorem
MD	Poincare.VKPort.HatcherLib.Ch1.VanKampen	HatcherLib.CoveredPathChain.PrefixDecomposition._sizeOf_1	def
MD	Poincare.VKPort.HatcherLib.Ch1.VanKampen	HatcherLib.vanKampenNormalSubgroup_normal	theorem
MD	Poincare.VKPort.HatcherLib.Ch1.VanKampen	HatcherLib.CoveredPathChain.single.inj	theorem
MD	Poincare.VKPort.HatcherLib.Ch1.VanKampen	HatcherLib.PathConnectedOpenCover.carrier	def
MD	Poincare.VKPort.HatcherLib.Ch1.VanKampen	HatcherLib.CoveredSubdivisionPrefix.mk.inj	theorem
MD	Poincare.VKPort.HatcherLib.Ch1.VanKampen	HatcherLib.vanKampenRelator.eq_1	theorem
MD	Poincare.VKPort.HatcherLib.Ch1.VanKampen	HatcherLib.coveredLoopProduct._unsafe_rec	partial_def
MD	Poincare.VKPort.HatcherLib.Ch1.VanKampen	HatcherLib.VanKampenWordMove	inductive
MD	Poincare.VKPort.HatcherLib.Ch1.VanKampen	HatcherLib.PathConnectedOpenCover	inductive
MD	Poincare.VKPort.HatcherLib.Ch1.VanKampen	HatcherLib.coveredLoopProduct._sunfold	def
MD	Poincare.VKPort.HatcherLib.Ch1.VanKampen	HatcherLib.PathConnectedOpenCover.mk.sizeOf_spec	theorem
MD	Poincare.VKPort.HatcherLib.Ch1.VanKampen	HatcherLib.VanKampenWordMove.recOn	def
MD	Poincare.VKPort.HatcherLib.Ch1.VanKampen	HatcherLib.PathConnectedOpenCover.cover	theorem
MD	Poincare.VKPort.HatcherLib.Ch1.VanKampen	HatcherLib.CoveredSubdivisionPrefix.mk.injEq	theorem
MD	Poincare.VKPort.HatcherLib.Ch1.VanKampen	HatcherLib.coverIntersectionInclusionLeft._proof_3	theorem
MD	Poincare.VKPort.HatcherLib.Ch1.VanKampen	HatcherLib.pathInSubtype._proof_4	theorem
MD	Poincare.VKPort.HatcherLib.Ch1.VanKampen	HatcherLib.CoveredPathChain.PrefixDecomposition	inductive
MD	Poincare.VKPort.HatcherLib.Ch1.VanKampen	HatcherLib.CoveredPathChain.loop_decomposition_of_covered_chain_with_membership	theorem
MD	Poincare.VKPort.HatcherLib.Ch1.VanKampen	HatcherLib.coveredSubdivisionPrefix._proof_12	theorem
MD	Poincare.VKPort.HatcherLib.Ch1.VanKampen	HatcherLib.CoveredPathChain.single.elim	def
MD	Poincare.VKPort.HatcherLib.Ch1.VanKampen	HatcherLib.coveredSubdivisionPrefix._proof_9	theorem
MD	Poincare.VKPort.HatcherLib.Ch1.VanKampen	HatcherLib.CoveredSubdivisionPrefix.rec	recursor
MD	Poincare.VKPort.HatcherLib.Ch1.VanKampen	HatcherLib.vanKampenRelator_mem_ker	theorem
MD	Poincare.VKPort.HatcherLib.Ch1.VanKampen	HatcherLib.CoveredSubdivisionPrefix._sizeOf_inst	def
MD	Poincare.VKPort.HatcherLib.Ch1.VanKampen	HatcherLib.CoveredPathChain.ctorIdx	def
MD	Poincare.VKPort.HatcherLib.Ch1.VanKampen	HatcherLib.vanKampenWordQuotientEvaluation	def
MD	Poincare.VKPort.HatcherLib.Ch1.VanKampen	HatcherLib.vanKampenWordQuotientEvaluation.eq_1	theorem
MD	Poincare.VKPort.HatcherLib.Ch1.VanKampen	HatcherLib.coveredLoopProduct_mem_vanKampenMap_range	theorem
MD	Poincare.VKPort.HatcherLib.Ch1.VanKampen	HatcherLib.vanKampenWordEvaluation	def
MD	Poincare.VKPort.HatcherLib.Ch1.VanKampen	HatcherLib.CoveredPathChain.prefixDecomposition	def
MD	Poincare.VKPort.HatcherLib.Ch1.VanKampen	HatcherLib.coveredSubdivisionPrefix._proof_6	theorem
MD	Poincare.VKPort.HatcherLib.Ch1.VanKampen	HatcherLib.CoveredSubdivisionPrefix.homotopic	theorem
MD	Poincare.VKPort.HatcherLib.Ch1.VanKampen	HatcherLib.CoveredLoop.path_in	theorem
MD	Poincare.VKPort.HatcherLib.Ch1.VanKampen	_private.Poincare.VKPort.HatcherLib.Ch1.VanKampen.0.HatcherLib.CoveredPathChain.toPath.match_1.eq_2	theorem
MD	Poincare.VKPort.HatcherLib.Ch1.VanKampen	HatcherLib.pathInSubtype._proof_5	theorem
MD	Poincare.VKPort.HatcherLib.Ch1.VanKampen	HatcherLib.coveredSubdivisionPrefix._proof_8	theorem
MD	Poincare.VKPort.HatcherLib.Ch1.VanKampen	HatcherLib.vanKampenQuotientMap_wordEvaluation	theorem
MD	Poincare.VKPort.HatcherLib.Ch1.VanKampen	HatcherLib.coveredSubdivisionPrefix._proof_1	theorem
MD	Poincare.VKPort.HatcherLib.Ch1.VanKampen	HatcherLib.vanKampenWordQuotientEvaluation_eq_mk	theorem
MD	Poincare.VKPort.HatcherLib.Ch1.VanKampen	HatcherLib.vanKampenQuotientMulEquivOfKerEq._proof_2	theorem
MD	Poincare.VKPort.HatcherLib.Ch1.VanKampen	HatcherLib.VanKampenWordMove.multiply	ctor
MD	Poincare.VKPort.HatcherLib.Ch1.VanKampen	HatcherLib.CoveredPathChain.toPath._f	def
MD	Poincare.VKPort.HatcherLib.Ch1.VanKampen	HatcherLib.vanKampenWordEquivalent_map_eq	theorem
MD	Poincare.VKPort.HatcherLib.Ch1.VanKampen	HatcherLib.CoveredPathChain.PrefixDecomposition.mk	ctor
MD	Poincare.VKPort.HatcherLib.Ch1.VanKampen	HatcherLib.PathConnectedOpenCover._sizeOf_1	def
MD	Poincare.VKPort.HatcherLib.Ch1.VanKampen	HatcherLib.CoveredSubdivisionPrefix.mk.noConfusion	def
MD	Poincare.VKPort.HatcherLib.Ch1.VanKampen	HatcherLib.CoveredPathChain.brecOn	def
MD	Poincare.VKPort.HatcherLib.Ch1.VanKampen	HatcherLib.CoveredPathChain.carrierSets.eq_def	theorem
MD	Poincare.VKPort.HatcherLib.Ch1.VanKampen	HatcherLib.CoveredPathChain.extend.congr_simp	theorem
MD	Poincare.VKPort.HatcherLib.Ch1.VanKampen	HatcherLib.CoveredPathChain.current_mem_carrierSets	theorem
MD	Poincare.VKPort.HatcherLib.Ch1.VanKampen	HatcherLib.CoveredPathChain._sizeOf_1	def
MD	Poincare.VKPort.HatcherLib.Ch1.VanKampen	HatcherLib.CoveredPathChain.single.sizeOf_spec	theorem
MD	Poincare.VKPort.HatcherLib.Ch1.VanKampen	HatcherLib.vanKampenMap.eq_1	theorem
MD	Poincare.VKPort.HatcherLib.Ch1.VanKampen	HatcherLib.CoveredPathChain.prefix_loops_mem_carrierSets._simp_1_4	theorem
MD	Poincare.VKPort.HatcherLib.Ch1.VanKampen	HatcherLib.PathConnectedOpenCover.isOpen	theorem
MD	Poincare.VKPort.HatcherLib.Ch1.VanKampen	HatcherLib.CoveredPathChain.PrefixDecomposition.noConfusion	def
MD	Poincare.VKPort.HatcherLib.Ch1.VanKampen	HatcherLib.coveredSubdivisionPrefix._proof_5	theorem
MD	Poincare.VKPort.HatcherLib.Ch1.VanKampen	HatcherLib.CoveredPathChain.extend.elim	def
MD	Poincare.VKPort.HatcherLib.Ch1.VanKampen	HatcherLib.pathInSubtype._proof_6	theorem
MD	Poincare.VKPort.HatcherLib.Ch1.VanKampen	HatcherLib.CoveredLoop.path.eq_1	theorem
MD	Poincare.VKPort.HatcherLib.Ch1.VanKampen	HatcherLib.CoverIntersectionFundamentalGroup._proof_1	theorem
MD	Poincare.VKPort.HatcherLib.Ch1.VanKampen	HatcherLib.CoveredPathChain.carrierSets.eq_1	theorem
MD	Poincare.VKPort.HatcherLib.Ch1.VanKampen	HatcherLib.loop_decomposition_of_pathConnectedOpenCover	theorem
MD	Poincare.VKPort.HatcherLib.Ch1.VanKampen	HatcherLib.CoveredPathChain.PrefixDecomposition.recOn	def
MD	Poincare.VKPort.HatcherLib.Ch1.VanKampen	HatcherLib.coverInclusion._proof_1	theorem
MD	Poincare.VKPort.HatcherLib.Ch1.VanKampen	HatcherLib.VanKampenWordMove.casesOn	def
MD	Poincare.VKPort.HatcherLib.Ch1.VanKampen	HatcherLib.PathConnectedOpenCover.noConfusion	def
MD	Poincare.VKPort.HatcherLib.Ch1.VanKampen	HatcherLib.PathConnectedOpenCover.mk.inj	theorem
MD	Poincare.VKPort.HatcherLib.Ch1.VanKampen	HatcherLib.coverIntersectionInclusionRight	def
MD	Poincare.VKPort.HatcherLib.Ch1.VanKampen	HatcherLib.CoveredPathChain.toPath._unsafe_rec	partial_def
MD	Poincare.VKPort.HatcherLib.Ch1.VanKampen	HatcherLib.CoveredPathChain.carrierSets	def
MD	Poincare.VKPort.HatcherLib.Ch1.VanKampen	HatcherLib.coverIntersectionInclusionRight._proof_3	theorem
MD	Poincare.VKPort.HatcherLib.Ch1.VanKampen	HatcherLib.coverIntersectionToLeft	def
MD	Poincare.VKPort.HatcherLib.Ch1.VanKampen	HatcherLib.CoveredPathChain.single	ctor
MD	Poincare.VKPort.HatcherLib.Ch1.VanKampen	HatcherLib.coverInclusion	def
MD	Poincare.VKPort.HatcherLib.Ch1.VanKampen	HatcherLib.CoveredPathChain.decompose_loop_with_membership	theorem
MD	Poincare.VKPort.HatcherLib.Ch1.VanKampen	HatcherLib.CoveredPathChain.decompose_of_endpoint_eq_with_carrierSets	theorem
MD	Poincare.VKPort.HatcherLib.Ch1.VanKampen	HatcherLib.CoveredPathChain.PrefixDecomposition.boundary_in	theorem
MD	Poincare.VKPort.HatcherLib.Ch1.VanKampen	HatcherLib.CoveredPathChain.prefixDecomposition._proof_5	theorem
MD	Poincare.VKPort.HatcherLib.Ch1.VanKampen	HatcherLib.vanKampenNormalSubgroup_le_ker	theorem
MD	Poincare.VKPort.HatcherLib.Ch1.VanKampen	HatcherLib.CoveredPathChain.noConfusion	def
MD	Poincare.VKPort.HatcherLib.Ch1.VanKampen	HatcherLib.coverIntersectionInclusionRight._proof_2	theorem
MD	Poincare.VKPort.HatcherLib.Ch1.VanKampen	HatcherLib.coveredSubdivisionPrefix._proof_13	theorem
MD	Poincare.VKPort.HatcherLib.Ch1.VanKampen	HatcherLib.CoveredPathChain.prefix_loops_mem_carrierSets	theorem
MD	Poincare.VKPort.HatcherLib.Ch1.VanKampen	HatcherLib.freeProductLift.eq_1	theorem
MD	Poincare.VKPort.HatcherLib.Ch1.VanKampen	HatcherLib.CoveredPathChain.prefixDecomposition._proof_2	theorem
MD	Poincare.VKPort.HatcherLib.Ch1.VanKampen	HatcherLib.VanKampenWordEquivalent	def
MD	Poincare.VKPort.HatcherLib.Ch1.VanKampen	HatcherLib.vanKampenWordEquivalent_quotient_eq	theorem
MD	Poincare.VKPort.HatcherLib.Ch1.VanKampen	HatcherLib.CoverFundamentalGroup	def
