MD	Poincare.VKPort.HatcherLib.Ch1.VanKampenGrid	_private.Poincare.VKPort.HatcherLib.Ch1.VanKampenGrid.0.HatcherLib.vanKampenWordLoop.match_1.eq_2	theorem
MD	Poincare.VKPort.HatcherLib.Ch1.VanKampenGrid	HatcherLib.VanKampenSquareGrid.cell.eq_1	theorem
MD	Poincare.VKPort.HatcherLib.Ch1.VanKampenGrid	HatcherLib.vanKampenWordLoop	def
MD	Poincare.VKPort.HatcherLib.Ch1.VanKampenGrid	HatcherLib.vanKampenMap_wordLoop	theorem
MD	Poincare.VKPort.HatcherLib.Ch1.VanKampenGrid	HatcherLib.VanKampenSquareGrid.verticalCells	def
MD	Poincare.VKPort.HatcherLib.Ch1.VanKampenGrid	HatcherLib.VanKampenSquareGrid.casesOn	def
MD	Poincare.VKPort.HatcherLib.Ch1.VanKampenGrid	HatcherLib.vanKampenFactorRepresentative_mk	theorem
MD	Poincare.VKPort.HatcherLib.Ch1.VanKampenGrid	HatcherLib.VanKampenSquareGrid.mk._flat_ctor	def
MD	Poincare.VKPort.HatcherLib.Ch1.VanKampenGrid	HatcherLib.VanKampenSquareGrid.cell_subordinate	theorem
MD	Poincare.VKPort.HatcherLib.Ch1.VanKampenGrid	HatcherLib.VanKampenSquareGrid.horizontalCut	def
MD	Poincare.VKPort.HatcherLib.Ch1.VanKampenGrid	HatcherLib.VanKampenSquareGrid.vertex_mem_cell	theorem
MD	Poincare.VKPort.HatcherLib.Ch1.VanKampenGrid	HatcherLib.VanKampenCellTouchesVertex	def
MD	Poincare.VKPort.HatcherLib.Ch1.VanKampenGrid	HatcherLib.VanKampenSquareGrid.cellIndex	def
MD	Poincare.VKPort.HatcherLib.Ch1.VanKampenGrid	HatcherLib.vanKampenWordLoop.eq_2	theorem
MD	Poincare.VKPort.HatcherLib.Ch1.VanKampenGrid	HatcherLib.VanKampenSquareGrid.mk.sizeOf_spec	theorem
MD	Poincare.VKPort.HatcherLib.Ch1.VanKampenGrid	HatcherLib.vanKampenWordLoop.match_1	def
MD	Poincare.VKPort.HatcherLib.Ch1.VanKampenGrid	HatcherLib.VanKampenSquareGrid.rec	recursor
MD	Poincare.VKPort.HatcherLib.Ch1.VanKampenGrid	HatcherLib.vanKampenFactorLoop_in	theorem
MD	Poincare.VKPort.HatcherLib.Ch1.VanKampenGrid	HatcherLib.VanKampenSquareGrid.vertexConnector_in_incidentCell	theorem
MD	Poincare.VKPort.HatcherLib.Ch1.VanKampenGrid	HatcherLib.vanKampenWordLoop_homotopic_of_map_eq	theorem
MD	Poincare.VKPort.HatcherLib.Ch1.VanKampenGrid	HatcherLib.VanKampenSquareGrid._sizeOf_1	def
MD	Poincare.VKPort.HatcherLib.Ch1.VanKampenGrid	HatcherLib.VanKampenSquareGrid.vertex	def
MD	Poincare.VKPort.HatcherLib.Ch1.VanKampenGrid	HatcherLib.VanKampenSquareGrid.verticalCut	def
MD	Poincare.VKPort.HatcherLib.Ch1.VanKampenGrid	HatcherLib.VanKampenSquareGrid.cell	def
MD	Poincare.VKPort.HatcherLib.Ch1.VanKampenGrid	HatcherLib.VanKampenSquareGrid.recOn	def
MD	Poincare.VKPort.HatcherLib.Ch1.VanKampenGrid	HatcherLib.VanKampenSquareGrid.horizontalCells	def
MD	Poincare.VKPort.HatcherLib.Ch1.VanKampenGrid	HatcherLib.vanKampenFactorRepresentative._proof_1	theorem
MD	Poincare.VKPort.HatcherLib.Ch1.VanKampenGrid	HatcherLib.VanKampenSquareGrid.mk	ctor
MD	Poincare.VKPort.HatcherLib.Ch1.VanKampenGrid	HatcherLib.VanKampenSquareGrid.noConfusion	def
MD	Poincare.VKPort.HatcherLib.Ch1.VanKampenGrid	HatcherLib.VanKampenTripleIntersectionsPathConnected	def
MD	Poincare.VKPort.HatcherLib.Ch1.VanKampenGrid	HatcherLib.VanKampenSquareGrid.vertexLabels	def
MD	Poincare.VKPort.HatcherLib.Ch1.VanKampenGrid	HatcherLib.vanKampenWordLoop.eq_1	theorem
MD	Poincare.VKPort.HatcherLib.Ch1.VanKampenGrid	HatcherLib.vanKampenThreefoldIntersection_subset	theorem
MD	Poincare.VKPort.HatcherLib.Ch1.VanKampenGrid	_private.Poincare.VKPort.HatcherLib.Ch1.VanKampenGrid.0.HatcherLib.vanKampenWordLoop.match_1.eq_1	theorem
MD	Poincare.VKPort.HatcherLib.Ch1.VanKampenGrid	HatcherLib.VanKampenSquareGrid.horizontalCut_one	theorem
MD	Poincare.VKPort.HatcherLib.Ch1.VanKampenGrid	HatcherLib.VanKampenSquareGrid	inductive
MD	Poincare.VKPort.HatcherLib.Ch1.VanKampenGrid	HatcherLib.pathInSubtype.congr_simp	theorem
MD	Poincare.VKPort.HatcherLib.Ch1.VanKampenGrid	HatcherLib.VanKampenSquareGrid.vertex.eq_1	theorem
MD	Poincare.VKPort.HatcherLib.Ch1.VanKampenGrid	HatcherLib.VanKampenSquareGrid.incident_label	theorem
MD	Poincare.VKPort.HatcherLib.Ch1.VanKampenGrid	HatcherLib.VanKampenSquareGrid.vertex_image_mem	theorem
MD	Poincare.VKPort.HatcherLib.Ch1.VanKampenGrid	HatcherLib.VanKampenSquareGrid.vertexConnector_in	theorem
MD	Poincare.VKPort.HatcherLib.Ch1.VanKampenGrid	HatcherLib.vanKampenWordLoop.eq_def	theorem
MD	Poincare.VKPort.HatcherLib.Ch1.VanKampenGrid	HatcherLib.vanKampenThreefoldIntersection._proof_1	theorem
MD	Poincare.VKPort.HatcherLib.Ch1.VanKampenGrid	_private.Poincare.VKPort.HatcherLib.Ch1.VanKampenGrid.0.HatcherLib.vanKampenWordLoop.match_1.splitter	def
MD	Poincare.VKPort.HatcherLib.Ch1.VanKampenGrid	HatcherLib.VanKampenSquareGrid.verticalCut_zero	theorem
MD	Poincare.VKPort.HatcherLib.Ch1.VanKampenGrid	HatcherLib.VanKampenSquareGrid.horizontalCut_zero	theorem
MD	Poincare.VKPort.HatcherLib.Ch1.VanKampenGrid	HatcherLib.vanKampenWordLoop._f	def
MD	Poincare.VKPort.HatcherLib.Ch1.VanKampenGrid	HatcherLib.vanKampenFactor_pathInSubtype	theorem
MD	Poincare.VKPort.HatcherLib.Ch1.VanKampenGrid	HatcherLib.vanKampenFactorLoop._proof_1	theorem
MD	Poincare.VKPort.HatcherLib.Ch1.VanKampenGrid	HatcherLib.vanKampenThreefoldIntersection	def
MD	Poincare.VKPort.HatcherLib.Ch1.VanKampenGrid	HatcherLib.VanKampenSquareGrid.noConfusionType	def
MD	Poincare.VKPort.HatcherLib.Ch1.VanKampenGrid	HatcherLib.vanKampenMap_factorRepresentative	theorem
MD	Poincare.VKPort.HatcherLib.Ch1.VanKampenGrid	HatcherLib.vanKampenWordHomotopyOfMapEq	def
MD	Poincare.VKPort.HatcherLib.Ch1.VanKampenGrid	HatcherLib.VanKampenSquareGrid.verticalCut_mono	theorem
MD	Poincare.VKPort.HatcherLib.Ch1.VanKampenGrid	HatcherLib.VanKampenSquareGrid.vertexConnector	def
MD	Poincare.VKPort.HatcherLib.Ch1.VanKampenGrid	HatcherLib.vanKampenFactorCoveredLoop.eq_1	theorem
MD	Poincare.VKPort.HatcherLib.Ch1.VanKampenGrid	HatcherLib.VanKampenSquareGrid.vertexConnector._proof_1	theorem
MD	Poincare.VKPort.HatcherLib.Ch1.VanKampenGrid	HatcherLib.vanKampenWordLoop._sunfold	def
MD	Poincare.VKPort.HatcherLib.Ch1.VanKampenGrid	HatcherLib.vanKampenFactorLoop	def
MD	Poincare.VKPort.HatcherLib.Ch1.VanKampenGrid	HatcherLib.VanKampenSquareGrid.mk.injEq	theorem
MD	Poincare.VKPort.HatcherLib.Ch1.VanKampenGrid	HatcherLib.VanKampenSquareGrid.mk.inj	theorem
MD	Poincare.VKPort.HatcherLib.Ch1.VanKampenGrid	HatcherLib.vanKampenFactorRepresentative	def
MD	Poincare.VKPort.HatcherLib.Ch1.VanKampenGrid	HatcherLib.VanKampenSquareGrid.ctorIdx	def
MD	Poincare.VKPort.HatcherLib.Ch1.VanKampenGrid	HatcherLib.VanKampenSquareGrid.mk.noConfusion	def
MD	Poincare.VKPort.HatcherLib.Ch1.VanKampenGrid	HatcherLib.VanKampenSquareGrid.horizontalCut_mono	theorem
MD	Poincare.VKPort.HatcherLib.Ch1.VanKampenGrid	HatcherLib.VanKampenSquareGrid._sizeOf_inst	def
MD	Poincare.VKPort.HatcherLib.Ch1.VanKampenGrid	HatcherLib.vanKampenFactorCoveredLoop	def
MD	Poincare.VKPort.HatcherLib.Ch1.VanKampenGrid	HatcherLib.VanKampenSquareGrid.verticalCut_one	theorem
MD	Poincare.VKPort.HatcherLib.Ch1.VanKampenGrid	HatcherLib.vanKampenFactorRepresentative._proof_2	theorem
