MD	Poincare.VKPort.HatcherLib.Ch1.VanKampenSubdivision	HatcherLib.VanKampenRectangularSubdivision.horizontalCut	def
MD	Poincare.VKPort.HatcherLib.Ch1.VanKampenSubdivision	HatcherLib.VanKampenRectangularSubdivision.cellLabel	def
MD	Poincare.VKPort.HatcherLib.Ch1.VanKampenSubdivision	HatcherLib.VanKampenRectangularSubdivision.casesOn	def
MD	Poincare.VKPort.HatcherLib.Ch1.VanKampenSubdivision	HatcherLib.VanKampenRectangularSubdivision	inductive
MD	Poincare.VKPort.HatcherLib.Ch1.VanKampenSubdivision	HatcherLib.VanKampenRectangularSubdivision._sizeOf_1	def
MD	Poincare.VKPort.HatcherLib.Ch1.VanKampenSubdivision	HatcherLib.VanKampenRectangularSubdivision.ctorIdx	def
MD	Poincare.VKPort.HatcherLib.Ch1.VanKampenSubdivision	HatcherLib.VanKampenRectangularSubdivision.verticalCells	def
MD	Poincare.VKPort.HatcherLib.Ch1.VanKampenSubdivision	HatcherLib.VanKampenRectangularSubdivision.horizontalCut_zero	theorem
MD	Poincare.VKPort.HatcherLib.Ch1.VanKampenSubdivision	HatcherLib.VanKampenRectangularSubdivision.rec	recursor
MD	Poincare.VKPort.HatcherLib.Ch1.VanKampenSubdivision	HatcherLib.VanKampenRectangularSubdivision.cell_subordinate	theorem
MD	Poincare.VKPort.HatcherLib.Ch1.VanKampenSubdivision	HatcherLib.VanKampenRectangularSubdivision.mk	ctor
MD	Poincare.VKPort.HatcherLib.Ch1.VanKampenSubdivision	HatcherLib.VanKampenRectangularSubdivision.verticalCut_zero	theorem
MD	Poincare.VKPort.HatcherLib.Ch1.VanKampenSubdivision	HatcherLib.VanKampenRectangularSubdivision.horizontalCells	def
MD	Poincare.VKPort.HatcherLib.Ch1.VanKampenSubdivision	HatcherLib.VanKampenRectangularSubdivision._sizeOf_inst	def
MD	Poincare.VKPort.HatcherLib.Ch1.VanKampenSubdivision	HatcherLib.VanKampenRectangularSubdivision.mk.injEq	theorem
MD	Poincare.VKPort.HatcherLib.Ch1.VanKampenSubdivision	HatcherLib.VanKampenRectangularSubdivision.noConfusionType	def
MD	Poincare.VKPort.HatcherLib.Ch1.VanKampenSubdivision	HatcherLib.VanKampenRectangularSubdivision.mk._flat_ctor	def
MD	Poincare.VKPort.HatcherLib.Ch1.VanKampenSubdivision	HatcherLib.VanKampenRectangularSubdivision.horizontalCut_one	theorem
MD	Poincare.VKPort.HatcherLib.Ch1.VanKampenSubdivision	HatcherLib.VanKampenRectangularSubdivision.recOn	def
MD	Poincare.VKPort.HatcherLib.Ch1.VanKampenSubdivision	HatcherLib.VanKampenRectangularSubdivision.noConfusion	def
MD	Poincare.VKPort.HatcherLib.Ch1.VanKampenSubdivision	HatcherLib.VanKampenRectangularSubdivision.horizontalCut_mono	theorem
MD	Poincare.VKPort.HatcherLib.Ch1.VanKampenSubdivision	HatcherLib.VanKampenRectangularSubdivision.verticalCut	def
MD	Poincare.VKPort.HatcherLib.Ch1.VanKampenSubdivision	HatcherLib.VanKampenRectangularSubdivision.mk.sizeOf_spec	theorem
MD	Poincare.VKPort.HatcherLib.Ch1.VanKampenSubdivision	HatcherLib.VanKampenRectangularSubdivision.verticalCut_mono	theorem
MD	Poincare.VKPort.HatcherLib.Ch1.VanKampenSubdivision	HatcherLib.VanKampenRectangularSubdivision.mk.inj	theorem
MD	Poincare.VKPort.HatcherLib.Ch1.VanKampenSubdivision	HatcherLib.VanKampenRectangularSubdivision.mk.noConfusion	def
MD	Poincare.VKPort.HatcherLib.Ch1.VanKampenSubdivision	HatcherLib.exists_vanKampenRectangularSubdivision	theorem
MD	Poincare.VKPort.HatcherLib.Ch1.VanKampenSubdivision	HatcherLib.VanKampenRectangularSubdivision.verticalCut_one	theorem
