'Poincare.L4.Compactness.euclidModel_volumeRatio_closedForm' depends on axioms: [propext, Classical.choice, Quot.sound]
'Poincare.L4.Compactness.euclidModel_volume_doubling_closedForm' depends on axioms: [propext,
 Classical.choice,
 Quot.sound]
'Poincare.L4.Compactness.euclid_volume_ratio_le_of_ricci_nonneg' depends on axioms: [propext,
 Classical.choice,
 Quot.sound]
'Poincare.L4.Compactness.euclid_volumeRatio_div_le_of_ricci_nonneg' depends on axioms: [propext,
 Classical.choice,
 Quot.sound]
'Poincare.L4.Compactness.euclid_volume_doubling_of_ricci_nonneg' depends on axioms: [propext,
 Classical.choice,
 Quot.sound]
'Poincare.L4.Compactness.euclidModel_hypotheses_witness' depends on axioms: [propext, Classical.choice, Quot.sound]
'Poincare.L4.Compactness.radialVolume_euclidModel_one_doubling_witness' depends on axioms: [propext,
 Classical.choice,
 Quot.sound]
'Poincare.L4.Compactness.radialVolume_euclidModel_one_value_witness' depends on axioms: [propext,
 Classical.choice,
 Quot.sound]
'Poincare.L4.Compactness.IsRadialBallMeasure' depends on axioms: [propext, Classical.choice, Quot.sound]
'Poincare.L4.Compactness.isRadialBallMeasure_real_witness' depends on axioms: [propext, Classical.choice, Quot.sound]
'Poincare.L4.Compactness.coveringNumber_le_measure_ratio_of_radialBallMeasure' depends on axioms: [propext,
 Classical.choice,
 Quot.sound]
'Poincare.L4.Compactness.coveringNumber_le_of_radialBallMeasure_doubling' depends on axioms: [propext,
 Classical.choice,
 Quot.sound]
'Poincare.L4.Compactness.coveringNumber_le_of_ricci_nonneg_radialBallMeasure' depends on axioms: [propext,
 Classical.choice,
 Quot.sound]
'Poincare.L4.Compactness.hypModelK' depends on axioms: [propext, Classical.choice, Quot.sound]
'Poincare.L4.Compactness.hypModelA' depends on axioms: [propext, Classical.choice, Quot.sound]
'Poincare.L4.Compactness.hypModelM' depends on axioms: [propext, Classical.choice, Quot.sound]
'Poincare.L4.Compactness.hypModelDm' depends on axioms: [propext, Classical.choice, Quot.sound]
'Poincare.L4.Compactness.hypModelDA' depends on axioms: [propext, Classical.choice, Quot.sound]
PRIVATE _private.Poincare.L4.Compactness.RicciToDoublingHyperbolic.«0».Poincare.L4.Compactness.sinh_mul_cosh_sub_sinh_nonneg depends on axioms: []
PRIVATE _private.Poincare.L4.Compactness.RicciToDoublingHyperbolic.«0».Poincare.L4.Compactness.sinh_mul_cosh_sub_sinh_le depends on axioms: []
'Poincare.L4.Compactness.coth_sub_inv_abs_le_one' depends on axioms: [propext, Classical.choice, Quot.sound]
'Poincare.L4.Compactness.hypModelM_hasDerivAt' depends on axioms: [propext, Classical.choice, Quot.sound]
'Poincare.L4.Compactness.hypModelM_riccati' depends on axioms: [propext, Classical.choice, Quot.sound]
'Poincare.L4.Compactness.hypModelM_contOn' depends on axioms: [propext, Classical.choice, Quot.sound]
'Poincare.L4.Compactness.hypModelM_normalized' depends on axioms: [propext, Classical.choice, Quot.sound]
'Poincare.L4.Compactness.hypModelA_hasDerivAt' depends on axioms: [propext, Classical.choice, Quot.sound]
'Poincare.L4.Compactness.hypModelA_contOn' depends on axioms: [propext, Classical.choice, Quot.sound]
'Poincare.L4.Compactness.hypModelA_pos' depends on axioms: [propext, Classical.choice, Quot.sound]
'Poincare.L4.Compactness.hypModelA_zero' depends on axioms: [propext, Classical.choice, Quot.sound]
'Poincare.L4.Compactness.hypModelA_logDeriv' depends on axioms: [propext, Classical.choice, Quot.sound]
'Poincare.L4.Compactness.hyp_volume_ratio_le_of_ricci_ge' depends on axioms: [propext, Classical.choice, Quot.sound]
'Poincare.L4.Compactness.hyp_volume_doubling_of_ricci_ge' depends on axioms: [propext, Classical.choice, Quot.sound]
'Poincare.L4.Compactness.hypModel_doubling_witness' depends on axioms: [propext, Classical.choice, Quot.sound]
'Poincare.L4.Compactness.hypModelA_one_one_volume' depends on axioms: [propext, Classical.choice, Quot.sound]
'Poincare.L4.Compactness.hypModelA_one_one_doubling' depends on axioms: [propext, Classical.choice, Quot.sound]
'Poincare.L4.Compactness.hyp_volume_doubling_d1_k1' depends on axioms: [propext, Classical.choice, Quot.sound]
'Poincare.L4.Compactness.sinhPowIntegral' depends on axioms: [propext, Classical.choice, Quot.sound]
'Poincare.L4.Compactness.sinhPowIntegral_zero' depends on axioms: [propext, Classical.choice, Quot.sound]
'Poincare.L4.Compactness.sinhPowIntegral_one' depends on axioms: [propext, Classical.choice, Quot.sound]
'Poincare.L4.Compactness.sinhPowIntegral_add_two' depends on axioms: [propext, Classical.choice, Quot.sound]
'Poincare.L4.Compactness.sinhPowIntegral_apply_zero' depends on axioms: [propext, Classical.choice, Quot.sound]
'Poincare.L4.Compactness.sinhPowIntegral_hasDerivAt' depends on axioms: [propext, Classical.choice, Quot.sound]
'Poincare.L4.Compactness.sinhPowIntegral_integral' depends on axioms: [propext, Classical.choice, Quot.sound]
'Poincare.L4.Compactness.sinhPowIntegral_two' depends on axioms: [propext, Classical.choice, Quot.sound]
'Poincare.L4.Compactness.sinhPowIntegral_three' depends on axioms: [propext, Classical.choice, Quot.sound]
'Poincare.L4.Compactness.hypModelA_volume_closedForm' depends on axioms: [propext, Classical.choice, Quot.sound]
'Poincare.L4.Compactness.hypModel_volumeRatio_closedForm' depends on axioms: [propext, Classical.choice, Quot.sound]
'Poincare.L4.Compactness.hypModelA_one_one_volume_closedForm' depends on axioms: [propext, Classical.choice, Quot.sound]
'Poincare.L4.Compactness.hypModel_volumeRatio_d2_closedForm' depends on axioms: [propext, Classical.choice, Quot.sound]
'Poincare.L4.Compactness.hyp_volume_ratio_le_of_ricci_ge_closedForm' depends on axioms: [propext,
 Classical.choice,
 Quot.sound]
'Poincare.L4.Compactness.hyp_volume_doubling_closedForm' depends on axioms: [propext, Classical.choice, Quot.sound]
