Poincare.D12.ConnectionCurvature.ChartMetricCoefficients.{w} (ι : Type w) [Fintype ι] [DecidableEq ι] : Type w
Poincare.D12.ConnectionCurvature.ChartMetricCoefficients.christoffel.{w} {ι : Type w} [Fintype ι] [DecidableEq ι]
  (c : Poincare.D12.ConnectionCurvature.ChartMetricCoefficients ι) (k i j : ι) : ℝ
Poincare.D12.ConnectionCurvature.ChartMetricCoefficients.christoffelLower.{w} {ι : Type w} [Fintype ι] [DecidableEq ι]
  (c : Poincare.D12.ConnectionCurvature.ChartMetricCoefficients ι) (l i j : ι) : ℝ
Poincare.D12.ConnectionCurvature.ChartMetricCoefficients.christoffel_raised_contraction.{w} {ι : Type w} [Fintype ι]
  [DecidableEq ι] (c : Poincare.D12.ConnectionCurvature.ChartMetricCoefficients ι) (j k l : ι) :
  ∑ i, c.g i j * c.christoffel i k l = c.christoffelLower j k l
Poincare.D12.ConnectionCurvature.ChartMetricCoefficients.christoffel_raised_contraction_first.{w} {ι : Type w}
  [Fintype ι] [DecidableEq ι] (c : Poincare.D12.ConnectionCurvature.ChartMetricCoefficients ι) (a k j : ι) :
  ∑ i, c.g a i * c.christoffel i k j = c.christoffelLower a k j
Poincare.D12.ConnectionCurvature.ChartMetricCoefficients.christoffel_symm.{w} {ι : Type w} [Fintype ι] [DecidableEq ι]
  (c : Poincare.D12.ConnectionCurvature.ChartMetricCoefficients ι) (k i j : ι) :
  c.christoffel k i j = c.christoffel k j i
Poincare.D12.ConnectionCurvature.ChartMetricCoefficients.gram_christoffel_contraction.{w} {ι : Type w} [Fintype ι]
  [DecidableEq ι] (c : Poincare.D12.ConnectionCurvature.ChartMetricCoefficients ι) (a k i : ι) :
  ∑ m, c.g a m * c.christoffel m k i = c.christoffelLower a k i
Poincare.D12.ConnectionCurvature.ChartMetricCoefficients.gram_mul_gInv_delta.{w} {ι : Type w} [Fintype ι]
  [DecidableEq ι] (c : Poincare.D12.ConnectionCurvature.ChartMetricCoefficients ι) (a l : ι) :
  ∑ m, c.g a m * c.gInv m l = if a = l then 1 else 0
Poincare.D12.ConnectionCurvature.ChartMetricCoefficients.gram_mul_gInv_delta_first.{w} {ι : Type w} [Fintype ι]
  [DecidableEq ι] (c : Poincare.D12.ConnectionCurvature.ChartMetricCoefficients ι) (j m : ι) :
  ∑ i, c.g i j * c.gInv i m = if j = m then 1 else 0
Poincare.D12.ConnectionCurvature.ChartMetricCoefficients.metricDerivative_christoffel.{w} {ι : Type w} [Fintype ι]
  [DecidableEq ι] (c : Poincare.D12.ConnectionCurvature.ChartMetricCoefficients ι) (i j k : ι) :
  c.d k i j = ∑ m, (c.g m j * c.christoffel m k i + c.g i m * c.christoffel m k j)
Poincare.D12.ConnectionCurvature.ChartMetricCoefficients.metricDerivative_christoffel'.{w} {ι : Type w} [Fintype ι]
  [DecidableEq ι] (c : Poincare.D12.ConnectionCurvature.ChartMetricCoefficients ι) (k l j : ι) :
  c.d k l j = ∑ i, c.g i j * c.christoffel i k l + ∑ i, c.g l i * c.christoffel i k j
Poincare.D12.ConnectionCurvature.chartAbstractConnection.{w} {ι : Type w} [Fintype ι] [DecidableEq ι]
  (c : Poincare.D12.ConnectionCurvature.ChartMetricCoefficients ι) :
  Poincare.Longrun.Geometry.AbstractConnection ℝ (ι → ℝ)
Poincare.D12.ConnectionCurvature.chartCurvatureOperator.{w} {ι : Type w} [Fintype ι] [DecidableEq ι]
  (c : Poincare.D12.ConnectionCurvature.ChartMetricCoefficients ι) :
  Poincare.CurvatureAlgebra.CurvatureOperator ℝ (ι → ℝ)
Poincare.D12.ConnectionCurvature.chartCurvatureOperator_apply.{w} {ι : Type w} [Fintype ι] [DecidableEq ι]
  (c : Poincare.D12.ConnectionCurvature.ChartMetricCoefficients ι) (X Y Z : ι → ℝ) :
  (fun X Y Z => (((Poincare.D12.ConnectionCurvature.chartCurvatureOperator c).toTrilinear X) Y) Z) X Y Z =
    ((Poincare.D12.ConnectionCurvature.nablaOf c) X) (((Poincare.D12.ConnectionCurvature.nablaOf c) Y) Z) -
      ((Poincare.D12.ConnectionCurvature.nablaOf c) Y) (((Poincare.D12.ConnectionCurvature.nablaOf c) X) Z)
Poincare.D12.ConnectionCurvature.chartMetricCompatible_form.{w} {ι : Type w} [Fintype ι] [DecidableEq ι]
  (c : Poincare.D12.ConnectionCurvature.ChartMetricCoefficients ι) (X Y Z : ι → ℝ) :
  ((Poincare.D12.ConnectionCurvature.formOf c) (((Poincare.D12.ConnectionCurvature.nablaOf c) X) Y)) Z +
      ((Poincare.D12.ConnectionCurvature.formOf c) Y) (((Poincare.D12.ConnectionCurvature.nablaOf c) X) Z) =
    Poincare.D12.ConnectionCurvature.dFormOf c X Y Z
Poincare.D12.ConnectionCurvature.chartTorsionFree_form.{w} {ι : Type w} [Fintype ι] [DecidableEq ι]
  (c : Poincare.D12.ConnectionCurvature.ChartMetricCoefficients ι) (X Y : ι → ℝ) :
  ((Poincare.D12.ConnectionCurvature.nablaOf c) X) Y - ((Poincare.D12.ConnectionCurvature.nablaOf c) Y) X = 0
Poincare.D12.ConnectionCurvature.dFormOf.{w} {ι : Type w} [Fintype ι] [DecidableEq ι]
  (c : Poincare.D12.ConnectionCurvature.ChartMetricCoefficients ι) (X Y Z : ι → ℝ) : ℝ
Poincare.D12.ConnectionCurvature.formOf.{w} {ι : Type w} [Fintype ι] [DecidableEq ι]
  (c : Poincare.D12.ConnectionCurvature.ChartMetricCoefficients ι) : (ι → ℝ) →ₗ[ℝ] (ι → ℝ) →ₗ[ℝ] ℝ
Poincare.D12.ConnectionCurvature.formOf_apply.{w} {ι : Type w} [Fintype ι] [DecidableEq ι]
  (c : Poincare.D12.ConnectionCurvature.ChartMetricCoefficients ι) (X Y : ι → ℝ) :
  ((Poincare.D12.ConnectionCurvature.formOf c) X) Y = ∑ i, ∑ j, c.g i j * X i * Y j
Poincare.D12.ConnectionCurvature.form_nabla_eq_sum.{w} {ι : Type w} [Fintype ι] [DecidableEq ι]
  (c : Poincare.D12.ConnectionCurvature.ChartMetricCoefficients ι) (X Y Z : ι → ℝ) :
  ((Poincare.D12.ConnectionCurvature.formOf c) (((Poincare.D12.ConnectionCurvature.nablaOf c) X) Y)) Z =
    ∑ k, ∑ l, ∑ j, c.christoffelLower j k l * (X k * Y l * Z j)
Poincare.D12.ConnectionCurvature.form_nabla_second_eq_sum.{w} {ι : Type w} [Fintype ι] [DecidableEq ι]
  (c : Poincare.D12.ConnectionCurvature.ChartMetricCoefficients ι) (X Y Z : ι → ℝ) :
  ((Poincare.D12.ConnectionCurvature.formOf c) Y) (((Poincare.D12.ConnectionCurvature.nablaOf c) X) Z) =
    ∑ k, ∑ l, ∑ i, c.christoffelLower i k l * (Y i * (X k * Z l))
Poincare.D12.ConnectionCurvature.nablaOf.{w} {ι : Type w} [Fintype ι] [DecidableEq ι]
  (c : Poincare.D12.ConnectionCurvature.ChartMetricCoefficients ι) : (ι → ℝ) →ₗ[ℝ] (ι → ℝ) →ₗ[ℝ] ι → ℝ
Poincare.D12.ConnectionCurvature.nablaOf_apply.{w} {ι : Type w} [Fintype ι] [DecidableEq ι]
  (c : Poincare.D12.ConnectionCurvature.ChartMetricCoefficients ι) (X Y : ι → ℝ) (k : ι) :
  ((Poincare.D12.ConnectionCurvature.nablaOf c) X) Y k = ∑ i, ∑ j, c.christoffel k i j * X i * Y j
Poincare.D12.ConnectionCurvature.sum_four_reorder.{u_1, u_2, u_3, u_4} {α : Type u_1} {β : Type u_2} {γ : Type u_3}
  {δ : Type u_4} [Fintype α] [Fintype β] [Fintype γ] [Fintype δ] (f : α → β → γ → δ → ℝ) :
  ∑ a, ∑ b, ∑ c, ∑ d, f a b c d = ∑ c, ∑ d, ∑ b, ∑ a, f a b c d
Poincare.D12.ConnectionCurvature.sum_three_reorder.{u_1, u_2, u_3} {α : Type u_1} {β : Type u_2} {γ : Type u_3}
  [Fintype α] [Fintype β] [Fintype γ] (f : α → β → γ → ℝ) : ∑ a, ∑ b, ∑ c, f a b c = ∑ c, ∑ a, ∑ b, f a b c
Poincare.D12.ConnectionCurvature.SmoothChartData.{w} (ι : Type w) [Fintype ι] [DecidableEq ι] : Type w
Poincare.D12.ConnectionCurvature.SmoothChartData.chartCoefficients.{w} {ι : Type w} [Fintype ι] [DecidableEq ι]
  (c : Poincare.D12.ConnectionCurvature.SmoothChartData ι) (x : Poincare.D12.ConnectionCurvature.ChartPoint ι) :
  Poincare.D12.ConnectionCurvature.ChartMetricCoefficients ι
Poincare.D12.ConnectionCurvature.SmoothChartData.christoffelFamily.{w} {ι : Type w} [Fintype ι] [DecidableEq ι]
  (c : Poincare.D12.ConnectionCurvature.SmoothChartData ι) (x : Poincare.D12.ConnectionCurvature.ChartPoint ι)
  (k i j : ι) : ℝ
Poincare.D12.ConnectionCurvature.SmoothChartData.christoffelFamily_metricDerivative.{w} {ι : Type w} [Fintype ι]
  [DecidableEq ι] (c : Poincare.D12.ConnectionCurvature.SmoothChartData ι)
  (x : Poincare.D12.ConnectionCurvature.ChartPoint ι) (i j k : ι) :
  c.dFamily x k i j = ∑ m, (c.g x m j * c.christoffelFamily x m k i + c.g x i m * c.christoffelFamily x m k j)
Poincare.D12.ConnectionCurvature.SmoothChartData.christoffelFamily_smooth.{w} {ι : Type w} [Fintype ι] [DecidableEq ι]
  (c : Poincare.D12.ConnectionCurvature.SmoothChartData ι) (k i j : ι) :
  ContDiff ℝ ↑⊤ fun x => c.christoffelFamily x k i j
Poincare.D12.ConnectionCurvature.SmoothChartData.christoffelFamily_symm.{w} {ι : Type w} [Fintype ι] [DecidableEq ι]
  (c : Poincare.D12.ConnectionCurvature.SmoothChartData ι) (x : Poincare.D12.ConnectionCurvature.ChartPoint ι)
  (k i j : ι) : c.christoffelFamily x k i j = c.christoffelFamily x k j i
Poincare.D12.ConnectionCurvature.SmoothChartData.dFamily.{w} {ι : Type w} [Fintype ι] [DecidableEq ι]
  (c : Poincare.D12.ConnectionCurvature.SmoothChartData ι) (x : Poincare.D12.ConnectionCurvature.ChartPoint ι)
  (i j k : ι) : ℝ
Poincare.D12.ConnectionCurvature.SmoothChartData.dFamily_smooth.{w} {ι : Type w} [Fintype ι] [DecidableEq ι]
  (c : Poincare.D12.ConnectionCurvature.SmoothChartData ι) (i j k : ι) : ContDiff ℝ ↑⊤ fun x => c.dFamily x i j k
Poincare.D12.ConnectionCurvature.SmoothChartData.dFamily_symm.{w} {ι : Type w} [Fintype ι] [DecidableEq ι]
  (c : Poincare.D12.ConnectionCurvature.SmoothChartData ι) (x : Poincare.D12.ConnectionCurvature.ChartPoint ι)
  (i j k : ι) : c.dFamily x i j k = c.dFamily x i k j
Poincare.D12.ConnectionCurvature.SmoothChartData.formField.{w} {ι : Type w} [Fintype ι] [DecidableEq ι]
  (c : Poincare.D12.ConnectionCurvature.SmoothChartData ι) (x Y Z : Poincare.D12.ConnectionCurvature.ChartPoint ι) : ℝ
Poincare.D12.ConnectionCurvature.SmoothChartData.gInv_component_smooth.{w} {ι : Type w} [Fintype ι] [DecidableEq ι]
  (c : Poincare.D12.ConnectionCurvature.SmoothChartData ι) (i j : ι) : ContDiff ℝ ↑⊤ fun x => c.gInv x i j
Poincare.D12.ConnectionCurvature.SmoothChartData.g_component_smooth.{w} {ι : Type w} [Fintype ι] [DecidableEq ι]
  (c : Poincare.D12.ConnectionCurvature.SmoothChartData ι) (i j : ι) : ContDiff ℝ ↑⊤ fun x => c.g x i j
Poincare.D12.ConnectionCurvature.SmoothChartData.lieBracket.{w} {ι : Type w} [Fintype ι] [DecidableEq ι]
  (_c : Poincare.D12.ConnectionCurvature.SmoothChartData ι) (X Y : Poincare.D12.ConnectionCurvature.VectorField ι) :
  Poincare.D12.ConnectionCurvature.VectorField ι
Poincare.D12.ConnectionCurvature.SmoothChartData.lieBracket_smooth.{w} {ι : Type w} [Fintype ι] [DecidableEq ι]
  (c : Poincare.D12.ConnectionCurvature.SmoothChartData ι) {X Y : Poincare.D12.ConnectionCurvature.VectorField ι}
  (hX : ContDiff ℝ (↑⊤) X) (hY : ContDiff ℝ (↑⊤) Y) : ContDiff ℝ (↑⊤) (c.lieBracket X Y)
Poincare.D12.ConnectionCurvature.SmoothChartData.nabla.{w} {ι : Type w} [Fintype ι] [DecidableEq ι]
  (c : Poincare.D12.ConnectionCurvature.SmoothChartData ι) (X Y : Poincare.D12.ConnectionCurvature.VectorField ι) :
  Poincare.D12.ConnectionCurvature.VectorField ι
Poincare.D12.ConnectionCurvature.SmoothChartData.nabla_apply.{w} {ι : Type w} [Fintype ι] [DecidableEq ι]
  (c : Poincare.D12.ConnectionCurvature.SmoothChartData ι) (X Y : Poincare.D12.ConnectionCurvature.VectorField ι)
  (x : Poincare.D12.ConnectionCurvature.ChartPoint ι) (k : ι) :
  c.nabla X Y x k = (fderiv ℝ (fun z => Y z k) x) (X x) + ∑ i, ∑ j, c.christoffelFamily x k i j * X x i * Y x j
Poincare.D12.ConnectionCurvature.SmoothChartData.nabla_const_apply.{w} {ι : Type w} [Fintype ι] [DecidableEq ι]
  (c : Poincare.D12.ConnectionCurvature.SmoothChartData ι) (X0 Y0 x : Poincare.D12.ConnectionCurvature.ChartPoint ι)
  (k : ι) :
  c.nabla (fun x => X0) (fun x => Y0) x k = ((Poincare.D12.ConnectionCurvature.nablaOf (c.chartCoefficients x)) X0) Y0 k
Poincare.D12.ConnectionCurvature.SmoothChartData.nabla_metricCompatible.{w} {ι : Type w} [Fintype ι] [DecidableEq ι]
  (c : Poincare.D12.ConnectionCurvature.SmoothChartData ι) (X Y Z : Poincare.D12.ConnectionCurvature.VectorField ι)
  (hY : ContDiff ℝ (↑⊤) Y) (hZ : ContDiff ℝ (↑⊤) Z) (x : Poincare.D12.ConnectionCurvature.ChartPoint ι) :
  (fderiv ℝ (fun z => c.formField z (Y z) (Z z)) x) (X x) =
    c.formField x (c.nabla X Y x) (Z x) + c.formField x (Y x) (c.nabla X Z x)
Poincare.D12.ConnectionCurvature.SmoothChartData.nabla_smooth.{w} {ι : Type w} [Fintype ι] [DecidableEq ι]
  (c : Poincare.D12.ConnectionCurvature.SmoothChartData ι) {X Y : Poincare.D12.ConnectionCurvature.VectorField ι}
  (hX : ContDiff ℝ (↑⊤) X) (hY : ContDiff ℝ (↑⊤) Y) : ContDiff ℝ (↑⊤) (c.nabla X Y)
Poincare.D12.ConnectionCurvature.SmoothChartData.nabla_smul.{w} {ι : Type w} [Fintype ι] [DecidableEq ι]
  (c : Poincare.D12.ConnectionCurvature.SmoothChartData ι) (f : Poincare.D12.ConnectionCurvature.ChartPoint ι → ℝ)
  (hf : ContDiff ℝ 1 f) (X Y : Poincare.D12.ConnectionCurvature.VectorField ι) (hY : ContDiff ℝ 1 Y)
  (x : Poincare.D12.ConnectionCurvature.ChartPoint ι) :
  c.nabla X (f • Y) x = f x • c.nabla X Y x + (fderiv ℝ f x) (X x) • Y x
Poincare.D12.ConnectionCurvature.SmoothChartData.nabla_torsionFree.{w} {ι : Type w} [Fintype ι] [DecidableEq ι]
  (c : Poincare.D12.ConnectionCurvature.SmoothChartData ι) (X Y : Poincare.D12.ConnectionCurvature.VectorField ι)
  (x : Poincare.D12.ConnectionCurvature.ChartPoint ι) (k : ι) : c.nabla X Y x k - c.nabla Y X x k = c.lieBracket X Y x k
Poincare.D12.ConnectionCurvature.fderiv_apply_eq_sum_single.{w} {ι : Type w} [Fintype ι] [DecidableEq ι]
  (f : Poincare.D12.ConnectionCurvature.ChartPoint ι → ℝ) (x v : Poincare.D12.ConnectionCurvature.ChartPoint ι) :
  (fderiv ℝ f x) v = ∑ k, v k * (fderiv ℝ f x) (Pi.single k 1)
Poincare.D12.ConnectionCurvature.fderiv_mul_mul_apply.{w} {ι : Type w} [Fintype ι] [DecidableEq ι]
  (f g h : Poincare.D12.ConnectionCurvature.ChartPoint ι → ℝ) (x v : Poincare.D12.ConnectionCurvature.ChartPoint ι)
  (hf : DifferentiableAt ℝ f x) (hg : DifferentiableAt ℝ g x) (hh : DifferentiableAt ℝ h x) :
  (fderiv ℝ (fun y => f y * g y * h y) x) v =
    f x * g x * (fderiv ℝ h x) v + f x * h x * (fderiv ℝ g x) v + g x * h x * (fderiv ℝ f x) v
Poincare.D12.ConnectionCurvature.linMap_apply_eq_sum_single.{w} {ι : Type w} [Fintype ι] [DecidableEq ι]
  (L : Poincare.D12.ConnectionCurvature.ChartPoint ι →ₗ[ℝ] ℝ) (v : Poincare.D12.ConnectionCurvature.ChartPoint ι) :
  L v = ∑ k, v k * L (Pi.single k 1)
Poincare.D12.ConnectionCurvature.sum_add_split.{w} {ι : Type w} [Fintype ι] [DecidableEq ι] (f g : ι → ι → ℝ) :
  ∑ i, ∑ j, (f i j + g i j) = ∑ i, ∑ j, f i j + ∑ i, ∑ j, g i j
Poincare.D12.ConnectionCurvature.sum_cycle_first_to_last.{w} {ι : Type w} [Fintype ι] [DecidableEq ι]
  (f : ι → ι → ι → ℝ) : ∑ k, ∑ i, ∑ j, f k i j = ∑ i, ∑ j, ∑ k, f k i j
Poincare.D12.ConnectionCurvature.sum_three_cycle.{w} {ι : Type w} [Fintype ι] [DecidableEq ι] (f : ι → ι → ι → ℝ) :
  ∑ i, ∑ j, ∑ k, f i j k = ∑ k, ∑ i, ∑ j, f k i j
Poincare.D12.ConnectionCurvature.ChartModel1D.chart1D (x : ℝ) :
  Poincare.D12.ConnectionCurvature.ChartMetricCoefficients (Fin 1)
Poincare.D12.ConnectionCurvature.ChartModel1D.chart1D_christoffel (x : ℝ) :
  (Poincare.D12.ConnectionCurvature.ChartModel1D.chart1D x).christoffel 0 0 0 = x / (1 + x ^ 2)
Poincare.D12.ConnectionCurvature.ChartModel1D.chart1D_christoffel_ne_zero :
  (Poincare.D12.ConnectionCurvature.ChartModel1D.chart1D 1).christoffel 0 0 0 ≠ 0
Poincare.D12.ConnectionCurvature.ChartModel1D.chart1D_curvature_zero
  (c : Poincare.D12.ConnectionCurvature.ChartMetricCoefficients (Fin 1)) (X Y Z : Fin 1 → ℝ) :
  (fun X Y Z => (((Poincare.D12.ConnectionCurvature.chartCurvatureOperator c).toTrilinear X) Y) Z) X Y Z = 0
Poincare.D12.ConnectionCurvature.ChartModel1D.chart1D_metricCompatible (X Y Z : Fin 1 → ℝ) :
  ((Poincare.D12.ConnectionCurvature.formOf (Poincare.D12.ConnectionCurvature.ChartModel1D.chart1D 1))
          (((Poincare.D12.ConnectionCurvature.nablaOf (Poincare.D12.ConnectionCurvature.ChartModel1D.chart1D 1)) X) Y))
        Z +
      ((Poincare.D12.ConnectionCurvature.formOf (Poincare.D12.ConnectionCurvature.ChartModel1D.chart1D 1)) Y)
        (((Poincare.D12.ConnectionCurvature.nablaOf (Poincare.D12.ConnectionCurvature.ChartModel1D.chart1D 1)) X) Z) =
    Poincare.D12.ConnectionCurvature.dFormOf (Poincare.D12.ConnectionCurvature.ChartModel1D.chart1D 1) X Y Z
Poincare.D12.ConnectionCurvature.ChartPoint.{w} (ι : Type w) : Type w
Poincare.D12.ConnectionCurvature.adTranspose.{v, w} {V : Type v} [AddCommGroup V] [Module ℝ V] [FiniteDimensional ℝ V]
  {ι : Type w} [Fintype ι] [DecidableEq ι] (m : Poincare.Longrun.Geometry.MetricData V ι)
  (b : Poincare.Longrun.Geometry.LieBracketData ℝ V) : V →ₗ[ℝ] V →ₗ[ℝ] V
Poincare.D12.ConnectionCurvature.adTranspose_apply_form.{v, w} {V : Type v} [AddCommGroup V] [Module ℝ V]
  [FiniteDimensional ℝ V] {ι : Type w} [Fintype ι] [DecidableEq ι] (m : Poincare.Longrun.Geometry.MetricData V ι)
  (b : Poincare.Longrun.Geometry.LieBracketData ℝ V) (X Y Z : V) :
  (m.form (((Poincare.D12.ConnectionCurvature.adTranspose m b) X) Y)) Z = (m.form Y) ((b.bracket X) Z)
Poincare.D12.ConnectionCurvature.adTranspose_apply_form_swap.{v, w} {V : Type v} [AddCommGroup V] [Module ℝ V]
  [FiniteDimensional ℝ V] {ι : Type w} [Fintype ι] [DecidableEq ι] (m : Poincare.Longrun.Geometry.MetricData V ι)
  (b : Poincare.Longrun.Geometry.LieBracketData ℝ V) (X Y Z : V) :
  (m.form Y) (((Poincare.D12.ConnectionCurvature.adTranspose m b) X) Z) = (m.form Z) ((b.bracket X) Y)
Poincare.D12.ConnectionCurvature.bracketInvariant.{v, w} {V : Type v} [AddCommGroup V] [Module ℝ V]
  [FiniteDimensional ℝ V] {ι : Type w} [Fintype ι] [DecidableEq ι] (m : Poincare.Longrun.Geometry.MetricData V ι)
  (b : Poincare.Longrun.Geometry.LieBracketData ℝ V) : Prop
Poincare.D12.ConnectionCurvature.leviCivitaExists.{v, w} {V : Type v} [AddCommGroup V] [Module ℝ V]
  [FiniteDimensional ℝ V] {ι : Type w} [Fintype ι] [DecidableEq ι] (m : Poincare.Longrun.Geometry.MetricData V ι)
  (b : Poincare.Longrun.Geometry.LieBracketData ℝ V) : Poincare.Longrun.Geometry.LeviCivitaExistenceStatement m b
Poincare.D12.ConnectionCurvature.meanLeviCivitaData.{v, w} {V : Type v} [AddCommGroup V] [Module ℝ V]
  [FiniteDimensional ℝ V] {ι : Type w} [Fintype ι] [DecidableEq ι] (m : Poincare.Longrun.Geometry.MetricData V ι)
  (b : Poincare.Longrun.Geometry.LieBracketData ℝ V) (h : Poincare.D12.ConnectionCurvature.bracketInvariant m b) :
  Poincare.Longrun.Geometry.LeviCivitaData m b
Poincare.D12.ConnectionCurvature.milnorAbstractConnection.{v, w} {V : Type v} [AddCommGroup V] [Module ℝ V]
  [FiniteDimensional ℝ V] {ι : Type w} [Fintype ι] [DecidableEq ι] (m : Poincare.Longrun.Geometry.MetricData V ι)
  (b : Poincare.Longrun.Geometry.LieBracketData ℝ V) : Poincare.Longrun.Geometry.AbstractConnection ℝ V
Poincare.D12.ConnectionCurvature.milnorConnection.{v, w} {V : Type v} [AddCommGroup V] [Module ℝ V]
  [FiniteDimensional ℝ V] {ι : Type w} [Fintype ι] [DecidableEq ι] (m : Poincare.Longrun.Geometry.MetricData V ι)
  (b : Poincare.Longrun.Geometry.LieBracketData ℝ V) : V →ₗ[ℝ] V →ₗ[ℝ] V
Poincare.D12.ConnectionCurvature.milnorConnection_apply.{v, w} {V : Type v} [AddCommGroup V] [Module ℝ V]
  [FiniteDimensional ℝ V] {ι : Type w} [Fintype ι] [DecidableEq ι] (m : Poincare.Longrun.Geometry.MetricData V ι)
  (b : Poincare.Longrun.Geometry.LieBracketData ℝ V) (X Y : V) :
  ((Poincare.D12.ConnectionCurvature.milnorConnection m b) X) Y =
    (1 / 2) •
      ((b.bracket X) Y - ((Poincare.D12.ConnectionCurvature.adTranspose m b) X) Y -
        ((Poincare.D12.ConnectionCurvature.adTranspose m b) Y) X)
Poincare.D12.ConnectionCurvature.milnorConnection_eq_mean_iff.{v, w} {V : Type v} [AddCommGroup V] [Module ℝ V]
  [FiniteDimensional ℝ V] {ι : Type w} [Fintype ι] [DecidableEq ι] (m : Poincare.Longrun.Geometry.MetricData V ι)
  (b : Poincare.Longrun.Geometry.LieBracketData ℝ V) :
  Poincare.D12.ConnectionCurvature.milnorConnection m b = (Poincare.Longrun.Geometry.meanConnection b).nabla ↔
    Poincare.D12.ConnectionCurvature.bracketInvariant m b
Poincare.D12.ConnectionCurvature.milnorConnection_isLeviCivita.{v, w} {V : Type v} [AddCommGroup V] [Module ℝ V]
  [FiniteDimensional ℝ V] {ι : Type w} [Fintype ι] [DecidableEq ι] (m : Poincare.Longrun.Geometry.MetricData V ι)
  (b : Poincare.Longrun.Geometry.LieBracketData ℝ V) :
  Poincare.Longrun.Geometry.IsLeviCivita m b (Poincare.D12.ConnectionCurvature.milnorConnection m b)
Poincare.D12.ConnectionCurvature.milnorConnection_metricCompatible.{v, w} {V : Type v} [AddCommGroup V] [Module ℝ V]
  [FiniteDimensional ℝ V] {ι : Type w} [Fintype ι] [DecidableEq ι] (m : Poincare.Longrun.Geometry.MetricData V ι)
  (b : Poincare.Longrun.Geometry.LieBracketData ℝ V) :
  Poincare.Longrun.Geometry.IsMetricCompatible m (Poincare.D12.ConnectionCurvature.milnorConnection m b)
Poincare.D12.ConnectionCurvature.milnorConnection_torsionFree.{v, w} {V : Type v} [AddCommGroup V] [Module ℝ V]
  [FiniteDimensional ℝ V] {ι : Type w} [Fintype ι] [DecidableEq ι] (m : Poincare.Longrun.Geometry.MetricData V ι)
  (b : Poincare.Longrun.Geometry.LieBracketData ℝ V) :
  Poincare.Longrun.Geometry.IsTorsionFree b (Poincare.D12.ConnectionCurvature.milnorConnection m b)
Poincare.D12.ConnectionCurvature.milnorLeviCivitaData.{v, w} {V : Type v} [AddCommGroup V] [Module ℝ V]
  [FiniteDimensional ℝ V] {ι : Type w} [Fintype ι] [DecidableEq ι] (m : Poincare.Longrun.Geometry.MetricData V ι)
  (b : Poincare.Longrun.Geometry.LieBracketData ℝ V) : Poincare.Longrun.Geometry.LeviCivitaData m b
Poincare.D12.ConnectionCurvature.curvatureEndo.{v} {V : Type v} [AddCommGroup V] [Module ℝ V]
  (K : Poincare.CurvatureAlgebra.CurvatureOperator ℝ V) (X Y : V) : V →ₗ[ℝ] V
Poincare.D12.ConnectionCurvature.curvature_skew_adjoint.{v, w} {V : Type v} [AddCommGroup V] [Module ℝ V]
  [FiniteDimensional ℝ V] {ι : Type w} [Fintype ι] [DecidableEq ι] (m : Poincare.Longrun.Geometry.MetricData V ι)
  (b : Poincare.Longrun.Geometry.LieBracketData ℝ V) (d : Poincare.Longrun.Geometry.LeviCivitaData m b) (X Y Z W : V) :
  (m.form ((fun X Y Z => ((d.toCurvatureOperator.toTrilinear X) Y) Z) X Y Z)) W =
    -(m.form Z) ((fun X Y Z => ((d.toCurvatureOperator.toTrilinear X) Y) Z) X Y W)
Poincare.D12.ConnectionCurvature.form_basis_apply_of_orthonormal.{v, w} {V : Type v} [AddCommGroup V] [Module ℝ V]
  [FiniteDimensional ℝ V] {ι : Type w} [Fintype ι] [DecidableEq ι] (m : Poincare.Longrun.Geometry.MetricData V ι)
  (f : Module.Basis ι ℝ V) (hf : ∀ (i j : ι), (m.form (f i)) (f j) = if i = j then 1 else 0) (i : ι) (Y : V) :
  (m.form (f i)) Y = (f.repr Y) i
Poincare.D12.ConnectionCurvature.milnor_ricci_symm.{v, w} {V : Type v} [AddCommGroup V] [Module ℝ V]
  [FiniteDimensional ℝ V] {ι : Type w} [Fintype ι] [DecidableEq ι] (m : Poincare.Longrun.Geometry.MetricData V ι)
  (b : Poincare.Longrun.Geometry.LieBracketData ℝ V) (X Y : V) :
  ((Poincare.D12.ConnectionCurvature.milnorLeviCivitaData m b).toCurvatureOperator.ricci X) Y =
    ((Poincare.D12.ConnectionCurvature.milnorLeviCivitaData m b).toCurvatureOperator.ricci Y) X
Poincare.D12.ConnectionCurvature.ricci_contraction_eq_sum_basis.{v, w} {V : Type v} [AddCommGroup V] [Module ℝ V]
  [FiniteDimensional ℝ V] {ι : Type w} [Fintype ι] [DecidableEq ι] (m : Poincare.Longrun.Geometry.MetricData V ι)
  (K : Poincare.CurvatureAlgebra.CurvatureOperator ℝ V) (f : Module.Basis ι ℝ V)
  (hf : ∀ (i j : ι), (m.form (f i)) (f j) = if i = j then 1 else 0) (X Y : V) :
  (K.ricci X) Y = ∑ i, (m.form ((fun X Y Z => ((K.toTrilinear X) Y) Z) (f i) X Y)) (f i)
Poincare.D12.ConnectionCurvature.ricci_symm.{v, w} {V : Type v} [AddCommGroup V] [Module ℝ V] [FiniteDimensional ℝ V]
  {ι : Type w} [Fintype ι] [DecidableEq ι] (m : Poincare.Longrun.Geometry.MetricData V ι)
  (b : Poincare.Longrun.Geometry.LieBracketData ℝ V) (d : Poincare.Longrun.Geometry.LeviCivitaData m b) (X Y : V) :
  (d.toCurvatureOperator.ricci X) Y = (d.toCurvatureOperator.ricci Y) X
Poincare.D12.ConnectionCurvature.scalarCurvature_eq_sum_ricci_basis.{v, w} {V : Type v} [AddCommGroup V] [Module ℝ V]
  [FiniteDimensional ℝ V] {ι : Type w} [Fintype ι] [DecidableEq ι] (m : Poincare.Longrun.Geometry.MetricData V ι)
  (K : Poincare.CurvatureAlgebra.CurvatureOperator ℝ V) (f : Module.Basis ι ℝ V)
  (hf : ∀ (i j : ι), (m.form (f i)) (f j) = if i = j then 1 else 0) :
  K.scalarCurvature m.toScalarContractionData = ∑ i, (K.ricci (f i)) (f i)
Poincare.D12.ConnectionCurvature.trace_skew_adjoint_zero.{v, w} {V : Type v} [AddCommGroup V] [Module ℝ V]
  [FiniteDimensional ℝ V] {ι : Type w} [Fintype ι] [DecidableEq ι] (m : Poincare.Longrun.Geometry.MetricData V ι)
  (A : V →ₗ[ℝ] V) (hA : ∀ (U V_1 : V), (m.form (A U)) V_1 = -(m.form U) (A V_1)) : (LinearMap.trace ℝ V) A = 0
Poincare.D12.ConnectionCurvature.SmoothChartData.{w} (ι : Type w) [Fintype ι] [DecidableEq ι] : Type w
Poincare.D12.ConnectionCurvature.SoThreeModel.cross_e0_e1 :
  (crossProduct (Pi.single 0 1)) (Pi.single 1 1) = Pi.single 2 1
Poincare.D12.ConnectionCurvature.SoThreeModel.cross_e1_e0 :
  (crossProduct (Pi.single 1 1)) (Pi.single 0 1) = -Pi.single 2 1
Poincare.D12.ConnectionCurvature.SoThreeModel.cross_e2_e0 :
  (crossProduct (Pi.single 2 1)) (Pi.single 0 1) = Pi.single 1 1
Poincare.D12.ConnectionCurvature.SoThreeModel.cross_e2_e1 :
  (crossProduct (Pi.single 2 1)) (Pi.single 1 1) = -Pi.single 0 1
Poincare.D12.ConnectionCurvature.SoThreeModel.dot3 : (Fin 3 → ℝ) →ₗ[ℝ] (Fin 3 → ℝ) →ₗ[ℝ] ℝ
Poincare.D12.ConnectionCurvature.SoThreeModel.dot3_apply (X Y : Fin 3 → ℝ) :
  (Poincare.D12.ConnectionCurvature.SoThreeModel.dot3 X) Y = X 0 * Y 0 + X 1 * Y 1 + X 2 * Y 2
Poincare.D12.ConnectionCurvature.SoThreeModel.so3Lie : Poincare.Longrun.Geometry.LieBracketData ℝ (Fin 3 → ℝ)
Poincare.D12.ConnectionCurvature.SoThreeModel.so3MeanLeviCivita :
  Poincare.Longrun.Geometry.LeviCivitaData Poincare.D12.ConnectionCurvature.SoThreeModel.so3Metric
    Poincare.D12.ConnectionCurvature.SoThreeModel.so3Lie
Poincare.D12.ConnectionCurvature.SoThreeModel.so3Metric : Poincare.Longrun.Geometry.MetricData (Fin 3 → ℝ) (Fin 3)
Poincare.D12.ConnectionCurvature.SoThreeModel.so3_basis_eq_single (i : Fin 3) :
  Poincare.D12.ConnectionCurvature.SoThreeModel.so3Metric.basis i = Pi.single i 1
Poincare.D12.ConnectionCurvature.SoThreeModel.so3_bracketInvariant :
  Poincare.D12.ConnectionCurvature.bracketInvariant Poincare.D12.ConnectionCurvature.SoThreeModel.so3Metric
    Poincare.D12.ConnectionCurvature.SoThreeModel.so3Lie
Poincare.D12.ConnectionCurvature.SoThreeModel.so3_curvature_basis (X Y Z : Fin 3 → ℝ) :
  (fun X Y Z =>
        ((Poincare.D12.ConnectionCurvature.SoThreeModel.so3MeanLeviCivita.toCurvatureOperator.toTrilinear X) Y) Z)
      X Y Z =
    -(1 / 4) • (crossProduct ((crossProduct X) Y)) Z
Poincare.D12.ConnectionCurvature.SoThreeModel.so3_curvature_nonzero :
  (fun X Y Z =>
        ((Poincare.D12.ConnectionCurvature.SoThreeModel.so3MeanLeviCivita.toCurvatureOperator.toTrilinear X) Y) Z)
      (Pi.single 0 1) (Pi.single 1 1) (Pi.single 1 1) ≠
    0
Poincare.D12.ConnectionCurvature.SoThreeModel.so3_milnor_eq_mean :
  Poincare.D12.ConnectionCurvature.milnorConnection Poincare.D12.ConnectionCurvature.SoThreeModel.so3Metric
      Poincare.D12.ConnectionCurvature.SoThreeModel.so3Lie =
    (Poincare.Longrun.Geometry.meanConnection Poincare.D12.ConnectionCurvature.SoThreeModel.so3Lie).nabla
Poincare.D12.ConnectionCurvature.SoThreeModel.so3_ricci_e00 :
  (Poincare.D12.ConnectionCurvature.SoThreeModel.so3MeanLeviCivita.toCurvatureOperator.ricci (Pi.single 0 1))
      (Pi.single 0 1) =
    1 / 2
Poincare.D12.ConnectionCurvature.SoThreeModel.so3_ricci_symm (X Y : Fin 3 → ℝ) :
  (Poincare.D12.ConnectionCurvature.SoThreeModel.so3MeanLeviCivita.toCurvatureOperator.ricci X) Y =
    (Poincare.D12.ConnectionCurvature.SoThreeModel.so3MeanLeviCivita.toCurvatureOperator.ricci Y) X
Poincare.D12.ConnectionCurvature.VectorField.{w} (ι : Type w) : Type w
Poincare.D12.ConnectionCurvature.christoffel_pointwise_conformal
  (x : Poincare.D12.ConnectionCurvature.ChartPoint (Fin 2)) (k i j : Fin 2) :
  (Poincare.D12.ConnectionCurvature.conformalPointwise x).christoffel k i j =
    Poincare.D12.ConnectionCurvature.conformalGamma k i j x
Poincare.D12.ConnectionCurvature.conformalG (x : Poincare.D12.ConnectionCurvature.ChartPoint (Fin 2)) (i j : Fin 2) : ℝ
Poincare.D12.ConnectionCurvature.conformalGInv (x : Poincare.D12.ConnectionCurvature.ChartPoint (Fin 2)) (i j : Fin 2) :
  ℝ
Poincare.D12.ConnectionCurvature.conformalGInv_smooth : ContDiff ℝ ↑⊤ fun x => (1 + x 0 ^ 2)⁻¹
Poincare.D12.ConnectionCurvature.conformalG_smooth : ContDiff ℝ (↑⊤) Poincare.D12.ConnectionCurvature.conformalG
Poincare.D12.ConnectionCurvature.conformalGamma (k i j : Fin 2)
  (x : Poincare.D12.ConnectionCurvature.ChartPoint (Fin 2)) : ℝ
Poincare.D12.ConnectionCurvature.conformalGamma_101_zero (x : Poincare.D12.ConnectionCurvature.ChartPoint (Fin 2)) :
  Poincare.D12.ConnectionCurvature.conformalGamma 0 1 0 x = 0
Poincare.D12.ConnectionCurvature.conformalGamma_origin_zero (k i j : Fin 2) :
  Poincare.D12.ConnectionCurvature.conformalGamma k i j 0 = 0
Poincare.D12.ConnectionCurvature.conformalPointwise (x : Poincare.D12.ConnectionCurvature.ChartPoint (Fin 2)) :
  Poincare.D12.ConnectionCurvature.ChartMetricCoefficients (Fin 2)
Poincare.D12.ConnectionCurvature.conformal_contDiff_proj (i : Fin 2) : ContDiff ℝ ↑⊤ fun x => x i
Poincare.D12.ConnectionCurvature.conformal_curvature_nonzero :
  Poincare.D12.ConnectionCurvature.riemannComp
      (fun k i j x => (Poincare.D12.ConnectionCurvature.conformalPointwise x).christoffel k i j) 0 0 1 0 1 ≠
    0
Poincare.D12.ConnectionCurvature.conformal_denom_ne_zero (x : Poincare.D12.ConnectionCurvature.ChartPoint (Fin 2)) :
  1 + x 0 ^ 2 ≠ 0
Poincare.D12.ConnectionCurvature.conformal_denom_pos (x : Poincare.D12.ConnectionCurvature.ChartPoint (Fin 2)) :
  0 < 1 + x 0 ^ 2
Poincare.D12.ConnectionCurvature.conformal_riemann_1212_origin :
  Poincare.D12.ConnectionCurvature.riemannComp
      (fun k i j x => (Poincare.D12.ConnectionCurvature.conformalPointwise x).christoffel k i j) 0 0 1 0 1 =
    -1
Poincare.D12.ConnectionCurvature.fderiv_apply_eq_sum_single.{w} {ι : Type w} [Fintype ι] [DecidableEq ι]
  (f : Poincare.D12.ConnectionCurvature.ChartPoint ι → ℝ) (x v : Poincare.D12.ConnectionCurvature.ChartPoint ι) :
  (fderiv ℝ f x) v = ∑ k, v k * (fderiv ℝ f x) (Pi.single k 1)
Poincare.D12.ConnectionCurvature.fderiv_mul_mul_apply.{w} {ι : Type w} [Fintype ι] [DecidableEq ι]
  (f g h : Poincare.D12.ConnectionCurvature.ChartPoint ι → ℝ) (x v : Poincare.D12.ConnectionCurvature.ChartPoint ι)
  (hf : DifferentiableAt ℝ f x) (hg : DifferentiableAt ℝ g x) (hh : DifferentiableAt ℝ h x) :
  (fderiv ℝ (fun y => f y * g y * h y) x) v =
    f x * g x * (fderiv ℝ h x) v + f x * h x * (fderiv ℝ g x) v + g x * h x * (fderiv ℝ f x) v
Poincare.D12.ConnectionCurvature.linMap_apply_eq_sum_single.{w} {ι : Type w} [Fintype ι] [DecidableEq ι]
  (L : Poincare.D12.ConnectionCurvature.ChartPoint ι →ₗ[ℝ] ℝ) (v : Poincare.D12.ConnectionCurvature.ChartPoint ι) :
  L v = ∑ k, v k * L (Pi.single k 1)
Poincare.D12.ConnectionCurvature.riemannComp
  (Γ : Fin 2 → Fin 2 → Fin 2 → Poincare.D12.ConnectionCurvature.ChartPoint (Fin 2) → ℝ)
  (x : Poincare.D12.ConnectionCurvature.ChartPoint (Fin 2)) (l k i j : Fin 2) : ℝ
Poincare.D12.ConnectionCurvature.sum_add_split.{w} {ι : Type w} [Fintype ι] [DecidableEq ι] (f g : ι → ι → ℝ) :
  ∑ i, ∑ j, (f i j + g i j) = ∑ i, ∑ j, f i j + ∑ i, ∑ j, g i j
Poincare.D12.ConnectionCurvature.sum_cycle_first_to_last.{w} {ι : Type w} [Fintype ι] [DecidableEq ι]
  (f : ι → ι → ι → ℝ) : ∑ k, ∑ i, ∑ j, f k i j = ∑ i, ∑ j, ∑ k, f k i j
Poincare.D12.ConnectionCurvature.sum_three_cycle.{w} {ι : Type w} [Fintype ι] [DecidableEq ι] (f : ι → ι → ι → ℝ) :
  ∑ i, ∑ j, ∑ k, f i j k = ∑ k, ∑ i, ∑ j, f k i j
'Poincare.D12.ConnectionCurvature.ChartMetricCoefficients' depends on axioms: [propext, Classical.choice, Quot.sound]
'Poincare.D12.ConnectionCurvature.ChartMetricCoefficients.christoffel' depends on axioms: [propext,
 Classical.choice,
 Quot.sound]
'Poincare.D12.ConnectionCurvature.ChartMetricCoefficients.christoffelLower' depends on axioms: [propext,
 Classical.choice,
 Quot.sound]
'Poincare.D12.ConnectionCurvature.ChartMetricCoefficients.christoffel_raised_contraction' depends on axioms: [propext,
 Classical.choice,
 Quot.sound]
'Poincare.D12.ConnectionCurvature.ChartMetricCoefficients.christoffel_raised_contraction_first' depends on axioms: [propext,
 Classical.choice,
 Quot.sound]
'Poincare.D12.ConnectionCurvature.ChartMetricCoefficients.christoffel_symm' depends on axioms: [propext,
 Classical.choice,
 Quot.sound]
'Poincare.D12.ConnectionCurvature.ChartMetricCoefficients.gram_christoffel_contraction' depends on axioms: [propext,
 Classical.choice,
 Quot.sound]
'Poincare.D12.ConnectionCurvature.ChartMetricCoefficients.gram_mul_gInv_delta' depends on axioms: [propext,
 Classical.choice,
 Quot.sound]
'Poincare.D12.ConnectionCurvature.ChartMetricCoefficients.gram_mul_gInv_delta_first' depends on axioms: [propext,
 Classical.choice,
 Quot.sound]
'Poincare.D12.ConnectionCurvature.ChartMetricCoefficients.metricDerivative_christoffel' depends on axioms: [propext,
 Classical.choice,
 Quot.sound]
'Poincare.D12.ConnectionCurvature.ChartMetricCoefficients.metricDerivative_christoffel'' depends on axioms: [propext,
 Classical.choice,
 Quot.sound]
'Poincare.D12.ConnectionCurvature.chartAbstractConnection' depends on axioms: [propext, Classical.choice, Quot.sound]
'Poincare.D12.ConnectionCurvature.chartCurvatureOperator' depends on axioms: [propext, Classical.choice, Quot.sound]
'Poincare.D12.ConnectionCurvature.chartCurvatureOperator_apply' depends on axioms: [propext,
 Classical.choice,
 Quot.sound]
'Poincare.D12.ConnectionCurvature.chartMetricCompatible_form' depends on axioms: [propext, Classical.choice, Quot.sound]
'Poincare.D12.ConnectionCurvature.chartTorsionFree_form' depends on axioms: [propext, Classical.choice, Quot.sound]
'Poincare.D12.ConnectionCurvature.dFormOf' depends on axioms: [propext, Classical.choice, Quot.sound]
'Poincare.D12.ConnectionCurvature.formOf' depends on axioms: [propext, Classical.choice, Quot.sound]
'Poincare.D12.ConnectionCurvature.formOf_apply' depends on axioms: [propext, Classical.choice, Quot.sound]
'Poincare.D12.ConnectionCurvature.form_nabla_eq_sum' depends on axioms: [propext, Classical.choice, Quot.sound]
'Poincare.D12.ConnectionCurvature.form_nabla_second_eq_sum' depends on axioms: [propext, Classical.choice, Quot.sound]
'Poincare.D12.ConnectionCurvature.nablaOf' depends on axioms: [propext, Classical.choice, Quot.sound]
'Poincare.D12.ConnectionCurvature.nablaOf_apply' depends on axioms: [propext, Classical.choice, Quot.sound]
'Poincare.D12.ConnectionCurvature.sum_four_reorder' depends on axioms: [propext, Classical.choice, Quot.sound]
'Poincare.D12.ConnectionCurvature.sum_three_reorder' depends on axioms: [propext, Classical.choice, Quot.sound]
'Poincare.D12.ConnectionCurvature.SmoothChartData' depends on axioms: [propext, Classical.choice, Quot.sound]
'Poincare.D12.ConnectionCurvature.SmoothChartData.chartCoefficients' depends on axioms: [propext,
 Classical.choice,
 Quot.sound]
'Poincare.D12.ConnectionCurvature.SmoothChartData.christoffelFamily' depends on axioms: [propext,
 Classical.choice,
 Quot.sound]
'Poincare.D12.ConnectionCurvature.SmoothChartData.christoffelFamily_metricDerivative' depends on axioms: [propext,
 Classical.choice,
 Quot.sound]
'Poincare.D12.ConnectionCurvature.SmoothChartData.christoffelFamily_smooth' depends on axioms: [propext,
 Classical.choice,
 Quot.sound]
'Poincare.D12.ConnectionCurvature.SmoothChartData.christoffelFamily_symm' depends on axioms: [propext,
 Classical.choice,
 Quot.sound]
'Poincare.D12.ConnectionCurvature.SmoothChartData.dFamily' depends on axioms: [propext, Classical.choice, Quot.sound]
'Poincare.D12.ConnectionCurvature.SmoothChartData.dFamily_smooth' depends on axioms: [propext,
 Classical.choice,
 Quot.sound]
'Poincare.D12.ConnectionCurvature.SmoothChartData.dFamily_symm' depends on axioms: [propext,
 Classical.choice,
 Quot.sound]
'Poincare.D12.ConnectionCurvature.SmoothChartData.formField' depends on axioms: [propext, Classical.choice, Quot.sound]
'Poincare.D12.ConnectionCurvature.SmoothChartData.gInv_component_smooth' depends on axioms: [propext,
 Classical.choice,
 Quot.sound]
'Poincare.D12.ConnectionCurvature.SmoothChartData.g_component_smooth' depends on axioms: [propext,
 Classical.choice,
 Quot.sound]
'Poincare.D12.ConnectionCurvature.SmoothChartData.lieBracket' depends on axioms: [propext, Classical.choice, Quot.sound]
'Poincare.D12.ConnectionCurvature.SmoothChartData.lieBracket_smooth' depends on axioms: [propext,
 Classical.choice,
 Quot.sound]
'Poincare.D12.ConnectionCurvature.SmoothChartData.nabla' depends on axioms: [propext, Classical.choice, Quot.sound]
'Poincare.D12.ConnectionCurvature.SmoothChartData.nabla_apply' depends on axioms: [propext,
 Classical.choice,
 Quot.sound]
'Poincare.D12.ConnectionCurvature.SmoothChartData.nabla_const_apply' depends on axioms: [propext,
 Classical.choice,
 Quot.sound]
'Poincare.D12.ConnectionCurvature.SmoothChartData.nabla_metricCompatible' depends on axioms: [propext,
 Classical.choice,
 Quot.sound]
'Poincare.D12.ConnectionCurvature.SmoothChartData.nabla_smooth' depends on axioms: [propext,
 Classical.choice,
 Quot.sound]
'Poincare.D12.ConnectionCurvature.SmoothChartData.nabla_smul' depends on axioms: [propext, Classical.choice, Quot.sound]
'Poincare.D12.ConnectionCurvature.SmoothChartData.nabla_torsionFree' depends on axioms: [propext,
 Classical.choice,
 Quot.sound]
'Poincare.D12.ConnectionCurvature.fderiv_apply_eq_sum_single' depends on axioms: [propext, Classical.choice, Quot.sound]
'Poincare.D12.ConnectionCurvature.fderiv_mul_mul_apply' depends on axioms: [propext, Classical.choice, Quot.sound]
'Poincare.D12.ConnectionCurvature.linMap_apply_eq_sum_single' depends on axioms: [propext, Classical.choice, Quot.sound]
'Poincare.D12.ConnectionCurvature.sum_add_split' depends on axioms: [propext, Classical.choice, Quot.sound]
'Poincare.D12.ConnectionCurvature.sum_cycle_first_to_last' depends on axioms: [propext, Classical.choice, Quot.sound]
'Poincare.D12.ConnectionCurvature.sum_three_cycle' depends on axioms: [propext, Classical.choice, Quot.sound]
'Poincare.D12.ConnectionCurvature.ChartModel1D.chart1D' depends on axioms: [propext, Classical.choice, Quot.sound]
'Poincare.D12.ConnectionCurvature.ChartModel1D.chart1D_christoffel' depends on axioms: [propext,
 Classical.choice,
 Quot.sound]
'Poincare.D12.ConnectionCurvature.ChartModel1D.chart1D_christoffel_ne_zero' depends on axioms: [propext,
 Classical.choice,
 Quot.sound]
'Poincare.D12.ConnectionCurvature.ChartModel1D.chart1D_curvature_zero' depends on axioms: [propext,
 Classical.choice,
 Quot.sound]
'Poincare.D12.ConnectionCurvature.ChartModel1D.chart1D_metricCompatible' depends on axioms: [propext,
 Classical.choice,
 Quot.sound]
'Poincare.D12.ConnectionCurvature.ChartPoint' depends on axioms: [propext, Classical.choice, Quot.sound]
'Poincare.D12.ConnectionCurvature.adTranspose' depends on axioms: [propext, Classical.choice, Quot.sound]
'Poincare.D12.ConnectionCurvature.adTranspose_apply_form' depends on axioms: [propext, Classical.choice, Quot.sound]
'Poincare.D12.ConnectionCurvature.adTranspose_apply_form_swap' depends on axioms: [propext,
 Classical.choice,
 Quot.sound]
'Poincare.D12.ConnectionCurvature.bracketInvariant' depends on axioms: [propext, Classical.choice, Quot.sound]
'Poincare.D12.ConnectionCurvature.leviCivitaExists' depends on axioms: [propext, Classical.choice, Quot.sound]
'Poincare.D12.ConnectionCurvature.meanLeviCivitaData' depends on axioms: [propext, Classical.choice, Quot.sound]
'Poincare.D12.ConnectionCurvature.milnorAbstractConnection' depends on axioms: [propext, Classical.choice, Quot.sound]
'Poincare.D12.ConnectionCurvature.milnorConnection' depends on axioms: [propext, Classical.choice, Quot.sound]
'Poincare.D12.ConnectionCurvature.milnorConnection_apply' depends on axioms: [propext, Classical.choice, Quot.sound]
'Poincare.D12.ConnectionCurvature.milnorConnection_eq_mean_iff' depends on axioms: [propext,
 Classical.choice,
 Quot.sound]
'Poincare.D12.ConnectionCurvature.milnorConnection_isLeviCivita' depends on axioms: [propext,
 Classical.choice,
 Quot.sound]
'Poincare.D12.ConnectionCurvature.milnorConnection_metricCompatible' depends on axioms: [propext,
 Classical.choice,
 Quot.sound]
'Poincare.D12.ConnectionCurvature.milnorConnection_torsionFree' depends on axioms: [propext,
 Classical.choice,
 Quot.sound]
'Poincare.D12.ConnectionCurvature.milnorLeviCivitaData' depends on axioms: [propext, Classical.choice, Quot.sound]
'Poincare.D12.ConnectionCurvature.curvatureEndo' depends on axioms: [propext, Classical.choice, Quot.sound]
'Poincare.D12.ConnectionCurvature.curvature_skew_adjoint' depends on axioms: [propext, Classical.choice, Quot.sound]
'Poincare.D12.ConnectionCurvature.form_basis_apply_of_orthonormal' depends on axioms: [propext,
 Classical.choice,
 Quot.sound]
'Poincare.D12.ConnectionCurvature.milnor_ricci_symm' depends on axioms: [propext, Classical.choice, Quot.sound]
'Poincare.D12.ConnectionCurvature.ricci_contraction_eq_sum_basis' depends on axioms: [propext,
 Classical.choice,
 Quot.sound]
'Poincare.D12.ConnectionCurvature.ricci_symm' depends on axioms: [propext, Classical.choice, Quot.sound]
'Poincare.D12.ConnectionCurvature.scalarCurvature_eq_sum_ricci_basis' depends on axioms: [propext,
 Classical.choice,
 Quot.sound]
'Poincare.D12.ConnectionCurvature.trace_skew_adjoint_zero' depends on axioms: [propext, Classical.choice, Quot.sound]
'Poincare.D12.ConnectionCurvature.SmoothChartData' depends on axioms: [propext, Classical.choice, Quot.sound]
'Poincare.D12.ConnectionCurvature.SoThreeModel.cross_e0_e1' depends on axioms: [propext, Classical.choice, Quot.sound]
'Poincare.D12.ConnectionCurvature.SoThreeModel.cross_e1_e0' depends on axioms: [propext, Classical.choice, Quot.sound]
'Poincare.D12.ConnectionCurvature.SoThreeModel.cross_e2_e0' depends on axioms: [propext, Classical.choice, Quot.sound]
'Poincare.D12.ConnectionCurvature.SoThreeModel.cross_e2_e1' depends on axioms: [propext, Classical.choice, Quot.sound]
'Poincare.D12.ConnectionCurvature.SoThreeModel.dot3' depends on axioms: [propext, Classical.choice, Quot.sound]
'Poincare.D12.ConnectionCurvature.SoThreeModel.dot3_apply' depends on axioms: [propext, Classical.choice, Quot.sound]
'Poincare.D12.ConnectionCurvature.SoThreeModel.so3Lie' depends on axioms: [propext, Classical.choice, Quot.sound]
'Poincare.D12.ConnectionCurvature.SoThreeModel.so3MeanLeviCivita' depends on axioms: [propext,
 Classical.choice,
 Quot.sound]
'Poincare.D12.ConnectionCurvature.SoThreeModel.so3Metric' depends on axioms: [propext, Classical.choice, Quot.sound]
'Poincare.D12.ConnectionCurvature.SoThreeModel.so3_basis_eq_single' depends on axioms: [propext,
 Classical.choice,
 Quot.sound]
'Poincare.D12.ConnectionCurvature.SoThreeModel.so3_bracketInvariant' depends on axioms: [propext,
 Classical.choice,
 Quot.sound]
'Poincare.D12.ConnectionCurvature.SoThreeModel.so3_curvature_basis' depends on axioms: [propext,
 Classical.choice,
 Quot.sound]
'Poincare.D12.ConnectionCurvature.SoThreeModel.so3_curvature_nonzero' depends on axioms: [propext,
 Classical.choice,
 Quot.sound]
'Poincare.D12.ConnectionCurvature.SoThreeModel.so3_milnor_eq_mean' depends on axioms: [propext,
 Classical.choice,
 Quot.sound]
'Poincare.D12.ConnectionCurvature.SoThreeModel.so3_ricci_e00' depends on axioms: [propext, Classical.choice, Quot.sound]
'Poincare.D12.ConnectionCurvature.SoThreeModel.so3_ricci_symm' depends on axioms: [propext,
 Classical.choice,
 Quot.sound]
'Poincare.D12.ConnectionCurvature.VectorField' depends on axioms: [propext, Classical.choice, Quot.sound]
'Poincare.D12.ConnectionCurvature.christoffel_pointwise_conformal' depends on axioms: [propext,
 Classical.choice,
 Quot.sound]
'Poincare.D12.ConnectionCurvature.conformalG' depends on axioms: [propext, Classical.choice, Quot.sound]
'Poincare.D12.ConnectionCurvature.conformalGInv' depends on axioms: [propext, Classical.choice, Quot.sound]
'Poincare.D12.ConnectionCurvature.conformalGInv_smooth' depends on axioms: [propext, Classical.choice, Quot.sound]
'Poincare.D12.ConnectionCurvature.conformalG_smooth' depends on axioms: [propext, Classical.choice, Quot.sound]
'Poincare.D12.ConnectionCurvature.conformalGamma' depends on axioms: [propext, Classical.choice, Quot.sound]
'Poincare.D12.ConnectionCurvature.conformalGamma_101_zero' depends on axioms: [propext, Classical.choice, Quot.sound]
'Poincare.D12.ConnectionCurvature.conformalGamma_origin_zero' depends on axioms: [propext, Classical.choice, Quot.sound]
'Poincare.D12.ConnectionCurvature.conformalPointwise' depends on axioms: [propext, Classical.choice, Quot.sound]
'Poincare.D12.ConnectionCurvature.conformal_contDiff_proj' depends on axioms: [propext, Classical.choice, Quot.sound]
'Poincare.D12.ConnectionCurvature.conformal_curvature_nonzero' depends on axioms: [propext,
 Classical.choice,
 Quot.sound]
'Poincare.D12.ConnectionCurvature.conformal_denom_ne_zero' depends on axioms: [propext, Classical.choice, Quot.sound]
'Poincare.D12.ConnectionCurvature.conformal_denom_pos' depends on axioms: [propext, Classical.choice, Quot.sound]
'Poincare.D12.ConnectionCurvature.conformal_riemann_1212_origin' depends on axioms: [propext,
 Classical.choice,
 Quot.sound]
'Poincare.D12.ConnectionCurvature.fderiv_apply_eq_sum_single' depends on axioms: [propext, Classical.choice, Quot.sound]
'Poincare.D12.ConnectionCurvature.fderiv_mul_mul_apply' depends on axioms: [propext, Classical.choice, Quot.sound]
'Poincare.D12.ConnectionCurvature.linMap_apply_eq_sum_single' depends on axioms: [propext, Classical.choice, Quot.sound]
'Poincare.D12.ConnectionCurvature.riemannComp' depends on axioms: [propext, Classical.choice, Quot.sound]
'Poincare.D12.ConnectionCurvature.sum_add_split' depends on axioms: [propext, Classical.choice, Quot.sound]
'Poincare.D12.ConnectionCurvature.sum_cycle_first_to_last' depends on axioms: [propext, Classical.choice, Quot.sound]
'Poincare.D12.ConnectionCurvature.sum_three_cycle' depends on axioms: [propext, Classical.choice, Quot.sound]
