✔ [8879/8913] Built Poincare.Longrun.CurvatureODE.ScalarODE (1.4s)
✔ [8880/8913] Built Poincare.Basic (1.6s)
✔ [8881/8913] Built Poincare.Stage1.CurvatureAlgebra (2.8s)
ℹ [8882/8913] Built Poincare.Longrun.PDE.HeatGrid (4.0s)
info: Poincare/Longrun/PDE/HeatGrid.lean:118:0: 'Poincare.Longrun.PDE.zeroExtend' depends on axioms: [propext, Classical.choice, Quot.sound]
info: Poincare/Longrun/PDE/HeatGrid.lean:119:0: 'Poincare.Longrun.PDE.discreteLaplacian' depends on axioms: [propext, Classical.choice, Quot.sound]
info: Poincare/Longrun/PDE/HeatGrid.lean:120:0: 'Poincare.Longrun.PDE.heatStep' depends on axioms: [propext, Classical.choice, Quot.sound]
info: Poincare/Longrun/PDE/HeatGrid.lean:121:0: 'Poincare.Longrun.PDE.HeatGridEvolution' depends on axioms: [propext, Classical.choice, Quot.sound]
info: Poincare/Longrun/PDE/HeatGrid.lean:122:0: 'Poincare.Longrun.PDE.heatStep_eq_discreteLaplacian' depends on axioms: [propext, Classical.choice, Quot.sound]
info: Poincare/Longrun/PDE/HeatGrid.lean:123:0: 'Poincare.Longrun.PDE.HeatGridEvolution.step_eq_discreteLaplacian' depends on axioms: [propext,
 Classical.choice,
 Quot.sound]
info: Poincare/Longrun/PDE/HeatGrid.lean:124:0: 'Poincare.Longrun.PDE.HeatGridEvolution.step_eq_heatStep' depends on axioms: [propext, Classical.choice, Quot.sound]
info: Poincare/Longrun/PDE/HeatGrid.lean:125:0: 'Poincare.Longrun.PDE.HeatGridEvolution.step_eq_convex' depends on axioms: [propext, Classical.choice, Quot.sound]
✔ [8883/8913] Built Poincare.Longrun.Geometry.MetricData (2.3s)
✔ [8884/8913] Built Poincare.Stage1.RiemannAdapter (2.3s)
ℹ [8885/8913] Built Poincare.Longrun.Entropy.Functional (4.2s)
info: Poincare/Longrun/Entropy/Functional.lean:150:0: 'Poincare.Longrun.Entropy.EntropyData' depends on axioms: [propext, Classical.choice, Quot.sound]
info: Poincare/Longrun/Entropy/Functional.lean:151:0: 'Poincare.Longrun.Entropy.EntropyData.F' depends on axioms: [propext, Classical.choice, Quot.sound]
info: Poincare/Longrun/Entropy/Functional.lean:152:0: 'Poincare.Longrun.Entropy.EntropyData.extra' depends on axioms: [propext, Classical.choice, Quot.sound]
info: Poincare/Longrun/Entropy/Functional.lean:153:0: 'Poincare.Longrun.Entropy.EntropyData.W' depends on axioms: [propext, Classical.choice, Quot.sound]
info: Poincare/Longrun/Entropy/Functional.lean:154:0: 'Poincare.Longrun.Entropy.EntropyData.FDissipation' depends on axioms: [propext, Classical.choice, Quot.sound]
info: Poincare/Longrun/Entropy/Functional.lean:155:0: 'Poincare.Longrun.Entropy.EntropyData.HasConjugateWeight' depends on axioms: [propext, Classical.choice, Quot.sound]
info: Poincare/Longrun/Entropy/Functional.lean:156:0: 'Poincare.Longrun.Entropy.EntropyData.conjugateWeight_pos' depends on axioms: [propext, Classical.choice, Quot.sound]
info: Poincare/Longrun/Entropy/Functional.lean:157:0: 'Poincare.Longrun.Entropy.EntropyData.integrable_extra' depends on axioms: [propext, Classical.choice, Quot.sound]
info: Poincare/Longrun/Entropy/Functional.lean:158:0: 'Poincare.Longrun.Entropy.EntropyData.W_eq' depends on axioms: [propext, Classical.choice, Quot.sound]
info: Poincare/Longrun/Entropy/Functional.lean:159:0: 'Poincare.Longrun.Entropy.EntropyData.FDissipation_nonneg' depends on axioms: [propext, Classical.choice, Quot.sound]
info: Poincare/Longrun/Entropy/Functional.lean:160:0: 'Poincare.Longrun.Entropy.EntropyData.F_mono_integrand' depends on axioms: [propext, Classical.choice, Quot.sound]
ℹ [8886/8913] Built Poincare.Longrun.PDE.ContinuousInterface (4.7s)
info: Poincare/Longrun/PDE/ContinuousInterface.lean:221:0: 'Poincare.Longrun.PDE.ContinuousHeatHypotheses' depends on axioms: [propext, Classical.choice, Quot.sound]
info: Poincare/Longrun/PDE/ContinuousInterface.lean:222:0: 'Poincare.Longrun.PDE.ContinuousHeatMaximumPrincipleInterface' depends on axioms: [propext,
 Classical.choice,
 Quot.sound]
info: Poincare/Longrun/PDE/ContinuousInterface.lean:223:0: 'Poincare.Longrun.PDE.continuousHeatHypotheses_zero' depends on axioms: [propext, Classical.choice, Quot.sound]
info: Poincare/Longrun/PDE/ContinuousInterface.lean:224:0: 'Poincare.Longrun.PDE.continuousHeatHypotheses_affine' depends on axioms: [propext, Classical.choice, Quot.sound]
info: Poincare/Longrun/PDE/ContinuousInterface.lean:225:0: 'Poincare.Longrun.PDE.continuousHeatHypotheses_quadratic' depends on axioms: [propext, Classical.choice, Quot.sound]
info: Poincare/Longrun/PDE/ContinuousInterface.lean:226:0: 'Poincare.Longrun.PDE.continuousHeatMaxPrinciple_zero' depends on axioms: [propext, Classical.choice, Quot.sound]
info: Poincare/Longrun/PDE/ContinuousInterface.lean:227:0: 'Poincare.Longrun.PDE.continuousHeatMaxPrinciple_of_timeIndependent' depends on axioms: [propext,
 Classical.choice,
 Quot.sound]
info: Poincare/Longrun/PDE/ContinuousInterface.lean:228:0: 'Poincare.Longrun.PDE.continuousHeatMaxPrinciple_affine' depends on axioms: [propext, Classical.choice, Quot.sound]
info: Poincare/Longrun/PDE/ContinuousInterface.lean:229:0: 'Poincare.Longrun.PDE.continuousHeatMaxPrinciple_quadratic' depends on axioms: [propext, Classical.choice, Quot.sound]
✔ [8887/8913] Built Poincare.Longrun.Geometry.ConnectionAdapter (3.4s)
✔ [8888/8913] Built Poincare.Longrun.Geometry.Contraction (1.0s)
ℹ [8889/8913] Built Poincare.Longrun.PDE.DiscreteMaximumPrinciple (4.2s)
info: Poincare/Longrun/PDE/DiscreteMaximumPrinciple.lean:190:0: 'Poincare.Longrun.PDE.zeroExtend_le' depends on axioms: [propext, Classical.choice, Quot.sound]
info: Poincare/Longrun/PDE/DiscreteMaximumPrinciple.lean:191:0: 'Poincare.Longrun.PDE.heatStep_le' depends on axioms: [propext, Classical.choice, Quot.sound]
info: Poincare/Longrun/PDE/DiscreteMaximumPrinciple.lean:192:0: 'Poincare.Longrun.PDE.HeatGridEvolution.succ_le' depends on axioms: [propext, Classical.choice, Quot.sound]
info: Poincare/Longrun/PDE/DiscreteMaximumPrinciple.lean:193:0: 'Poincare.Longrun.PDE.HeatGridEvolution.le_of_initial_le' depends on axioms: [propext, Classical.choice, Quot.sound]
info: Poincare/Longrun/PDE/DiscreteMaximumPrinciple.lean:194:0: 'Poincare.Longrun.PDE.HeatGridEvolution.le_sup'_initial' depends on axioms: [propext, Classical.choice, Quot.sound]
info: Poincare/Longrun/PDE/DiscreteMaximumPrinciple.lean:195:0: 'Poincare.Longrun.PDE.strict_grid_max_principle_max' depends on axioms: [propext, Classical.choice, Quot.sound]
info: Poincare/Longrun/PDE/DiscreteMaximumPrinciple.lean:196:0: 'Poincare.Longrun.PDE.strict_grid_max_principle' depends on axioms: [propext, Classical.choice, Quot.sound]
ℹ [8890/8913] Built Poincare.Longrun.PDE.Energy (4.5s)
info: Poincare/Longrun/PDE/Energy.lean:183:0: 'Poincare.Longrun.PDE.energy' depends on axioms: [propext, Classical.choice, Quot.sound]
info: Poincare/Longrun/PDE/Energy.lean:184:0: 'Poincare.Longrun.PDE.convex_combo_sq_le' depends on axioms: [propext, Classical.choice, Quot.sound]
info: Poincare/Longrun/PDE/Energy.lean:185:0: 'Poincare.Longrun.PDE.heatStep_sq_le' depends on axioms: [propext, Classical.choice, Quot.sound]
info: Poincare/Longrun/PDE/Energy.lean:186:0: 'Poincare.Longrun.PDE.sum_shift_pred' depends on axioms: [propext, Classical.choice, Quot.sound]
info: Poincare/Longrun/PDE/Energy.lean:187:0: 'Poincare.Longrun.PDE.sum_shift_succ' depends on axioms: [propext, Classical.choice, Quot.sound]
info: Poincare/Longrun/PDE/Energy.lean:188:0: 'Poincare.Longrun.PDE.energy_heatStep_le' depends on axioms: [propext, Classical.choice, Quot.sound]
info: Poincare/Longrun/PDE/Energy.lean:189:0: 'Poincare.Longrun.PDE.energy_nonneg' depends on axioms: [propext, Classical.choice, Quot.sound]
info: Poincare/Longrun/PDE/Energy.lean:190:0: 'Poincare.Longrun.PDE.energy_step_le' depends on axioms: [propext, Classical.choice, Quot.sound]
info: Poincare/Longrun/PDE/Energy.lean:191:0: 'Poincare.Longrun.PDE.HeatGridEvolution.energy_succ_le' depends on axioms: [propext, Classical.choice, Quot.sound]
info: Poincare/Longrun/PDE/Energy.lean:192:0: 'Poincare.Longrun.PDE.HeatGridEvolution.energy_nonincreasing' depends on axioms: [propext, Classical.choice, Quot.sound]
ℹ [8891/8913] Built Poincare.Longrun.Entropy.Certificate (4.4s)
info: Poincare/Longrun/Entropy/Certificate.lean:371:0: 'Poincare.Longrun.Entropy.MonotoneCertificate' depends on axioms: [propext, Classical.choice, Quot.sound]
info: Poincare/Longrun/Entropy/Certificate.lean:372:0: 'Poincare.Longrun.Entropy.MonotoneCertificate.F_le_of_le' depends on axioms: [propext, Classical.choice, Quot.sound]
info: Poincare/Longrun/Entropy/Certificate.lean:373:0: 'Poincare.Longrun.Entropy.MonotoneCertificate.eq_of_le_of_eq' depends on axioms: [propext, Classical.choice, Quot.sound]
info: Poincare/Longrun/Entropy/Certificate.lean:374:0: 'Poincare.Longrun.Entropy.AntitoneCertificate' depends on axioms: [propext, Classical.choice, Quot.sound]
info: Poincare/Longrun/Entropy/Certificate.lean:375:0: 'Poincare.Longrun.Entropy.AntitoneCertificate.F_le_of_le' depends on axioms: [propext, Classical.choice, Quot.sound]
info: Poincare/Longrun/Entropy/Certificate.lean:376:0: 'Poincare.Longrun.Entropy.AntitoneCertificate.eq_of_le_of_eq' depends on axioms: [propext, Classical.choice, Quot.sound]
info: Poincare/Longrun/Entropy/Certificate.lean:377:0: 'Poincare.Longrun.Entropy.ContinuousMonotoneCertificate' depends on axioms: [propext, Classical.choice, Quot.sound]
info: Poincare/Longrun/Entropy/Certificate.lean:378:0: 'Poincare.Longrun.Entropy.ContinuousMonotoneCertificate.monotoneOn' depends on axioms: [propext,
 Classical.choice,
 Quot.sound]
info: Poincare/Longrun/Entropy/Certificate.lean:379:0: 'Poincare.Longrun.Entropy.ContinuousMonotoneCertificate.F_ge_initial' depends on axioms: [propext,
 Classical.choice,
 Quot.sound]
info: Poincare/Longrun/Entropy/Certificate.lean:380:0: 'Poincare.Longrun.Entropy.ContinuousMonotoneCertificate.eq_on_Icc_of_eq_at' depends on axioms: [propext,
 Classical.choice,
 Quot.sound]
info: Poincare/Longrun/Entropy/Certificate.lean:381:0: 'Poincare.Longrun.Entropy.ContinuousMonotoneCertificate.toMonotoneCertificateOnIci' depends on axioms: [propext,
 Classical.choice,
 Quot.sound]
info: Poincare/Longrun/Entropy/Certificate.lean:382:0: 'Poincare.Longrun.Entropy.ContinuousAntitoneCertificate' depends on axioms: [propext, Classical.choice, Quot.sound]
info: Poincare/Longrun/Entropy/Certificate.lean:383:0: 'Poincare.Longrun.Entropy.ContinuousAntitoneCertificate.antitoneOn' depends on axioms: [propext,
 Classical.choice,
 Quot.sound]
info: Poincare/Longrun/Entropy/Certificate.lean:384:0: 'Poincare.Longrun.Entropy.ContinuousAntitoneCertificate.F_le_initial' depends on axioms: [propext,
 Classical.choice,
 Quot.sound]
info: Poincare/Longrun/Entropy/Certificate.lean:385:0: 'Poincare.Longrun.Entropy.ContinuousAntitoneCertificate.lower_le_initial' depends on axioms: [propext,
 Classical.choice,
 Quot.sound]
info: Poincare/Longrun/Entropy/Certificate.lean:386:0: 'Poincare.Longrun.Entropy.ContinuousAntitoneCertificate.eq_on_Icc_of_eq_at' depends on axioms: [propext,
 Classical.choice,
 Quot.sound]
info: Poincare/Longrun/Entropy/Certificate.lean:387:0: 'Poincare.Longrun.Entropy.ContinuousAntitoneCertificate.toAntitoneCertificateOnIci' depends on axioms: [propext,
 Classical.choice,
 Quot.sound]
info: Poincare/Longrun/Entropy/Certificate.lean:388:0: 'Poincare.Longrun.Entropy.LinearDecayCertificate' depends on axioms: [propext, Classical.choice, Quot.sound]
info: Poincare/Longrun/Entropy/Certificate.lean:389:0: 'Poincare.Longrun.Entropy.LinearDecayCertificate.time_le' depends on axioms: [propext, Classical.choice, Quot.sound]
info: Poincare/Longrun/Entropy/Certificate.lean:390:0: 'Poincare.Longrun.Entropy.LinearDecayCertificate.lower_le_value' depends on axioms: [propext,
 Classical.choice,
 Quot.sound]
info: Poincare/Longrun/Entropy/Certificate.lean:391:0: 'Poincare.Longrun.Entropy.zeroEntropyData' depends on axioms: [propext, Classical.choice, Quot.sound]
info: Poincare/Longrun/Entropy/Certificate.lean:392:0: 'Poincare.Longrun.Entropy.zeroEntropyData_F' depends on axioms: [propext, Classical.choice, Quot.sound]
info: Poincare/Longrun/Entropy/Certificate.lean:393:0: 'Poincare.Longrun.Entropy.continuousMonotoneCertificate_zero' depends on axioms: [propext, Classical.choice, Quot.sound]
info: Poincare/Longrun/Entropy/Certificate.lean:394:0: 'Poincare.Longrun.Entropy.continuousAntitoneCertificate_zero' depends on axioms: [propext, Classical.choice, Quot.sound]
✔ [8892/8913] Built Poincare.Longrun.Geometry.LeviCivitaBlocked (2.5s)
ℹ [8893/8913] Built Poincare.Longrun.Entropy.FiniteGeometry (3.9s)
info: Poincare/Longrun/Entropy/FiniteGeometry.lean:115:0: 'Poincare.Longrun.Entropy.finiteCurvatureDatum' depends on axioms: [propext, Classical.choice, Quot.sound]
info: Poincare/Longrun/Entropy/FiniteGeometry.lean:116:0: 'Poincare.Longrun.Entropy.finiteCurvatureDatum_F' depends on axioms: [propext, Classical.choice, Quot.sound]
info: Poincare/Longrun/Entropy/FiniteGeometry.lean:117:0: 'Poincare.Longrun.Entropy.finiteCurvatureDatum_F_zero' depends on axioms: [propext, Classical.choice, Quot.sound]
info: Poincare/Longrun/Entropy/FiniteGeometry.lean:118:0: 'Poincare.Longrun.Entropy.finiteCurvatureDatum_W' depends on axioms: [propext, Classical.choice, Quot.sound]
info: Poincare/Longrun/Entropy/FiniteGeometry.lean:119:0: 'Poincare.Longrun.Entropy.finiteCurvatureDatum_FDissipation' depends on axioms: [propext, Classical.choice, Quot.sound]
info: Poincare/Longrun/Entropy/FiniteGeometry.lean:120:0: 'Poincare.Longrun.Entropy.finiteCurvatureDatum_F_add' depends on axioms: [propext, Classical.choice, Quot.sound]
✔ [8894/8913] Built Poincare.Longrun.Geometry (1.7s)
ℹ [8895/8913] Built Poincare.Longrun.PDE.AxiomAudit (3.5s)
info: Poincare/Longrun/PDE/AxiomAudit.lean:19:0: 'Poincare.Longrun.PDE.zeroExtend' depends on axioms: [propext, Classical.choice, Quot.sound]
info: Poincare/Longrun/PDE/AxiomAudit.lean:20:0: 'Poincare.Longrun.PDE.discreteLaplacian' depends on axioms: [propext, Classical.choice, Quot.sound]
info: Poincare/Longrun/PDE/AxiomAudit.lean:21:0: 'Poincare.Longrun.PDE.heatStep' depends on axioms: [propext, Classical.choice, Quot.sound]
info: Poincare/Longrun/PDE/AxiomAudit.lean:22:0: 'Poincare.Longrun.PDE.HeatGridEvolution' depends on axioms: [propext, Classical.choice, Quot.sound]
info: Poincare/Longrun/PDE/AxiomAudit.lean:23:0: 'Poincare.Longrun.PDE.heatStep_eq_discreteLaplacian' depends on axioms: [propext, Classical.choice, Quot.sound]
info: Poincare/Longrun/PDE/AxiomAudit.lean:24:0: 'Poincare.Longrun.PDE.HeatGridEvolution.step_eq_discreteLaplacian' depends on axioms: [propext,
 Classical.choice,
 Quot.sound]
info: Poincare/Longrun/PDE/AxiomAudit.lean:25:0: 'Poincare.Longrun.PDE.HeatGridEvolution.step_eq_heatStep' depends on axioms: [propext, Classical.choice, Quot.sound]
info: Poincare/Longrun/PDE/AxiomAudit.lean:26:0: 'Poincare.Longrun.PDE.HeatGridEvolution.step_eq_convex' depends on axioms: [propext, Classical.choice, Quot.sound]
info: Poincare/Longrun/PDE/AxiomAudit.lean:30:0: 'Poincare.Longrun.PDE.zeroExtend_le' depends on axioms: [propext, Classical.choice, Quot.sound]
info: Poincare/Longrun/PDE/AxiomAudit.lean:31:0: 'Poincare.Longrun.PDE.heatStep_le' depends on axioms: [propext, Classical.choice, Quot.sound]
info: Poincare/Longrun/PDE/AxiomAudit.lean:32:0: 'Poincare.Longrun.PDE.HeatGridEvolution.succ_le' depends on axioms: [propext, Classical.choice, Quot.sound]
info: Poincare/Longrun/PDE/AxiomAudit.lean:33:0: 'Poincare.Longrun.PDE.HeatGridEvolution.le_of_initial_le' depends on axioms: [propext, Classical.choice, Quot.sound]
info: Poincare/Longrun/PDE/AxiomAudit.lean:34:0: 'Poincare.Longrun.PDE.HeatGridEvolution.le_sup'_initial' depends on axioms: [propext, Classical.choice, Quot.sound]
info: Poincare/Longrun/PDE/AxiomAudit.lean:35:0: 'Poincare.Longrun.PDE.strict_grid_max_principle_max' depends on axioms: [propext, Classical.choice, Quot.sound]
info: Poincare/Longrun/PDE/AxiomAudit.lean:36:0: 'Poincare.Longrun.PDE.strict_grid_max_principle' depends on axioms: [propext, Classical.choice, Quot.sound]
info: Poincare/Longrun/PDE/AxiomAudit.lean:40:0: 'Poincare.Longrun.PDE.energy' depends on axioms: [propext, Classical.choice, Quot.sound]
info: Poincare/Longrun/PDE/AxiomAudit.lean:41:0: 'Poincare.Longrun.PDE.convex_combo_sq_le' depends on axioms: [propext, Classical.choice, Quot.sound]
info: Poincare/Longrun/PDE/AxiomAudit.lean:42:0: 'Poincare.Longrun.PDE.heatStep_sq_le' depends on axioms: [propext, Classical.choice, Quot.sound]
info: Poincare/Longrun/PDE/AxiomAudit.lean:43:0: 'Poincare.Longrun.PDE.sum_shift_pred' depends on axioms: [propext, Classical.choice, Quot.sound]
info: Poincare/Longrun/PDE/AxiomAudit.lean:44:0: 'Poincare.Longrun.PDE.sum_shift_succ' depends on axioms: [propext, Classical.choice, Quot.sound]
info: Poincare/Longrun/PDE/AxiomAudit.lean:45:0: 'Poincare.Longrun.PDE.energy_heatStep_le' depends on axioms: [propext, Classical.choice, Quot.sound]
info: Poincare/Longrun/PDE/AxiomAudit.lean:46:0: 'Poincare.Longrun.PDE.energy_nonneg' depends on axioms: [propext, Classical.choice, Quot.sound]
info: Poincare/Longrun/PDE/AxiomAudit.lean:47:0: 'Poincare.Longrun.PDE.energy_step_le' depends on axioms: [propext, Classical.choice, Quot.sound]
info: Poincare/Longrun/PDE/AxiomAudit.lean:48:0: 'Poincare.Longrun.PDE.HeatGridEvolution.energy_succ_le' depends on axioms: [propext, Classical.choice, Quot.sound]
info: Poincare/Longrun/PDE/AxiomAudit.lean:49:0: 'Poincare.Longrun.PDE.HeatGridEvolution.energy_nonincreasing' depends on axioms: [propext, Classical.choice, Quot.sound]
info: Poincare/Longrun/PDE/AxiomAudit.lean:53:0: 'Poincare.Longrun.PDE.ContinuousHeatHypotheses' depends on axioms: [propext, Classical.choice, Quot.sound]
info: Poincare/Longrun/PDE/AxiomAudit.lean:54:0: 'Poincare.Longrun.PDE.ContinuousHeatMaximumPrincipleInterface' depends on axioms: [propext,
 Classical.choice,
 Quot.sound]
info: Poincare/Longrun/PDE/AxiomAudit.lean:55:0: 'Poincare.Longrun.PDE.continuousHeatHypotheses_zero' depends on axioms: [propext, Classical.choice, Quot.sound]
info: Poincare/Longrun/PDE/AxiomAudit.lean:56:0: 'Poincare.Longrun.PDE.continuousHeatHypotheses_affine' depends on axioms: [propext, Classical.choice, Quot.sound]
info: Poincare/Longrun/PDE/AxiomAudit.lean:57:0: 'Poincare.Longrun.PDE.continuousHeatHypotheses_quadratic' depends on axioms: [propext, Classical.choice, Quot.sound]
info: Poincare/Longrun/PDE/AxiomAudit.lean:58:0: 'Poincare.Longrun.PDE.continuousHeatMaxPrinciple_zero' depends on axioms: [propext, Classical.choice, Quot.sound]
info: Poincare/Longrun/PDE/AxiomAudit.lean:59:0: 'Poincare.Longrun.PDE.continuousHeatMaxPrinciple_of_timeIndependent' depends on axioms: [propext,
 Classical.choice,
 Quot.sound]
info: Poincare/Longrun/PDE/AxiomAudit.lean:60:0: 'Poincare.Longrun.PDE.continuousHeatMaxPrinciple_affine' depends on axioms: [propext, Classical.choice, Quot.sound]
info: Poincare/Longrun/PDE/AxiomAudit.lean:61:0: 'Poincare.Longrun.PDE.continuousHeatMaxPrinciple_quadratic' depends on axioms: [propext, Classical.choice, Quot.sound]
ℹ [8896/8913] Built Poincare.Longrun.Entropy.DiscreteHeat (3.6s)
info: Poincare/Longrun/Entropy/DiscreteHeat.lean:94:0: 'Poincare.Longrun.PDE.HeatGridEvolution.energy_antitone' depends on axioms: [propext, Classical.choice, Quot.sound]
info: Poincare/Longrun/Entropy/DiscreteHeat.lean:95:0: 'Poincare.Longrun.PDE.zeroHeatGridEvolution' depends on axioms: [propext, Classical.choice, Quot.sound]
info: Poincare/Longrun/Entropy/DiscreteHeat.lean:96:0: 'Poincare.Longrun.Entropy.heatEnergyCertificate' depends on axioms: [propext, Classical.choice, Quot.sound]
info: Poincare/Longrun/Entropy/DiscreteHeat.lean:97:0: 'Poincare.Longrun.Entropy.heatEnergy_le_initial' depends on axioms: [propext, Classical.choice, Quot.sound]
info: Poincare/Longrun/Entropy/DiscreteHeat.lean:98:0: 'Poincare.Longrun.Entropy.heatEnergy_nonneg' depends on axioms: [propext, Classical.choice, Quot.sound]
info: Poincare/Longrun/Entropy/DiscreteHeat.lean:99:0: 'Poincare.Longrun.Entropy.heatEnergy_eq_of_eq_initial' depends on axioms: [propext, Classical.choice, Quot.sound]
info: Poincare/Longrun/Entropy/DiscreteHeat.lean:100:0: 'Poincare.Longrun.Entropy.heatEnergyCertificate_zero' depends on axioms: [propext, Classical.choice, Quot.sound]
ℹ [8897/8913] Built Poincare.Longrun.Entropy.Bridge (3.8s)
info: Poincare/Longrun/Entropy/Bridge.lean:200:0: 'Poincare.Longrun.Entropy.WeightedCalculus' depends on axioms: [propext, Classical.choice, Quot.sound]
info: Poincare/Longrun/Entropy/Bridge.lean:201:0: 'Poincare.Longrun.Entropy.gradInner' depends on axioms: [propext, Classical.choice, Quot.sound]
info: Poincare/Longrun/Entropy/Bridge.lean:202:0: 'Poincare.Longrun.Entropy.WeightedIBPStatement' depends on axioms: [propext, Classical.choice, Quot.sound]
info: Poincare/Longrun/Entropy/Bridge.lean:203:0: 'Poincare.Longrun.Entropy.WeightedLaplacianStatement' depends on axioms: [propext, Classical.choice, Quot.sound]
info: Poincare/Longrun/Entropy/Bridge.lean:204:0: 'Poincare.Longrun.Entropy.BochnerStatement' depends on axioms: [propext, Classical.choice, Quot.sound]
info: Poincare/Longrun/Entropy/Bridge.lean:205:0: 'Poincare.Longrun.Entropy.ConjugateMeasureEvolutionStatement' depends on axioms: [propext, Classical.choice, Quot.sound]
info: Poincare/Longrun/Entropy/Bridge.lean:206:0: 'Poincare.Longrun.Entropy.FDerivativeStatement' depends on axioms: [propext, Classical.choice, Quot.sound]
info: Poincare/Longrun/Entropy/Bridge.lean:207:0: 'Poincare.Longrun.Entropy.EntropyFunctionalRegularityStatement' depends on axioms: [propext,
 Classical.choice,
 Quot.sound]
info: Poincare/Longrun/Entropy/Bridge.lean:208:0: 'Poincare.Longrun.Entropy.EntropyRegularityBridge' depends on axioms: [propext, Classical.choice, Quot.sound]
info: Poincare/Longrun/Entropy/Bridge.lean:209:0: 'Poincare.Longrun.Entropy.continuousMonotoneCertificateOfBridge' depends on axioms: [propext,
 Classical.choice,
 Quot.sound]
info: Poincare/Longrun/Entropy/Bridge.lean:210:0: 'Poincare.Longrun.Entropy.zeroCalculus' depends on axioms: [propext, Classical.choice, Quot.sound]
info: Poincare/Longrun/Entropy/Bridge.lean:211:0: 'Poincare.Longrun.Entropy.entropyRegularityBridge_zero' depends on axioms: [propext, Classical.choice, Quot.sound]
info: Poincare/Longrun/Entropy/Bridge.lean:212:0: 'Poincare.Longrun.Entropy.continuousMonotoneCertificate_zero_viaBridge' depends on axioms: [propext,
 Classical.choice,
 Quot.sound]
✔ [8898/8913] Built Poincare.Longrun.CurvatureODE.State (2.6s)
✔ [8899/8913] Built Poincare.Longrun.CurvatureODE.Evolution (1.9s)
ℹ [8900/8913] Built Poincare.Longrun.Entropy (3.5s)
info: Poincare/Longrun/Entropy.lean:33:0: 'Poincare.Longrun.Entropy.EntropyData.W_eq' depends on axioms: [propext, Classical.choice, Quot.sound]
info: Poincare/Longrun/Entropy.lean:34:0: 'Poincare.Longrun.Entropy.EntropyData.FDissipation_nonneg' depends on axioms: [propext, Classical.choice, Quot.sound]
info: Poincare/Longrun/Entropy.lean:35:0: 'Poincare.Longrun.Entropy.ContinuousAntitoneCertificate.antitoneOn' depends on axioms: [propext,
 Classical.choice,
 Quot.sound]
info: Poincare/Longrun/Entropy.lean:36:0: 'Poincare.Longrun.Entropy.LinearDecayCertificate.time_le' depends on axioms: [propext, Classical.choice, Quot.sound]
info: Poincare/Longrun/Entropy.lean:37:0: 'Poincare.Longrun.Entropy.continuousMonotoneCertificateOfBridge' depends on axioms: [propext,
 Classical.choice,
 Quot.sound]
info: Poincare/Longrun/Entropy.lean:38:0: 'Poincare.Longrun.Entropy.heatEnergy_le_initial' depends on axioms: [propext, Classical.choice, Quot.sound]
info: Poincare/Longrun/Entropy.lean:39:0: 'Poincare.Longrun.Entropy.finiteCurvatureDatum_F_zero' depends on axioms: [propext, Classical.choice, Quot.sound]
✔ [8901/8913] Built Poincare.Longrun.CurvatureODE.Invariant (1.9s)
ℹ [8902/8913] Built Poincare.Longrun.Entropy.AxiomAudit (3.7s)
info: Poincare/Longrun/Entropy/AxiomAudit.lean:18:0: 'Poincare.Longrun.Entropy.EntropyData' depends on axioms: [propext, Classical.choice, Quot.sound]
info: Poincare/Longrun/Entropy/AxiomAudit.lean:19:0: 'Poincare.Longrun.Entropy.EntropyData.F' depends on axioms: [propext, Classical.choice, Quot.sound]
info: Poincare/Longrun/Entropy/AxiomAudit.lean:20:0: 'Poincare.Longrun.Entropy.EntropyData.extra' depends on axioms: [propext, Classical.choice, Quot.sound]
info: Poincare/Longrun/Entropy/AxiomAudit.lean:21:0: 'Poincare.Longrun.Entropy.EntropyData.W' depends on axioms: [propext, Classical.choice, Quot.sound]
info: Poincare/Longrun/Entropy/AxiomAudit.lean:22:0: 'Poincare.Longrun.Entropy.EntropyData.FDissipation' depends on axioms: [propext, Classical.choice, Quot.sound]
info: Poincare/Longrun/Entropy/AxiomAudit.lean:23:0: 'Poincare.Longrun.Entropy.EntropyData.HasConjugateWeight' depends on axioms: [propext, Classical.choice, Quot.sound]
info: Poincare/Longrun/Entropy/AxiomAudit.lean:24:0: 'Poincare.Longrun.Entropy.EntropyData.conjugateWeight_pos' depends on axioms: [propext, Classical.choice, Quot.sound]
info: Poincare/Longrun/Entropy/AxiomAudit.lean:25:0: 'Poincare.Longrun.Entropy.EntropyData.integrable_extra' depends on axioms: [propext, Classical.choice, Quot.sound]
info: Poincare/Longrun/Entropy/AxiomAudit.lean:26:0: 'Poincare.Longrun.Entropy.EntropyData.W_eq' depends on axioms: [propext, Classical.choice, Quot.sound]
info: Poincare/Longrun/Entropy/AxiomAudit.lean:27:0: 'Poincare.Longrun.Entropy.EntropyData.FDissipation_nonneg' depends on axioms: [propext, Classical.choice, Quot.sound]
info: Poincare/Longrun/Entropy/AxiomAudit.lean:28:0: 'Poincare.Longrun.Entropy.EntropyData.F_mono_integrand' depends on axioms: [propext, Classical.choice, Quot.sound]
info: Poincare/Longrun/Entropy/AxiomAudit.lean:32:0: 'Poincare.Longrun.Entropy.MonotoneCertificate' depends on axioms: [propext, Classical.choice, Quot.sound]
info: Poincare/Longrun/Entropy/AxiomAudit.lean:33:0: 'Poincare.Longrun.Entropy.MonotoneCertificate.F_le_of_le' depends on axioms: [propext, Classical.choice, Quot.sound]
info: Poincare/Longrun/Entropy/AxiomAudit.lean:34:0: 'Poincare.Longrun.Entropy.MonotoneCertificate.F_ge_at' depends on axioms: [propext, Classical.choice, Quot.sound]
info: Poincare/Longrun/Entropy/AxiomAudit.lean:35:0: 'Poincare.Longrun.Entropy.MonotoneCertificate.le_upper' depends on axioms: [propext, Classical.choice, Quot.sound]
info: Poincare/Longrun/Entropy/AxiomAudit.lean:36:0: 'Poincare.Longrun.Entropy.MonotoneCertificate.eq_of_le_of_eq' depends on axioms: [propext, Classical.choice, Quot.sound]
info: Poincare/Longrun/Entropy/AxiomAudit.lean:37:0: 'Poincare.Longrun.Entropy.AntitoneCertificate' depends on axioms: [propext, Classical.choice, Quot.sound]
info: Poincare/Longrun/Entropy/AxiomAudit.lean:38:0: 'Poincare.Longrun.Entropy.AntitoneCertificate.F_le_of_le' depends on axioms: [propext, Classical.choice, Quot.sound]
info: Poincare/Longrun/Entropy/AxiomAudit.lean:39:0: 'Poincare.Longrun.Entropy.AntitoneCertificate.F_le_at' depends on axioms: [propext, Classical.choice, Quot.sound]
info: Poincare/Longrun/Entropy/AxiomAudit.lean:40:0: 'Poincare.Longrun.Entropy.AntitoneCertificate.lower_le_value' depends on axioms: [propext, Classical.choice, Quot.sound]
info: Poincare/Longrun/Entropy/AxiomAudit.lean:41:0: 'Poincare.Longrun.Entropy.AntitoneCertificate.eq_of_le_of_eq' depends on axioms: [propext, Classical.choice, Quot.sound]
info: Poincare/Longrun/Entropy/AxiomAudit.lean:42:0: 'Poincare.Longrun.Entropy.ContinuousMonotoneCertificate' depends on axioms: [propext, Classical.choice, Quot.sound]
info: Poincare/Longrun/Entropy/AxiomAudit.lean:43:0: 'Poincare.Longrun.Entropy.ContinuousMonotoneCertificate.monotoneOn' depends on axioms: [propext,
 Classical.choice,
 Quot.sound]
info: Poincare/Longrun/Entropy/AxiomAudit.lean:44:0: 'Poincare.Longrun.Entropy.ContinuousMonotoneCertificate.F_ge_initial' depends on axioms: [propext,
 Classical.choice,
 Quot.sound]
info: Poincare/Longrun/Entropy/AxiomAudit.lean:45:0: 'Poincare.Longrun.Entropy.ContinuousMonotoneCertificate.eq_on_Icc_of_eq_at' depends on axioms: [propext,
 Classical.choice,
 Quot.sound]
info: Poincare/Longrun/Entropy/AxiomAudit.lean:46:0: 'Poincare.Longrun.Entropy.ContinuousMonotoneCertificate.toMonotoneCertificateOnIci' depends on axioms: [propext,
 Classical.choice,
 Quot.sound]
info: Poincare/Longrun/Entropy/AxiomAudit.lean:47:0: 'Poincare.Longrun.Entropy.ContinuousAntitoneCertificate' depends on axioms: [propext, Classical.choice, Quot.sound]
info: Poincare/Longrun/Entropy/AxiomAudit.lean:48:0: 'Poincare.Longrun.Entropy.ContinuousAntitoneCertificate.antitoneOn' depends on axioms: [propext,
 Classical.choice,
 Quot.sound]
info: Poincare/Longrun/Entropy/AxiomAudit.lean:49:0: 'Poincare.Longrun.Entropy.ContinuousAntitoneCertificate.F_le_initial' depends on axioms: [propext,
 Classical.choice,
 Quot.sound]
info: Poincare/Longrun/Entropy/AxiomAudit.lean:50:0: 'Poincare.Longrun.Entropy.ContinuousAntitoneCertificate.lower_le_initial' depends on axioms: [propext,
 Classical.choice,
 Quot.sound]
info: Poincare/Longrun/Entropy/AxiomAudit.lean:51:0: 'Poincare.Longrun.Entropy.ContinuousAntitoneCertificate.eq_on_Icc_of_eq_at' depends on axioms: [propext,
 Classical.choice,
 Quot.sound]
info: Poincare/Longrun/Entropy/AxiomAudit.lean:52:0: 'Poincare.Longrun.Entropy.ContinuousAntitoneCertificate.toAntitoneCertificateOnIci' depends on axioms: [propext,
 Classical.choice,
 Quot.sound]
info: Poincare/Longrun/Entropy/AxiomAudit.lean:53:0: 'Poincare.Longrun.Entropy.LinearDecayCertificate' depends on axioms: [propext, Classical.choice, Quot.sound]
info: Poincare/Longrun/Entropy/AxiomAudit.lean:54:0: 'Poincare.Longrun.Entropy.LinearDecayCertificate.F_le_initial' depends on axioms: [propext,
 Classical.choice,
 Quot.sound]
info: Poincare/Longrun/Entropy/AxiomAudit.lean:55:0: 'Poincare.Longrun.Entropy.LinearDecayCertificate.time_le' depends on axioms: [propext, Classical.choice, Quot.sound]
info: Poincare/Longrun/Entropy/AxiomAudit.lean:56:0: 'Poincare.Longrun.Entropy.LinearDecayCertificate.lower_le_value' depends on axioms: [propext,
 Classical.choice,
 Quot.sound]
info: Poincare/Longrun/Entropy/AxiomAudit.lean:57:0: 'Poincare.Longrun.Entropy.zeroEntropyData' depends on axioms: [propext, Classical.choice, Quot.sound]
info: Poincare/Longrun/Entropy/AxiomAudit.lean:58:0: 'Poincare.Longrun.Entropy.zeroEntropyData_F' depends on axioms: [propext, Classical.choice, Quot.sound]
info: Poincare/Longrun/Entropy/AxiomAudit.lean:59:0: 'Poincare.Longrun.Entropy.continuousMonotoneCertificate_zero' depends on axioms: [propext, Classical.choice, Quot.sound]
info: Poincare/Longrun/Entropy/AxiomAudit.lean:60:0: 'Poincare.Longrun.Entropy.continuousAntitoneCertificate_zero' depends on axioms: [propext, Classical.choice, Quot.sound]
info: Poincare/Longrun/Entropy/AxiomAudit.lean:64:0: 'Poincare.Longrun.Entropy.WeightedCalculus' depends on axioms: [propext, Classical.choice, Quot.sound]
info: Poincare/Longrun/Entropy/AxiomAudit.lean:65:0: 'Poincare.Longrun.Entropy.gradInner' depends on axioms: [propext, Classical.choice, Quot.sound]
info: Poincare/Longrun/Entropy/AxiomAudit.lean:66:0: 'Poincare.Longrun.Entropy.WeightedIBPStatement' depends on axioms: [propext, Classical.choice, Quot.sound]
info: Poincare/Longrun/Entropy/AxiomAudit.lean:67:0: 'Poincare.Longrun.Entropy.WeightedLaplacianStatement' depends on axioms: [propext, Classical.choice, Quot.sound]
info: Poincare/Longrun/Entropy/AxiomAudit.lean:68:0: 'Poincare.Longrun.Entropy.BochnerStatement' depends on axioms: [propext, Classical.choice, Quot.sound]
info: Poincare/Longrun/Entropy/AxiomAudit.lean:69:0: 'Poincare.Longrun.Entropy.ConjugateMeasureEvolutionStatement' depends on axioms: [propext, Classical.choice, Quot.sound]
info: Poincare/Longrun/Entropy/AxiomAudit.lean:70:0: 'Poincare.Longrun.Entropy.FDerivativeStatement' depends on axioms: [propext, Classical.choice, Quot.sound]
info: Poincare/Longrun/Entropy/AxiomAudit.lean:71:0: 'Poincare.Longrun.Entropy.EntropyFunctionalRegularityStatement' depends on axioms: [propext,
 Classical.choice,
 Quot.sound]
info: Poincare/Longrun/Entropy/AxiomAudit.lean:72:0: 'Poincare.Longrun.Entropy.EntropyRegularityBridge' depends on axioms: [propext, Classical.choice, Quot.sound]
info: Poincare/Longrun/Entropy/AxiomAudit.lean:73:0: 'Poincare.Longrun.Entropy.continuousMonotoneCertificateOfBridge' depends on axioms: [propext,
 Classical.choice,
 Quot.sound]
info: Poincare/Longrun/Entropy/AxiomAudit.lean:74:0: 'Poincare.Longrun.Entropy.zeroCalculus' depends on axioms: [propext, Classical.choice, Quot.sound]
info: Poincare/Longrun/Entropy/AxiomAudit.lean:75:0: 'Poincare.Longrun.Entropy.entropyRegularityBridge_zero' depends on axioms: [propext, Classical.choice, Quot.sound]
info: Poincare/Longrun/Entropy/AxiomAudit.lean:76:0: 'Poincare.Longrun.Entropy.continuousMonotoneCertificate_zero_viaBridge' depends on axioms: [propext,
 Classical.choice,
 Quot.sound]
info: Poincare/Longrun/Entropy/AxiomAudit.lean:80:0: 'Poincare.Longrun.PDE.HeatGridEvolution.energy_antitone' depends on axioms: [propext, Classical.choice, Quot.sound]
info: Poincare/Longrun/Entropy/AxiomAudit.lean:81:0: 'Poincare.Longrun.PDE.zeroHeatGridEvolution' depends on axioms: [propext, Classical.choice, Quot.sound]
info: Poincare/Longrun/Entropy/AxiomAudit.lean:82:0: 'Poincare.Longrun.Entropy.heatEnergyCertificate' depends on axioms: [propext, Classical.choice, Quot.sound]
info: Poincare/Longrun/Entropy/AxiomAudit.lean:83:0: 'Poincare.Longrun.Entropy.heatEnergy_le_initial' depends on axioms: [propext, Classical.choice, Quot.sound]
info: Poincare/Longrun/Entropy/AxiomAudit.lean:84:0: 'Poincare.Longrun.Entropy.heatEnergy_nonneg' depends on axioms: [propext, Classical.choice, Quot.sound]
info: Poincare/Longrun/Entropy/AxiomAudit.lean:85:0: 'Poincare.Longrun.Entropy.heatEnergy_eq_of_eq_initial' depends on axioms: [propext, Classical.choice, Quot.sound]
info: Poincare/Longrun/Entropy/AxiomAudit.lean:86:0: 'Poincare.Longrun.Entropy.heatEnergyCertificate_zero' depends on axioms: [propext, Classical.choice, Quot.sound]
info: Poincare/Longrun/Entropy/AxiomAudit.lean:90:0: 'Poincare.Longrun.Entropy.finiteCurvatureDatum' depends on axioms: [propext, Classical.choice, Quot.sound]
info: Poincare/Longrun/Entropy/AxiomAudit.lean:91:0: 'Poincare.Longrun.Entropy.finiteCurvatureDatum_F' depends on axioms: [propext, Classical.choice, Quot.sound]
info: Poincare/Longrun/Entropy/AxiomAudit.lean:92:0: 'Poincare.Longrun.Entropy.finiteCurvatureDatum_F_zero' depends on axioms: [propext, Classical.choice, Quot.sound]
info: Poincare/Longrun/Entropy/AxiomAudit.lean:93:0: 'Poincare.Longrun.Entropy.finiteCurvatureDatum_W' depends on axioms: [propext, Classical.choice, Quot.sound]
info: Poincare/Longrun/Entropy/AxiomAudit.lean:94:0: 'Poincare.Longrun.Entropy.finiteCurvatureDatum_FDissipation' depends on axioms: [propext, Classical.choice, Quot.sound]
info: Poincare/Longrun/Entropy/AxiomAudit.lean:95:0: 'Poincare.Longrun.Entropy.finiteCurvatureDatum_F_add' depends on axioms: [propext, Classical.choice, Quot.sound]
✔ [8903/8913] Built Poincare.Longrun.CurvatureODE.Monotonicity (2.2s)
✔ [8904/8913] Built Poincare.Longrun.CurvatureODE.Bridge (2.3s)
✔ [8905/8913] Built Poincare.Longrun.CurvatureODE (1.7s)
✔ [8906/8913] Built Poincare.Longrun.Evolution.Gibbs (2.1s)
✔ [8907/8913] Built Poincare.Longrun.Evolution.Functional (3.8s)
✔ [8908/8913] Built Poincare.Longrun.Evolution.Continuous (4.1s)
✔ [8909/8913] Built Poincare.Longrun.Evolution.Discrete (3.7s)
✔ [8910/8913] Built Poincare.Longrun.Evolution.Bridge (4.1s)
✔ [8911/8913] Built Poincare.Longrun.Evolution.Counterexample (4.2s)
✔ [8912/8913] Built Poincare.Longrun.Evolution (3.3s)
Build completed successfully (8913 jobs).
EXIT=0
