'Poincare.L4.PointedGH.exists_dist_of_hausdorffDist_lt' depends on axioms: [propext, Classical.choice, Quot.sound]
'Poincare.L4.PointedGH.exists_dist_of_hausdorffDist_lt'' depends on axioms: [propext, Classical.choice, Quot.sound]
'Poincare.L4.PointedGH.exists_dist_optimalGHInjl_optimalGHInjr_lt' depends on axioms: [propext,
 Classical.choice,
 Quot.sound]
'Poincare.L4.PointedGH.exists_dist_optimalGHInjr_optimalGHInjl_lt' depends on axioms: [propext,
 Classical.choice,
 Quot.sound]
'Poincare.L4.PointedGH.exists_dist_optimalGHInjl_optimalGHInjr_lt_add' depends on axioms: [propext,
 Classical.choice,
 Quot.sound]
'Poincare.L4.PointedGH.exists_dist_rep_lt_of_dist_lt' depends on axioms: [propext, Classical.choice, Quot.sound]
'Poincare.L4.PointedGH.exists_dist_rep_lt_of_dist_lt'' depends on axioms: [propext, Classical.choice, Quot.sound]
'Poincare.L4.PointedGH.exists_dist_optimalGHInjl_optimalGHInjr_le' depends on axioms: [propext,
 Classical.choice,
 Quot.sound]
'Poincare.L4.PointedGH.PointedGHCoupling' depends on axioms: [propext, Classical.choice, Quot.sound]
'Poincare.L4.PointedGH.PointedGHCoupling.reindex' depends on axioms: [propext, Classical.choice, Quot.sound]
'Poincare.L4.PointedGH.PointedGHCoupling.reindex_Z' depends on axioms: [propext, Classical.choice, Quot.sound]
'Poincare.L4.PointedGH.PointedGHCoupling.ghDist_tendsto' depends on axioms: [propext, Classical.choice, Quot.sound]
'Poincare.L4.PointedGH.PointedGHCoupling.basepoint_tendsto' depends on axioms: [propext, Classical.choice, Quot.sound]
'Poincare.L4.PointedGH.PointedGHCoupling.pointed_convergence' depends on axioms: [propext, Classical.choice, Quot.sound]
'Poincare.L4.PointedGH.ghDist_rep_toGHSpace' depends on axioms: [propext, Classical.choice, Quot.sound]
'Poincare.L4.PointedGH.pointed_coupling_of_tendsto' depends on axioms: [propext, Classical.choice, Quot.sound]
'Poincare.L4.PointedGH.pointed_subseq_of_familyBounds' depends on axioms: [propext, Classical.choice, Quot.sound]
'Poincare.L4.PointedGH.pointed_subseq_of_familyBounds_of_mem' depends on axioms: [propext, Classical.choice, Quot.sound]
'Poincare.L4.PointedGH.pointed_subseq_of_compact' depends on axioms: [propext, Classical.choice, Quot.sound]
'Poincare.L4.PointedGH.hausdorffDist_closedBall_le' depends on axioms: [propext, Classical.choice, Quot.sound]
'Poincare.L4.PointedGH.euclidBall' depends on axioms: [propext, Classical.choice, Quot.sound]
'Poincare.L4.PointedGH.euclidBallOrigin' depends on axioms: [propext, Classical.choice, Quot.sound]
'Poincare.L4.PointedGH.euclidx' depends on axioms: [propext, Classical.choice, Quot.sound]
'Poincare.L4.PointedGH.euclidxLim' depends on axioms: [propext, Classical.choice, Quot.sound]
'Poincare.L4.PointedGH.euclideanPointedCoupling' depends on axioms: [propext, Classical.choice, Quot.sound]
'Poincare.L4.PointedGH.euclideanPointedCoupling_nonempty' depends on axioms: [propext, Classical.choice, Quot.sound]
'Poincare.L4.PointedGH.euclidean_ghDist_tendsto' depends on axioms: [propext, Classical.choice, Quot.sound]
'Poincare.L4.PointedGH.euclidean_basepoint_tendsto' depends on axioms: [propext, Classical.choice, Quot.sound]
'Poincare.L4.PointedGH.gridx' depends on axioms: [propext, Classical.choice, Quot.sound]
'Poincare.L4.PointedGH.gridxLim' depends on axioms: [propext, Classical.choice, Quot.sound]
'Poincare.L4.PointedGH.gridPointedCoupling' depends on axioms: [propext, Classical.choice, Quot.sound]
'Poincare.L4.PointedGH.gridPointedCoupling_nonempty' depends on axioms: [propext, Classical.choice, Quot.sound]
'Poincare.L4.PointedGH.grid_ghDist_tendsto' depends on axioms: [propext, Classical.choice, Quot.sound]
'Poincare.L4.PointedGH.grid_basepoint_tendsto' depends on axioms: [propext, Classical.choice, Quot.sound]
'Poincare.L4.PointedGH.grid_pointed_subseq' depends on axioms: [propext, Classical.choice, Quot.sound]
'Poincare.L4.PointedGH.euclidX_basepoint_radius' depends on axioms: [propext, Classical.choice, Quot.sound]
'Poincare.L4.PointedGH.gridX_card' depends on axioms: [propext, Classical.choice, Quot.sound]
'GromovHausdorff.hausdorffDist_optimal' depends on axioms: [propext, Classical.choice, Quot.sound]
'Poincare.D12.GeometricCompactness.cover_transfer_of_hausdorffDist_lt' depends on axioms: [propext,
 Classical.choice,
 Quot.sound]
'Poincare.D12.GeometricCompactness.cover_transfer_of_ghDist' depends on axioms: [propext, Classical.choice, Quot.sound]
'Poincare.D12.GeometricCompactness.gh_subseq_of_compact' depends on axioms: [propext, Classical.choice, Quot.sound]
'Poincare.D12.GeometricCompactness.gh_subseq_of_uniformCovers' depends on axioms: [propext,
 Classical.choice,
 Quot.sound]
'Poincare.D12.GeometricCompactness.gh_subseq_of_familyBounds' depends on axioms: [propext, Classical.choice, Quot.sound]
'Poincare.D12.GeometricCompactness.gridFamily_totallyBounded' depends on axioms: [propext, Classical.choice, Quot.sound]
'Poincare.D12.GeometricCompactness.hausdorffDist_grid_square_le' depends on axioms: [propext,
 Classical.choice,
 Quot.sound]
