double: H1 = ([], 0)  (expect [], 0)
L(3,1) bipyramid: H1 = ([3], 0)  (expect [3], 0)
cand1 all sw23 f-vector (4, 8, 8, 4) manifold True
   H1 (w=1): ([], 0)
   H1 (w=1 + RP2 sq): ([], 0)
cand2 sides flip f-vector (4, 8, 8, 4) manifold True
   H1 (w=1): ([], 0)
   H1 (w=1 + RP2 sq): ([], 0)
choices per pair: [6, 6, 6, 6, 6, 6, 6, 6] total: 1679616
FOUND (4, 8, 8, 4) H1: [] 0
FOUND (2, 6, 8, 4) H1: [] 0
FOUND (2, 6, 8, 4) H1: [] 0
FOUND (2, 6, 8, 4) H1: [] 0
FOUND (2, 6, 8, 4) H1: [] 0
FOUND (2, 6, 8, 4) H1: [2] 0
=== RP3 CANDIDATE ===
   glue (0, 0) -> 3 perm (0, 2, 3, 1)
   glue (0, 1) -> 3 perm (0, 1, 2, 3)
   glue (0, 2) -> 1 perm (0, 1, 3, 2)
   glue (0, 3) -> 1 perm (0, 1, 3, 2)
   glue (1, 0) -> 2 perm (0, 3, 1, 2)
   glue (1, 1) -> 2 perm (0, 1, 2, 3)
   glue (1, 2) -> 0 perm (0, 1, 3, 2)
   glue (1, 3) -> 0 perm (0, 1, 3, 2)
   glue (2, 0) -> 1 perm (0, 2, 3, 1)
   glue (2, 1) -> 1 perm (0, 1, 2, 3)
   glue (2, 2) -> 3 perm (0, 1, 3, 2)
   glue (2, 3) -> 3 perm (0, 1, 3, 2)
   glue (3, 0) -> 0 perm (0, 3, 1, 2)
   glue (3, 1) -> 0 perm (0, 1, 2, 3)
   glue (3, 2) -> 2 perm (0, 1, 3, 2)
   glue (3, 3) -> 2 perm (0, 1, 3, 2)
FOUND (2, 6, 8, 4) H1: [] 0
FOUND (2, 6, 8, 4) H1: [2] 0
=== RP3 CANDIDATE ===
   glue (0, 0) -> 3 perm (0, 3, 1, 2)
   glue (0, 1) -> 3 perm (0, 1, 2, 3)
   glue (0, 2) -> 1 perm (0, 1, 3, 2)
   glue (0, 3) -> 1 perm (0, 1, 3, 2)
   glue (1, 0) -> 2 perm (0, 2, 3, 1)
   glue (1, 1) -> 2 perm (0, 1, 2, 3)
   glue (1, 2) -> 0 perm (0, 1, 3, 2)
   glue (1, 3) -> 0 perm (0, 1, 3, 2)
   glue (2, 0) -> 1 perm (0, 3, 1, 2)
   glue (2, 1) -> 1 perm (0, 1, 2, 3)
   glue (2, 2) -> 3 perm (0, 1, 3, 2)
   glue (2, 3) -> 3 perm (0, 1, 3, 2)
   glue (3, 0) -> 0 perm (0, 2, 3, 1)
   glue (3, 1) -> 0 perm (0, 1, 2, 3)
   glue (3, 2) -> 2 perm (0, 1, 3, 2)
   glue (3, 3) -> 2 perm (0, 1, 3, 2)
FOUND (2, 6, 8, 4) H1: [] 0
FOUND (2, 6, 8, 4) H1: [] 0
FOUND (2, 6, 8, 4) H1: [] 0
FOUND (4, 8, 8, 4) H1: [] 0
FOUND (2, 6, 8, 4) H1: [] 0
FOUND (2, 6, 8, 4) H1: [] 0
FOUND (2, 6, 8, 4) H1: [] 0
FOUND (2, 6, 8, 4) H1: [] 0
FOUND (2, 6, 8, 4) H1: [2] 0
=== RP3 CANDIDATE ===
   glue (0, 0) -> 3 perm (0, 2, 1, 3)
   glue (0, 1) -> 3 perm (0, 1, 3, 2)
   glue (0, 2) -> 1 perm (0, 1, 3, 2)
   glue (0, 3) -> 1 perm (0, 1, 3, 2)
   glue (1, 0) -> 2 perm (0, 3, 2, 1)
   glue (1, 1) -> 2 perm (0, 1, 3, 2)
   glue (1, 2) -> 0 perm (0, 1, 3, 2)
   glue (1, 3) -> 0 perm (0, 1, 3, 2)
   glue (2, 0) -> 1 perm (0, 3, 2, 1)
   glue (2, 1) -> 1 perm (0, 1, 3, 2)
   glue (2, 2) -> 3 perm (0, 1, 3, 2)
   glue (2, 3) -> 3 perm (0, 1, 3, 2)
   glue (3, 0) -> 0 perm (0, 2, 1, 3)
   glue (3, 1) -> 0 perm (0, 1, 3, 2)
   glue (3, 2) -> 2 perm (0, 1, 3, 2)
   glue (3, 3) -> 2 perm (0, 1, 3, 2)
FOUND (2, 6, 8, 4) H1: [] 0
FOUND (2, 6, 8, 4) H1: [2] 0
=== RP3 CANDIDATE ===
   glue (0, 0) -> 3 perm (0, 3, 2, 1)
   glue (0, 1) -> 3 perm (0, 1, 3, 2)
   glue (0, 2) -> 1 perm (0, 1, 3, 2)
   glue (0, 3) -> 1 perm (0, 1, 3, 2)
   glue (1, 0) -> 2 perm (0, 2, 1, 3)
   glue (1, 1) -> 2 perm (0, 1, 3, 2)
   glue (1, 2) -> 0 perm (0, 1, 3, 2)
   glue (1, 3) -> 0 perm (0, 1, 3, 2)
   glue (2, 0) -> 1 perm (0, 2, 1, 3)
   glue (2, 1) -> 1 perm (0, 1, 3, 2)
   glue (2, 2) -> 3 perm (0, 1, 3, 2)
   glue (2, 3) -> 3 perm (0, 1, 3, 2)
   glue (3, 0) -> 0 perm (0, 3, 2, 1)
   glue (3, 1) -> 0 perm (0, 1, 3, 2)
   glue (3, 2) -> 2 perm (0, 1, 3, 2)
   glue (3, 3) -> 2 perm (0, 1, 3, 2)
FOUND (2, 6, 8, 4) H1: [] 0
FOUND (2, 6, 8, 4) H1: [] 0
FOUND (2, 6, 8, 4) H1: [] 0
FOUND (2, 6, 8, 4) H1: [] 0
FOUND (2, 6, 8, 4) H1: [] 0
FOUND (2, 6, 8, 4) H1: [2] 0
=== RP3 CANDIDATE ===
   glue (0, 0) -> 3 perm (0, 1, 3, 2)
   glue (0, 1) -> 3 perm (2, 1, 0, 3)
   glue (0, 2) -> 1 perm (0, 1, 3, 2)
   glue (0, 3) -> 1 perm (0, 1, 3, 2)
   glue (1, 0) -> 2 perm (0, 1, 3, 2)
   glue (1, 1) -> 2 perm (3, 1, 2, 0)
   glue (1, 2) -> 0 perm (0, 1, 3, 2)
   glue (1, 3) -> 0 perm (0, 1, 3, 2)
   glue (2, 0) -> 1 perm (0, 1, 3, 2)
   glue (2, 1) -> 1 perm (3, 1, 2, 0)
   glue (2, 2) -> 3 perm (0, 1, 3, 2)
   glue (2, 3) -> 3 perm (0, 1, 3, 2)
   glue (3, 0) -> 0 perm (0, 1, 3, 2)
   glue (3, 1) -> 0 perm (2, 1, 0, 3)
   glue (3, 2) -> 2 perm (0, 1, 3, 2)
   glue (3, 3) -> 2 perm (0, 1, 3, 2)
FOUND (2, 6, 8, 4) H1: [2] 0
=== RP3 CANDIDATE ===
   glue (0, 0) -> 3 perm (0, 3, 2, 1)
   glue (0, 1) -> 3 perm (2, 1, 0, 3)
   glue (0, 2) -> 1 perm (0, 1, 3, 2)
   glue (0, 3) -> 1 perm (0, 1, 3, 2)
   glue (1, 0) -> 2 perm (0, 2, 1, 3)
   glue (1, 1) -> 2 perm (3, 1, 2, 0)
   glue (1, 2) -> 0 perm (0, 1, 3, 2)
   glue (1, 3) -> 0 perm (0, 1, 3, 2)
   glue (2, 0) -> 1 perm (0, 2, 1, 3)
   glue (2, 1) -> 1 perm (3, 1, 2, 0)
   glue (2, 2) -> 3 perm (0, 1, 3, 2)
   glue (2, 3) -> 3 perm (0, 1, 3, 2)
   glue (3, 0) -> 0 perm (0, 3, 2, 1)
   glue (3, 1) -> 0 perm (2, 1, 0, 3)
   glue (3, 2) -> 2 perm (0, 1, 3, 2)
   glue (3, 3) -> 2 perm (0, 1, 3, 2)
FOUND (2, 6, 8, 4) H1: [] 0
FOUND (2, 6, 8, 4) H1: [] 0
FOUND (2, 6, 8, 4) H1: [2] 0
=== RP3 CANDIDATE ===
   glue (0, 0) -> 3 perm (0, 1, 2, 3)
   glue (0, 1) -> 3 perm (2, 1, 3, 0)
   glue (0, 2) -> 1 perm (0, 1, 3, 2)
   glue (0, 3) -> 1 perm (0, 1, 3, 2)
   glue (1, 0) -> 2 perm (0, 1, 2, 3)
   glue (1, 1) -> 2 perm (3, 1, 0, 2)
   glue (1, 2) -> 0 perm (0, 1, 3, 2)
   glue (1, 3) -> 0 perm (0, 1, 3, 2)
   glue (2, 0) -> 1 perm (0, 1, 2, 3)
   glue (2, 1) -> 1 perm (2, 1, 3, 0)
   glue (2, 2) -> 3 perm (0, 1, 3, 2)
   glue (2, 3) -> 3 perm (0, 1, 3, 2)
   glue (3, 0) -> 0 perm (0, 1, 2, 3)
   glue (3, 1) -> 0 perm (3, 1, 0, 2)
   glue (3, 2) -> 2 perm (0, 1, 3, 2)
   glue (3, 3) -> 2 perm (0, 1, 3, 2)
FOUND (2, 6, 8, 4) H1: [2] 0
=== RP3 CANDIDATE ===
   glue (0, 0) -> 3 perm (0, 3, 1, 2)
   glue (0, 1) -> 3 perm (2, 1, 3, 0)
   glue (0, 2) -> 1 perm (0, 1, 3, 2)
   glue (0, 3) -> 1 perm (0, 1, 3, 2)
   glue (1, 0) -> 2 perm (0, 2, 3, 1)
   glue (1, 1) -> 2 perm (3, 1, 0, 2)
   glue (1, 2) -> 0 perm (0, 1, 3, 2)
   glue (1, 3) -> 0 perm (0, 1, 3, 2)
   glue (2, 0) -> 1 perm (0, 3, 1, 2)
   glue (2, 1) -> 1 perm (2, 1, 3, 0)
   glue (2, 2) -> 3 perm (0, 1, 3, 2)
   glue (2, 3) -> 3 perm (0, 1, 3, 2)
   glue (3, 0) -> 0 perm (0, 2, 3, 1)
   glue (3, 1) -> 0 perm (3, 1, 0, 2)
   glue (3, 2) -> 2 perm (0, 1, 3, 2)
   glue (3, 3) -> 2 perm (0, 1, 3, 2)
FOUND (2, 6, 8, 4) H1: [] 0
FOUND (2, 6, 8, 4) H1: [2] 0
=== RP3 CANDIDATE ===
   glue (0, 0) -> 3 perm (0, 1, 2, 3)
   glue (0, 1) -> 3 perm (3, 1, 0, 2)
   glue (0, 2) -> 1 perm (0, 1, 3, 2)
   glue (0, 3) -> 1 perm (0, 1, 3, 2)
   glue (1, 0) -> 2 perm (0, 1, 2, 3)
   glue (1, 1) -> 2 perm (2, 1, 3, 0)
   glue (1, 2) -> 0 perm (0, 1, 3, 2)
   glue (1, 3) -> 0 perm (0, 1, 3, 2)
   glue (2, 0) -> 1 perm (0, 1, 2, 3)
   glue (2, 1) -> 1 perm (3, 1, 0, 2)
   glue (2, 2) -> 3 perm (0, 1, 3, 2)
   glue (2, 3) -> 3 perm (0, 1, 3, 2)
   glue (3, 0) -> 0 perm (0, 1, 2, 3)
   glue (3, 1) -> 0 perm (2, 1, 3, 0)
   glue (3, 2) -> 2 perm (0, 1, 3, 2)
   glue (3, 3) -> 2 perm (0, 1, 3, 2)
FOUND (2, 6, 8, 4) H1: [2] 0
=== RP3 CANDIDATE ===
   glue (0, 0) -> 3 perm (0, 2, 3, 1)
   glue (0, 1) -> 3 perm (3, 1, 0, 2)
   glue (0, 2) -> 1 perm (0, 1, 3, 2)
   glue (0, 3) -> 1 perm (0, 1, 3, 2)
   glue (1, 0) -> 2 perm (0, 3, 1, 2)
   glue (1, 1) -> 2 perm (2, 1, 3, 0)
   glue (1, 2) -> 0 perm (0, 1, 3, 2)
   glue (1, 3) -> 0 perm (0, 1, 3, 2)
   glue (2, 0) -> 1 perm (0, 2, 3, 1)
   glue (2, 1) -> 1 perm (3, 1, 0, 2)
   glue (2, 2) -> 3 perm (0, 1, 3, 2)
   glue (2, 3) -> 3 perm (0, 1, 3, 2)
   glue (3, 0) -> 0 perm (0, 3, 1, 2)
   glue (3, 1) -> 0 perm (2, 1, 3, 0)
   glue (3, 2) -> 2 perm (0, 1, 3, 2)
   glue (3, 3) -> 2 perm (0, 1, 3, 2)
FOUND (2, 6, 8, 4) H1: [] 0
FOUND (2, 6, 8, 4) H1: [] 0
FOUND (2, 6, 8, 4) H1: [2] 0
=== RP3 CANDIDATE ===
   glue (0, 0) -> 3 perm (0, 1, 3, 2)
   glue (0, 1) -> 3 perm (3, 1, 2, 0)
   glue (0, 2) -> 1 perm (0, 1, 3, 2)
   glue (0, 3) -> 1 perm (0, 1, 3, 2)
   glue (1, 0) -> 2 perm (0, 1, 3, 2)
   glue (1, 1) -> 2 perm (2, 1, 0, 3)
   glue (1, 2) -> 0 perm (0, 1, 3, 2)
   glue (1, 3) -> 0 perm (0, 1, 3, 2)
   glue (2, 0) -> 1 perm (0, 1, 3, 2)
   glue (2, 1) -> 1 perm (2, 1, 0, 3)
   glue (2, 2) -> 3 perm (0, 1, 3, 2)
   glue (2, 3) -> 3 perm (0, 1, 3, 2)
   glue (3, 0) -> 0 perm (0, 1, 3, 2)
   glue (3, 1) -> 0 perm (3, 1, 2, 0)
   glue (3, 2) -> 2 perm (0, 1, 3, 2)
   glue (3, 3) -> 2 perm (0, 1, 3, 2)
FOUND (2, 6, 8, 4) H1: [2] 0
=== RP3 CANDIDATE ===
   glue (0, 0) -> 3 perm (0, 2, 1, 3)
   glue (0, 1) -> 3 perm (3, 1, 2, 0)
   glue (0, 2) -> 1 perm (0, 1, 3, 2)
   glue (0, 3) -> 1 perm (0, 1, 3, 2)
   glue (1, 0) -> 2 perm (0, 3, 2, 1)
   glue (1, 1) -> 2 perm (2, 1, 0, 3)
   glue (1, 2) -> 0 perm (0, 1, 3, 2)
   glue (1, 3) -> 0 perm (0, 1, 3, 2)
   glue (2, 0) -> 1 perm (0, 3, 2, 1)
   glue (2, 1) -> 1 perm (2, 1, 0, 3)
   glue (2, 2) -> 3 perm (0, 1, 3, 2)
   glue (2, 3) -> 3 perm (0, 1, 3, 2)
   glue (3, 0) -> 0 perm (0, 2, 1, 3)
   glue (3, 1) -> 0 perm (3, 1, 2, 0)
   glue (3, 2) -> 2 perm (0, 1, 3, 2)
   glue (3, 3) -> 2 perm (0, 1, 3, 2)
FOUND (2, 6, 8, 4) H1: [] 0
FOUND (2, 6, 8, 4) H1: [] 0
FOUND (2, 6, 8, 4) H1: [] 0
FOUND (2, 6, 8, 4) H1: [] 0
FOUND (2, 6, 8, 4) H1: [] 0
FOUND (2, 6, 8, 4) H1: [2] 0
=== RP3 CANDIDATE ===
   glue (0, 0) -> 3 perm (0, 1, 2, 3)
   glue (0, 1) -> 3 perm (0, 1, 2, 3)
   glue (0, 2) -> 1 perm (0, 1, 3, 2)
   glue (0, 3) -> 1 perm (0, 1, 3, 2)
   glue (1, 0) -> 2 perm (0, 3, 2, 1)
   glue (1, 1) -> 2 perm (2, 1, 0, 3)
   glue (1, 2) -> 0 perm (0, 1, 3, 2)
   glue (1, 3) -> 0 perm (0, 1, 3, 2)
   glue (2, 0) -> 1 perm (0, 3, 2, 1)
   glue (2, 1) -> 1 perm (2, 1, 0, 3)
   glue (2, 2) -> 3 perm (0, 2, 3, 1)
   glue (2, 3) -> 3 perm (3, 1, 0, 2)
   glue (3, 0) -> 0 perm (0, 1, 2, 3)
   glue (3, 1) -> 0 perm (0, 1, 2, 3)
   glue (3, 2) -> 2 perm (2, 1, 3, 0)
   glue (3, 3) -> 2 perm (0, 3, 1, 2)
FOUND (2, 6, 8, 4) H1: [2] 0
=== RP3 CANDIDATE ===
   glue (0, 0) -> 3 perm (0, 1, 3, 2)
   glue (0, 1) -> 3 perm (0, 1, 3, 2)
   glue (0, 2) -> 1 perm (0, 1, 3, 2)
   glue (0, 3) -> 1 perm (0, 1, 3, 2)
   glue (1, 0) -> 2 perm (0, 3, 1, 2)
   glue (1, 1) -> 2 perm (2, 1, 3, 0)
   glue (1, 2) -> 0 perm (0, 1, 3, 2)
   glue (1, 3) -> 0 perm (0, 1, 3, 2)
   glue (2, 0) -> 1 perm (0, 2, 3, 1)
   glue (2, 1) -> 1 perm (3, 1, 0, 2)
   glue (2, 2) -> 3 perm (0, 2, 3, 1)
   glue (2, 3) -> 3 perm (3, 1, 0, 2)
   glue (3, 0) -> 0 perm (0, 1, 3, 2)
   glue (3, 1) -> 0 perm (0, 1, 3, 2)
   glue (3, 2) -> 2 perm (2, 1, 3, 0)
   glue (3, 3) -> 2 perm (0, 3, 1, 2)
FOUND (2, 6, 8, 4) H1: [] 1
FOUND (2, 6, 8, 4) H1: [] 1
FOUND (2, 6, 8, 4) H1: [2] 0
=== RP3 CANDIDATE ===
   glue (0, 0) -> 3 perm (0, 1, 2, 3)
   glue (0, 1) -> 3 perm (0, 1, 2, 3)
   glue (0, 2) -> 1 perm (0, 1, 3, 2)
   glue (0, 3) -> 1 perm (0, 1, 3, 2)
   glue (1, 0) -> 2 perm (0, 1, 3, 2)
   glue (1, 1) -> 2 perm (0, 1, 3, 2)
   glue (1, 2) -> 0 perm (0, 1, 3, 2)
   glue (1, 3) -> 0 perm (0, 1, 3, 2)
   glue (2, 0) -> 1 perm (0, 1, 3, 2)
   glue (2, 1) -> 1 perm (0, 1, 3, 2)
   glue (2, 2) -> 3 perm (1, 0, 3, 2)
   glue (2, 3) -> 3 perm (1, 0, 3, 2)
   glue (3, 0) -> 0 perm (0, 1, 2, 3)
   glue (3, 1) -> 0 perm (0, 1, 2, 3)
   glue (3, 2) -> 2 perm (1, 0, 3, 2)
   glue (3, 3) -> 2 perm (1, 0, 3, 2)
FOUND (2, 6, 8, 4) H1: [2] 0
=== RP3 CANDIDATE ===
   glue (0, 0) -> 3 perm (0, 1, 3, 2)
   glue (0, 1) -> 3 perm (0, 1, 3, 2)
   glue (0, 2) -> 1 perm (0, 1, 3, 2)
   glue (0, 3) -> 1 perm (0, 1, 3, 2)
   glue (1, 0) -> 2 perm (0, 1, 2, 3)
   glue (1, 1) -> 2 perm (0, 1, 2, 3)
   glue (1, 2) -> 0 perm (0, 1, 3, 2)
   glue (1, 3) -> 0 perm (0, 1, 3, 2)
   glue (2, 0) -> 1 perm (0, 1, 2, 3)
   glue (2, 1) -> 1 perm (0, 1, 2, 3)
   glue (2, 2) -> 3 perm (1, 0, 3, 2)
   glue (2, 3) -> 3 perm (1, 0, 3, 2)
   glue (3, 0) -> 0 perm (0, 1, 3, 2)
   glue (3, 1) -> 0 perm (0, 1, 3, 2)
   glue (3, 2) -> 2 perm (1, 0, 3, 2)
   glue (3, 3) -> 2 perm (1, 0, 3, 2)
FOUND (1, 5, 8, 4) H1: [2, 2] 0
FOUND (1, 5, 8, 4) H1: [2, 2] 0
FOUND (1, 5, 8, 4) H1: [2, 2] 0
FOUND (1, 5, 8, 4) H1: [2, 2] 0
FOUND (2, 6, 8, 4) H1: [] 0
FOUND (2, 6, 8, 4) H1: [] 0
FOUND (1, 5, 8, 4) H1: [2, 2] 0
FOUND (1, 5, 8, 4) H1: [2, 2] 0
FOUND (1, 5, 8, 4) H1: [2] 1
=== RP3 CANDIDATE ===
   glue (0, 0) -> 3 perm (0, 3, 2, 1)
   glue (0, 1) -> 3 perm (2, 1, 0, 3)
   glue (0, 2) -> 1 perm (0, 1, 3, 2)
   glue (0, 3) -> 1 perm (0, 1, 3, 2)
   glue (1, 0) -> 2 perm (0, 1, 3, 2)
   glue (1, 1) -> 2 perm (0, 1, 3, 2)
   glue (1, 2) -> 0 perm (0, 1, 3, 2)
   glue (1, 3) -> 0 perm (0, 1, 3, 2)
   glue (2, 0) -> 1 perm (0, 1, 3, 2)
   glue (2, 1) -> 1 perm (0, 1, 3, 2)
   glue (2, 2) -> 3 perm (1, 2, 3, 0)
   glue (2, 3) -> 3 perm (3, 0, 1, 2)
   glue (3, 0) -> 0 perm (0, 3, 2, 1)
   glue (3, 1) -> 0 perm (2, 1, 0, 3)
   glue (3, 2) -> 2 perm (1, 2, 3, 0)
   glue (3, 3) -> 2 perm (3, 0, 1, 2)
FOUND (1, 5, 8, 4) H1: [2] 1
=== RP3 CANDIDATE ===
   glue (0, 0) -> 3 perm (0, 3, 1, 2)
   glue (0, 1) -> 3 perm (2, 1, 3, 0)
   glue (0, 2) -> 1 perm (0, 1, 3, 2)
   glue (0, 3) -> 1 perm (0, 1, 3, 2)
   glue (1, 0) -> 2 perm (0, 1, 2, 3)
   glue (1, 1) -> 2 perm (0, 1, 2, 3)
   glue (1, 2) -> 0 perm (0, 1, 3, 2)
   glue (1, 3) -> 0 perm (0, 1, 3, 2)
   glue (2, 0) -> 1 perm (0, 1, 2, 3)
   glue (2, 1) -> 1 perm (0, 1, 2, 3)
   glue (2, 2) -> 3 perm (1, 2, 3, 0)
   glue (2, 3) -> 3 perm (3, 0, 1, 2)
   glue (3, 0) -> 0 perm (0, 2, 3, 1)
   glue (3, 1) -> 0 perm (3, 1, 0, 2)
   glue (3, 2) -> 2 perm (1, 2, 3, 0)
   glue (3, 3) -> 2 perm (3, 0, 1, 2)
FOUND (2, 6, 8, 4) H1: [] 0
FOUND (2, 6, 8, 4) H1: [] 0
FOUND (1, 5, 8, 4) H1: [2, 2] 0
FOUND (1, 5, 8, 4) H1: [2, 2] 0
FOUND (1, 5, 8, 4) H1: [2] 1
=== RP3 CANDIDATE ===
   glue (0, 0) -> 3 perm (0, 2, 3, 1)
   glue (0, 1) -> 3 perm (3, 1, 0, 2)
   glue (0, 2) -> 1 perm (0, 1, 3, 2)
   glue (0, 3) -> 1 perm (0, 1, 3, 2)
   glue (1, 0) -> 2 perm (0, 1, 2, 3)
   glue (1, 1) -> 2 perm (0, 1, 2, 3)
   glue (1, 2) -> 0 perm (0, 1, 3, 2)
   glue (1, 3) -> 0 perm (0, 1, 3, 2)
   glue (2, 0) -> 1 perm (0, 1, 2, 3)
   glue (2, 1) -> 1 perm (0, 1, 2, 3)
   glue (2, 2) -> 3 perm (2, 0, 3, 1)
   glue (2, 3) -> 3 perm (1, 3, 0, 2)
   glue (3, 0) -> 0 perm (0, 3, 1, 2)
   glue (3, 1) -> 0 perm (2, 1, 3, 0)
   glue (3, 2) -> 2 perm (2, 0, 3, 1)
   glue (3, 3) -> 2 perm (1, 3, 0, 2)
FOUND (1, 5, 8, 4) H1: [2] 1
=== RP3 CANDIDATE ===
   glue (0, 0) -> 3 perm (0, 2, 1, 3)
   glue (0, 1) -> 3 perm (3, 1, 2, 0)
   glue (0, 2) -> 1 perm (0, 1, 3, 2)
   glue (0, 3) -> 1 perm (0, 1, 3, 2)
   glue (1, 0) -> 2 perm (0, 1, 3, 2)
   glue (1, 1) -> 2 perm (0, 1, 3, 2)
   glue (1, 2) -> 0 perm (0, 1, 3, 2)
   glue (1, 3) -> 0 perm (0, 1, 3, 2)
   glue (2, 0) -> 1 perm (0, 1, 3, 2)
   glue (2, 1) -> 1 perm (0, 1, 3, 2)
   glue (2, 2) -> 3 perm (2, 0, 3, 1)
   glue (2, 3) -> 3 perm (1, 3, 0, 2)
   glue (3, 0) -> 0 perm (0, 2, 1, 3)
   glue (3, 1) -> 0 perm (3, 1, 2, 0)
   glue (3, 2) -> 2 perm (2, 0, 3, 1)
   glue (3, 3) -> 2 perm (1, 3, 0, 2)
FOUND (2, 6, 8, 4) H1: [2] 0
=== RP3 CANDIDATE ===
   glue (0, 0) -> 3 perm (0, 1, 2, 3)
   glue (0, 1) -> 3 perm (0, 1, 2, 3)
   glue (0, 2) -> 1 perm (0, 1, 3, 2)
   glue (0, 3) -> 1 perm (0, 1, 3, 2)
   glue (1, 0) -> 2 perm (0, 2, 1, 3)
   glue (1, 1) -> 2 perm (3, 1, 2, 0)
   glue (1, 2) -> 0 perm (0, 1, 3, 2)
   glue (1, 3) -> 0 perm (0, 1, 3, 2)
   glue (2, 0) -> 1 perm (0, 2, 1, 3)
   glue (2, 1) -> 1 perm (3, 1, 2, 0)
   glue (2, 2) -> 3 perm (2, 1, 3, 0)
   glue (2, 3) -> 3 perm (0, 3, 1, 2)
   glue (3, 0) -> 0 perm (0, 1, 2, 3)
   glue (3, 1) -> 0 perm (0, 1, 2, 3)
   glue (3, 2) -> 2 perm (0, 2, 3, 1)
   glue (3, 3) -> 2 perm (3, 1, 0, 2)
FOUND (2, 6, 8, 4) H1: [2] 0
=== RP3 CANDIDATE ===
   glue (0, 0) -> 3 perm (0, 1, 3, 2)
   glue (0, 1) -> 3 perm (0, 1, 3, 2)
   glue (0, 2) -> 1 perm (0, 1, 3, 2)
   glue (0, 3) -> 1 perm (0, 1, 3, 2)
   glue (1, 0) -> 2 perm (0, 2, 3, 1)
   glue (1, 1) -> 2 perm (3, 1, 0, 2)
   glue (1, 2) -> 0 perm (0, 1, 3, 2)
   glue (1, 3) -> 0 perm (0, 1, 3, 2)
   glue (2, 0) -> 1 perm (0, 3, 1, 2)
   glue (2, 1) -> 1 perm (2, 1, 3, 0)
   glue (2, 2) -> 3 perm (2, 1, 3, 0)
   glue (2, 3) -> 3 perm (0, 3, 1, 2)
   glue (3, 0) -> 0 perm (0, 1, 3, 2)
   glue (3, 1) -> 0 perm (0, 1, 3, 2)
   glue (3, 2) -> 2 perm (0, 2, 3, 1)
   glue (3, 3) -> 2 perm (3, 1, 0, 2)
FOUND (2, 6, 8, 4) H1: [2] 0
=== RP3 CANDIDATE ===
   glue (0, 0) -> 3 perm (0, 3, 2, 1)
   glue (0, 1) -> 3 perm (2, 1, 0, 3)
   glue (0, 2) -> 1 perm (0, 1, 3, 2)
   glue (0, 3) -> 1 perm (0, 1, 3, 2)
   glue (1, 0) -> 2 perm (0, 1, 2, 3)
   glue (1, 1) -> 2 perm (0, 1, 2, 3)
   glue (1, 2) -> 0 perm (0, 1, 3, 2)
   glue (1, 3) -> 0 perm (0, 1, 3, 2)
   glue (2, 0) -> 1 perm (0, 1, 2, 3)
   glue (2, 1) -> 1 perm (0, 1, 2, 3)
   glue (2, 2) -> 3 perm (2, 1, 3, 0)
   glue (2, 3) -> 3 perm (0, 3, 1, 2)
   glue (3, 0) -> 0 perm (0, 3, 2, 1)
   glue (3, 1) -> 0 perm (2, 1, 0, 3)
   glue (3, 2) -> 2 perm (0, 2, 3, 1)
   glue (3, 3) -> 2 perm (3, 1, 0, 2)
FOUND (2, 6, 8, 4) H1: [] 1
FOUND (2, 6, 8, 4) H1: [] 0
FOUND (2, 6, 8, 4) H1: [] 0
FOUND (2, 6, 8, 4) H1: [] 0
FOUND (2, 6, 8, 4) H1: [2] 0
=== RP3 CANDIDATE ===
   glue (0, 0) -> 3 perm (0, 1, 3, 2)
   glue (0, 1) -> 3 perm (0, 1, 3, 2)
   glue (0, 2) -> 1 perm (0, 1, 3, 2)
   glue (0, 3) -> 1 perm (1, 3, 0, 2)
   glue (1, 0) -> 2 perm (0, 1, 3, 2)
   glue (1, 1) -> 2 perm (0, 1, 3, 2)
   glue (1, 2) -> 0 perm (2, 0, 3, 1)
   glue (1, 3) -> 0 perm (0, 1, 3, 2)
   glue (2, 0) -> 1 perm (0, 1, 3, 2)
   glue (2, 1) -> 1 perm (0, 1, 3, 2)
   glue (2, 2) -> 3 perm (0, 1, 3, 2)
   glue (2, 3) -> 3 perm (3, 0, 1, 2)
   glue (3, 0) -> 0 perm (0, 1, 3, 2)
   glue (3, 1) -> 0 perm (0, 1, 3, 2)
   glue (3, 2) -> 2 perm (1, 2, 3, 0)
   glue (3, 3) -> 2 perm (0, 1, 3, 2)
FOUND (2, 6, 8, 4) H1: [] 0
FOUND (2, 6, 8, 4) H1: [2] 0
=== RP3 CANDIDATE ===
   glue (0, 0) -> 3 perm (0, 1, 2, 3)
   glue (0, 1) -> 3 perm (0, 1, 2, 3)
   glue (0, 2) -> 1 perm (0, 1, 3, 2)
   glue (0, 3) -> 1 perm (1, 3, 0, 2)
   glue (1, 0) -> 2 perm (0, 1, 2, 3)
   glue (1, 1) -> 2 perm (0, 1, 2, 3)
   glue (1, 2) -> 0 perm (2, 0, 3, 1)
   glue (1, 3) -> 0 perm (0, 1, 3, 2)
   glue (2, 0) -> 1 perm (0, 1, 2, 3)
   glue (2, 1) -> 1 perm (0, 1, 2, 3)
   glue (2, 2) -> 3 perm (2, 0, 3, 1)
   glue (2, 3) -> 3 perm (0, 1, 3, 2)
   glue (3, 0) -> 0 perm (0, 1, 2, 3)
   glue (3, 1) -> 0 perm (0, 1, 2, 3)
   glue (3, 2) -> 2 perm (0, 1, 3, 2)
   glue (3, 3) -> 2 perm (1, 3, 0, 2)
FOUND (2, 6, 8, 4) H1: [] 0
FOUND (2, 6, 8, 4) H1: [] 0
FOUND (2, 6, 8, 4) H1: [2] 0
=== RP3 CANDIDATE ===
   glue (0, 0) -> 3 perm (0, 1, 3, 2)
   glue (0, 1) -> 3 perm (0, 1, 3, 2)
   glue (0, 2) -> 1 perm (0, 1, 3, 2)
   glue (0, 3) -> 1 perm (3, 0, 1, 2)
   glue (1, 0) -> 2 perm (0, 1, 3, 2)
   glue (1, 1) -> 2 perm (0, 1, 3, 2)
   glue (1, 2) -> 0 perm (1, 2, 3, 0)
   glue (1, 3) -> 0 perm (0, 1, 3, 2)
   glue (2, 0) -> 1 perm (0, 1, 3, 2)
   glue (2, 1) -> 1 perm (0, 1, 3, 2)
   glue (2, 2) -> 3 perm (0, 1, 3, 2)
   glue (2, 3) -> 3 perm (1, 3, 0, 2)
   glue (3, 0) -> 0 perm (0, 1, 3, 2)
   glue (3, 1) -> 0 perm (0, 1, 3, 2)
   glue (3, 2) -> 2 perm (2, 0, 3, 1)
   glue (3, 3) -> 2 perm (0, 1, 3, 2)
FOUND (2, 6, 8, 4) H1: [] 0
FOUND (2, 6, 8, 4) H1: [2] 0
=== RP3 CANDIDATE ===
   glue (0, 0) -> 3 perm (0, 1, 2, 3)
   glue (0, 1) -> 3 perm (0, 1, 2, 3)
   glue (0, 2) -> 1 perm (0, 1, 3, 2)
   glue (0, 3) -> 1 perm (3, 0, 1, 2)
   glue (1, 0) -> 2 perm (0, 1, 2, 3)
   glue (1, 1) -> 2 perm (0, 1, 2, 3)
   glue (1, 2) -> 0 perm (1, 2, 3, 0)
   glue (1, 3) -> 0 perm (0, 1, 3, 2)
   glue (2, 0) -> 1 perm (0, 1, 2, 3)
   glue (2, 1) -> 1 perm (0, 1, 2, 3)
   glue (2, 2) -> 3 perm (1, 2, 3, 0)
   glue (2, 3) -> 3 perm (0, 1, 3, 2)
   glue (3, 0) -> 0 perm (0, 1, 2, 3)
   glue (3, 1) -> 0 perm (0, 1, 2, 3)
   glue (3, 2) -> 2 perm (0, 1, 3, 2)
   glue (3, 3) -> 2 perm (3, 0, 1, 2)
FOUND (2, 6, 8, 4) H1: [] 0
FOUND (2, 6, 8, 4) H1: [2] 0
=== RP3 CANDIDATE ===
   glue (0, 0) -> 3 perm (0, 1, 3, 2)
   glue (0, 1) -> 3 perm (0, 1, 3, 2)
   glue (0, 2) -> 1 perm (0, 2, 3, 1)
   glue (0, 3) -> 1 perm (1, 0, 3, 2)
   glue (1, 0) -> 2 perm (0, 1, 3, 2)
   glue (1, 1) -> 2 perm (0, 1, 3, 2)
   glue (1, 2) -> 0 perm (1, 0, 3, 2)
   glue (1, 3) -> 0 perm (0, 3, 1, 2)
   glue (2, 0) -> 1 perm (0, 1, 3, 2)
   glue (2, 1) -> 1 perm (0, 1, 3, 2)
   glue (2, 2) -> 3 perm (0, 2, 3, 1)
   glue (2, 3) -> 3 perm (1, 0, 3, 2)
   glue (3, 0) -> 0 perm (0, 1, 3, 2)
   glue (3, 1) -> 0 perm (0, 1, 3, 2)
   glue (3, 2) -> 2 perm (1, 0, 3, 2)
   glue (3, 3) -> 2 perm (0, 3, 1, 2)
FOUND (2, 6, 8, 4) H1: [2] 0
=== RP3 CANDIDATE ===
   glue (0, 0) -> 3 perm (0, 1, 2, 3)
   glue (0, 1) -> 3 perm (0, 1, 2, 3)
   glue (0, 2) -> 1 perm (0, 2, 3, 1)
   glue (0, 3) -> 1 perm (1, 0, 3, 2)
   glue (1, 0) -> 2 perm (0, 1, 2, 3)
   glue (1, 1) -> 2 perm (0, 1, 2, 3)
   glue (1, 2) -> 0 perm (1, 0, 3, 2)
   glue (1, 3) -> 0 perm (0, 3, 1, 2)
   glue (2, 0) -> 1 perm (0, 1, 2, 3)
   glue (2, 1) -> 1 perm (0, 1, 2, 3)
   glue (2, 2) -> 3 perm (1, 0, 3, 2)
   glue (2, 3) -> 3 perm (0, 3, 1, 2)
   glue (3, 0) -> 0 perm (0, 1, 2, 3)
   glue (3, 1) -> 0 perm (0, 1, 2, 3)
   glue (3, 2) -> 2 perm (0, 2, 3, 1)
   glue (3, 3) -> 2 perm (1, 0, 3, 2)
FOUND (2, 6, 8, 4) H1: [] 0
FOUND (2, 6, 8, 4) H1: [] 0
FOUND (2, 6, 8, 4) H1: [] 0
FOUND (2, 6, 8, 4) H1: [] 0
FOUND (2, 6, 8, 4) H1: [2] 0
=== RP3 CANDIDATE ===
   glue (0, 0) -> 3 perm (0, 1, 2, 3)
   glue (0, 1) -> 3 perm (0, 1, 2, 3)
   glue (0, 2) -> 1 perm (0, 2, 3, 1)
   glue (0, 3) -> 1 perm (3, 1, 0, 2)
   glue (1, 0) -> 2 perm (0, 2, 1, 3)
   glue (1, 1) -> 2 perm (3, 1, 2, 0)
   glue (1, 2) -> 0 perm (2, 1, 3, 0)
   glue (1, 3) -> 0 perm (0, 3, 1, 2)
   glue (2, 0) -> 1 perm (0, 2, 1, 3)
   glue (2, 1) -> 1 perm (3, 1, 2, 0)
   glue (2, 2) -> 3 perm (0, 1, 3, 2)
   glue (2, 3) -> 3 perm (0, 1, 3, 2)
   glue (3, 0) -> 0 perm (0, 1, 2, 3)
   glue (3, 1) -> 0 perm (0, 1, 2, 3)
   glue (3, 2) -> 2 perm (0, 1, 3, 2)
   glue (3, 3) -> 2 perm (0, 1, 3, 2)
FOUND (2, 6, 8, 4) H1: [2] 0
=== RP3 CANDIDATE ===
   glue (0, 0) -> 3 perm (0, 1, 3, 2)
   glue (0, 1) -> 3 perm (0, 1, 3, 2)
   glue (0, 2) -> 1 perm (0, 2, 3, 1)
   glue (0, 3) -> 1 perm (3, 1, 0, 2)
   glue (1, 0) -> 2 perm (0, 3, 1, 2)
   glue (1, 1) -> 2 perm (2, 1, 3, 0)
   glue (1, 2) -> 0 perm (2, 1, 3, 0)
   glue (1, 3) -> 0 perm (0, 3, 1, 2)
   glue (2, 0) -> 1 perm (0, 2, 3, 1)
   glue (2, 1) -> 1 perm (3, 1, 0, 2)
   glue (2, 2) -> 3 perm (0, 1, 3, 2)
   glue (2, 3) -> 3 perm (0, 1, 3, 2)
   glue (3, 0) -> 0 perm (0, 1, 3, 2)
   glue (3, 1) -> 0 perm (0, 1, 3, 2)
   glue (3, 2) -> 2 perm (0, 1, 3, 2)
   glue (3, 3) -> 2 perm (0, 1, 3, 2)
FOUND (2, 6, 8, 4) H1: [2] 0
=== RP3 CANDIDATE ===
   glue (0, 0) -> 3 perm (0, 3, 2, 1)
   glue (0, 1) -> 3 perm (2, 1, 0, 3)
   glue (0, 2) -> 1 perm (0, 2, 3, 1)
   glue (0, 3) -> 1 perm (3, 1, 0, 2)
   glue (1, 0) -> 2 perm (0, 1, 2, 3)
   glue (1, 1) -> 2 perm (0, 1, 2, 3)
   glue (1, 2) -> 0 perm (2, 1, 3, 0)
   glue (1, 3) -> 0 perm (0, 3, 1, 2)
   glue (2, 0) -> 1 perm (0, 1, 2, 3)
   glue (2, 1) -> 1 perm (0, 1, 2, 3)
   glue (2, 2) -> 3 perm (0, 1, 3, 2)
   glue (2, 3) -> 3 perm (0, 1, 3, 2)
   glue (3, 0) -> 0 perm (0, 3, 2, 1)
   glue (3, 1) -> 0 perm (2, 1, 0, 3)
   glue (3, 2) -> 2 perm (0, 1, 3, 2)
   glue (3, 3) -> 2 perm (0, 1, 3, 2)
FOUND (2, 6, 8, 4) H1: [2] 0
=== RP3 CANDIDATE ===
   glue (0, 0) -> 3 perm (0, 2, 3, 1)
   glue (0, 1) -> 3 perm (3, 1, 0, 2)
   glue (0, 2) -> 1 perm (0, 2, 3, 1)
   glue (0, 3) -> 1 perm (3, 1, 0, 2)
   glue (1, 0) -> 2 perm (0, 1, 3, 2)
   glue (1, 1) -> 2 perm (0, 1, 3, 2)
   glue (1, 2) -> 0 perm (2, 1, 3, 0)
   glue (1, 3) -> 0 perm (0, 3, 1, 2)
   glue (2, 0) -> 1 perm (0, 1, 3, 2)
   glue (2, 1) -> 1 perm (0, 1, 3, 2)
   glue (2, 2) -> 3 perm (0, 1, 3, 2)
   glue (2, 3) -> 3 perm (0, 1, 3, 2)
   glue (3, 0) -> 0 perm (0, 3, 1, 2)
   glue (3, 1) -> 0 perm (2, 1, 3, 0)
   glue (3, 2) -> 2 perm (0, 1, 3, 2)
   glue (3, 3) -> 2 perm (0, 1, 3, 2)
FOUND (2, 6, 8, 4) H1: [2] 0
=== RP3 CANDIDATE ===
   glue (0, 0) -> 3 perm (0, 1, 3, 2)
   glue (0, 1) -> 3 perm (0, 1, 3, 2)
   glue (0, 2) -> 1 perm (0, 2, 3, 1)
   glue (0, 3) -> 1 perm (3, 1, 0, 2)
   glue (1, 0) -> 2 perm (0, 1, 3, 2)
   glue (1, 1) -> 2 perm (0, 1, 3, 2)
   glue (1, 2) -> 0 perm (2, 1, 3, 0)
   glue (1, 3) -> 0 perm (0, 3, 1, 2)
   glue (2, 0) -> 1 perm (0, 1, 3, 2)
   glue (2, 1) -> 1 perm (0, 1, 3, 2)
   glue (2, 2) -> 3 perm (0, 2, 3, 1)
   glue (2, 3) -> 3 perm (3, 1, 0, 2)
   glue (3, 0) -> 0 perm (0, 1, 3, 2)
   glue (3, 1) -> 0 perm (0, 1, 3, 2)
   glue (3, 2) -> 2 perm (2, 1, 3, 0)
   glue (3, 3) -> 2 perm (0, 3, 1, 2)
FOUND (2, 6, 8, 4) H1: [2] 0
=== RP3 CANDIDATE ===
   glue (0, 0) -> 3 perm (0, 2, 3, 1)
   glue (0, 1) -> 3 perm (3, 1, 0, 2)
   glue (0, 2) -> 1 perm (0, 2, 3, 1)
   glue (0, 3) -> 1 perm (3, 1, 0, 2)
   glue (1, 0) -> 2 perm (0, 3, 1, 2)
   glue (1, 1) -> 2 perm (2, 1, 3, 0)
   glue (1, 2) -> 0 perm (2, 1, 3, 0)
   glue (1, 3) -> 0 perm (0, 3, 1, 2)
   glue (2, 0) -> 1 perm (0, 2, 3, 1)
   glue (2, 1) -> 1 perm (3, 1, 0, 2)
   glue (2, 2) -> 3 perm (0, 2, 3, 1)
   glue (2, 3) -> 3 perm (3, 1, 0, 2)
   glue (3, 0) -> 0 perm (0, 3, 1, 2)
   glue (3, 1) -> 0 perm (2, 1, 3, 0)
   glue (3, 2) -> 2 perm (2, 1, 3, 0)
   glue (3, 3) -> 2 perm (0, 3, 1, 2)
FOUND (1, 5, 8, 4) H1: [2, 2] 0
FOUND (1, 5, 8, 4) H1: [2, 2] 0
FOUND (1, 5, 8, 4) H1: [2, 2] 0
FOUND (1, 5, 8, 4) H1: [2, 2] 0
FOUND (1, 5, 8, 4) H1: [2, 2] 0
FOUND (1, 5, 8, 4) H1: [2, 2] 0
FOUND (1, 5, 8, 4) H1: [2, 2] 0
FOUND (1, 5, 8, 4) H1: [2, 2] 0
FOUND (2, 6, 8, 4) H1: [2] 0
=== RP3 CANDIDATE ===
   glue (0, 0) -> 3 perm (0, 1, 2, 3)
   glue (0, 1) -> 3 perm (0, 1, 2, 3)
   glue (0, 2) -> 1 perm (0, 2, 3, 1)
   glue (0, 3) -> 1 perm (3, 1, 0, 2)
   glue (1, 0) -> 2 perm (0, 1, 2, 3)
   glue (1, 1) -> 2 perm (0, 1, 2, 3)
   glue (1, 2) -> 0 perm (2, 1, 3, 0)
   glue (1, 3) -> 0 perm (0, 3, 1, 2)
   glue (2, 0) -> 1 perm (0, 1, 2, 3)
   glue (2, 1) -> 1 perm (0, 1, 2, 3)
   glue (2, 2) -> 3 perm (2, 1, 3, 0)
   glue (2, 3) -> 3 perm (0, 3, 1, 2)
   glue (3, 0) -> 0 perm (0, 1, 2, 3)
   glue (3, 1) -> 0 perm (0, 1, 2, 3)
   glue (3, 2) -> 2 perm (0, 2, 3, 1)
   glue (3, 3) -> 2 perm (3, 1, 0, 2)
FOUND (2, 6, 8, 4) H1: [2] 0
=== RP3 CANDIDATE ===
   glue (0, 0) -> 3 perm (0, 3, 2, 1)
   glue (0, 1) -> 3 perm (2, 1, 0, 3)
   glue (0, 2) -> 1 perm (0, 2, 3, 1)
   glue (0, 3) -> 1 perm (3, 1, 0, 2)
   glue (1, 0) -> 2 perm (0, 2, 1, 3)
   glue (1, 1) -> 2 perm (3, 1, 2, 0)
   glue (1, 2) -> 0 perm (2, 1, 3, 0)
   glue (1, 3) -> 0 perm (0, 3, 1, 2)
   glue (2, 0) -> 1 perm (0, 2, 1, 3)
   glue (2, 1) -> 1 perm (3, 1, 2, 0)
   glue (2, 2) -> 3 perm (2, 1, 3, 0)
   glue (2, 3) -> 3 perm (0, 3, 1, 2)
   glue (3, 0) -> 0 perm (0, 3, 2, 1)
   glue (3, 1) -> 0 perm (2, 1, 0, 3)
   glue (3, 2) -> 2 perm (0, 2, 3, 1)
   glue (3, 3) -> 2 perm (3, 1, 0, 2)
FOUND (2, 6, 8, 4) H1: [2] 0
=== RP3 CANDIDATE ===
   glue (0, 0) -> 3 perm (0, 1, 2, 3)
   glue (0, 1) -> 3 perm (0, 1, 2, 3)
   glue (0, 2) -> 1 perm (1, 0, 3, 2)
   glue (0, 3) -> 1 perm (0, 3, 1, 2)
   glue (1, 0) -> 2 perm (0, 1, 2, 3)
   glue (1, 1) -> 2 perm (0, 1, 2, 3)
   glue (1, 2) -> 0 perm (0, 2, 3, 1)
   glue (1, 3) -> 0 perm (1, 0, 3, 2)
   glue (2, 0) -> 1 perm (0, 1, 2, 3)
   glue (2, 1) -> 1 perm (0, 1, 2, 3)
   glue (2, 2) -> 3 perm (0, 2, 3, 1)
   glue (2, 3) -> 3 perm (1, 0, 3, 2)
   glue (3, 0) -> 0 perm (0, 1, 2, 3)
   glue (3, 1) -> 0 perm (0, 1, 2, 3)
   glue (3, 2) -> 2 perm (1, 0, 3, 2)
   glue (3, 3) -> 2 perm (0, 3, 1, 2)
FOUND (2, 6, 8, 4) H1: [2] 0
=== RP3 CANDIDATE ===
   glue (0, 0) -> 3 perm (0, 1, 3, 2)
   glue (0, 1) -> 3 perm (0, 1, 3, 2)
   glue (0, 2) -> 1 perm (1, 0, 3, 2)
   glue (0, 3) -> 1 perm (0, 3, 1, 2)
   glue (1, 0) -> 2 perm (0, 1, 3, 2)
   glue (1, 1) -> 2 perm (0, 1, 3, 2)
   glue (1, 2) -> 0 perm (0, 2, 3, 1)
   glue (1, 3) -> 0 perm (1, 0, 3, 2)
   glue (2, 0) -> 1 perm (0, 1, 3, 2)
   glue (2, 1) -> 1 perm (0, 1, 3, 2)
   glue (2, 2) -> 3 perm (1, 0, 3, 2)
   glue (2, 3) -> 3 perm (0, 3, 1, 2)
   glue (3, 0) -> 0 perm (0, 1, 3, 2)
   glue (3, 1) -> 0 perm (0, 1, 3, 2)
   glue (3, 2) -> 2 perm (0, 2, 3, 1)
   glue (3, 3) -> 2 perm (1, 0, 3, 2)
FOUND (2, 6, 8, 4) H1: [] 0
FOUND (2, 6, 8, 4) H1: [] 0
FOUND (2, 6, 8, 4) H1: [] 0
FOUND (2, 6, 8, 4) H1: [] 0
FOUND (2, 6, 8, 4) H1: [2] 0
=== RP3 CANDIDATE ===
   glue (0, 0) -> 3 perm (0, 1, 2, 3)
   glue (0, 1) -> 3 perm (0, 1, 2, 3)
   glue (0, 2) -> 1 perm (1, 0, 3, 2)
   glue (0, 3) -> 1 perm (1, 0, 3, 2)
   glue (1, 0) -> 2 perm (0, 1, 3, 2)
   glue (1, 1) -> 2 perm (0, 1, 3, 2)
   glue (1, 2) -> 0 perm (1, 0, 3, 2)
   glue (1, 3) -> 0 perm (1, 0, 3, 2)
   glue (2, 0) -> 1 perm (0, 1, 3, 2)
   glue (2, 1) -> 1 perm (0, 1, 3, 2)
   glue (2, 2) -> 3 perm (0, 1, 3, 2)
   glue (2, 3) -> 3 perm (0, 1, 3, 2)
   glue (3, 0) -> 0 perm (0, 1, 2, 3)
   glue (3, 1) -> 0 perm (0, 1, 2, 3)
   glue (3, 2) -> 2 perm (0, 1, 3, 2)
   glue (3, 3) -> 2 perm (0, 1, 3, 2)
FOUND (2, 6, 8, 4) H1: [2] 0
=== RP3 CANDIDATE ===
   glue (0, 0) -> 3 perm (0, 1, 3, 2)
   glue (0, 1) -> 3 perm (0, 1, 3, 2)
   glue (0, 2) -> 1 perm (1, 0, 3, 2)
   glue (0, 3) -> 1 perm (1, 0, 3, 2)
   glue (1, 0) -> 2 perm (0, 1, 2, 3)
   glue (1, 1) -> 2 perm (0, 1, 2, 3)
   glue (1, 2) -> 0 perm (1, 0, 3, 2)
   glue (1, 3) -> 0 perm (1, 0, 3, 2)
   glue (2, 0) -> 1 perm (0, 1, 2, 3)
   glue (2, 1) -> 1 perm (0, 1, 2, 3)
   glue (2, 2) -> 3 perm (0, 1, 3, 2)
   glue (2, 3) -> 3 perm (0, 1, 3, 2)
   glue (3, 0) -> 0 perm (0, 1, 3, 2)
   glue (3, 1) -> 0 perm (0, 1, 3, 2)
   glue (3, 2) -> 2 perm (0, 1, 3, 2)
   glue (3, 3) -> 2 perm (0, 1, 3, 2)
FOUND (1, 5, 8, 4) H1: [2, 2] 0
FOUND (1, 5, 8, 4) H1: [2, 2] 0
FOUND (1, 5, 8, 4) H1: [2, 2] 0
FOUND (1, 5, 8, 4) H1: [2, 2] 0
FOUND (2, 6, 8, 4) H1: [] 0
FOUND (2, 6, 8, 4) H1: [] 0
FOUND (1, 5, 8, 4) H1: [2, 2] 0
FOUND (1, 5, 8, 4) H1: [2, 2] 0
FOUND (1, 5, 8, 4) H1: [2] 1
=== RP3 CANDIDATE ===
   glue (0, 0) -> 3 perm (0, 2, 3, 1)
   glue (0, 1) -> 3 perm (3, 1, 0, 2)
   glue (0, 2) -> 1 perm (1, 0, 3, 2)
   glue (0, 3) -> 1 perm (1, 0, 3, 2)
   glue (1, 0) -> 2 perm (0, 1, 2, 3)
   glue (1, 1) -> 2 perm (0, 1, 2, 3)
   glue (1, 2) -> 0 perm (1, 0, 3, 2)
   glue (1, 3) -> 0 perm (1, 0, 3, 2)
   glue (2, 0) -> 1 perm (0, 1, 2, 3)
   glue (2, 1) -> 1 perm (0, 1, 2, 3)
   glue (2, 2) -> 3 perm (0, 2, 3, 1)
   glue (2, 3) -> 3 perm (3, 1, 0, 2)
   glue (3, 0) -> 0 perm (0, 3, 1, 2)
   glue (3, 1) -> 0 perm (2, 1, 3, 0)
   glue (3, 2) -> 2 perm (2, 1, 3, 0)
   glue (3, 3) -> 2 perm (0, 3, 1, 2)
FOUND (1, 5, 8, 4) H1: [2] 1
=== RP3 CANDIDATE ===
   glue (0, 0) -> 3 perm (0, 2, 1, 3)
   glue (0, 1) -> 3 perm (3, 1, 2, 0)
   glue (0, 2) -> 1 perm (1, 0, 3, 2)
   glue (0, 3) -> 1 perm (1, 0, 3, 2)
   glue (1, 0) -> 2 perm (0, 1, 3, 2)
   glue (1, 1) -> 2 perm (0, 1, 3, 2)
   glue (1, 2) -> 0 perm (1, 0, 3, 2)
   glue (1, 3) -> 0 perm (1, 0, 3, 2)
   glue (2, 0) -> 1 perm (0, 1, 3, 2)
   glue (2, 1) -> 1 perm (0, 1, 3, 2)
   glue (2, 2) -> 3 perm (0, 2, 3, 1)
   glue (2, 3) -> 3 perm (3, 1, 0, 2)
   glue (3, 0) -> 0 perm (0, 2, 1, 3)
   glue (3, 1) -> 0 perm (3, 1, 2, 0)
   glue (3, 2) -> 2 perm (2, 1, 3, 0)
   glue (3, 3) -> 2 perm (0, 3, 1, 2)
FOUND (2, 6, 8, 4) H1: [] 0
FOUND (2, 6, 8, 4) H1: [] 0
FOUND (4, 8, 8, 4) H1: [] 0
FOUND (2, 6, 8, 4) H1: [] 0
FOUND (2, 6, 8, 4) H1: [] 0
FOUND (2, 6, 8, 4) H1: [] 0
FOUND (2, 6, 8, 4) H1: [] 0
FOUND (2, 6, 8, 4) H1: [] 0
FOUND (2, 6, 8, 4) H1: [] 0
FOUND (2, 6, 8, 4) H1: [2] 0
=== RP3 CANDIDATE ===
   glue (0, 0) -> 3 perm (0, 3, 1, 2)
   glue (0, 1) -> 3 perm (0, 1, 2, 3)
   glue (0, 2) -> 1 perm (1, 0, 3, 2)
   glue (0, 3) -> 1 perm (1, 0, 3, 2)
   glue (1, 0) -> 2 perm (0, 1, 2, 3)
   glue (1, 1) -> 2 perm (2, 1, 3, 0)
   glue (1, 2) -> 0 perm (1, 0, 3, 2)
   glue (1, 3) -> 0 perm (1, 0, 3, 2)
   glue (2, 0) -> 1 perm (0, 1, 2, 3)
   glue (2, 1) -> 1 perm (3, 1, 0, 2)
   glue (2, 2) -> 3 perm (1, 0, 3, 2)
   glue (2, 3) -> 3 perm (1, 0, 3, 2)
   glue (3, 0) -> 0 perm (0, 2, 3, 1)
   glue (3, 1) -> 0 perm (0, 1, 2, 3)
   glue (3, 2) -> 2 perm (1, 0, 3, 2)
   glue (3, 3) -> 2 perm (1, 0, 3, 2)
FOUND (2, 6, 8, 4) H1: [] 0
FOUND (2, 6, 8, 4) H1: [2] 0
=== RP3 CANDIDATE ===
   glue (0, 0) -> 3 perm (0, 2, 3, 1)
   glue (0, 1) -> 3 perm (0, 1, 2, 3)
   glue (0, 2) -> 1 perm (1, 0, 3, 2)
   glue (0, 3) -> 1 perm (1, 0, 3, 2)
   glue (1, 0) -> 2 perm (0, 1, 2, 3)
   glue (1, 1) -> 2 perm (3, 1, 0, 2)
   glue (1, 2) -> 0 perm (1, 0, 3, 2)
   glue (1, 3) -> 0 perm (1, 0, 3, 2)
   glue (2, 0) -> 1 perm (0, 1, 2, 3)
   glue (2, 1) -> 1 perm (2, 1, 3, 0)
   glue (2, 2) -> 3 perm (1, 0, 3, 2)
   glue (2, 3) -> 3 perm (1, 0, 3, 2)
   glue (3, 0) -> 0 perm (0, 3, 1, 2)
   glue (3, 1) -> 0 perm (0, 1, 2, 3)
   glue (3, 2) -> 2 perm (1, 0, 3, 2)
   glue (3, 3) -> 2 perm (1, 0, 3, 2)
FOUND (2, 6, 8, 4) H1: [] 0
FOUND (4, 8, 8, 4) H1: [] 0
FOUND (2, 6, 8, 4) H1: [] 0
FOUND (2, 6, 8, 4) H1: [] 0
FOUND (2, 6, 8, 4) H1: [] 0
FOUND (2, 6, 8, 4) H1: [] 0
FOUND (2, 6, 8, 4) H1: [] 0
FOUND (2, 6, 8, 4) H1: [] 0
FOUND (2, 6, 8, 4) H1: [2] 0
=== RP3 CANDIDATE ===
   glue (0, 0) -> 3 perm (0, 3, 2, 1)
   glue (0, 1) -> 3 perm (0, 1, 3, 2)
   glue (0, 2) -> 1 perm (1, 0, 3, 2)
   glue (0, 3) -> 1 perm (1, 0, 3, 2)
   glue (1, 0) -> 2 perm (0, 1, 3, 2)
   glue (1, 1) -> 2 perm (2, 1, 0, 3)
   glue (1, 2) -> 0 perm (1, 0, 3, 2)
   glue (1, 3) -> 0 perm (1, 0, 3, 2)
   glue (2, 0) -> 1 perm (0, 1, 3, 2)
   glue (2, 1) -> 1 perm (2, 1, 0, 3)
   glue (2, 2) -> 3 perm (1, 0, 3, 2)
   glue (2, 3) -> 3 perm (1, 0, 3, 2)
   glue (3, 0) -> 0 perm (0, 3, 2, 1)
   glue (3, 1) -> 0 perm (0, 1, 3, 2)
   glue (3, 2) -> 2 perm (1, 0, 3, 2)
   glue (3, 3) -> 2 perm (1, 0, 3, 2)
FOUND (2, 6, 8, 4) H1: [] 0
FOUND (2, 6, 8, 4) H1: [2] 0
=== RP3 CANDIDATE ===
   glue (0, 0) -> 3 perm (0, 2, 1, 3)
   glue (0, 1) -> 3 perm (0, 1, 3, 2)
   glue (0, 2) -> 1 perm (1, 0, 3, 2)
   glue (0, 3) -> 1 perm (1, 0, 3, 2)
   glue (1, 0) -> 2 perm (0, 1, 3, 2)
   glue (1, 1) -> 2 perm (3, 1, 2, 0)
   glue (1, 2) -> 0 perm (1, 0, 3, 2)
   glue (1, 3) -> 0 perm (1, 0, 3, 2)
   glue (2, 0) -> 1 perm (0, 1, 3, 2)
   glue (2, 1) -> 1 perm (3, 1, 2, 0)
   glue (2, 2) -> 3 perm (1, 0, 3, 2)
   glue (2, 3) -> 3 perm (1, 0, 3, 2)
   glue (3, 0) -> 0 perm (0, 2, 1, 3)
   glue (3, 1) -> 0 perm (0, 1, 3, 2)
   glue (3, 2) -> 2 perm (1, 0, 3, 2)
   glue (3, 3) -> 2 perm (1, 0, 3, 2)
FOUND (2, 6, 8, 4) H1: [] 0
FOUND (2, 6, 8, 4) H1: [] 0
FOUND (2, 6, 8, 4) H1: [] 0
FOUND (2, 6, 8, 4) H1: [2] 0
=== RP3 CANDIDATE ===
   glue (0, 0) -> 3 perm (0, 1, 3, 2)
   glue (0, 1) -> 3 perm (2, 1, 0, 3)
   glue (0, 2) -> 1 perm (1, 0, 3, 2)
   glue (0, 3) -> 1 perm (1, 0, 3, 2)
   glue (1, 0) -> 2 perm (0, 3, 2, 1)
   glue (1, 1) -> 2 perm (0, 1, 3, 2)
   glue (1, 2) -> 0 perm (1, 0, 3, 2)
   glue (1, 3) -> 0 perm (1, 0, 3, 2)
   glue (2, 0) -> 1 perm (0, 3, 2, 1)
   glue (2, 1) -> 1 perm (0, 1, 3, 2)
   glue (2, 2) -> 3 perm (1, 0, 3, 2)
   glue (2, 3) -> 3 perm (1, 0, 3, 2)
   glue (3, 0) -> 0 perm (0, 1, 3, 2)
   glue (3, 1) -> 0 perm (2, 1, 0, 3)
   glue (3, 2) -> 2 perm (1, 0, 3, 2)
   glue (3, 3) -> 2 perm (1, 0, 3, 2)
FOUND (2, 6, 8, 4) H1: [2] 0
=== RP3 CANDIDATE ===
   glue (0, 0) -> 3 perm (0, 3, 2, 1)
   glue (0, 1) -> 3 perm (2, 1, 0, 3)
   glue (0, 2) -> 1 perm (1, 0, 3, 2)
   glue (0, 3) -> 1 perm (1, 0, 3, 2)
   glue (1, 0) -> 2 perm (0, 3, 2, 1)
   glue (1, 1) -> 2 perm (2, 1, 0, 3)
   glue (1, 2) -> 0 perm (1, 0, 3, 2)
   glue (1, 3) -> 0 perm (1, 0, 3, 2)
   glue (2, 0) -> 1 perm (0, 3, 2, 1)
   glue (2, 1) -> 1 perm (2, 1, 0, 3)
   glue (2, 2) -> 3 perm (1, 0, 3, 2)
   glue (2, 3) -> 3 perm (1, 0, 3, 2)
   glue (3, 0) -> 0 perm (0, 3, 2, 1)
   glue (3, 1) -> 0 perm (2, 1, 0, 3)
   glue (3, 2) -> 2 perm (1, 0, 3, 2)
   glue (3, 3) -> 2 perm (1, 0, 3, 2)
FOUND (2, 6, 8, 4) H1: [] 0
FOUND (2, 6, 8, 4) H1: [] 0
FOUND (2, 6, 8, 4) H1: [2] 0
=== RP3 CANDIDATE ===
   glue (0, 0) -> 3 perm (0, 1, 2, 3)
   glue (0, 1) -> 3 perm (2, 1, 3, 0)
   glue (0, 2) -> 1 perm (1, 0, 3, 2)
   glue (0, 3) -> 1 perm (1, 0, 3, 2)
   glue (1, 0) -> 2 perm (0, 3, 1, 2)
   glue (1, 1) -> 2 perm (0, 1, 2, 3)
   glue (1, 2) -> 0 perm (1, 0, 3, 2)
   glue (1, 3) -> 0 perm (1, 0, 3, 2)
   glue (2, 0) -> 1 perm (0, 2, 3, 1)
   glue (2, 1) -> 1 perm (0, 1, 2, 3)
   glue (2, 2) -> 3 perm (1, 0, 3, 2)
   glue (2, 3) -> 3 perm (1, 0, 3, 2)
   glue (3, 0) -> 0 perm (0, 1, 2, 3)
   glue (3, 1) -> 0 perm (3, 1, 0, 2)
   glue (3, 2) -> 2 perm (1, 0, 3, 2)
   glue (3, 3) -> 2 perm (1, 0, 3, 2)
FOUND (2, 6, 8, 4) H1: [2] 0
=== RP3 CANDIDATE ===
   glue (0, 0) -> 3 perm (0, 3, 1, 2)
   glue (0, 1) -> 3 perm (2, 1, 3, 0)
   glue (0, 2) -> 1 perm (1, 0, 3, 2)
   glue (0, 3) -> 1 perm (1, 0, 3, 2)
   glue (1, 0) -> 2 perm (0, 3, 1, 2)
   glue (1, 1) -> 2 perm (2, 1, 3, 0)
   glue (1, 2) -> 0 perm (1, 0, 3, 2)
   glue (1, 3) -> 0 perm (1, 0, 3, 2)
   glue (2, 0) -> 1 perm (0, 2, 3, 1)
   glue (2, 1) -> 1 perm (3, 1, 0, 2)
   glue (2, 2) -> 3 perm (1, 0, 3, 2)
   glue (2, 3) -> 3 perm (1, 0, 3, 2)
   glue (3, 0) -> 0 perm (0, 2, 3, 1)
   glue (3, 1) -> 0 perm (3, 1, 0, 2)
   glue (3, 2) -> 2 perm (1, 0, 3, 2)
   glue (3, 3) -> 2 perm (1, 0, 3, 2)
FOUND (2, 6, 8, 4) H1: [] 0
FOUND (2, 6, 8, 4) H1: [2] 0
=== RP3 CANDIDATE ===
   glue (0, 0) -> 3 perm (0, 1, 2, 3)
   glue (0, 1) -> 3 perm (3, 1, 0, 2)
   glue (0, 2) -> 1 perm (1, 0, 3, 2)
   glue (0, 3) -> 1 perm (1, 0, 3, 2)
   glue (1, 0) -> 2 perm (0, 2, 3, 1)
   glue (1, 1) -> 2 perm (0, 1, 2, 3)
   glue (1, 2) -> 0 perm (1, 0, 3, 2)
   glue (1, 3) -> 0 perm (1, 0, 3, 2)
   glue (2, 0) -> 1 perm (0, 3, 1, 2)
   glue (2, 1) -> 1 perm (0, 1, 2, 3)
   glue (2, 2) -> 3 perm (1, 0, 3, 2)
   glue (2, 3) -> 3 perm (1, 0, 3, 2)
   glue (3, 0) -> 0 perm (0, 1, 2, 3)
   glue (3, 1) -> 0 perm (2, 1, 3, 0)
   glue (3, 2) -> 2 perm (1, 0, 3, 2)
   glue (3, 3) -> 2 perm (1, 0, 3, 2)
FOUND (2, 6, 8, 4) H1: [] 0
FOUND (2, 6, 8, 4) H1: [2] 0
=== RP3 CANDIDATE ===
   glue (0, 0) -> 3 perm (0, 2, 3, 1)
   glue (0, 1) -> 3 perm (3, 1, 0, 2)
   glue (0, 2) -> 1 perm (1, 0, 3, 2)
   glue (0, 3) -> 1 perm (1, 0, 3, 2)
   glue (1, 0) -> 2 perm (0, 2, 3, 1)
   glue (1, 1) -> 2 perm (3, 1, 0, 2)
   glue (1, 2) -> 0 perm (1, 0, 3, 2)
   glue (1, 3) -> 0 perm (1, 0, 3, 2)
   glue (2, 0) -> 1 perm (0, 3, 1, 2)
   glue (2, 1) -> 1 perm (2, 1, 3, 0)
   glue (2, 2) -> 3 perm (1, 0, 3, 2)
   glue (2, 3) -> 3 perm (1, 0, 3, 2)
   glue (3, 0) -> 0 perm (0, 3, 1, 2)
   glue (3, 1) -> 0 perm (2, 1, 3, 0)
   glue (3, 2) -> 2 perm (1, 0, 3, 2)
   glue (3, 3) -> 2 perm (1, 0, 3, 2)
FOUND (2, 6, 8, 4) H1: [] 0
FOUND (2, 6, 8, 4) H1: [2] 0
=== RP3 CANDIDATE ===
   glue (0, 0) -> 3 perm (0, 1, 3, 2)
   glue (0, 1) -> 3 perm (3, 1, 2, 0)
   glue (0, 2) -> 1 perm (1, 0, 3, 2)
   glue (0, 3) -> 1 perm (1, 0, 3, 2)
   glue (1, 0) -> 2 perm (0, 2, 1, 3)
   glue (1, 1) -> 2 perm (0, 1, 3, 2)
   glue (1, 2) -> 0 perm (1, 0, 3, 2)
   glue (1, 3) -> 0 perm (1, 0, 3, 2)
   glue (2, 0) -> 1 perm (0, 2, 1, 3)
   glue (2, 1) -> 1 perm (0, 1, 3, 2)
   glue (2, 2) -> 3 perm (1, 0, 3, 2)
   glue (2, 3) -> 3 perm (1, 0, 3, 2)
   glue (3, 0) -> 0 perm (0, 1, 3, 2)
   glue (3, 1) -> 0 perm (3, 1, 2, 0)
   glue (3, 2) -> 2 perm (1, 0, 3, 2)
   glue (3, 3) -> 2 perm (1, 0, 3, 2)
FOUND (2, 6, 8, 4) H1: [] 0
FOUND (2, 6, 8, 4) H1: [2] 0
=== RP3 CANDIDATE ===
   glue (0, 0) -> 3 perm (0, 2, 1, 3)
   glue (0, 1) -> 3 perm (3, 1, 2, 0)
   glue (0, 2) -> 1 perm (1, 0, 3, 2)
   glue (0, 3) -> 1 perm (1, 0, 3, 2)
   glue (1, 0) -> 2 perm (0, 2, 1, 3)
   glue (1, 1) -> 2 perm (3, 1, 2, 0)
   glue (1, 2) -> 0 perm (1, 0, 3, 2)
   glue (1, 3) -> 0 perm (1, 0, 3, 2)
   glue (2, 0) -> 1 perm (0, 2, 1, 3)
   glue (2, 1) -> 1 perm (3, 1, 2, 0)
   glue (2, 2) -> 3 perm (1, 0, 3, 2)
   glue (2, 3) -> 3 perm (1, 0, 3, 2)
   glue (3, 0) -> 0 perm (0, 2, 1, 3)
   glue (3, 1) -> 0 perm (3, 1, 2, 0)
   glue (3, 2) -> 2 perm (1, 0, 3, 2)
   glue (3, 3) -> 2 perm (1, 0, 3, 2)
FOUND (2, 6, 8, 4) H1: [] 0
FOUND (2, 6, 8, 4) H1: [] 0
FOUND (2, 6, 8, 4) H1: [2] 0
=== RP3 CANDIDATE ===
   glue (0, 0) -> 3 perm (0, 1, 2, 3)
   glue (0, 1) -> 3 perm (0, 1, 2, 3)
   glue (0, 2) -> 1 perm (1, 0, 3, 2)
   glue (0, 3) -> 1 perm (1, 0, 3, 2)
   glue (1, 0) -> 2 perm (0, 3, 2, 1)
   glue (1, 1) -> 2 perm (2, 1, 0, 3)
   glue (1, 2) -> 0 perm (1, 0, 3, 2)
   glue (1, 3) -> 0 perm (1, 0, 3, 2)
   glue (2, 0) -> 1 perm (0, 3, 2, 1)
   glue (2, 1) -> 1 perm (2, 1, 0, 3)
   glue (2, 2) -> 3 perm (1, 2, 3, 0)
   glue (2, 3) -> 3 perm (3, 0, 1, 2)
   glue (3, 0) -> 0 perm (0, 1, 2, 3)
   glue (3, 1) -> 0 perm (0, 1, 2, 3)
   glue (3, 2) -> 2 perm (1, 2, 3, 0)
   glue (3, 3) -> 2 perm (3, 0, 1, 2)
FOUND (2, 6, 8, 4) H1: [2] 0
=== RP3 CANDIDATE ===
   glue (0, 0) -> 3 perm (0, 1, 3, 2)
   glue (0, 1) -> 3 perm (0, 1, 3, 2)
   glue (0, 2) -> 1 perm (1, 0, 3, 2)
   glue (0, 3) -> 1 perm (1, 0, 3, 2)
   glue (1, 0) -> 2 perm (0, 3, 1, 2)
   glue (1, 1) -> 2 perm (2, 1, 3, 0)
   glue (1, 2) -> 0 perm (1, 0, 3, 2)
   glue (1, 3) -> 0 perm (1, 0, 3, 2)
   glue (2, 0) -> 1 perm (0, 2, 3, 1)
   glue (2, 1) -> 1 perm (3, 1, 0, 2)
   glue (2, 2) -> 3 perm (1, 2, 3, 0)
   glue (2, 3) -> 3 perm (3, 0, 1, 2)
   glue (3, 0) -> 0 perm (0, 1, 3, 2)
   glue (3, 1) -> 0 perm (0, 1, 3, 2)
   glue (3, 2) -> 2 perm (1, 2, 3, 0)
   glue (3, 3) -> 2 perm (3, 0, 1, 2)
FOUND (2, 6, 8, 4) H1: [] 1
FOUND (2, 6, 8, 4) H1: [2] 0
=== RP3 CANDIDATE ===
   glue (0, 0) -> 3 perm (0, 3, 1, 2)
   glue (0, 1) -> 3 perm (2, 1, 3, 0)
   glue (0, 2) -> 1 perm (1, 0, 3, 2)
   glue (0, 3) -> 1 perm (1, 0, 3, 2)
   glue (1, 0) -> 2 perm (0, 1, 3, 2)
   glue (1, 1) -> 2 perm (0, 1, 3, 2)
   glue (1, 2) -> 0 perm (1, 0, 3, 2)
   glue (1, 3) -> 0 perm (1, 0, 3, 2)
   glue (2, 0) -> 1 perm (0, 1, 3, 2)
   glue (2, 1) -> 1 perm (0, 1, 3, 2)
   glue (2, 2) -> 3 perm (1, 2, 3, 0)
   glue (2, 3) -> 3 perm (3, 0, 1, 2)
   glue (3, 0) -> 0 perm (0, 2, 3, 1)
   glue (3, 1) -> 0 perm (3, 1, 0, 2)
   glue (3, 2) -> 2 perm (1, 2, 3, 0)
   glue (3, 3) -> 2 perm (3, 0, 1, 2)
FOUND (2, 6, 8, 4) H1: [2] 0
=== RP3 CANDIDATE ===
   glue (0, 0) -> 3 perm (0, 1, 2, 3)
   glue (0, 1) -> 3 perm (0, 1, 2, 3)
   glue (0, 2) -> 1 perm (1, 0, 3, 2)
   glue (0, 3) -> 1 perm (1, 0, 3, 2)
   glue (1, 0) -> 2 perm (0, 2, 1, 3)
   glue (1, 1) -> 2 perm (3, 1, 2, 0)
   glue (1, 2) -> 0 perm (1, 0, 3, 2)
   glue (1, 3) -> 0 perm (1, 0, 3, 2)
   glue (2, 0) -> 1 perm (0, 2, 1, 3)
   glue (2, 1) -> 1 perm (3, 1, 2, 0)
   glue (2, 2) -> 3 perm (2, 0, 3, 1)
   glue (2, 3) -> 3 perm (1, 3, 0, 2)
   glue (3, 0) -> 0 perm (0, 1, 2, 3)
   glue (3, 1) -> 0 perm (0, 1, 2, 3)
   glue (3, 2) -> 2 perm (2, 0, 3, 1)
   glue (3, 3) -> 2 perm (1, 3, 0, 2)
FOUND (2, 6, 8, 4) H1: [2] 0
=== RP3 CANDIDATE ===
   glue (0, 0) -> 3 perm (0, 1, 3, 2)
   glue (0, 1) -> 3 perm (0, 1, 3, 2)
   glue (0, 2) -> 1 perm (1, 0, 3, 2)
   glue (0, 3) -> 1 perm (1, 0, 3, 2)
   glue (1, 0) -> 2 perm (0, 2, 3, 1)
   glue (1, 1) -> 2 perm (3, 1, 0, 2)
   glue (1, 2) -> 0 perm (1, 0, 3, 2)
   glue (1, 3) -> 0 perm (1, 0, 3, 2)
   glue (2, 0) -> 1 perm (0, 3, 1, 2)
   glue (2, 1) -> 1 perm (2, 1, 3, 0)
   glue (2, 2) -> 3 perm (2, 0, 3, 1)
   glue (2, 3) -> 3 perm (1, 3, 0, 2)
   glue (3, 0) -> 0 perm (0, 1, 3, 2)
   glue (3, 1) -> 0 perm (0, 1, 3, 2)
   glue (3, 2) -> 2 perm (2, 0, 3, 1)
   glue (3, 3) -> 2 perm (1, 3, 0, 2)
FOUND (2, 6, 8, 4) H1: [] 1
FOUND (2, 6, 8, 4) H1: [2] 0
=== RP3 CANDIDATE ===
   glue (0, 0) -> 3 perm (0, 2, 1, 3)
   glue (0, 1) -> 3 perm (3, 1, 2, 0)
   glue (0, 2) -> 1 perm (1, 0, 3, 2)
   glue (0, 3) -> 1 perm (1, 0, 3, 2)
   glue (1, 0) -> 2 perm (0, 1, 2, 3)
   glue (1, 1) -> 2 perm (0, 1, 2, 3)
   glue (1, 2) -> 0 perm (1, 0, 3, 2)
   glue (1, 3) -> 0 perm (1, 0, 3, 2)
   glue (2, 0) -> 1 perm (0, 1, 2, 3)
   glue (2, 1) -> 1 perm (0, 1, 2, 3)
   glue (2, 2) -> 3 perm (2, 0, 3, 1)
   glue (2, 3) -> 3 perm (1, 3, 0, 2)
   glue (3, 0) -> 0 perm (0, 2, 1, 3)
   glue (3, 1) -> 0 perm (3, 1, 2, 0)
   glue (3, 2) -> 2 perm (2, 0, 3, 1)
   glue (3, 3) -> 2 perm (1, 3, 0, 2)
FOUND (1, 5, 8, 4) H1: [2, 2] 0
FOUND (1, 5, 8, 4) H1: [2, 2] 0
FOUND (1, 5, 8, 4) H1: [2] 1
=== RP3 CANDIDATE ===
   glue (0, 0) -> 3 perm (0, 3, 2, 1)
   glue (0, 1) -> 3 perm (2, 1, 0, 3)
   glue (0, 2) -> 1 perm (1, 0, 3, 2)
   glue (0, 3) -> 1 perm (1, 0, 3, 2)
   glue (1, 0) -> 2 perm (0, 1, 3, 2)
   glue (1, 1) -> 2 perm (0, 1, 3, 2)
   glue (1, 2) -> 0 perm (1, 0, 3, 2)
   glue (1, 3) -> 0 perm (1, 0, 3, 2)
   glue (2, 0) -> 1 perm (0, 1, 3, 2)
   glue (2, 1) -> 1 perm (0, 1, 3, 2)
   glue (2, 2) -> 3 perm (2, 1, 3, 0)
   glue (2, 3) -> 3 perm (0, 3, 1, 2)
   glue (3, 0) -> 0 perm (0, 3, 2, 1)
   glue (3, 1) -> 0 perm (2, 1, 0, 3)
   glue (3, 2) -> 2 perm (0, 2, 3, 1)
   glue (3, 3) -> 2 perm (3, 1, 0, 2)
FOUND (1, 5, 8, 4) H1: [2] 1
=== RP3 CANDIDATE ===
   glue (0, 0) -> 3 perm (0, 3, 1, 2)
   glue (0, 1) -> 3 perm (2, 1, 3, 0)
   glue (0, 2) -> 1 perm (1, 0, 3, 2)
   glue (0, 3) -> 1 perm (1, 0, 3, 2)
   glue (1, 0) -> 2 perm (0, 1, 2, 3)
   glue (1, 1) -> 2 perm (0, 1, 2, 3)
   glue (1, 2) -> 0 perm (1, 0, 3, 2)
   glue (1, 3) -> 0 perm (1, 0, 3, 2)
   glue (2, 0) -> 1 perm (0, 1, 2, 3)
   glue (2, 1) -> 1 perm (0, 1, 2, 3)
   glue (2, 2) -> 3 perm (2, 1, 3, 0)
   glue (2, 3) -> 3 perm (0, 3, 1, 2)
   glue (3, 0) -> 0 perm (0, 2, 3, 1)
   glue (3, 1) -> 0 perm (3, 1, 0, 2)
   glue (3, 2) -> 2 perm (0, 2, 3, 1)
   glue (3, 3) -> 2 perm (3, 1, 0, 2)
FOUND (2, 6, 8, 4) H1: [] 0
FOUND (2, 6, 8, 4) H1: [] 0
FOUND (2, 6, 8, 4) H1: [] 0
FOUND (2, 6, 8, 4) H1: [] 0
FOUND (2, 6, 8, 4) H1: [] 0
FOUND (2, 6, 8, 4) H1: [] 0
FOUND (2, 6, 8, 4) H1: [2] 0
=== RP3 CANDIDATE ===
   glue (0, 0) -> 3 perm (0, 1, 3, 2)
   glue (0, 1) -> 3 perm (0, 1, 3, 2)
   glue (0, 2) -> 1 perm (1, 0, 3, 2)
   glue (0, 3) -> 1 perm (3, 1, 0, 2)
   glue (1, 0) -> 2 perm (0, 1, 3, 2)
   glue (1, 1) -> 2 perm (0, 1, 3, 2)
   glue (1, 2) -> 0 perm (2, 1, 3, 0)
   glue (1, 3) -> 0 perm (1, 0, 3, 2)
   glue (2, 0) -> 1 perm (0, 1, 3, 2)
   glue (2, 1) -> 1 perm (0, 1, 3, 2)
   glue (2, 2) -> 3 perm (1, 0, 3, 2)
   glue (2, 3) -> 3 perm (3, 1, 0, 2)
   glue (3, 0) -> 0 perm (0, 1, 3, 2)
   glue (3, 1) -> 0 perm (0, 1, 3, 2)
   glue (3, 2) -> 2 perm (2, 1, 3, 0)
   glue (3, 3) -> 2 perm (1, 0, 3, 2)
FOUND (2, 6, 8, 4) H1: [2] 0
=== RP3 CANDIDATE ===
   glue (0, 0) -> 3 perm (0, 1, 2, 3)
   glue (0, 1) -> 3 perm (0, 1, 2, 3)
   glue (0, 2) -> 1 perm (1, 0, 3, 2)
   glue (0, 3) -> 1 perm (3, 1, 0, 2)
   glue (1, 0) -> 2 perm (0, 1, 2, 3)
   glue (1, 1) -> 2 perm (0, 1, 2, 3)
   glue (1, 2) -> 0 perm (2, 1, 3, 0)
   glue (1, 3) -> 0 perm (1, 0, 3, 2)
   glue (2, 0) -> 1 perm (0, 1, 2, 3)
   glue (2, 1) -> 1 perm (0, 1, 2, 3)
   glue (2, 2) -> 3 perm (2, 1, 3, 0)
   glue (2, 3) -> 3 perm (1, 0, 3, 2)
   glue (3, 0) -> 0 perm (0, 1, 2, 3)
   glue (3, 1) -> 0 perm (0, 1, 2, 3)
   glue (3, 2) -> 2 perm (1, 0, 3, 2)
   glue (3, 3) -> 2 perm (3, 1, 0, 2)
FOUND (2, 6, 8, 4) H1: [] 0
FOUND (2, 6, 8, 4) H1: [] 0
FOUND (2, 6, 8, 4) H1: [] 0
FOUND (2, 6, 8, 4) H1: [2] 0
=== RP3 CANDIDATE ===
   glue (0, 0) -> 3 perm (0, 1, 2, 3)
   glue (0, 1) -> 3 perm (0, 1, 2, 3)
   glue (0, 2) -> 1 perm (1, 2, 3, 0)
   glue (0, 3) -> 1 perm (0, 1, 3, 2)
   glue (1, 0) -> 2 perm (0, 1, 2, 3)
   glue (1, 1) -> 2 perm (0, 1, 2, 3)
   glue (1, 2) -> 0 perm (0, 1, 3, 2)
   glue (1, 3) -> 0 perm (3, 0, 1, 2)
   glue (2, 0) -> 1 perm (0, 1, 2, 3)
   glue (2, 1) -> 1 perm (0, 1, 2, 3)
   glue (2, 2) -> 3 perm (0, 1, 3, 2)
   glue (2, 3) -> 3 perm (3, 0, 1, 2)
   glue (3, 0) -> 0 perm (0, 1, 2, 3)
   glue (3, 1) -> 0 perm (0, 1, 2, 3)
   glue (3, 2) -> 2 perm (1, 2, 3, 0)
   glue (3, 3) -> 2 perm (0, 1, 3, 2)
FOUND (2, 6, 8, 4) H1: [] 0
FOUND (2, 6, 8, 4) H1: [2] 0
=== RP3 CANDIDATE ===
   glue (0, 0) -> 3 perm (0, 1, 3, 2)
   glue (0, 1) -> 3 perm (0, 1, 3, 2)
   glue (0, 2) -> 1 perm (1, 2, 3, 0)
   glue (0, 3) -> 1 perm (0, 1, 3, 2)
   glue (1, 0) -> 2 perm (0, 1, 3, 2)
   glue (1, 1) -> 2 perm (0, 1, 3, 2)
   glue (1, 2) -> 0 perm (0, 1, 3, 2)
   glue (1, 3) -> 0 perm (3, 0, 1, 2)
   glue (2, 0) -> 1 perm (0, 1, 3, 2)
   glue (2, 1) -> 1 perm (0, 1, 3, 2)
   glue (2, 2) -> 3 perm (2, 0, 3, 1)
   glue (2, 3) -> 3 perm (0, 1, 3, 2)
   glue (3, 0) -> 0 perm (0, 1, 3, 2)
   glue (3, 1) -> 0 perm (0, 1, 3, 2)
   glue (3, 2) -> 2 perm (0, 1, 3, 2)
   glue (3, 3) -> 2 perm (1, 3, 0, 2)
FOUND (1, 5, 8, 4) H1: [2, 2] 0
FOUND (1, 5, 8, 4) H1: [2, 2] 0
FOUND (1, 5, 8, 4) H1: [2, 2] 0
FOUND (1, 5, 8, 4) H1: [2, 2] 0
FOUND (1, 5, 8, 4) H1: [2, 2] 0
FOUND (1, 5, 8, 4) H1: [2, 2] 0
FOUND (2, 6, 8, 4) H1: [2] 0
=== RP3 CANDIDATE ===
   glue (0, 0) -> 3 perm (0, 1, 2, 3)
   glue (0, 1) -> 3 perm (0, 1, 2, 3)
   glue (0, 2) -> 1 perm (1, 2, 3, 0)
   glue (0, 3) -> 1 perm (3, 0, 1, 2)
   glue (1, 0) -> 2 perm (0, 3, 2, 1)
   glue (1, 1) -> 2 perm (2, 1, 0, 3)
   glue (1, 2) -> 0 perm (1, 2, 3, 0)
   glue (1, 3) -> 0 perm (3, 0, 1, 2)
   glue (2, 0) -> 1 perm (0, 3, 2, 1)
   glue (2, 1) -> 1 perm (2, 1, 0, 3)
   glue (2, 2) -> 3 perm (1, 0, 3, 2)
   glue (2, 3) -> 3 perm (1, 0, 3, 2)
   glue (3, 0) -> 0 perm (0, 1, 2, 3)
   glue (3, 1) -> 0 perm (0, 1, 2, 3)
   glue (3, 2) -> 2 perm (1, 0, 3, 2)
   glue (3, 3) -> 2 perm (1, 0, 3, 2)
FOUND (2, 6, 8, 4) H1: [2] 0
=== RP3 CANDIDATE ===
   glue (0, 0) -> 3 perm (0, 1, 3, 2)
   glue (0, 1) -> 3 perm (0, 1, 3, 2)
   glue (0, 2) -> 1 perm (1, 2, 3, 0)
   glue (0, 3) -> 1 perm (3, 0, 1, 2)
   glue (1, 0) -> 2 perm (0, 2, 3, 1)
   glue (1, 1) -> 2 perm (3, 1, 0, 2)
   glue (1, 2) -> 0 perm (1, 2, 3, 0)
   glue (1, 3) -> 0 perm (3, 0, 1, 2)
   glue (2, 0) -> 1 perm (0, 3, 1, 2)
   glue (2, 1) -> 1 perm (2, 1, 3, 0)
   glue (2, 2) -> 3 perm (1, 0, 3, 2)
   glue (2, 3) -> 3 perm (1, 0, 3, 2)
   glue (3, 0) -> 0 perm (0, 1, 3, 2)
   glue (3, 1) -> 0 perm (0, 1, 3, 2)
   glue (3, 2) -> 2 perm (1, 0, 3, 2)
   glue (3, 3) -> 2 perm (1, 0, 3, 2)
FOUND (2, 6, 8, 4) H1: [2] 0
=== RP3 CANDIDATE ===
   glue (0, 0) -> 3 perm (0, 3, 2, 1)
   glue (0, 1) -> 3 perm (2, 1, 0, 3)
   glue (0, 2) -> 1 perm (1, 2, 3, 0)
   glue (0, 3) -> 1 perm (3, 0, 1, 2)
   glue (1, 0) -> 2 perm (0, 1, 2, 3)
   glue (1, 1) -> 2 perm (0, 1, 2, 3)
   glue (1, 2) -> 0 perm (1, 2, 3, 0)
   glue (1, 3) -> 0 perm (3, 0, 1, 2)
   glue (2, 0) -> 1 perm (0, 1, 2, 3)
   glue (2, 1) -> 1 perm (0, 1, 2, 3)
   glue (2, 2) -> 3 perm (1, 0, 3, 2)
   glue (2, 3) -> 3 perm (1, 0, 3, 2)
   glue (3, 0) -> 0 perm (0, 3, 2, 1)
   glue (3, 1) -> 0 perm (2, 1, 0, 3)
   glue (3, 2) -> 2 perm (1, 0, 3, 2)
   glue (3, 3) -> 2 perm (1, 0, 3, 2)
FOUND (2, 6, 8, 4) H1: [2] 0
=== RP3 CANDIDATE ===
   glue (0, 0) -> 3 perm (0, 2, 3, 1)
   glue (0, 1) -> 3 perm (3, 1, 0, 2)
   glue (0, 2) -> 1 perm (1, 2, 3, 0)
   glue (0, 3) -> 1 perm (3, 0, 1, 2)
   glue (1, 0) -> 2 perm (0, 1, 3, 2)
   glue (1, 1) -> 2 perm (0, 1, 3, 2)
   glue (1, 2) -> 0 perm (1, 2, 3, 0)
   glue (1, 3) -> 0 perm (3, 0, 1, 2)
   glue (2, 0) -> 1 perm (0, 1, 3, 2)
   glue (2, 1) -> 1 perm (0, 1, 3, 2)
   glue (2, 2) -> 3 perm (1, 0, 3, 2)
   glue (2, 3) -> 3 perm (1, 0, 3, 2)
   glue (3, 0) -> 0 perm (0, 3, 1, 2)
   glue (3, 1) -> 0 perm (2, 1, 3, 0)
   glue (3, 2) -> 2 perm (1, 0, 3, 2)
   glue (3, 3) -> 2 perm (1, 0, 3, 2)
FOUND (2, 6, 8, 4) H1: [2] 0
=== RP3 CANDIDATE ===
   glue (0, 0) -> 3 perm (0, 1, 2, 3)
   glue (0, 1) -> 3 perm (0, 1, 2, 3)
   glue (0, 2) -> 1 perm (1, 2, 3, 0)
   glue (0, 3) -> 1 perm (3, 0, 1, 2)
   glue (1, 0) -> 2 perm (0, 1, 2, 3)
   glue (1, 1) -> 2 perm (0, 1, 2, 3)
   glue (1, 2) -> 0 perm (1, 2, 3, 0)
   glue (1, 3) -> 0 perm (3, 0, 1, 2)
   glue (2, 0) -> 1 perm (0, 1, 2, 3)
   glue (2, 1) -> 1 perm (0, 1, 2, 3)
   glue (2, 2) -> 3 perm (1, 2, 3, 0)
   glue (2, 3) -> 3 perm (3, 0, 1, 2)
   glue (3, 0) -> 0 perm (0, 1, 2, 3)
   glue (3, 1) -> 0 perm (0, 1, 2, 3)
   glue (3, 2) -> 2 perm (1, 2, 3, 0)
   glue (3, 3) -> 2 perm (3, 0, 1, 2)
FOUND (2, 6, 8, 4) H1: [2] 0
=== RP3 CANDIDATE ===
   glue (0, 0) -> 3 perm (0, 3, 2, 1)
   glue (0, 1) -> 3 perm (2, 1, 0, 3)
   glue (0, 2) -> 1 perm (1, 2, 3, 0)
   glue (0, 3) -> 1 perm (3, 0, 1, 2)
   glue (1, 0) -> 2 perm (0, 3, 2, 1)
   glue (1, 1) -> 2 perm (2, 1, 0, 3)
   glue (1, 2) -> 0 perm (1, 2, 3, 0)
   glue (1, 3) -> 0 perm (3, 0, 1, 2)
   glue (2, 0) -> 1 perm (0, 3, 2, 1)
   glue (2, 1) -> 1 perm (2, 1, 0, 3)
   glue (2, 2) -> 3 perm (1, 2, 3, 0)
   glue (2, 3) -> 3 perm (3, 0, 1, 2)
   glue (3, 0) -> 0 perm (0, 3, 2, 1)
   glue (3, 1) -> 0 perm (2, 1, 0, 3)
   glue (3, 2) -> 2 perm (1, 2, 3, 0)
   glue (3, 3) -> 2 perm (3, 0, 1, 2)
FOUND (2, 6, 8, 4) H1: [2] 0
=== RP3 CANDIDATE ===
   glue (0, 0) -> 3 perm (0, 1, 3, 2)
   glue (0, 1) -> 3 perm (0, 1, 3, 2)
   glue (0, 2) -> 1 perm (1, 2, 3, 0)
   glue (0, 3) -> 1 perm (3, 0, 1, 2)
   glue (1, 0) -> 2 perm (0, 1, 3, 2)
   glue (1, 1) -> 2 perm (0, 1, 3, 2)
   glue (1, 2) -> 0 perm (1, 2, 3, 0)
   glue (1, 3) -> 0 perm (3, 0, 1, 2)
   glue (2, 0) -> 1 perm (0, 1, 3, 2)
   glue (2, 1) -> 1 perm (0, 1, 3, 2)
   glue (2, 2) -> 3 perm (2, 0, 3, 1)
   glue (2, 3) -> 3 perm (1, 3, 0, 2)
   glue (3, 0) -> 0 perm (0, 1, 3, 2)
   glue (3, 1) -> 0 perm (0, 1, 3, 2)
   glue (3, 2) -> 2 perm (2, 0, 3, 1)
   glue (3, 3) -> 2 perm (1, 3, 0, 2)
FOUND (2, 6, 8, 4) H1: [2] 0
=== RP3 CANDIDATE ===
   glue (0, 0) -> 3 perm (0, 2, 3, 1)
   glue (0, 1) -> 3 perm (3, 1, 0, 2)
   glue (0, 2) -> 1 perm (1, 2, 3, 0)
   glue (0, 3) -> 1 perm (3, 0, 1, 2)
   glue (1, 0) -> 2 perm (0, 2, 3, 1)
   glue (1, 1) -> 2 perm (3, 1, 0, 2)
   glue (1, 2) -> 0 perm (1, 2, 3, 0)
   glue (1, 3) -> 0 perm (3, 0, 1, 2)
   glue (2, 0) -> 1 perm (0, 3, 1, 2)
   glue (2, 1) -> 1 perm (2, 1, 3, 0)
   glue (2, 2) -> 3 perm (2, 0, 3, 1)
   glue (2, 3) -> 3 perm (1, 3, 0, 2)
   glue (3, 0) -> 0 perm (0, 3, 1, 2)
   glue (3, 1) -> 0 perm (2, 1, 3, 0)
   glue (3, 2) -> 2 perm (2, 0, 3, 1)
   glue (3, 3) -> 2 perm (1, 3, 0, 2)
FOUND (1, 5, 8, 4) H1: [2, 2] 0
FOUND (1, 5, 8, 4) H1: [2, 2] 0
FOUND (2, 6, 8, 4) H1: [] 0
FOUND (2, 6, 8, 4) H1: [] 0
FOUND (2, 6, 8, 4) H1: [2] 0
=== RP3 CANDIDATE ===
   glue (0, 0) -> 3 perm (0, 1, 2, 3)
   glue (0, 1) -> 3 perm (0, 1, 2, 3)
   glue (0, 2) -> 1 perm (2, 0, 3, 1)
   glue (0, 3) -> 1 perm (0, 1, 3, 2)
   glue (1, 0) -> 2 perm (0, 1, 2, 3)
   glue (1, 1) -> 2 perm (0, 1, 2, 3)
   glue (1, 2) -> 0 perm (0, 1, 3, 2)
   glue (1, 3) -> 0 perm (1, 3, 0, 2)
   glue (2, 0) -> 1 perm (0, 1, 2, 3)
   glue (2, 1) -> 1 perm (0, 1, 2, 3)
   glue (2, 2) -> 3 perm (0, 1, 3, 2)
   glue (2, 3) -> 3 perm (1, 3, 0, 2)
   glue (3, 0) -> 0 perm (0, 1, 2, 3)
   glue (3, 1) -> 0 perm (0, 1, 2, 3)
   glue (3, 2) -> 2 perm (2, 0, 3, 1)
   glue (3, 3) -> 2 perm (0, 1, 3, 2)
FOUND (2, 6, 8, 4) H1: [] 0
FOUND (2, 6, 8, 4) H1: [2] 0
=== RP3 CANDIDATE ===
   glue (0, 0) -> 3 perm (0, 1, 3, 2)
   glue (0, 1) -> 3 perm (0, 1, 3, 2)
   glue (0, 2) -> 1 perm (2, 0, 3, 1)
   glue (0, 3) -> 1 perm (0, 1, 3, 2)
   glue (1, 0) -> 2 perm (0, 1, 3, 2)
   glue (1, 1) -> 2 perm (0, 1, 3, 2)
   glue (1, 2) -> 0 perm (0, 1, 3, 2)
   glue (1, 3) -> 0 perm (1, 3, 0, 2)
   glue (2, 0) -> 1 perm (0, 1, 3, 2)
   glue (2, 1) -> 1 perm (0, 1, 3, 2)
   glue (2, 2) -> 3 perm (1, 2, 3, 0)
   glue (2, 3) -> 3 perm (0, 1, 3, 2)
   glue (3, 0) -> 0 perm (0, 1, 3, 2)
   glue (3, 1) -> 0 perm (0, 1, 3, 2)
   glue (3, 2) -> 2 perm (0, 1, 3, 2)
   glue (3, 3) -> 2 perm (3, 0, 1, 2)
FOUND (2, 6, 8, 4) H1: [] 0
FOUND (1, 5, 8, 4) H1: [2, 2] 0
FOUND (1, 5, 8, 4) H1: [2, 2] 0
FOUND (1, 5, 8, 4) H1: [2, 2] 0
FOUND (1, 5, 8, 4) H1: [2, 2] 0
FOUND (1, 5, 8, 4) H1: [2, 2] 0
FOUND (1, 5, 8, 4) H1: [2, 2] 0
FOUND (2, 6, 8, 4) H1: [2] 0
=== RP3 CANDIDATE ===
   glue (0, 0) -> 3 perm (0, 1, 2, 3)
   glue (0, 1) -> 3 perm (0, 1, 2, 3)
   glue (0, 2) -> 1 perm (2, 0, 3, 1)
   glue (0, 3) -> 1 perm (1, 3, 0, 2)
   glue (1, 0) -> 2 perm (0, 2, 1, 3)
   glue (1, 1) -> 2 perm (3, 1, 2, 0)
   glue (1, 2) -> 0 perm (2, 0, 3, 1)
   glue (1, 3) -> 0 perm (1, 3, 0, 2)
   glue (2, 0) -> 1 perm (0, 2, 1, 3)
   glue (2, 1) -> 1 perm (3, 1, 2, 0)
   glue (2, 2) -> 3 perm (1, 0, 3, 2)
   glue (2, 3) -> 3 perm (1, 0, 3, 2)
   glue (3, 0) -> 0 perm (0, 1, 2, 3)
   glue (3, 1) -> 0 perm (0, 1, 2, 3)
   glue (3, 2) -> 2 perm (1, 0, 3, 2)
   glue (3, 3) -> 2 perm (1, 0, 3, 2)
FOUND (2, 6, 8, 4) H1: [2] 0
=== RP3 CANDIDATE ===
   glue (0, 0) -> 3 perm (0, 1, 3, 2)
   glue (0, 1) -> 3 perm (0, 1, 3, 2)
   glue (0, 2) -> 1 perm (2, 0, 3, 1)
   glue (0, 3) -> 1 perm (1, 3, 0, 2)
   glue (1, 0) -> 2 perm (0, 3, 1, 2)
   glue (1, 1) -> 2 perm (2, 1, 3, 0)
   glue (1, 2) -> 0 perm (2, 0, 3, 1)
   glue (1, 3) -> 0 perm (1, 3, 0, 2)
   glue (2, 0) -> 1 perm (0, 2, 3, 1)
   glue (2, 1) -> 1 perm (3, 1, 0, 2)
   glue (2, 2) -> 3 perm (1, 0, 3, 2)
   glue (2, 3) -> 3 perm (1, 0, 3, 2)
   glue (3, 0) -> 0 perm (0, 1, 3, 2)
   glue (3, 1) -> 0 perm (0, 1, 3, 2)
   glue (3, 2) -> 2 perm (1, 0, 3, 2)
   glue (3, 3) -> 2 perm (1, 0, 3, 2)
FOUND (2, 6, 8, 4) H1: [2] 0
=== RP3 CANDIDATE ===
   glue (0, 0) -> 3 perm (0, 3, 1, 2)
   glue (0, 1) -> 3 perm (2, 1, 3, 0)
   glue (0, 2) -> 1 perm (2, 0, 3, 1)
   glue (0, 3) -> 1 perm (1, 3, 0, 2)
   glue (1, 0) -> 2 perm (0, 1, 3, 2)
   glue (1, 1) -> 2 perm (0, 1, 3, 2)
   glue (1, 2) -> 0 perm (2, 0, 3, 1)
   glue (1, 3) -> 0 perm (1, 3, 0, 2)
   glue (2, 0) -> 1 perm (0, 1, 3, 2)
   glue (2, 1) -> 1 perm (0, 1, 3, 2)
   glue (2, 2) -> 3 perm (1, 0, 3, 2)
   glue (2, 3) -> 3 perm (1, 0, 3, 2)
   glue (3, 0) -> 0 perm (0, 2, 3, 1)
   glue (3, 1) -> 0 perm (3, 1, 0, 2)
   glue (3, 2) -> 2 perm (1, 0, 3, 2)
   glue (3, 3) -> 2 perm (1, 0, 3, 2)
FOUND (2, 6, 8, 4) H1: [2] 0
=== RP3 CANDIDATE ===
   glue (0, 0) -> 3 perm (0, 2, 1, 3)
   glue (0, 1) -> 3 perm (3, 1, 2, 0)
   glue (0, 2) -> 1 perm (2, 0, 3, 1)
   glue (0, 3) -> 1 perm (1, 3, 0, 2)
   glue (1, 0) -> 2 perm (0, 1, 2, 3)
   glue (1, 1) -> 2 perm (0, 1, 2, 3)
   glue (1, 2) -> 0 perm (2, 0, 3, 1)
   glue (1, 3) -> 0 perm (1, 3, 0, 2)
   glue (2, 0) -> 1 perm (0, 1, 2, 3)
   glue (2, 1) -> 1 perm (0, 1, 2, 3)
   glue (2, 2) -> 3 perm (1, 0, 3, 2)
   glue (2, 3) -> 3 perm (1, 0, 3, 2)
   glue (3, 0) -> 0 perm (0, 2, 1, 3)
   glue (3, 1) -> 0 perm (3, 1, 2, 0)
   glue (3, 2) -> 2 perm (1, 0, 3, 2)
   glue (3, 3) -> 2 perm (1, 0, 3, 2)
FOUND (2, 6, 8, 4) H1: [2] 0
=== RP3 CANDIDATE ===
   glue (0, 0) -> 3 perm (0, 1, 3, 2)
   glue (0, 1) -> 3 perm (0, 1, 3, 2)
   glue (0, 2) -> 1 perm (2, 0, 3, 1)
   glue (0, 3) -> 1 perm (1, 3, 0, 2)
   glue (1, 0) -> 2 perm (0, 1, 3, 2)
   glue (1, 1) -> 2 perm (0, 1, 3, 2)
   glue (1, 2) -> 0 perm (2, 0, 3, 1)
   glue (1, 3) -> 0 perm (1, 3, 0, 2)
   glue (2, 0) -> 1 perm (0, 1, 3, 2)
   glue (2, 1) -> 1 perm (0, 1, 3, 2)
   glue (2, 2) -> 3 perm (1, 2, 3, 0)
   glue (2, 3) -> 3 perm (3, 0, 1, 2)
   glue (3, 0) -> 0 perm (0, 1, 3, 2)
   glue (3, 1) -> 0 perm (0, 1, 3, 2)
   glue (3, 2) -> 2 perm (1, 2, 3, 0)
   glue (3, 3) -> 2 perm (3, 0, 1, 2)
FOUND (2, 6, 8, 4) H1: [2] 0
=== RP3 CANDIDATE ===
   glue (0, 0) -> 3 perm (0, 3, 1, 2)
   glue (0, 1) -> 3 perm (2, 1, 3, 0)
   glue (0, 2) -> 1 perm (2, 0, 3, 1)
   glue (0, 3) -> 1 perm (1, 3, 0, 2)
   glue (1, 0) -> 2 perm (0, 3, 1, 2)
   glue (1, 1) -> 2 perm (2, 1, 3, 0)
   glue (1, 2) -> 0 perm (2, 0, 3, 1)
   glue (1, 3) -> 0 perm (1, 3, 0, 2)
   glue (2, 0) -> 1 perm (0, 2, 3, 1)
   glue (2, 1) -> 1 perm (3, 1, 0, 2)
   glue (2, 2) -> 3 perm (1, 2, 3, 0)
   glue (2, 3) -> 3 perm (3, 0, 1, 2)
   glue (3, 0) -> 0 perm (0, 2, 3, 1)
   glue (3, 1) -> 0 perm (3, 1, 0, 2)
   glue (3, 2) -> 2 perm (1, 2, 3, 0)
   glue (3, 3) -> 2 perm (3, 0, 1, 2)
FOUND (2, 6, 8, 4) H1: [2] 0
=== RP3 CANDIDATE ===
   glue (0, 0) -> 3 perm (0, 1, 2, 3)
   glue (0, 1) -> 3 perm (0, 1, 2, 3)
   glue (0, 2) -> 1 perm (2, 0, 3, 1)
   glue (0, 3) -> 1 perm (1, 3, 0, 2)
   glue (1, 0) -> 2 perm (0, 1, 2, 3)
   glue (1, 1) -> 2 perm (0, 1, 2, 3)
   glue (1, 2) -> 0 perm (2, 0, 3, 1)
   glue (1, 3) -> 0 perm (1, 3, 0, 2)
   glue (2, 0) -> 1 perm (0, 1, 2, 3)
   glue (2, 1) -> 1 perm (0, 1, 2, 3)
   glue (2, 2) -> 3 perm (2, 0, 3, 1)
   glue (2, 3) -> 3 perm (1, 3, 0, 2)
   glue (3, 0) -> 0 perm (0, 1, 2, 3)
   glue (3, 1) -> 0 perm (0, 1, 2, 3)
   glue (3, 2) -> 2 perm (2, 0, 3, 1)
   glue (3, 3) -> 2 perm (1, 3, 0, 2)
FOUND (2, 6, 8, 4) H1: [2] 0
=== RP3 CANDIDATE ===
   glue (0, 0) -> 3 perm (0, 2, 1, 3)
   glue (0, 1) -> 3 perm (3, 1, 2, 0)
   glue (0, 2) -> 1 perm (2, 0, 3, 1)
   glue (0, 3) -> 1 perm (1, 3, 0, 2)
   glue (1, 0) -> 2 perm (0, 2, 1, 3)
   glue (1, 1) -> 2 perm (3, 1, 2, 0)
   glue (1, 2) -> 0 perm (2, 0, 3, 1)
   glue (1, 3) -> 0 perm (1, 3, 0, 2)
   glue (2, 0) -> 1 perm (0, 2, 1, 3)
   glue (2, 1) -> 1 perm (3, 1, 2, 0)
   glue (2, 2) -> 3 perm (2, 0, 3, 1)
   glue (2, 3) -> 3 perm (1, 3, 0, 2)
   glue (3, 0) -> 0 perm (0, 2, 1, 3)
   glue (3, 1) -> 0 perm (3, 1, 2, 0)
   glue (3, 2) -> 2 perm (2, 0, 3, 1)
   glue (3, 3) -> 2 perm (1, 3, 0, 2)
FOUND (1, 5, 8, 4) H1: [2, 2] 0
FOUND (1, 5, 8, 4) H1: [2, 2] 0
FOUND (2, 6, 8, 4) H1: [2] 0
=== RP3 CANDIDATE ===
   glue (0, 0) -> 3 perm (0, 1, 2, 3)
   glue (0, 1) -> 3 perm (0, 1, 2, 3)
   glue (0, 2) -> 1 perm (2, 1, 3, 0)
   glue (0, 3) -> 1 perm (0, 3, 1, 2)
   glue (1, 0) -> 2 perm (0, 3, 2, 1)
   glue (1, 1) -> 2 perm (2, 1, 0, 3)
   glue (1, 2) -> 0 perm (0, 2, 3, 1)
   glue (1, 3) -> 0 perm (3, 1, 0, 2)
   glue (2, 0) -> 1 perm (0, 3, 2, 1)
   glue (2, 1) -> 1 perm (2, 1, 0, 3)
   glue (2, 2) -> 3 perm (0, 1, 3, 2)
   glue (2, 3) -> 3 perm (0, 1, 3, 2)
   glue (3, 0) -> 0 perm (0, 1, 2, 3)
   glue (3, 1) -> 0 perm (0, 1, 2, 3)
   glue (3, 2) -> 2 perm (0, 1, 3, 2)
   glue (3, 3) -> 2 perm (0, 1, 3, 2)
FOUND (2, 6, 8, 4) H1: [2] 0
=== RP3 CANDIDATE ===
   glue (0, 0) -> 3 perm (0, 1, 3, 2)
   glue (0, 1) -> 3 perm (0, 1, 3, 2)
   glue (0, 2) -> 1 perm (2, 1, 3, 0)
   glue (0, 3) -> 1 perm (0, 3, 1, 2)
   glue (1, 0) -> 2 perm (0, 2, 3, 1)
   glue (1, 1) -> 2 perm (3, 1, 0, 2)
   glue (1, 2) -> 0 perm (0, 2, 3, 1)
   glue (1, 3) -> 0 perm (3, 1, 0, 2)
   glue (2, 0) -> 1 perm (0, 3, 1, 2)
   glue (2, 1) -> 1 perm (2, 1, 3, 0)
   glue (2, 2) -> 3 perm (0, 1, 3, 2)
   glue (2, 3) -> 3 perm (0, 1, 3, 2)
   glue (3, 0) -> 0 perm (0, 1, 3, 2)
   glue (3, 1) -> 0 perm (0, 1, 3, 2)
   glue (3, 2) -> 2 perm (0, 1, 3, 2)
   glue (3, 3) -> 2 perm (0, 1, 3, 2)
FOUND (2, 6, 8, 4) H1: [2] 0
=== RP3 CANDIDATE ===
   glue (0, 0) -> 3 perm (0, 3, 1, 2)
   glue (0, 1) -> 3 perm (2, 1, 3, 0)
   glue (0, 2) -> 1 perm (2, 1, 3, 0)
   glue (0, 3) -> 1 perm (0, 3, 1, 2)
   glue (1, 0) -> 2 perm (0, 1, 3, 2)
   glue (1, 1) -> 2 perm (0, 1, 3, 2)
   glue (1, 2) -> 0 perm (0, 2, 3, 1)
   glue (1, 3) -> 0 perm (3, 1, 0, 2)
   glue (2, 0) -> 1 perm (0, 1, 3, 2)
   glue (2, 1) -> 1 perm (0, 1, 3, 2)
   glue (2, 2) -> 3 perm (0, 1, 3, 2)
   glue (2, 3) -> 3 perm (0, 1, 3, 2)
   glue (3, 0) -> 0 perm (0, 2, 3, 1)
   glue (3, 1) -> 0 perm (3, 1, 0, 2)
   glue (3, 2) -> 2 perm (0, 1, 3, 2)
   glue (3, 3) -> 2 perm (0, 1, 3, 2)
FOUND (2, 6, 8, 4) H1: [2] 0
=== RP3 CANDIDATE ===
   glue (0, 0) -> 3 perm (0, 2, 1, 3)
   glue (0, 1) -> 3 perm (3, 1, 2, 0)
   glue (0, 2) -> 1 perm (2, 1, 3, 0)
   glue (0, 3) -> 1 perm (0, 3, 1, 2)
   glue (1, 0) -> 2 perm (0, 1, 2, 3)
   glue (1, 1) -> 2 perm (0, 1, 2, 3)
   glue (1, 2) -> 0 perm (0, 2, 3, 1)
   glue (1, 3) -> 0 perm (3, 1, 0, 2)
   glue (2, 0) -> 1 perm (0, 1, 2, 3)
   glue (2, 1) -> 1 perm (0, 1, 2, 3)
   glue (2, 2) -> 3 perm (0, 1, 3, 2)
   glue (2, 3) -> 3 perm (0, 1, 3, 2)
   glue (3, 0) -> 0 perm (0, 2, 1, 3)
   glue (3, 1) -> 0 perm (3, 1, 2, 0)
   glue (3, 2) -> 2 perm (0, 1, 3, 2)
   glue (3, 3) -> 2 perm (0, 1, 3, 2)
FOUND (2, 6, 8, 4) H1: [2] 0
=== RP3 CANDIDATE ===
   glue (0, 0) -> 3 perm (0, 1, 2, 3)
   glue (0, 1) -> 3 perm (0, 1, 2, 3)
   glue (0, 2) -> 1 perm (2, 1, 3, 0)
   glue (0, 3) -> 1 perm (0, 3, 1, 2)
   glue (1, 0) -> 2 perm (0, 1, 2, 3)
   glue (1, 1) -> 2 perm (0, 1, 2, 3)
   glue (1, 2) -> 0 perm (0, 2, 3, 1)
   glue (1, 3) -> 0 perm (3, 1, 0, 2)
   glue (2, 0) -> 1 perm (0, 1, 2, 3)
   glue (2, 1) -> 1 perm (0, 1, 2, 3)
   glue (2, 2) -> 3 perm (0, 2, 3, 1)
   glue (2, 3) -> 3 perm (3, 1, 0, 2)
   glue (3, 0) -> 0 perm (0, 1, 2, 3)
   glue (3, 1) -> 0 perm (0, 1, 2, 3)
   glue (3, 2) -> 2 perm (2, 1, 3, 0)
   glue (3, 3) -> 2 perm (0, 3, 1, 2)
FOUND (2, 6, 8, 4) H1: [2] 0
=== RP3 CANDIDATE ===
   glue (0, 0) -> 3 perm (0, 2, 1, 3)
   glue (0, 1) -> 3 perm (3, 1, 2, 0)
   glue (0, 2) -> 1 perm (2, 1, 3, 0)
   glue (0, 3) -> 1 perm (0, 3, 1, 2)
   glue (1, 0) -> 2 perm (0, 3, 2, 1)
   glue (1, 1) -> 2 perm (2, 1, 0, 3)
   glue (1, 2) -> 0 perm (0, 2, 3, 1)
   glue (1, 3) -> 0 perm (3, 1, 0, 2)
   glue (2, 0) -> 1 perm (0, 3, 2, 1)
   glue (2, 1) -> 1 perm (2, 1, 0, 3)
   glue (2, 2) -> 3 perm (0, 2, 3, 1)
   glue (2, 3) -> 3 perm (3, 1, 0, 2)
   glue (3, 0) -> 0 perm (0, 2, 1, 3)
   glue (3, 1) -> 0 perm (3, 1, 2, 0)
   glue (3, 2) -> 2 perm (2, 1, 3, 0)
   glue (3, 3) -> 2 perm (0, 3, 1, 2)
FOUND (1, 5, 8, 4) H1: [2, 2] 0
FOUND (1, 5, 8, 4) H1: [2, 2] 0
FOUND (1, 5, 8, 4) H1: [2, 2] 0
FOUND (1, 5, 8, 4) H1: [2, 2] 0
FOUND (1, 5, 8, 4) H1: [2, 2] 0
FOUND (1, 5, 8, 4) H1: [2, 2] 0
FOUND (1, 5, 8, 4) H1: [2, 2] 0
FOUND (1, 5, 8, 4) H1: [2, 2] 0
FOUND (2, 6, 8, 4) H1: [2] 0
=== RP3 CANDIDATE ===
   glue (0, 0) -> 3 perm (0, 1, 3, 2)
   glue (0, 1) -> 3 perm (0, 1, 3, 2)
   glue (0, 2) -> 1 perm (2, 1, 3, 0)
   glue (0, 3) -> 1 perm (0, 3, 1, 2)
   glue (1, 0) -> 2 perm (0, 1, 3, 2)
   glue (1, 1) -> 2 perm (0, 1, 3, 2)
   glue (1, 2) -> 0 perm (0, 2, 3, 1)
   glue (1, 3) -> 0 perm (3, 1, 0, 2)
   glue (2, 0) -> 1 perm (0, 1, 3, 2)
   glue (2, 1) -> 1 perm (0, 1, 3, 2)
   glue (2, 2) -> 3 perm (2, 1, 3, 0)
   glue (2, 3) -> 3 perm (0, 3, 1, 2)
   glue (3, 0) -> 0 perm (0, 1, 3, 2)
   glue (3, 1) -> 0 perm (0, 1, 3, 2)
   glue (3, 2) -> 2 perm (0, 2, 3, 1)
   glue (3, 3) -> 2 perm (3, 1, 0, 2)
FOUND (2, 6, 8, 4) H1: [2] 0
=== RP3 CANDIDATE ===
   glue (0, 0) -> 3 perm (0, 3, 1, 2)
   glue (0, 1) -> 3 perm (2, 1, 3, 0)
   glue (0, 2) -> 1 perm (2, 1, 3, 0)
   glue (0, 3) -> 1 perm (0, 3, 1, 2)
   glue (1, 0) -> 2 perm (0, 2, 3, 1)
   glue (1, 1) -> 2 perm (3, 1, 0, 2)
   glue (1, 2) -> 0 perm (0, 2, 3, 1)
   glue (1, 3) -> 0 perm (3, 1, 0, 2)
   glue (2, 0) -> 1 perm (0, 3, 1, 2)
   glue (2, 1) -> 1 perm (2, 1, 3, 0)
   glue (2, 2) -> 3 perm (2, 1, 3, 0)
   glue (2, 3) -> 3 perm (0, 3, 1, 2)
   glue (3, 0) -> 0 perm (0, 2, 3, 1)
   glue (3, 1) -> 0 perm (3, 1, 0, 2)
   glue (3, 2) -> 2 perm (0, 2, 3, 1)
   glue (3, 3) -> 2 perm (3, 1, 0, 2)
FOUND (2, 6, 8, 4) H1: [] 0
FOUND (2, 6, 8, 4) H1: [] 0
FOUND (2, 6, 8, 4) H1: [] 0
FOUND (2, 6, 8, 4) H1: [] 0
FOUND (2, 6, 8, 4) H1: [2] 0
=== RP3 CANDIDATE ===
   glue (0, 0) -> 3 perm (0, 1, 2, 3)
   glue (0, 1) -> 3 perm (0, 1, 2, 3)
   glue (0, 2) -> 1 perm (2, 1, 3, 0)
   glue (0, 3) -> 1 perm (1, 0, 3, 2)
   glue (1, 0) -> 2 perm (0, 1, 2, 3)
   glue (1, 1) -> 2 perm (0, 1, 2, 3)
   glue (1, 2) -> 0 perm (1, 0, 3, 2)
   glue (1, 3) -> 0 perm (3, 1, 0, 2)
   glue (2, 0) -> 1 perm (0, 1, 2, 3)
   glue (2, 1) -> 1 perm (0, 1, 2, 3)
   glue (2, 2) -> 3 perm (1, 0, 3, 2)
   glue (2, 3) -> 3 perm (3, 1, 0, 2)
   glue (3, 0) -> 0 perm (0, 1, 2, 3)
   glue (3, 1) -> 0 perm (0, 1, 2, 3)
   glue (3, 2) -> 2 perm (2, 1, 3, 0)
   glue (3, 3) -> 2 perm (1, 0, 3, 2)
FOUND (2, 6, 8, 4) H1: [2] 0
=== RP3 CANDIDATE ===
   glue (0, 0) -> 3 perm (0, 1, 3, 2)
   glue (0, 1) -> 3 perm (0, 1, 3, 2)
   glue (0, 2) -> 1 perm (2, 1, 3, 0)
   glue (0, 3) -> 1 perm (1, 0, 3, 2)
   glue (1, 0) -> 2 perm (0, 1, 3, 2)
   glue (1, 1) -> 2 perm (0, 1, 3, 2)
   glue (1, 2) -> 0 perm (1, 0, 3, 2)
   glue (1, 3) -> 0 perm (3, 1, 0, 2)
   glue (2, 0) -> 1 perm (0, 1, 3, 2)
   glue (2, 1) -> 1 perm (0, 1, 3, 2)
   glue (2, 2) -> 3 perm (2, 1, 3, 0)
   glue (2, 3) -> 3 perm (1, 0, 3, 2)
   glue (3, 0) -> 0 perm (0, 1, 3, 2)
   glue (3, 1) -> 0 perm (0, 1, 3, 2)
   glue (3, 2) -> 2 perm (1, 0, 3, 2)
   glue (3, 3) -> 2 perm (3, 1, 0, 2)
searched: 1679616 found: 248
