A3R13|CONST|Poincare.D12.SemanticLedger.not_initialCondition_gaussian_quantified|thm|[propext,
 Classical.choice,
 Quot.sound]
A3R13|CONST|Poincare.D12.SemanticLedger.integrand_continuous|thm|[propext, Classical.choice, Quot.sound]
A3R13|CONST|Poincare.D12.SemanticLedger.lowerConstant_pos|thm|[propext, Classical.choice, Quot.sound]
A3R13|CONST|Poincare.D12.SemanticLedger.integrand.eq_1|thm|[propext, Classical.choice, Quot.sound]
A3R13|CONST|Poincare.D12.SemanticLedger.integrand_pos|thm|[propext, Classical.choice, Quot.sound]
A3R13|CONST|Poincare.D12.SemanticLedger.integrand_lintegral_eq_top|thm|[propext, Classical.choice, Quot.sound]
A3R13|CONST|Poincare.D12.SemanticLedger.testFunction_zero|thm|[propext, Classical.choice, Quot.sound]
A3R13|CONST|Poincare.D12.SemanticLedger.R|def|[propext, Classical.choice, Quot.sound]
A3R13|CONST|Poincare.D12.SemanticLedger.testFunction_pos|thm|[propext, Classical.choice, Quot.sound]
A3R13|CONST|Poincare.D12.SemanticLedger.R_nonneg|thm|[propext, Classical.choice, Quot.sound]
A3R13|CONST|Poincare.D12.SemanticLedger.D7InitialConditionAt|def|[propext, Classical.choice, Quot.sound]
A3R13|CONST|Poincare.D12.SemanticLedger.not_initialCondition_gaussian|thm|[propext, Classical.choice, Quot.sound]
A3R13|CONST|Poincare.D12.SemanticLedger.continuous_gaussianKernelXY_int|thm|[propext, Classical.choice, Quot.sound]
A3R13|CONST|Poincare.D12.SemanticLedger.gaussianKernelXY._proof_1|thm|[propext]
A3R13|CONST|Poincare.D12.SemanticLedger.integrand_eq|thm|[propext, Classical.choice, Quot.sound]
A3R13|CONST|Poincare.D12.SemanticLedger.tendsto_testFunction_atTop|thm|[propext, Classical.choice, Quot.sound]
A3R13|CONST|Poincare.D12.SemanticLedger.quartic_dominates|thm|[propext, Classical.choice, Quot.sound]
A3R13|CONST|Poincare.D12.SemanticLedger.integral_undef_zero|thm|[propext, Classical.choice, Quot.sound]
A3R13|CONST|Poincare.D12.SemanticLedger.lowerConstant|def|[propext, Classical.choice, Quot.sound]
A3R13|CONST|Poincare.D12.SemanticLedger.gaussianKernelXY|def|[propext, Classical.choice, Quot.sound]
A3R13|CONST|Poincare.D12.SemanticLedger.testFunction_continuous|thm|[propext, Classical.choice, Quot.sound]
A3R13|CONST|Poincare.D12.SemanticLedger.testFunction|def|[propext, Classical.choice, Quot.sound]
A3R13|CONST|Poincare.D12.SemanticLedger.lowerConstant_le_integrand|thm|[propext, Classical.choice, Quot.sound]
A3R13|CONST|Poincare.D12.SemanticLedger.integrand|def|[propext, Classical.choice, Quot.sound]
A3R13|CONST|Poincare.D12.SemanticLedger.integrand_nonneg|thm|[propext, Classical.choice, Quot.sound]
A3R13|CONST|Poincare.D12.SemanticLedger.gaussianKernelXY._proof_2|thm|[propext]
A3R13|CONST|Poincare.D12.SemanticLedger.integrand_not_integrable|thm|[propext, Classical.choice, Quot.sound]
A3R13|CONST|Poincare.D12.SemanticLedger.R_sq|thm|[propext, Classical.choice, Quot.sound]
A3R13|CONTROL|A3R13.a3r13UsesFakeAxiom|[A3R13.a3r13FakeAxiom]
A3R13|CONTROL|A3R13.a3r13UsesFakeOpaque|[]
