A3R13|CONST|Poincare.D12.SurgeryRecognition.northBall|def|[propext, Classical.choice, Quot.sound]
A3R13|CONST|Poincare.D12.SurgeryRecognition.SphericalSpaceFormModel.casesOn|def|[propext, Classical.choice, Quot.sound]
A3R13|CONST|Poincare.D12.SurgeryRecognition.quotientHomeoOfSubsingleton._proof_5|thm|[propext,
 Classical.choice,
 Quot.sound]
A3R13|CONST|Poincare.D12.SurgeryRecognition.antipodalVec|def|[propext, Classical.choice, Quot.sound]
A3R13|CONST|Poincare.D12.SurgeryRecognition.SphericalSpaceFormModel.spaceFormProjection_covering|thm|[propext,
 Classical.choice,
 Quot.sound]
A3R13|CONST|Poincare.D12.SurgeryRecognition.SphericalSpaceFormModel.noConfusionType|def|[propext,
 Classical.choice,
 Quot.sound]
A3R13|CONST|Poincare.D12.SurgeryRecognition.RemainingRecognitionHypothesesV3.noConfusionType|def|[propext,
 Classical.choice,
 Quot.sound]
A3R13|CONST|Poincare.D12.SurgeryRecognition.instContinuousConstSMulAntipodalGroupS3|thm|[propext,
 Classical.choice,
 Quot.sound]
A3R13|CONST|Poincare.D12.SurgeryRecognition.ballEquator|def|[propext, Classical.choice, Quot.sound]
A3R13|CONST|Poincare.D12.SurgeryRecognition.RemainingRecognitionHypotheses._sizeOf_inst|def|[propext,
 Classical.choice,
 Quot.sound]
A3R13|CONST|Poincare.D12.SurgeryRecognition.RemainingRecognitionHypotheses.vanKampen|thm|[propext,
 Classical.choice,
 Quot.sound]
A3R13|CONST|Poincare.D12.SurgeryRecognition.SphericalSum._sizeOf_inst|def|[propext, Classical.choice, Quot.sound]
A3R13|CONST|Poincare.D12.SurgeryRecognition.ConnectedSumDecompositionV2.rec|rec|[propext, Classical.choice, Quot.sound]
A3R13|CONST|Poincare.D12.SurgeryRecognition.downPoint_sphereBallPart_eq_of_nonpos|thm|[propext,
 Classical.choice,
 Quot.sound]
A3R13|CONST|Poincare.D12.SurgeryRecognition.SphericalSpaceFormModel.mk._flat_ctor|def|[propext,
 Classical.choice,
 Quot.sound]
A3R13|CONST|Poincare.D12.SurgeryRecognition.ballEquator._proof_1|thm|[propext, Classical.choice, Quot.sound]
A3R13|CONST|Poincare.D12.SurgeryRecognition.RemainingRecognitionHypotheses.pieceRecognition|def|[propext,
 Classical.choice,
 Quot.sound]
A3R13|CONST|Poincare.D12.SurgeryRecognition.SphericalSum.mk.injEq|thm|[propext, Classical.choice, Quot.sound]
A3R13|CONST|Poincare.D12.SurgeryRecognition.tailVec_norm_le_one_of_norm_eq_one|thm|[propext,
 Classical.choice,
 Quot.sound]
A3R13|CONST|Poincare.D12.SurgeryRecognition.endGame_finalTopology|thm|[propext, Classical.choice, Quot.sound]
A3R13|CONST|Poincare.D12.SurgeryRecognition.connectSumRel.match_1|def|[propext, Classical.choice, Quot.sound]
A3R13|CONST|Poincare.D12.SurgeryRecognition.RemainingRecognitionHypotheses.recOn|def|[propext,
 Classical.choice,
 Quot.sound]
A3R13|CONST|Poincare.D12.SurgeryRecognition.equatorHomeoS2._proof_7|thm|[propext, Classical.choice, Quot.sound]
A3R13|CONST|Poincare.D12.SurgeryRecognition.sphere2ToBall._proof_1|thm|[propext, Classical.choice, Quot.sound]
A3R13|CONST|Poincare.D12.SurgeryRecognition.southPunctureHomeo._proof_4|thm|[propext, Classical.choice, Quot.sound]
A3R13|CONST|Poincare.D12.SurgeryRecognition.RemainingRecognitionHypothesesV2.rec|rec|[propext,
 Classical.choice,
 Quot.sound]
A3R13|CONST|Poincare.D12.SurgeryRecognition.SphericalSpaceFormModel.instGroup|def|[propext,
 Classical.choice,
 Quot.sound]
A3R13|CONST|Poincare.D12.SurgeryRecognition.sphericalPieceRecognition_of._proof_1|thm|[propext,
 Classical.choice,
 Quot.sound]
A3R13|CONST|Poincare.D12.SurgeryRecognition.hemisphere_cover|thm|[propext, Classical.choice, Quot.sound]
A3R13|CONST|Poincare.D12.SurgeryRecognition.IsSpaceFormModelOf|def|[propext, Classical.choice, Quot.sound]
A3R13|CONST|Poincare.D12.SurgeryRecognition.antipodal_fiber_card_two|thm|[propext, Classical.choice, Quot.sound]
A3R13|CONST|Poincare.D12.SurgeryRecognition.RemainingRecognitionHypothesesV3.rec|rec|[propext,
 Classical.choice,
 Quot.sound]
A3R13|CONST|Poincare.D12.SurgeryRecognition.antipodal_fiber_equiv|thm|[propext, Classical.choice, Quot.sound]
A3R13|CONST|Poincare.D12.SurgeryRecognition.southPunctureHomeo._proof_8|thm|[propext, Classical.choice, Quot.sound]
A3R13|CONST|Poincare.D12.SurgeryRecognition.antipodal_free|thm|[propext, Classical.choice, Quot.sound]
A3R13|CONST|Poincare.D12.SurgeryRecognition.northHemisphereHomeo._proof_2|thm|[propext, Classical.choice, Quot.sound]
A3R13|CONST|Poincare.D12.SurgeryRecognition.SphericalSpaceFormModel.instFintype|def|[propext,
 Classical.choice,
 Quot.sound]
A3R13|CONST|Poincare.D12.SurgeryRecognition.sphericalPieceRecognition_expanded|thm|[propext,
 Classical.choice,
 Quot.sound]
A3R13|CONST|Poincare.D12.SurgeryRecognition.SphericalSpaceFormModel.mk.inj|thm|[propext, Classical.choice, Quot.sound]
A3R13|CONST|Poincare.D12.SurgeryRecognition.connectSumRel_equiv|thm|[propext, Classical.choice, Quot.sound]
A3R13|CONST|Poincare.D12.SurgeryRecognition.tailVec_continuous|thm|[propext, Classical.choice, Quot.sound]
A3R13|CONST|Poincare.D12.SurgeryRecognition.tailVec_norm_eq_one_of_norm_eq_one_and_fst_eq_zero|thm|[propext,
 Classical.choice,
 Quot.sound]
A3R13|CONST|Poincare.D12.SurgeryRecognition.SphericalSum|induct|[propext, Classical.choice, Quot.sound]
A3R13|CONST|Poincare.D12.SurgeryRecognition.ConnectedSumDecompositionV2|induct|[propext, Classical.choice, Quot.sound]
A3R13|CONST|Poincare.D12.SurgeryRecognition.SphericalSum.recOn|def|[propext, Classical.choice, Quot.sound]
A3R13|CONST|Poincare.D12.SurgeryRecognition.consVec3_self_tail|thm|[propext, Classical.choice, Quot.sound]
A3R13|CONST|Poincare.D12.SurgeryRecognition.norm_sq_consVec3|thm|[propext, Classical.choice, Quot.sound]
A3R13|CONST|Poincare.D12.SurgeryRecognition.hemiGlueRel.match_1|def|[propext, Classical.choice, Quot.sound]
A3R13|CONST|Poincare.D12.SurgeryRecognition.sphericalPieceRecognition_of|def|[propext, Classical.choice, Quot.sound]
A3R13|CONST|Poincare.D12.SurgeryRecognition.RemainingRecognitionHypotheses.mk.noConfusion|def|[propext,
 Classical.choice,
 Quot.sound]
A3R13|CONST|Poincare.D12.SurgeryRecognition.puncturedHomeo._proof_1|thm|[propext, Classical.choice, Quot.sound]
A3R13|CONST|Poincare.D12.SurgeryRecognition.up_northBall|thm|[propext, Classical.choice, Quot.sound]
A3R13|CONST|Poincare.D12.SurgeryRecognition.ConnectedSumDecompositionV2.casesOn|def|[propext,
 Classical.choice,
 Quot.sound]
A3R13|CONST|Poincare.D12.SurgeryRecognition.southPunctureHomeo._proof_9|thm|[propext, Classical.choice, Quot.sound]
A3R13|CONST|Poincare.D12.SurgeryRecognition.deckTrivial_of_simplyConnected_quotient|thm|[propext,
 Classical.choice,
 Quot.sound]
A3R13|CONST|Poincare.D12.SurgeryRecognition.down_southBall|thm|[propext, Classical.choice, Quot.sound]
A3R13|CONST|Poincare.D12.SurgeryRecognition.downPoint_mem|thm|[propext, Classical.choice, Quot.sound]
A3R13|CONST|Poincare.D12.SurgeryRecognition.antipodalModel|def|[propext, Classical.choice, Quot.sound]
A3R13|CONST|Poincare.D12.SurgeryRecognition.instMulActionAntipodalGroupS3._proof_1|thm|[propext,
 Classical.choice,
 Quot.sound]
A3R13|CONST|Poincare.D12.SurgeryRecognition.mem_downS3_openBall_iff|thm|[propext, Classical.choice, Quot.sound]
A3R13|CONST|Poincare.D12.SurgeryRecognition.equatorHomeoS2._proof_8|thm|[propext, Classical.choice, Quot.sound]
A3R13|CONST|Poincare.D12.SurgeryRecognition.AntipodalGroup|def|[]
A3R13|CONST|Poincare.D12.SurgeryRecognition.RemainingRecognitionHypothesesV2.mk.noConfusion|def|[propext,
 Classical.choice,
 Quot.sound]
A3R13|CONST|Poincare.D12.SurgeryRecognition.height|def|[propext, Classical.choice, Quot.sound]
A3R13|CONST|Poincare.D12.SurgeryRecognition.SphericalSpaceFormModel.spaceForm_monodromy_transitive|thm|[propext,
 Classical.choice,
 Quot.sound]
A3R13|CONST|Poincare.D12.SurgeryRecognition.quotientMapHomeo._proof_3|thm|[Quot.sound]
A3R13|CONST|Poincare.D12.SurgeryRecognition.puncturedHomeo.eq_1|thm|[propext, Classical.choice, Quot.sound]
A3R13|CONST|Poincare.D12.SurgeryRecognition.southPunctureHomeo._proof_6|thm|[propext, Classical.choice, Quot.sound]
A3R13|CONST|Poincare.D12.SurgeryRecognition.quotientMapHomeo|def|[propext, Classical.choice, Quot.sound]
A3R13|CONST|Poincare.D12.SurgeryRecognition.EndGameDecomposition.neckEstimates|def|[propext,
 Classical.choice,
 Quot.sound]
A3R13|CONST|Poincare.D12.SurgeryRecognition.southBall_down|thm|[propext, Classical.choice, Quot.sound]
A3R13|CONST|Poincare.D12.SurgeryRecognition.RemainingRecognitionHypothesesV2.mk.injEq|thm|[propext,
 Classical.choice,
 Quot.sound]
A3R13|CONST|Poincare.D12.SurgeryRecognition.hemiGlueRel_transport|thm|[propext, Classical.choice, Quot.sound]
A3R13|CONST|Poincare.D12.SurgeryRecognition.doubleBallHomeoSphere|def|[propext, Classical.choice, Quot.sound]
A3R13|CONST|Poincare.D12.SurgeryRecognition.southHemisphereHomeo._proof_2|thm|[propext, Classical.choice, Quot.sound]
A3R13|CONST|Poincare.D12.SurgeryRecognition.SphericalSpaceFormModel.spaceForm_fiber_subsingleton|thm|[propext,
 Classical.choice,
 Quot.sound]
A3R13|CONST|Poincare.D12.SurgeryRecognition.EndGameDecomposition.mk.inj|thm|[propext, Classical.choice, Quot.sound]
A3R13|CONST|Poincare.D12.SurgeryRecognition.connectSumRel_transport|thm|[propext, Classical.choice, Quot.sound]
A3R13|CONST|Poincare.D12.SurgeryRecognition.RemainingRecognitionHypothesesV3.ctorIdx|def|[propext,
 Classical.choice,
 Quot.sound]
A3R13|CONST|Poincare.D12.SurgeryRecognition.equatorHomeoS2._proof_6|thm|[propext, Classical.choice, Quot.sound]
A3R13|CONST|Poincare.D12.SurgeryRecognition.southHemisphereHomeo._proof_1|thm|[propext, Classical.choice, Quot.sound]
A3R13|CONST|Poincare.D12.SurgeryRecognition.iteratedSphereSum._f|def|[propext, Classical.choice, Quot.sound]
A3R13|CONST|Poincare.D12.SurgeryRecognition.equator|def|[propext, Classical.choice, Quot.sound]
A3R13|CONST|Poincare.D12.SurgeryRecognition.SphericalSpaceFormModel.mk.injEq|thm|[propext, Classical.choice, Quot.sound]
A3R13|CONST|Poincare.D12.SurgeryRecognition.southPunctureHomeo._proof_2|thm|[propext, Classical.choice, Quot.sound]
A3R13|CONST|Poincare.D12.SurgeryRecognition.downPoint_fst|thm|[propext, Classical.choice, Quot.sound]
A3R13|CONST|Poincare.D12.SurgeryRecognition.iteratedSphereSum._proof_7|thm|[propext, Classical.choice, Quot.sound]
A3R13|CONST|Poincare.D12.SurgeryRecognition.RemainingRecognitionHypothesesV2.noConfusionType|def|[propext,
 Classical.choice,
 Quot.sound]
A3R13|CONST|Poincare.D12.SurgeryRecognition.ConnectedSumDecomposition.mkV2._proof_1|thm|[propext,
 Classical.choice,
 Quot.sound]
A3R13|CONST|Poincare.D12.SurgeryRecognition.antipodalQuotientCovering|thm|[propext, Classical.choice, Quot.sound]
A3R13|CONST|Poincare.D12.SurgeryRecognition.RemainingRecognitionHypothesesV2.mk._flat_ctor|def|[propext,
 Classical.choice,
 Quot.sound]
A3R13|CONST|Poincare.D12.SurgeryRecognition.puncturedHomeo._proof_2|thm|[propext, Classical.choice, Quot.sound]
A3R13|CONST|Poincare.D12.SurgeryRecognition.EndGameDecomposition._sizeOf_inst|def|[propext,
 Classical.choice,
 Quot.sound]
A3R13|CONST|Poincare.D12.SurgeryRecognition.connectSumCongr._proof_1|thm|[propext, Classical.choice, Quot.sound]
A3R13|CONST|Poincare.D12.SurgeryRecognition.sphereConnectSum|def|[propext, Classical.choice, Quot.sound]
A3R13|CONST|Poincare.D12.SurgeryRecognition.OpenBall3|def|[propext, Classical.choice, Quot.sound]
A3R13|CONST|Poincare.D12.SurgeryRecognition.SphericalSpaceFormModel.ctorIdx|def|[propext, Classical.choice, Quot.sound]
A3R13|CONST|Poincare.D12.SurgeryRecognition.tailVec_consVec3|thm|[propext, Classical.choice, Quot.sound]
A3R13|CONST|Poincare.D12.SurgeryRecognition.antipodal|def|[propext, Classical.choice, Quot.sound]
A3R13|CONST|Poincare.D12.SurgeryRecognition.ballOrigin._proof_1|thm|[propext, Classical.choice, Quot.sound]
A3R13|CONST|Poincare.D12.SurgeryRecognition.RemainingRecognitionHypothesesV3._sizeOf_inst|def|[propext,
 Classical.choice,
 Quot.sound]
A3R13|CONST|Poincare.D12.SurgeryRecognition.transportedSouthDisk_injective|thm|[propext, Classical.choice, Quot.sound]
A3R13|CONST|Poincare.D12.SurgeryRecognition.ConnectedSumDecompositionV2.mk|ctor|[propext, Classical.choice, Quot.sound]
A3R13|CONST|Poincare.D12.SurgeryRecognition.EndGameDecomposition.noConfusionType|def|[propext,
 Classical.choice,
 Quot.sound]
A3R13|CONST|Poincare.D12.SurgeryRecognition.SphericalSpaceFormModel.spaceFormFiberEquivGroup|def|[propext,
 Classical.choice,
 Quot.sound]
A3R13|CONST|Poincare.D12.SurgeryRecognition.equatorHomeoS2._proof_10|thm|[propext, Classical.choice, Quot.sound]
A3R13|CONST|Poincare.D12.SurgeryRecognition.sphereBallPart._proof_1|thm|[propext, Classical.choice, Quot.sound]
A3R13|CONST|Poincare.D12.SurgeryRecognition.height_continuous|thm|[propext, Classical.choice, Quot.sound]
A3R13|CONST|Poincare.D12.SurgeryRecognition.SphericalSum._sizeOf_1|def|[propext, Classical.choice, Quot.sound]
A3R13|CONST|Poincare.D12.SurgeryRecognition.sphere2ToBall_continuous|thm|[propext, Classical.choice, Quot.sound]
A3R13|CONST|Poincare.D12.SurgeryRecognition.equatorHomeoS2._proof_1|thm|[propext, Classical.choice, Quot.sound]
A3R13|CONST|Poincare.D12.SurgeryRecognition.SphericalSpaceFormModel.mk.noConfusion|def|[propext,
 Classical.choice,
 Quot.sound]
A3R13|CONST|Poincare.D12.SurgeryRecognition.antipodal_one|thm|[propext, Classical.choice, Quot.sound]
A3R13|CONST|Poincare.D12.SurgeryRecognition.RemainingRecognitionHypotheses.ctorIdx|def|[propext,
 Classical.choice,
 Quot.sound]
A3R13|CONST|Poincare.D12.SurgeryRecognition.SphericalSpaceFormModel.noConfusion|def|[propext,
 Classical.choice,
 Quot.sound]
A3R13|CONST|Poincare.D12.SurgeryRecognition.iteratedSphereSum._proof_2|thm|[propext, Classical.choice, Quot.sound]
A3R13|CONST|Poincare.D12.SurgeryRecognition.downS3_image_S2_eq_equator|thm|[propext, Classical.choice, Quot.sound]
A3R13|CONST|Poincare.D12.SurgeryRecognition.SphericalSpaceFormModel.free|thm|[propext, Classical.choice, Quot.sound]
A3R13|CONST|Poincare.D12.SurgeryRecognition.S2|def|[propext, Classical.choice, Quot.sound]
A3R13|CONST|Poincare.D12.SurgeryRecognition.RemainingRecognitionHypothesesV2._sizeOf_inst|def|[propext,
 Classical.choice,
 Quot.sound]
A3R13|CONST|Poincare.D12.SurgeryRecognition.consVec3._proof_1|thm|[propext]
A3R13|CONST|Poincare.D12.SurgeryRecognition.upPoint_mem|thm|[propext, Classical.choice, Quot.sound]
A3R13|CONST|Poincare.D12.SurgeryRecognition.sphere2ToBall.eq_1|thm|[propext, Classical.choice, Quot.sound]
A3R13|CONST|Poincare.D12.SurgeryRecognition.quotientHomeoOfSubsingleton._proof_2|thm|[propext,
 Classical.choice,
 Quot.sound]
A3R13|CONST|Poincare.D12.SurgeryRecognition.quotientMapHomeo._proof_8|thm|[propext, Classical.choice, Quot.sound]
A3R13|CONST|Poincare.D12.SurgeryRecognition.RemainingRecognitionHypothesesV2|induct|[propext,
 Classical.choice,
 Quot.sound]
A3R13|CONST|Poincare.D12.SurgeryRecognition.quotientHomeoOfSubsingleton._proof_4|thm|[propext,
 Classical.choice,
 Quot.sound]
A3R13|CONST|Poincare.D12.SurgeryRecognition.upPoint_fst|thm|[propext, Classical.choice, Quot.sound]
A3R13|CONST|Poincare.D12.SurgeryRecognition.southPole|def|[propext, Classical.choice, Quot.sound]
A3R13|CONST|Poincare.D12.SurgeryRecognition.toSphere_origin_second|thm|[propext, Classical.choice, Quot.sound]
A3R13|CONST|Poincare.D12.SurgeryRecognition.ConnectedSumDecomposition.mkV2|def|[propext, Classical.choice, Quot.sound]
A3R13|CONST|Poincare.D12.SurgeryRecognition.SphericalSum.mk.inj|thm|[propext, Classical.choice, Quot.sound]
A3R13|CONST|Poincare.D12.SurgeryRecognition.toSphere.eq_1|thm|[propext, Classical.choice, Quot.sound]
A3R13|CONST|Poincare.D12.SurgeryRecognition.northBall_injective|thm|[propext, Classical.choice, Quot.sound]
A3R13|CONST|Poincare.D12.SurgeryRecognition.ofSphere|def|[propext, Classical.choice, Quot.sound]
A3R13|CONST|Poincare.D12.SurgeryRecognition.equatorHomeoS2._proof_11|thm|[propext, Classical.choice, Quot.sound]
A3R13|CONST|Poincare.D12.SurgeryRecognition.glueRel.eq_1|thm|[propext, Classical.choice, Quot.sound]
A3R13|CONST|Poincare.D12.SurgeryRecognition.extinctionCertificate_expanded|thm|[propext, Classical.choice, Quot.sound]
A3R13|CONST|Poincare.D12.SurgeryRecognition.northPole._proof_1|thm|[propext, Classical.choice, Quot.sound]
A3R13|CONST|Poincare.D12.SurgeryRecognition.SphericalSum.noConfusionType|def|[propext, Classical.choice, Quot.sound]
A3R13|CONST|Poincare.D12.SurgeryRecognition.S3Set|def|[propext, Classical.choice, Quot.sound]
A3R13|CONST|Poincare.D12.SurgeryRecognition.upPoint_continuous|thm|[propext, Classical.choice, Quot.sound]
A3R13|CONST|Poincare.D12.SurgeryRecognition.EndGameDecomposition.noConfusion|def|[propext, Classical.choice, Quot.sound]
A3R13|CONST|Poincare.D12.SurgeryRecognition.ConnectedSumDecompositionV2.pieceSphere|thm|[propext,
 Classical.choice,
 Quot.sound]
A3R13|CONST|Poincare.D12.SurgeryRecognition.sphereBallPart.eq_1|thm|[propext, Classical.choice, Quot.sound]
A3R13|CONST|Poincare.D12.SurgeryRecognition.iteratedSphereSum._proof_1|thm|[propext, Classical.choice, Quot.sound]
A3R13|CONST|Poincare.D12.SurgeryRecognition.EndGameDecomposition.mk|ctor|[propext, Classical.choice, Quot.sound]
A3R13|CONST|Poincare.D12.SurgeryRecognition.sphereConnectSum_transported|def|[propext, Classical.choice, Quot.sound]
A3R13|CONST|Poincare.D12.SurgeryRecognition.tailVec|def|[propext, Classical.choice, Quot.sound]
A3R13|CONST|Poincare.D12.SurgeryRecognition.RemainingRecognitionHypothesesV2.mk.inj|thm|[propext,
 Classical.choice,
 Quot.sound]
A3R13|CONST|Poincare.D12.SurgeryRecognition.hemiGlueRel|def|[propext, Classical.choice, Quot.sound]
A3R13|CONST|Poincare.D12.SurgeryRecognition.SphericalSpaceFormModel.spaceFormProjection|def|[propext,
 Classical.choice,
 Quot.sound]
A3R13|CONST|Poincare.D12.SurgeryRecognition.southPunctureHomeo.eq_1|thm|[propext, Classical.choice, Quot.sound]
A3R13|CONST|Poincare.D12.SurgeryRecognition.sphereThree_pathConnectedSpace|thm|[propext, Classical.choice, Quot.sound]
A3R13|CONST|Poincare.D12.SurgeryRecognition.SphericalSpaceFormModel|induct|[propext, Classical.choice, Quot.sound]
A3R13|CONST|Poincare.D12.SurgeryRecognition.antipodal._proof_1|thm|[propext, Classical.choice, Quot.sound]
A3R13|CONST|Poincare.D12.SurgeryRecognition.RemainingRecognitionHypothesesV2.coveringTrivial|thm|[propext,
 Classical.choice,
 Quot.sound]
A3R13|CONST|Poincare.D12.SurgeryRecognition.up|def|[propext, Classical.choice, Quot.sound]
A3R13|CONST|Poincare.D12.SurgeryRecognition.ConnectedSumDecompositionV2.recOn|def|[propext,
 Classical.choice,
 Quot.sound]
A3R13|CONST|Poincare.D12.SurgeryRecognition.stage6Target_of_v3hypotheses|thm|[propext, Classical.choice, Quot.sound]
A3R13|CONST|Poincare.D12.SurgeryRecognition.EndGameDecomposition.mk.noConfusion|def|[propext,
 Classical.choice,
 Quot.sound]
A3R13|CONST|Poincare.D12.SurgeryRecognition.sphere2ToBall|def|[propext, Classical.choice, Quot.sound]
A3R13|CONST|Poincare.D12.SurgeryRecognition.puncturedHomeo|def|[propext, Classical.choice, Quot.sound]
A3R13|CONST|Poincare.D12.SurgeryRecognition.EndGameDecomposition.finalTopology|thm|[propext,
 Classical.choice,
 Quot.sound]
A3R13|CONST|Poincare.D12.SurgeryRecognition.quotientHomeoOfSubsingleton|def|[propext, Classical.choice, Quot.sound]
A3R13|CONST|Poincare.D12.SurgeryRecognition.equator_both_copies|thm|[propext, Classical.choice, Quot.sound]
A3R13|CONST|Poincare.D12.SurgeryRecognition.instSMulAntipodalGroupS3|def|[propext, Classical.choice, Quot.sound]
A3R13|CONST|Poincare.D12.SurgeryRecognition.EndGameDecomposition.mk.sizeOf_spec|thm|[propext,
 Classical.choice,
 Quot.sound]
A3R13|CONST|Poincare.D12.SurgeryRecognition.antipodalModel._proof_1|thm|[propext]
A3R13|CONST|Poincare.D12.SurgeryRecognition.EndGameDecomposition.ctorIdx|def|[propext, Classical.choice, Quot.sound]
A3R13|CONST|Poincare.D12.SurgeryRecognition.S3|def|[propext, Classical.choice, Quot.sound]
A3R13|CONST|Poincare.D12.SurgeryRecognition.toSphere_continuous|thm|[propext, Classical.choice, Quot.sound]
A3R13|CONST|Poincare.D12.SurgeryRecognition.sphereBallPart|def|[propext, Classical.choice, Quot.sound]
A3R13|CONST|Poincare.D12.SurgeryRecognition.iteratedSphereSum_homeo_sphere|thm|[propext, Classical.choice, Quot.sound]
A3R13|CONST|Poincare.D12.SurgeryRecognition.connectedSumDecomposition_expanded|thm|[propext,
 Classical.choice,
 Quot.sound]
A3R13|CONST|Poincare.D12.SurgeryRecognition.puncturedHomeo._proof_8|thm|[propext, Classical.choice, Quot.sound]
A3R13|CONST|Poincare.D12.SurgeryRecognition.SphericalSpaceFormModel.coveringQuotient|thm|[propext,
 Classical.choice,
 Quot.sound]
A3R13|CONST|Poincare.D12.SurgeryRecognition.equatorHomeoS2._proof_2|thm|[propext, Classical.choice, Quot.sound]
A3R13|CONST|Poincare.D12.SurgeryRecognition.RemainingRecognitionHypotheses.rec|rec|[propext,
 Classical.choice,
 Quot.sound]
A3R13|CONST|Poincare.D12.SurgeryRecognition.iteratedSphereSum.match_1|def|[propext, Classical.choice, Quot.sound]
A3R13|CONST|Poincare.D12.SurgeryRecognition.puncturedHomeo._proof_6|thm|[propext, Classical.choice, Quot.sound]
A3R13|CONST|Poincare.D12.SurgeryRecognition.RemainingRecognitionHypothesesV2.mk|ctor|[propext,
 Classical.choice,
 Quot.sound]
A3R13|CONST|Poincare.D12.SurgeryRecognition.northBall_continuous|thm|[propext, Classical.choice, Quot.sound]
A3R13|CONST|Poincare.D12.SurgeryRecognition.SphericalSpaceFormModel.recOn|def|[propext, Classical.choice, Quot.sound]
A3R13|CONST|Poincare.D12.SurgeryRecognition.quotientHomeoOfSubsingleton._proof_3|thm|[propext,
 Classical.choice,
 Quot.sound]
A3R13|CONST|Poincare.D12.SurgeryRecognition.northHemisphereHomeo._proof_3|thm|[propext, Classical.choice, Quot.sound]
A3R13|CONST|Poincare.D12.SurgeryRecognition.hemiGlueRel_equiv|thm|[propext, Classical.choice, Quot.sound]
A3R13|CONST|Poincare.D12.SurgeryRecognition.RemainingRecognitionHypotheses._sizeOf_1|def|[propext,
 Classical.choice,
 Quot.sound]
A3R13|CONST|Poincare.D12.SurgeryRecognition.stage6Target_of_v2hypotheses|thm|[propext, Classical.choice, Quot.sound]
A3R13|CONST|Poincare.D12.SurgeryRecognition.northHemisphereHomeo|def|[propext, Classical.choice, Quot.sound]
A3R13|CONST|Poincare.D12.SurgeryRecognition.SphericalSum.sumHomeo|thm|[propext, Classical.choice, Quot.sound]
A3R13|CONST|Poincare.D12.SurgeryRecognition.consVec3_continuous|thm|[propext, Classical.choice, Quot.sound]
A3R13|CONST|Poincare.D12.SurgeryRecognition.height_sphereBallPart_eq_fst_of_nonneg|thm|[propext,
 Classical.choice,
 Quot.sound]
A3R13|CONST|Poincare.D12.SurgeryRecognition.glueRel|def|[propext, Classical.choice, Quot.sound]
A3R13|CONST|Poincare.D12.SurgeryRecognition.consVec3_fst|thm|[propext, Classical.choice, Quot.sound]
A3R13|CONST|Poincare.D12.SurgeryRecognition.RemainingRecognitionHypothesesV2.toRemaining|def|[propext,
 Classical.choice,
 Quot.sound]
A3R13|CONST|Poincare.D12.SurgeryRecognition.southPunctureHomeo._proof_3|thm|[propext, Classical.choice, Quot.sound]
A3R13|CONST|Poincare.D12.SurgeryRecognition.equatorHomeoS2._proof_3|thm|[propext, Classical.choice, Quot.sound]
A3R13|CONST|Poincare.D12.SurgeryRecognition.antipodal.eq_1|thm|[propext, Classical.choice, Quot.sound]
A3R13|CONST|Poincare.D12.SurgeryRecognition.SphericalSpaceFormModel.mk.sizeOf_spec|thm|[propext,
 Classical.choice,
 Quot.sound]
A3R13|CONST|Poincare.D12.SurgeryRecognition.connectedSum|def|[propext, Classical.choice, Quot.sound]
A3R13|CONST|Poincare.D12.SurgeryRecognition.downS3|def|[propext, Classical.choice, Quot.sound]
A3R13|CONST|Poincare.D12.SurgeryRecognition.recognitionHypotheses_expanded|thm|[propext, Classical.choice, Quot.sound]
A3R13|CONST|Poincare.D12.SurgeryRecognition.quotientMapHomeo._proof_7|thm|[Quot.sound]
A3R13|CONST|Poincare.D12.SurgeryRecognition.quotientHomeoOfSubsingleton._proof_1|thm|[propext,
 Classical.choice,
 Quot.sound]
A3R13|CONST|Poincare.D12.SurgeryRecognition.RemainingRecognitionHypothesesV3.toRemaining|def|[propext,
 Classical.choice,
 Quot.sound]
A3R13|CONST|Poincare.D12.SurgeryRecognition.R3|def|[propext, Classical.choice, Quot.sound]
A3R13|CONST|Poincare.D12.SurgeryRecognition.antipodalGroup_card|thm|[propext, Classical.choice, Quot.sound]
A3R13|CONST|Poincare.D12.SurgeryRecognition.S2Set|def|[propext, Classical.choice, Quot.sound]
A3R13|CONST|Poincare.D12.SurgeryRecognition.RemainingRecognitionHypotheses.noConfusion|def|[propext,
 Classical.choice,
 Quot.sound]
A3R13|CONST|Poincare.D12.SurgeryRecognition.SphericalSpaceFormModel.Γ|def|[propext, Classical.choice, Quot.sound]
A3R13|CONST|Poincare.D12.SurgeryRecognition.northBall_up|thm|[propext, Classical.choice, Quot.sound]
A3R13|CONST|Poincare.D12.SurgeryRecognition.southPole._proof_1|thm|[propext, Classical.choice, Quot.sound]
A3R13|CONST|Poincare.D12.SurgeryRecognition.equatorHomeoS2._proof_4|thm|[propext, Classical.choice, Quot.sound]
A3R13|CONST|Poincare.D12.SurgeryRecognition.sphere2_norm_eq_one_of_mem._simp_1_1|thm|[propext,
 Classical.choice,
 Quot.sound]
A3R13|CONST|Poincare.D12.SurgeryRecognition.iteratedSphereSum._proof_4|thm|[propext, Classical.choice, Quot.sound]
A3R13|CONST|Poincare.D12.SurgeryRecognition.antipodal_two_sheets|thm|[propext, Classical.choice, Quot.sound]
A3R13|CONST|Poincare.D12.SurgeryRecognition.EndGameDecomposition.surgeryExistence|def|[propext,
 Classical.choice,
 Quot.sound]
A3R13|CONST|Poincare.D12.SurgeryRecognition.RemainingRecognitionHypothesesV3.mk.inj|thm|[propext,
 Classical.choice,
 Quot.sound]
A3R13|CONST|Poincare.D12.SurgeryRecognition.northHemisphereHomeo._proof_1|thm|[propext, Classical.choice, Quot.sound]
A3R13|CONST|Poincare.D12.SurgeryRecognition.transportedSouthDisk|def|[propext, Classical.choice, Quot.sound]
A3R13|CONST|Poincare.D12.SurgeryRecognition.antipodal_of_ne_one|thm|[propext, Classical.choice, Quot.sound]
A3R13|CONST|Poincare.D12.SurgeryRecognition.RemainingRecognitionHypotheses.casesOn|def|[propext,
 Classical.choice,
 Quot.sound]
A3R13|CONST|Poincare.D12.SurgeryRecognition.equatorHomeoS2._proof_9|thm|[propext, Classical.choice, Quot.sound]
A3R13|CONST|Poincare.D12.SurgeryRecognition.southHemisphere|def|[propext, Classical.choice, Quot.sound]
A3R13|CONST|Poincare.D12.SurgeryRecognition.SphericalSpaceFormModel.covering|thm|[propext, Classical.choice, Quot.sound]
A3R13|CONST|Poincare.D12.SurgeryRecognition.quotientMapHomeo._proof_2|thm|[Quot.sound]
A3R13|CONST|Poincare.D12.SurgeryRecognition.up._proof_1|thm|[propext, Classical.choice, Quot.sound]
A3R13|CONST|Poincare.D12.SurgeryRecognition.quotientMapHomeo._proof_5|thm|[Quot.sound]
A3R13|CONST|Poincare.D12.SurgeryRecognition.ballOrigin|def|[propext, Classical.choice, Quot.sound]
A3R13|CONST|Poincare.D12.SurgeryRecognition.ofSphere_toSphere|thm|[propext, Classical.choice, Quot.sound]
A3R13|CONST|Poincare.D12.SurgeryRecognition.SphericalSpaceFormModel._sizeOf_inst|def|[propext,
 Classical.choice,
 Quot.sound]
A3R13|CONST|Poincare.D12.SurgeryRecognition.height_sphereBallPart_eq_neg_fst_of_nonpos|thm|[propext,
 Classical.choice,
 Quot.sound]
A3R13|CONST|Poincare.D12.SurgeryRecognition.antipodalQuotient|def|[propext, Classical.choice, Quot.sound]
A3R13|CONST|Poincare.D12.SurgeryRecognition.R4|def|[propext, Classical.choice, Quot.sound]
A3R13|CONST|Poincare.D12.SurgeryRecognition.RemainingRecognitionHypothesesV3.vanKampen|thm|[propext,
 Classical.choice,
 Quot.sound]
A3R13|CONST|Poincare.D12.SurgeryRecognition.ofSphere_continuous._simp_1_2|thm|[propext, Classical.choice, Quot.sound]
A3R13|CONST|Poincare.D12.SurgeryRecognition.RemainingRecognitionHypotheses.noConfusionType|def|[propext,
 Classical.choice,
 Quot.sound]
A3R13|CONST|Poincare.D12.SurgeryRecognition.glueRel.eq_3|thm|[propext, Classical.choice, Quot.sound]
A3R13|CONST|Poincare.D12.SurgeryRecognition.SphericalSpaceFormModel.rec|rec|[propext, Classical.choice, Quot.sound]
A3R13|CONST|Poincare.D12.SurgeryRecognition.antipodalCoveringMap|thm|[propext, Classical.choice, Quot.sound]
A3R13|CONST|Poincare.D12.SurgeryRecognition.quotientMapHomeo._proof_1|thm|[Quot.sound]
A3R13|CONST|Poincare.D12.SurgeryRecognition.iteratedSphereSum._proof_5|thm|[propext, Classical.choice, Quot.sound]
A3R13|CONST|Poincare.D12.SurgeryRecognition.sphericalPieceRecognition_of_spaceForm|def|[propext,
 Classical.choice,
 Quot.sound]
A3R13|CONST|Poincare.D12.SurgeryRecognition.RemainingRecognitionHypothesesV3.recOn|def|[propext,
 Classical.choice,
 Quot.sound]
A3R13|CONST|Poincare.D12.SurgeryRecognition.northHemisphere|def|[propext, Classical.choice, Quot.sound]
A3R13|CONST|Poincare.D12.SurgeryRecognition.hemiQuot_homeo_DoubleBall|def|[propext, Classical.choice, Quot.sound]
A3R13|CONST|Poincare.D12.SurgeryRecognition.RemainingRecognitionHypothesesV3.mk.injEq|thm|[propext,
 Classical.choice,
 Quot.sound]
A3R13|CONST|Poincare.D12.SurgeryRecognition.RemainingRecognitionHypothesesV2.vanKampen|thm|[propext,
 Classical.choice,
 Quot.sound]
A3R13|CONST|Poincare.D12.SurgeryRecognition.equator.eq_1|thm|[propext, Classical.choice, Quot.sound]
A3R13|CONST|Poincare.D12.SurgeryRecognition.downPoint_continuous|thm|[propext, Classical.choice, Quot.sound]
A3R13|CONST|Poincare.D12.SurgeryRecognition.antipodalVec_one|thm|[propext, Classical.choice, Quot.sound]
A3R13|CONST|Poincare.D12.SurgeryRecognition.RemainingRecognitionHypothesesV2.casesOn|def|[propext,
 Classical.choice,
 Quot.sound]
A3R13|CONST|Poincare.D12.SurgeryRecognition.up_mem_equator_iff|thm|[propext, Classical.choice, Quot.sound]
A3R13|CONST|Poincare.D12.SurgeryRecognition.finiteFreeOrbit_isQuotientCoveringMap|thm|[propext,
 Classical.choice,
 Quot.sound]
A3R13|CONST|Poincare.D12.SurgeryRecognition.down_continuous|thm|[propext, Classical.choice, Quot.sound]
A3R13|CONST|Poincare.D12.SurgeryRecognition.RemainingRecognitionHypothesesV3.spaceForm|def|[propext,
 Classical.choice,
 Quot.sound]
A3R13|CONST|Poincare.D12.SurgeryRecognition.openBallInBall|def|[propext, Classical.choice, Quot.sound]
A3R13|CONST|Poincare.D12.SurgeryRecognition.SphericalSpaceFormModel.quotient|def|[propext, Classical.choice, Quot.sound]
A3R13|CONST|Poincare.D12.SurgeryRecognition.quotientMapHomeo._proof_6|thm|[propext, Classical.choice, Quot.sound]
A3R13|CONST|Poincare.D12.SurgeryRecognition.ball3_norm_le_one|thm|[propext, Classical.choice, Quot.sound]
A3R13|CONST|Poincare.D12.SurgeryRecognition.sphere2_norm_eq_one|thm|[propext, Classical.choice, Quot.sound]
A3R13|CONST|Poincare.D12.SurgeryRecognition.northHemisphere._proof_1|thm|[propext]
A3R13|CONST|Poincare.D12.SurgeryRecognition.height_sq|thm|[propext, Classical.choice, Quot.sound]
A3R13|CONST|Poincare.D12.SurgeryRecognition.northPole|def|[propext, Classical.choice, Quot.sound]
A3R13|CONST|Poincare.D12.SurgeryRecognition.RemainingRecognitionHypothesesV2.mk.sizeOf_spec|thm|[propext,
 Classical.choice,
 Quot.sound]
A3R13|CONST|Poincare.D12.SurgeryRecognition.SphericalSum.mk._flat_ctor|def|[propext, Classical.choice, Quot.sound]
A3R13|CONST|Poincare.D12.SurgeryRecognition.S3Set_eq|thm|[propext, Classical.choice, Quot.sound]
A3R13|CONST|Poincare.D12.SurgeryRecognition.SphericalSpaceFormModel.instContinuous|thm|[propext,
 Classical.choice,
 Quot.sound]
A3R13|CONST|Poincare.D12.SurgeryRecognition.southPunctureHomeo._proof_7|thm|[propext, Classical.choice, Quot.sound]
A3R13|CONST|Poincare.D12.SurgeryRecognition.Ball3|def|[propext, Classical.choice, Quot.sound]
A3R13|CONST|Poincare.D12.SurgeryRecognition.sphereSpace|def|[propext, Classical.choice, Quot.sound]
A3R13|CONST|Poincare.D12.SurgeryRecognition.RemainingRecognitionHypotheses.mk.injEq|thm|[propext,
 Classical.choice,
 Quot.sound]
A3R13|CONST|Poincare.D12.SurgeryRecognition.SphericalSpaceFormModel._sizeOf_1|def|[propext,
 Classical.choice,
 Quot.sound]
A3R13|CONST|Poincare.D12.SurgeryRecognition.down._proof_1|thm|[propext, Classical.choice, Quot.sound]
A3R13|CONST|Poincare.D12.SurgeryRecognition.EndGameDecomposition|induct|[propext, Classical.choice, Quot.sound]
A3R13|CONST|Poincare.D12.SurgeryRecognition.RemainingRecognitionHypotheses.mk.inj|thm|[propext,
 Classical.choice,
 Quot.sound]
A3R13|CONST|Poincare.D12.SurgeryRecognition.RemainingRecognitionHypothesesV3.noConfusion|def|[propext,
 Classical.choice,
 Quot.sound]
A3R13|CONST|Poincare.D12.SurgeryRecognition.northHemisphereHomeo_symm_apply|thm|[propext, Classical.choice, Quot.sound]
A3R13|CONST|Poincare.D12.SurgeryRecognition.southBall_continuous|thm|[propext, Classical.choice, Quot.sound]
A3R13|CONST|Poincare.D12.SurgeryRecognition.EndGameDecomposition.mk.injEq|thm|[propext, Classical.choice, Quot.sound]
A3R13|CONST|Poincare.D12.SurgeryRecognition.consVec3|def|[propext, Classical.choice, Quot.sound]
A3R13|CONST|Poincare.D12.SurgeryRecognition.iteratedSphereSum|def|[propext, Classical.choice, Quot.sound]
A3R13|CONST|Poincare.D12.SurgeryRecognition.antipodalVec.eq_1|thm|[propext, Classical.choice, Quot.sound]
A3R13|CONST|Poincare.D12.SurgeryRecognition.stage6Target_of_v2decomposition|thm|[propext, Classical.choice, Quot.sound]
A3R13|CONST|Poincare.D12.SurgeryRecognition.RemainingRecognitionHypothesesV2.noConfusion|def|[propext,
 Classical.choice,
 Quot.sound]
A3R13|CONST|Poincare.D12.SurgeryRecognition.glue_eq|thm|[propext, Classical.choice, Quot.sound]
A3R13|CONST|Poincare.D12.SurgeryRecognition.instMulActionAntipodalGroupS3|def|[propext, Classical.choice, Quot.sound]
A3R13|CONST|Poincare.D12.SurgeryRecognition.sphereConnectSum_homeo_hemiQuot|def|[propext, Classical.choice, Quot.sound]
A3R13|CONST|Poincare.D12.SurgeryRecognition.EndGameDecomposition.recOn|def|[propext, Classical.choice, Quot.sound]
A3R13|CONST|Poincare.D12.SurgeryRecognition.RemainingRecognitionHypothesesV2.ctorIdx|def|[propext,
 Classical.choice,
 Quot.sound]
A3R13|CONST|Poincare.D12.SurgeryRecognition.sphere2_norm_eq_one_of_mem|thm|[propext, Classical.choice, Quot.sound]
A3R13|CONST|Poincare.D12.SurgeryRecognition.toSpherePre.eq_1|thm|[propext, Classical.choice, Quot.sound]
A3R13|CONST|Poincare.D12.SurgeryRecognition.puncturedHomeo._proof_5|thm|[propext, Classical.choice, Quot.sound]
A3R13|CONST|Poincare.D12.SurgeryRecognition.southPunctureHomeo|def|[propext, Classical.choice, Quot.sound]
A3R13|CONST|Poincare.D12.SurgeryRecognition.toSphere_ofSphere|thm|[propext, Classical.choice, Quot.sound]
A3R13|CONST|Poincare.D12.SurgeryRecognition.iteratedSphereSum._sunfold|def|[propext, Classical.choice, Quot.sound]
A3R13|CONST|Poincare.D12.SurgeryRecognition.RemainingRecognitionHypothesesV3.mk._flat_ctor|def|[propext,
 Classical.choice,
 Quot.sound]
A3R13|CONST|Poincare.D12.SurgeryRecognition.equatorHomeoS2._proof_5|thm|[propext, Classical.choice, Quot.sound]
A3R13|CONST|Poincare.D12.SurgeryRecognition.antipodal_disjoint_ball|thm|[propext, Classical.choice, Quot.sound]
A3R13|CONST|Poincare.D12.SurgeryRecognition.connectSumRel|def|[propext, Classical.choice, Quot.sound]
A3R13|CONST|Poincare.D12.SurgeryRecognition.toSphere_origin_first|thm|[propext, Classical.choice, Quot.sound]
A3R13|CONST|Poincare.D12.SurgeryRecognition.puncturedOfDisk|def|[propext, Classical.choice, Quot.sound]
A3R13|CONST|Poincare.D12.SurgeryRecognition.southHemisphereHomeo|def|[propext, Classical.choice, Quot.sound]
A3R13|CONST|Poincare.D12.SurgeryRecognition.ofSphere_continuous|thm|[propext, Classical.choice, Quot.sound]
A3R13|CONST|Poincare.D12.SurgeryRecognition.toSphere|def|[propext, Classical.choice, Quot.sound]
A3R13|CONST|Poincare.D12.SurgeryRecognition.RemainingRecognitionHypothesesV3.casesOn|def|[propext,
 Classical.choice,
 Quot.sound]
A3R13|CONST|Poincare.D12.SurgeryRecognition.SphericalSum.ctorIdx|def|[propext, Classical.choice, Quot.sound]
A3R13|CONST|Poincare.D12.SurgeryRecognition.transportedSouthDisk.eq_1|thm|[propext, Classical.choice, Quot.sound]
A3R13|CONST|Poincare.D12.SurgeryRecognition.RemainingRecognitionHypothesesV3._sizeOf_1|def|[propext,
 Classical.choice,
 Quot.sound]
A3R13|CONST|Poincare.D12.SurgeryRecognition.RemainingRecognitionHypotheses|induct|[propext,
 Classical.choice,
 Quot.sound]
A3R13|CONST|Poincare.D12.SurgeryRecognition.RemainingRecognitionHypothesesV2._sizeOf_1|def|[propext,
 Classical.choice,
 Quot.sound]
A3R13|CONST|Poincare.D12.SurgeryRecognition.SphericalSpaceFormModel.mk|ctor|[propext, Classical.choice, Quot.sound]
A3R13|CONST|Poincare.D12.SurgeryRecognition.DoubleBall|def|[propext, Classical.choice, Quot.sound]
A3R13|CONST|Poincare.D12.SurgeryRecognition.SphericalSpaceFormModel.instMulAction|def|[propext,
 Classical.choice,
 Quot.sound]
A3R13|CONST|Poincare.D12.SurgeryRecognition.ConnectedSumDecompositionV2.mk._flat_ctor|def|[propext,
 Classical.choice,
 Quot.sound]
A3R13|CONST|Poincare.D12.SurgeryRecognition.quotientMapHomeo._proof_4|thm|[Quot.sound]
A3R13|CONST|Poincare.D12.SurgeryRecognition.southPunctureHomeo._proof_5|thm|[propext, Classical.choice, Quot.sound]
A3R13|CONST|Poincare.D12.SurgeryRecognition.down_injective|thm|[propext, Classical.choice, Quot.sound]
A3R13|CONST|Poincare.D12.SurgeryRecognition.puncturedHomeo._proof_3|thm|[propext, Classical.choice, Quot.sound]
A3R13|CONST|Poincare.D12.SurgeryRecognition.glueRel_equiv|thm|[propext, Classical.choice, Quot.sound]
A3R13|CONST|Poincare.D12.SurgeryRecognition.openBallInBall.eq_1|thm|[propext, Classical.choice, Quot.sound]
A3R13|CONST|Poincare.D12.SurgeryRecognition.southPuncture|def|[propext, Classical.choice, Quot.sound]
A3R13|CONST|Poincare.D12.SurgeryRecognition.iteratedSphereSum._unsafe_rec|def|[propext, Classical.choice, Quot.sound]
A3R13|CONST|Poincare.D12.SurgeryRecognition.RemainingRecognitionHypothesesV3.mk.sizeOf_spec|thm|[propext,
 Classical.choice,
 Quot.sound]
A3R13|CONST|Poincare.D12.SurgeryRecognition.toSpherePre|def|[propext, Classical.choice, Quot.sound]
A3R13|CONST|Poincare.D12.SurgeryRecognition.EndGameDecomposition.rec|rec|[propext, Classical.choice, Quot.sound]
A3R13|CONST|Poincare.D12.SurgeryRecognition.SphericalSpaceFormModel.spaceForm_monodromy_trivial|thm|[propext,
 Classical.choice,
 Quot.sound]
A3R13|CONST|Poincare.D12.SurgeryRecognition.RemainingRecognitionHypotheses.mk|ctor|[propext,
 Classical.choice,
 Quot.sound]
A3R13|CONST|Poincare.D12.SurgeryRecognition.downS3_injective|thm|[propext, Classical.choice, Quot.sound]
A3R13|CONST|Poincare.D12.SurgeryRecognition.EndGameDecomposition.finiteExtinction|def|[propext,
 Classical.choice,
 Quot.sound]
A3R13|CONST|Poincare.D12.SurgeryRecognition.RemainingRecognitionHypothesesV3.toRemainingV2|def|[propext,
 Classical.choice,
 Quot.sound]
A3R13|CONST|Poincare.D12.SurgeryRecognition.SphericalSum.sum|def|[propext, Classical.choice, Quot.sound]
A3R13|CONST|Poincare.D12.SurgeryRecognition.northBall_mem_S2_iff|thm|[propext, Classical.choice, Quot.sound]
A3R13|CONST|Poincare.D12.SurgeryRecognition.ConnectedSumDecompositionV2.sumHomeo|thm|[propext,
 Classical.choice,
 Quot.sound]
A3R13|CONST|Poincare.D12.SurgeryRecognition.RemainingRecognitionHypothesesV2.spaceForm|def|[propext,
 Classical.choice,
 Quot.sound]
A3R13|CONST|Poincare.D12.SurgeryRecognition.SphericalSum.rec|rec|[propext, Classical.choice, Quot.sound]
A3R13|CONST|Poincare.D12.SurgeryRecognition.downPoint|def|[propext, Classical.choice, Quot.sound]
A3R13|CONST|Poincare.D12.SurgeryRecognition.antipodalModel._proof_2|thm|[propext, Classical.choice, Quot.sound]
A3R13|CONST|Poincare.D12.SurgeryRecognition.RemainingRecognitionHypothesesV3.mk.noConfusion|def|[propext,
 Classical.choice,
 Quot.sound]
A3R13|CONST|Poincare.D12.SurgeryRecognition.EndGameDecomposition.casesOn|def|[propext, Classical.choice, Quot.sound]
A3R13|CONST|Poincare.D12.SurgeryRecognition.up_continuous|thm|[propext, Classical.choice, Quot.sound]
A3R13|CONST|Poincare.D12.SurgeryRecognition.glueRel.eq_4|thm|[propext, Classical.choice, Quot.sound]
A3R13|CONST|Poincare.D12.SurgeryRecognition.EndGameDecomposition._sizeOf_1|def|[propext, Classical.choice, Quot.sound]
A3R13|CONST|Poincare.D12.SurgeryRecognition.RemainingRecognitionHypotheses.mk.sizeOf_spec|thm|[propext,
 Classical.choice,
 Quot.sound]
A3R13|CONST|Poincare.D12.SurgeryRecognition.down|def|[propext, Classical.choice, Quot.sound]
A3R13|CONST|Poincare.D12.SurgeryRecognition.glueRel.eq_2|thm|[propext, Classical.choice, Quot.sound]
A3R13|CONST|Poincare.D12.SurgeryRecognition.glueRel.match_1|def|[propext, Classical.choice, Quot.sound]
A3R13|CONST|Poincare.D12.SurgeryRecognition.antipodalModel_nontrivial|thm|[propext, Classical.choice, Quot.sound]
A3R13|CONST|Poincare.D12.SurgeryRecognition.RemainingRecognitionHypotheses.mk._flat_ctor|def|[propext,
 Classical.choice,
 Quot.sound]
A3R13|CONST|Poincare.D12.SurgeryRecognition.up_injective|thm|[propext, Classical.choice, Quot.sound]
A3R13|CONST|Poincare.D12.SurgeryRecognition.downS3_sphereBallPart_eq_of_eq_zero|thm|[propext,
 Classical.choice,
 Quot.sound]
A3R13|CONST|Poincare.D12.SurgeryRecognition.SphericalSum.mk.noConfusion|def|[propext, Classical.choice, Quot.sound]
A3R13|CONST|Poincare.D12.SurgeryRecognition.SphericalSum.mk.sizeOf_spec|thm|[propext, Classical.choice, Quot.sound]
A3R13|CONST|Poincare.D12.SurgeryRecognition.sphere_norm_eq_one|thm|[propext, Classical.choice, Quot.sound]
A3R13|CONST|Poincare.D12.SurgeryRecognition.upPoint|def|[propext, Classical.choice, Quot.sound]
A3R13|CONST|Poincare.D12.SurgeryRecognition.SphericalSum.casesOn|def|[propext, Classical.choice, Quot.sound]
A3R13|CONST|Poincare.D12.SurgeryRecognition.RemainingRecognitionHypothesesV2.recOn|def|[propext,
 Classical.choice,
 Quot.sound]
A3R13|CONST|Poincare.D12.SurgeryRecognition.north_south_inter_eq_equator|thm|[propext, Classical.choice, Quot.sound]
A3R13|CONST|Poincare.D12.SurgeryRecognition.instMulActionAntipodalGroupS3._proof_2|thm|[propext,
 Classical.choice,
 Quot.sound]
A3R13|CONST|Poincare.D12.SurgeryRecognition.southPunctureHomeo._proof_1|thm|[propext]
A3R13|CONST|Poincare.D12.SurgeryRecognition.toSpherePre_respects|thm|[propext, Classical.choice, Quot.sound]
A3R13|CONST|Poincare.D12.SurgeryRecognition.SphericalSum.mk|ctor|[propext, Classical.choice, Quot.sound]
A3R13|CONST|Poincare.D12.SurgeryRecognition.sphereConnectSum_homeo_sphere|def|[propext, Classical.choice, Quot.sound]
A3R13|CONST|Poincare.D12.SurgeryRecognition.puncturedHomeo._proof_7|thm|[propext, Classical.choice, Quot.sound]
A3R13|CONST|Poincare.D12.SurgeryRecognition.connectSumCongr|def|[propext, Classical.choice, Quot.sound]
A3R13|CONST|Poincare.D12.SurgeryRecognition.RemainingRecognitionHypothesesV3.mk|ctor|[propext,
 Classical.choice,
 Quot.sound]
A3R13|CONST|Poincare.D12.SurgeryRecognition.southBall|def|[propext, Classical.choice, Quot.sound]
A3R13|CONST|Poincare.D12.SurgeryRecognition.RemainingRecognitionHypothesesV3|induct|[propext,
 Classical.choice,
 Quot.sound]
A3R13|CONST|Poincare.D12.SurgeryRecognition.upPoint.eq_1|thm|[propext, Classical.choice, Quot.sound]
A3R13|CONST|Poincare.D12.SurgeryRecognition.sphereBallPart_continuous|thm|[propext, Classical.choice, Quot.sound]
A3R13|CONST|Poincare.D12.SurgeryRecognition.EndGameDecomposition.mk._flat_ctor|def|[propext,
 Classical.choice,
 Quot.sound]
A3R13|CONST|Poincare.D12.SurgeryRecognition.equatorHomeoS2|def|[propext, Classical.choice, Quot.sound]
A3R13|CONST|Poincare.D12.SurgeryRecognition.SphericalSum.noConfusion|def|[propext, Classical.choice, Quot.sound]
A3R13|CONST|Poincare.D12.SurgeryRecognition.sphere2ToBall_injective|thm|[propext, Classical.choice, Quot.sound]
A3R13|CONST|Poincare.D12.SurgeryRecognition.puncturedHomeo._proof_4|thm|[propext, Classical.choice, Quot.sound]
A3R13|CONST|Poincare.D12.SurgeryRecognition.iteratedSphereSum._proof_3|thm|[propext, Classical.choice, Quot.sound]
A3R13|CONST|Poincare.D12.SurgeryRecognition.iteratedSphereSum._proof_6|thm|[propext, Classical.choice, Quot.sound]
A3R13|CONTROL|A3R13.a3r13UsesFakeAxiom|[A3R13.a3r13FakeAxiom]
A3R13|CONTROL|A3R13.a3r13UsesFakeOpaque|[]
