A3R13|CONST|Poincare.D12.VolumeIBP.ChartMetric.expMetricOne._proof_3|thm|[propext, Classical.choice, Quot.sound]
A3R13|CONST|Poincare.D12.VolumeIBP.ChartMetric.invMatrix_symm|thm|[propext, Classical.choice, Quot.sound]
A3R13|CONST|Poincare.D12.VolumeIBP.ChartMetric.det_pullbackMatrix|thm|[propext, Classical.choice, Quot.sound]
A3R13|CONST|Poincare.D12.VolumeIBP.ChartMetric.g|def|[propext, Classical.choice, Quot.sound]
A3R13|CONST|Poincare.D12.VolumeIBP.ChartMetric.entry_contDiff|thm|[propext, Classical.choice, Quot.sound]
A3R13|CONST|Poincare.D12.VolumeIBP.ChartMetric.chart_weighted_ibp|thm|[propext, Classical.choice, Quot.sound]
A3R13|CONST|Poincare.D12.VolumeIBP.ChartMetric.recOn|def|[propext, Classical.choice, Quot.sound]
A3R13|CONST|Poincare.D12.VolumeIBP.ChartMetric.jacobianMatrix_det|thm|[propext, Classical.choice, Quot.sound]
A3R13|CONST|Poincare.D12.VolumeIBP.ChartMetric._sizeOf_1|def|[propext, Classical.choice, Quot.sound]
A3R13|CONST|Poincare.D12.VolumeIBP.chartWeightedIBPStatementRestricted|def|[propext, Classical.choice, Quot.sound]
A3R13|CONST|Poincare.D12.VolumeIBP.ChartMetric.pullbackMetric._proof_2|thm|[propext, Classical.choice, Quot.sound]
A3R13|CONST|Poincare.D12.VolumeIBP.ChartMetric.metricInnerInverse.eq_1|thm|[propext, Classical.choice, Quot.sound]
A3R13|CONST|Poincare.D12.VolumeIBP.ChartDiffeomorphism._sizeOf_inst|def|[propext, Classical.choice, Quot.sound]
A3R13|CONST|Poincare.D12.VolumeIBP.ChartMetric.pullbackDensity_eq|thm|[propext, Classical.choice, Quot.sound]
A3R13|CONST|Poincare.D12.VolumeIBP.ChartMetric.weighted_divergence_mul_grad|thm|[propext, Classical.choice, Quot.sound]
A3R13|CONST|Poincare.D12.VolumeIBP.ChartMetric.gradInnerInverse.eq_1|thm|[propext, Classical.choice, Quot.sound]
A3R13|CONST|Poincare.D12.VolumeIBP.ChartMetric.gradInnerInverse_continuous|thm|[propext, Classical.choice, Quot.sound]
A3R13|CONST|Poincare.D12.VolumeIBP.manifoldOrientationVolumeFormCompat|def|[]
A3R13|CONST|Poincare.D12.VolumeIBP.ChartMetric.mk.noConfusion|def|[propext, Classical.choice, Quot.sound]
A3R13|CONST|Poincare.D12.VolumeIBP.manifoldStokesTheorem|def|[]
A3R13|CONST|Poincare.D12.VolumeIBP.ChartMetric.driftLaplacian_continuous|thm|[propext, Classical.choice, Quot.sound]
A3R13|CONST|Poincare.D12.VolumeIBP.ChartMetric.chart_ibp_laplacian|thm|[propext, Classical.choice, Quot.sound]
A3R13|CONST|Poincare.D12.VolumeIBP.ChartMetric.density_contDiff_one|thm|[propext, Classical.choice, Quot.sound]
A3R13|CONST|Poincare.D12.VolumeIBP.ChartMetric.density_pos|thm|[propext, Classical.choice, Quot.sound]
A3R13|CONST|Poincare.D12.VolumeIBP.ChartMetric.density_aemeasurable|thm|[propext, Classical.choice, Quot.sound]
A3R13|CONST|Poincare.D12.VolumeIBP.ChartMetric.inner_pos_of_ne_zero|thm|[propext, Classical.choice, Quot.sound]
A3R13|CONST|Poincare.D12.VolumeIBP.ChartMetric.invMatrix_mul_matrix_mul_invMatrix|thm|[propext,
 Classical.choice,
 Quot.sound]
A3R13|CONST|Poincare.D12.VolumeIBP.ChartDiffeomorphism.mk.noConfusion|def|[propext, Classical.choice, Quot.sound]
A3R13|CONST|Poincare.D12.VolumeIBP.ChartMetric.chart_ibp|thm|[propext, Classical.choice, Quot.sound]
A3R13|CONST|Poincare.D12.VolumeIBP.ChartMetric.det_contDiff|thm|[propext, Classical.choice, Quot.sound]
A3R13|CONST|Poincare.D12.VolumeIBP.Vec|def|[propext, Classical.choice, Quot.sound]
A3R13|CONST|Poincare.D12.VolumeIBP.ChartMetric.det_continuous|thm|[propext, Classical.choice, Quot.sound]
A3R13|CONST|Poincare.D12.VolumeIBP.ChartMetric.matrix_continuous|thm|[propext, Classical.choice, Quot.sound]
A3R13|CONST|Poincare.D12.VolumeIBP.ChartMetric.density_ne_zero|thm|[propext, Classical.choice, Quot.sound]
A3R13|CONST|Poincare.D12.VolumeIBP.ChartDiffeomorphism.fderiv_injective|thm|[propext, Classical.choice, Quot.sound]
A3R13|CONST|Poincare.D12.VolumeIBP.ChartMetric.chart_ibp_euclidean_one|thm|[propext, Classical.choice, Quot.sound]
A3R13|CONST|Poincare.D12.VolumeIBP.ChartMetric.driftLaplacian|def|[propext, Classical.choice, Quot.sound]
A3R13|CONST|Poincare.D12.VolumeIBP.ChartMetric.euclideanChartMetric._proof_2|thm|[propext, Classical.choice, Quot.sound]
A3R13|CONST|Poincare.D12.VolumeIBP.ChartMetric.density_continuous|thm|[propext, Classical.choice, Quot.sound]
A3R13|CONST|Poincare.D12.VolumeIBP.ChartMetric.ctorIdx|def|[propext, Classical.choice, Quot.sound]
A3R13|CONST|Poincare.D12.VolumeIBP.ChartMetric.partialDeriv.eq_1|thm|[propext, Classical.choice, Quot.sound]
A3R13|CONST|Poincare.D12.VolumeIBP.ChartMetric.expMetricOne|def|[propext, Classical.choice, Quot.sound]
A3R13|CONST|Poincare.D12.VolumeIBP.ChartMetric.euclideanChartMetric._proof_1|thm|[propext, Classical.choice, Quot.sound]
A3R13|CONST|Poincare.D12.VolumeIBP.ChartMetric.invMatrix|def|[propext, Classical.choice, Quot.sound]
A3R13|CONST|Poincare.D12.VolumeIBP.ChartMetric.metricInnerInverse|def|[propext, Classical.choice, Quot.sound]
A3R13|CONST|Poincare.D12.VolumeIBP.Audit.negativeControl|axiom|[Poincare.D12.VolumeIBP.Audit.negativeControl]
A3R13|CONST|Poincare.D12.VolumeIBP.ChartMetric.pullbackMatrix.eq_1|thm|[propext, Classical.choice, Quot.sound]
A3R13|CONST|Poincare.D12.VolumeIBP.ChartMetric.laplacian_continuous|thm|[propext, Classical.choice, Quot.sound]
A3R13|CONST|Poincare.D12.VolumeIBP.ChartMetric.density_nonneg|thm|[propext, Classical.choice, Quot.sound]
A3R13|CONST|Poincare.D12.VolumeIBP.ChartDiffeomorphism.casesOn|def|[propext, Classical.choice, Quot.sound]
A3R13|CONST|Poincare.D12.VolumeIBP.ChartDiffeomorphism.mk.injEq|thm|[propext, Classical.choice, Quot.sound]
A3R13|CONST|Poincare.D12.VolumeIBP.ChartMetric.driftLaplacian.eq_1|thm|[propext, Classical.choice, Quot.sound]
A3R13|CONST|Poincare.D12.VolumeIBP.ChartMetric.g_continuous|thm|[propext, Classical.choice, Quot.sound]
A3R13|CONST|Poincare.D12.VolumeIBP.ChartDiffeomorphism.injective|thm|[propext, Classical.choice, Quot.sound]
A3R13|CONST|Poincare.D12.VolumeIBP.ChartMetric.mk.inj|thm|[propext, Classical.choice, Quot.sound]
A3R13|CONST|Poincare.D12.VolumeIBP.ChartMetric.invMatrix_entry_contDiff|thm|[propext, Classical.choice, Quot.sound]
A3R13|CONST|Poincare.D12.VolumeIBP.ChartDiffeomorphism.mk|ctor|[propext, Classical.choice, Quot.sound]
A3R13|CONST|Poincare.D12.VolumeIBP.ChartMetric.densityNNReal_aemeasurable|thm|[propext, Classical.choice, Quot.sound]
A3R13|CONST|Poincare.D12.VolumeIBP.ChartMetric.inner|def|[propext, Classical.choice, Quot.sound]
A3R13|CONST|Poincare.D12.VolumeIBP.ChartMetric.invMatrix_mul|thm|[propext, Classical.choice, Quot.sound]
A3R13|CONST|Poincare.D12.VolumeIBP.ChartMetric.g_symm|thm|[propext, Classical.choice, Quot.sound]
A3R13|CONST|Poincare.D12.VolumeIBP.ChartMetric.laplacian|def|[propext, Classical.choice, Quot.sound]
A3R13|CONST|Poincare.D12.VolumeIBP.ChartMetric.noConfusion|def|[propext, Classical.choice, Quot.sound]
A3R13|CONST|Poincare.D12.VolumeIBP.ChartDiffeomorphism.smooth|thm|[propext, Classical.choice, Quot.sound]
A3R13|CONST|Poincare.D12.VolumeIBP.ChartMetric.jacobianMatrix|def|[propext, Classical.choice, Quot.sound]
A3R13|CONST|Poincare.D12.VolumeIBP.ChartMetric._sizeOf_inst|def|[propext, Classical.choice, Quot.sound]
A3R13|CONST|Poincare.D12.VolumeIBP.ChartMetric.mk.injEq|thm|[propext, Classical.choice, Quot.sound]
A3R13|CONST|Poincare.D12.VolumeIBP.closedManifoldEntropyIdentity|def|[]
A3R13|CONST|Poincare.D12.VolumeIBP.ChartMetric.grad|def|[propext, Classical.choice, Quot.sound]
A3R13|CONST|Poincare.D12.VolumeIBP.ChartMetric.smooth_one|thm|[propext, Classical.choice, Quot.sound]
A3R13|CONST|Poincare.D12.VolumeIBP.ChartMetric.jentry_contDiff|thm|[propext, Classical.choice, Quot.sound]
A3R13|CONST|Poincare.D12.VolumeIBP.ChartMetric.gradInnerInverse|def|[propext, Classical.choice, Quot.sound]
A3R13|CONST|Poincare.D12.VolumeIBP.ChartMetric.gradInnerInverse_comm|thm|[propext, Classical.choice, Quot.sound]
A3R13|CONST|Poincare.D12.VolumeIBP.ChartMetric.density_measurable|thm|[propext, Classical.choice, Quot.sound]
A3R13|CONST|Poincare.D12.VolumeIBP.ChartMetric.inner.eq_1|thm|[propext, Classical.choice, Quot.sound]
A3R13|CONST|Poincare.D12.VolumeIBP.ChartDiffeomorphism._sizeOf_1|def|[propext, Classical.choice, Quot.sound]
A3R13|CONST|Poincare.D12.VolumeIBP.ChartMetric.inner_grad_eq_gradInnerInverse|thm|[propext,
 Classical.choice,
 Quot.sound]
A3R13|CONST|Poincare.D12.VolumeIBP.chartWeightedIBPStatementRestricted_holds|thm|[propext, Classical.choice, Quot.sound]
A3R13|CONST|Poincare.D12.VolumeIBP.ChartDiffeomorphism.noConfusion|def|[propext, Classical.choice, Quot.sound]
A3R13|CONST|Poincare.D12.VolumeIBP.ChartMetric.laplacian.eq_1|thm|[propext, Classical.choice, Quot.sound]
A3R13|CONST|Poincare.D12.VolumeIBP.ChartDiffeomorphism.mk.sizeOf_spec|thm|[propext, Classical.choice, Quot.sound]
A3R13|CONST|Poincare.D12.VolumeIBP.ChartMetric.densityNNReal_eq|thm|[propext, Classical.choice, Quot.sound]
A3R13|CONST|Poincare.D12.VolumeIBP.ChartDiffeomorphism.noConfusionType|def|[propext, Classical.choice, Quot.sound]
A3R13|CONST|Poincare.D12.VolumeIBP.ChartMetric.mk|ctor|[propext, Classical.choice, Quot.sound]
A3R13|CONST|Poincare.D12.VolumeIBP.ChartMetric.weightedDivergence.eq_1|thm|[propext, Classical.choice, Quot.sound]
A3R13|CONST|Poincare.D12.VolumeIBP.ChartMetric.density.eq_1|thm|[propext, Classical.choice, Quot.sound]
A3R13|CONST|Poincare.D12.VolumeIBP.ChartMetric.grad.eq_1|thm|[propext, Classical.choice, Quot.sound]
A3R13|CONST|Poincare.D12.VolumeIBP.ChartMetric.adjugate_entry_contDiff|thm|[propext, Classical.choice, Quot.sound]
A3R13|CONST|Poincare.D12.VolumeIBP.ChartMetric.integral_riemannianMeasure_eq|thm|[propext, Classical.choice, Quot.sound]
A3R13|CONST|Poincare.D12.VolumeIBP.ChartMetric.divergence.eq_1|thm|[propext, Classical.choice, Quot.sound]
A3R13|CONST|Poincare.D12.VolumeIBP.ChartMetric.chart_ibp_self|thm|[propext, Classical.choice, Quot.sound]
A3R13|CONST|Poincare.D12.VolumeIBP.ChartMetric.mk.sizeOf_spec|thm|[propext, Classical.choice, Quot.sound]
A3R13|CONST|Poincare.D12.VolumeIBP.ChartMetric.pullbackMetric._proof_1|thm|[propext, Classical.choice, Quot.sound]
A3R13|CONST|Poincare.D12.VolumeIBP.ChartDiffeomorphism.mk._flat_ctor|def|[propext, Classical.choice, Quot.sound]
A3R13|CONST|Poincare.D12.VolumeIBP.ChartMetric.weighted_divergence_integral_eq_zero|thm|[propext,
 Classical.choice,
 Quot.sound]
A3R13|CONST|Poincare.D12.VolumeIBP.contDiff_if_const|thm|[propext, Classical.choice, Quot.sound]
A3R13|CONST|Poincare.D12.VolumeIBP.ChartMetric.matrix_apply|thm|[propext, Classical.choice, Quot.sound]
A3R13|CONST|Poincare.D12.VolumeIBP.ChartMetric.riemannianMeasure_absolutelyContinuous|thm|[propext,
 Classical.choice,
 Quot.sound]
A3R13|CONST|Poincare.D12.VolumeIBP.ChartMetric.euclideanChartMetric|def|[propext, Classical.choice, Quot.sound]
A3R13|CONST|Poincare.D12.VolumeIBP.ChartMetric.densityNNReal.eq_1|thm|[propext, Classical.choice, Quot.sound]
A3R13|CONST|Poincare.D12.VolumeIBP.ChartMetric|induct|[propext, Classical.choice, Quot.sound]
A3R13|CONST|Poincare.D12.VolumeIBP.ChartDiffeomorphism.rec|rec|[propext, Classical.choice, Quot.sound]
A3R13|CONST|Poincare.D12.VolumeIBP.ChartMetric.density_contDiff|thm|[propext, Classical.choice, Quot.sound]
A3R13|CONST|Poincare.D12.VolumeIBP.ChartMetric.pullbackMetric|def|[propext, Classical.choice, Quot.sound]
A3R13|CONST|Poincare.D12.VolumeIBP.ChartMetric.expMetricOne._proof_4|thm|[propext, Classical.choice, Quot.sound]
A3R13|CONST|Poincare.D12.VolumeIBP.ChartMetric.laplacian_contDiff_two|thm|[propext, Classical.choice, Quot.sound]
A3R13|CONST|Poincare.D12.VolumeIBP.ChartMetric.matrix_mul_invMatrix|thm|[propext, Classical.choice, Quot.sound]
A3R13|CONST|Poincare.D12.VolumeIBP.ChartMetric.noConfusionType|def|[propext, Classical.choice, Quot.sound]
A3R13|CONST|Poincare.D12.VolumeIBP.ChartMetric.weighted_divergence_mul_exp_grad|thm|[propext,
 Classical.choice,
 Quot.sound]
A3R13|CONST|Poincare.D12.VolumeIBP.ChartMetric.divergence_integral_eq_zero|thm|[propext, Classical.choice, Quot.sound]
A3R13|CONST|Poincare.D12.VolumeIBP.ChartMetric.grad_contDiff_one|thm|[propext, Classical.choice, Quot.sound]
A3R13|CONST|Poincare.D12.VolumeIBP.ChartMetric.matrix.eq_1|thm|[propext, Classical.choice, Quot.sound]
A3R13|CONST|Poincare.D12.VolumeIBP.ChartMetric.det_pos|thm|[propext, Classical.choice, Quot.sound]
A3R13|CONST|Poincare.D12.VolumeIBP.manifoldRiemannianMeasureExists|def|[propext, Classical.choice, Quot.sound]
A3R13|CONST|Poincare.D12.VolumeIBP.ChartMetric.laplacian_integral_eq_zero|thm|[propext, Classical.choice, Quot.sound]
A3R13|CONST|Poincare.D12.VolumeIBP.exists_pi_Ioo_supset_compact|thm|[propext, Classical.choice, Quot.sound]
A3R13|CONST|Poincare.D12.VolumeIBP.ChartMetric.expMetricOne_density_eq|thm|[propext, Classical.choice, Quot.sound]
A3R13|CONST|Poincare.D12.VolumeIBP.ChartMetric.jacobianMatrix.eq_1|thm|[propext, Classical.choice, Quot.sound]
A3R13|CONST|Poincare.D12.VolumeIBP.ChartMetric.grad_hasCompactSupport|thm|[propext, Classical.choice, Quot.sound]
A3R13|CONST|Poincare.D12.VolumeIBP.ChartMetric.det_ne_zero|thm|[propext, Classical.choice, Quot.sound]
A3R13|CONST|Poincare.D12.VolumeIBP.ChartMetric.mk._flat_ctor|def|[propext, Classical.choice, Quot.sound]
A3R13|CONST|Poincare.D12.VolumeIBP.ChartMetric.partialDeriv_contDiff_one|thm|[propext, Classical.choice, Quot.sound]
A3R13|CONST|Poincare.D12.VolumeIBP.ChartMetric.hasCompactSupport_partialDeriv|thm|[propext,
 Classical.choice,
 Quot.sound]
A3R13|CONST|Poincare.D12.VolumeIBP.ChartDiffeomorphism.surjective|thm|[propext, Classical.choice, Quot.sound]
A3R13|CONST|Poincare.D12.VolumeIBP.ChartMetric.matrix|def|[propext, Classical.choice, Quot.sound]
A3R13|CONST|Poincare.D12.VolumeIBP.ChartMetric.euclideanChartMetric_density_one|thm|[propext,
 Classical.choice,
 Quot.sound]
A3R13|CONST|Poincare.D12.VolumeIBP.ChartMetric.density|def|[propext, Classical.choice, Quot.sound]
A3R13|CONST|Poincare.D12.VolumeIBP.ChartMetric.invMatrix.eq_1|thm|[propext, Classical.choice, Quot.sound]
A3R13|CONST|Poincare.D12.VolumeIBP.ChartMetric.partialDeriv|def|[propext, Classical.choice, Quot.sound]
A3R13|CONST|Poincare.D12.VolumeIBP.chartWeightedIBPStatementRestricted._proof_1|thm|[propext]
A3R13|CONST|Poincare.D12.VolumeIBP.ChartMetric.rec|rec|[propext, Classical.choice, Quot.sound]
A3R13|CONST|Poincare.D12.VolumeIBP.ChartMetric.matrix_symm|thm|[propext, Classical.choice, Quot.sound]
A3R13|CONST|Poincare.D12.VolumeIBP.ChartMetric.smooth|thm|[propext, Classical.choice, Quot.sound]
A3R13|CONST|Poincare.D12.VolumeIBP.ChartMetric.pullbackMatrix|def|[propext, Classical.choice, Quot.sound]
A3R13|CONST|Poincare.D12.VolumeIBP.ChartDiffeomorphism.ψ|def|[propext, Classical.choice, Quot.sound]
A3R13|CONST|Poincare.D12.VolumeIBP.ChartDiffeomorphism|induct|[propext, Classical.choice, Quot.sound]
A3R13|CONST|Poincare.D12.VolumeIBP.ChartMetric.hasCompactSupport_of_eq|thm|[propext, Classical.choice, Quot.sound]
A3R13|CONST|Poincare.D12.VolumeIBP.ChartMetric.mk.congr_simp|thm|[propext, Classical.choice, Quot.sound]
A3R13|CONST|Poincare.D12.VolumeIBP.ChartMetric.divergence_integral_eq_zero_density|thm|[propext,
 Classical.choice,
 Quot.sound]
A3R13|CONST|Poincare.D12.VolumeIBP.ChartMetric.densityNNReal_measurable|thm|[propext, Classical.choice, Quot.sound]
A3R13|CONST|Poincare.D12.VolumeIBP.ChartMetric.densityNNReal|def|[propext, Classical.choice, Quot.sound]
A3R13|CONST|Poincare.D12.VolumeIBP.ChartMetric.riemannianMeasure|def|[propext, Classical.choice, Quot.sound]
A3R13|CONST|Poincare.D12.VolumeIBP.ChartMetric.euclideanChartMetric.eq_1|thm|[propext, Classical.choice, Quot.sound]
A3R13|CONST|Poincare.D12.VolumeIBP.ChartMetric.exp_neg_contDiff_one|thm|[propext, Classical.choice, Quot.sound]
A3R13|CONST|Poincare.D12.VolumeIBP.ChartDiffeomorphism.mk.inj|thm|[propext, Classical.choice, Quot.sound]
A3R13|CONST|Poincare.D12.VolumeIBP.ChartMetric.expMetricOne._proof_1|thm|[propext]
A3R13|CONST|Poincare.D12.VolumeIBP.ChartMetric.riemannianMeasure_def|thm|[propext, Classical.choice, Quot.sound]
A3R13|CONST|Poincare.D12.VolumeIBP.ChartDiffeomorphism.recOn|def|[propext, Classical.choice, Quot.sound]
A3R13|CONST|Poincare.D12.VolumeIBP.ChartMetric.casesOn|def|[propext, Classical.choice, Quot.sound]
A3R13|CONST|Poincare.D12.VolumeIBP.ChartMetric.inner_comm|thm|[propext, Classical.choice, Quot.sound]
A3R13|CONST|Poincare.D12.VolumeIBP.ChartMetric.jacobianMatrix_mulVec_eq_fderiv|thm|[propext,
 Classical.choice,
 Quot.sound]
A3R13|CONST|Poincare.D12.VolumeIBP.ChartMetric.setIntegral_riemannianMeasure_eq|thm|[propext,
 Classical.choice,
 Quot.sound]
A3R13|CONST|Poincare.D12.VolumeIBP.ChartMetric.weightedDivergence|def|[propext, Classical.choice, Quot.sound]
A3R13|CONST|Poincare.D12.VolumeIBP.ChartDiffeomorphism.ctorIdx|def|[propext, Classical.choice, Quot.sound]
A3R13|CONST|Poincare.D12.VolumeIBP.ChartMetric.expMetricOne._proof_2|thm|[propext]
A3R13|CONST|Poincare.D12.VolumeIBP.ChartMetric.riemannianMeasure_univ|thm|[propext, Classical.choice, Quot.sound]
A3R13|CONST|Poincare.D12.VolumeIBP.ChartMetric.posDef|thm|[propext, Classical.choice, Quot.sound]
A3R13|CONST|Poincare.D12.VolumeIBP.ChartMetric.gradInnerInverse_eq_sum|thm|[propext, Classical.choice, Quot.sound]
A3R13|CONST|Poincare.D12.VolumeIBP.ChartMetric.divergence|def|[propext, Classical.choice, Quot.sound]
A3R13|CONST|Poincare.D12.VolumeIBP.ChartMetric.pullback_measure_naturality|thm|[propext, Classical.choice, Quot.sound]
A3R13|CONTROL|A3R13.a3r13UsesFakeAxiom|[A3R13.a3r13FakeAxiom]
A3R13|CONTROL|A3R13.a3r13UsesFakeOpaque|[]
