A3R13|CONST|Poincare.D12.TriangulationTopology.exists_unit_notMem_segChain._proof_1_2|thm|[propext, Quot.sound]
A3R13|CONST|Poincare.D12.TriangulationTopology.clampedMap_clamp_idem|thm|[propext, Classical.choice, Quot.sound]
A3R13|CONST|Poincare.D12.TriangulationTopology.continuous_suspMapQuot|thm|[propext, Classical.choice, Quot.sound]
A3R13|CONST|Poincare.D12.TriangulationTopology.sphereNonempty|thm|[propext, Classical.choice, Quot.sound]
A3R13|CONST|Poincare.D12.TriangulationTopology.simplexRadialTime|def|[propext, Classical.choice, Quot.sound]
A3R13|CONST|Poincare.D12.TriangulationTopology.simplexBoundaryPoint_mem_of_ne_center._simp_1_6|thm|[propext,
 Classical.choice,
 Quot.sound]
A3R13|CONST|Poincare.D12.TriangulationTopology.sphereOfTwoDisks_hemisphere_instance|def|[propext,
 Classical.choice,
 Quot.sound]
A3R13|CONST|Poincare.D12.TriangulationTopology.idChain.eq_1|thm|[propext, Classical.choice, Quot.sound]
A3R13|CONST|Poincare.D12.TriangulationTopology.restrictionChain_extend_two_mul_sub_one|thm|[propext,
 Classical.choice,
 Quot.sound]
A3R13|CONST|Poincare.D12.TriangulationTopology.simplexConeMapQuot._proof_1|thm|[propext, Classical.choice, Quot.sound]
A3R13|CONST|Poincare.D12.TriangulationTopology.trivialization_id._proof_1|thm|[]
A3R13|CONST|Poincare.D12.TriangulationTopology.diskCompactSpace|thm|[propext, Classical.choice, Quot.sound]
A3R13|CONST|Poincare.D12.TriangulationTopology.SuspCyl|def|[propext, Classical.choice, Quot.sound]
A3R13|CONST|Poincare.D12.TriangulationTopology.doubleDiskMapQuot|def|[propext, Classical.choice, Quot.sound]
A3R13|CONST|Poincare.D12.TriangulationTopology.sphereToDisk|def|[propext, Classical.choice, Quot.sound]
A3R13|CONST|Poincare.D12.TriangulationTopology.exists_not_mem_finset_submodule_union._proof_1_1|thm|[propext,
 Classical.choice,
 Quot.sound]
A3R13|CONST|Poincare.D12.TriangulationTopology.simplexBoundaryConeHomeoSimplex|def|[propext,
 Classical.choice,
 Quot.sound]
A3R13|CONST|Poincare.D12.TriangulationTopology.simplyConnectedSpace_sphere|thm|[propext, Classical.choice, Quot.sound]
A3R13|CONST|Poincare.D12.TriangulationTopology.hemisphere_cover|thm|[propext, Classical.choice, Quot.sound]
A3R13|CONST|Poincare.D12.TriangulationTopology.sphereOfTwoDisks._proof_5|thm|[propext, Classical.choice, Quot.sound]
A3R13|CONST|Poincare.D12.TriangulationTopology.segChain._proof_1|thm|[propext, Classical.choice, Quot.sound]
A3R13|CONST|Poincare.D12.TriangulationTopology.diskGlueSumHomeo.eq_1|thm|[propext, Classical.choice, Quot.sound]
A3R13|CONST|Poincare.D12.TriangulationTopology.simplexDir|def|[propext, Classical.choice, Quot.sound]
A3R13|CONST|Poincare.D12.TriangulationTopology.segPiece.congr_simp|thm|[propext, Classical.choice, Quot.sound]
A3R13|CONST|Poincare.D12.TriangulationTopology.simplexMin_attains|thm|[propext, Classical.choice, Quot.sound]
A3R13|CONST|Poincare.D12.TriangulationTopology.doubleDiskMap_respects|thm|[propext, Classical.choice, Quot.sound]
A3R13|CONST|Poincare.D12.TriangulationTopology.continuous_sphereToSimplexBoundary|thm|[propext,
 Classical.choice,
 Quot.sound]
A3R13|CONST|Poincare.D12.TriangulationTopology.sphereOfTwoDisks|def|[propext, Classical.choice, Quot.sound]
A3R13|CONST|Poincare.D12.TriangulationTopology.trivialization_id._proof_3|thm|[propext, Classical.choice, Quot.sound]
A3R13|CONST|Poincare.D12.TriangulationTopology.suspQuotHomeoTopCatSphere|def|[propext, Classical.choice, Quot.sound]
A3R13|CONST|Poincare.D12.TriangulationTopology.restrictionPiece|def|[propext, Classical.choice, Quot.sound]
A3R13|CONST|Poincare.D12.TriangulationTopology.clampedMap_coe|thm|[propext, Classical.choice, Quot.sound]
A3R13|CONST|Poincare.D12.TriangulationTopology.DoubleDiskQuot|def|[propext, Classical.choice, Quot.sound]
A3R13|CONST|Poincare.D12.TriangulationTopology.exists_unit_notMem_segChain._proof_1_1|thm|[propext, Quot.sound]
A3R13|CONST|Poincare.D12.TriangulationTopology.norm_radialExtend|thm|[propext, Classical.choice, Quot.sound]
A3R13|CONST|Poincare.D12.TriangulationTopology.antipodalQuotientCovering|thm|[propext, Classical.choice, Quot.sound]
A3R13|CONST|Poincare.D12.TriangulationTopology.restrictionChain.match_1|def|[]
A3R13|CONST|Poincare.D12.TriangulationTopology.coneQuotHomeoDisk._proof_3|thm|[propext, Classical.choice, Quot.sound]
A3R13|CONST|Poincare.D12.TriangulationTopology.simplexMin|def|[propext, Classical.choice, Quot.sound]
A3R13|CONST|Poincare.D12.TriangulationTopology.clampedMap_of_one_le|thm|[propext, Classical.choice, Quot.sound]
A3R13|CONST|Poincare.D12.TriangulationTopology.sqrt_one_sub_trunc_norm_sq_eq_last|thm|[propext,
 Classical.choice,
 Quot.sound]
A3R13|CONST|Poincare.D12.TriangulationTopology.coneQuotNonempty|thm|[propext, Classical.choice, Quot.sound]
A3R13|CONST|Poincare.D12.TriangulationTopology.simplexBoundaryConeHomeoSphereCone|def|[propext,
 Classical.choice,
 Quot.sound]
A3R13|CONST|Poincare.D12.TriangulationTopology.restrictionChain._sunfold|def|[propext, Classical.choice, Quot.sound]
A3R13|CONST|Poincare.D12.TriangulationTopology.simplexBoundaryToSphere|def|[propext, Classical.choice, Quot.sound]
A3R13|CONST|Poincare.D12.TriangulationTopology.radialExtend_comp|thm|[propext, Classical.choice, Quot.sound]
A3R13|CONST|Poincare.D12.TriangulationTopology.simplexHomeoStdSimplexFn._proof_2|thm|[propext,
 Classical.choice,
 Quot.sound]
A3R13|CONST|Poincare.D12.TriangulationTopology.upperHemisphereHomeoDisk|def|[propext, Classical.choice, Quot.sound]
A3R13|CONST|Poincare.D12.TriangulationTopology.simplexBoundaryToSphere_sphereToSimplexBoundary|thm|[propext,
 Classical.choice,
 Quot.sound]
A3R13|CONST|Poincare.D12.TriangulationTopology.restrictionChain._proof_5|thm|[propext, Classical.choice, Quot.sound]
A3R13|CONST|Poincare.D12.TriangulationTopology.subdivPoint|def|[propext, Classical.choice, Quot.sound]
A3R13|CONST|Poincare.D12.TriangulationTopology.Sphere|def|[propext, Classical.choice, Quot.sound]
A3R13|CONST|Poincare.D12.TriangulationTopology.sphereOfTwoDisks._proof_1|thm|[propext, Classical.choice, Quot.sound]
A3R13|CONST|Poincare.D12.TriangulationTopology.quotMapHomeo_mk|thm|[propext, Classical.choice, Quot.sound]
A3R13|CONST|Poincare.D12.TriangulationTopology.simplexBoundaryPoint_eq_of_radial_repr._simp_1_3|thm|[propext]
A3R13|CONST|Poincare.D12.TriangulationTopology.diskToUpperHemisphere_upperHemisphereToDisk|thm|[propext,
 Classical.choice,
 Quot.sound]
A3R13|CONST|Poincare.D12.TriangulationTopology.upperHemisphereToDisk_diskToUpperHemisphere|thm|[propext,
 Classical.choice,
 Quot.sound]
A3R13|CONST|Poincare.D12.TriangulationTopology.hemisphere_cover._simp_1_2|thm|[propext]
A3R13|CONST|Poincare.D12.TriangulationTopology.suspQuotHomeoSphere._proof_1|thm|[propext, Classical.choice, Quot.sound]
A3R13|CONST|Poincare.D12.TriangulationTopology.quotMapHomeo._proof_5|thm|[propext, Classical.choice, Quot.sound]
A3R13|CONST|Poincare.D12.TriangulationTopology.norm_sq_esnoc'|thm|[propext, Classical.choice, Quot.sound]
A3R13|CONST|Poincare.D12.TriangulationTopology.simplexVertexZero._proof_1|thm|[propext]
A3R13|CONST|Poincare.D12.TriangulationTopology.simplexConeMapQuot.eq_1|thm|[propext, Classical.choice, Quot.sound]
A3R13|CONST|Poincare.D12.TriangulationTopology.simplexRadialTime_le_one|thm|[propext, Classical.choice, Quot.sound]
A3R13|CONST|Poincare.D12.TriangulationTopology.simplexConeMapQuot_injective|thm|[propext, Classical.choice, Quot.sound]
A3R13|CONST|Poincare.D12.TriangulationTopology.doubleDiskQuotHomeoSphere._proof_1|thm|[propext,
 Classical.choice,
 Quot.sound]
A3R13|CONST|Poincare.D12.TriangulationTopology.suspMap|def|[propext, Classical.choice, Quot.sound]
A3R13|CONST|Poincare.D12.TriangulationTopology.sphereToSimplexBoundary_simplexBoundaryToSphere|thm|[propext,
 Classical.choice,
 Quot.sound]
A3R13|CONST|Poincare.D12.TriangulationTopology.dist_subdiv_succ_le|thm|[propext, Classical.choice, Quot.sound]
A3R13|CONST|Poincare.D12.TriangulationTopology.sphereToSimplexBoundaryFn|def|[propext, Classical.choice, Quot.sound]
A3R13|CONST|Poincare.D12.TriangulationTopology.simplexConeMapQuot_injective._simp_1_7|thm|[propext,
 Classical.choice,
 Quot.sound]
A3R13|CONST|Poincare.D12.TriangulationTopology.simplexCenter_total|thm|[propext, Classical.choice, Quot.sound]
A3R13|CONST|Poincare.D12.TriangulationTopology.diskContractible|thm|[propext, Classical.choice, Quot.sound]
A3R13|CONST|Poincare.D12.TriangulationTopology.continuous_clampedMap|thm|[propext, Classical.choice, Quot.sound]
A3R13|CONST|Poincare.D12.TriangulationTopology.segment_ne_zero|thm|[propext, Classical.choice, Quot.sound]
A3R13|CONST|Poincare.D12.TriangulationTopology.simplexBoundaryConeHomeoSimplex._proof_1|thm|[propext,
 Classical.choice,
 Quot.sound]
A3R13|CONST|Poincare.D12.TriangulationTopology.suspMapQuot_injective|thm|[propext, Classical.choice, Quot.sound]
A3R13|CONST|Poincare.D12.TriangulationTopology.segChain_mem_iUnion_spans._proof_1_1|thm|[propext, Quot.sound]
A3R13|CONST|Poincare.D12.TriangulationTopology.upperHemisphereToDisk|def|[propext, Classical.choice, Quot.sound]
A3R13|CONST|Poincare.D12.TriangulationTopology.sphere_cover_isHomeo|thm|[propext, Classical.choice, Quot.sound]
A3R13|CONST|Poincare.D12.TriangulationTopology.antipodal_smul_ofAdd_one_eq|thm|[propext, Classical.choice, Quot.sound]
A3R13|CONST|Poincare.D12.TriangulationTopology.diskDirection._proof_1|thm|[propext, Classical.choice, Quot.sound]
A3R13|CONST|Poincare.D12.TriangulationTopology.trivialization_id._proof_6|thm|[]
A3R13|CONST|Poincare.D12.TriangulationTopology.diskToUpperHemisphere._proof_1|thm|[propext,
 Classical.choice,
 Quot.sound]
A3R13|CONST|Poincare.D12.TriangulationTopology.longrun_missingSphereThreePiOneTrivial|thm|[propext,
 Classical.choice,
 Quot.sound]
A3R13|CONST|Poincare.D12.TriangulationTopology.simplexBoundaryPoint|def|[propext, Classical.choice, Quot.sound]
A3R13|CONST|Poincare.D12.TriangulationTopology.contractibleSpace_puncturedSphere|thm|[propext,
 Classical.choice,
 Quot.sound]
A3R13|CONST|Poincare.D12.TriangulationTopology.segChain._proof_3|thm|[propext, Classical.choice, Quot.sound]
A3R13|CONST|Poincare.D12.TriangulationTopology.ConeQuot|def|[propext, Classical.choice, Quot.sound]
A3R13|CONST|Poincare.D12.TriangulationTopology.continuous_sphereToSimplexBoundary_apply|thm|[propext,
 Classical.choice,
 Quot.sound]
A3R13|CONST|Poincare.D12.TriangulationTopology.rpNonempty|thm|[propext, Classical.choice, Quot.sound]
A3R13|CONST|Poincare.D12.TriangulationTopology.simplexConeMap|def|[propext, Classical.choice, Quot.sound]
A3R13|CONST|Poincare.D12.TriangulationTopology.restrictionChain_succ_apply|thm|[propext, Classical.choice, Quot.sound]
A3R13|CONST|Poincare.D12.TriangulationTopology.sphereOfTwoDisks._proof_4|thm|[propext, Classical.choice, Quot.sound]
A3R13|CONST|Poincare.D12.TriangulationTopology.simplexMin_le_center|thm|[propext, Classical.choice, Quot.sound]
A3R13|CONST|Poincare.D12.TriangulationTopology.simplexMin_of_simplexBoundaryToSphere|thm|[propext,
 Classical.choice,
 Quot.sound]
A3R13|CONST|Poincare.D12.TriangulationTopology.Disk|def|[propext, Classical.choice, Quot.sound]
A3R13|CONST|Poincare.D12.TriangulationTopology.truncToCenter._proof_1|thm|[propext]
A3R13|CONST|Poincare.D12.TriangulationTopology.idChain_zero_apply|thm|[propext, Classical.choice, Quot.sound]
A3R13|CONST|Poincare.D12.TriangulationTopology.iccCompactSpace|thm|[propext, Classical.choice, Quot.sound]
A3R13|CONST|Poincare.D12.TriangulationTopology.restrictionChain_homotopic_segChain|thm|[propext,
 Classical.choice,
 Quot.sound]
A3R13|CONST|Poincare.D12.TriangulationTopology.simplexBoundaryHomeoBoundaryFn|def|[propext,
 Classical.choice,
 Quot.sound]
A3R13|CONST|Poincare.D12.TriangulationTopology.diskGlueRel_id_iff_doubleDiskRel|thm|[propext,
 Classical.choice,
 Quot.sound]
A3R13|CONST|Poincare.D12.TriangulationTopology.simplexVertexZero|def|[propext, Classical.choice, Quot.sound]
A3R13|CONST|Poincare.D12.TriangulationTopology.sphereToDisk._proof_1|thm|[propext, Classical.choice, Quot.sound]
A3R13|CONST|Poincare.D12.TriangulationTopology.simplexBoundaryConeMap.eq_1|thm|[propext, Classical.choice, Quot.sound]
A3R13|CONST|Poincare.D12.TriangulationTopology.doubleDiskQuotHomeoSphere|def|[propext, Classical.choice, Quot.sound]
A3R13|CONST|Poincare.D12.TriangulationTopology.sphereConeHomeoSimplex._proof_1|thm|[propext,
 Classical.choice,
 Quot.sound]
A3R13|CONST|Poincare.D12.TriangulationTopology.sphereCompactSpace|thm|[propext, Classical.choice, Quot.sound]
A3R13|CONST|Poincare.D12.TriangulationTopology.trivialization_id._proof_5|thm|[propext, Classical.choice, Quot.sound]
A3R13|CONST|Poincare.D12.TriangulationTopology.coneMap_respects|thm|[propext, Classical.choice, Quot.sound]
A3R13|CONST|Poincare.D12.TriangulationTopology.diskGlueSumHomeo_inl|thm|[propext, Classical.choice, Quot.sound]
A3R13|CONST|Poincare.D12.TriangulationTopology.hemisphere_cover._simp_1_1|thm|[propext]
A3R13|CONST|Poincare.D12.TriangulationTopology.antipodalContinuousConstSMul|thm|[propext, Classical.choice, Quot.sound]
A3R13|CONST|Poincare.D12.TriangulationTopology.simplexBoundaryPoint_eq_of_radial_repr|thm|[propext,
 Classical.choice,
 Quot.sound]
A3R13|CONST|Poincare.D12.TriangulationTopology.continuous_simplexBoundaryConeMap|thm|[propext,
 Classical.choice,
 Quot.sound]
A3R13|CONST|Poincare.D12.TriangulationTopology.restrictionPiece_id_apply|thm|[propext, Classical.choice, Quot.sound]
A3R13|CONST|Poincare.D12.TriangulationTopology.simplexBoundaryPoint_mem_of_ne_center|thm|[propext,
 Classical.choice,
 Quot.sound]
A3R13|CONST|Poincare.D12.TriangulationTopology.clampedMap|def|[propext, Classical.choice, Quot.sound]
A3R13|CONST|Poincare.D12.TriangulationTopology.simplexConeMap_respects|thm|[propext, Classical.choice, Quot.sound]
A3R13|CONST|Poincare.D12.TriangulationTopology.alexanderHomeo_refl|thm|[propext, Classical.choice, Quot.sound]
A3R13|CONST|Poincare.D12.TriangulationTopology.simplexConeMapQuot_injective._simp_1_6|thm|[propext]
A3R13|CONST|Poincare.D12.TriangulationTopology.sphereThreeGluedDisks|def|[propext, Classical.choice, Quot.sound]
A3R13|CONST|Poincare.D12.TriangulationTopology.sphere_eq_neg_self_impossible|thm|[propext, Classical.choice, Quot.sound]
A3R13|CONST|Poincare.D12.TriangulationTopology.coneMapQuot.eq_1|thm|[propext, Classical.choice, Quot.sound]
A3R13|CONST|Poincare.D12.TriangulationTopology.trivialization_id._proof_2|thm|[]
A3R13|CONST|Poincare.D12.TriangulationTopology.segChain_mem_iUnion_spans._proof_1_2|thm|[propext, Quot.sound]
A3R13|CONST|Poincare.D12.TriangulationTopology.continuous_diskToUpperHemisphere|thm|[propext,
 Classical.choice,
 Quot.sound]
A3R13|CONST|Poincare.D12.TriangulationTopology.segChain.congr_simp|thm|[propext, Classical.choice, Quot.sound]
A3R13|CONST|Poincare.D12.TriangulationTopology.sphereThree_pi1_subsingleton|thm|[propext, Classical.choice, Quot.sound]
A3R13|CONST|Poincare.D12.TriangulationTopology.upperHemisphereT2Space|thm|[propext, Classical.choice, Quot.sound]
A3R13|CONST|Poincare.D12.TriangulationTopology.segPiece_mem_span|thm|[propext, Classical.choice, Quot.sound]
A3R13|CONST|Poincare.D12.TriangulationTopology.segmentPath.eq_1|thm|[propext, Classical.choice, Quot.sound]
A3R13|CONST|Poincare.D12.TriangulationTopology.simplexHomeoConeQuot|def|[propext, Classical.choice, Quot.sound]
A3R13|CONST|Poincare.D12.TriangulationTopology.simplexBoundaryConeMapQuot_surjective|thm|[propext,
 Classical.choice,
 Quot.sound]
A3R13|CONST|Poincare.D12.TriangulationTopology.simplexBoundaryPoint_eq_of_radial_repr._simp_1_1|thm|[propext]
A3R13|CONST|Poincare.D12.TriangulationTopology.coveringOfSimplyConnectedIsHomeo|thm|[propext,
 Classical.choice,
 Quot.sound]
A3R13|CONST|Poincare.D12.TriangulationTopology.doubleDiskRel|def|[propext, Classical.choice, Quot.sound]
A3R13|CONST|Poincare.D12.TriangulationTopology.coneOverSphere2HomeoDisk3|def|[propext, Classical.choice, Quot.sound]
A3R13|CONST|Poincare.D12.TriangulationTopology.antipodalSmul_one._simp_1_2|thm|[propext, Classical.choice, Quot.sound]
A3R13|CONST|Poincare.D12.TriangulationTopology.antipodalSmul_ofAdd_one|thm|[propext, Classical.choice, Quot.sound]
A3R13|CONST|Poincare.D12.TriangulationTopology.doubleDiskMap.eq_1|thm|[propext, Classical.choice, Quot.sound]
A3R13|CONST|Poincare.D12.TriangulationTopology.PuncturedDisk|def|[propext, Classical.choice, Quot.sound]
A3R13|CONST|Poincare.D12.TriangulationTopology.esnoc_injective2|thm|[propext, Classical.choice, Quot.sound]
A3R13|CONST|Poincare.D12.TriangulationTopology.spherePathConnectedSpace_of_pos|thm|[propext,
 Classical.choice,
 Quot.sound]
A3R13|CONST|Poincare.D12.TriangulationTopology.continuous_simplexDir_apply|thm|[propext, Classical.choice, Quot.sound]
A3R13|CONST|Poincare.D12.TriangulationTopology.esnoc'_castSucc|thm|[propext, Classical.choice, Quot.sound]
A3R13|CONST|Poincare.D12.TriangulationTopology.rpCompactSpace|thm|[propext, Classical.choice, Quot.sound]
A3R13|CONST|Poincare.D12.TriangulationTopology.simplexBoundaryConeHomeoSimplex._proof_2|thm|[propext,
 Classical.choice,
 Quot.sound]
A3R13|CONST|Poincare.D12.TriangulationTopology.norm_segment_sub_left_le|thm|[propext, Classical.choice, Quot.sound]
A3R13|CONST|Poincare.D12.TriangulationTopology.loop_homotopic_segChain._proof_1_1|thm|[propext, Quot.sound]
A3R13|CONST|Poincare.D12.TriangulationTopology.simplexConeMapQuot_injective._simp_1_5|thm|[propext]
A3R13|CONST|Poincare.D12.TriangulationTopology.coneMap.eq_1|thm|[propext, Classical.choice, Quot.sound]
A3R13|CONST|Poincare.D12.TriangulationTopology.simplexBoundaryPoint_eq_of_radial_repr._simp_1_4|thm|[propext]
A3R13|CONST|Poincare.D12.TriangulationTopology.esnoc'_lowerTrunc_eq|thm|[propext, Classical.choice, Quot.sound]
A3R13|CONST|Poincare.D12.TriangulationTopology.truncToCenter_ne_zero._simp_1_1|thm|[propext]
A3R13|CONST|Poincare.D12.TriangulationTopology.simplexBoundaryPoint_eq_of_radial_repr._simp_1_2|thm|[propext]
A3R13|CONST|Poincare.D12.TriangulationTopology.segmentPath._abel_1|thm|[propext, Classical.choice, Quot.sound]
A3R13|CONST|Poincare.D12.TriangulationTopology.simplexBoundaryConeRel_iff_coneRel|thm|[propext,
 Classical.choice,
 Quot.sound]
A3R13|CONST|Poincare.D12.TriangulationTopology.span_pair_ne_top._proof_1_1|thm|[propext, Quot.sound]
A3R13|CONST|Poincare.D12.TriangulationTopology.doubleDiskQuotHomeoTopCatSphere|def|[propext,
 Classical.choice,
 Quot.sound]
A3R13|CONST|Poincare.D12.TriangulationTopology.segPiece|def|[propext, Classical.choice, Quot.sound]
A3R13|CONST|Poincare.D12.TriangulationTopology.suspMapQuot_surjective|thm|[propext, Classical.choice, Quot.sound]
A3R13|CONST|Poincare.D12.TriangulationTopology.alexanderHomeo_symm_sphereToDisk|thm|[propext,
 Classical.choice,
 Quot.sound]
A3R13|CONST|Poincare.D12.TriangulationTopology.subdivSpans|def|[propext, Classical.choice, Quot.sound]
A3R13|CONST|Poincare.D12.TriangulationTopology.upperHemisphere_isClosed|thm|[propext, Classical.choice, Quot.sound]
A3R13|CONST|Poincare.D12.TriangulationTopology.coneMap|def|[propext, Classical.choice, Quot.sound]
A3R13|CONST|Poincare.D12.TriangulationTopology.antipodalSmul.eq_1|thm|[propext, Classical.choice, Quot.sound]
A3R13|CONST|Poincare.D12.TriangulationTopology.coneMapQuot|def|[propext, Classical.choice, Quot.sound]
A3R13|CONST|Poincare.D12.TriangulationTopology.norm_sq_esnoc|thm|[propext, Classical.choice, Quot.sound]
A3R13|CONST|Poincare.D12.TriangulationTopology.simplexHomeoStdSimplexFn._proof_1|thm|[propext,
 Classical.choice,
 Quot.sound]
A3R13|CONST|Poincare.D12.TriangulationTopology.coneQuotHomeoDisk._proof_2|thm|[propext, Classical.choice, Quot.sound]
A3R13|CONST|Poincare.D12.TriangulationTopology.simplexBoundaryPoint_eq_of_radial_repr._simp_1_6|thm|[propext,
 Classical.choice,
 Quot.sound]
A3R13|CONST|Poincare.D12.TriangulationTopology.esnoc.eq_1|thm|[propext, Classical.choice, Quot.sound]
A3R13|CONST|Poincare.D12.TriangulationTopology.alexanderHomeo|def|[propext, Classical.choice, Quot.sound]
A3R13|CONST|Poincare.D12.TriangulationTopology.sphereOfTwoDisks._proof_7|thm|[propext, Classical.choice, Quot.sound]
A3R13|CONST|Poincare.D12.TriangulationTopology.subdiv_not_antipodal|thm|[propext, Classical.choice, Quot.sound]
A3R13|CONST|Poincare.D12.TriangulationTopology.truncToCenter_simplexConeMap|thm|[propext, Classical.choice, Quot.sound]
A3R13|CONST|Poincare.D12.TriangulationTopology.alexanderHomeo._proof_1|thm|[propext, Classical.choice, Quot.sound]
A3R13|CONST|Poincare.D12.TriangulationTopology.simplex_point_eq_center_add_norm_mul_dir|thm|[propext,
 Classical.choice,
 Quot.sound]
A3R13|CONST|Poincare.D12.TriangulationTopology.simplexBoundaryConeMapQuot.eq_1|thm|[propext,
 Classical.choice,
 Quot.sound]
A3R13|CONST|Poincare.D12.TriangulationTopology.simplexHomeoDisk|def|[propext, Classical.choice, Quot.sound]
A3R13|CONST|Poincare.D12.TriangulationTopology.isCoveringMap_id|thm|[propext, Classical.choice, Quot.sound]
A3R13|CONST|Poincare.D12.TriangulationTopology.norm_segment_sq_lower_bound|thm|[propext, Classical.choice, Quot.sound]
A3R13|CONST|Poincare.D12.TriangulationTopology.zmod2Mul_eq_ofAdd_one_or_one|thm|[propext, Classical.choice, Quot.sound]
A3R13|CONST|Poincare.D12.TriangulationTopology.simplexLambda|def|[propext, Classical.choice, Quot.sound]
A3R13|CONST|Poincare.D12.TriangulationTopology.segChain|def|[propext, Classical.choice, Quot.sound]
A3R13|CONST|Poincare.D12.TriangulationTopology.homotopic_of_dist_le|thm|[propext, Classical.choice, Quot.sound]
A3R13|CONST|Poincare.D12.TriangulationTopology.radialExtend._proof_1|thm|[propext, Classical.choice, Quot.sound]
A3R13|CONST|Poincare.D12.TriangulationTopology.subdiv_not_antipodal_all|thm|[propext, Classical.choice, Quot.sound]
A3R13|CONST|Poincare.D12.TriangulationTopology.image_weights_boundary_eq|thm|[propext, Classical.choice, Quot.sound]
A3R13|CONST|Poincare.D12.TriangulationTopology.clampedMap.eq_1|thm|[propext, Classical.choice, Quot.sound]
A3R13|CONST|Poincare.D12.TriangulationTopology.sphereOfTwoDisks._proof_10|thm|[propext, Classical.choice, Quot.sound]
A3R13|CONST|Poincare.D12.TriangulationTopology.diskGlueQuotHomeoSphere.eq_1|thm|[propext, Classical.choice, Quot.sound]
A3R13|CONST|Poincare.D12.TriangulationTopology.norm_esnoc_smul_sqrt_sub_sq_eq_one|thm|[propext,
 Classical.choice,
 Quot.sound]
A3R13|CONST|Poincare.D12.TriangulationTopology.trivialization_id._proof_7|thm|[propext, Quot.sound]
A3R13|CONST|Poincare.D12.TriangulationTopology.linePoints_le_one_of_not_mem._abel_1_1|thm|[propext,
 Classical.choice,
 Quot.sound]
A3R13|CONST|Poincare.D12.TriangulationTopology.sqrt_one_sub_sq_eq_norm_of_norm_sq_add_sq_eq_one|thm|[propext,
 Classical.choice,
 Quot.sound]
A3R13|CONST|Poincare.D12.TriangulationTopology.normalize_mem_sphere|thm|[propext, Classical.choice, Quot.sound]
A3R13|CONST|Poincare.D12.TriangulationTopology.spherePathConnectedSpace_of_pos._proof_1_1|thm|[propext, Quot.sound]
A3R13|CONST|Poincare.D12.TriangulationTopology.upperHemisphereNonempty|thm|[propext, Classical.choice, Quot.sound]
A3R13|CONST|Poincare.D12.TriangulationTopology.suspRel|def|[propext, Classical.choice, Quot.sound]
A3R13|CONST|Poincare.D12.TriangulationTopology.continuous_diskDirection_punctured|thm|[propext,
 Classical.choice,
 Quot.sound]
A3R13|CONST|Poincare.D12.TriangulationTopology.diskCoverPipeline|thm|[propext, Classical.choice, Quot.sound]
A3R13|CONST|Poincare.D12.TriangulationTopology.restrictionChain_source|thm|[propext, Classical.choice, Quot.sound]
A3R13|CONST|Poincare.D12.TriangulationTopology.segChain.eq_2|thm|[propext, Classical.choice, Quot.sound]
A3R13|CONST|Poincare.D12.TriangulationTopology.lowerHemisphereToDisk.eq_1|thm|[propext, Classical.choice, Quot.sound]
A3R13|CONST|Poincare.D12.TriangulationTopology.simplexSet|def|[propext, Classical.choice, Quot.sound]
A3R13|CONST|Poincare.D12.TriangulationTopology.diskToLowerHemisphere._proof_2|thm|[propext,
 Classical.choice,
 Quot.sound]
A3R13|CONST|Poincare.D12.TriangulationTopology.simplexBoundaryPoint_mem_of_ne_center._simp_1_3|thm|[propext]
A3R13|CONST|Poincare.D12.TriangulationTopology.radialExtend_sphereToDisk|thm|[propext, Classical.choice, Quot.sound]
A3R13|CONST|Poincare.D12.TriangulationTopology.esnoc|def|[propext, Classical.choice, Quot.sound]
A3R13|CONST|Poincare.D12.TriangulationTopology.simplexRadialTime_nonneg|thm|[propext, Classical.choice, Quot.sound]
A3R13|CONST|Poincare.D12.TriangulationTopology.exists_not_mem_finset_submodule_union._proof_1_2|thm|[propext,
 Classical.choice,
 Quot.sound]
A3R13|CONST|Poincare.D12.TriangulationTopology.doubleDiskQuotNonempty|thm|[propext, Classical.choice, Quot.sound]
A3R13|CONST|Poincare.D12.TriangulationTopology.segChain._f|def|[propext, Classical.choice, Quot.sound]
A3R13|CONST|Poincare.D12.TriangulationTopology.interp_ne_zero|thm|[propext, Classical.choice, Quot.sound]
A3R13|CONST|Poincare.D12.TriangulationTopology.continuous_sphere_simplexLambda|thm|[propext,
 Classical.choice,
 Quot.sound]
A3R13|CONST|Poincare.D12.TriangulationTopology.continuous_doubleDiskMap|thm|[propext, Classical.choice, Quot.sound]
A3R13|CONST|Poincare.D12.TriangulationTopology.SuspQuot|def|[propext, Classical.choice, Quot.sound]
A3R13|CONST|Poincare.D12.TriangulationTopology.diskToUpperHemisphere._proof_2|thm|[propext,
 Classical.choice,
 Quot.sound]
A3R13|CONST|Poincare.D12.TriangulationTopology.upperHemisphereToDisk.eq_1|thm|[propext, Classical.choice, Quot.sound]
A3R13|CONST|Poincare.D12.TriangulationTopology.sphereOfTwoDisks._proof_8|thm|[propext, Classical.choice, Quot.sound]
A3R13|CONST|Poincare.D12.TriangulationTopology.truncToCenter|def|[propext, Classical.choice, Quot.sound]
A3R13|CONST|Poincare.D12.TriangulationTopology.suspMapQuot|def|[propext, Classical.choice, Quot.sound]
A3R13|CONST|Poincare.D12.TriangulationTopology.sphere_trunc_norm_sq_add_last_sq_eq_one|thm|[propext,
 Classical.choice,
 Quot.sound]
A3R13|CONST|Poincare.D12.TriangulationTopology.continuous_esnoc'|thm|[propext, Classical.choice, Quot.sound]
A3R13|CONST|Poincare.D12.TriangulationTopology.simplexCenter|def|[propext, Classical.choice, Quot.sound]
A3R13|CONST|Poincare.D12.TriangulationTopology.diskToUpperHemisphere|def|[propext, Classical.choice, Quot.sound]
A3R13|CONST|Poincare.D12.TriangulationTopology.simplexRadialTime_eq_of_radial_repr|thm|[propext,
 Classical.choice,
 Quot.sound]
A3R13|CONST|Poincare.D12.TriangulationTopology.diskToLowerHemisphere_lowerHemisphereToDisk|thm|[propext,
 Classical.choice,
 Quot.sound]
A3R13|CONST|Poincare.D12.TriangulationTopology.simplexConeMap.eq_1|thm|[propext, Classical.choice, Quot.sound]
A3R13|CONST|Poincare.D12.TriangulationTopology.coveringOfSimplyConnectedIsHomeo_of_nonempty|thm|[propext,
 Classical.choice,
 Quot.sound]
A3R13|CONST|Poincare.D12.TriangulationTopology.lowerTrunc|def|[propext, Classical.choice, Quot.sound]
A3R13|CONST|Poincare.D12.TriangulationTopology.restrictionChain._proof_3|thm|[propext, Quot.sound]
A3R13|CONST|Poincare.D12.TriangulationTopology.segmentPath|def|[propext, Classical.choice, Quot.sound]
A3R13|CONST|Poincare.D12.TriangulationTopology.locallyCompactSpace_of_compact_t2|thm|[propext,
 Classical.choice,
 Quot.sound]
A3R13|CONST|Poincare.D12.TriangulationTopology.simplexRadialTime_eq_of_radial_repr._simp_1_3|thm|[propext]
A3R13|CONST|Poincare.D12.TriangulationTopology.simplexRadialTime_eq_of_radial_repr._simp_1_7|thm|[propext]
A3R13|CONST|Poincare.D12.TriangulationTopology.restrictionPiece_apply|thm|[propext, Classical.choice, Quot.sound]
A3R13|CONST|Poincare.D12.TriangulationTopology.sphericalSpaceFormRecognition|thm|[propext, Classical.choice, Quot.sound]
A3R13|CONST|Poincare.D12.TriangulationTopology.simplexBoundaryConeRel|def|[propext, Classical.choice, Quot.sound]
A3R13|CONST|Poincare.D12.TriangulationTopology.doubleDiskMap_mem_pos|thm|[propext, Classical.choice, Quot.sound]
A3R13|CONST|Poincare.D12.TriangulationTopology.diskGlueQuotT2Space|thm|[propext, Classical.choice, Quot.sound]
A3R13|CONST|Poincare.D12.TriangulationTopology.antipodalMulAction._proof_1|thm|[propext, Classical.choice, Quot.sound]
A3R13|CONST|Poincare.D12.TriangulationTopology.simplexFnNonempty|thm|[propext, Classical.choice, Quot.sound]
A3R13|CONST|Poincare.D12.TriangulationTopology.suspQuotHomeoSphere|def|[propext, Classical.choice, Quot.sound]
A3R13|CONST|Poincare.D12.TriangulationTopology.diskToLowerHemisphere|def|[propext, Classical.choice, Quot.sound]
A3R13|CONST|Poincare.D12.TriangulationTopology.segPiece.eq_1|thm|[propext, Classical.choice, Quot.sound]
A3R13|CONST|Poincare.D12.TriangulationTopology.esnoc_castSucc|thm|[propext, Classical.choice, Quot.sound]
A3R13|CONST|Poincare.D12.TriangulationTopology.simplexBoundaryNonempty|thm|[propext, Classical.choice, Quot.sound]
A3R13|CONST|Poincare.D12.TriangulationTopology.DiskGlueQuot|def|[propext, Classical.choice, Quot.sound]
A3R13|CONST|Poincare.D12.TriangulationTopology.segPiece._proof_1|thm|[propext, Classical.choice, Quot.sound]
A3R13|CONST|Poincare.D12.TriangulationTopology.simplexConeMapQuot|def|[propext, Classical.choice, Quot.sound]
A3R13|CONST|Poincare.D12.TriangulationTopology.doubleDiskMapQuot.eq_1|thm|[propext, Classical.choice, Quot.sound]
A3R13|CONST|Poincare.D12.TriangulationTopology.SimplexFn|def|[propext, Classical.choice, Quot.sound]
A3R13|CONST|Poincare.D12.TriangulationTopology.suspQuotHomeoSphere._proof_2|thm|[propext, Classical.choice, Quot.sound]
A3R13|CONST|Poincare.D12.TriangulationTopology.continuous_sphereToSimplexBoundaryFn|thm|[propext,
 Classical.choice,
 Quot.sound]
A3R13|CONST|Poincare.D12.TriangulationTopology.diskGlueQuotNonempty|thm|[propext, Classical.choice, Quot.sound]
A3R13|CONST|Poincare.D12.TriangulationTopology.restrictionChain_target|thm|[propext, Classical.choice, Quot.sound]
A3R13|CONST|Poincare.D12.TriangulationTopology.simplexDir_sum|thm|[propext, Classical.choice, Quot.sound]
A3R13|CONST|Poincare.D12.TriangulationTopology.esnoc'|def|[propext, Classical.choice, Quot.sound]
A3R13|CONST|Poincare.D12.TriangulationTopology.lowerHemisphereToDisk|def|[propext, Classical.choice, Quot.sound]
A3R13|CONST|Poincare.D12.TriangulationTopology.continuous_simplexDir|thm|[propext, Classical.choice, Quot.sound]
A3R13|CONST|Poincare.D12.TriangulationTopology.truncToCenter_sphereToSimplexBoundary|thm|[propext,
 Classical.choice,
 Quot.sound]
A3R13|CONST|Poincare.D12.TriangulationTopology.simplexHomeoBoundaryCone|def|[propext, Classical.choice, Quot.sound]
A3R13|CONST|Poincare.D12.TriangulationTopology.suspMap.eq_1|thm|[propext, Classical.choice, Quot.sound]
A3R13|CONST|Poincare.D12.TriangulationTopology.disk3_boundary_eq_sphere2|thm|[propext, Classical.choice, Quot.sound]
A3R13|CONST|Poincare.D12.TriangulationTopology.sphereThreeSimplyConnectedSpace|thm|[propext,
 Classical.choice,
 Quot.sound]
A3R13|CONST|Poincare.D12.TriangulationTopology.coneMapQuot_surjective|thm|[propext, Classical.choice, Quot.sound]
A3R13|CONST|Poincare.D12.TriangulationTopology.simplexBoundarySet|def|[propext, Classical.choice, Quot.sound]
A3R13|CONST|Poincare.D12.TriangulationTopology.disk_boundary_eq_sphere|thm|[propext, Classical.choice, Quot.sound]
A3R13|CONST|Poincare.D12.TriangulationTopology.simplexDir.eq_1|thm|[propext, Classical.choice, Quot.sound]
A3R13|CONST|Poincare.D12.TriangulationTopology.restrictionChain|def|[propext, Classical.choice, Quot.sound]
A3R13|CONST|Poincare.D12.TriangulationTopology.coveringMap_injective_of_simplyConnected|thm|[propext,
 Classical.choice,
 Quot.sound]
A3R13|CONST|Poincare.D12.TriangulationTopology.loop_homotopic_segChain|thm|[propext, Classical.choice, Quot.sound]
A3R13|CONST|Poincare.D12.TriangulationTopology.segPiece._proof_2|thm|[propext, Classical.choice, Quot.sound]
A3R13|CONST|Poincare.D12.TriangulationTopology.subdiv|def|[propext, Classical.choice, Quot.sound]
A3R13|CONST|Poincare.D12.TriangulationTopology.doubleDiskQuotHomeoSphere._proof_2|thm|[propext,
 Classical.choice,
 Quot.sound]
A3R13|CONST|Poincare.D12.TriangulationTopology.segChain._proof_2|thm|[propext, Classical.choice, Quot.sound]
A3R13|CONST|Poincare.D12.TriangulationTopology.simplexVertexZero_mem_boundary|thm|[propext,
 Classical.choice,
 Quot.sound]
A3R13|CONST|Poincare.D12.TriangulationTopology.simplexRadialTime_eq_of_radial_repr._simp_1_2|thm|[propext]
A3R13|CONST|Poincare.D12.TriangulationTopology.exists_fine_subdivision|thm|[propext, Classical.choice, Quot.sound]
A3R13|CONST|Poincare.D12.TriangulationTopology.trans_apply_extend|thm|[propext, Classical.choice, Quot.sound]
A3R13|CONST|Poincare.D12.TriangulationTopology.suspQuotHomeoSphere._proof_3|thm|[propext, Classical.choice, Quot.sound]
A3R13|CONST|Poincare.D12.TriangulationTopology.zmod2_eq_zero_or_one|thm|[propext, Classical.choice, Quot.sound]
A3R13|CONST|Poincare.D12.TriangulationTopology.segChain._proof_4|thm|[propext, Classical.choice, Quot.sound]
A3R13|CONST|Poincare.D12.TriangulationTopology.lowerHemisphere_boundary_eq_inter|thm|[propext,
 Classical.choice,
 Quot.sound]
A3R13|CONST|Poincare.D12.TriangulationTopology.le_simplexMin|thm|[propext, Classical.choice, Quot.sound]
A3R13|CONST|Poincare.D12.TriangulationTopology.RealProjective|def|[propext, Classical.choice, Quot.sound]
A3R13|CONST|Poincare.D12.TriangulationTopology.subdiv_not_antipodal_all._proof_1_1|thm|[propext, Quot.sound]
A3R13|CONST|Poincare.D12.TriangulationTopology.antipodalMulAction._proof_2|thm|[propext, Classical.choice, Quot.sound]
A3R13|CONST|Poincare.D12.TriangulationTopology.simplexMin_lt_center_of_ne_center|thm|[propext,
 Classical.choice,
 Quot.sound]
A3R13|CONST|Poincare.D12.TriangulationTopology.loop_cast_target|thm|[propext, Classical.choice, Quot.sound]
A3R13|CONST|Poincare.D12.TriangulationTopology.segChain.eq_def|thm|[propext, Classical.choice, Quot.sound]
A3R13|CONST|Poincare.D12.TriangulationTopology.simplexRadialTime_eq_of_radial_repr._simp_1_1|thm|[propext]
A3R13|CONST|Poincare.D12.TriangulationTopology.continuous_simplexConeMap|thm|[propext, Classical.choice, Quot.sound]
A3R13|CONST|Poincare.D12.TriangulationTopology.suspMap_mem|thm|[propext, Classical.choice, Quot.sound]
A3R13|CONST|Poincare.D12.TriangulationTopology.one_ne_ofAdd_one|thm|[propext, Classical.choice, Quot.sound]
A3R13|CONST|Poincare.D12.TriangulationTopology.simplexDir_last|thm|[propext, Classical.choice, Quot.sound]
A3R13|CONST|Poincare.D12.TriangulationTopology.esnoc_last|thm|[propext, Classical.choice, Quot.sound]
A3R13|CONST|Poincare.D12.TriangulationTopology.sphereThree_eq_sphere3|thm|[propext, Classical.choice, Quot.sound]
A3R13|CONST|Poincare.D12.TriangulationTopology.esnoc'.eq_1|thm|[propext, Classical.choice, Quot.sound]
A3R13|CONST|Poincare.D12.TriangulationTopology.simplexDir_castSucc|thm|[propext, Classical.choice, Quot.sound]
A3R13|CONST|Poincare.D12.TriangulationTopology.eq_neg_self_of_sqrt_eq_neg_sqrt|thm|[propext,
 Classical.choice,
 Quot.sound]
A3R13|CONST|Poincare.D12.TriangulationTopology.simplexBoundaryPoint_mem_of_ne_center._simp_1_2|thm|[propext]
A3R13|CONST|Poincare.D12.TriangulationTopology.zmod2_eq_zero_or_one._proof_1_1|thm|[propext, Quot.sound]
A3R13|CONST|Poincare.D12.TriangulationTopology.sphereBase|def|[propext, Classical.choice, Quot.sound]
A3R13|CONST|Poincare.D12.TriangulationTopology.simplexBoundaryPoint_mem_of_ne_center._simp_1_5|thm|[propext]
A3R13|CONST|Poincare.D12.TriangulationTopology.coneQuotHomeoDisk|def|[propext, Classical.choice, Quot.sound]
A3R13|CONST|Poincare.D12.TriangulationTopology.diskToUpperHemisphere.eq_1|thm|[propext, Classical.choice, Quot.sound]
A3R13|CONST|Poincare.D12.TriangulationTopology.coveringOfSimplyConnectedIsHomeo_bijective|thm|[propext,
 Classical.choice,
 Quot.sound]
A3R13|CONST|Poincare.D12.TriangulationTopology.restrictionPiece._proof_3|thm|[propext, Classical.choice, Quot.sound]
A3R13|CONST|Poincare.D12.TriangulationTopology.sphereThree_cover_isHomeo|thm|[propext, Classical.choice, Quot.sound]
A3R13|CONST|Poincare.D12.TriangulationTopology.restrictionPiece_id_extend_two_mul|thm|[propext,
 Classical.choice,
 Quot.sound]
A3R13|CONST|Poincare.D12.TriangulationTopology.segmentPath._proof_1|thm|[propext, Classical.choice, Quot.sound]
A3R13|CONST|Poincare.D12.TriangulationTopology.coneMap_mem|thm|[propext, Classical.choice, Quot.sound]
A3R13|CONST|Poincare.D12.TriangulationTopology.restrictionPiece_homotopic_segPiece|thm|[propext,
 Classical.choice,
 Quot.sound]
A3R13|CONST|Poincare.D12.TriangulationTopology.SimplexBoundary|def|[propext, Classical.choice, Quot.sound]
A3R13|CONST|Poincare.D12.TriangulationTopology.simplexBoundaryPoint_mem_of_ne_center._simp_1_7|thm|[propext]
A3R13|CONST|Poincare.D12.TriangulationTopology.simplexBoundaryToSphere._proof_1|thm|[propext,
 Classical.choice,
 Quot.sound]
A3R13|CONST|Poincare.D12.TriangulationTopology.hemisphere_charts_agree|thm|[propext, Classical.choice, Quot.sound]
A3R13|CONST|Poincare.D12.TriangulationTopology.suspMap_respects|thm|[propext, Classical.choice, Quot.sound]
A3R13|CONST|Poincare.D12.TriangulationTopology.lowerHemisphere_isClosed|thm|[propext, Classical.choice, Quot.sound]
A3R13|CONST|Poincare.D12.TriangulationTopology.restrictionChain._f|def|[propext, Classical.choice, Quot.sound]
A3R13|CONST|Poincare.D12.TriangulationTopology.diskDirection_sphereToDisk|thm|[propext, Classical.choice, Quot.sound]
A3R13|CONST|Poincare.D12.TriangulationTopology.continuous_coneMapQuot|thm|[propext, Classical.choice, Quot.sound]
A3R13|CONST|Poincare.D12.TriangulationTopology.alexanderHomeo_eq_refl_iff|thm|[propext, Classical.choice, Quot.sound]
A3R13|CONST|Poincare.D12.TriangulationTopology.simplexBoundaryPoint_eq_of_radial_repr._simp_1_7|thm|[propext]
A3R13|CONST|Poincare.D12.TriangulationTopology.diskGlueSumHomeo|def|[propext, Classical.choice, Quot.sound]
A3R13|CONST|Poincare.D12.TriangulationTopology.segmentPath_sub_left_le_two_thirds|thm|[propext,
 Classical.choice,
 Quot.sound]
A3R13|CONST|Poincare.D12.TriangulationTopology.radialExtend_zero|thm|[propext, Classical.choice, Quot.sound]
A3R13|CONST|Poincare.D12.TriangulationTopology.segChain.eq_1|thm|[propext, Classical.choice, Quot.sound]
A3R13|CONST|Poincare.D12.TriangulationTopology.simplexRadialTime_eq_of_radial_repr._simp_1_5|thm|[propext]
A3R13|CONST|Poincare.D12.TriangulationTopology.trivialization_id._proof_8|thm|[propext, Classical.choice, Quot.sound]
A3R13|CONST|Poincare.D12.TriangulationTopology.continuous_simplexMin|thm|[propext, Classical.choice, Quot.sound]
A3R13|CONST|Poincare.D12.TriangulationTopology.lowerHemisphereT2Space|thm|[propext, Classical.choice, Quot.sound]
A3R13|CONST|Poincare.D12.TriangulationTopology.simplexCenter.eq_1|thm|[propext, Classical.choice, Quot.sound]
A3R13|CONST|Poincare.D12.TriangulationTopology.simplexConeMapQuot_surjective|thm|[propext, Classical.choice, Quot.sound]
A3R13|CONST|Poincare.D12.TriangulationTopology.alexanderHomeo._proof_2|thm|[propext, Classical.choice, Quot.sound]
A3R13|CONST|Poincare.D12.TriangulationTopology.radialExtend|def|[propext, Classical.choice, Quot.sound]
A3R13|CONST|Poincare.D12.TriangulationTopology.simplexFnT2Space|thm|[propext, Classical.choice, Quot.sound]
A3R13|CONST|Poincare.D12.TriangulationTopology.doubleDiskMap_mem_neg|thm|[propext, Classical.choice, Quot.sound]
A3R13|CONST|Poincare.D12.TriangulationTopology.doubleDiskMap|def|[propext, Classical.choice, Quot.sound]
A3R13|CONST|Poincare.D12.TriangulationTopology.lowerHemisphereToDisk_diskToLowerHemisphere|thm|[propext,
 Classical.choice,
 Quot.sound]
A3R13|CONST|Poincare.D12.TriangulationTopology.idChain_zero|thm|[propext, Classical.choice, Quot.sound]
A3R13|CONST|Poincare.D12.TriangulationTopology.clampedMap._proof_1|thm|[propext, Classical.choice, Quot.sound]
A3R13|CONST|Poincare.D12.TriangulationTopology.restrictionChain.eq_1|thm|[propext, Classical.choice, Quot.sound]
A3R13|CONST|Poincare.D12.TriangulationTopology.simplexConeMapQuot_injective._simp_1_4|thm|[propext]
A3R13|CONST|Poincare.D12.TriangulationTopology.sphereOfTwoDisks._proof_2|thm|[]
A3R13|CONST|Poincare.D12.TriangulationTopology.diskGlueQuotHomeoSphere|def|[propext, Classical.choice, Quot.sound]
A3R13|CONST|Poincare.D12.TriangulationTopology.simplexBoundaryConeT2Space|thm|[propext, Classical.choice, Quot.sound]
A3R13|CONST|Poincare.D12.TriangulationTopology.simplexVertexZero.eq_1|thm|[propext, Classical.choice, Quot.sound]
A3R13|CONST|Poincare.D12.TriangulationTopology.upperHemisphereCompactSpace|thm|[propext, Classical.choice, Quot.sound]
A3R13|CONST|Poincare.D12.TriangulationTopology.sphereOfTwoDisks_hemisphere_instance._proof_1|thm|[propext,
 Classical.choice,
 Quot.sound]
A3R13|CONST|Poincare.D12.TriangulationTopology.continuous_antipodal_ofAdd_one|thm|[propext,
 Classical.choice,
 Quot.sound]
A3R13|CONST|Poincare.D12.TriangulationTopology.sphereConeHomeoSimplex._proof_2|thm|[propext,
 Classical.choice,
 Quot.sound]
A3R13|CONST|Poincare.D12.TriangulationTopology.continuous_coneMap|thm|[propext, Classical.choice, Quot.sound]
A3R13|CONST|Poincare.D12.TriangulationTopology.alexanderHomeo_zero|thm|[propext, Classical.choice, Quot.sound]
A3R13|CONST|Poincare.D12.TriangulationTopology.exists_unit_notMem_segChain|thm|[propext, Classical.choice, Quot.sound]
A3R13|CONST|Poincare.D12.TriangulationTopology.radialExtend_apply|thm|[propext, Classical.choice, Quot.sound]
A3R13|CONST|Poincare.D12.TriangulationTopology.longrun_missingSphereThreeSimplyConnected|thm|[propext,
 Classical.choice,
 Quot.sound]
A3R13|CONST|Poincare.D12.TriangulationTopology.quotMapHomeo._proof_1|thm|[Quot.sound]
A3R13|CONST|Poincare.D12.TriangulationTopology.restrictionChain.eq_def|thm|[propext, Classical.choice, Quot.sound]
A3R13|CONST|Poincare.D12.TriangulationTopology.range_weights_eq_simplex|thm|[propext, Classical.choice, Quot.sound]
A3R13|CONST|Poincare.D12.TriangulationTopology.diskGlueQuotHomeoSphere_refl_apply|thm|[propext,
 Classical.choice,
 Quot.sound]
A3R13|CONST|Poincare.D12.TriangulationTopology.simplexBoundaryConeMap_respects|thm|[propext,
 Classical.choice,
 Quot.sound]
A3R13|CONST|Poincare.D12.TriangulationTopology.sphereOfTwoDisks_hemisphere_instance._proof_4|thm|[propext,
 Classical.choice,
 Quot.sound]
A3R13|CONST|Poincare.D12.TriangulationTopology.simplexRadialTime_pos_of_ne_center|thm|[propext,
 Classical.choice,
 Quot.sound]
A3R13|CONST|Poincare.D12.TriangulationTopology.subdivSpans_proper._proof_1_1|thm|[propext, Quot.sound]
A3R13|CONST|Poincare.D12.TriangulationTopology.sphereToSimplexBoundary_mem|thm|[propext, Classical.choice, Quot.sound]
A3R13|CONST|Poincare.D12.TriangulationTopology.restrictionPiece._proof_2|thm|[propext, Classical.choice, Quot.sound]
A3R13|CONST|Poincare.D12.TriangulationTopology.restrictionChain_source._proof_1_2|thm|[propext, Quot.sound]
A3R13|CONST|Poincare.D12.TriangulationTopology.radialExtend_id|thm|[propext, Classical.choice, Quot.sound]
A3R13|CONST|Poincare.D12.TriangulationTopology.idChain_one|thm|[propext, Classical.choice, Quot.sound]
A3R13|CONST|Poincare.D12.TriangulationTopology.loop_cast_source|thm|[propext, Classical.choice, Quot.sound]
A3R13|CONST|Poincare.D12.TriangulationTopology.sphereConeHomeoSimplex|def|[propext, Classical.choice, Quot.sound]
A3R13|CONST|Poincare.D12.TriangulationTopology.SimplexBoundaryCone|def|[propext, Classical.choice, Quot.sound]
A3R13|CONST|Poincare.D12.TriangulationTopology.simplexDir_of_simplexBoundaryToSphere|thm|[propext,
 Classical.choice,
 Quot.sound]
A3R13|CONST|Poincare.D12.TriangulationTopology.continuous_truncToCenter|thm|[propext, Classical.choice, Quot.sound]
A3R13|CONST|Poincare.D12.TriangulationTopology.simplexBoundaryConeMapQuot_injective|thm|[propext,
 Classical.choice,
 Quot.sound]
A3R13|CONST|Poincare.D12.TriangulationTopology.linePoints_le_one_of_not_mem'|thm|[propext, Classical.choice, Quot.sound]
A3R13|CONST|Poincare.D12.TriangulationTopology.lowerHemisphereToDisk._proof_1|thm|[propext,
 Classical.choice,
 Quot.sound]
A3R13|CONST|Poincare.D12.TriangulationTopology.segChain_mem_iUnion_spans._proof_1_3|thm|[propext, Quot.sound]
A3R13|CONST|Poincare.D12.TriangulationTopology.antipodal_smul_one_eq|thm|[propext, Classical.choice, Quot.sound]
A3R13|CONST|Poincare.D12.TriangulationTopology.quotMapHomeo._proof_4|thm|[Quot.sound]
A3R13|CONST|Poincare.D12.TriangulationTopology.trunc_norm_sq_add_last_sq_eq_one|thm|[propext,
 Classical.choice,
 Quot.sound]
A3R13|CONST|Poincare.D12.TriangulationTopology.simplexCenter_pos|thm|[propext, Classical.choice, Quot.sound]
A3R13|CONST|Poincare.D12.TriangulationTopology.span_pair_ne_top|thm|[propext, Classical.choice, Quot.sound]
A3R13|CONST|Poincare.D12.TriangulationTopology.sphereOfTwoDisks._proof_6|thm|[propext, Classical.choice, Quot.sound]
A3R13|CONST|Poincare.D12.TriangulationTopology.simplexBoundaryPoint_mem_of_ne_center._simp_1_4|thm|[propext]
A3R13|CONST|Poincare.D12.TriangulationTopology.continuous_lowerHemisphereToDisk|thm|[propext,
 Classical.choice,
 Quot.sound]
A3R13|CONST|Poincare.D12.TriangulationTopology.simplexLambda_pos_of_unit|thm|[propext, Classical.choice, Quot.sound]
A3R13|CONST|Poincare.D12.TriangulationTopology.simplexBoundaryConeCompactSpace|thm|[propext,
 Classical.choice,
 Quot.sound]
A3R13|CONST|Poincare.D12.TriangulationTopology.norm_segment_sub_left_le_two_thirds|thm|[propext,
 Classical.choice,
 Quot.sound]
A3R13|CONST|Poincare.D12.TriangulationTopology.restrictionChain_apply_eq_clampedMap_idChain|thm|[propext,
 Classical.choice,
 Quot.sound]
A3R13|CONST|Poincare.D12.TriangulationTopology.dist_segPiece_left|thm|[propext, Classical.choice, Quot.sound]
A3R13|CONST|Poincare.D12.TriangulationTopology.simplexBoundaryCompactSpace|thm|[propext, Classical.choice, Quot.sound]
A3R13|CONST|Poincare.D12.TriangulationTopology.vanKampenSimplyConnectedCover|def|[propext, Classical.choice, Quot.sound]
A3R13|CONST|Poincare.D12.TriangulationTopology.norm_eq_one_iff_norm_sq_eq_one|thm|[propext,
 Classical.choice,
 Quot.sound]
A3R13|CONST|Poincare.D12.TriangulationTopology.continuousOn_diskDirection|thm|[propext, Classical.choice, Quot.sound]
A3R13|CONST|Poincare.D12.TriangulationTopology.restrictionChain_homotopic_segChain._proof_1_2|thm|[propext, Quot.sound]
A3R13|CONST|Poincare.D12.TriangulationTopology.clampedMap_of_mem_Icc|thm|[propext, Classical.choice, Quot.sound]
A3R13|CONST|Poincare.D12.TriangulationTopology.restrictionChain_homotopic_segChain._proof_1_1|thm|[propext, Quot.sound]
A3R13|CONST|Poincare.D12.TriangulationTopology.simplexHomeoBoundaryConeStd|def|[propext, Classical.choice, Quot.sound]
A3R13|CONST|Poincare.D12.TriangulationTopology.truncToCenter_ne_zero|thm|[propext, Classical.choice, Quot.sound]
A3R13|CONST|Poincare.D12.TriangulationTopology.segmentPath._proof_2|thm|[propext, Classical.choice, Quot.sound]
A3R13|CONST|Poincare.D12.TriangulationTopology.simplexFnCompactSpace|thm|[propext, Classical.choice, Quot.sound]
A3R13|CONST|Poincare.D12.TriangulationTopology.coneQuotHomeoTopCatDisk|def|[propext, Classical.choice, Quot.sound]
A3R13|CONST|Poincare.D12.TriangulationTopology.simplexHomeoStdSimplexFn|def|[propext, Classical.choice, Quot.sound]
A3R13|CONST|Poincare.D12.TriangulationTopology.coneQuotHomeoDisk._proof_1|thm|[propext, Classical.choice, Quot.sound]
A3R13|CONST|Poincare.D12.TriangulationTopology.segmentPath._proof_4|thm|[propext, Classical.choice, Quot.sound]
A3R13|CONST|Poincare.D12.TriangulationTopology.diskSimplyConnected|thm|[propext, Classical.choice, Quot.sound]
A3R13|CONST|Poincare.D12.TriangulationTopology.dist_restrictionPiece_left|thm|[propext, Classical.choice, Quot.sound]
A3R13|CONST|Poincare.D12.TriangulationTopology.sphereThreeTarget_homeo_sphereThree|thm|[propext,
 Classical.choice,
 Quot.sound]
A3R13|CONST|Poincare.D12.TriangulationTopology.coneRel|def|[propext, Classical.choice, Quot.sound]
A3R13|CONST|Poincare.D12.TriangulationTopology.esnoc._proof_1|thm|[propext]
A3R13|CONST|Poincare.D12.TriangulationTopology.restrictionPiece_extend_two_mul|thm|[propext,
 Classical.choice,
 Quot.sound]
A3R13|CONST|Poincare.D12.TriangulationTopology.coneMapQuot_injective|thm|[propext, Classical.choice, Quot.sound]
A3R13|CONST|Poincare.D12.TriangulationTopology.LowerHemisphere|def|[propext, Classical.choice, Quot.sound]
A3R13|CONST|Poincare.D12.TriangulationTopology.simplyConnectedSpace_sphere._proof_1_1|thm|[propext, Quot.sound]
A3R13|CONST|Poincare.D12.TriangulationTopology.norm_segment_sub_left_le._abel_1_2|thm|[propext,
 Classical.choice,
 Quot.sound]
A3R13|CONST|Poincare.D12.TriangulationTopology.diskDirection_radialExtend|thm|[propext, Classical.choice, Quot.sound]
A3R13|CONST|Poincare.D12.TriangulationTopology.esnoc'._proof_1|thm|[propext]
A3R13|CONST|Poincare.D12.TriangulationTopology.simplexBoundaryPoint_mem_of_ne_center._simp_1_1|thm|[propext]
A3R13|CONST|Poincare.D12.TriangulationTopology.doubleDiskMapQuot_surjective|thm|[propext, Classical.choice, Quot.sound]
A3R13|CONST|Poincare.D12.TriangulationTopology.antipodalIsCancelSMul|thm|[propext, Classical.choice, Quot.sound]
A3R13|CONST|Poincare.D12.TriangulationTopology.lowerTrunc.eq_1|thm|[propext, Classical.choice, Quot.sound]
A3R13|CONST|Poincare.D12.TriangulationTopology.esnoc'_last|thm|[propext, Classical.choice, Quot.sound]
A3R13|CONST|Poincare.D12.TriangulationTopology.coveringMap_surjective_of_pathConnected|thm|[propext,
 Classical.choice,
 Quot.sound]
A3R13|CONST|Poincare.D12.TriangulationTopology.sphereToSimplexBoundary.eq_1|thm|[propext, Classical.choice, Quot.sound]
A3R13|CONST|Poincare.D12.TriangulationTopology.simplexBoundaryPoint_eq_of_radial_repr._simp_1_5|thm|[propext]
A3R13|CONST|Poincare.D12.TriangulationTopology.sphereOfTwoDisks._proof_11|thm|[propext, Classical.choice, Quot.sound]
A3R13|CONST|Poincare.D12.TriangulationTopology.norm_segment_sub_left_le._abel_1_1|thm|[propext,
 Classical.choice,
 Quot.sound]
A3R13|CONST|Poincare.D12.TriangulationTopology.lowerHemisphereNonempty|thm|[propext, Classical.choice, Quot.sound]
A3R13|CONST|Poincare.D12.TriangulationTopology.UpperHemisphere|def|[propext, Classical.choice, Quot.sound]
A3R13|CONST|Poincare.D12.TriangulationTopology.alexanderHomeo._proof_3|thm|[propext, Classical.choice, Quot.sound]
A3R13|CONST|Poincare.D12.TriangulationTopology.continuous_upperHemisphereToDisk|thm|[propext,
 Classical.choice,
 Quot.sound]
A3R13|CONST|Poincare.D12.TriangulationTopology.diskGlueRel_transport|thm|[propext, Classical.choice, Quot.sound]
A3R13|CONST|Poincare.D12.TriangulationTopology.diskDirection_of_ne|thm|[propext, Classical.choice, Quot.sound]
A3R13|CONST|Poincare.D12.TriangulationTopology.continuous_radialExtend|thm|[propext, Classical.choice, Quot.sound]
A3R13|CONST|Poincare.D12.TriangulationTopology.suspQuotNonempty|thm|[propext, Classical.choice, Quot.sound]
A3R13|CONST|Poincare.D12.TriangulationTopology.segChain._sunfold|def|[propext, Classical.choice, Quot.sound]
A3R13|CONST|Poincare.D12.TriangulationTopology.simplexBoundaryConeMap|def|[propext, Classical.choice, Quot.sound]
A3R13|CONST|Poincare.D12.TriangulationTopology.stage6Sphere_eq_sphereThree|thm|[propext, Classical.choice, Quot.sound]
A3R13|CONST|Poincare.D12.TriangulationTopology.simplexConeMap_mem|thm|[propext, Classical.choice, Quot.sound]
A3R13|CONST|Poincare.D12.TriangulationTopology.subdivSpans_proper|thm|[propext, Classical.choice, Quot.sound]
A3R13|CONST|Poincare.D12.TriangulationTopology.segmentPath._proof_3|thm|[propext, Classical.choice, Quot.sound]
A3R13|CONST|Poincare.D12.TriangulationTopology.continuous_simplexConeMapQuot|thm|[propext, Classical.choice, Quot.sound]
A3R13|CONST|Poincare.D12.TriangulationTopology.simplexConeMapQuot_injective._simp_1_3|thm|[propext]
A3R13|CONST|Poincare.D12.TriangulationTopology.upperHemisphereToDisk._proof_1|thm|[propext,
 Classical.choice,
 Quot.sound]
A3R13|CONST|Poincare.D12.TriangulationTopology.simplexBoundaryConeMapQuot|def|[propext, Classical.choice, Quot.sound]
A3R13|CONST|Poincare.D12.TriangulationTopology.continuous_doubleDiskMapQuot|thm|[propext, Classical.choice, Quot.sound]
A3R13|CONST|Poincare.D12.TriangulationTopology.alexanderHomeo._proof_4|thm|[propext, Classical.choice, Quot.sound]
A3R13|CONST|Poincare.D12.TriangulationTopology.simplexBoundaryConeMap_mem|thm|[propext, Classical.choice, Quot.sound]
A3R13|CONST|Poincare.D12.TriangulationTopology.sphere_pi1_subsingleton|thm|[propext, Classical.choice, Quot.sound]
A3R13|CONST|Poincare.D12.TriangulationTopology.simplyConnectedSpace_sphereThree|thm|[propext,
 Classical.choice,
 Quot.sound]
A3R13|CONST|Poincare.D12.TriangulationTopology.linePoints_le_one_of_not_mem|thm|[propext, Classical.choice, Quot.sound]
A3R13|CONST|Poincare.D12.TriangulationTopology.sphereOfTwoDisks._proof_9|thm|[propext, Classical.choice, Quot.sound]
A3R13|CONST|Poincare.D12.TriangulationTopology.subdiv.eq_1|thm|[propext, Classical.choice, Quot.sound]
A3R13|CONST|Poincare.D12.TriangulationTopology.trivialization_id._proof_4|thm|[propext, Classical.choice, Quot.sound]
A3R13|CONST|Poincare.D12.TriangulationTopology.quotMapHomeo._proof_6|thm|[propext, Classical.choice, Quot.sound]
A3R13|CONST|Poincare.D12.TriangulationTopology.sphereThree_fundamentalGroup_subsingleton|thm|[propext,
 Classical.choice,
 Quot.sound]
A3R13|CONST|Poincare.D12.TriangulationTopology.quotMapHomeo._proof_3|thm|[Quot.sound]
A3R13|CONST|Poincare.D12.TriangulationTopology.sphereToSimplexBoundary|def|[propext, Classical.choice, Quot.sound]
A3R13|CONST|Poincare.D12.TriangulationTopology.loop_nullhomotopic_of_forall_ne|thm|[propext,
 Classical.choice,
 Quot.sound]
A3R13|CONST|Poincare.D12.TriangulationTopology.sphereOfTwoDisks.match_1|def|[propext, Classical.choice, Quot.sound]
A3R13|CONST|Poincare.D12.TriangulationTopology.simplexBoundaryFnCompactSpace|thm|[propext, Classical.choice, Quot.sound]
A3R13|CONST|Poincare.D12.TriangulationTopology.sphereOfTwoDisks_hemisphere_instance._proof_2|thm|[propext,
 Classical.choice,
 Quot.sound]
A3R13|CONST|Poincare.D12.TriangulationTopology.suspMapQuot.eq_1|thm|[propext, Classical.choice, Quot.sound]
A3R13|CONST|Poincare.D12.TriangulationTopology.sphereThreeSuspension|def|[propext, Classical.choice, Quot.sound]
A3R13|CONST|Poincare.D12.TriangulationTopology.stage6_sphereThreePiOneTrivial|thm|[propext,
 Classical.choice,
 Quot.sound]
A3R13|CONST|Poincare.D12.TriangulationTopology.diskNonempty|thm|[propext, Classical.choice, Quot.sound]
A3R13|CONST|Poincare.D12.TriangulationTopology.rpT2Space|thm|[propext, Classical.choice, Quot.sound]
A3R13|CONST|Poincare.D12.TriangulationTopology.continuous_simplexBoundaryConeMapQuot|thm|[propext,
 Classical.choice,
 Quot.sound]
A3R13|CONST|Poincare.D12.TriangulationTopology.simplexBoundaryHomeoBoundaryFn._proof_1|thm|[propext,
 Classical.choice,
 Quot.sound]
A3R13|CONST|Poincare.D12.TriangulationTopology.sphereSimplyConnectedSpaceOfFact|thm|[propext,
 Classical.choice,
 Quot.sound]
A3R13|CONST|Poincare.D12.TriangulationTopology.continuous_diskToLowerHemisphere|thm|[propext,
 Classical.choice,
 Quot.sound]
A3R13|CONST|Poincare.D12.TriangulationTopology.sphereToDisk_coe|thm|[propext, Classical.choice, Quot.sound]
A3R13|CONST|Poincare.D12.TriangulationTopology.simplexMin_neg_of_unit|thm|[propext, Classical.choice, Quot.sound]
A3R13|CONST|Poincare.D12.TriangulationTopology.moiseWeakenedCW|def|[propext, Classical.choice, Quot.sound]
A3R13|CONST|Poincare.D12.TriangulationTopology.sqrt_one_sub_trunc_norm_sq_eq_neg_last|thm|[propext,
 Classical.choice,
 Quot.sound]
A3R13|CONST|Poincare.D12.TriangulationTopology.restrictionChain._proof_2|thm|[propext, Classical.choice, Quot.sound]
A3R13|CONST|Poincare.D12.TriangulationTopology.simplexRadialTime_eq_of_radial_repr._simp_1_6|thm|[propext,
 Classical.choice,
 Quot.sound]
A3R13|CONST|Poincare.D12.TriangulationTopology.sphereThreeTarget_cover_isHomeo|thm|[propext,
 Classical.choice,
 Quot.sound]
A3R13|CONST|Poincare.D12.TriangulationTopology.stage6_sphereThreeSimplyConnected|thm|[propext,
 Classical.choice,
 Quot.sound]
A3R13|CONST|Poincare.D12.TriangulationTopology.lowerHemisphereHomeoDisk|def|[propext, Classical.choice, Quot.sound]
A3R13|CONST|Poincare.D12.TriangulationTopology.restrictionChain_succ_apply._proof_1|thm|[propext, Quot.sound]
A3R13|CONST|Poincare.D12.TriangulationTopology.idChain|def|[propext, Classical.choice, Quot.sound]
A3R13|CONST|Poincare.D12.TriangulationTopology.antipodalMulAction|def|[propext, Classical.choice, Quot.sound]
A3R13|CONST|Poincare.D12.TriangulationTopology.DoubleDisk|def|[propext, Classical.choice, Quot.sound]
A3R13|CONST|Poincare.D12.TriangulationTopology.antipodal_mul_self|thm|[propext, Classical.choice, Quot.sound]
A3R13|CONST|Poincare.D12.TriangulationTopology.continuous_suspMap|thm|[propext, Classical.choice, Quot.sound]
A3R13|CONST|Poincare.D12.TriangulationTopology.simplexBoundaryConeMapQuot._proof_1|thm|[propext,
 Classical.choice,
 Quot.sound]
A3R13|CONST|Poincare.D12.TriangulationTopology.sphereOfTwoDisks._proof_3|thm|[propext, Classical.choice, Quot.sound]
A3R13|CONST|Poincare.D12.TriangulationTopology.antipodalSmul_one|thm|[propext, Classical.choice, Quot.sound]
A3R13|CONST|Poincare.D12.TriangulationTopology.simplexBoundaryHomeoSphere|def|[propext, Classical.choice, Quot.sound]
A3R13|CONST|Poincare.D12.TriangulationTopology.diskGlueQuotCompactSpace|thm|[propext, Classical.choice, Quot.sound]
A3R13|CONST|Poincare.D12.TriangulationTopology.restrictionChain._proof_4|thm|[propext, Classical.choice, Quot.sound]
A3R13|CONST|Poincare.D12.TriangulationTopology.restrictionChain._unsafe_rec|def|[propext, Classical.choice, Quot.sound]
A3R13|CONST|Poincare.D12.TriangulationTopology.quotMapHomeo._proof_2|thm|[Quot.sound]
A3R13|CONST|Poincare.D12.TriangulationTopology.sphereOfTwoDisks_hemisphere_instance._proof_3|thm|[propext,
 Classical.choice,
 Quot.sound]
A3R13|CONST|Poincare.D12.TriangulationTopology.diskGlueRel|def|[propext, Classical.choice, Quot.sound]
A3R13|CONST|Poincare.D12.TriangulationTopology.restrictionPiece._proof_1|thm|[propext, Classical.choice, Quot.sound]
A3R13|CONST|Poincare.D12.TriangulationTopology.rpPathConnectedSpace_of_pos|thm|[propext, Classical.choice, Quot.sound]
A3R13|CONST|Poincare.D12.TriangulationTopology.linePoints_le_one_of_not_mem'._abel_1_1|thm|[propext,
 Classical.choice,
 Quot.sound]
A3R13|CONST|Poincare.D12.TriangulationTopology.trivialization_id|def|[propext, Classical.choice, Quot.sound]
A3R13|CONST|Poincare.D12.TriangulationTopology.exists_not_mem_finset_submodule_union|thm|[propext,
 Classical.choice,
 Quot.sound]
A3R13|CONST|Poincare.D12.TriangulationTopology.quotMapHomeo|def|[propext, Classical.choice, Quot.sound]
A3R13|CONST|Poincare.D12.TriangulationTopology.sphereThree_identityCover|thm|[propext, Classical.choice, Quot.sound]
A3R13|CONST|Poincare.D12.TriangulationTopology.segmentPath.congr_simp|thm|[propext, Classical.choice, Quot.sound]
A3R13|CONST|Poincare.D12.TriangulationTopology.LocallyEuclideanOfDimension|def|[propext, Classical.choice, Quot.sound]
A3R13|CONST|Poincare.D12.TriangulationTopology.restrictionChain._proof_1|thm|[propext, Classical.choice, Quot.sound]
A3R13|CONST|Poincare.D12.TriangulationTopology.sphereOfTwoDisks._proof_12|thm|[propext, Classical.choice, Quot.sound]
A3R13|CONST|Poincare.D12.TriangulationTopology.segChain._unsafe_rec|def|[propext, Classical.choice, Quot.sound]
A3R13|CONST|Poincare.D12.TriangulationTopology.simplexConeMapQuot_injective._simp_1_2|thm|[propext]
A3R13|CONST|Poincare.D12.TriangulationTopology.norm_segment_sub_left_le._abel_1_3|thm|[propext,
 Classical.choice,
 Quot.sound]
A3R13|CONST|Poincare.D12.TriangulationTopology.diskToLowerHemisphere._proof_1|thm|[propext,
 Classical.choice,
 Quot.sound]
A3R13|CONST|Poincare.D12.TriangulationTopology.simplexBoundaryConeNonempty|thm|[propext, Classical.choice, Quot.sound]
A3R13|CONST|Poincare.D12.TriangulationTopology.alexanderHomeo_sphereToDisk|thm|[propext, Classical.choice, Quot.sound]
A3R13|CONST|Poincare.D12.TriangulationTopology.restrictionChain_target._proof_1_2|thm|[propext, Quot.sound]
A3R13|CONST|Poincare.D12.TriangulationTopology.restrictionChain.eq_2|thm|[propext, Classical.choice, Quot.sound]
A3R13|CONST|Poincare.D12.TriangulationTopology.doubleDiskMapQuot_injective|thm|[propext, Classical.choice, Quot.sound]
A3R13|CONST|Poincare.D12.TriangulationTopology.simplexMin_le|thm|[propext, Classical.choice, Quot.sound]
A3R13|CONST|Poincare.D12.TriangulationTopology.simplexRadialTime_eq_of_radial_repr._simp_1_4|thm|[propext]
A3R13|CONST|Poincare.D12.TriangulationTopology.simplexMin_eq_zero_of_mem_boundary|thm|[propext,
 Classical.choice,
 Quot.sound]
A3R13|CONST|Poincare.D12.TriangulationTopology.lowerHemisphereCompactSpace|thm|[propext, Classical.choice, Quot.sound]
A3R13|CONST|Poincare.D12.TriangulationTopology.segChain_mem_iUnion_spans|thm|[propext, Classical.choice, Quot.sound]
A3R13|CONST|Poincare.D12.TriangulationTopology.diskGlueSumHomeo_inr|thm|[propext, Classical.choice, Quot.sound]
A3R13|CONST|Poincare.D12.TriangulationTopology.simplexConeMapQuot_injective._simp_1_8|thm|[propext]
A3R13|CONST|Poincare.D12.TriangulationTopology.antipodalSmul|def|[propext, Classical.choice, Quot.sound]
A3R13|CONST|Poincare.D12.TriangulationTopology.simplexBoundaryT2Space|thm|[propext, Classical.choice, Quot.sound]
A3R13|CONST|Poincare.D12.TriangulationTopology.SimplexBoundaryFn|def|[propext, Classical.choice, Quot.sound]
A3R13|CONST|Poincare.D12.TriangulationTopology.simplexBoundaryFnHomeoSphere|def|[propext, Classical.choice, Quot.sound]
A3R13|CONST|Poincare.D12.TriangulationTopology.continuous_simplexBoundaryToSphere|thm|[propext,
 Classical.choice,
 Quot.sound]
A3R13|CONST|Poincare.D12.TriangulationTopology.diskDirection|def|[propext, Classical.choice, Quot.sound]
A3R13|CONST|Poincare.D12.TriangulationTopology.diskToLowerHemisphere.eq_1|thm|[propext, Classical.choice, Quot.sound]
A3R13|CONTROL|A3R13.a3r13UsesFakeAxiom|[A3R13.a3r13FakeAxiom]
A3R13|CONTROL|A3R13.a3r13UsesFakeOpaque|[]
