@D13.ManifoldIBP.SmoothOverlapAtlas.globalWeightedIBP_of_cover_partial_ae : ∀ {M : Type u_1} [inst : MeasurableSpace M]
  {n : ℕ} {A : D13.ManifoldIBP.SmoothOverlapAtlas M (n + 1)},
  (∀ (i j : ℕ) (y : Vec (n + 1)), A.chart j y ∈ A.chart i '' A.source i → A.transition i j y ∈ A.source i) →
    ∀ (b : ℕ) {ι : Type u_2} [Fintype ι] (chartOf : ι → ℕ) (f u v Du Guv : M → ℝ),
      Measurable f →
        Measurable v →
          Measurable Du →
            Measurable Guv →
              (∀ (m : M), v m ≠ 0 → m ∈ A.chart b '' A.source b) →
                (∀ (i : ℕ), ContDiff ℝ 2 fun y => f (A.chart i y)) →
                  (∀ (i : ℕ), ContDiff ℝ 2 fun y => u (A.chart i y)) →
                    (∀ (i : ℕ), ContDiff ℝ 2 fun y => v (A.chart i y)) →
                      (HasCompactSupport fun y => v (A.chart b y)) →
                        (tsupport fun y => v (A.chart b y)) ⊆ A.source b →
                          A.chart b '' A.source b ⊆ ⋃ j, A.chart (chartOf j) '' A.source (chartOf j) →
                            (∀ (i : ℕ),
                                ∀ y ∈ A.source i,
                                  Du (A.chart i y) =
                                    (A.metric i).driftLaplacian (fun z => f (A.chart i z)) (fun z => u (A.chart i z))
                                      y) →
                              (∀ (i : ℕ),
                                  ∀ y ∈ A.source i,
                                    Guv (A.chart i y) =
                                      (A.metric i).gradInnerInverse (fun z => u (A.chart i z))
                                        (fun z => v (A.chart i z)) y) →
                                (∀ (m : M), Guv m ≠ 0 → m ∈ A.chart b '' A.source b) →
                                  (∀ (i j : ℕ) (K : Set (Vec (n + 1))),
                                      IsCompact K → IsCompact (A.transition i j ⁻¹' K)) →
                                    (∀ (i : ℕ), volume (frontier (A.source i)) = 0) →
                                      ∫ (m : M), Du m * v m ∂(A.globalMeasure volume).withDensity (A.weight f) =
                                        -∫ (m : M), Guv m ∂(A.globalMeasure volume).withDensity (A.weight f)
@halfSpaceAtlas_weightedIBP_unconditional : ∀ {n : ℕ} (G : ChartMetric (n + 1)) (f u v : Vec (n + 1) → ℝ),
  ContDiff ℝ 2 f →
    ContDiff ℝ 2 u →
      ContDiff ℝ 2 v →
        HasCompactSupport v →
          tsupport v ⊆ {y | y 0 < 1} →
            ∫ (m : Vec (n + 1)),
                G.driftLaplacian f u m * v m ∂((hsAtlas G).globalMeasure volume).withDensity ((hsAtlas G).weight f) =
              -∫ (m : Vec (n + 1)),
                  G.gradInnerInverse u v m ∂((hsAtlas G).globalMeasure volume).withDensity ((hsAtlas G).weight f)
@halfSpaceAtlas_greenIdentity : ∀ {n : ℕ} (G : ChartMetric (n + 1)) (F U V : Vec (n + 1) → ℝ),
  ContDiff ℝ 2 F →
    ContDiff ℝ 2 U →
      ContDiff ℝ 2 V →
        HasCompactSupport U →
          HasCompactSupport V →
            tsupport U ⊆ {y | y 0 < 1} →
              tsupport V ⊆ {y | y 0 < 1} →
                ∫ (m : Vec (n + 1)),
                    G.driftLaplacian F U m *
                      V m ∂((hsAtlas G).globalMeasure volume).withDensity ((hsAtlas G).weight F) =
                  ∫ (m : Vec (n + 1)),
                    U m * G.driftLaplacian F V m ∂((hsAtlas G).globalMeasure volume).withDensity ((hsAtlas G).weight F)
@halfSpaceAtlas_laplacianIntegralZero : ∀ {n : ℕ} (G : ChartMetric (n + 1)) (V : Vec (n + 1) → ℝ),
  ContDiff ℝ 2 V →
    HasCompactSupport V →
      tsupport V ⊆ {y | y 0 < 1} → ∫ (m : Vec (n + 1)), G.laplacian V m ∂(hsAtlas G).globalMeasure volume = 0
@dilationAtlasTwo_weightedIBP_via_pou : ∀ {n : ℕ} (G : ChartMetric (n + 1)) (F U V : Vec (n + 1) → ℝ),
  ContDiff ℝ 2 F →
    ContDiff ℝ 2 U →
      ContDiff ℝ 2 V →
        HasCompactSupport V →
          ∀ {R : ℝ} (ψ : Fin 2 → Vec (n + 1) → ℝ),
            (∀ (i : Fin 2), ContDiff ℝ ∞ (ψ i)) →
              (∀ (i : Fin 2), tsupport (ψ i) ⊆ ball 0 (R + 1)) →
                (∀ x ∈ tsupport V, ∑ i, ψ i x = 1) →
                  (∀ (j : Fin 2),
                      Integrable (fun m => G.driftLaplacian F U m * (dilationAtlasTwoSmooth n G).pouPiece 0 V (ψ j) m)
                        (((dilationAtlasTwoSmooth n G).globalMeasure volume).withDensity
                          ((dilationAtlasTwoSmooth n G).weight F))) →
                    (∀ (j : Fin 2),
                        Integrable (fun m => (dilationAtlasTwoSmooth n G).pouPairing 0 (↑j) U V (ψ j) m)
                          (((dilationAtlasTwoSmooth n G).globalMeasure volume).withDensity
                            ((dilationAtlasTwoSmooth n G).weight F))) →
                      ∫ (m : Vec (n + 1)),
                          G.driftLaplacian F U m *
                            V
                              m ∂((dilationAtlasTwoSmooth n G).globalMeasure volume).withDensity
                            ((dilationAtlasTwoSmooth n G).weight F) =
                        -∫ (m : Vec (n + 1)),
                            G.gradInnerInverse U V
                              m ∂((dilationAtlasTwoSmooth n G).globalMeasure volume).withDensity
                              ((dilationAtlasTwoSmooth n G).weight F)
@D13.ManifoldIBP.manifoldWeightedIBP_of_atlasData : ∀ {n ι : ℕ} {M : Type u_1} [inst : MeasurableSpace M]
  (A : D13.ManifoldIBP.ManifoldAtlasData M n ι) (u v : M → ℝ),
  (∀ (i : Fin ι), ContDiff ℝ 2 (A.drift i)) →
    (∀ (i : Fin ι), ContDiff ℝ 2 fun x => u (A.chart i x)) →
      (∀ (i : Fin ι), ContDiff ℝ 2 fun x => v (A.chart i x)) →
        (∀ (i : Fin ι), HasCompactSupport fun x => v (A.chart i x)) →
          Integrable (fun m => A.driftLaplacianM u m * v m) A.μ →
            Integrable (fun m => A.gradInnerM u v m) A.μ →
              ∫ (m : M), A.driftLaplacianM u m * v m ∂A.μ = -∫ (m : M), A.gradInnerM u v m ∂A.μ
finiteLifetimeEntropyBridge_gaussian : ∀ (τ0 t1 : ℝ) (ht1 : t1 < τ0),
  FiniteLifetimeEntropyBridge (gaussCalculus τ0 t1 ht1) (gaussEntropyData τ0 t1 ht1) 0 t1
monotoneOn_F_gaussian : ∀ (τ0 t1 : ℝ) (ht1 : t1 < τ0), MonotoneOn (fun s => (gaussEntropyData τ0 t1 ht1 s).F) (Icc 0 t1)
'Poincare.D13.ManifoldIBP.SmoothOverlapAtlas.globalWeightedIBP_of_cover_partial_ae' depends on axioms: [propext,
 Classical.choice,
 Quot.sound]
'Poincare.D13.ManifoldIBP.OverlapAtlas.halfSpaceAtlas_weightedIBP_unconditional' depends on axioms: [propext,
 Classical.choice,
 Quot.sound]
'Poincare.D13.ManifoldIBP.OverlapAtlas.halfSpaceAtlas_greenIdentity' depends on axioms: [propext,
 Classical.choice,
 Quot.sound]
'Poincare.D13.ManifoldIBP.OverlapAtlas.halfSpaceAtlas_laplacianIntegralZero' depends on axioms: [propext,
 Classical.choice,
 Quot.sound]
'Poincare.D13.ManifoldIBP.OverlapAtlas.dilationAtlasTwo_weightedIBP_via_pou' depends on axioms: [propext,
 Classical.choice,
 Quot.sound]
'Poincare.D13.ManifoldIBP.manifoldWeightedIBP_of_atlasData' depends on axioms: [propext, Classical.choice, Quot.sound]
'Poincare.D13.HeatKernelBridge.finiteLifetimeEntropyBridge_gaussian' depends on axioms: [propext,
 Classical.choice,
 Quot.sound]
'Poincare.D13.HeatKernelBridge.monotoneOn_F_gaussian' depends on axioms: [propext, Classical.choice, Quot.sound]
structure Poincare.D13.ManifoldIBP.ManifoldAtlasData.{u_1} (M : Type u_1) [MeasurableSpace M] (n ι : ℕ) : Type u_1
number of parameters: 4
fields:
  Poincare.D13.ManifoldIBP.ManifoldAtlasData.μ : Measure M
  Poincare.D13.ManifoldIBP.ManifoldAtlasData.chart : Fin ι → D13.ManifoldIBP.Vec (n + 1) → M
  Poincare.D13.ManifoldIBP.ManifoldAtlasData.metric : Fin ι → ChartMetric (n + 1)
  Poincare.D13.ManifoldIBP.ManifoldAtlasData.drift : Fin ι → D13.ManifoldIBP.Vec (n + 1) → ℝ
  Poincare.D13.ManifoldIBP.ManifoldAtlasData.integral_decomp : ∀ (g : M → ℝ),
      Integrable g self.μ →
        ∫ (m : M), g m ∂self.μ =
          ∑ i,
            ∫ (x : D13.ManifoldIBP.Vec (n + 1)),
              g (self.chart i x) * Real.exp (-self.drift i x) * (self.metric i).density x
  Poincare.D13.ManifoldIBP.ManifoldAtlasData.driftLaplacianM : (M → ℝ) → M → ℝ
  Poincare.D13.ManifoldIBP.ManifoldAtlasData.gradInnerM : (M → ℝ) → (M → ℝ) → M → ℝ
  Poincare.D13.ManifoldIBP.ManifoldAtlasData.weighted_laplacian_compat : ∀ (u : M → ℝ) (i : Fin ι)
      (x : D13.ManifoldIBP.Vec (n + 1)),
      self.driftLaplacianM u (self.chart i x) =
        (self.metric i).driftLaplacian (self.drift i) (fun y => u (self.chart i y)) x
  Poincare.D13.ManifoldIBP.ManifoldAtlasData.grad_inner_compat : ∀ (u v : M → ℝ) (i : Fin ι)
      (x : D13.ManifoldIBP.Vec (n + 1)),
      self.gradInnerM u v (self.chart i x) =
        (self.metric i).gradInnerInverse (fun y => u (self.chart i y)) (fun y => v (self.chart i y)) x
constructor:
  Poincare.D13.ManifoldIBP.ManifoldAtlasData.mk.{u_1} {M : Type u_1} [MeasurableSpace M] {n ι : ℕ} (μ : Measure M)
    (chart : Fin ι → D13.ManifoldIBP.Vec (n + 1) → M) (metric : Fin ι → ChartMetric (n + 1))
    (drift : Fin ι → D13.ManifoldIBP.Vec (n + 1) → ℝ)
    (integral_decomp :
      ∀ (g : M → ℝ),
        Integrable g μ →
          ∫ (m : M), g m ∂μ =
            ∑ i, ∫ (x : D13.ManifoldIBP.Vec (n + 1)), g (chart i x) * Real.exp (-drift i x) * (metric i).density x)
    (driftLaplacianM : (M → ℝ) → M → ℝ) (gradInnerM : (M → ℝ) → (M → ℝ) → M → ℝ)
    (weighted_laplacian_compat :
      ∀ (u : M → ℝ) (i : Fin ι) (x : D13.ManifoldIBP.Vec (n + 1)),
        driftLaplacianM u (chart i x) = (metric i).driftLaplacian (drift i) (fun y => u (chart i y)) x)
    (grad_inner_compat :
      ∀ (u v : M → ℝ) (i : Fin ι) (x : D13.ManifoldIBP.Vec (n + 1)),
        gradInnerM u v (chart i x) = (metric i).gradInnerInverse (fun y => u (chart i y)) (fun y => v (chart i y)) x) :
    D13.ManifoldIBP.ManifoldAtlasData M n ι
structure Poincare.D13.CertificateOn.FiniteLifetimeEntropyBridge.{u} {X : Type u} [MeasurableSpace X]
  [NormedAddCommGroup X] [NormedSpace ℝ X] {μ : Measure X} (C : ℝ → WeightedCalculus X) (E : ℝ → EntropyData X μ)
  (a b : ℝ) : Prop
number of parameters: 9
fields:
  Poincare.D13.CertificateOn.FiniteLifetimeEntropyBridge.f_derivative : ∀ t ∈ Ioo a b,
      HasDerivAt (fun s => (E s).F) (E t).FDissipation t
  Poincare.D13.CertificateOn.FiniteLifetimeEntropyBridge.weighted_ibp : ∀ t ∈ Ioo a b,
      RestrictedWeightedIBPStatement (C t) (E t)
  Poincare.D13.CertificateOn.FiniteLifetimeEntropyBridge.weighted_laplacian_compatibility : ∀ t ∈ Ioo a b,
      WeightedLaplacianStatement (C t) (E t)
  Poincare.D13.CertificateOn.FiniteLifetimeEntropyBridge.bochner : ∀ t ∈ Ioo a b,
      ∀ (u : X → ℝ), ContDiff ℝ 3 u → BochnerIdentityOn (C t) u
  Poincare.D13.CertificateOn.FiniteLifetimeEntropyBridge.conjugate_measure_evolution : ∀ t ∈ Ioo a b,
      ∀ (x : X), HasDerivAt (fun s => (E s).ρ x) (-(C t).laplacian (fun y => (E t).ρ y) x) t
  Poincare.D13.CertificateOn.FiniteLifetimeEntropyBridge.regularity : ContDiffOn ℝ 1 (fun s => (E s).F) (Icc a b)
constructor:
  Poincare.D13.CertificateOn.FiniteLifetimeEntropyBridge.mk.{u} {X : Type u} [MeasurableSpace X] [NormedAddCommGroup X]
    [NormedSpace ℝ X] {μ : Measure X} {C : ℝ → WeightedCalculus X} {E : ℝ → EntropyData X μ} {a b : ℝ}
    (f_derivative : ∀ t ∈ Ioo a b, HasDerivAt (fun s => (E s).F) (E t).FDissipation t)
    (weighted_ibp : ∀ t ∈ Ioo a b, RestrictedWeightedIBPStatement (C t) (E t))
    (weighted_laplacian_compatibility : ∀ t ∈ Ioo a b, WeightedLaplacianStatement (C t) (E t))
    (bochner : ∀ t ∈ Ioo a b, ∀ (u : X → ℝ), ContDiff ℝ 3 u → BochnerIdentityOn (C t) u)
    (conjugate_measure_evolution :
      ∀ t ∈ Ioo a b, ∀ (x : X), HasDerivAt (fun s => (E s).ρ x) (-(C t).laplacian (fun y => (E t).ρ y) x) t)
    (regularity : ContDiffOn ℝ 1 (fun s => (E s).F) (Icc a b)) : FiniteLifetimeEntropyBridge C E a b
structure Poincare.D12.VolumeIBP.ChartMetric (d : ℕ) : Type
number of parameters: 1
fields:
  Poincare.D12.VolumeIBP.ChartMetric.g : Vec d → Fin d → Fin d → ℝ
  Poincare.D12.VolumeIBP.ChartMetric.smooth : ∀ (i j : Fin d), ContDiff ℝ ω fun x => self.g x i j
  Poincare.D12.VolumeIBP.ChartMetric.posDef : ∀ (x : Vec d), (Matrix.of fun i j => self.g x i j).PosDef
constructor:
  Poincare.D12.VolumeIBP.ChartMetric.mk {d : ℕ} (g : Vec d → Fin d → Fin d → ℝ)
    (smooth : ∀ (i j : Fin d), ContDiff ℝ ω fun x => g x i j)
    (posDef : ∀ (x : Vec d), (Matrix.of fun i j => g x i j).PosDef) : ChartMetric d
structure Poincare.D13.Riemannian.SmoothChartMetric (d : ℕ) : Type
number of parameters: 1
fields:
  Poincare.D13.Riemannian.SmoothChartMetric.g : Vec d → Fin d → Fin d → ℝ
  Poincare.D13.Riemannian.SmoothChartMetric.smooth : ∀ (i j : Fin d), ContDiff ℝ ∞ fun x => self.g x i j
  Poincare.D13.Riemannian.SmoothChartMetric.posDef : ∀ (x : Vec d), (Matrix.of fun i j => self.g x i j).PosDef
constructor:
  Poincare.D13.Riemannian.SmoothChartMetric.mk {d : ℕ} (g : Vec d → Fin d → Fin d → ℝ)
    (smooth : ∀ (i j : Fin d), ContDiff ℝ ∞ fun x => g x i j)
    (posDef : ∀ (x : Vec d), (Matrix.of fun i j => g x i j).PosDef) : D13.Riemannian.SmoothChartMetric d
audit_src/Poincare/L4/D13SemanticAudit.lean:89:68: warning: Variable name `hr` is not explicitly referenced.

Hint: The binding can be removed (if unused) or named `_` (if used implicitly). Alternatively, prefix the name with `_` to silence this warning:
  [apply] _hr

Note: This linter can be disabled with `set_option linter.unusedVariables false`
audit_src/Poincare/L4/D13SemanticAudit.lean:234:28: warning: Variable name `hc₁` is not explicitly referenced.

Hint: The binding can be removed (if unused) or named `_` (if used implicitly). Alternatively, prefix the name with `_` to silence this warning:
  [apply] _hc₁

Note: This linter can be disabled with `set_option linter.unusedVariables false`
audit_src/Poincare/L4/D13SemanticAudit.lean:235:5: warning: Variable name `hs₁` is not explicitly referenced.

Hint: The binding can be removed (if unused) or named `_` (if used implicitly). Alternatively, prefix the name with `_` to silence this warning:
  [apply] _hs₁

Note: This linter can be disabled with `set_option linter.unusedVariables false`
audit_src/Poincare/L4/D13SemanticAudit.lean:344:6: error: No goals to be solved
audit_src/Poincare/L4/D13SemanticAudit.lean:380:6: error: No goals to be solved
audit_src/Poincare/L4/D13SemanticAudit.lean:407:15: error(lean.unknownIdentifier): Unknown constant `Filter.eventually_of_forall`
audit_src/Poincare/L4/D13SemanticAudit.lean:411:4: warning: try 'simp' instead of 'simpa'

Note: This linter can be disabled with `set_option linter.unnecessarySimpa false`
audit_src/Poincare/L4/D13SemanticAudit.lean:343:27: warning: This simp argument is unused:
  Pi.zero_apply

Hint: Omit it from the simp argument list.
  [apply] simp only [one_smul, neg_zero, Real.exp_zero, one_mul]

Note: This linter can be disabled with `set_option linter.unusedSimpArgs false`
audit_src/Poincare/L4/D13SemanticAudit.lean:379:17: warning: This simp argument is unused:
  one_smul

Hint: Omit it from the simp argument list.
  [apply] simp only [Pi.zero_apply, neg_zero, Real.exp_zero, one_mul]

Note: This linter can be disabled with `set_option linter.unusedSimpArgs false`
audit_src/Poincare/L4/D13SemanticAudit.lean:379:27: warning: This simp argument is unused:
  Pi.zero_apply

Hint: Omit it from the simp argument list.
  [apply] simp only [one_smul, neg_zero, Real.exp_zero, one_mul]

Note: This linter can be disabled with `set_option linter.unusedSimpArgs false`
EXIT=1
