theorem Poincare.L4.GeodesicComparison.sturmModel_first_zero_witness : ∃ k u du ddu K,
  0 < K ∧
    (∀ t ∈ Set.Icc 0 Real.pi, k t ≤ K) ∧
      Poincare.D12.ComparisonGeodesics.JacobiSolutionOn k u du ddu 0 (2 * Real.pi) ∧
        u 0 = 0 ∧
          u Real.pi = 0 ∧
            √K * (Real.pi - 0) ≤ Real.pi ∧ (∀ t ∈ Set.Ioo 0 Real.pi, u t ≠ 0) ∧ ∀ t ∈ Set.Ioo 0 Real.pi, k t = K :=
have hK :=
  Mathlib.Meta.NormNum.isNat_lt_true (Mathlib.Meta.NormNum.isNat_ofNat ℝ Nat.cast_zero)
    (Mathlib.Meta.NormNum.isNat_ofNat ℝ Nat.cast_one) (Eq.refl false);
have hmodel :=
  Poincare.L4.GeodesicComparison.sturmModel_jacobiSolutionOn
    (Mathlib.Meta.NormNum.isNat_le_true (Mathlib.Meta.NormNum.isNat_ofNat ℝ Nat.cast_zero)
      (Mathlib.Meta.NormNum.isNat_ofNat ℝ Nat.cast_one) (Eq.refl true));
have hc :=
  ⟨Real.pi_pos,
    lt_of_not_ge fun a =>
      Mathlib.Tactic.Linarith.lt_irrefl
        (Eq.mp
          (congrArg (fun _a => _a < 0)
            (Mathlib.Tactic.Ring.of_eq
              (Mathlib.Tactic.Ring.Common.add_congr
                (Mathlib.Tactic.Ring.Common.sub_congr
                  (Mathlib.Tactic.Ring.Common.mul_congr
                    (Mathlib.Tactic.Ring.cast_pos (Mathlib.Meta.NormNum.isNat_ofNat ℝ (Eq.refl 2)))
                    (Mathlib.Tactic.Ring.Common.atom_pf Real.pi rfl
                      (Eq.mpr
                        (id
                          (congrArg (fun _a => Real.pi ^ Nat.rawCast 1 * Nat.rawCast 1 = Real.pi ^ Nat.rawCast 1 * _a)
                            (Eq.symm rfl)))
                        (Eq.refl (Real.pi ^ Nat.rawCast 1 * Nat.rawCast 1))))
                    (Mathlib.Tactic.Ring.Common.add_mul
                      (Mathlib.Tactic.Ring.Common.mul_add
                        (Mathlib.Tactic.Ring.Common.mul_pf_right Real.pi (Nat.rawCast 1)
                          (Mathlib.Meta.NormNum.IsNat.to_raw_eq
                            (Mathlib.Meta.NormNum.isNat_mul (Eq.refl HMul.hMul) (Mathlib.Meta.NormNum.IsNat.of_raw ℝ 2)
                              (Mathlib.Meta.NormNum.IsNat.of_raw ℝ 1) (Eq.refl 2))))
                        (Mathlib.Tactic.Ring.Common.mul_zero (Nat.rawCast 2))
                        (Mathlib.Tactic.Ring.Common.add_pf_add_zero (Real.pi ^ Nat.rawCast 1 * Nat.rawCast 2 + 0)))
                      (Mathlib.Tactic.Ring.Common.zero_mul (Real.pi ^ Nat.rawCast 1 * Nat.rawCast 1 + 0))
                      (Mathlib.Tactic.Ring.Common.add_pf_add_zero (Real.pi ^ Nat.rawCast 1 * Nat.rawCast 2 + 0))))
                  (Mathlib.Tactic.Ring.Common.atom_pf Real.pi rfl
                    (Eq.mpr
                      (id
                        (congrArg (fun _a => Real.pi ^ Nat.rawCast 1 * Nat.rawCast 1 = Real.pi ^ Nat.rawCast 1 * _a)
                          (Eq.symm rfl)))
                      (Eq.refl (Real.pi ^ Nat.rawCast 1 * Nat.rawCast 1))))
                  (Mathlib.Tactic.Ring.Common.sub_pf
                    (Mathlib.Tactic.Ring.Common.neg_add
                      (Mathlib.Tactic.Ring.Common.neg_mul Real.pi (Nat.rawCast 1)
                        (Mathlib.Meta.NormNum.IsInt.to_raw_eq
                          (Mathlib.Meta.NormNum.isInt_neg (Eq.refl Neg.neg)
                            (Mathlib.Meta.NormNum.IsNat.to_isInt (Mathlib.Meta.NormNum.IsNat.of_raw ℝ 1))
                            (Eq.refl (Int.negOfNat 1)))))
                      Mathlib.Tactic.Ring.Common.neg_zero)
                    (Mathlib.Tactic.Ring.Common.add_pf_add_overlap
                      (Mathlib.Tactic.Ring.Common.add_overlap_pf Real.pi (Nat.rawCast 1)
                        (Mathlib.Meta.NormNum.IsNat.to_raw_eq
                          (Mathlib.Meta.NormNum.IsInt.to_isNat
                            (Mathlib.Meta.NormNum.isInt_add (Eq.refl HAdd.hAdd)
                              (Mathlib.Meta.NormNum.IsNat.to_isInt (Mathlib.Meta.NormNum.IsNat.of_raw ℝ 2))
                              (Mathlib.Meta.NormNum.IsInt.of_raw ℝ (Int.negOfNat 1)) (Eq.refl (Int.ofNat 1))))))
                      (Mathlib.Tactic.Ring.Common.add_pf_zero_add 0))))
                (Mathlib.Tactic.Ring.Common.sub_congr
                  (Mathlib.Tactic.Ring.cast_zero (Mathlib.Meta.NormNum.isNat_ofNat ℝ Nat.cast_zero))
                  (Mathlib.Tactic.Ring.Common.atom_pf Real.pi rfl
                    (Eq.mpr
                      (id
                        (congrArg (fun _a => Real.pi ^ Nat.rawCast 1 * Nat.rawCast 1 = Real.pi ^ Nat.rawCast 1 * _a)
                          (Eq.symm rfl)))
                      (Eq.refl (Real.pi ^ Nat.rawCast 1 * Nat.rawCast 1))))
                  (Mathlib.Tactic.Ring.Common.sub_pf
                    (Mathlib.Tactic.Ring.Common.neg_add
                      (Mathlib.Tactic.Ring.Common.neg_mul Real.pi (Nat.rawCast 1)
                        (Mathlib.Meta.NormNum.IsInt.to_raw_eq
                          (Mathlib.Meta.NormNum.isInt_neg (Eq.refl Neg.neg)
                            (Mathlib.Meta.NormNum.IsNat.to_isInt (Mathlib.Meta.NormNum.IsNat.of_raw ℝ 1))
                            (Eq.refl (Int.negOfNat 1)))))
                      Mathlib.Tactic.Ring.Common.neg_zero)
                    (Mathlib.Tactic.Ring.Common.add_pf_zero_add
                      (Real.pi ^ Nat.rawCast 1 * (Int.negOfNat 1).rawCast + 0))))
                (Mathlib.Tactic.Ring.Common.add_pf_add_overlap_zero
                  (Mathlib.Tactic.Ring.Common.add_overlap_pf_zero Real.pi (Nat.rawCast 1)
                    (Mathlib.Meta.NormNum.IsInt.to_isNat
                      (Mathlib.Meta.NormNum.isInt_add (Eq.refl HAdd.hAdd)
                        (Mathlib.Meta.NormNum.IsNat.to_isInt (Mathlib.Meta.NormNum.IsNat.of_raw ℝ 1))
                        (Mathlib.Meta.NormNum.IsInt.of_raw ℝ (Int.negOfNat 1)) (Eq.refl (Int.ofNat 0)))))
                  (Mathlib.Tactic.Ring.Common.add_pf_zero_add 0)))
              (Mathlib.Tactic.Ring.cast_zero (Mathlib.Meta.NormNum.isNat_ofNat ℝ Nat.cast_zero))))
          (Mathlib.Tactic.Linarith.add_lt_of_le_of_neg (Mathlib.Tactic.Linarith.sub_nonpos_of_le a)
            (Mathlib.Tactic.Linarith.sub_neg_of_lt Real.pi_pos)))⟩;
have huc :=
  Eq.mpr
    (id
      (congrFun'
        (congrArg Eq
          (congrArg Real.sin
            (Eq.trans (congr (congrArg HMul.hMul Real.sqrt_one) (sub_zero Real.pi)) (one_mul Real.pi))))
        0))
    Real.sin_pi;
have hfirst := fun t ht h =>
  have hsin :=
    Eq.mp
      (congrFun'
        (congrArg Eq (congrArg Real.sin (Eq.trans (congr (congrArg HMul.hMul Real.sqrt_one) (sub_zero t)) (one_mul t))))
        0)
      h;
  Poincare.L4.GeodesicComparison.sin_no_zero_in_Ioo_zero_pi (Exists.intro t ⟨ht, hsin⟩);
Exists.intro (fun x => 1)
  (Exists.intro (Poincare.L4.GeodesicComparison.sturmModel 1 0)
    (Exists.intro (Poincare.L4.GeodesicComparison.sturmModelDeriv 1 0)
      (Exists.intro (Poincare.L4.GeodesicComparison.sturmModelSecondDeriv 1 0)
        (Exists.intro 1
          ⟨hK,
            ⟨fun x x_1 => le_rfl,
              ⟨hmodel,
                ⟨of_eq_true
                    (Eq.trans
                      (congrFun'
                        (congrArg Eq
                          (Eq.trans
                            (congrArg Real.sin
                              (Eq.trans (congr (congrArg HMul.hMul Real.sqrt_one) (sub_self 0)) (mul_zero 1)))
                            Real.sin_zero))
                        0)
                      (eq_self 0)),
                  ⟨huc,
                    ⟨Eq.mpr (id (congrArg (fun _a => _a * (Real.pi - 0) ≤ Real.pi) Real.sqrt_one))
                        (Eq.mpr (id (congrArg (fun _a => 1 * _a ≤ Real.pi) (sub_zero Real.pi)))
                          (Eq.mpr (id (congrArg (fun _a => _a ≤ Real.pi) (one_mul Real.pi))) (le_refl Real.pi))),
                      ⟨hfirst,
                        Poincare.L4.GeodesicComparison.eq_curvature_of_first_jacobi_zero_before_pi_sqrt hK
                          (Eq.mpr (id (congrArg (fun _a => _a * Real.pi ≤ Real.pi) Real.sqrt_one))
                            (Eq.mpr (id (congrArg (fun _a => _a ≤ Real.pi) (one_mul Real.pi))) (le_refl Real.pi)))
                          (fun x x_1 => le_rfl) hmodel hc
                          (of_eq_true
                            (Eq.trans
                              (congrFun'
                                (congrArg Eq
                                  (Eq.trans
                                    (congrArg Real.sin
                                      (Eq.trans (congr (congrArg HMul.hMul Real.sqrt_one) (sub_self 0)) (mul_zero 1)))
                                    Real.sin_zero))
                                0)
                              (eq_self 0)))
                          huc hfirst⟩⟩⟩⟩⟩⟩⟩))))
