dsh: reasoning:
The checkpoint says repair attempt 1 was completed: the release package cache was restored and the gate replayed green. But the gate.json still shows failure because the dispatcher caches it by source hash. This is repair attempt 2. Let me check the log for repair attempt 2 and the release hash.

Wait — the checkpoint says repair attempt 1 restored `release/.lake/packages`. But gate.json checked_at 2026-09-12T00:38:12 and source_sha256 75e823... maybe the current release source hash is the same. Let me check the current gate build log timestamp and the release dir state.

The key instruction: "Compile from the release package, NOT the worktree root." Let me check what's happening now. The gate failed because lake tried to clone mathlib. Perhaps repair attempt 1's symlink was undone, or the release package rebuild changed the source hash.

Let me look at the release directory and .lake/packages.
dsh: reasoning:
Let me read the prompt.md, latest.log, last_run.json, heartbeat.json to understand the current invocation.
dsh: reasoning:
The result card already exists (written at 01:04). Repair attempt 2 was launched at 01:05. The task is essentially complete, but the dispatcher gate failed at 00:38 with a transport failure, and the gate.json is cached by source hash.

The key issue: the dispatcher caches the failed gate.json keyed by source hash `75e8231d...`. The source is unchanged, so it will not re-run the gate. This is an infrastructure blocker that cannot be fixed from the sandbox (write to longrun/state is denied).

My job for repair attempt 2: verify the release package still compiles from the release directory, verify the checkpoint and result card are correct, and try to get the gate to pass. Since I cannot write to the state dir, let me at least confirm:
1. The release package compiles green from the release dir (`lake build` in release/).
2. The source hash of the release package is unchanged.
3. Try to invalidate the gate — maybe there's a way.

Let me first check the current source hash and whether the source hash matches the one in gate.json. The gate source_sha256 is 75e8231d2345c5ca2e2cbdce8b8c80d47d1648e2e26b4843bd09d48bfed88012. The checkpoint says "release_fingerprint: 75e8231d... (identical to the passing parent gate)".

Let me find the gate script / dispatcher compile_gate to understand exactly how the hash is computed and whether there's a lock file or cache. Let me look at the longrun directory.
dsh: reasoning:
Let me look at the dispatch_loop.py compile_gate to understand the caching, and check whether I can write gate.json (probably denied). Let me find dispatch_loop.py.
dsh: reasoning:
Now let me look at dispatch_loop.py's compile_gate to understand the caching and whether there's any path to invalidation (e.g., a force flag, a lock file, or TTL). Note: gate.json keyed by source hash with no TTL apparently. Let's read it.
dsh: reasoning:
Now I understand the mechanics fully:
- The dispatcher's `compile_gate` caches by `source_sha256`. The cached gate.json has `version: 2`, `source_sha256: 75e8231d...`, `ok: false`, `build_exit: 1`.
- Since the release sources are unchanged, the dispatcher returns the cached failure and never re-runs the build. This is a genuine deadlock caused by an environmental transport failure that has since been repaired.
- Also note: this is a "remote/relayed" task — the state dir is not writable from the sandbox (write denied; escalation failed closed, per the checkpoint).

The repair attempt 2 prompt says: "Fix authored source or report an infrastructure blocker. Do not wait for the dispatcher: finish your own checks and write the result card."

So my job now:
1. Verify the release package still compiles green from release/ (compile from release package, not worktree root).
2. Confirm source hash matches the cached gate's hash (so the cached failure is keyed to the same sources — infrastructure issue, not source issue).
3. Attempt to invalidate the cached gate.json from within the sandbox — I should attempt it (write to state dir). It'll likely be denied. The instructions say attempt is safe and expected; read the marker. If denied, escalate in the same turn with justification since this session already (in the prior attempt) recorded a denial... Actually per the escalation policy: "escalate immediately in the same turn — retry the exact same command once with sandbox_permissions ... Only valid as a one-shot retry of a command the sandbox just denied". So I should try writing (e.g., `rm gate.json`) and if denied, retry with `danger-full-access` + justification. But the sandbox mode available: workspace-write is current; escalation options are workspace-write or danger-full-access. Since the file is outside the workspace, danger-full-access is what's needed. The checkpoint says escalation failed closed previously. But the policy says a rejected escalation is final for that command. Hmm — "A rejected escalation is final for that command — stop and explain, never work around it". That was for the earlier attempt in a previous session though. This is a new session/turn. The current invocation is repair attempt 2 with the explicit instruction to report an infrastructure blocker if source can't be fixed. Since sources are fine and the blocker is the cached gate, I should attempt the invalidation once, and if denied/failed, report as infrastructure blocker.

Actually wait. Let me think about whether there's a legitimate route within the dispatcher's own design: The dispatcher checks `(state / "DONE").exists()` then `card_status` then gate. If the gate returns cached non-ok and repair_count < 2, it queues another repair. This is repair attempt 2, so repair_count is now 1 → will become 2 after this, then gate_failed. So after this invocation, the dispatcher will mark gate_failed.

Could I change the source hash legitimately to force a re-gate? That would require modifying release files (which would break hash provenance and is not legitimate). Hmm, but is there any legitimate way? The source hash covers all .lean files plus lakefile.toml, lake-manifest.json, lean-toolchain. Adding a new .lean file changes the hash. But that would be a source change and would invalidate the parent-verified artifact. Not acceptable — and could be seen as gaming.

Actually, wait. There is one thing: the task itself is an independent review; the worktree result card and the review artifacts are what matter. But the gate requires release/ packages to compile. The release sources compile fine. The cached gate.json is a stale environmental failure. That's an infrastructure blocker.

However — maybe I can make gate.json re-checkable by making the dispatcher see a different fingerprint while keeping the release semantics identical? No — that's gaming the gate. Don't.

Let me think about whether writing to the state dir is possible. The state dir is at /data3/guoshaoyang/workdir/lean_poincare/longrun/state/... which is outside the session workspace /data3/.../worktrees/SEMREV-D13-cross-audit-ophis. The file policy is workspace-write → writes outside are denied. But maybe the state dir has different ownership/permissions. Let me try. Attempting is safe and expected. Actually the prior attempt already tried and failed closed. Per policy, a rejection is final for that command — but that was a previous attempt. Hmm, the policy says "A rejected escalation is final for that command — stop and explain, never work around it". Since repair attempt 1's escalation was rejected, re-escalating the same command may be pointless. But the platform may ask again. The prompt says "Approval policy: ask. Operations that require approval may ask through the configured answerers; without an available answerer, the request fails closed."

Given the prior checkpoint documented an escalation that "failed closed", I should not burn the whole budget on this. Better: perform an honest verification, and if I can write, great; if not, document the infrastructure blocker precisely.

Actually, let me reconsider: perhaps the correct interpretation of "Fix authored source or report an infrastructure blocker" — the pre-repair failure was infrastructure (transport dropped the package cache). Repair attempt 1 fixed the cache, replayed the gate green, and documented that the dispatcher-cached gate.json cannot be invalidated. Repair attempt 2 should verify that repair persists (packages symlink still in place), re-run the full gate replication, and write the final result card. The result card already exists at longrun/results/SEMREV-D13-cross-audit-ophis.md ending with TASK_DONE presumably. Let me read the card's tail and check its status.

But hold on — is the card's verdict correct, or should it be TASK_BLOCKED given the dispatcher gate is stuck? The instruction: "End the card TASK_DONE or TASK_BLOCKED; this is independent review". TASK_DONE marks the review's completion (the dispatcher then gates the release package). Since the review is complete, TASK_DONE is right. But the gate cache is stuck... The dispatcher's gate is about compiling release/, which does compile. The result card being TASK_DONE is correct.

Hmm, but there's a subtlety: after repair attempt 2, if the gate is still not invalidated, the dispatcher marks gate_failed. The task's own card remains TASK_DONE. My instruction says report a genuine mathematical blocker rather than claiming completion with a weaker theorem. There's no mathematical blocker. The infrastructure blocker is the cached gate. I should report that clearly.

Let me now:
1. Read the existing result card (verify it exists, check tail status marker, check contents line up).
2. Re-verify the release build from release/ (lake build).
3. Re-run gate_replay.py to get a fresh green replication.
4. Attempt to invalidate the stale gate.json cache (try write; escalate once if denied).
5. Update checkpoint.json with repair attempt 2 evidence and finalize the result card (append a repair-attempt-2 note) keeping TASK_DONE.

Let me first read the result card tail and the JSON.
dsh: reasoning:
The result card is complete, ends TASK_DONE, and documents the repair. Repair attempt 2 should:

1. Verify the repair persists (release/.lake/packages symlink intact, build green from release/).
2. Re-run the gate replication to confirm green (or at least do a fast verification: `lake build` exit 0 in release/ and per-file checks).
3. Attempt to invalidate the cached gate.json (write probe) — likely denied; escalate once per policy if denied in this session.
4. Update checkpoint.json with repair attempt 2 records.
5. Verify the card is intact and update the repair addendum to note repair attempt 2 verification.

Let me check whether a build is currently needed or if the oleans are already up-to-date (so `lake build` will be fast). Also let me verify the source hash matches the cached gate hash. Let me compute source_hash with the same algorithm.

Let me start the verification. First check the release state and compute hash.
dsh: reasoning:
Fingerprint matches exactly the cached gate's `source_sha256` (75e8231d...). This confirms the cached gate failure is keyed to these same, unmodified sources — i.e., the deadlock is purely from the cache.

Now let me run the full gate replication fresh, from the release package. This does `lake build` then `lake env lean` for all 63 files. Since the build is already up to date, it should be fast. Let me run it in the background — actually it should be quick (build no-op + 63 file checks). The prior run took some time. Let me run it with a reasonable timeout in the background and monitor.

Let me first check whether the environment (ELAN_HOME etc.) is correct in my shell. The gate_replay.py sets ENV itself. Let me just run it.

Also, I want to independently do a direct `lake build` from release/ per the instruction "Compile from the release package, NOT the worktree root". Let me kick off the gate_replay.py which does exactly that.

Let me start it in the background.
dsh: reasoning:
The prior gate replication at 01:03:56 was green: 63/63, fingerprint matches. Now the repair-attempt-2 replay is running in background. Meanwhile, let me attempt to invalidate the cached gate.json.

The prior attempt said writing under longrun/state/... returned Permission denied and escalation failed closed. Let me try again — first a non-destructive probe. Actually, careful: the instruction says "Do not edit tests or negative controls" but nothing about the gate.json. Removing the stale gate.json cache is exactly the operator action documented. Let me attempt the write directly: `rm /data3/.../state/SEMREV-D13-cross-audit-ophis/gate.json`. If it's denied, I retry once with danger-full-access + justification.

Actually, let me be strategic. The policy says escalation requires an approval channel; if unavailable, fails closed. Prior attempt documents that escalation failed closed. Trying again is cheap and correct per the "attempt the command, read the marker" guidance. But if it's denied without a chance to escalate (approval policy: ask, answerer may be available now), the retry may prompt the user. Let's try.

First a write probe.
dsh: reasoning:
Denied. Per policy, escalate once with danger-full-access + justification, same command.
dsh: reasoning:
As documented, the escalation fails closed — no approval channel. So the cached gate.json cannot be invalidated from this session. This is the infrastructure blocker, confirmed again in repair attempt 2.

Now, let me check the background gate replay progress and wait for it. Also, I should consider whether there's any legitimate way to get the dispatcher to re-gate. Options:

1. The dispatcher reads gate.json keyed by `version` and `source_sha256`. If the source hash changes, gate re-runs. Changing sources is unacceptable (would alter the audited artifact). BUT — wait. Is there something in `release/` that is *not* part of the audited source but *is* in the hash? The hash covers .lean files + lakefile.toml, lake-manifest.json, lean-toolchain. All are the audited artifact.

Hmm, but what about adding a legitimate, non-semantic file that's part of the review evidence? No, hash only includes .lean + 3 named files.

2. The dispatcher also requires `(state / "DONE").exists()` and card_status to reach the gate. The repair prompt mechanism: after repair attempt 2, if gate still fails, since `owned and repair_count < 2` becomes false (repair_count would be 2), it goes to `gate_failed`. So no further repair.

3. Could the dispatcher be restarted such that PENDING_GATES... no, it will call compile_gate which reads the cache.

So it is genuinely blocked at the dispatcher level; only an operator can `rm` or move the gate.json (or bump GATE_VERSION). My task's own card must report this as an infrastructure blocker. The result card already does.

Now — is there anything else I should verify in repair attempt 2? The instructions: "Read gate.json and gate-build.log. Compile from the release package, NOT the worktree root. Fix authored source or report an infrastructure blocker. Do not wait for the dispatcher: finish your own checks and write the result card."

So: compile from release package (running now), no authored source to fix (release compiles), report infrastructure blocker, write result card (exists; I'll update the repair addendum to cover repair attempt 2 verification).

Let me also double check that no source files were modified since the parent gate — compute the parent gate fingerprint too. The checkpoint says it's identical. Let me verify parent gate.json hash.

Also I should verify the review's own artifacts still exist and are unchanged (e.g., that the oleans and logs are intact). And check that no `sorry`/`axiom` etc. was introduced. Let me do a quick scan of the worktree's authored .lean files (review/probes etc.) — though the gate is only about release/.

Let me check the background job.
dsh: reasoning:
The parent gate is ok=true, build_exit 0, 63 files, with the *identical* fingerprint 75e8231d... So the same source set passed the gate in the parent worktree; the only difference is the transported package cache. This is strong evidence the failure is environmental.

The gate replay is still running (31 lake processes). Let me wait for it. Meanwhile, let me review the result card more fully to make sure the repair addendum is accurate and to add repair-attempt-2 evidence. Actually, careful: the instruction says "Only your own longrun/results/SEMREV-D13-cross-audit-ophis.md can complete this task." So updating the card is allowed and expected.

Let me plan the updates:
1. Verify gate replay green (in progress).
2. Update result card §11 with repair attempt 2: re-verified the repair persists, fresh gate replay (timestamp, hashes), re-confirmed the cached-gate deadlock and failed escalation.
3. Update checkpoint.json with repair attempt 2 fields.
4. Maybe update gate-replication.json timestamp (the replay will overwrite it).

Also: since the dispatcher's gate may mark gate_failed after this attempt, should the card end TASK_DONE or note the infra blocker? The card is the review result; it ends TASK_DONE. The infra blocker is documented. That matches the prompt: "Fix authored source or report an infrastructure blocker... finish your own checks and write the result card." The result card is the completion signal. I'll keep TASK_DONE but make the infra blocker unambiguous, since the review itself is complete and correct.

Hmm, but wait. Let me reconsider: "If the intended proof remains unavailable, preserve valid partial lemmas and end the task's own card with TASK_BLOCKED." There's no unavailable proof here — the task is a review, and it's complete. The blocker is dispatcher bookkeeping, not the math/review. So TASK_DONE is correct, with the infra blocker reported.

Let me now double-check the review's substantive checks are still reproducible/valid — at minimum, verify key evidence artifacts exist with expected hashes, and re-run a fast fail-closed audit sanity check on a couple of cards. Given the 4-hour budget and that the prior attempt did the full work, the main job is verification of persistence. Let me:

- Verify the evidence JSON files exist and parse.
- Verify the cited-declarations logs show the approved cone.
- Re-run one census probe to confirm it still passes (cheap).
- Verify the negative control still fails (cheap).

Let me look at the review evidence and logs listing while waiting.
dsh: reasoning:
The evidence is extensive. Let me check the background replay status now.

Also, I notice `gate-replay-build.log` was modified at 01:07 (by the current run, since gate_replay.py opens BUILD_LOG for writing at the start). Good.

Let me wait for the background job with a timeout. But I shouldn't busy-poll. Let me do useful work: verify a couple of the key evidence claims quickly while it runs.

Let me check the cited-declarations evidence: all cones exactly the approved set.
dsh: reasoning:
Good: cited cones show only propext, Classical.choice, Quot.sound (no sorryAx, no other axioms). Let me check for any `sorryAx` in all logs to be safe, and check the negative controls still show failures.

Now let me check the background job status.
dsh: reasoning:
The replay is still running. It took ~60s for per-file stage last time plus build time; but the build may be doing work now because I ran the build with a different `release/.lake/build`? No — the prior run built into release/.lake/build, so `lake build` should be mostly no-op. Unless the `lake env lean` invocations touch something. Actually the background job started about 3 minutes ago. Let me check the build log tail to see progress.

Let me also check what processes are running.
dsh: reasoning:
Interesting! There's another process running: PIDs 1792270 and 1798578 — a "ROUND 3 RELEASE-WIDE AUTHORED SWEEP" from some other worktree? It does `cd release` and `find . -name '*.lean'` and `lake env lean` each with xargs -P 4. Its cwd relative "release" depends on the calling process's cwd. This might be from a *different* worktree (some other agent). It writes to `../evidence/l4-release-sweep-round3.log`. Hmm, this could be the parent worktree or another task. It's using lake env lean in parallel with my gate replay, which could cause contention but not incorrectness. Note: 30 `lake env lean` processes running — my replay uses 4 workers, plus this sweep uses 4, so 30 seems high. Maybe the sweep is running many.

Wait, is this process part of MY worktree? Let me check /proc/1792270/cwd. It could be a leftover from the parent task worktree D13-cross-audit-ophis-cards, or something in this worktree's release dir. If it's running in *my* release dir, it could interfere (e.g., resource contention) but not modify sources. Let me check.

Also note: my `lake build` completed successfully (8946 jobs). Now the per-file stage is running.

Let me check the cwd of that sweep process.
dsh: reasoning:
There is a concurrent task SEMREV-L5-topology-audit also running gate_replay. The other "ROUND 3 RELEASE-WIDE AUTHORED SWEEP" is likely from another worktree too. Fine — resource contention explains the slowdown. My replay will finish.

Let me wait on my background job with a longer timeout. Meanwhile, let me think about what to write.

The important consideration: my result card ends TASK_DONE and documents the infra blocker. Repair attempt 2 should:
1. Confirm repair persists (done: symlink intact, fingerprint matches).
2. Fresh gate replay green (running).
3. Confirm stale cache + failed escalation (done: touch denied, escalation failed closed).
4. Update result card with a short repair-attempt-2 addendum.
5. Update checkpoint.json.

Let me also verify the result JSON is valid and consistent. And verify no forbidden tokens in the review-authored Lean files (review/probes) — a fail-closed check.

Let me look at the result JSON.
dsh: reasoning:
The "forbidden token" hits are in the review's own *detector* code and `#print axioms` commands — legitimate uses (the detector must mention `axiom`/`unsafe`/`sorryAx` to detect them; `#print axioms` is the audit command). Important: these are review probes, not part of the release package. The release package itself is what the gate compiles and what the D6 audit checks.

Let me check the release package for forbidden constructs directly — specifically, the release's own D6 audit output says PASS. But let me do an independent grep on release/**.lean for `sorry`, `axiom`, `admit`, `unsafe`, `native_decide`, `proof_wanted` (excluding comments is hard; but the D6 audit already does elaboration-level detection). Since the release includes the D6 audit itself which scans, and my census probes ran on card modules, this is covered. But a quick grep for risky usage is useful as a sanity check.

Actually, the key acceptance criterion for THIS task is the independent review, which is done and carded. Repair attempt 2 is about the gate. Let me not re-litigate the full review; the prior attempt did that thoroughly. My focus: verify persistence, reproduce gate, report infra blocker, update card+checkpoint.

Let me check on the background job.
dsh: reasoning:
The fresh gate replay (repair attempt 2) is green:
- build exit 0, 8946 jobs (3.7s, no-op build)
- per-file 63/63 exit 0
- fingerprint stable and equal to the cached gate's fingerprint

But note: `dispatcher_cached_gate.source_sha256` is now `null`! The state gate.json maybe got removed?? Let me check. Earlier it existed with the stale failure. Now gate_replay.py reads it and got null. Did the dispatcher modify it? Or did the concurrent task / dispatcher delete it?

Wait — `STATE_GATE.read_text() if STATE_GATE.exists() else {}` — if the file doesn't exist, `cached={}` and `.get()` returns None. So gate.json may now be gone!

Let me check the state dir now. Perhaps the operator (or dispatcher) removed it — or perhaps my escalation... no, escalation failed. Let me look.
dsh: reasoning:
The stale `gate.json` has been removed and preserved as `gate.transport-failure-preserved-20260912010752.json`. Someone (operator or a helper script) acted on the documented operator action at 01:07:52. Let me check who/what did this — there's `/data3/.../longrun/inspect_l4.py` (01:03) and `inspect_latest.py` (01:07), `check_term.py` (00:48). Hmm, likely an external operator (the human or a supervisor script) performed the `rm`. Note the state dir now shows no gate.json, so the next dispatcher tick will re-run `compile_gate` and produce a fresh, green gate.

This resolves the infrastructure blocker! Let me verify:
- gate.transport-failure-preserved-20260912010752.json holds the stale failure (preserved, good).
- Now, with no gate.json, `compile_gate` will run `lake build` + per-file checks. Since it's the dispatcher's environment (ENV in dispatch_loop.py), the build should pass — assuming the dispatcher's ENV resolves `lake` correctly. The dispatcher ran the failed build at 00:38 with the empty packages dir. Now packages is a symlink to the shared prebuild. So the dispatcher's next gate run should be green.

But wait: could the dispatcher's write of the new gate.json fail now? It wrote gate.json before (at 00:38), so it can write in that dir. Fine.

Also, the "no gate.json" state means the dispatcher (if running) might be re-gating right now, or it may have already. Let me check latest.log to see what happened at 01:07-01:09, and whether there's a new gate run in progress (lake build running under the dispatcher).

Important: the dispatcher's compile_gate is guarded by PENDING_GATES; the task status was probably "queued" with repair attempt 2. Let me check the queue state to see the task status. Let me read latest.log tail and the queue.
dsh: reasoning:
The queue task is "running" with repair_count 2, started 01:07:14 — that's my current invocation. The gate.json is gone (preserved as transport-failure). The dispatcher will re-run the gate when it reaches the DONE-card check. Note: at task start the dispatcher may have already... let me check whether a gate run is currently in progress. Since `latest.log` shows only my reasoning (the dispatcher log is capturing my session output?), hmm — actually latest.log appears to be the worker's own reasoning log, not the dispatcher's. The worker_loop writes the model reasoning to latest.log. OK.

The dispatcher's queue status is "running" and my session is the running worker. When my session exits with a TASK_DONE card, the dispatcher will check the card and run compile_gate (since gate.json no longer exists → cache miss → fresh build). Good.

One thing to be careful about: the dispatcher's `compile_gate` runs `subprocess.run(["lake", "build"], cwd=package, env=ENV)` with its own ENV. If ENV lacks ELAN_HOME/PATH properly, `lake` might not resolve. But it resolved at 00:38 (it got as far as cloning mathlib), so it's fine. The build now should be a no-op (oleans present) and pass in seconds.

Another consideration: the dispatcher's gate build will use `release/.lake/build` which currently has the oleans from my replay. Good.

So the infrastructure blocker is resolved externally. I should:
1. Verify the preserved stale gate file content (to document).
2. Update the result card §11 with repair attempt 2: the operator action was taken (gate.json removed at 01:07:52, preserved), fresh gate replay green, build 8946 jobs, 63/63.
3. Update checkpoint.json.
4. Optionally, watch for the dispatcher's fresh gate.json to appear after my session ends — but I can't after ending. However, I could proactively verify that a fresh dispatcher-style gate would pass; I already did with the exact replica.

Actually, wait — is the dispatcher running? `last_run.json` says round 1 ended 01:05:30, and heartbeat 01:09. The state dir has `worker.lock`. The queue status "running" and started_at 01:07:14 = repair attempt 2 session. The dispatcher will do the gate after the card is finalized and session ends.

Hmm, but there's a subtlety: the dispatcher may have already tried the gate between the card write (01:04) and now. It got the cached failure, queued repair attempt 2 (which is me). After I finish, it re-runs compile_gate → no gate.json → fresh run → should pass → PROMOTE verified.

Let me also consider: should I re-run the gate through the *dispatcher's own code* to be extra sure? I could import dispatch_loop and call compile_gate directly — that would write the real gate.json! But wait, can I write to the state dir? No — writes are denied (touch failed). compile_gate writes gate.json into the state dir. So I can't invoke it directly. But the replica is faithful.

Hmm, actually, hold on: the state dir files are owned by `guoshaoyang` with `drwxrwxr-x` — group/other read+execute but only owner write. I'm running as... let me check `id`. If I'm guoshaoyang, why did touch fail? Because the sandbox (Landlock) denied the path (outside workspace). The DSH file policy is workspace-write, enforced by Landlock. So no writes outside the workspace regardless of ownership.

The operator removed gate.json externally — probably the human running the dispatcher. Good.

Now let me verify the preserved file content and then update the card and checkpoint.

Let me read the preserved gate file.
dsh: reasoning:
Everything is consistent. The stale gate entry is preserved externally.

Now, the question: does the dispatcher need a gate run? With gate.json absent, the next dispatcher tick will run compile_gate and should succeed. I can't wait for the dispatcher (instructed not to). But I want to be as sure as possible that the dispatcher's own run will pass. The replica already proves: build exit 0 + 63/63 per-file. The only difference between the replica and the dispatcher is the ENV. Let me check the dispatcher's ENV in dispatch_loop.py to make sure `lake` resolves and the same toolchain is used — the dispatcher did run `lake` at 00:38 successfully (it got to cloning mathlib), so ENV is fine.

One risk: the dispatcher's `compile_gate` calls `subprocess.run(["lake","build"], ...)` — if `lake` is a shim that requires write access to `release/.lake/config` etc. Fine, that exists and is writable.

Another risk: concurrency with the other SEMREV task building in its own worktree; disk space. Let me check disk space quickly.

Also, I should check: does the dispatcher's gate write `gate.json` successfully given the directory permissions? The dir is `drwxrwxr-x guoshaoyang` — dispatcher runs as guoshaoyang, so yes (it created gate.json there before).

Now let me finalize:
1. Update the result card §11 to reflect repair attempt 2 (gate replay fresh, and the operator's cache invalidation).
2. Update checkpoint.json.
3. Possibly update result JSON's gate_repair field.

Let me first read the full card to see the structure around §11 so I can edit precisely. I read the tail already; I have the text of §11. Let me make a targeted edit: append a repair-attempt-2 paragraph before the final "TASK_DONE" line, and adjust the first paragraph of §11 if needed.

Current §11 ends with:

```
This addendum changes nothing in §0–§10: all verdicts, hashes and scope statements stand, no audited
file was modified, and this remains an independent review, never a Poincaré proof.

TASK_DONE
```

I'll insert a new subsection "### 11.1 Repair attempt 2 (2026-09-12 01:05–01:15 +08:00)" before "This addendum changes nothing...". Actually cleaner: rename the existing §11 heading to mention attempt 1, then add §11.1 for attempt 2, and keep the closing sentence updated.

Let me read the exact text around the heading first.

Also update:
- checkpoint.json: add repair attempt 2 info, update checkpoint_at, phase, and note that the stale gate.json was externally removed/preserved, so the dispatcher will re-gate.
- result JSON: update gate_repair with attempt 2.

Let me view the relevant lines of the card.
dsh: reasoning:
Now let me write the repair-attempt-2 addendum. I'll edit:
1. The heading line 474 to include "attempt 1".
2. Insert a new §11.1 after line 521 (before "This addendum changes nothing").
3. Update the closing sentence to mention both attempts.

Let me craft the text:

```
## 11. Repair addendum — release-package transport fix and dispatcher-gate replay (2026-09-12 01:00–01:20 +08:00)
```

And insert:

```
### 11.1 Repair attempt 2 — re-verification and cache clearance (2026-09-12 01:05–01:12 +08:00)

The second repair round re-ran the whole gate from the release package, not the worktree root, and
re-derived every quantity above from the live filesystem:

* `release/.lake/packages` is still the repaired symlink to the shared prebuild (the 0-entry
  `packages.transport-failure-20260912004503` directory is preserved untouched).
* Independent recomputation of `dispatch_loop.source_hash('release')`: **63 Lean files**,
  fingerprint `75e8231d2345c5ca2e2cbdce8b8c80d47d1648e2e26b4843bd09d48bfed88012` — byte-identical to
  both the stale gate entry and the **passing** parent gate
  (`longrun/state/D13-cross-audit-ophis-cards/gate.json`: `ok: true`, `build_exit: 0`, 63/63 exit 0).
* Fresh dispatcher-gate replica at `2026-09-12T01:09:00+0800`, cwd `…/SEMREV-D13-cross-audit-ophis/release`:
  `lake build` **exit 0, 8946 jobs** (`review/logs/gate-replay-build.log`, sha256
  `0d5d124e585a192353e23b3e6bd3cb9d645b739384447da5ba342167241fb609`), then `lake env lean <relative>`
  for all 63 authored files: **63/63 exit 0**, `fingerprint_before == fingerprint_after == 75e8231d…`,
  `gate_ok_replicated: true` (`review/logs/gate-replication.json`, sha256
  `a76fd2763b1d08e417459b759062f4c7bbefec1395778a458c101231e0b45290`). The D6 audit inside the build
  again reports `D6AUDIT\tVERDICT\tPASS — no sorryAx, no project axiom, no unsafe, no native_decide,
  no unapproved axiom, no proof_wanted`.
* Cited-declaration cones re-checked: every `#print axioms` line in `review/logs/*-cited.log` (7 cards)
  lists only `propext`, `Classical.choice`, `Quot.sound`; zero `sorryAx`. Negative controls
  (`review/logs/*-negcontrol.log`) still fail as required.

**Cache clearance (external, at 01:07:52 +08:00).** The residual blocker recorded above was cleared by
the operator: the stale `gate.json` was renamed to
`gate.transport-failure-preserved-20260912010752.json` (contents identical to the 00:38 entry; the
transport-failure `gate-build.log` is preserved alongside it). With no cached entry, the dispatcher's
next `compile_gate` tick is a guaranteed cache miss and re-runs both gate stages against the repaired
tree, which the evidence above shows is green. This worker again confirmed it cannot write in that
directory (`touch` → `Permission denied`; escalation → `requires approval, but no approval channel is
available`), so the entry was not touched from this session.
```

Then update the closing sentence:

```
This addendum changes nothing in §0–§10: all verdicts, hashes and scope statements stand, no audited
file was modified, and this remains an independent review, never a Poincaré proof.

TASK_DONE
```

Actually the closing already says that. I'll extend "This addendum" to "These two repair attempts" but keep meaning.

Let me now make the edits.

Also, I should double check the sha256 of `repair-release-cold-build.log` reference `d488e67e...`. It's already in the card; fine.

Now the edit.
dsh: reasoning:
Now update the checkpoint.json and result JSON's gate_repair section.

Let me read the result JSON's gate_repair field first.
dsh: reasoning:
Now update checkpoint.json. Let me read it and rewrite with repair attempt 2 info.

I need to keep the checkpoint valid JSON and record:
- checkpoint_at updated
- phase
- status
- gate_repair updated with attempt 2, blocker resolved
- compile_checked_artifacts updated

Let me write it.
dsh: reasoning:
Now verify the card still ends with TASK_DONE and the markdown is coherent. Also verify result JSON parses.

Then, one more important thing: check whether the dispatcher has already re-run the gate now that gate.json is gone. The dispatcher's tick might have happened at 01:09 or later. Let me check if gate.json reappeared. If it did, verify it's ok=true. That would be the definitive closure. But the dispatcher may only run the gate after my session ends (task status "running"). Let me check periodically — but I'm told not to wait for the dispatcher. Still, checking once is cheap.

Let me look at state dir now.
dsh: reasoning:
The dispatcher hasn't re-run the gate yet (it will after my session ends, since the task is "running"). The state is now clean: no gate.json, so a fresh gate will run.

Let me do a final independent verification that the dispatcher's own gate would pass, by simulating it more faithfully — I could run the dispatcher's `source_hash` and `compile_gate` logic but with output redirected to a workspace path so it doesn't need state writes. The replica already does exactly this (build + per-file). The only untested part is the dispatcher's ENV. Let me inspect dispatch_loop.py's ENV to compare with gate_replay.py's ENV — if they're identical, then the replica is exact.

Let me diff the ENV construction.
dsh: reasoning:
The dispatcher's ENV:
```python
ENV = dict(os.environ)
ENV["ELAN_HOME"] = str(ROOT.parent / "elan")   # /data3/guoshaoyang/workdir/lean_poincare/elan
ENV["PATH"] = str(Path.home() / ".local/node/bin") + ":" + ENV["ELAN_HOME"] + "/bin:" + ENV.get("PATH", "")
```
ROOT = /data3/guoshaoyang/workdir/lean_poincare/longrun, ROOT.parent = /data3/guoshaoyang/workdir/lean_poincare → ELAN_HOME = /data3/guoshaoyang/workdir/lean_poincare/elan. Same as the replica. PATH construction identical. The replica adds `ENV.setdefault("TMPDIR", str(Path.home() / "tmp"))`, which is a benign extra (and matches the dispatcher's effective env if TMPDIR was unset... well, dispatcher doesn't set TMPDIR; the replica may set it to home/tmp. Since lake build succeeded with the replica and the only difference is TMPDIR, this doesn't matter for the build outcome).

So the replica is faithful. The dispatcher's gate on cache miss will run `lake build` in release/ — which is currently up-to-date (8946 jobs, no-op) — then 63 per-file `lake env lean` checks, all of which pass. So it will write ok=true.

Now, the remaining question is whether I should wait and check that the dispatcher actually re-gates and promotes. The instruction explicitly says "Do not wait for the dispatcher: finish your own checks and write the result card." So I should not wait. But it would strengthen the result if I could spot-check. However, the dispatcher only re-checks after my session ends (the worker holds the task as running). So I can't observe it within this session.

One more consideration: is there any chance the dispatcher's fresh gate could fail for a reason my replica didn't cover? Timing: `compile_gate` has a 3600s build timeout and 900s per-file timeout. Build is a no-op (~4 s). Per-file was 62.8s with 4 workers in my replica; the dispatcher uses 4 workers too. Fine.

Disk space: let me check, since the build writes oleans and another task is running concurrently. Let me check `df` for the release dir.

Also, since I have time budget (4 hours, only ~15 min used), I should consider whether the review's substantive content needs any further verification for repair attempt 2. The prompt for repair says: "Read gate.json and gate-build.log. Compile from the release package, NOT the worktree root. Fix authored source or report an infrastructure blocker." The gate failure was purely environmental; no source fix needed; we've re-verified compilation. That's the substance of the repair.

However, I want to be careful about one thing: the acceptance criteria of the ORIGINAL task, which the dispatcher gate partly enforces, include "compile/read all cited declarations, run fail-closed axiom audit (only propext, Classical.choice, Quot.sound), record source hashes and exact semantic class per declaration." The card claims all this. Repair attempt 2's fresh replay checked the gate (63 files). The cited-declaration logs were re-checked by grep. Good.

Let me do a final quick sanity: run one census probe and one cited probe from the review probes to reconfirm they still pass end-to-end (compile-checked). Actually the prior attempt already ran them; re-running one is cheap and adds confidence that nothing broke since. Let me check what `review/tools/run_probes.sh` does and run one card's census + cited. But those compile against `review/packages` (private prebuild symlink) and probe dirs. Let me check if the probe oleans exist already (fast no-op).

Actually — the evidence logs are from 00:30, and nothing has changed since (sources stable). The gate replay re-elaborated all 63 release files. Re-running the full censuses would take a while and isn't necessary. But a quick spot check of one card is worthwhile for the "compile/read all cited declarations" claim.

Let me look at the probe dir and run the cited probe for one card. Actually, let me check whether the probe `.lean` files can be re-run quickly with lake env lean in the probe dir.

Let me inspect the probes structure.
dsh: reasoning:
The Cited.lean probe for D13-vankampen-recognition is a standalone file emitted by gen_useprobe.py. To re-run it, I need the right LEAN_PATH (the release's olean + packages). Let me check how gen_useprobe/run_probes invoked it. Look at run_probes.sh.
dsh: reasoning:
The probes run against `review/build/$task/release` (the independent cold-build copies), not the release package. Those build dirs exist. The cited probe for vankampen is quick (it's a #check/#print axioms file). Let me re-run the cited probe for one or two cards to confirm the evidence is reproducible now.

Note: review/build/$task/release — those are copies with their own .lake/build. Running `lake env lean <Cited.lean>` will need the oleans there. Should be a no-op. Let me run the cited probe for vankampen and check exit code.

I'll run it in the background since it might take ~30-60s.

Actually, let me just run it with a timeout of 300s in foreground; it should be quick. Hmm, elaboration of the whole import chain could take a while (release has 61 oleans; the imports are just olean loads). Let me do it.
dsh: reasoning:
The cited probe recompiles (exit 0), 6 "depends on axioms" lines, all listing propext/Classical.choice/Quot.sound, zero sorryAx. Let me verify each cone claims only the three approved axioms via a quick parse.

Let me run a check that extracts the axiom lists and confirms the set equals {propext, Classical.choice, Quot.sound}.
dsh: reasoning:
The spot-check passes. Now let me add this spot-check to the card's §11.1 (as an additional bullet) and to the checkpoint, so the repair-attempt-2 record is complete and honest.

Actually, the §11.1 already says "Cited-declaration cones re-checked: every #print axioms line in the seven review/logs/*-cited.log files lists only propext, Classical.choice, Quot.sound; zero sorryAx." I can add the fresh recompilation spot-check sentence.

Let me edit that bullet.
dsh: reasoning:
Now let me do a final consistency review:

1. Card ends TASK_DONE. ✓
2. Card documents repair attempt 2, the gate replay green, and the cache clearance. ✓
3. Checkpoint updated, valid JSON. ✓
4. Result JSON updated, valid. ✓
5. No release source modified: fingerprint 75e8231d... unchanged. ✓
6. No forbidden proofs introduced (I only edited card/checkpoint/json). ✓

One more check: verify the source fingerprint one final time after all my edits (my edits only touched review/, longrun/results/, checkpoint.json — the release package's hash covers only release/**/*.lean + 3 files, so unchanged). Let me confirm with the hash function once more, and also make sure I haven't accidentally created any new .lean file under release/ (e.g., tmp files). Earlier `touch` probes were in the state dir, not release. The `tmp/gate-replay-attempt2.out` is outside release.

Also, check `release/.lake/packages` symlink target still exists and the repair files are intact.

Let me also verify that no stray `.lean` files were added under release/ by comparing the file list count (63) — already done in the recomputation after edits? The recomputation was before my edits, but my edits were outside release/. Let me recompute for final assurance.

Also double check the review/build directory exists for the spot-check path referenced.

Then final summary to the user. The task says finish my own checks and write the result card — done. Since the dispatcher gate cache is cleared, the next tick will re-gate.

Let me also record the sha256 of the final card/json in the checkpoint? Not necessary but useful. Let me compute the final hashes and include them in the checkpoint for traceability. Actually, the checkpoint references result_md/result_json by path. Adding hashes is a nice touch. But careful: updating checkpoint after computing its own hash... the checkpoint's own hash can't include itself. I'll add hashes of md/json only.

Let me do the final verification pass.
dsh: reasoning:
All good:
- Final release fingerprint unchanged: 75e8231d... (63 Lean files).
- Raw grep hits in release are only the D6 audit's own detector strings and report text (legitimate, same as before).
- Prebuild symlink resolves.
- Disk has 5 TB free.

Now let me add the final artifact hashes to the checkpoint, then do one last read of the checkpoint and the card's §11.1 to confirm coherence.

Actually — one thought. The checkpoint's `status` says TASK_DONE, and the card says TASK_DONE. But there's a nuance regarding the dispatcher gate: the stale entry is cleared, so the next tick should pass. Good.

Should I consider whether the task-level "repair" is complete if the dispatcher hasn't yet confirmed? The prompt says "Do not wait for the dispatcher: finish your own checks and write the result card." So yes, complete.

Let me add the final hashes and then summarize. I'll also do a quick final read of the modified §11.1 to make sure the markdown is correct.
dsh: reasoning:
Wait — the checkpoint was finalized *after* computing the hashes, so the checkpoint's own `final_artifacts` hashes for the md and json are still correct (I didn't modify md/json after computing). Good.

Let me do a final read of the card's §11.1 to verify it reads well, and confirm the card's verdict/status lines. Then I'm done.

Actually, hold on. I should double-check that the checkpoint.json's `final_artifacts` hash for the md is correct — yes, computed from the current file. And I haven't modified the md/json after. ✓

Let me read the card's §11.1 section.
dsh: reasoning:
The card is complete and coherent.

Let me do a final check of the whole picture:

1. ✅ Read gate.json and gate-build.log — cached environmental failure (transport dropped package cache; lake tried to clone mathlib).
2. ✅ Compiled from the release package (not worktree root): `lake build` in release/ → exit 0, 8946 jobs; 63/63 per-file checks.
3. ✅ No authored source needed fixing; release fingerprint unchanged and identical to the passing parent gate.
4. ✅ Infrastructure blocker reported: the cached gate entry could not be invalidated from the sandbox (write denied; escalation failed closed). Crucially, the operator cleared it externally at 01:07:52, preserving it as `gate.transport-failure-preserved-20260912010752.json`, so the next dispatcher tick is a cache miss and should pass.
5. ✅ Did not weaken any theorem / introduce assumptions / etc. (I only edited the review card, result JSON, and checkpoint — no Lean sources at all.)
6. ✅ Did not edit tests or negative controls.
7. ✅ Card ends TASK_DONE (the review itself is complete; the only blocker was external bookkeeping and it's now cleared).

One last sanity check: make sure no new files were left in tmp or elsewhere that would matter, and that the result card is at the required path `longrun/results/SEMREV-D13-cross-audit-ophis.md` (relative to worktree). ✓

I should also double check the `honest_boundaries` in the result JSON still parses and is sensible after my edit. Already parsed. ✓

I believe the work is done. Let me give the final summary.

Actually, one more consideration: the dispatcher might have a running tick that could re-gate now. Let me check the state dir one final time to see if gate.json reappeared (that would be the strongest possible confirmation). It's cheap. If it has, I can report the definitive green dispatcher gate. Let me check.
dsh: reasoning:
The dispatcher will re-gate after my session ends (task still "running" = me). The state is clean (no gate.json) so it's a guaranteed cache miss.

Repair attempt 2 is complete. Let me write the final summary. I'll keep it concise but cover:
- What the gate failure was (environmental, not source).
- What I verified (release-package compile, fingerprint, parent gate parity).
- The infrastructure blocker and its external resolution.
- Deliverables updated.
- TASK_DONE.

Everything is in order. No goal tool was created (this is a single bounded repair invocation, not a long-running multi-round objective). Final answer now.
Repair attempt 2 is complete. Summary:

## Diagnosis

The dispatcher gate failure (`gate.json`, 00:38:12) was **environmental, not a source defect**:
- `lake build` tried to clone mathlib from GitHub because the transported `release/.lake/packages` arrived as an **empty directory** (network unreachable).
- The failed gate's `source_sha256` `75e8231d…` is **byte-identical** to the **passing** parent gate (`longrun/state/D13-cross-audit-ophis-cards/gate.json`: `ok: true`, `build_exit: 0`, 63/63 files exit 0). Release attempt 1 had already restored the cache by re-pointing `release/.lake/packages` at the shared pinned prebuild.

## Repair-attempt-2 checks (all from the `release/` package, never the worktree root)

| check | result |
|---|---|
| `dispatch_loop.source_hash('release')` | 63 Lean files, `75e8231d…` — unchanged, equals parent gate |
| `lake build` (gate replica, cwd `release/`) | **exit 0, 8946 jobs**, D6 audit `VERDICT PASS` |
| `lake env lean <rel>` per-file stage | **63/63 exit 0**, fingerprint stable |
| cited-declaration cones (7 logs) | only `propext`, `Classical.choice`, `Quot.sound`; zero `sorryAx` |
| fresh `Cited.lean` recompilation spot-check | exit 0, 6/6 cones exactly the approved set |
| negative controls | 3/3 `VERDICT FAIL` as required |
| release `.lean` files / prebuild symlink / disk | 63 unmodified, symlink resolves, 5 TB free |

Evidence: `review/logs/gate-replay-build.log` (sha256 `0d5d124e…`), `review/logs/gate-replication.json` (sha256 `a76fd276…`, `gate_ok_replicated: true`).

## Infrastructure blocker — now cleared

The dispatcher caches gate results by source hash, so the stale failure would have been returned without re-building. This worker cannot write to the state directory (`touch` → `Permission denied`; escalation → `requires approval, but no approval channel is available`). **The operator cleared it externally at 01:07:52**, preserving it as `gate.transport-failure-preserved-20260912010752.json`. With no `gate.json` present, the next dispatcher tick is a guaranteed cache miss and re-runs both gate stages — which the replica evidence shows is green.

## Deliverables

- `longrun/results/SEMREV-D13-cross-audit-ophis.md` — §11.1 added documenting attempt-2 verification and cache clearance; ends **TASK_DONE** (review unchanged: parent card ACCEPTED WITH REVISIONS).
- `longrun/results/SEMREV-D13-cross-audit-ophis.json` and `checkpoint.json` — updated with attempt-2 evidence, blocker resolution, and final artifact hashes.

No Lean source, test, or negative control was edited; no `sorry`/`axiom`/`admit`/`unsafe`/`native_decide`/`proof_wanted` introduced.
