Poincare/D12/TensorMaximumBochner/So3RicciFlow.lean:77:49: error: unsolved goals
case neg
i j : Fin 3
h : ¬i = j
⊢ False
Poincare/D12/TensorMaximumBochner/So3RicciFlow.lean:82:63: error: unsolved goals
case neg
i j : Fin 3
h : ¬i = j
⊢ False
Poincare/D12/TensorMaximumBochner/So3RicciFlow.lean:87:65: error: unsolved goals
case neg
t : ℝ
i j : Fin 3
h : ¬i = j
⊢ 0 = 1 - t
Poincare/D12/TensorMaximumBochner/So3RicciFlow.lean:102:42: error: Tactic `rewrite` failed: Did not find an occurrence of the pattern
  (stdMetric.form (stdMetric.basis ?i)) (stdMetric.basis ?j)
in the target expression
  (1 - t) * (stdMetric.form ((Pi.basisFun ℝ (Fin 3)) i)) ((Pi.basisFun ℝ (Fin 3)) j) = metricMatrix t i j

t : ℝ
i j : Fin 3
⊢ (1 - t) * (stdMetric.form ((Pi.basisFun ℝ (Fin 3)) i)) ((Pi.basisFun ℝ (Fin 3)) j) = metricMatrix t i j
Poincare/D12/TensorMaximumBochner/So3RicciFlow.lean:115:4: error: Type mismatch
  HasDerivAt.sub (hasDerivAt_const t 1) (hasDerivAt_id t)
has type
  HasDerivAt ((fun x => 1) - id) (0 - 1) t
but is expected to have type
  HasDerivAt (fun s => 1 - s) (-1) t
Poincare/D12/TensorMaximumBochner/So3RicciFlow.lean:118:2: error: No applicable extensionality theorem found for type
  AddCommGroup (Fin 3 → Fin 3 → ℝ)

Note: Extensionality theorems can be registered by marking them with the `[ext]` attribute
Poincare/D12/TensorMaximumBochner/So3RicciFlow.lean:131:9: error(lean.unknownIdentifier): Unknown identifier `isHermitian_one`
Poincare/D12/TensorMaximumBochner/So3RicciFlow.lean:133:77: error: unsolved goals
⊢ 1 = 1
Poincare/D12/TensorMaximumBochner/So3RicciFlow.lean:151:30: error: Tactic `rewrite` failed: Did not find an occurrence of the pattern
  star ?v ⬝ᵥ (?c • 1) *ᵥ ?v
in the target expression
  star v ⬝ᵥ ((1 - t) • 1) *ᵥ v = (1 - t) * star v ⬝ᵥ v

t : ℝ
v : Fin 3 → ℝ
⊢ star v ⬝ᵥ ((1 - t) • 1) *ᵥ v = (1 - t) * star v ⬝ᵥ v

Note: The target expression is not type-correct under the `implicit` transparency level, which may have triggered the failure. This is usually caused by unfolding of semireducible definitions in prior tactic steps. Use `set_option linter.tacticCheckInstances true` to investigate the source of the issue.
Full error:
  Application type mismatch: The argument
    (1 - t) • 1
  has type
    Fin 3 → Fin 3 → ℝ
  but is expected to have type
    Matrix (Fin 3) (Fin 3) ℝ
  in the application
    Matrix.mulVec ((1 - t) • 1)
Poincare/D12/TensorMaximumBochner/So3RicciFlow.lean:155:29: error: Tactic `rewrite` failed: Did not find an occurrence of the pattern
  star ?v ⬝ᵥ (?c • 1) *ᵥ ?v
in the target expression
  star v ⬝ᵥ (-1 • 1) *ᵥ v = -(star v ⬝ᵥ v)

v : Fin 3 → ℝ
⊢ star v ⬝ᵥ (-1 • 1) *ᵥ v = -(star v ⬝ᵥ v)

Note: The target expression is not type-correct under the `implicit` transparency level, which may have triggered the failure. This is usually caused by unfolding of semireducible definitions in prior tactic steps. Use `set_option linter.tacticCheckInstances true` to investigate the source of the issue.
Full error:
  Application type mismatch: The argument
    -1 • 1
  has type
    Fin 3 → Fin 3 → ℝ
  but is expected to have type
    Matrix (Fin 3) (Fin 3) ℝ
  in the application
    Matrix.mulVec (-1 • 1)
Poincare/D12/TensorMaximumBochner/So3RicciFlow.lean:185:6: error: Type mismatch
  HasDerivAt.sub (hasDerivAt_const t 1) (hasDerivAt_id t)
has type
  HasDerivAt ((fun x => 1) - id) (0 - 1) t
but is expected to have type
  HasDerivAt (fun s => 1 - s) (-1) t
Poincare/D12/TensorMaximumBochner/So3RicciFlow.lean:200:2: error(lean.unknownIdentifier): Unknown identifier `staysPosSemidef_of_tangent_Icc`
Poincare/D12/TensorMaximumBochner/So3RicciFlow.lean:214:12: error(lean.unknownIdentifier): Unknown identifier `dotProduct_star_self_pos_iff.mpr`
Poincare/D12/TensorMaximumBochner/So3RicciFlow.lean:230:79: error: unsolved goals
⊢ 0 = 0
Poincare/D12/TensorMaximumBochner/So3RicciFlow.lean:239:25: error: Application type mismatch: The argument
  fun x => 1
has type
  (x : Fin 3) → ?m.19 x
but is expected to have type
  Fin 3 →₀ ℝ
in the application
  @And.right (Matrix.IsHermitian 0)
    (∀ ⦃x : Fin 3 →₀ ℝ⦄, x ≠ 0 → 0 < x.sum fun i xi => x.sum fun j xj => star xi * 0 i j * xj) h fun x => 1
Poincare/D12/TensorMaximumBochner/So3RicciFlow.lean:239:46: error: unsolved goals
h : Matrix.PosDef 0
⊢ ¬sorry () = 0
Poincare/D12/TensorMaximumBochner/So3RicciFlow.lean:240:2: warning: Try `simp at hpos` instead of `simpa using hpos`

Note: This linter can be disabled with `set_option linter.unnecessarySimpa false`
'Poincare.D12.TensorMaximumBochner.So3RicciFlow.idMatrix' depends on axioms: [propext, Classical.choice, Quot.sound]
'Poincare.D12.TensorMaximumBochner.So3RicciFlow.negIdMatrix' depends on axioms: [propext, Classical.choice, Quot.sound]
'Poincare.D12.TensorMaximumBochner.So3RicciFlow.metricMatrix' depends on axioms: [propext, Classical.choice, Quot.sound]
'Poincare.D12.TensorMaximumBochner.So3RicciFlow.metricForm' depends on axioms: [propext, Classical.choice, Quot.sound]
'Poincare.D12.TensorMaximumBochner.So3RicciFlow.idMatrix_as_matrix' depends on axioms: [propext,
 sorryAx,
 Classical.choice,
 Quot.sound]
'Poincare.D12.TensorMaximumBochner.So3RicciFlow.negIdMatrix_as_matrix' depends on axioms: [propext,
 sorryAx,
 Classical.choice,
 Quot.sound]
'Poincare.D12.TensorMaximumBochner.So3RicciFlow.metricMatrix_as_matrix' depends on axioms: [propext,
 sorryAx,
 Classical.choice,
 Quot.sound]
'Poincare.D12.TensorMaximumBochner.So3RicciFlow.metricForm_apply' depends on axioms: [propext,
 Classical.choice,
 Quot.sound]
'Poincare.D12.TensorMaximumBochner.So3RicciFlow.gram_metricMatrix' depends on axioms: [propext,
 sorryAx,
 Classical.choice,
 Quot.sound]
'Poincare.D12.TensorMaximumBochner.So3RicciFlow.metricMatrix_hasDerivAt' depends on axioms: [propext,
 sorryAx,
 Classical.choice,
 Quot.sound]
'Poincare.D12.TensorMaximumBochner.So3RicciFlow.metricMatrix_differentiableAt' depends on axioms: [propext,
 sorryAx,
 Classical.choice,
 Quot.sound]
'Poincare.D12.TensorMaximumBochner.So3RicciFlow.metricMatrix_deriv' depends on axioms: [propext,
 sorryAx,
 Classical.choice,
 Quot.sound]
'Poincare.D12.TensorMaximumBochner.So3RicciFlow.metricMatrix_isHermitian' depends on axioms: [propext,
 sorryAx,
 Classical.choice,
 Quot.sound]
'Poincare.D12.TensorMaximumBochner.So3RicciFlow.metricMatrix_zero' depends on axioms: [propext,
 sorryAx,
 Classical.choice,
 Quot.sound]
'Poincare.D12.TensorMaximumBochner.So3RicciFlow.metricMatrix_posSemidef_zero' depends on axioms: [propext,
 sorryAx,
 Classical.choice,
 Quot.sound]
'Poincare.D12.TensorMaximumBochner.So3RicciFlow.dotProduct_mulVec_smul_one' depends on axioms: [propext,
 Classical.choice,
 Quot.sound]
'Poincare.D12.TensorMaximumBochner.So3RicciFlow.dotProduct_mulVec_metricMatrix' depends on axioms: [propext,
 sorryAx,
 Classical.choice,
 Quot.sound]
'Poincare.D12.TensorMaximumBochner.So3RicciFlow.dotProduct_mulVec_negIdMatrix' depends on axioms: [propext,
 sorryAx,
 Classical.choice,
 Quot.sound]
'Poincare.D12.TensorMaximumBochner.So3RicciFlow.metricMatrix_tangent' depends on axioms: [propext,
 sorryAx,
 Classical.choice,
 Quot.sound]
'Poincare.D12.TensorMaximumBochner.So3RicciFlow.ricciFlow_equation' depends on axioms: [propext,
 sorryAx,
 Classical.choice,
 Quot.sound]
'Poincare.D12.TensorMaximumBochner.So3RicciFlow.metricMatrix_posSemidef' depends on axioms: [propext,
 sorryAx,
 Classical.choice,
 Quot.sound]
'Poincare.D12.TensorMaximumBochner.So3RicciFlow.metricMatrix_posDef' depends on axioms: [propext,
 sorryAx,
 Classical.choice,
 Quot.sound]
'Poincare.D12.TensorMaximumBochner.So3RicciFlow.metricForm_nonneg' depends on axioms: [propext,
 Classical.choice,
 Quot.sound]
'Poincare.D12.TensorMaximumBochner.So3RicciFlow.metricMatrix_at_one' depends on axioms: [propext,
 sorryAx,
 Classical.choice,
 Quot.sound]
'Poincare.D12.TensorMaximumBochner.So3RicciFlow.metricMatrix_not_posDef_at_one' depends on axioms: [propext,
 sorryAx,
 Classical.choice,
 Quot.sound]
'Poincare.D12.TensorMaximumBochner.So3RicciFlow.metricForm_at_zero_nonvacuous' depends on axioms: [propext,
 Classical.choice,
 Quot.sound]
