Poincare/D12/TensorMaximumBochner/So3RicciFlow.lean:80:78: error: unsolved goals
case pos
i j : Fin 3
h : i = j
⊢ 1 = 1 i j
Poincare/D12/TensorMaximumBochner/So3RicciFlow.lean:118:4: error: Type mismatch: After simplification, term
  HasDerivAt.sub (hasDerivAt_const t 1) (hasDerivAt_id t)
 has type
  @HasDerivAt ℝ DenselyNormedField.toNontriviallyNormedField ℝ Real.normedAddCommGroup.toAddCommGroup
    RCLike.toInnerProductSpaceReal.toModule PseudoMetricSpace.toUniformSpace.toTopologicalSpace ⋯ ((fun x => 1) - id)
    (-1) t
but is expected to have type
  @HasDerivAt ℝ DenselyNormedField.toNontriviallyNormedField ℝ Real.instAddCommGroup Semiring.toModule
    PseudoMetricSpace.toUniformSpace.toTopologicalSpace ⋯ (fun s => 1 - s) (-1) t
Poincare/D12/TensorMaximumBochner/So3RicciFlow.lean:139:84: error: unsolved goals
⊢ 1 = 1
Poincare/D12/TensorMaximumBochner/So3RicciFlow.lean:191:6: error: Type mismatch: After simplification, term
  HasDerivAt.sub (hasDerivAt_const t 1) (hasDerivAt_id t)
 has type
  @HasDerivAt ℝ DenselyNormedField.toNontriviallyNormedField ℝ Real.normedAddCommGroup.toAddCommGroup
    RCLike.toInnerProductSpaceReal.toModule PseudoMetricSpace.toUniformSpace.toTopologicalSpace ⋯ ((fun x => 1) - id)
    (-1) t
but is expected to have type
  @HasDerivAt ℝ DenselyNormedField.toNontriviallyNormedField ℝ Real.instAddCommGroup Semiring.toModule
    PseudoMetricSpace.toUniformSpace.toTopologicalSpace ⋯ (fun s => 1 - s) (-1) t
Poincare/D12/TensorMaximumBochner/So3RicciFlow.lean:206:2: error(lean.unknownIdentifier): Unknown identifier `staysPosSemidef_of_tangent_Icc`
Poincare/D12/TensorMaximumBochner/So3RicciFlow.lean:219:31: error(lean.unknownIdentifier): Unknown identifier `dotProduct_star_self_pos_iff.mpr`
Poincare/D12/TensorMaximumBochner/So3RicciFlow.lean:235:84: error: unsolved goals
⊢ 0 = 0
Poincare/D12/TensorMaximumBochner/So3RicciFlow.lean:244:5: error: unsolved goals
h : Matrix.PosDef (metricMatrix 1)
⊢ ¬(fun x => 1) = 0
'Poincare.D12.TensorMaximumBochner.So3RicciFlow.idMatrix' depends on axioms: [propext, Classical.choice, Quot.sound]
'Poincare.D12.TensorMaximumBochner.So3RicciFlow.negIdMatrix' depends on axioms: [propext, Classical.choice, Quot.sound]
'Poincare.D12.TensorMaximumBochner.So3RicciFlow.metricMatrix' depends on axioms: [propext, Classical.choice, Quot.sound]
'Poincare.D12.TensorMaximumBochner.So3RicciFlow.metricForm' depends on axioms: [propext, Classical.choice, Quot.sound]
'Poincare.D12.TensorMaximumBochner.So3RicciFlow.stdMetric_basis_eq' depends on axioms: [propext,
 Classical.choice,
 Quot.sound]
'Poincare.D12.TensorMaximumBochner.So3RicciFlow.idMatrix_as_matrix' depends on axioms: [propext,
 sorryAx,
 Classical.choice,
 Quot.sound]
'Poincare.D12.TensorMaximumBochner.So3RicciFlow.negIdMatrix_as_matrix' depends on axioms: [propext,
 Classical.choice,
 Quot.sound]
'Poincare.D12.TensorMaximumBochner.So3RicciFlow.metricMatrix_as_matrix' depends on axioms: [propext,
 Classical.choice,
 Quot.sound]
'Poincare.D12.TensorMaximumBochner.So3RicciFlow.metricForm_apply' depends on axioms: [propext,
 Classical.choice,
 Quot.sound]
'Poincare.D12.TensorMaximumBochner.So3RicciFlow.gram_metricMatrix' depends on axioms: [propext,
 Classical.choice,
 Quot.sound]
'Poincare.D12.TensorMaximumBochner.So3RicciFlow.metricMatrix_hasDerivAt' depends on axioms: [propext,
 sorryAx,
 Classical.choice,
 Quot.sound]
'Poincare.D12.TensorMaximumBochner.So3RicciFlow.metricMatrix_differentiableAt' depends on axioms: [propext,
 sorryAx,
 Classical.choice,
 Quot.sound]
'Poincare.D12.TensorMaximumBochner.So3RicciFlow.metricMatrix_deriv' depends on axioms: [propext,
 sorryAx,
 Classical.choice,
 Quot.sound]
'Poincare.D12.TensorMaximumBochner.So3RicciFlow.metricMatrix_isHermitian' depends on axioms: [propext,
 Classical.choice,
 Quot.sound]
'Poincare.D12.TensorMaximumBochner.So3RicciFlow.metricMatrix_zero' depends on axioms: [propext,
 sorryAx,
 Classical.choice,
 Quot.sound]
'Poincare.D12.TensorMaximumBochner.So3RicciFlow.metricMatrix_posSemidef_zero' depends on axioms: [propext,
 sorryAx,
 Classical.choice,
 Quot.sound]
'Poincare.D12.TensorMaximumBochner.So3RicciFlow.dotProduct_mulVec_smul_one' depends on axioms: [propext,
 Classical.choice,
 Quot.sound]
'Poincare.D12.TensorMaximumBochner.So3RicciFlow.dotProduct_mulVec_metricMatrix' depends on axioms: [propext,
 Classical.choice,
 Quot.sound]
'Poincare.D12.TensorMaximumBochner.So3RicciFlow.dotProduct_mulVec_negIdMatrix' depends on axioms: [propext,
 Classical.choice,
 Quot.sound]
'Poincare.D12.TensorMaximumBochner.So3RicciFlow.metricMatrix_tangent' depends on axioms: [propext,
 sorryAx,
 Classical.choice,
 Quot.sound]
'Poincare.D12.TensorMaximumBochner.So3RicciFlow.ricciFlow_equation' depends on axioms: [propext,
 sorryAx,
 Classical.choice,
 Quot.sound]
'Poincare.D12.TensorMaximumBochner.So3RicciFlow.metricMatrix_posSemidef' depends on axioms: [propext,
 sorryAx,
 Classical.choice,
 Quot.sound]
'Poincare.D12.TensorMaximumBochner.So3RicciFlow.metricMatrix_posDef' depends on axioms: [propext,
 sorryAx,
 Classical.choice,
 Quot.sound]
'Poincare.D12.TensorMaximumBochner.So3RicciFlow.metricForm_nonneg' depends on axioms: [propext,
 Classical.choice,
 Quot.sound]
'Poincare.D12.TensorMaximumBochner.So3RicciFlow.metricMatrix_at_one' depends on axioms: [propext,
 sorryAx,
 Classical.choice,
 Quot.sound]
'Poincare.D12.TensorMaximumBochner.So3RicciFlow.metricMatrix_not_posDef_at_one' depends on axioms: [propext,
 sorryAx,
 Classical.choice,
 Quot.sound]
'Poincare.D12.TensorMaximumBochner.So3RicciFlow.metricForm_at_zero_nonvacuous' depends on axioms: [propext,
 Classical.choice,
 Quot.sound]
