Poincare/D12/TensorMaximumBochner/TangentCone.lean:127:2: warning: `push_neg` has been deprecated. Prefer using `push Not` instead.
If you'd rather continue using `push_neg` in your project, you can implement it as follows:
```
open Lean.Parser.Tactic in
macro "push_neg" cfg:optConfig loc:(location)? : tactic =>
  `(tactic| push $cfg:optConfig Not $[$loc]?)
```
Poincare/D12/TensorMaximumBochner/TangentCone.lean:160:6: error(lean.synthInstanceFailed): failed to synthesize instance of type class
  NontriviallyNormedField ℕ

Hint: Type class instance resolution failures can be inspected with the `set_option trace.Meta.synthInstance true` command.
Poincare/D12/TensorMaximumBochner/TangentCone.lean:160:6: error: Type mismatch
  HasFDerivAt.comp_hasDerivAt 0 ?m.234 ?m.235
has type
  HasDerivAt (?m.232 ∘ ?m.228) (?m.233 ?m.229) 0
but is expected to have type
  HasDerivAt (fun t => Lc (M t)) (Lc N) 0
Poincare/D12/TensorMaximumBochner/TangentCone.lean:163:2: warning: `push_neg` has been deprecated. Prefer using `push Not` instead.
If you'd rather continue using `push_neg` in your project, you can implement it as follows:
```
open Lean.Parser.Tactic in
macro "push_neg" cfg:optConfig loc:(location)? : tactic =>
  `(tactic| push $cfg:optConfig Not $[$loc]?)
```
Poincare/D12/TensorMaximumBochner/TangentCone.lean:173:39: error(lean.invalidField): Invalid field `and`: The environment does not contain `Exists.and`, so it is not possible to project the field `and` from an expression
  self_mem_nhdsWithin
of type
  ∃ a ∈ 𝓝 ?m.417, ∃ b ∈ 𝓟 ?m.418, ?m.418 = a ∩ b
Poincare/D12/TensorMaximumBochner/TangentCone.lean:198:27: error(lean.unknownIdentifier): Unknown constant `Matrix.dotProduct`
Poincare/D12/TensorMaximumBochner/TangentCone.lean:197:2: error: unsolved goals
case right
v : Fin 2 → ℝ
⊢ 0 ≤ Matrix.vecHead (Matrix.vecTail v) * Matrix.vecHead (Matrix.vecTail v)
Poincare/D12/TensorMaximumBochner/TangentCone.lean:198:46: warning: This simp argument is unused:
  Matrix.mulVec

Hint: Omit it from the simp argument list.
  [apply] simp [counterexampleA, Matrix.dotProduct, Fin.sum_univ_two]

Note: This linter can be disabled with `set_option linter.unusedSimpArgs false`
Poincare/D12/TensorMaximumBochner/TangentCone.lean:198:61: warning: This simp argument is unused:
  Fin.sum_univ_two

Hint: Omit it from the simp argument list.
  [apply] simp [counterexampleA, Matrix.dotProduct, Matrix.mulVec]

Note: This linter can be disabled with `set_option linter.unusedSimpArgs false`
Poincare/D12/TensorMaximumBochner/TangentCone.lean:209:4: error: Type mismatch: After simplification, term
  this
 has type
  @Eq ℝ (Matrix.vecHead (Matrix.vecTail v)) 0
but is expected to have type
  @Eq ℝ (v 1) 0
Poincare/D12/TensorMaximumBochner/TangentCone.lean:210:25: error(lean.unknownIdentifier): Unknown constant `Matrix.dotProduct`
Poincare/D12/TensorMaximumBochner/TangentCone.lean:205:88: error: unsolved goals
v : Fin 2 → ℝ
hv : counterexampleA *ᵥ v = 0
hv1 : v 1 = 0
⊢ 0 ≤
    Matrix.vecHead v * Matrix.vecHead (Matrix.vecTail v) +
      Matrix.vecHead (Matrix.vecTail v) * (Matrix.vecHead v + -Matrix.vecHead (Matrix.vecTail v))
Poincare/D12/TensorMaximumBochner/TangentCone.lean:210:44: warning: This simp argument is unused:
  Matrix.mulVec

Hint: Omit it from the simp argument list.
  [apply] simp [counterexampleN, Matrix.dotProduct, Fin.sum_univ_two, hv1]

Note: This linter can be disabled with `set_option linter.unusedSimpArgs false`
Poincare/D12/TensorMaximumBochner/TangentCone.lean:210:59: warning: This simp argument is unused:
  Fin.sum_univ_two

Hint: Omit it from the simp argument list.
  [apply] simp [counterexampleN, Matrix.dotProduct, Matrix.mulVec, hv1]

Note: This linter can be disabled with `set_option linter.unusedSimpArgs false`
Poincare/D12/TensorMaximumBochner/TangentCone.lean:210:77: warning: This simp argument is unused:
  hv1

Hint: Omit it from the simp argument list.
  [apply] simp [counterexampleN, Matrix.dotProduct, Matrix.mulVec, Fin.sum_univ_two]

Note: This linter can be disabled with `set_option linter.unusedSimpArgs false`
Poincare/D12/TensorMaximumBochner/TangentCone.lean:255:8: error: Tactic `rewrite` failed: Did not find an occurrence of the pattern
  ?m.53⁻¹
in the target expression
  A⁻¹ = A.det⁻¹ • A.adjugate

n : Type u_1
inst✝¹ : Fintype n
inst✝ : DecidableEq n
A : Matrix n n ℝ
h : IsUnit A.det
⊢ A⁻¹ = A.det⁻¹ • A.adjugate
Poincare/D12/TensorMaximumBochner/TangentCone.lean:255:33: error: Application type mismatch: The argument
  h
has type
  IsUnit A.det
of sort `Prop` but is expected to have type
  Matrix ?m.48 ?m.48 ?m.49
of sort `Type (max ?u.36 ?u.35)` in the application
  Matrix.nonsing_inv_apply h
Poincare/D12/TensorMaximumBochner/TangentCone.lean:276:42: error(lean.invalidField): Invalid field `posSemidef_add`: The environment does not contain `And.posSemidef_add`, so it is not possible to project the field `posSemidef_add` from an expression
  hA
of type
  A.IsHermitian ∧ ∀ (x : n →₀ ℝ), 0 ≤ x.sum fun i xi => x.sum fun j xj => star xi * A i j * xj
Poincare/D12/TensorMaximumBochner/TangentCone.lean:286:6: error: Type mismatch: After simplification, term
  Tendsto.mono_left h nhdsWithin_le_nhds
 has type
  @Tendsto ℝ ℝ ((fun M => x ⬝ᵥ M *ᵥ x) ∘ fun ε => (A + ε • 1).adjugate) (𝓝[>] 0) (𝓝 (x ⬝ᵥ A.adjugate *ᵥ x))
but is expected to have type
  @Tendsto ℝ ℝ (fun ε => x ⬝ᵥ (A + ε • 1).adjugate *ᵥ x) (𝓝[>] 0) (𝓝 (x ⬝ᵥ A.adjugate *ᵥ x))
Poincare/D12/TensorMaximumBochner/TangentCone.lean:301:16: error(lean.synthInstanceFailed): failed to synthesize instance of type class
  HPow (Matrix n n ℝ) ℕ (Matrix n n ℝ)

Hint: Type class instance resolution failures can be inspected with the `set_option trace.Meta.synthInstance true` command.
Poincare/D12/TensorMaximumBochner/TangentCone.lean:302:6: error(lean.synthInstanceFailed): failed to synthesize instance of type class
  Monoid (Matrix n n ℝ)

Hint: Type class instance resolution failures can be inspected with the `set_option trace.Meta.synthInstance true` command.
Poincare/D12/TensorMaximumBochner/TangentCone.lean:303:6: error: Tactic `rewrite` failed: Did not find an occurrence of the pattern
  (?M * ?N) *ᵥ ?v
in the target expression
  star v ⬝ᵥ (A * A) *ᵥ v = star (A *ᵥ v) ⬝ᵥ A *ᵥ v

n : Type u_1
inst✝ : Fintype n
A : Matrix n n ℝ
hA : A.IsHermitian
v : n → ℝ
⊢ star v ⬝ᵥ (A * A) *ᵥ v = star (A *ᵥ v) ⬝ᵥ A *ᵥ v
Poincare/D12/TensorMaximumBochner/TangentCone.lean:318:8: warning: declaration uses `sorry`
Poincare/D12/TensorMaximumBochner/TangentCone.lean:322:4: warning: Unused tactic linter: `rw [dotProduct_mulVec_sq hA.isHermitian]` does nothing

Note: This linter can be disabled with `set_option linter.unusedTactic false`
Poincare/D12/TensorMaximumBochner/TangentCone.lean:323:4: warning: Unused tactic linter: `rw [hv]` does nothing

Note: This linter can be disabled with `set_option linter.unusedTactic false`
Poincare/D12/TensorMaximumBochner/TangentCone.lean:324:4: warning: Unused tactic linter: `simp` does nothing

Note: This linter can be disabled with `set_option linter.unusedTactic false`
Poincare/D12/TensorMaximumBochner/TangentCone.lean:323:4: warning: this tactic is never executed

Note: This linter can be disabled with `set_option linter.unreachableTactic false`
Poincare/D12/TensorMaximumBochner/TangentCone.lean:324:4: warning: this tactic is never executed

Note: This linter can be disabled with `set_option linter.unreachableTactic false`
Poincare/D12/TensorMaximumBochner/TangentCone.lean:348:10: error(lean.unknownIdentifier): Unknown constant `Matrix.dotProduct`
Poincare/D12/TensorMaximumBochner/TangentCone.lean:347:77: error: unsolved goals
h :
  ∀ (A : Matrix (Fin 2) (Fin 2) ℝ),
    A.IsHermitian → ∀ (v : Fin 2 → ℝ), star v ⬝ᵥ A *ᵥ v ≤ 0 → 0 ≤ star v ⬝ᵥ hamiltonField A *ᵥ v
hHerm : !![-1, 0; 0, 0].IsHermitian
⊢ Matrix.vecHead (Matrix.vecTail (Matrix.vecHead ∘ Matrix.vecTail ∘ ![![-1, 0], ![0, 0]])) ≤ 0
Poincare/D12/TensorMaximumBochner/TangentCone.lean:352:25: error(lean.unknownIdentifier): Unknown constant `Matrix.dotProduct`
Poincare/D12/TensorMaximumBochner/TangentCone.lean:351:92: error: unsolved goals
h :
  ∀ (A : Matrix (Fin 2) (Fin 2) ℝ),
    A.IsHermitian → ∀ (v : Fin 2 → ℝ), star v ⬝ᵥ A *ᵥ v ≤ 0 → 0 ≤ star v ⬝ᵥ hamiltonField A *ᵥ v
hHerm : !![-1, 0; 0, 0].IsHermitian
hv : star ![0, 1] ⬝ᵥ !![-1, 0; 0, 0] *ᵥ ![0, 1] ≤ 0
hcon : 0 ≤ star ![0, 1] ⬝ᵥ hamiltonField !![-1, 0; 0, 0] *ᵥ ![0, 1]
⊢ Matrix.vecHead (Matrix.vecTail (Matrix.vecHead ∘ Matrix.vecTail ∘ ![![1, 0], ![0, -1]])) = -1
Poincare/D12/TensorMaximumBochner/TangentCone.lean:348:29: warning: This simp argument is unused:
  Matrix.mulVec

Hint: Omit it from the simp argument list.
  [apply] simp [Matrix.dotProduct, Fin.sum_univ_two]

Note: This linter can be disabled with `set_option linter.unusedSimpArgs false`
Poincare/D12/TensorMaximumBochner/TangentCone.lean:348:44: warning: This simp argument is unused:
  Fin.sum_univ_two

Hint: Omit it from the simp argument list.
  [apply] simp [Matrix.dotProduct, Matrix.mulVec]

Note: This linter can be disabled with `set_option linter.unusedSimpArgs false`
Poincare/D12/TensorMaximumBochner/TangentCone.lean:352:44: warning: This simp argument is unused:
  Matrix.mulVec

Hint: Omit it from the simp argument list.
  [apply] simp [hamiltonField, Matrix.dotProduct, Fin.sum_univ_two, pow_two]

Note: This linter can be disabled with `set_option linter.unusedSimpArgs false`
Poincare/D12/TensorMaximumBochner/TangentCone.lean:352:59: warning: This simp argument is unused:
  Fin.sum_univ_two

Hint: Omit it from the simp argument list.
  [apply] simp [hamiltonField, Matrix.dotProduct, Matrix.mulVec, pow_two]

Note: This linter can be disabled with `set_option linter.unusedSimpArgs false`
Poincare/D12/TensorMaximumBochner/TangentCone.lean:367:23: error(lean.unknownIdentifier): Unknown constant `Matrix.dotProduct`
Poincare/D12/TensorMaximumBochner/TangentCone.lean:366:90: error: unsolved goals
⊢ Matrix.vecHead (Matrix.vecTail (Matrix.vecHead ∘ Matrix.vecTail ∘ ![![1, 0], ![0, 1]])) = 1
Poincare/D12/TensorMaximumBochner/TangentCone.lean:367:42: warning: This simp argument is unused:
  Matrix.mulVec

Hint: Omit it from the simp argument list.
  [apply] simp [hamiltonField, Matrix.dotProduct, Fin.sum_univ_two, pow_two]

Note: This linter can be disabled with `set_option linter.unusedSimpArgs false`
Poincare/D12/TensorMaximumBochner/TangentCone.lean:367:57: warning: This simp argument is unused:
  Fin.sum_univ_two

Hint: Omit it from the simp argument list.
  [apply] simp [hamiltonField, Matrix.dotProduct, Matrix.mulVec, pow_two]

Note: This linter can be disabled with `set_option linter.unusedSimpArgs false`
Poincare/D12/TensorMaximumBochner/TangentCone.lean:376:56: warning: This simp argument is unused:
  Fin.sum_univ_two

Hint: Omit it from the simp argument list.
  [apply] simp [counterexampleA, Matrix.mulVec]

Note: This linter can be disabled with `set_option linter.unusedSimpArgs false`
'Poincare.D12.TensorMaximumBochner.KernelTangent' depends on axioms: [propext, Classical.choice, Quot.sound]
'Poincare.D12.TensorMaximumBochner.StrictKernelTangent' depends on axioms: [propext, Classical.choice, Quot.sound]
'Poincare.D12.TensorMaximumBochner.FeasibleDirection' depends on axioms: [propext, Classical.choice, Quot.sound]
'Poincare.D12.TensorMaximumBochner.continuous_dotProduct_mulVec' depends on axioms: [propext,
 Classical.choice,
 Quot.sound]
'Poincare.D12.TensorMaximumBochner.kernelTangent_of_feasibleDirection' depends on axioms: [propext,
 Classical.choice,
 Quot.sound]
'Poincare.D12.TensorMaximumBochner.kernelTangent_of_posSemidef_path' depends on axioms: [propext,
 sorryAx,
 Classical.choice,
 Quot.sound]
'Poincare.D12.TensorMaximumBochner.counterexampleA' depends on axioms: [propext, Classical.choice, Quot.sound]
'Poincare.D12.TensorMaximumBochner.counterexampleN' depends on axioms: [propext, Classical.choice, Quot.sound]
'Poincare.D12.TensorMaximumBochner.counterexampleA_posSemidef' depends on axioms: [propext,
 sorryAx,
 Classical.choice,
 Quot.sound]
'Poincare.D12.TensorMaximumBochner.counterexampleA_isHermitian' depends on axioms: [propext,
 sorryAx,
 Classical.choice,
 Quot.sound]
'Poincare.D12.TensorMaximumBochner.counterexample_kernelTangent' depends on axioms: [propext,
 sorryAx,
 Classical.choice,
 Quot.sound]
'Poincare.D12.TensorMaximumBochner.counterexample_not_feasible' depends on axioms: [propext,
 Classical.choice,
 Quot.sound]
'Poincare.D12.TensorMaximumBochner.kernelTangent_not_feasible' depends on axioms: [propext,
 sorryAx,
 Classical.choice,
 Quot.sound]
'Poincare.D12.TensorMaximumBochner.adjugate_eq_det_smul_inv' depends on axioms: [propext,
 sorryAx,
 Classical.choice,
 Quot.sound]
'Poincare.D12.TensorMaximumBochner.adjugate_posSemidef' depends on axioms: [propext,
 sorryAx,
 Classical.choice,
 Quot.sound]
'Poincare.D12.TensorMaximumBochner.hamiltonField' depends on axioms: [propext, Classical.choice, Quot.sound]
'Poincare.D12.TensorMaximumBochner.dotProduct_mulVec_sq' depends on axioms: [propext,
 sorryAx,
 Classical.choice,
 Quot.sound]
'Poincare.D12.TensorMaximumBochner.hamiltonField_kernelTangent' depends on axioms: [propext,
 sorryAx,
 Classical.choice,
 Quot.sound]
'Poincare.D12.TensorMaximumBochner.hamiltonField_not_strengthened' depends on axioms: [propext,
 sorryAx,
 Classical.choice,
 Quot.sound]
'Poincare.D12.TensorMaximumBochner.hamiltonField_kernel_witness' depends on axioms: [propext,
 sorryAx,
 Classical.choice,
 Quot.sound]
'Poincare.D12.TensorMaximumBochner.counterexample_nondegenerate' depends on axioms: [propext,
 Classical.choice,
 Quot.sound]
