'Poincare.D7.ConjugateHeat.pairingLM' depends on axioms: [propext, Classical.choice, Quot.sound]
'Poincare.D7.ConjugateHeat.pairingLM_apply' depends on axioms: [propext, Classical.choice, Quot.sound]
'Poincare.D7.ConjugateHeat.scalarMulLM' depends on axioms: [propext, Classical.choice, Quot.sound]
'Poincare.D7.ConjugateHeat.scalarMulLM_apply' depends on axioms: [propext, Classical.choice, Quot.sound]
'Poincare.D7.ConjugateHeat.pairingOn' depends on axioms: [propext, Classical.choice, Quot.sound]
'Poincare.D7.ConjugateHeat.pairingOn_univ' depends on axioms: [propext, Classical.choice, Quot.sound]
'Poincare.D7.ConjugateHeat.pairingOn_comm' depends on axioms: [propext, Classical.choice, Quot.sound]
'Poincare.D7.ConjugateHeat.edgeLapAt' depends on axioms: [propext, Classical.choice, Quot.sound]
'Poincare.D7.ConjugateHeat.edgeLap' depends on axioms: [propext, Classical.choice, Quot.sound]
'Poincare.D7.ConjugateHeat.edgeLapAt_apply' depends on axioms: [propext, Classical.choice, Quot.sound]
'Poincare.D7.ConjugateHeat.edgeLap_apply' depends on axioms: [propext, Classical.choice, Quot.sound]
'Poincare.D7.ConjugateHeat.graphLaplacian' depends on axioms: [propext, Classical.choice, Quot.sound]
'Poincare.D7.ConjugateHeat.graphLaplacian_apply' depends on axioms: [propext, Classical.choice, Quot.sound]
'Poincare.D7.ConjugateHeat.laplaceBeltrami' depends on axioms: [propext, Classical.choice, Quot.sound]
'Poincare.D7.ConjugateHeat.laplaceBeltrami_apply' depends on axioms: [propext, Classical.choice, Quot.sound]
'Poincare.D7.ConjugateHeat.dirichletForm' depends on axioms: [propext, Classical.choice, Quot.sound]
'Poincare.D7.ConjugateHeat.boundaryPair' depends on axioms: [propext, Classical.choice, Quot.sound]
'Poincare.D7.ConjugateHeat.boundaryForm' depends on axioms: [propext, Classical.choice, Quot.sound]
'Poincare.D7.ConjugateHeat.boundaryForm_antisymm' depends on axioms: [propext, Classical.choice, Quot.sound]
'Poincare.D7.ConjugateHeat.sum_edgeLap_mul' depends on axioms: [propext, Classical.choice, Quot.sound]
'Poincare.D7.ConjugateHeat.green_first' depends on axioms: [propext, Classical.choice, Quot.sound]
'Poincare.D7.ConjugateHeat.green_second' depends on axioms: [propext, Classical.choice, Quot.sound]
'Poincare.D7.ConjugateHeat.dirichletForm_nonneg' depends on axioms: [propext, Classical.choice, Quot.sound]
'Poincare.D7.ConjugateHeat.boundaryPair_eq_zero_of_closed' depends on axioms: [propext, Classical.choice, Quot.sound]
'Poincare.D7.ConjugateHeat.boundaryPair_univ' depends on axioms: [propext, Classical.choice, Quot.sound]
'Poincare.D7.ConjugateHeat.laplaceBeltrami_selfAdjoint_univ' depends on axioms: [propext, Classical.choice, Quot.sound]
'Poincare.D7.ConjugateHeat.pairingLM_symm' depends on axioms: [propext, Classical.choice, Quot.sound]
'Poincare.D7.ConjugateHeat.scalarMulLM_selfAdjoint' depends on axioms: [propext, Classical.choice, Quot.sound]
'Poincare.D7.ConjugateHeat.Jet' does not depend on any axioms
'Poincare.D7.ConjugateHeat.Jet.val' does not depend on any axioms
'Poincare.D7.ConjugateHeat.Jet.deriv' does not depend on any axioms
'Poincare.D7.ConjugateHeat.MetricFlowInterface' depends on axioms: [propext, Classical.choice, Quot.sound]
'Poincare.D7.ConjugateHeat.forwardHeatLM' depends on axioms: [propext, Classical.choice, Quot.sound]
'Poincare.D7.ConjugateHeat.backwardHeatLM' depends on axioms: [propext, Classical.choice, Quot.sound]
'Poincare.D7.ConjugateHeat.forwardHeatLM_apply' depends on axioms: [propext, Classical.choice, Quot.sound]
'Poincare.D7.ConjugateHeat.backwardHeatLM_apply' depends on axioms: [propext, Classical.choice, Quot.sound]
'Poincare.D7.ConjugateHeat.ConjugateHeatData' depends on axioms: [propext, Classical.choice, Quot.sound]
'Poincare.D7.ConjugateHeat.ConjugateHeatData.ofInterface' depends on axioms: [propext, Classical.choice, Quot.sound]
'Poincare.D7.ConjugateHeat.ConjugateHeatData.IsConjugateHeatJet' depends on axioms: [propext,
 Classical.choice,
 Quot.sound]
'Poincare.D7.ConjugateHeat.ConjugateHeatData.IsHeatJet' depends on axioms: [propext, Classical.choice, Quot.sound]
'Poincare.D7.ConjugateHeat.ConjugateHeatData.isConjugateHeatJet_iff' depends on axioms: [propext,
 Classical.choice,
 Quot.sound]
'Poincare.D7.ConjugateHeat.ConjugateHeatData.isHeatJet_iff' depends on axioms: [propext, Classical.choice, Quot.sound]
'Poincare.D7.ConjugateHeat.ConjugateHeatData.isConjugateHeatJet_self' depends on axioms: [propext,
 Classical.choice,
 Quot.sound]
'Poincare.D7.ConjugateHeat.ConjugateHeatData.isHeatJet_self' depends on axioms: [propext, Classical.choice, Quot.sound]
'Poincare.D7.ConjugateHeat.ConjugateHeatData.formal_adjoint' depends on axioms: [propext, Classical.choice, Quot.sound]
'Poincare.D7.ConjugateHeat.ConjugateHeatData.formal_adjoint_of_boundaryForm_eq_zero' depends on axioms: [propext,
 Classical.choice,
 Quot.sound]
'Poincare.D7.ConjugateHeat.ConjugateHeatData.formal_adjoint_of_volumeVariation_eq_zero' depends on axioms: [propext,
 Classical.choice,
 Quot.sound]
'Poincare.D7.ConjugateHeat.ConjugateHeatData.formal_adjoint_closed' depends on axioms: [propext,
 Classical.choice,
 Quot.sound]
'Poincare.D7.ConjugateHeat.ConjugateHeatData.volumeVariation_eq_boundaryForm_of_heat_and_conjugate' depends on axioms: [propext,
 Classical.choice,
 Quot.sound]
'Poincare.D7.ConjugateHeat.ConjugateHeatIBPCertificate' depends on axioms: [propext, Classical.choice, Quot.sound]
'Poincare.D7.ConjugateHeat.ConjugateHeatIBPCertificate.heatPairing_sub_conjugatePairing' depends on axioms: [propext,
 Classical.choice,
 Quot.sound]
'Poincare.D7.ConjugateHeat.ConjugateHeatIBPCertificate.heatPairing_eq_conjugatePairing' depends on axioms: [propext,
 Classical.choice,
 Quot.sound]
'Poincare.D7.ConjugateHeat.conjugateHeatIBPCertificate' depends on axioms: [propext, Classical.choice, Quot.sound]
'Poincare.D7.ConjugateHeat.conjugateHeatIBPCertificate_heatPairing' depends on axioms: [propext,
 Classical.choice,
 Quot.sound]
'Poincare.D7.ConjugateHeat.conjugateHeatIBPCertificate_conjugatePairing' depends on axioms: [propext,
 Classical.choice,
 Quot.sound]
'Poincare.D7.ConjugateHeat.conjugateHeatIBPCertificate_volumeVariation' depends on axioms: [propext,
 Classical.choice,
 Quot.sound]
'Poincare.D7.ConjugateHeat.conjugateHeatIBPCertificate_boundaryForm' depends on axioms: [propext,
 Classical.choice,
 Quot.sound]
'Poincare.D7.ConjugateHeat.massOn' depends on axioms: [propext, Classical.choice, Quot.sound]
'Poincare.D7.ConjugateHeat.pairingOnLM' depends on axioms: [propext, Classical.choice, Quot.sound]
'Poincare.D7.ConjugateHeat.pairingOnLM_apply' depends on axioms: [propext, Classical.choice, Quot.sound]
'Poincare.D7.ConjugateHeat.pairingOnLM_apply_eq_pairingOn' depends on axioms: [propext, Classical.choice, Quot.sound]
'Poincare.D7.ConjugateHeat.metricFlowInterface' depends on axioms: [propext, Classical.choice, Quot.sound]
'Poincare.D7.ConjugateHeat.conjugateHeatData' depends on axioms: [propext, Classical.choice, Quot.sound]
'Poincare.D7.ConjugateHeat.conjugateHeatData_forwardHeat_apply' depends on axioms: [propext,
 Classical.choice,
 Quot.sound]
'Poincare.D7.ConjugateHeat.conjugateHeatData_backwardHeat_apply' depends on axioms: [propext,
 Classical.choice,
 Quot.sound]
'Poincare.D7.ConjugateHeat.conjugateHeatData_formal_adjoint' depends on axioms: [propext, Classical.choice, Quot.sound]
'Poincare.D7.ConjugateHeat.energy' depends on axioms: [propext, Classical.choice, Quot.sound]
'Poincare.D7.ConjugateHeat.conjugateHeatStep' depends on axioms: [propext, Classical.choice, Quot.sound]
'Poincare.D7.ConjugateHeat.conjugateHeatStep_eq_add_generator' depends on axioms: [propext,
 Classical.choice,
 Quot.sound]
'Poincare.D7.ConjugateHeat.energy_le_energy_conjugateHeatStep' depends on axioms: [propext,
 Classical.choice,
 Quot.sound]
'Poincare.D7.ConjugateHeat.energy_mono_slab' depends on axioms: [propext, Classical.choice, Quot.sound]
'Poincare.D7.ConjugateHeat.cycleData' depends on axioms: [propext, Classical.choice, Quot.sound]
'Poincare.D7.ConjugateHeat.cycleWeight' depends on axioms: [propext, Classical.choice, Quot.sound]
'Poincare.D7.ConjugateHeat.cycleMass' depends on axioms: [propext, Classical.choice, Quot.sound]
'Poincare.D7.ConjugateHeat.cycleScalar' depends on axioms: [propext, Classical.choice, Quot.sound]
'Poincare.D7.ConjugateHeat.cycleU' depends on axioms: [propext, Classical.choice, Quot.sound]
'Poincare.D7.ConjugateHeat.cycleV' depends on axioms: [propext, Classical.choice, Quot.sound]
'Poincare.D7.ConjugateHeat.cycleDU' depends on axioms: [propext, Classical.choice, Quot.sound]
'Poincare.D7.ConjugateHeat.cycleDV' depends on axioms: [propext, Classical.choice, Quot.sound]
'Poincare.D7.ConjugateHeat.cycleRegion' depends on axioms: [propext, Quot.sound]
'Poincare.D7.ConjugateHeat.cycleMass_pos' depends on axioms: [propext, Classical.choice, Quot.sound]
'Poincare.D7.ConjugateHeat.cycleMass_ne_zero' depends on axioms: [propext, Classical.choice, Quot.sound]
'Poincare.D7.ConjugateHeat.cycleWeight_nonneg' depends on axioms: [propext, Classical.choice, Quot.sound]
'Poincare.D7.ConjugateHeat.cycleScalar_nonneg' depends on axioms: [propext, Classical.choice, Quot.sound]
'Poincare.D7.ConjugateHeat.cycleCH' depends on axioms: [propext, Classical.choice, Quot.sound]
'Poincare.D7.ConjugateHeat.cycle_laplaceBeltrami_u_zero' depends on axioms: [propext, Classical.choice, Quot.sound]
'Poincare.D7.ConjugateHeat.cycle_laplaceBeltrami_u_one' depends on axioms: [propext, Classical.choice, Quot.sound]
'Poincare.D7.ConjugateHeat.cycle_laplaceBeltrami_v_zero' depends on axioms: [propext, Classical.choice, Quot.sound]
'Poincare.D7.ConjugateHeat.cycle_laplaceBeltrami_v_one' depends on axioms: [propext, Classical.choice, Quot.sound]
'Poincare.D7.ConjugateHeat.cycle_dirichletForm_zero' depends on axioms: [propext, Classical.choice, Quot.sound]
'Poincare.D7.ConjugateHeat.cycle_boundaryPair_uv' depends on axioms: [propext, Classical.choice, Quot.sound]
'Poincare.D7.ConjugateHeat.cycle_boundaryPair_vu' depends on axioms: [propext, Classical.choice, Quot.sound]
'Poincare.D7.ConjugateHeat.cycle_boundaryForm_value' depends on axioms: [propext, Classical.choice, Quot.sound]
'Poincare.D7.ConjugateHeat.cycle_green_first_value' depends on axioms: [propext, Classical.choice, Quot.sound]
'Poincare.D7.ConjugateHeat.cycle_green_second_value' depends on axioms: [propext, Classical.choice, Quot.sound]
'Poincare.D7.ConjugateHeat.cycle_pairing_forwardHeat' depends on axioms: [propext, Classical.choice, Quot.sound]
'Poincare.D7.ConjugateHeat.cycle_pairing_backwardHeat' depends on axioms: [propext, Classical.choice, Quot.sound]
'Poincare.D7.ConjugateHeat.cycle_volumeVariation_value' depends on axioms: [propext, Classical.choice, Quot.sound]
'Poincare.D7.ConjugateHeat.cycle_formal_adjoint_value' depends on axioms: [propext, Classical.choice, Quot.sound]
'Poincare.D7.ConjugateHeat.cycle_certificate_value' depends on axioms: [propext, Classical.choice, Quot.sound]
'Poincare.D7.ConjugateHeat.cycle_conjugateHeatJet' depends on axioms: [propext, Classical.choice, Quot.sound]
'Poincare.D7.ConjugateHeat.cycle_heatJet' depends on axioms: [propext, Classical.choice, Quot.sound]
'Poincare.D7.ConjugateHeat.cycleSlab' depends on axioms: [propext, Classical.choice, Quot.sound]
'Poincare.D7.ConjugateHeat.cycleSlab_step' depends on axioms: [propext, Classical.choice, Quot.sound]
'Poincare.D7.ConjugateHeat.cycleSlab_energy_zero' depends on axioms: [propext, Classical.choice, Quot.sound]
'Poincare.D7.ConjugateHeat.cycleSlab_energy_last' depends on axioms: [propext, Classical.choice, Quot.sound]
'Poincare.D7.ConjugateHeat.cycleSlab_energy_mono_value' depends on axioms: [propext, Classical.choice, Quot.sound]
'Poincare.D7.ConjugateHeat.ConjugateHeatSpacetime' depends on axioms: [propext, Classical.choice, Quot.sound]
'Poincare.D7.ConjugateHeat.ConjugateHeatSpacetime.conjugateHeat' depends on axioms: [propext,
 Classical.choice,
 Quot.sound]
'Poincare.D7.ConjugateHeat.ConjugateHeatSpacetime.zero' depends on axioms: [propext, Classical.choice, Quot.sound]
'Poincare.D7.ConjugateHeat.ConjugateHeatSpacetime.zero_volume' depends on axioms: [propext,
 Classical.choice,
 Quot.sound]
'Poincare.D7.ConjugateHeat.ConjugateHeatSpacetime.zero_conjugateHeat' depends on axioms: [propext,
 Classical.choice,
 Quot.sound]
'Poincare.D7.ConjugateHeat.IsRiemannianConjugateHeatSpacetime' depends on axioms: [propext,
 Classical.choice,
 Quot.sound]
'Poincare.D7.ConjugateHeat.ConjugateHeatSpacetime.not_isRiemannian_zero' depends on axioms: [propext,
 Classical.choice,
 Quot.sound]
'Poincare.D7.ConjugateHeat.ConjugateHeatSpacetime.isRiemannian_zero_of_isEmpty' depends on axioms: [propext,
 Classical.choice,
 Quot.sound]
'Poincare.D7.ConjugateHeat.IsConjugateHeatKernel' depends on axioms: [propext, Classical.choice, Quot.sound]
'Poincare.D7.ConjugateHeat.not_isConjugateHeatKernel_zero' depends on axioms: [propext, Classical.choice, Quot.sound]
'Poincare.D7.ConjugateHeat.ConjugateHeatKernelExistenceStatement' depends on axioms: [propext,
 Classical.choice,
 Quot.sound]
'Poincare.D7.ConjugateHeat.conjugateHeatKernelExistenceStatement_isProp' depends on axioms: [propext,
 Classical.choice,
 Quot.sound]
'Poincare.D7.ConjugateHeat.Blocker' does not depend on any axioms
'Poincare.D7.ConjugateHeat.blockers' does not depend on any axioms
'Poincare.D7.ConjugateHeat.blockers_length' does not depend on any axioms
'Poincare.D7.ConjugateHeat.blockers_ne_nil' depends on axioms: [propext]
'Poincare.D7.ConjugateHeat.MissingMathlibDependencies' does not depend on any axioms
'Poincare.D7.ConjugateHeat.MissingMathlibDependencies_length' does not depend on any axioms
'Poincare.D7.ConjugateHeat.PresentMathlibDependencies' does not depend on any axioms
'Poincare.D7.ConjugateHeat.PresentMathlibDependencies_length' does not depend on any axioms
