XDECL	Poincare.D7.Kappa.perelmanNoncollapsingBlockers_length	theorem	Poincare.D7.Kappa.Statements	
XDECL	Poincare.D7.Bochner.GradientCertificate.gradient_estimate_eq_of_ricci_zero	theorem	Poincare.D7.Monotonicity.BochnerGradientEstimate	propext;Classical.choice;Quot.sound
XDECL	Poincare.D7.Monotonicity.PerelmanWKernelHypotheses.weightJet	def	Poincare.D7.Monotonicity.WMuMonotonicity	propext;Classical.choice;Quot.sound
XDECL	Poincare.D7.Bochner.gradientCertificateOfData._proof_5	theorem	Poincare.D7.Monotonicity.BochnerGradientEstimate	propext;Classical.choice;Quot.sound
XDECL	Poincare.D7.Monotonicity.muOfFamily_monotoneOn	theorem	Poincare.D7.Monotonicity.WMuMonotonicity	propext;Classical.choice;Quot.sound
XDECL	Poincare.D7.Bochner.GradientCertificate.mk	ctor	Poincare.D7.Monotonicity.BochnerGradientEstimate	propext;Classical.choice;Quot.sound
XDECL	Poincare.D7.Kappa.unitKappaComparisonData	def	Poincare.D7.Kappa.Nonvacuity	propext;Classical.choice;Quot.sound
XDECL	Poincare.D7.Monotonicity.perelmanFAnalyticHypotheses_zero_gradient_estimate	theorem	Poincare.D7.Monotonicity.Nonvacuity	propext;Classical.choice;Quot.sound
XDECL	Poincare.D7.Kappa.unitKappaComparisonData._proof_5	theorem	Poincare.D7.Kappa.Nonvacuity	propext;Classical.choice;Quot.sound
XDECL	Poincare.D7.Bochner.GradientCertificate.noConfusionType	def	Poincare.D7.Monotonicity.BochnerGradientEstimate	propext;Classical.choice;Quot.sound
XDECL	Poincare.D7.Monotonicity.PerelmanMuKernelHypotheses.mk.noConfusion	def	Poincare.D7.Monotonicity.WMuMonotonicity	propext;Classical.choice;Quot.sound
XDECL	Poincare.D7.Bochner.GradientCertificate.gradient_estimate_eq_iff_ricci_zero	theorem	Poincare.D7.Monotonicity.BochnerGradientEstimate	propext;Classical.choice;Quot.sound
XDECL	Poincare.D7.Kappa.unitKappaCertificate_half._proof_2	theorem	Poincare.D7.Kappa.Nonvacuity	propext;Classical.choice;Quot.sound
XDECL	Poincare.D7.Reduced.ReducedVolumeCertificate.mk.congr_simp	theorem	Poincare.D7.Monotonicity.Nonvacuity	propext;Classical.choice;Quot.sound
XDECL	Poincare.D7.Monotonicity.PerelmanFAnalyticHypotheses.ctorIdx	def	Poincare.D7.Monotonicity.FMonotonicity	propext;Classical.choice;Quot.sound
XDECL	Poincare.D7.Kappa.BlockerBallVolumeComparison	def	Poincare.D7.Kappa.Statements	
XDECL	Poincare.D7.Bochner.GradientCertificate.laplacianGradNormSq_nonneg	theorem	Poincare.D7.Monotonicity.BochnerGradientEstimate	propext;Classical.choice;Quot.sound
XDECL	Poincare.D7.Bochner.GradientCertificate._sizeOf_1	def	Poincare.D7.Monotonicity.BochnerGradientEstimate	propext;Classical.choice;Quot.sound
XDECL	Poincare.D7.Monotonicity.BlockerFBochner.eq_1	theorem	Poincare.D7.Monotonicity.Blockers	
XDECL	Poincare.D7.Monotonicity.BlockerWReducedDuality.eq_1	theorem	Poincare.D7.Monotonicity.Blockers	
XDECL	Poincare.D7.Kappa.ballVolumeComparison_unit	theorem	Poincare.D7.Kappa.Nonvacuity	propext;Classical.choice;Quot.sound
XDECL	Poincare.D7.Bochner.GradientCertificate.ctorIdx	def	Poincare.D7.Monotonicity.BochnerGradientEstimate	propext;Classical.choice;Quot.sound
XDECL	Poincare.D7.Monotonicity.BlockerWReducedDuality	def	Poincare.D7.Monotonicity.Blockers	
XDECL	Poincare.D7.Monotonicity.PerelmanWKernelHypotheses.conjugateHeat	def	Poincare.D7.Monotonicity.WMuMonotonicity	propext;Classical.choice;Quot.sound
XDECL	Poincare.D7.Kappa.kappaNoncollapsing_of_reducedVolumeWDuality	theorem	Poincare.D7.Kappa.EntropyBridge	propext;Classical.choice;Quot.sound
XDECL	Poincare.D7.Kappa.unitKappaCertificate_half._proof_3	theorem	Poincare.D7.Kappa.Nonvacuity	propext;Classical.choice;Quot.sound
XDECL	Poincare.D7.Monotonicity.perelmanWMuKernelHypotheses_zero.eq_1	theorem	Poincare.D7.Kappa.Nonvacuity	propext;Classical.choice;Quot.sound
XDECL	Poincare.D7.Monotonicity.perelmanWKernelHypotheses_zero._proof_6	theorem	Poincare.D7.Monotonicity.Nonvacuity	propext;Classical.choice;Quot.sound
XDECL	Poincare.D7.Monotonicity.trivialReducedFlow	def	Poincare.D7.Monotonicity.Nonvacuity	propext;Classical.choice;Quot.sound
XDECL	Poincare.D7.Kappa.perelmanNoncollapsingBlockers_all_named	theorem	Poincare.D7.Kappa.Statements	propext;Classical.choice;Quot.sound
XDECL	Poincare.D7.Monotonicity.PerelmanWMuKernelHypotheses.rec	rec	Poincare.D7.Monotonicity.WMuMonotonicity	propext;Classical.choice;Quot.sound
XDECL	Poincare.D7.Monotonicity.BlockerWRegularity.eq_1	theorem	Poincare.D7.Monotonicity.Blockers	
XDECL	Poincare.D7.Bochner.GradientCertificate.harmonic	theorem	Poincare.D7.Monotonicity.BochnerGradientEstimate	propext;Classical.choice;Quot.sound
XDECL	Poincare.D7.Kappa.BlockerBallVolumeComparison_ne_nil	theorem	Poincare.D7.Kappa.Statements	propext;Classical.choice;Quot.sound
XDECL	Poincare.D7.Kappa.missingKappaNoncollapsingOfMuMonotonicity_of_comparisonData	theorem	Poincare.D7.Kappa.Statements	propext;Classical.choice;Quot.sound
XDECL	Poincare.D7.Bochner.GradientCertificate.bochner_inequality	theorem	Poincare.D7.Monotonicity.BochnerGradientEstimate	propext;Classical.choice;Quot.sound
XDECL	Poincare.D7.Kappa.unitKappaCertificate_normalized	theorem	Poincare.D7.Kappa.Nonvacuity	propext;Classical.choice;Quot.sound
XDECL	Poincare.D7.Monotonicity.PerelmanWKernelHypotheses.casesOn	def	Poincare.D7.Monotonicity.WMuMonotonicity	propext;Classical.choice;Quot.sound
XDECL	Poincare.D7.Monotonicity.PerelmanWKernelHypotheses.weight_isConjugateHeatJet	theorem	Poincare.D7.Monotonicity.WMuMonotonicity	propext;Classical.choice;Quot.sound
XDECL	Poincare.D7.Monotonicity.perelmanFAnalyticHypotheses_zero._proof_6	theorem	Poincare.D7.Monotonicity.Nonvacuity	propext;Classical.choice;Quot.sound
XDECL	Poincare.D7.Monotonicity.PerelmanMuKernelHypotheses.mk.sizeOf_spec	theorem	Poincare.D7.Monotonicity.WMuMonotonicity	propext;Classical.choice;Quot.sound
XDECL	Poincare.D7.Monotonicity.PerelmanFAnalyticHypotheses.upperBound	def	Poincare.D7.Monotonicity.FMonotonicity	propext;Classical.choice;Quot.sound
XDECL	Poincare.Longrun.Entropy.EntropyData.W.eq_1	theorem	Poincare.D7.Monotonicity.Nonvacuity	propext;Classical.choice;Quot.sound
XDECL	Poincare.D7.Kappa.kappaNoncollapsing_of_perelmanWMu_unit	theorem	Poincare.D7.Kappa.Nonvacuity	propext;Classical.choice;Quot.sound
XDECL	Poincare.D7.Monotonicity.unitConstantEntropyData._proof_1	theorem	Poincare.D7.Monotonicity.Nonvacuity	propext;Classical.choice;Quot.sound
XDECL	Poincare.D7.Monotonicity.perelmanFAnalyticHypotheses_zero._proof_7	theorem	Poincare.D7.Monotonicity.Nonvacuity	propext;Classical.choice;Quot.sound
XDECL	Poincare.D7.Bochner.GradientCertificate	induct	Poincare.D7.Monotonicity.BochnerGradientEstimate	propext;Classical.choice;Quot.sound
XDECL	Poincare.D7.Monotonicity.PerelmanWKernelHypotheses.rec	rec	Poincare.D7.Monotonicity.WMuMonotonicity	propext;Classical.choice;Quot.sound
XDECL	Poincare.D7.Monotonicity.PerelmanFAnalyticHypotheses.toCertificate_dissipation	theorem	Poincare.D7.Monotonicity.FMonotonicity	propext;Classical.choice;Quot.sound
XDECL	Poincare.D7.Monotonicity.PerelmanFAnalyticHypotheses.mk.injEq	theorem	Poincare.D7.Monotonicity.FMonotonicity	propext;Classical.choice;Quot.sound
XDECL	Poincare.D7.Monotonicity.trivialConjugateHeatData	def	Poincare.D7.Monotonicity.Nonvacuity	propext;Classical.choice;Quot.sound
XDECL	Poincare.D7.Monotonicity.trivialReducedFlow._proof_3	theorem	Poincare.D7.Monotonicity.Nonvacuity	propext;Classical.choice;Quot.sound
XDECL	Poincare.D7.Monotonicity.PerelmanFAnalyticHypotheses.perelmanFMonotone_initial_le	theorem	Poincare.D7.Monotonicity.FMonotonicity	propext;Classical.choice;Quot.sound
XDECL	Poincare.D7.Monotonicity.BlockerMuInfimum	def	Poincare.D7.Monotonicity.Blockers	
XDECL	Poincare.D7.Monotonicity.PerelmanFAnalyticHypotheses.upper_le	theorem	Poincare.D7.Monotonicity.FMonotonicity	propext;Classical.choice;Quot.sound
XDECL	Poincare.D7.Monotonicity.PerelmanWMuKernelHypotheses._sizeOf_inst	def	Poincare.D7.Monotonicity.WMuMonotonicity	propext;Classical.choice;Quot.sound
XDECL	Poincare.D7.Bochner.GradientCertificate.gradLap	def	Poincare.D7.Monotonicity.BochnerGradientEstimate	propext;Classical.choice;Quot.sound
XDECL	Poincare.D7.Monotonicity.PerelmanWKernelHypotheses.perelmanWMonotone_of_kernelHypotheses	theorem	Poincare.D7.Monotonicity.WMuMonotonicity	propext;Classical.choice;Quot.sound
XDECL	Poincare.D7.Monotonicity.PerelmanWKernelHypotheses.ibp_pairing_eq	theorem	Poincare.D7.Monotonicity.WMuMonotonicity	propext;Classical.choice;Quot.sound
XDECL	Poincare.D7.Monotonicity.constantReducedVolumeCertificate._proof_2	theorem	Poincare.D7.Monotonicity.Nonvacuity	propext;Classical.choice;Quot.sound
XDECL	Poincare.D7.Monotonicity.perelmanWMonotone_zero	theorem	Poincare.D7.Monotonicity.Nonvacuity	propext;Classical.choice;Quot.sound
XDECL	Poincare.D7.Monotonicity.monotonicityBlockers.eq_1	theorem	Poincare.D7.Monotonicity.Blockers	
XDECL	Poincare.D7.Monotonicity.unitConstantEntropyData._proof_3	theorem	Poincare.D7.Monotonicity.Nonvacuity	propext;Classical.choice;Quot.sound
XDECL	Poincare.D7.Monotonicity.PerelmanFAnalyticHypotheses.noConfusionType	def	Poincare.D7.Monotonicity.FMonotonicity	propext;Classical.choice;Quot.sound
XDECL	Poincare.D7.Monotonicity.forwardReducedVolume	def	Poincare.D7.Monotonicity.WMuMonotonicity	propext;Classical.choice;Quot.sound
XDECL	Poincare.D7.Kappa.unitKappaCertificate_half	def	Poincare.D7.Kappa.Nonvacuity	propext;Classical.choice;Quot.sound
XDECL	Poincare.D7.Monotonicity.trivialReducedFlow._proof_1	theorem	Poincare.D7.Monotonicity.Nonvacuity	propext;Classical.choice;Quot.sound
XDECL	Poincare.D7.Monotonicity.PerelmanWMuKernelHypotheses.noConfusion	def	Poincare.D7.Monotonicity.WMuMonotonicity	propext;Classical.choice;Quot.sound
XDECL	Poincare.D7.Monotonicity.unitConstantEntropyData._proof_2	theorem	Poincare.D7.Monotonicity.Nonvacuity	propext;Classical.choice;Quot.sound
XDECL	Poincare.D7.Monotonicity.oneGradientCertificate_hessNormSq	theorem	Poincare.D7.Monotonicity.Nonvacuity	propext;Classical.choice;Quot.sound
XDECL	Poincare.D7.Monotonicity.PerelmanFAnalyticHypotheses._sizeOf_inst	def	Poincare.D7.Monotonicity.FMonotonicity	propext;Classical.choice;Quot.sound
XDECL	Poincare.D7.Monotonicity.BlockerWUpperBound.eq_1	theorem	Poincare.D7.Monotonicity.Blockers	
XDECL	Poincare.D7.Monotonicity.perelmanFAnalyticHypotheses_zero._proof_4	theorem	Poincare.D7.Monotonicity.Nonvacuity	propext;Classical.choice;Quot.sound
XDECL	Poincare.D7.Bochner.GradientCertificate.ricci_nonneg	theorem	Poincare.D7.Monotonicity.BochnerGradientEstimate	propext;Classical.choice;Quot.sound
XDECL	Poincare.D7.Monotonicity.trivialConjugateHeatData_ibp_zero	theorem	Poincare.D7.Monotonicity.Nonvacuity	propext;Classical.choice;Quot.sound
XDECL	Poincare.D7.Monotonicity.perelmanFAnalyticHypotheses_zero._proof_5	theorem	Poincare.D7.Monotonicity.Nonvacuity	propext;Classical.choice;Quot.sound
XDECL	Poincare.D7.Monotonicity.trivialReducedFlow._proof_4	theorem	Poincare.D7.Monotonicity.Nonvacuity	propext;Classical.choice;Quot.sound
XDECL	Poincare.D7.Kappa.kappaNoncollapsing_unit	theorem	Poincare.D7.Kappa.Nonvacuity	propext;Classical.choice;Quot.sound
XDECL	Poincare.D7.Kappa.BlockerAncientSolutionRigidity.eq_1	theorem	Poincare.D7.Kappa.Statements	
XDECL	Poincare.D7.Monotonicity.PerelmanFAnalyticHypotheses	induct	Poincare.D7.Monotonicity.FMonotonicity	propext;Classical.choice;Quot.sound
XDECL	Poincare.D7.Monotonicity.trivialMetricFlowInterface._proof_7	theorem	Poincare.D7.Monotonicity.Nonvacuity	propext;Classical.choice;Quot.sound
XDECL	Poincare.D7.Bochner.gradientCertificateOfData._proof_1	theorem	Poincare.D7.Monotonicity.BochnerGradientEstimate	propext;Classical.choice;Quot.sound
XDECL	Poincare.D7.Monotonicity.PerelmanFAnalyticHypotheses.ricci_nonneg	theorem	Poincare.D7.Monotonicity.FMonotonicity	propext;Classical.choice;Quot.sound
XDECL	Poincare.D7.Monotonicity.trivialMetricFlowInterface._proof_4	theorem	Poincare.D7.Monotonicity.Nonvacuity	propext;Classical.choice;Quot.sound
XDECL	Poincare.D7.Monotonicity.PerelmanFAnalyticHypotheses.regularity	theorem	Poincare.D7.Monotonicity.FMonotonicity	propext;Classical.choice;Quot.sound
XDECL	Poincare.D7.Monotonicity.PerelmanFAnalyticHypotheses.perelmanFMonotone_eq_on_Icc_of_eq_at	theorem	Poincare.D7.Monotonicity.FMonotonicity	propext;Classical.choice;Quot.sound
XDECL	Poincare.D7.Monotonicity.constantReducedVolumeCertificate.eq_1	theorem	Poincare.D7.Monotonicity.Nonvacuity	propext;Classical.choice;Quot.sound
XDECL	Poincare.D7.Monotonicity.BlockerWFirstVariation.eq_1	theorem	Poincare.D7.Monotonicity.Blockers	
XDECL	Poincare.D7.Monotonicity.PerelmanMuKernelHypotheses.mk	ctor	Poincare.D7.Monotonicity.WMuMonotonicity	propext;Classical.choice;Quot.sound
XDECL	Poincare.D7.Kappa.unitKappaComparisonData._proof_3	theorem	Poincare.D7.Kappa.Nonvacuity	propext;Classical.choice;Quot.sound
XDECL	Poincare.D7.Bochner.GradientCertificate.mk._flat_ctor	def	Poincare.D7.Monotonicity.BochnerGradientEstimate	propext;Classical.choice;Quot.sound
XDECL	Poincare.D7.Monotonicity.BlockerFBochner	def	Poincare.D7.Monotonicity.Blockers	
XDECL	Poincare.D7.Bochner.GradientCertificate.gradient_estimate'	theorem	Poincare.D7.Monotonicity.BochnerGradientEstimate	propext;Classical.choice;Quot.sound
XDECL	Poincare.D7.Bochner.GradientCertificate.laplacianGradNormSq	def	Poincare.D7.Monotonicity.BochnerGradientEstimate	propext;Classical.choice;Quot.sound
XDECL	Poincare.D7.Kappa.BlockerAncientSolutionRigidity	def	Poincare.D7.Kappa.Statements	
XDECL	Poincare.D7.Monotonicity.PerelmanMuKernelHypotheses.wHyp	def	Poincare.D7.Monotonicity.WMuMonotonicity	propext;Classical.choice;Quot.sound
XDECL	Poincare.D7.Monotonicity.perelmanMu_le_reducedVolumeEnvelope	theorem	Poincare.D7.Monotonicity.WMuMonotonicity	propext;Classical.choice;Quot.sound
XDECL	Poincare.D7.Monotonicity.PerelmanMuKernelHypotheses.mk.injEq	theorem	Poincare.D7.Monotonicity.WMuMonotonicity	propext;Classical.choice;Quot.sound
XDECL	Poincare.D7.Monotonicity.PerelmanFAnalyticHypotheses.bochnerCertificate	def	Poincare.D7.Monotonicity.FMonotonicity	propext;Classical.choice;Quot.sound
XDECL	Poincare.D7.Kappa.unitKappaComparisonData._proof_4	theorem	Poincare.D7.Kappa.Nonvacuity	propext;Classical.choice;Quot.sound
XDECL	Poincare.D7.Monotonicity.PerelmanWKernelHypotheses.mk.sizeOf_spec	theorem	Poincare.D7.Monotonicity.WMuMonotonicity	propext;Classical.choice;Quot.sound
XDECL	Poincare.D7.Monotonicity.PerelmanFAnalyticHypotheses.perelmanFMonotone_dissipation_nonneg	theorem	Poincare.D7.Monotonicity.FMonotonicity	propext;Classical.choice;Quot.sound
XDECL	Poincare.D7.Monotonicity.perelmanMuKernelHypotheses_zero	def	Poincare.D7.Monotonicity.Nonvacuity	propext;Classical.choice;Quot.sound
XDECL	Poincare.D7.Monotonicity.perelmanWKernelHypotheses_zero._proof_4	theorem	Poincare.D7.Monotonicity.Nonvacuity	propext;Classical.choice;Quot.sound
XDECL	Poincare.D7.Monotonicity.trivialMetricFlowInterface._proof_2	theorem	Poincare.D7.Monotonicity.Nonvacuity	propext;Classical.choice;Quot.sound
XDECL	Poincare.D7.Kappa.PerelmanNoncollapsingConclusion	def	Poincare.D7.Kappa.Statements	propext;Classical.choice;Quot.sound
XDECL	Poincare.D7.Bochner.GradientCertificate.B	def	Poincare.D7.Monotonicity.BochnerGradientEstimate	propext;Classical.choice;Quot.sound
XDECL	Poincare.D7.Kappa.perelmanNoncollapsingDependencies_all_named	theorem	Poincare.D7.Kappa.Statements	propext;Classical.choice;Quot.sound
XDECL	Poincare.D7.Kappa.unitKappaCertificate	def	Poincare.D7.Kappa.Nonvacuity	propext;Classical.choice;Quot.sound
XDECL	Poincare.D7.Monotonicity.PerelmanWKernelHypotheses.mk	ctor	Poincare.D7.Monotonicity.WMuMonotonicity	propext;Classical.choice;Quot.sound
XDECL	Poincare.D7.Kappa.perelmanNoncollapsingBlockers_ne_nil	theorem	Poincare.D7.Kappa.Statements	propext
XDECL	Poincare.D7.Kappa.unitKappaCertificate_volume_ball_pos	theorem	Poincare.D7.Kappa.Nonvacuity	propext;Classical.choice;Quot.sound
XDECL	Poincare.D7.Monotonicity.PerelmanMuKernelHypotheses.mk.inj	theorem	Poincare.D7.Monotonicity.WMuMonotonicity	propext;Classical.choice;Quot.sound
XDECL	Poincare.D7.Monotonicity.perelmanFAnalyticHypotheses_zero._proof_3	theorem	Poincare.D7.Monotonicity.Nonvacuity	propext;Classical.choice;Quot.sound
XDECL	Poincare.D7.Monotonicity.PerelmanWKernelHypotheses.weight_derivative_eq	theorem	Poincare.D7.Monotonicity.WMuMonotonicity	propext;Classical.choice;Quot.sound
XDECL	Poincare.D7.Monotonicity.PerelmanFAnalyticHypotheses._sizeOf_1	def	Poincare.D7.Monotonicity.FMonotonicity	propext;Classical.choice;Quot.sound
XDECL	Poincare.D7.Kappa.volume_ball_lower_of_reducedVolumeWDuality	theorem	Poincare.D7.Kappa.EntropyBridge	propext;Classical.choice;Quot.sound
XDECL	Poincare.D7.Kappa.unitKappaComparisonData._proof_2	theorem	Poincare.D7.Kappa.Nonvacuity	propext;Classical.choice;Quot.sound
XDECL	Poincare.D7.Kappa.perelmanNoncollapsingBlockers	def	Poincare.D7.Kappa.Statements	
XDECL	Poincare.D7.Monotonicity.perelmanWKernelHypotheses_zero._proof_5	theorem	Poincare.D7.Monotonicity.Nonvacuity	propext
XDECL	Poincare.D7.Monotonicity.unitConstantEntropyData_conj	theorem	Poincare.D7.Monotonicity.Nonvacuity	propext;Classical.choice;Quot.sound
XDECL	Poincare.D7.Monotonicity.muOfFamily.eq_1	theorem	Poincare.D7.Monotonicity.Nonvacuity	propext;Classical.choice;Quot.sound
XDECL	Poincare.D7.Bochner.GradientCertificate.rough_decomposition	theorem	Poincare.D7.Monotonicity.BochnerGradientEstimate	propext;Classical.choice;Quot.sound
XDECL	Poincare.D7.Monotonicity.BlockerWRegularity	def	Poincare.D7.Monotonicity.Blockers	
XDECL	Poincare.D7.Monotonicity.unitConstantEntropyData.eq_1	theorem	Poincare.D7.Monotonicity.Nonvacuity	propext;Classical.choice;Quot.sound
XDECL	Poincare.D7.Monotonicity.perelmanFMonotone_zero	theorem	Poincare.D7.Monotonicity.Nonvacuity	propext;Classical.choice;Quot.sound
XDECL	Poincare.D7.Kappa.fullPerelmanNoncollapsing_iff	theorem	Poincare.D7.Kappa.Statements	propext;Classical.choice;Quot.sound
XDECL	Poincare.D7.Monotonicity.PerelmanFAnalyticHypotheses.perelmanFMonotone_of_analyticHypotheses	theorem	Poincare.D7.Monotonicity.FMonotonicity	propext;Classical.choice;Quot.sound
XDECL	Poincare.D7.Monotonicity.PerelmanWKernelHypotheses.ibp	def	Poincare.D7.Monotonicity.WMuMonotonicity	propext;Classical.choice;Quot.sound
XDECL	Poincare.D7.Monotonicity.PerelmanWKernelHypotheses	induct	Poincare.D7.Monotonicity.WMuMonotonicity	propext;Classical.choice;Quot.sound
XDECL	Poincare.D7.Monotonicity.PerelmanMuKernelHypotheses.rec	rec	Poincare.D7.Monotonicity.WMuMonotonicity	propext;Classical.choice;Quot.sound
XDECL	Poincare.D7.Monotonicity.PerelmanMuKernelHypotheses.mk._flat_ctor	def	Poincare.D7.Monotonicity.WMuMonotonicity	propext;Classical.choice;Quot.sound
XDECL	Poincare.D7.Monotonicity.PerelmanWKernelHypotheses.ibp_boundaryForm	theorem	Poincare.D7.Monotonicity.WMuMonotonicity	propext;Classical.choice;Quot.sound
XDECL	Poincare.D7.Kappa.perelmanWMu_monotone_and_uniformReducedVolume_zero	theorem	Poincare.D7.Kappa.Nonvacuity	propext;Classical.choice;Quot.sound
XDECL	Poincare.D7.Monotonicity.BlockerFWeightedLaplacian.eq_1	theorem	Poincare.D7.Monotonicity.Blockers	
XDECL	Poincare.D7.Kappa.ballVolumeComparison_unit_half	theorem	Poincare.D7.Kappa.Nonvacuity	propext;Classical.choice;Quot.sound
XDECL	Poincare.D7.Kappa.perelmanNoncollapsingConclusion_iff	theorem	Poincare.D7.Kappa.Statements	propext;Classical.choice;Quot.sound
XDECL	Poincare.D7.Monotonicity.trivialConjugateHeatData.eq_1	theorem	Poincare.D7.Monotonicity.Nonvacuity	propext;Classical.choice;Quot.sound
XDECL	Poincare.D7.Monotonicity.perelmanWKernelHypotheses_zero._proof_7	theorem	Poincare.D7.Monotonicity.Nonvacuity	propext;Classical.choice;Quot.sound
XDECL	Poincare.D7.Kappa.uniformReducedVolumeLowerBound_unit	theorem	Poincare.D7.Kappa.Nonvacuity	propext;Classical.choice;Quot.sound
XDECL	Poincare.D7.Monotonicity.monotonicityBlockers_length	theorem	Poincare.D7.Monotonicity.Blockers	
XDECL	Poincare.D7.Monotonicity.PerelmanWKernelHypotheses.ibp_volumeVariation	theorem	Poincare.D7.Monotonicity.WMuMonotonicity	propext;Classical.choice;Quot.sound
XDECL	Poincare.D7.Kappa.perelmanNoncollapsingConclusion_unit	theorem	Poincare.D7.Kappa.Nonvacuity	propext;Classical.choice;Quot.sound
XDECL	Poincare.D7.Monotonicity.constantReducedVolumeCertificate._proof_1	theorem	Poincare.D7.Monotonicity.Nonvacuity	propext;Classical.choice;Quot.sound
XDECL	Poincare.D7.Kappa.perelmanNoncollapsingBlockers.eq_1	theorem	Poincare.D7.Kappa.Statements	
XDECL	Poincare.D7.Monotonicity.PerelmanWMuKernelHypotheses.noConfusionType	def	Poincare.D7.Monotonicity.WMuMonotonicity	propext;Classical.choice;Quot.sound
XDECL	Poincare.D7.Kappa.BlockerEntropyNormalisation.eq_1	theorem	Poincare.D7.Kappa.Statements	
XDECL	Poincare.D7.Kappa.BlockerUniformKappa.eq_1	theorem	Poincare.D7.Kappa.Statements	
XDECL	Poincare.D7.Monotonicity.PerelmanWKernelHypotheses.mk._flat_ctor	def	Poincare.D7.Monotonicity.WMuMonotonicity	propext;Classical.choice;Quot.sound
XDECL	Poincare.D7.Monotonicity.PerelmanWMuKernelHypotheses.T	def	Poincare.D7.Monotonicity.WMuMonotonicity	propext;Classical.choice;Quot.sound
XDECL	Poincare.D7.Monotonicity.PerelmanMuKernelHypotheses.recOn	def	Poincare.D7.Monotonicity.WMuMonotonicity	propext;Classical.choice;Quot.sound
XDECL	Poincare.D7.Bochner.gradientCertificateOfData	def	Poincare.D7.Monotonicity.BochnerGradientEstimate	propext;Classical.choice;Quot.sound
XDECL	Poincare.D7.Monotonicity.PerelmanFAnalyticHypotheses.mk	ctor	Poincare.D7.Monotonicity.FMonotonicity	propext;Classical.choice;Quot.sound
XDECL	Poincare.D7.Kappa.BlockerAncientSolutionRigidity_ne_nil	theorem	Poincare.D7.Kappa.Statements	propext;Classical.choice;Quot.sound
XDECL	Poincare.D7.Monotonicity.PerelmanWKernelHypotheses.w_derivative	theorem	Poincare.D7.Monotonicity.WMuMonotonicity	propext;Classical.choice;Quot.sound
XDECL	Poincare.D7.Monotonicity.oneGradientCertificate._proof_2	theorem	Poincare.D7.Monotonicity.Nonvacuity	propext;Classical.choice;Quot.sound
XDECL	Poincare.D7.Monotonicity.PerelmanFAnalyticHypotheses.bochner	theorem	Poincare.D7.Monotonicity.FMonotonicity	propext;Classical.choice;Quot.sound
XDECL	Poincare.D7.Monotonicity.PerelmanFAnalyticHypotheses.rec	rec	Poincare.D7.Monotonicity.FMonotonicity	propext;Classical.choice;Quot.sound
XDECL	Poincare.D7.Bochner.GradientCertificate.mk.noConfusion	def	Poincare.D7.Monotonicity.BochnerGradientEstimate	propext;Classical.choice;Quot.sound
XDECL	Poincare.D7.Monotonicity.PerelmanWMuKernelHypotheses.reducedVolume	def	Poincare.D7.Monotonicity.WMuMonotonicity	propext;Classical.choice;Quot.sound
XDECL	Poincare.D7.Bochner.GradientCertificate.gradient_estimate	theorem	Poincare.D7.Monotonicity.BochnerGradientEstimate	propext;Classical.choice;Quot.sound
XDECL	Poincare.D7.Monotonicity.PerelmanWMuKernelHypotheses.recOn	def	Poincare.D7.Monotonicity.WMuMonotonicity	propext;Classical.choice;Quot.sound
XDECL	Poincare.D7.Monotonicity.perelmanFAnalyticHypotheses_zero._proof_1	theorem	Poincare.D7.Monotonicity.Nonvacuity	propext;Classical.choice;Quot.sound
XDECL	Poincare.D7.Bochner.GradientCertificate.noConfusion	def	Poincare.D7.Monotonicity.BochnerGradientEstimate	propext;Classical.choice;Quot.sound
XDECL	Poincare.D7.Monotonicity.PerelmanWMuKernelHypotheses.casesOn	def	Poincare.D7.Monotonicity.WMuMonotonicity	propext;Classical.choice;Quot.sound
XDECL	Poincare.D7.Monotonicity.BlockerFDerivative	def	Poincare.D7.Monotonicity.Blockers	
XDECL	Poincare.D7.Monotonicity.PerelmanWMuKernelHypotheses.ctorIdx	def	Poincare.D7.Monotonicity.WMuMonotonicity	propext;Classical.choice;Quot.sound
XDECL	Poincare.D7.Monotonicity.PerelmanFAnalyticHypotheses.f_derivative	theorem	Poincare.D7.Monotonicity.FMonotonicity	propext;Classical.choice;Quot.sound
XDECL	Poincare.D7.Monotonicity.perelmanMu_sandwich_zero	theorem	Poincare.D7.Monotonicity.Nonvacuity	propext;Classical.choice;Quot.sound
XDECL	Poincare.D7.Monotonicity.PerelmanWKernelHypotheses.noConfusionType	def	Poincare.D7.Monotonicity.WMuMonotonicity	propext;Classical.choice;Quot.sound
XDECL	Poincare.D7.Bochner.GradientCertificate.rec	rec	Poincare.D7.Monotonicity.BochnerGradientEstimate	propext;Classical.choice;Quot.sound
XDECL	Poincare.D7.Monotonicity.perelmanFAnalyticHypotheses_zero	def	Poincare.D7.Monotonicity.Nonvacuity	propext;Classical.choice;Quot.sound
XDECL	Poincare.D7.Monotonicity.PerelmanWMuKernelHypotheses.correction	def	Poincare.D7.Monotonicity.WMuMonotonicity	propext;Classical.choice;Quot.sound
XDECL	Poincare.D7.Monotonicity.perelmanMuMonotone_of_kernelHypotheses	theorem	Poincare.D7.Monotonicity.WMuMonotonicity	propext;Classical.choice;Quot.sound
XDECL	Poincare.D7.Monotonicity.PerelmanWKernelHypotheses.perelmanW_initial_le	theorem	Poincare.D7.Monotonicity.WMuMonotonicity	propext;Classical.choice;Quot.sound
XDECL	Poincare.D7.Monotonicity.PerelmanMuKernelHypotheses	induct	Poincare.D7.Monotonicity.WMuMonotonicity	propext;Classical.choice;Quot.sound
XDECL	Poincare.D7.Monotonicity.PerelmanFAnalyticHypotheses.mk.noConfusion	def	Poincare.D7.Monotonicity.FMonotonicity	propext;Classical.choice;Quot.sound
XDECL	Poincare.D7.Monotonicity.perelmanWKernelHypotheses_zero._proof_3	theorem	Poincare.D7.Monotonicity.Nonvacuity	propext;Classical.choice;Quot.sound
XDECL	Poincare.D7.Monotonicity.perelmanMu_sandwich	theorem	Poincare.D7.Monotonicity.WMuMonotonicity	propext;Classical.choice;Quot.sound
XDECL	Poincare.D7.Monotonicity.BlockerMuInfimum.eq_1	theorem	Poincare.D7.Monotonicity.Blockers	
XDECL	Poincare.D7.Monotonicity.perelmanWMuMonotone_zero	theorem	Poincare.D7.Monotonicity.Nonvacuity	propext;Classical.choice;Quot.sound
XDECL	Poincare.D7.Monotonicity.forwardReducedVolume_monotoneOn	theorem	Poincare.D7.Monotonicity.WMuMonotonicity	propext;Classical.choice;Quot.sound
XDECL	Poincare.D7.Bochner.GradientCertificate.ricciPairing_nonneg	theorem	Poincare.D7.Monotonicity.BochnerGradientEstimate	propext;Classical.choice;Quot.sound
XDECL	Poincare.D7.Monotonicity.perelmanWMuKernelHypotheses_zero._proof_2	theorem	Poincare.D7.Monotonicity.Nonvacuity	propext;Classical.choice;Quot.sound
XDECL	Poincare.D7.Kappa.BlockerBallVolumeComparison.eq_1	theorem	Poincare.D7.Kappa.Statements	
XDECL	Poincare.D7.Monotonicity.PerelmanWKernelHypotheses._sizeOf_1	def	Poincare.D7.Monotonicity.WMuMonotonicity	propext;Classical.choice;Quot.sound
XDECL	Poincare.D7.Kappa.BlockerEntropyNormalisation_ne_nil	theorem	Poincare.D7.Kappa.Statements	propext;Classical.choice;Quot.sound
XDECL	Poincare.D7.Monotonicity.oneGradientCertificate._proof_1	theorem	Poincare.D7.Monotonicity.Nonvacuity	propext;Classical.choice;Quot.sound
XDECL	Poincare.D7.Monotonicity.monotonicityBlockers	def	Poincare.D7.Monotonicity.Blockers	
XDECL	Poincare.D7.Monotonicity.BlockerMuReducedVolume.eq_1	theorem	Poincare.D7.Monotonicity.Blockers	
XDECL	Poincare.D7.Kappa.fullPerelmanNoncollapsing_of_comparisonData_unit	theorem	Poincare.D7.Kappa.Nonvacuity	propext;Classical.choice;Quot.sound
XDECL	Poincare.D7.Monotonicity.constantFamily.eq_1	theorem	Poincare.D7.Monotonicity.Nonvacuity	propext;Classical.choice;Quot.sound
XDECL	Poincare.D7.ConjugateHeat.MetricFlowInterface.mk.congr_simp	theorem	Poincare.D7.Monotonicity.Nonvacuity	propext;Classical.choice;Quot.sound
XDECL	Poincare.D7.Bochner.GradientCertificate.mk.inj	theorem	Poincare.D7.Monotonicity.BochnerGradientEstimate	propext;Classical.choice;Quot.sound
XDECL	Poincare.D7.Monotonicity.BlockerFDerivative.eq_1	theorem	Poincare.D7.Monotonicity.Blockers	
XDECL	Poincare.D7.Monotonicity.BlockerWUpperBound	def	Poincare.D7.Monotonicity.Blockers	
XDECL	Poincare.D7.Kappa.kappaNoncollapsing_of_perelmanWMu	theorem	Poincare.D7.Kappa.EntropyBridge	propext;Classical.choice;Quot.sound
XDECL	Poincare.D7.Bochner.GradientCertificate.mk.injEq	theorem	Poincare.D7.Monotonicity.BochnerGradientEstimate	propext;Classical.choice;Quot.sound
XDECL	Poincare.D7.Monotonicity.reducedVolumeWDuality_zero._proof_1	theorem	Poincare.D7.Monotonicity.Nonvacuity	propext;Classical.choice;Quot.sound
XDECL	Poincare.D7.Monotonicity.PerelmanWKernelHypotheses.w_dissipation_nonneg	theorem	Poincare.D7.Monotonicity.WMuMonotonicity	propext;Classical.choice;Quot.sound
XDECL	Poincare.D7.Kappa.fullPerelmanNoncollapsing_of_comparisonData	theorem	Poincare.D7.Kappa.Statements	propext;Classical.choice;Quot.sound
XDECL	Poincare.D7.Monotonicity.BlockerMuReducedVolume	def	Poincare.D7.Monotonicity.Blockers	
XDECL	Poincare.D7.Monotonicity.perelmanWMuKernelHypotheses_zero._proof_3	theorem	Poincare.D7.Monotonicity.Nonvacuity	propext;Classical.choice;Quot.sound
XDECL	Poincare.D7.Monotonicity.trivialMetricFlowInterface._proof_3	theorem	Poincare.D7.Monotonicity.Nonvacuity	propext;Classical.choice;Quot.sound
XDECL	Poincare.D7.Monotonicity.PerelmanWMuKernelHypotheses.volume_pos	theorem	Poincare.D7.Monotonicity.WMuMonotonicity	propext;Classical.choice;Quot.sound
XDECL	Poincare.D7.Monotonicity.constantReducedVolumeCertificate._proof_3	theorem	Poincare.D7.Monotonicity.Nonvacuity	propext;Classical.choice;Quot.sound
XDECL	Poincare.D7.Monotonicity.BlockerFUpperBound	def	Poincare.D7.Monotonicity.Blockers	
XDECL	Poincare.D7.Monotonicity.unitConstantEntropyData	def	Poincare.D7.Monotonicity.Nonvacuity	propext;Classical.choice;Quot.sound
XDECL	Poincare.D7.Monotonicity.unitConstantEntropyData_W	theorem	Poincare.D7.Monotonicity.Nonvacuity	propext;Classical.choice;Quot.sound
XDECL	Poincare.D7.Monotonicity.perelmanWKernelHypotheses_zero	def	Poincare.D7.Monotonicity.Nonvacuity	propext;Classical.choice;Quot.sound
XDECL	Poincare.D7.Monotonicity.PerelmanWKernelHypotheses.upperBound	def	Poincare.D7.Monotonicity.WMuMonotonicity	propext;Classical.choice;Quot.sound
XDECL	Poincare.D7.Kappa.perelmanNoncollapsingDependencies	def	Poincare.D7.Kappa.Statements	
XDECL	Poincare.D7.Monotonicity.PerelmanWKernelHypotheses.mk.injEq	theorem	Poincare.D7.Monotonicity.WMuMonotonicity	propext;Classical.choice;Quot.sound
XDECL	Poincare.D7.Monotonicity.PerelmanMuKernelHypotheses.noConfusion	def	Poincare.D7.Monotonicity.WMuMonotonicity	propext;Classical.choice;Quot.sound
XDECL	Poincare.D7.Monotonicity.hasConjugateWeight_of_reducedLengthDensity_zero	theorem	Poincare.D7.Monotonicity.Nonvacuity	propext;Classical.choice;Quot.sound
XDECL	Poincare.D7.Monotonicity.PerelmanFAnalyticHypotheses.gradient_estimate	theorem	Poincare.D7.Monotonicity.FMonotonicity	propext;Classical.choice;Quot.sound
XDECL	Poincare.D7.Monotonicity.oneGradientCertificate_gradient_estimate	theorem	Poincare.D7.Monotonicity.Nonvacuity	propext;Classical.choice;Quot.sound
XDECL	Poincare.D7.Monotonicity.perelmanFMonotone_zero_value	theorem	Poincare.D7.Monotonicity.Nonvacuity	propext;Classical.choice;Quot.sound
XDECL	Poincare.D7.Monotonicity.PerelmanMuKernelHypotheses.casesOn	def	Poincare.D7.Monotonicity.WMuMonotonicity	propext;Classical.choice;Quot.sound
XDECL	Poincare.D7.Monotonicity.PerelmanFAnalyticHypotheses.toCertificate	def	Poincare.D7.Monotonicity.FMonotonicity	propext;Classical.choice;Quot.sound
XDECL	Poincare.D7.Monotonicity.monotonicityBlockers_all_named	theorem	Poincare.D7.Monotonicity.Blockers	propext;Classical.choice;Quot.sound
XDECL	Poincare.D7.Bochner.GradientCertificate.product_rule	theorem	Poincare.D7.Monotonicity.BochnerGradientEstimate	propext;Classical.choice;Quot.sound
XDECL	Poincare.D7.Monotonicity.perelmanWKernelHypotheses_zero._proof_8	theorem	Poincare.D7.Monotonicity.Nonvacuity	propext;Classical.choice;Quot.sound
XDECL	Poincare.D7.Monotonicity.PerelmanWMuKernelHypotheses._sizeOf_1	def	Poincare.D7.Monotonicity.WMuMonotonicity	propext;Classical.choice;Quot.sound
XDECL	Poincare.D7.Monotonicity.PerelmanFAnalyticHypotheses.mk._flat_ctor	def	Poincare.D7.Monotonicity.FMonotonicity	propext;Classical.choice;Quot.sound
XDECL	Poincare.D7.Kappa.kappaComparisonData_of_perelmanWMu	def	Poincare.D7.Kappa.EntropyBridge	propext;Classical.choice;Quot.sound
XDECL	Poincare.D7.Kappa.unitKappaCertificate_half._proof_1	theorem	Poincare.D7.Kappa.Nonvacuity	propext
XDECL	Poincare.D7.Monotonicity.PerelmanFAnalyticHypotheses.casesOn	def	Poincare.D7.Monotonicity.FMonotonicity	propext;Classical.choice;Quot.sound
XDECL	Poincare.D7.Monotonicity.PerelmanWKernelHypotheses._sizeOf_inst	def	Poincare.D7.Monotonicity.WMuMonotonicity	propext;Classical.choice;Quot.sound
XDECL	Poincare.D7.Monotonicity.BlockerFWeightedIBP.eq_1	theorem	Poincare.D7.Monotonicity.Blockers	
XDECL	Poincare.D7.Kappa.perelmanNoncollapsingDependencies_nonvacuous	theorem	Poincare.D7.Kappa.Nonvacuity	propext
XDECL	Poincare.D7.Monotonicity.constantFamily	def	Poincare.D7.Monotonicity.Nonvacuity	propext;Classical.choice;Quot.sound
XDECL	Poincare.D7.Monotonicity.trivialMetricFlowInterface.eq_1	theorem	Poincare.D7.Monotonicity.Nonvacuity	propext;Classical.choice;Quot.sound
XDECL	Poincare.D7.Kappa.perelmanWMu_monotone_and_uniformReducedVolume	theorem	Poincare.D7.Kappa.EntropyBridge	propext;Classical.choice;Quot.sound
XDECL	Poincare.D7.Monotonicity.PerelmanWKernelHypotheses.perelmanW_eq_on_Icc_of_eq_at	theorem	Poincare.D7.Monotonicity.WMuMonotonicity	propext;Classical.choice;Quot.sound
XDECL	Poincare.D7.Monotonicity.PerelmanWMuKernelHypotheses.wHyp	def	Poincare.D7.Monotonicity.WMuMonotonicity	propext;Classical.choice;Quot.sound
XDECL	Poincare.D7.Monotonicity.PerelmanWMuKernelHypotheses.mu_envelope	theorem	Poincare.D7.Monotonicity.WMuMonotonicity	propext;Classical.choice;Quot.sound
XDECL	Poincare.D7.Monotonicity.PerelmanFAnalyticHypotheses.noConfusion	def	Poincare.D7.Monotonicity.FMonotonicity	propext;Classical.choice;Quot.sound
XDECL	Poincare.D7.Monotonicity.PerelmanWKernelHypotheses.ctorIdx	def	Poincare.D7.Monotonicity.WMuMonotonicity	propext;Classical.choice;Quot.sound
XDECL	Poincare.D7.Monotonicity.perelmanWMuKernelHypotheses_zero	def	Poincare.D7.Monotonicity.Nonvacuity	propext;Classical.choice;Quot.sound
XDECL	Poincare.D7.Monotonicity.perelmanWKernelHypotheses_zero._proof_1	theorem	Poincare.D7.Monotonicity.Nonvacuity	propext;Classical.choice;Quot.sound
XDECL	Poincare.D7.Bochner.gradientCertificateOfData._proof_4	theorem	Poincare.D7.Monotonicity.BochnerGradientEstimate	propext;Classical.choice;Quot.sound
XDECL	Poincare.D7.Monotonicity.PerelmanWKernelHypotheses.recOn	def	Poincare.D7.Monotonicity.WMuMonotonicity	propext;Classical.choice;Quot.sound
XDECL	Poincare.D7.Monotonicity.BlockerFWeightedLaplacian	def	Poincare.D7.Monotonicity.Blockers	
XDECL	Poincare.D7.Monotonicity.trivialMetricFlowInterface._proof_1	theorem	Poincare.D7.Monotonicity.Nonvacuity	propext;Classical.choice;Quot.sound
XDECL	Poincare.D7.Kappa.perelmanNoncollapsingDependencies_ne_nil	theorem	Poincare.D7.Kappa.Statements	propext
XDECL	Poincare.D7.Monotonicity.trivialMetricFlowInterface	def	Poincare.D7.Monotonicity.Nonvacuity	propext;Classical.choice;Quot.sound
XDECL	Poincare.D7.Monotonicity.monotonicityBlockers_ne_nil	theorem	Poincare.D7.Monotonicity.Blockers	propext
XDECL	Poincare.D7.Monotonicity.BlockerFUpperBound.eq_1	theorem	Poincare.D7.Monotonicity.Blockers	
XDECL	Poincare.D7.Monotonicity.PerelmanFAnalyticHypotheses.weighted_laplacian_compatibility	theorem	Poincare.D7.Monotonicity.FMonotonicity	propext;Classical.choice;Quot.sound
XDECL	Poincare.D7.Monotonicity.PerelmanWKernelHypotheses.w_continuousOn	theorem	Poincare.D7.Monotonicity.WMuMonotonicity	propext;Classical.choice;Quot.sound
XDECL	Poincare.D7.Kappa.kappaCertificate_of_perelmanWMu	def	Poincare.D7.Kappa.EntropyBridge	propext;Classical.choice;Quot.sound
XDECL	Poincare.D7.Monotonicity.trivialMetricFlowInterface._proof_5	theorem	Poincare.D7.Monotonicity.Nonvacuity	propext;Classical.choice;Quot.sound
XDECL	Poincare.D7.Monotonicity.PerelmanWKernelHypotheses.heatJet	def	Poincare.D7.Monotonicity.WMuMonotonicity	propext;Classical.choice;Quot.sound
XDECL	Poincare.D7.Monotonicity.PerelmanWKernelHypotheses.noConfusion	def	Poincare.D7.Monotonicity.WMuMonotonicity	propext;Classical.choice;Quot.sound
XDECL	Poincare.D7.Bochner.gradientCertificateOfData._proof_3	theorem	Poincare.D7.Monotonicity.BochnerGradientEstimate	propext
XDECL	Poincare.D7.Monotonicity.perelmanWKernelHypotheses_zero._proof_2	theorem	Poincare.D7.Monotonicity.Nonvacuity	propext;Classical.choice;Quot.sound
XDECL	Poincare.D7.Monotonicity.PerelmanFAnalyticHypotheses.conjugate_measure_evolution	theorem	Poincare.D7.Monotonicity.FMonotonicity	propext;Classical.choice;Quot.sound
XDECL	Poincare.D7.Kappa.BlockerUniformKappa	def	Poincare.D7.Kappa.Statements	
XDECL	Poincare.D7.Monotonicity.PerelmanWKernelHypotheses.mk.inj	theorem	Poincare.D7.Monotonicity.WMuMonotonicity	propext;Classical.choice;Quot.sound
XDECL	Poincare.D7.Monotonicity.oneGradientCertificate	def	Poincare.D7.Monotonicity.Nonvacuity	propext;Classical.choice;Quot.sound
XDECL	Poincare.D7.Bochner.GradientCertificate.mk.sizeOf_spec	theorem	Poincare.D7.Monotonicity.BochnerGradientEstimate	propext;Classical.choice;Quot.sound
XDECL	Poincare.D7.Monotonicity.w_monotoneOn_of_F_extra	theorem	Poincare.D7.Monotonicity.WMuMonotonicity	propext;Classical.choice;Quot.sound
XDECL	Poincare.D7.Monotonicity.perelmanWAntitone_zero	theorem	Poincare.D7.Monotonicity.Nonvacuity	propext;Classical.choice;Quot.sound
XDECL	Poincare.D7.Kappa.perelmanNoncollapsingDependencies.eq_1	theorem	Poincare.D7.Kappa.Statements	
XDECL	Poincare.D7.Monotonicity.BlockerWFirstVariation	def	Poincare.D7.Monotonicity.Blockers	
XDECL	Poincare.D7.Monotonicity.PerelmanWMuKernelHypotheses.mk.inj	theorem	Poincare.D7.Monotonicity.WMuMonotonicity	propext;Classical.choice;Quot.sound
XDECL	Poincare.D7.Monotonicity.BlockerFRegularity.eq_1	theorem	Poincare.D7.Monotonicity.Blockers	
XDECL	Poincare.D7.Monotonicity.PerelmanWMuKernelHypotheses.mk.noConfusion	def	Poincare.D7.Monotonicity.WMuMonotonicity	propext;Classical.choice;Quot.sound
XDECL	Poincare.D7.Kappa.BlockerUniformKappa_ne_nil	theorem	Poincare.D7.Kappa.Statements	propext;Classical.choice;Quot.sound
XDECL	Poincare.D7.Monotonicity.PerelmanMuKernelHypotheses._sizeOf_inst	def	Poincare.D7.Monotonicity.WMuMonotonicity	propext;Classical.choice;Quot.sound
XDECL	Poincare.D7.Monotonicity.reducedVolumeWDuality_zero	def	Poincare.D7.Monotonicity.Nonvacuity	propext;Classical.choice;Quot.sound
XDECL	Poincare.D7.Monotonicity.perelmanFAnalyticHypotheses_zero._proof_2	theorem	Poincare.D7.Monotonicity.Nonvacuity	propext;Classical.choice;Quot.sound
XDECL	Poincare.D7.Monotonicity.PerelmanMuKernelHypotheses.ctorIdx	def	Poincare.D7.Monotonicity.WMuMonotonicity	propext;Classical.choice;Quot.sound
XDECL	Poincare.D7.Monotonicity.PerelmanFAnalyticHypotheses.mk.sizeOf_spec	theorem	Poincare.D7.Monotonicity.FMonotonicity	propext;Classical.choice;Quot.sound
XDECL	Poincare.D7.Monotonicity.trivialReducedFlow._proof_2	theorem	Poincare.D7.Monotonicity.Nonvacuity	propext;Classical.choice;Quot.sound
XDECL	Poincare.D7.Kappa.kappaNoncollapsing_of_entropy_and_volumeComparison_unit	theorem	Poincare.D7.Kappa.Nonvacuity	propext;Classical.choice;Quot.sound
XDECL	Poincare.D7.Monotonicity.PerelmanMuKernelHypotheses._sizeOf_1	def	Poincare.D7.Monotonicity.WMuMonotonicity	propext;Classical.choice;Quot.sound
XDECL	Poincare.D7.Monotonicity.perelmanWMuKernelHypotheses_zero._proof_1	theorem	Poincare.D7.Monotonicity.Nonvacuity	propext;Classical.choice;Quot.sound
XDECL	Poincare.D7.Kappa.fullPerelmanNoncollapsing_of_entropy_and_comparison	theorem	Poincare.D7.Kappa.Statements	propext;Classical.choice;Quot.sound
XDECL	Poincare.D7.Monotonicity.BlockerFConjugateMeasure	def	Poincare.D7.Monotonicity.Blockers	
XDECL	Poincare.D7.Monotonicity.BlockerFConjugateMeasure.eq_1	theorem	Poincare.D7.Monotonicity.Blockers	
XDECL	Poincare.D7.Kappa.perelmanNoncollapsingDependencies_length	theorem	Poincare.D7.Kappa.Statements	
XDECL	Poincare.D7.Monotonicity.PerelmanFAnalyticHypotheses.weighted_ibp	theorem	Poincare.D7.Monotonicity.FMonotonicity	propext;Classical.choice;Quot.sound
XDECL	Poincare.D7.Monotonicity.PerelmanFAnalyticHypotheses.gradient_estimate_eq_iff_ricci_zero	theorem	Poincare.D7.Monotonicity.FMonotonicity	propext;Classical.choice;Quot.sound
XDECL	Poincare.D7.Monotonicity.PerelmanMuKernelHypotheses.noConfusionType	def	Poincare.D7.Monotonicity.WMuMonotonicity	propext;Classical.choice;Quot.sound
XDECL	Poincare.D7.Monotonicity.trivialMetricFlowInterface._proof_6	theorem	Poincare.D7.Monotonicity.Nonvacuity	propext;Classical.choice;Quot.sound
XDECL	Poincare.D7.Kappa.missingKappaNoncollapsingOfMuMonotonicity_unit	theorem	Poincare.D7.Kappa.Nonvacuity	propext;Classical.choice;Quot.sound
XDECL	Poincare.D7.Monotonicity.PerelmanWMuKernelHypotheses.mk	ctor	Poincare.D7.Monotonicity.WMuMonotonicity	propext;Classical.choice;Quot.sound
XDECL	Poincare.D7.Monotonicity.unitConstantEntropyData_FDissipation	theorem	Poincare.D7.Monotonicity.Nonvacuity	propext;Classical.choice;Quot.sound
XDECL	Poincare.D7.Monotonicity.reducedVolumeWDuality_zero._proof_2	theorem	Poincare.D7.Monotonicity.Nonvacuity	propext;Classical.choice;Quot.sound
XDECL	Poincare.D7.Kappa.fullPerelmanNoncollapsing_of_entropy_and_comparison_unit	theorem	Poincare.D7.Kappa.Nonvacuity	propext;Classical.choice;Quot.sound
XDECL	Poincare.D7.Kappa.fullPerelmanNoncollapsing	def	Poincare.D7.Kappa.Statements	propext;Classical.choice;Quot.sound
XDECL	Poincare.D7.Bochner.gradientCertificateOfData._proof_2	theorem	Poincare.D7.Monotonicity.BochnerGradientEstimate	propext;Classical.choice;Quot.sound
XDECL	Poincare.D7.Kappa.unitKappaCertificate_half_uniform_volume_lower	theorem	Poincare.D7.Kappa.Nonvacuity	propext;Classical.choice;Quot.sound
XDECL	Poincare.D7.Monotonicity.PerelmanWKernelHypotheses.mk.noConfusion	def	Poincare.D7.Monotonicity.WMuMonotonicity	propext;Classical.choice;Quot.sound
XDECL	Poincare.D7.Bochner.GradientCertificate.recOn	def	Poincare.D7.Monotonicity.BochnerGradientEstimate	propext;Classical.choice;Quot.sound
XDECL	Poincare.D7.Bochner.GradientCertificate._sizeOf_inst	def	Poincare.D7.Monotonicity.BochnerGradientEstimate	propext;Classical.choice;Quot.sound
XDECL	Poincare.D7.Monotonicity.muOfFamily	def	Poincare.D7.Monotonicity.WMuMonotonicity	propext;Classical.choice;Quot.sound
XDECL	Poincare.D7.Monotonicity.perelmanWKernelHypotheses_zero_ibp	theorem	Poincare.D7.Monotonicity.Nonvacuity	propext;Classical.choice;Quot.sound
XDECL	Poincare.D7.Monotonicity.BlockerFWeightedIBP	def	Poincare.D7.Monotonicity.Blockers	
XDECL	Poincare.D7.Monotonicity.constantReducedVolumeCertificate	def	Poincare.D7.Monotonicity.Nonvacuity	propext;Classical.choice;Quot.sound
XDECL	Poincare.D7.Kappa.fullPerelmanNoncollapsing_unit	theorem	Poincare.D7.Kappa.Nonvacuity	propext;Classical.choice;Quot.sound
XDECL	Poincare.D7.Monotonicity.reducedVolumeEnvelope_monotoneOn	theorem	Poincare.D7.Monotonicity.WMuMonotonicity	propext;Classical.choice;Quot.sound
XDECL	Poincare.D7.Monotonicity.PerelmanWMuKernelHypotheses.mk.injEq	theorem	Poincare.D7.Monotonicity.WMuMonotonicity	propext;Classical.choice;Quot.sound
XDECL	Poincare.D7.Bochner.GradientCertificate.casesOn	def	Poincare.D7.Monotonicity.BochnerGradientEstimate	propext;Classical.choice;Quot.sound
XDECL	Poincare.D7.Monotonicity.perelmanWMuMonotone_of_kernelHypotheses	theorem	Poincare.D7.Monotonicity.WMuMonotonicity	propext;Classical.choice;Quot.sound
XDECL	Poincare.D7.Monotonicity.PerelmanWKernelHypotheses.formal_adjoint	theorem	Poincare.D7.Monotonicity.WMuMonotonicity	propext;Classical.choice;Quot.sound
XDECL	Poincare.D7.Monotonicity.BlockerFRegularity	def	Poincare.D7.Monotonicity.Blockers	
XDECL	Poincare.D7.Monotonicity.perelmanMuMonotone_zero	theorem	Poincare.D7.Monotonicity.Nonvacuity	propext;Classical.choice;Quot.sound
XDECL	Poincare.D7.Kappa.unitKappaComparisonData._proof_1	theorem	Poincare.D7.Kappa.Nonvacuity	propext;Classical.choice;Quot.sound
XDECL	Poincare.D7.Monotonicity.PerelmanWMuKernelHypotheses.correction_monotone	theorem	Poincare.D7.Monotonicity.WMuMonotonicity	propext;Classical.choice;Quot.sound
XDECL	Poincare.D7.Monotonicity.PerelmanWMuKernelHypotheses.mk.congr_simp	theorem	Poincare.D7.Kappa.Nonvacuity	propext;Classical.choice;Quot.sound
XDECL	Poincare.D7.Kappa.BlockerEntropyNormalisation	def	Poincare.D7.Kappa.Statements	
XDECL	Poincare.D7.Monotonicity.forwardReducedVolume.eq_1	theorem	Poincare.D7.Monotonicity.WMuMonotonicity	propext;Classical.choice;Quot.sound
XDECL	Poincare.D7.Monotonicity.PerelmanWMuKernelHypotheses	induct	Poincare.D7.Monotonicity.WMuMonotonicity	propext;Classical.choice;Quot.sound
XDECL	Poincare.D7.Monotonicity.PerelmanWKernelHypotheses.upper_le	theorem	Poincare.D7.Monotonicity.WMuMonotonicity	propext;Classical.choice;Quot.sound
XDECL	Poincare.D7.Reduced.zeroReducedLengthDensityCertificate.eq_1	theorem	Poincare.D7.Monotonicity.Nonvacuity	propext;Classical.choice;Quot.sound
XDECL	Poincare.D7.Monotonicity.unitConstantEntropyData_F	theorem	Poincare.D7.Monotonicity.Nonvacuity	propext;Classical.choice;Quot.sound
XDECL	Poincare.D7.Monotonicity.PerelmanFAnalyticHypotheses.toBridge	theorem	Poincare.D7.Monotonicity.FMonotonicity	propext;Classical.choice;Quot.sound
XDECL	Poincare.D7.Kappa.fullPerelmanNoncollapsing_iff_missingKappaNoncollapsing	theorem	Poincare.D7.Kappa.Statements	propext;Classical.choice;Quot.sound
XDECL	Poincare.D7.Monotonicity.PerelmanFAnalyticHypotheses.bochner_inequality	theorem	Poincare.D7.Monotonicity.FMonotonicity	propext;Classical.choice;Quot.sound
XDECL	Poincare.D7.Monotonicity.PerelmanWMuKernelHypotheses.mk.sizeOf_spec	theorem	Poincare.D7.Monotonicity.WMuMonotonicity	propext;Classical.choice;Quot.sound
XDECL	Poincare.D7.Monotonicity.PerelmanFAnalyticHypotheses.mk.inj	theorem	Poincare.D7.Monotonicity.FMonotonicity	propext;Classical.choice;Quot.sound
XDECL	Poincare.D7.Monotonicity.PerelmanWMuKernelHypotheses.mk._flat_ctor	def	Poincare.D7.Monotonicity.WMuMonotonicity	propext;Classical.choice;Quot.sound
XDECL	Poincare.D7.Monotonicity.PerelmanFAnalyticHypotheses.recOn	def	Poincare.D7.Monotonicity.FMonotonicity	propext;Classical.choice;Quot.sound
XAUDIT	D13-heatkernel-bridge-d10-d7-isolated	declarations	326
XAUDIT	D13-heatkernel-bridge-d10-d7-isolated	theorems	208
XAUDIT	D13-heatkernel-bridge-d10-d7-isolated	partial_defs	0
XAUDIT	D13-heatkernel-bridge-d10-d7-isolated	opaque	0
XAUDIT	D13-heatkernel-bridge-d10-d7-isolated	project_axioms	0
XAUDIT	D13-heatkernel-bridge-d10-d7-isolated	unsafe	0
XAUDIT	D13-heatkernel-bridge-d10-d7-isolated	sorry_cones	0
XAUDIT	D13-heatkernel-bridge-d10-d7-isolated	native_decide_cones	0
XAUDIT	D13-heatkernel-bridge-d10-d7-isolated	unapproved_axiom_cones	0
XAUDIT	D13-heatkernel-bridge-d10-d7-isolated	collect_failures	0
XAUDIT	D13-heatkernel-bridge-d10-d7-isolated	proof_wanted	0
XAUDIT	D13-heatkernel-bridge-d10-d7-isolated	VERDICT	PASS
