XDECL	Poincare.D7.ConjugateHeat.ConjugateHeatData.formal_adjoint	theorem	Poincare.D7.Monotonicity.ConjugateHeatCertificate	propext;Classical.choice;Quot.sound
XDECL	Poincare.D7.ConjugateHeat.ConjugateHeatData._sizeOf_1	def	Poincare.D7.Monotonicity.ConjugateHeatCertificate	propext;Classical.choice;Quot.sound
XDECL	Poincare.D7.ConjugateHeat.ConjugateHeatData.volumeVariation_eq_boundaryForm_of_heat_and_conjugate	theorem	Poincare.D7.Monotonicity.ConjugateHeatCertificate	propext;Classical.choice;Quot.sound
XDECL	Poincare.D7.ConjugateHeat.ConjugateHeatIBPCertificate.ctorIdx	def	Poincare.D7.Monotonicity.ConjugateHeatCertificate	propext;Classical.choice;Quot.sound
XDECL	Poincare.D7.ConjugateHeat.MetricFlowInterface.volumeVariation	def	Poincare.D7.Monotonicity.ConjugateHeatCertificate	propext;Classical.choice;Quot.sound
XDECL	Poincare.D7.ConjugateHeat.MetricFlowInterface.mk	ctor	Poincare.D7.Monotonicity.ConjugateHeatCertificate	propext;Classical.choice;Quot.sound
XDECL	Poincare.D7.ConjugateHeat.ConjugateHeatData.backwardHeat_apply	theorem	Poincare.D7.Monotonicity.ConjugateHeatCertificate	propext;Classical.choice;Quot.sound
XDECL	Poincare.D7.ConjugateHeat.ConjugateHeatData.isConjugateHeatJet_iff._abel_1_2	theorem	Poincare.D7.Monotonicity.ConjugateHeatCertificate	propext;Classical.choice;Quot.sound
XDECL	Poincare.D7.ConjugateHeat.conjugateHeatIBPCertificate	def	Poincare.D7.Monotonicity.ConjugateHeatCertificate	propext;Classical.choice;Quot.sound
XDECL	Poincare.D7.ConjugateHeat.ConjugateHeatIBPCertificate.mk.inj	theorem	Poincare.D7.Monotonicity.ConjugateHeatCertificate	propext;Classical.choice;Quot.sound
XDECL	Poincare.D7.ConjugateHeat.ConjugateHeatIBPCertificate.rec	rec	Poincare.D7.Monotonicity.ConjugateHeatCertificate	propext;Classical.choice;Quot.sound
XDECL	Poincare.D7.ConjugateHeat.MetricFlowInterface._sizeOf_1	def	Poincare.D7.Monotonicity.ConjugateHeatCertificate	propext;Classical.choice;Quot.sound
XDECL	Poincare.D7.ConjugateHeat.forwardHeatLM._proof_1	theorem	Poincare.D7.Monotonicity.ConjugateHeatCertificate	propext;Classical.choice;Quot.sound
XDECL	Poincare.D7.ConjugateHeat.ConjugateHeatIBPCertificate.mk	ctor	Poincare.D7.Monotonicity.ConjugateHeatCertificate	propext;Classical.choice;Quot.sound
XDECL	Poincare.D7.ConjugateHeat.MetricFlowInterface.laplacian	def	Poincare.D7.Monotonicity.ConjugateHeatCertificate	propext;Classical.choice;Quot.sound
XDECL	Poincare.D7.ConjugateHeat.ConjugateHeatData.mk.injEq	theorem	Poincare.D7.Monotonicity.ConjugateHeatCertificate	propext;Classical.choice;Quot.sound
XDECL	Poincare.D7.ConjugateHeat.MetricFlowInterface.rec	rec	Poincare.D7.Monotonicity.ConjugateHeatCertificate	propext;Classical.choice;Quot.sound
XDECL	Poincare.D7.ConjugateHeat.MetricFlowInterface.recOn	def	Poincare.D7.Monotonicity.ConjugateHeatCertificate	propext;Classical.choice;Quot.sound
XDECL	Poincare.D7.ConjugateHeat.forwardHeatLM	def	Poincare.D7.Monotonicity.ConjugateHeatCertificate	propext;Classical.choice;Quot.sound
XDECL	Poincare.D7.ConjugateHeat.ConjugateHeatData.IsConjugateHeatJet	def	Poincare.D7.Monotonicity.ConjugateHeatCertificate	propext;Classical.choice;Quot.sound
XDECL	Poincare.D7.ConjugateHeat.ConjugateHeatData.noConfusion	def	Poincare.D7.Monotonicity.ConjugateHeatCertificate	propext;Classical.choice;Quot.sound
XDECL	Poincare.D7.ConjugateHeat.conjugateHeatIBPCertificate._proof_1	theorem	Poincare.D7.Monotonicity.ConjugateHeatCertificate	propext;Classical.choice;Quot.sound
XDECL	Poincare.D7.ConjugateHeat.ConjugateHeatIBPCertificate.noConfusion	def	Poincare.D7.Monotonicity.ConjugateHeatCertificate	propext;Classical.choice;Quot.sound
XDECL	Poincare.D7.ConjugateHeat.forwardHeatLM_apply	theorem	Poincare.D7.Monotonicity.ConjugateHeatCertificate	propext;Classical.choice;Quot.sound
XDECL	Poincare.D7.ConjugateHeat.ConjugateHeatIBPCertificate.casesOn	def	Poincare.D7.Monotonicity.ConjugateHeatCertificate	propext;Classical.choice;Quot.sound
XDECL	Poincare.D7.ConjugateHeat.MetricFlowInterface.pairing_symm	theorem	Poincare.D7.Monotonicity.ConjugateHeatCertificate	propext;Classical.choice;Quot.sound
XDECL	Poincare.D7.ConjugateHeat.conjugateHeatIBPCertificate_volumeVariation	theorem	Poincare.D7.Monotonicity.ConjugateHeatCertificate	propext;Classical.choice;Quot.sound
XDECL	Poincare.D7.ConjugateHeat.ConjugateHeatData.forwardHeat	def	Poincare.D7.Monotonicity.ConjugateHeatCertificate	propext;Classical.choice;Quot.sound
XDECL	Poincare.D7.ConjugateHeat.MetricFlowInterface.scalarMul	def	Poincare.D7.Monotonicity.ConjugateHeatCertificate	propext;Classical.choice;Quot.sound
XDECL	Poincare.D7.ConjugateHeat.ConjugateHeatIBPCertificate.mk.noConfusion	def	Poincare.D7.Monotonicity.ConjugateHeatCertificate	propext;Classical.choice;Quot.sound
XDECL	Poincare.D7.ConjugateHeat.ConjugateHeatData.forwardHeat_apply	theorem	Poincare.D7.Monotonicity.ConjugateHeatCertificate	propext;Classical.choice;Quot.sound
XDECL	Poincare.D7.ConjugateHeat.MetricFlowInterface.mk.injEq	theorem	Poincare.D7.Monotonicity.ConjugateHeatCertificate	propext;Classical.choice;Quot.sound
XDECL	Poincare.D7.ConjugateHeat.MetricFlowInterface.boundaryForm	def	Poincare.D7.Monotonicity.ConjugateHeatCertificate	propext;Classical.choice;Quot.sound
XDECL	Poincare.D7.ConjugateHeat.MetricFlowInterface.scalarMul_selfAdjoint	theorem	Poincare.D7.Monotonicity.ConjugateHeatCertificate	propext;Classical.choice;Quot.sound
XDECL	Poincare.D7.ConjugateHeat.ConjugateHeatIBPCertificate.heatPairing_eq_conjugatePairing	theorem	Poincare.D7.Monotonicity.ConjugateHeatCertificate	propext;Classical.choice;Quot.sound
XDECL	Poincare.D7.ConjugateHeat.ConjugateHeatData.isConjugateHeatJet_iff._abel_1_3	theorem	Poincare.D7.Monotonicity.ConjugateHeatCertificate	propext;Classical.choice;Quot.sound
XDECL	Poincare.D7.ConjugateHeat.ConjugateHeatIBPCertificate.mk.injEq	theorem	Poincare.D7.Monotonicity.ConjugateHeatCertificate	propext;Classical.choice;Quot.sound
XDECL	Poincare.D7.ConjugateHeat.ConjugateHeatData.isConjugateHeatJet_self	theorem	Poincare.D7.Monotonicity.ConjugateHeatCertificate	propext;Classical.choice;Quot.sound
XDECL	Poincare.D7.ConjugateHeat.ConjugateHeatData.isHeatJet_iff	theorem	Poincare.D7.Monotonicity.ConjugateHeatCertificate	propext;Classical.choice;Quot.sound
XDECL	Poincare.D7.ConjugateHeat.ConjugateHeatIBPCertificate.heatPairing_sub_conjugatePairing	theorem	Poincare.D7.Monotonicity.ConjugateHeatCertificate	propext;Classical.choice;Quot.sound
XDECL	Poincare.D7.ConjugateHeat.ConjugateHeatData.casesOn	def	Poincare.D7.Monotonicity.ConjugateHeatCertificate	propext;Classical.choice;Quot.sound
XDECL	Poincare.D7.ConjugateHeat.ConjugateHeatIBPCertificate.conjugatePairing	def	Poincare.D7.Monotonicity.ConjugateHeatCertificate	propext;Classical.choice;Quot.sound
XDECL	Poincare.D7.ConjugateHeat.ConjugateHeatData.mk	ctor	Poincare.D7.Monotonicity.ConjugateHeatCertificate	propext;Classical.choice;Quot.sound
XDECL	Poincare.D7.ConjugateHeat.ConjugateHeatData.IsConjugateHeatJet.eq_1	theorem	Poincare.D7.Monotonicity.ConjugateHeatCertificate	propext;Classical.choice;Quot.sound
XDECL	Poincare.D7.ConjugateHeat.ConjugateHeatData.isHeatJet_self	theorem	Poincare.D7.Monotonicity.ConjugateHeatCertificate	propext;Classical.choice;Quot.sound
XDECL	Poincare.D7.ConjugateHeat.backwardHeatLM	def	Poincare.D7.Monotonicity.ConjugateHeatCertificate	propext;Classical.choice;Quot.sound
XDECL	Poincare.D7.ConjugateHeat.ConjugateHeatIBPCertificate.recOn	def	Poincare.D7.Monotonicity.ConjugateHeatCertificate	propext;Classical.choice;Quot.sound
XDECL	Poincare.D7.ConjugateHeat.ConjugateHeatIBPCertificate	induct	Poincare.D7.Monotonicity.ConjugateHeatCertificate	propext;Classical.choice;Quot.sound
XDECL	Poincare.D7.ConjugateHeat.MetricFlowInterface.mk.inj	theorem	Poincare.D7.Monotonicity.ConjugateHeatCertificate	propext;Classical.choice;Quot.sound
XDECL	Poincare.D7.ConjugateHeat.ConjugateHeatIBPCertificate.heatPairing	def	Poincare.D7.Monotonicity.ConjugateHeatCertificate	propext;Classical.choice;Quot.sound
XDECL	Poincare.D7.ConjugateHeat.ConjugateHeatData._sizeOf_inst	def	Poincare.D7.Monotonicity.ConjugateHeatCertificate	propext;Classical.choice;Quot.sound
XDECL	Poincare.D7.ConjugateHeat.ConjugateHeatData.IsHeatJet.eq_1	theorem	Poincare.D7.Monotonicity.ConjugateHeatCertificate	propext;Classical.choice;Quot.sound
XDECL	Poincare.D7.ConjugateHeat.MetricFlowInterface.laplacian_ibp	theorem	Poincare.D7.Monotonicity.ConjugateHeatCertificate	propext;Classical.choice;Quot.sound
XDECL	Poincare.D7.ConjugateHeat.Jet	def	Poincare.D7.Monotonicity.ConjugateHeatCertificate	
XDECL	Poincare.D7.ConjugateHeat.MetricFlowInterface.volumeVariation_apply	theorem	Poincare.D7.Monotonicity.ConjugateHeatCertificate	propext;Classical.choice;Quot.sound
XDECL	Poincare.D7.ConjugateHeat.ConjugateHeatData.noConfusionType	def	Poincare.D7.Monotonicity.ConjugateHeatCertificate	propext;Classical.choice;Quot.sound
XDECL	Poincare.D7.ConjugateHeat.ConjugateHeatIBPCertificate.boundaryForm	def	Poincare.D7.Monotonicity.ConjugateHeatCertificate	propext;Classical.choice;Quot.sound
XDECL	Poincare.D7.ConjugateHeat.MetricFlowInterface.ctorIdx	def	Poincare.D7.Monotonicity.ConjugateHeatCertificate	propext;Classical.choice;Quot.sound
XDECL	Poincare.D7.ConjugateHeat.ConjugateHeatData.IsHeatJet	def	Poincare.D7.Monotonicity.ConjugateHeatCertificate	propext;Classical.choice;Quot.sound
XDECL	Poincare.D7.ConjugateHeat.ConjugateHeatData.mk._flat_ctor	def	Poincare.D7.Monotonicity.ConjugateHeatCertificate	propext;Classical.choice;Quot.sound
XDECL	Poincare.D7.ConjugateHeat.ConjugateHeatData.backwardHeat	def	Poincare.D7.Monotonicity.ConjugateHeatCertificate	propext;Classical.choice;Quot.sound
XDECL	Poincare.D7.ConjugateHeat.MetricFlowInterface.noConfusion	def	Poincare.D7.Monotonicity.ConjugateHeatCertificate	propext;Classical.choice;Quot.sound
XDECL	Poincare.D7.ConjugateHeat.ConjugateHeatData.ofInterface._proof_2	theorem	Poincare.D7.Monotonicity.ConjugateHeatCertificate	propext;Classical.choice;Quot.sound
XDECL	Poincare.D7.ConjugateHeat.ConjugateHeatData.formal_adjoint_of_volumeVariation_eq_zero	theorem	Poincare.D7.Monotonicity.ConjugateHeatCertificate	propext;Classical.choice;Quot.sound
XDECL	Poincare.D7.ConjugateHeat.ConjugateHeatIBPCertificate.mk.sizeOf_spec	theorem	Poincare.D7.Monotonicity.ConjugateHeatCertificate	propext;Classical.choice;Quot.sound
XDECL	Poincare.D7.ConjugateHeat.backwardHeatLM_apply	theorem	Poincare.D7.Monotonicity.ConjugateHeatCertificate	propext;Classical.choice;Quot.sound
XDECL	Poincare.D7.ConjugateHeat.ConjugateHeatData.isConjugateHeatJet_iff	theorem	Poincare.D7.Monotonicity.ConjugateHeatCertificate	propext;Classical.choice;Quot.sound
XDECL	Poincare.D7.ConjugateHeat.ConjugateHeatData.mk.inj	theorem	Poincare.D7.Monotonicity.ConjugateHeatCertificate	propext;Classical.choice;Quot.sound
XDECL	Poincare.D7.ConjugateHeat.MetricFlowInterface.noConfusionType	def	Poincare.D7.Monotonicity.ConjugateHeatCertificate	propext;Classical.choice;Quot.sound
XDECL	Poincare.D7.ConjugateHeat.ConjugateHeatData.ofInterface	def	Poincare.D7.Monotonicity.ConjugateHeatCertificate	propext;Classical.choice;Quot.sound
XDECL	Poincare.D7.ConjugateHeat.ConjugateHeatData.ofInterface._proof_1	theorem	Poincare.D7.Monotonicity.ConjugateHeatCertificate	propext;Classical.choice;Quot.sound
XDECL	Poincare.D7.ConjugateHeat.ConjugateHeatData.isHeatJet_iff._abel_1_2	theorem	Poincare.D7.Monotonicity.ConjugateHeatCertificate	propext;Classical.choice;Quot.sound
XDECL	Poincare.D7.ConjugateHeat.MetricFlowInterface.casesOn	def	Poincare.D7.Monotonicity.ConjugateHeatCertificate	propext;Classical.choice;Quot.sound
XDECL	Poincare.D7.ConjugateHeat.conjugateHeatIBPCertificate_heatPairing	theorem	Poincare.D7.Monotonicity.ConjugateHeatCertificate	propext;Classical.choice;Quot.sound
XDECL	Poincare.D7.ConjugateHeat.MetricFlowInterface.mk.noConfusion	def	Poincare.D7.Monotonicity.ConjugateHeatCertificate	propext;Classical.choice;Quot.sound
XDECL	Poincare.D7.ConjugateHeat.MetricFlowInterface.pairing	def	Poincare.D7.Monotonicity.ConjugateHeatCertificate	propext;Classical.choice;Quot.sound
XDECL	Poincare.D7.ConjugateHeat.ConjugateHeatData.mk.sizeOf_spec	theorem	Poincare.D7.Monotonicity.ConjugateHeatCertificate	propext;Classical.choice;Quot.sound
XDECL	Poincare.D7.ConjugateHeat.conjugateHeatIBPCertificate_boundaryForm	theorem	Poincare.D7.Monotonicity.ConjugateHeatCertificate	propext;Classical.choice;Quot.sound
XDECL	Poincare.D7.ConjugateHeat.ConjugateHeatData.ctorIdx	def	Poincare.D7.Monotonicity.ConjugateHeatCertificate	propext;Classical.choice;Quot.sound
XDECL	Poincare.D7.ConjugateHeat.ConjugateHeatData.toMetricFlowInterface	def	Poincare.D7.Monotonicity.ConjugateHeatCertificate	propext;Classical.choice;Quot.sound
XDECL	Poincare.D7.ConjugateHeat.ConjugateHeatIBPCertificate.mk._flat_ctor	def	Poincare.D7.Monotonicity.ConjugateHeatCertificate	propext;Classical.choice;Quot.sound
XDECL	Poincare.D7.ConjugateHeat.ConjugateHeatData.mk.noConfusion	def	Poincare.D7.Monotonicity.ConjugateHeatCertificate	propext;Classical.choice;Quot.sound
XDECL	Poincare.D7.ConjugateHeat.MetricFlowInterface.mk._flat_ctor	def	Poincare.D7.Monotonicity.ConjugateHeatCertificate	propext;Classical.choice;Quot.sound
XDECL	Poincare.D7.ConjugateHeat.conjugateHeatIBPCertificate_conjugatePairing	theorem	Poincare.D7.Monotonicity.ConjugateHeatCertificate	propext;Classical.choice;Quot.sound
XDECL	Poincare.D7.ConjugateHeat.ConjugateHeatData.rec	rec	Poincare.D7.Monotonicity.ConjugateHeatCertificate	propext;Classical.choice;Quot.sound
XDECL	Poincare.D7.ConjugateHeat.ConjugateHeatIBPCertificate._sizeOf_inst	def	Poincare.D7.Monotonicity.ConjugateHeatCertificate	propext;Classical.choice;Quot.sound
XDECL	Poincare.D7.ConjugateHeat.ConjugateHeatData.recOn	def	Poincare.D7.Monotonicity.ConjugateHeatCertificate	propext;Classical.choice;Quot.sound
XDECL	Poincare.D7.ConjugateHeat.MetricFlowInterface.boundaryForm_antisymm	theorem	Poincare.D7.Monotonicity.ConjugateHeatCertificate	propext;Classical.choice;Quot.sound
XDECL	Poincare.D7.ConjugateHeat.Jet.val	def	Poincare.D7.Monotonicity.ConjugateHeatCertificate	
XDECL	Poincare.D7.ConjugateHeat.ConjugateHeatIBPCertificate._sizeOf_1	def	Poincare.D7.Monotonicity.ConjugateHeatCertificate	propext;Classical.choice;Quot.sound
XDECL	Poincare.D7.ConjugateHeat.MetricFlowInterface._sizeOf_inst	def	Poincare.D7.Monotonicity.ConjugateHeatCertificate	propext;Classical.choice;Quot.sound
XDECL	Poincare.D7.ConjugateHeat.ConjugateHeatIBPCertificate.ibp	theorem	Poincare.D7.Monotonicity.ConjugateHeatCertificate	propext;Classical.choice;Quot.sound
XDECL	Poincare.D7.ConjugateHeat.ConjugateHeatData.formal_adjoint_closed	theorem	Poincare.D7.Monotonicity.ConjugateHeatCertificate	propext;Classical.choice;Quot.sound
XDECL	Poincare.D7.ConjugateHeat.Jet.deriv	def	Poincare.D7.Monotonicity.ConjugateHeatCertificate	
XDECL	Poincare.D7.ConjugateHeat.ConjugateHeatIBPCertificate.volumeVariation	def	Poincare.D7.Monotonicity.ConjugateHeatCertificate	propext;Classical.choice;Quot.sound
XDECL	Poincare.D7.ConjugateHeat.MetricFlowInterface	induct	Poincare.D7.Monotonicity.ConjugateHeatCertificate	propext;Classical.choice;Quot.sound
XDECL	Poincare.D7.ConjugateHeat.MetricFlowInterface.mk.sizeOf_spec	theorem	Poincare.D7.Monotonicity.ConjugateHeatCertificate	propext;Classical.choice;Quot.sound
XDECL	Poincare.D7.ConjugateHeat.ConjugateHeatIBPCertificate.noConfusionType	def	Poincare.D7.Monotonicity.ConjugateHeatCertificate	propext;Classical.choice;Quot.sound
XDECL	Poincare.D7.ConjugateHeat.ConjugateHeatData.formal_adjoint_of_boundaryForm_eq_zero	theorem	Poincare.D7.Monotonicity.ConjugateHeatCertificate	propext;Classical.choice;Quot.sound
XDECL	Poincare.D7.ConjugateHeat.ConjugateHeatData	induct	Poincare.D7.Monotonicity.ConjugateHeatCertificate	propext;Classical.choice;Quot.sound
XAUDIT	D13-deturck-shorttime-producer-isolated	declarations	100
XAUDIT	D13-deturck-shorttime-producer-isolated	theorems	43
XAUDIT	D13-deturck-shorttime-producer-isolated	partial_defs	0
XAUDIT	D13-deturck-shorttime-producer-isolated	opaque	0
XAUDIT	D13-deturck-shorttime-producer-isolated	project_axioms	0
XAUDIT	D13-deturck-shorttime-producer-isolated	unsafe	0
XAUDIT	D13-deturck-shorttime-producer-isolated	sorry_cones	0
XAUDIT	D13-deturck-shorttime-producer-isolated	native_decide_cones	0
XAUDIT	D13-deturck-shorttime-producer-isolated	unapproved_axiom_cones	0
XAUDIT	D13-deturck-shorttime-producer-isolated	collect_failures	0
XAUDIT	D13-deturck-shorttime-producer-isolated	proof_wanted	0
XAUDIT	D13-deturck-shorttime-producer-isolated	VERDICT	PASS
