@Poincare.D13.DeturckProducer.PicardModel.RicciDeTurckPicardModel.of_metric : {n : ℕ} →
  {E : Type u_1} →
    [inst : NormedAddCommGroup E] →
      [inst_1 : NormedSpace ℝ E] →
        {L : NNReal} →
          Poincare.D13.DeturckProducer.SmoothMetricData n →
            (S : ℝ → E →L[ℝ] E) →
              (F : E → E) →
                (u₀ : E) →
                  (setup : Poincare.D12.ParabolicLocal.DuhamelSetup E L) →
                    (∀ (t : ℝ), setup.S t = S t) →
                      setup.F = F →
                        setup.u₀ = u₀ → Poincare.D13.DeturckProducer.PicardModel.RicciDeTurckPicardModel n E L
'Poincare.D13.DeturckProducer.PicardModel.RicciDeTurckPicardModel.of_metric' depends on axioms: [propext,
 Classical.choice,
 Quot.sound]
@Poincare.D13.DeturckProducer.PicardModel.RicciDeTurckPicardModel.existsUnique_mildSolution_of_model : ∀ {n : ℕ}
  {E : Type u_1} [inst : NormedAddCommGroup E] [inst_1 : NormedSpace ℝ E] {L : NNReal}
  (P : Poincare.D13.DeturckProducer.PicardModel.RicciDeTurckPicardModel n E L) [CompleteSpace E] {T : ℝ} (hT : 0 ≤ T),
  P.duhamel.M * ↑L * T < 1 → ∃! u, P.duhamel.duhamelMap T hT u = u
'Poincare.D13.DeturckProducer.PicardModel.RicciDeTurckPicardModel.existsUnique_mildSolution_of_model' depends on axioms: [propext,
 Classical.choice,
 Quot.sound]
Poincare.D13.DeturckProducer.PicardModel.MildClassicalOutput : Poincare.D7.ShortTime.DeTurckParabolicProblem → Type
'Poincare.D13.DeturckProducer.PicardModel.MildClassicalOutput' depends on axioms: [propext,
 Classical.choice,
 Quot.sound]
Poincare.D13.DeturckProducer.PicardModel.deTurckShortTimeExistence_of_classicalOutput : ∀
  (P : Poincare.D7.ShortTime.DeTurckParabolicProblem)
  (h : Poincare.D13.DeturckProducer.PicardModel.MildClassicalOutput P),
  Poincare.D7.ShortTime.DeTurckShortTimeExistence P
'Poincare.D13.DeturckProducer.PicardModel.deTurckShortTimeExistence_of_classicalOutput' depends on axioms: [propext,
 Classical.choice,
 Quot.sound]
@Poincare.D13.DeturckProducer.PicardModel.ricciFlow_of_model : ∀ {n : ℕ} (D : Poincare.D7.ShortTime.RicciFlowData n)
  (C : Poincare.D7.ShortTime.DeTurckCertificate D)
  (h : Poincare.D13.DeturckProducer.PicardModel.MildClassicalOutput (Poincare.D7.ShortTime.matrixProblem D C)),
  ∃ T,
    0 < T ∧
      ∃ u,
        u 0 = (Poincare.D7.ShortTime.matrixProblem D C).initial ∧
          (Poincare.D7.ShortTime.matrixProblem D C).IsRicciFlowOn T u
'Poincare.D13.DeturckProducer.PicardModel.ricciFlow_of_model' depends on axioms: [propext, Classical.choice, Quot.sound]
Poincare.D13.DeturckProducer.FlatInstance.flatPicardModel : (n : ℕ) →
  {L : NNReal} →
    (F : Poincare.D12.ParabolicLocal.BUCn n → Poincare.D12.ParabolicLocal.BUCn n) →
      LipschitzWith L F →
        Poincare.D12.ParabolicLocal.BUCn n →
          Poincare.D13.DeturckProducer.PicardModel.RicciDeTurckPicardModel n (Poincare.D12.ParabolicLocal.BUCn n) L
'Poincare.D13.DeturckProducer.FlatInstance.flatPicardModel' depends on axioms: [propext, Classical.choice, Quot.sound]
@Poincare.D13.DeturckProducer.PicardModel.RicciDeTurckPicardModel.strictParabolic : ∀ {n : ℕ} {E : Type u_1}
  [inst : NormedAddCommGroup E] [inst_1 : NormedSpace ℝ E] {L : NNReal}
  (self : Poincare.D13.DeturckProducer.PicardModel.RicciDeTurckPicardModel n E L) (x ξ : Fin n → ℝ)
  (h : Matrix (Fin n) (Fin n) ℝ),
  ξ ≠ 0 → h ≠ 0 → 0 < Poincare.D13.DeturckProducer.SmoothMetricData.bilinPairingMat h (self.principalSymbol x ξ h)
'Poincare.D13.DeturckProducer.PicardModel.RicciDeTurckPicardModel.strictParabolic' depends on axioms: [propext,
 Classical.choice,
 Quot.sound]
