USE_EXISTS	Poincare.D7.ConjugateHeat.ConjugateHeatData	OK	propext;Classical.choice;Quot.sound
USE_EXISTS	Poincare.D12.HeatSemigroup.heatOperatorBCF_comp	OK	propext;Classical.choice;Quot.sound
USE_EXISTS	Poincare.D12.HeatSemigroup.heatOperator_gaussianKernel_L1_tendsto_seq	OK	propext;Classical.choice;Quot.sound
USE_EXISTS	Poincare.D12.ConnectionCurvature.leviCivitaExists	OK	propext;Classical.choice;Quot.sound
USE_EXISTS	Poincare.D12.EntropyVariation.fDerivativeStatement_of_corrected_of_idempotent	OK	propext;Classical.choice;Quot.sound
USE_EXISTS	Poincare.D12.SurgeryRecognition.finiteFreeOrbit_isQuotientCoveringMap	OK	propext;Classical.choice;Quot.sound
USE_EXISTS	Poincare.D12.SurgeryRecognition.ConnectedSumDecomposition.mkV2	OK	propext;Classical.choice;Quot.sound
USE_PAIR	Poincare.D12.HeatSemigroup.heatOperatorBCF_comp	Poincare.D12.HeatSemigroup.heatOperator_gaussianKernel_L1_tendsto_seq	exists=true	type=false	value=false
USE_PAIR	Poincare.D12.SurgeryRecognition.ConnectedSumDecomposition.mkV2	Poincare.D13.VanKampenRecognition.stage6Target_of_v4hypotheses_from_certificates	exists=false	type=false	value=false
USE_REVERSE	Poincare.D12.ConnectionCurvature.leviCivitaExists	1
USE_USER	Poincare.D12.ConnectionCurvature.leviCivitaExists	Poincare.D13.IntegratedAudit.Nonvacuity.d13_consumer_leviCivitaExists
USE_REVERSE	Poincare.D12.EntropyVariation.fDerivativeStatement_of_corrected_of_idempotent	1
USE_USER	Poincare.D12.EntropyVariation.fDerivativeStatement_of_corrected_of_idempotent	Poincare.D13.IntegratedAudit.Nonvacuity.d13_consumer_fDerivativeStatement
USE_REVERSE	Poincare.D12.SurgeryRecognition.finiteFreeOrbit_isQuotientCoveringMap	2
USE_USER	Poincare.D12.SurgeryRecognition.finiteFreeOrbit_isQuotientCoveringMap	Poincare.D12.SurgeryRecognition.SphericalSpaceFormModel.coveringQuotient
USE_USER	Poincare.D12.SurgeryRecognition.finiteFreeOrbit_isQuotientCoveringMap	Poincare.D12.SurgeryRecognition.antipodalQuotientCovering
USE_REVERSE	Poincare.D13.VanKampenRecognition.stage6Target_of_v2hypotheses	0
USE_DONE	D13-integrated-kernel-audit
/data3/guoshaoyang/workdir/lean_poincare/longrun/worktrees/SEMREV-D13-cross-audit-ophis/review/probes/D13-integrated-kernel-audit/UseProbe.lean:419:11: warning: Variable name `ci` is not explicitly referenced.

Hint: The binding can be removed (if unused) or named `_` (if used implicitly). Alternatively, prefix the name with `_` to silence this warning:
  [apply] _ci

Note: This linter can be disabled with `set_option linter.unusedVariables false`
