USE_EXISTS	Poincare.D7.HeatKernel.HeatKernelData	OK	propext;Classical.choice;Quot.sound
USE_EXISTS	Poincare.D13.HeatKernelBridge.HeatKernelDataV1	OK	propext;Classical.choice;Quot.sound
USE_EXISTS	Poincare.D13.HeatKernelBridge.exists_v1_iff_exists_legacy	OK	propext;Classical.choice;Quot.sound
USE_EXISTS	Poincare.D7.HeatKernel.heatKernelExistenceStatement_iff_v1	OK	propext;Classical.choice;Quot.sound
USE_EXISTS	Poincare.D7.HeatKernel.not_heatKernelExistenceStatementV1_of_legacy_refutation	OK	propext;Classical.choice;Quot.sound
USE_PAIR	Poincare.D13.HeatKernelBridge.HeatKernelDataV1	Poincare.D7.HeatKernel.heatKernelExistenceStatement_iff_v1	exists=true	type=false	value=false
USE_REVERSE	Poincare.D13.HeatKernelBridge.exists_v1_iff_exists_legacy	0
USE_REVERSE	Poincare.D13.HeatKernelBridge.HeatKernelDataV1	89
USE_USER	Poincare.D13.HeatKernelBridge.HeatKernelDataV1	Poincare.D13.HeatKernelBridge.FlatCorrectedDomainExistence
USE_USER	Poincare.D13.HeatKernelBridge.HeatKernelDataV1	Poincare.D13.HeatKernelBridge.HeatKernelDataV1.C_lo
USE_USER	Poincare.D13.HeatKernelBridge.HeatKernelDataV1	Poincare.D13.HeatKernelBridge.HeatKernelDataV1.C_lo_eq
USE_USER	Poincare.D13.HeatKernelBridge.HeatKernelDataV1	Poincare.D13.HeatKernelBridge.HeatKernelDataV1.C_up
USE_USER	Poincare.D13.HeatKernelBridge.HeatKernelDataV1	Poincare.D13.HeatKernelBridge.HeatKernelDataV1.C_up_eq
USE_USER	Poincare.D13.HeatKernelBridge.HeatKernelDataV1	Poincare.D13.HeatKernelBridge.HeatKernelDataV1.IsCcClassVariant
USE_USER	Poincare.D13.HeatKernelBridge.HeatKernelDataV1	Poincare.D13.HeatKernelBridge.HeatKernelDataV1.IsIntegrableClassVariant
USE_USER	Poincare.D13.HeatKernelBridge.HeatKernelDataV1	Poincare.D13.HeatKernelBridge.HeatKernelDataV1._sizeOf_1
USE_USER	Poincare.D13.HeatKernelBridge.HeatKernelDataV1	Poincare.D13.HeatKernelBridge.HeatKernelDataV1._sizeOf_inst
USE_USER	Poincare.D13.HeatKernelBridge.HeatKernelDataV1	Poincare.D13.HeatKernelBridge.HeatKernelDataV1.c_lo
USE_USER	Poincare.D13.HeatKernelBridge.HeatKernelDataV1	Poincare.D13.HeatKernelBridge.HeatKernelDataV1.c_lo_eq
USE_USER	Poincare.D13.HeatKernelBridge.HeatKernelDataV1	Poincare.D13.HeatKernelBridge.HeatKernelDataV1.c_up
USE_USER	Poincare.D13.HeatKernelBridge.HeatKernelDataV1	Poincare.D13.HeatKernelBridge.HeatKernelDataV1.c_up_eq
USE_USER	Poincare.D13.HeatKernelBridge.HeatKernelDataV1	Poincare.D13.HeatKernelBridge.HeatKernelDataV1.casesOn
USE_USER	Poincare.D13.HeatKernelBridge.HeatKernelDataV1	Poincare.D13.HeatKernelBridge.HeatKernelDataV1.core
USE_USER	Poincare.D13.HeatKernelBridge.HeatKernelDataV1	Poincare.D13.HeatKernelBridge.HeatKernelDataV1.ctorIdx
USE_USER	Poincare.D13.HeatKernelBridge.HeatKernelDataV1	Poincare.D13.HeatKernelBridge.HeatKernelDataV1.dim
USE_USER	Poincare.D13.HeatKernelBridge.HeatKernelDataV1	Poincare.D13.HeatKernelBridge.HeatKernelDataV1.dim_eq
USE_USER	Poincare.D13.HeatKernelBridge.HeatKernelDataV1	Poincare.D13.HeatKernelBridge.HeatKernelDataV1.dist
USE_USER	Poincare.D13.HeatKernelBridge.HeatKernelDataV1	Poincare.D13.HeatKernelBridge.HeatKernelDataV1.dist_eq
USE_USER	Poincare.D13.HeatKernelBridge.HeatKernelDataV1	Poincare.D13.HeatKernelBridge.HeatKernelDataV1.exists_toCore_eq_iff
USE_USER	Poincare.D13.HeatKernelBridge.HeatKernelDataV1	Poincare.D13.HeatKernelBridge.HeatKernelDataV1.gaussianLowerBound
USE_USER	Poincare.D13.HeatKernelBridge.HeatKernelDataV1	Poincare.D13.HeatKernelBridge.HeatKernelDataV1.gaussianUpperBound
USE_USER	Poincare.D13.HeatKernelBridge.HeatKernelDataV1	Poincare.D13.HeatKernelBridge.HeatKernelDataV1.heatEquation
USE_USER	Poincare.D13.HeatKernelBridge.HeatKernelDataV1	Poincare.D13.HeatKernelBridge.HeatKernelDataV1.initialConditionFor
USE_USER	Poincare.D13.HeatKernelBridge.HeatKernelDataV1	Poincare.D13.HeatKernelBridge.HeatKernelDataV1.initialConditionFor_apply
USE_USER	Poincare.D13.HeatKernelBridge.HeatKernelDataV1	Poincare.D13.HeatKernelBridge.HeatKernelDataV1.integrableClassVariant_weak_iff
USE_USER	Poincare.D13.HeatKernelBridge.HeatKernelDataV1	Poincare.D13.HeatKernelBridge.HeatKernelDataV1.kernel
USE_USER	Poincare.D13.HeatKernelBridge.HeatKernelDataV1	Poincare.D13.HeatKernelBridge.HeatKernelDataV1.kernel_eq
USE_USER	Poincare.D13.HeatKernelBridge.HeatKernelDataV1	Poincare.D13.HeatKernelBridge.HeatKernelDataV1.kernel_nonneg
USE_USER	Poincare.D13.HeatKernelBridge.HeatKernelDataV1	Poincare.D13.HeatKernelBridge.HeatKernelDataV1.kernel_pos_of_dist_le_one
USE_USER	Poincare.D13.HeatKernelBridge.HeatKernelDataV1	Poincare.D13.HeatKernelBridge.HeatKernelDataV1.laplacian
USE_USER	Poincare.D13.HeatKernelBridge.HeatKernelDataV1	Poincare.D13.HeatKernelBridge.HeatKernelDataV1.laplacian_eq
USE_USER	Poincare.D13.HeatKernelBridge.HeatKernelDataV1	Poincare.D13.HeatKernelBridge.HeatKernelDataV1.mk
USE_USER	Poincare.D13.HeatKernelBridge.HeatKernelDataV1	Poincare.D13.HeatKernelBridge.HeatKernelDataV1.mk._flat_ctor
USE_USER	Poincare.D13.HeatKernelBridge.HeatKernelDataV1	Poincare.D13.HeatKernelBridge.HeatKernelDataV1.mk.inj
USE_USER	Poincare.D13.HeatKernelBridge.HeatKernelDataV1	Poincare.D13.HeatKernelBridge.HeatKernelDataV1.mk.injEq
USE_USER	Poincare.D13.HeatKernelBridge.HeatKernelDataV1	Poincare.D13.HeatKernelBridge.HeatKernelDataV1.mk.noConfusion
USE_USER	Poincare.D13.HeatKernelBridge.HeatKernelDataV1	Poincare.D13.HeatKernelBridge.HeatKernelDataV1.mk.sizeOf_spec
USE_USER	Poincare.D13.HeatKernelBridge.HeatKernelDataV1	Poincare.D13.HeatKernelBridge.HeatKernelDataV1.noConfusion
USE_USER	Poincare.D13.HeatKernelBridge.HeatKernelDataV1	Poincare.D13.HeatKernelBridge.HeatKernelDataV1.noConfusionType
USE_USER	Poincare.D13.HeatKernelBridge.HeatKernelDataV1	Poincare.D13.HeatKernelBridge.HeatKernelDataV1.normalization
USE_USER	Poincare.D13.HeatKernelBridge.HeatKernelDataV1	Poincare.D13.HeatKernelBridge.HeatKernelDataV1.ofHeatKernelData
USE_USER	Poincare.D13.HeatKernelBridge.HeatKernelDataV1	Poincare.D13.HeatKernelBridge.HeatKernelDataV1.rec
USE_USER	Poincare.D13.HeatKernelBridge.HeatKernelDataV1	Poincare.D13.HeatKernelBridge.HeatKernelDataV1.recOn
USE_USER	Poincare.D13.HeatKernelBridge.HeatKernelDataV1	Poincare.D13.HeatKernelBridge.HeatKernelDataV1.semigroup
USE_USER	Poincare.D13.HeatKernelBridge.HeatKernelDataV1	Poincare.D13.HeatKernelBridge.HeatKernelDataV1.symmetry
USE_USER	Poincare.D13.HeatKernelBridge.HeatKernelDataV1	Poincare.D13.HeatKernelBridge.HeatKernelDataV1.testClass
USE_USER	Poincare.D13.HeatKernelBridge.HeatKernelDataV1	Poincare.D13.HeatKernelBridge.HeatKernelDataV1.toConjugateHeatSpacetime
USE_USER	Poincare.D13.HeatKernelBridge.HeatKernelDataV1	Poincare.D13.HeatKernelBridge.HeatKernelDataV1.toConjugateHeatSpacetime_backwardTimeDerivative
USE_USER	Poincare.D13.HeatKernelBridge.HeatKernelDataV1	Poincare.D13.HeatKernelBridge.HeatKernelDataV1.toConjugateHeatSpacetime_laplacian
USE_USER	Poincare.D13.HeatKernelBridge.HeatKernelDataV1	Poincare.D13.HeatKernelBridge.HeatKernelDataV1.toConjugateHeatSpacetime_scalarMul
USE_USER	Poincare.D13.HeatKernelBridge.HeatKernelDataV1	Poincare.D13.HeatKernelBridge.HeatKernelDataV1.toConjugateHeatSpacetime_volume
USE_USER	Poincare.D13.HeatKernelBridge.HeatKernelDataV1	Poincare.D13.HeatKernelBridge.HeatKernelDataV1.toCore
USE_USER	Poincare.D13.HeatKernelBridge.HeatKernelDataV1	Poincare.D13.HeatKernelBridge.HeatKernelDataV1.toCore_core
USE_USER	Poincare.D13.HeatKernelBridge.HeatKernelDataV1	Poincare.D13.HeatKernelBridge.HeatKernelDataV1.toHeatSpacetime
USE_USER	Poincare.D13.HeatKernelBridge.HeatKernelDataV1	Poincare.D13.HeatKernelBridge.HeatKernelDataV1.toHeatSpacetime_dim
USE_USER	Poincare.D13.HeatKernelBridge.HeatKernelDataV1	Poincare.D13.HeatKernelBridge.HeatKernelDataV1.toHeatSpacetime_dist
USE_USER	Poincare.D13.HeatKernelBridge.HeatKernelDataV1	Poincare.D13.HeatKernelBridge.HeatKernelDataV1.toHeatSpacetime_laplacian
USE_USER	Poincare.D13.HeatKernelBridge.HeatKernelDataV1	Poincare.D13.HeatKernelBridge.HeatKernelDataV1.toHeatSpacetime_timeDerivative
USE_USER	Poincare.D13.HeatKernelBridge.HeatKernelDataV1	Poincare.D13.HeatKernelBridge.HeatKernelDataV1.toHeatSpacetime_volume
USE_USER	Poincare.D13.HeatKernelBridge.HeatKernelDataV1	Poincare.D13.HeatKernelBridge.HeatKernelDataV1.volume
USE_USER	Poincare.D13.HeatKernelBridge.HeatKernelDataV1	Poincare.D13.HeatKernelBridge.HeatKernelDataV1.volume_eq
USE_USER	Poincare.D13.HeatKernelBridge.HeatKernelDataV1	Poincare.D13.HeatKernelBridge.IsConjugateHeatKernelPDE.of_dataV1
USE_USER	Poincare.D13.HeatKernelBridge.HeatKernelDataV1	Poincare.D13.HeatKernelBridge.IsConjugateHeatKernelPDE.of_dataV1_ccClass
USE_USER	Poincare.D13.HeatKernelBridge.HeatKernelDataV1	Poincare.D13.HeatKernelBridge.IsConjugateHeatKernelPDE.of_dataV1_integrableClass
USE_USER	Poincare.D13.HeatKernelBridge.HeatKernelDataV1	Poincare.D13.HeatKernelBridge.IsHeatKernelPDE.of_dataV1
USE_USER	Poincare.D13.HeatKernelBridge.HeatKernelDataV1	Poincare.D13.HeatKernelBridge.IsHeatKernelPDE.of_dataV1_ccClass
USE_USER	Poincare.D13.HeatKernelBridge.HeatKernelDataV1	Poincare.D13.HeatKernelBridge.IsHeatKernelPDE.of_dataV1_integrableClass
USE_USER	Poincare.D13.HeatKernelBridge.HeatKernelDataV1	Poincare.D13.HeatKernelBridge.exists_v1_iff_exists_legacy
USE_USER	Poincare.D13.HeatKernelBridge.HeatKernelDataV1	Poincare.D13.HeatKernelBridge.finiteHeatKernelDataV1
USE_USER	Poincare.D13.HeatKernelBridge.HeatKernelDataV1	Poincare.D13.HeatKernelBridge.flatCorrectedDomainExistence_proved
USE_USER	Poincare.D13.HeatKernelBridge.HeatKernelDataV1	Poincare.D13.HeatKernelBridge.flatHeatKernelDataV1_cc
USE_USER	Poincare.D13.HeatKernelBridge.HeatKernelDataV1	Poincare.D13.HeatKernelBridge.flatHeatKernelDataV1_integrable
USE_USER	Poincare.D13.HeatKernelBridge.HeatKernelDataV1	Poincare.D13.HeatKernelBridge.flat_v1_exists_not_legacy_of_pos
USE_USER	Poincare.D13.HeatKernelBridge.HeatKernelDataV1	Poincare.D13.HeatKernelBridge.toHeatKernelData_of_ccClass
USE_USER	Poincare.D13.HeatKernelBridge.HeatKernelDataV1	Poincare.D13.HeatKernelBridge.toHeatKernelData_of_ccClass._proof_1
USE_USER	Poincare.D13.HeatKernelBridge.HeatKernelDataV1	Poincare.D13.HeatKernelBridge.toHeatKernelData_of_ccClass._proof_2
USE_USER	Poincare.D13.HeatKernelBridge.HeatKernelDataV1	Poincare.D13.HeatKernelBridge.toHeatKernelData_of_ccClass.eq_1
USE_USER	Poincare.D13.HeatKernelBridge.HeatKernelDataV1	Poincare.D13.HeatKernelBridge.toHeatKernelData_of_ccClass_initialCondition
USE_USER	Poincare.D13.HeatKernelBridge.HeatKernelDataV1	Poincare.D13.HeatKernelBridge.toHeatKernelData_of_ccClass_toCore
USE_USER	Poincare.D13.HeatKernelBridge.HeatKernelDataV1	Poincare.D13.HeatKernelBridge.toHeatKernelData_of_integrableClass
USE_USER	Poincare.D13.HeatKernelBridge.HeatKernelDataV1	Poincare.D13.HeatKernelBridge.toHeatKernelData_of_integrableClass._proof_1
USE_USER	Poincare.D13.HeatKernelBridge.HeatKernelDataV1	Poincare.D13.HeatKernelBridge.toHeatKernelData_of_integrableClass._proof_2
USE_USER	Poincare.D13.HeatKernelBridge.HeatKernelDataV1	Poincare.D13.HeatKernelBridge.toHeatKernelData_of_integrableClass.eq_1
USE_USER	Poincare.D13.HeatKernelBridge.HeatKernelDataV1	Poincare.D13.HeatKernelBridge.toHeatKernelData_of_integrableClass_initialCondition
USE_USER	Poincare.D13.HeatKernelBridge.HeatKernelDataV1	Poincare.D13.HeatKernelBridge.toHeatKernelData_of_integrableClass_toCore
USE_USER	Poincare.D13.HeatKernelBridge.HeatKernelDataV1	Poincare.D7.HeatKernel.finite_pinned_dataV1
USE_USER	Poincare.D13.HeatKernelBridge.HeatKernelDataV1	Poincare.D7.HeatKernel.v1_flat_inhabited
USE_DONE	D13-heatkernel-bridge-d10-d7
/data3/guoshaoyang/workdir/lean_poincare/longrun/worktrees/SEMREV-D13-cross-audit-ophis/review/probes/D13-heatkernel-bridge-d10-d7/UseProbe.lean:279:11: warning: Variable name `ci` is not explicitly referenced.

Hint: The binding can be removed (if unused) or named `_` (if used implicitly). Alternatively, prefix the name with `_` to silence this warning:
  [apply] _ci

Note: This linter can be disabled with `set_option linter.unusedVariables false`
