@Poincare.D13.VanKampenRecognition.simplyConnectedPieces_of_v2 : ∀ {X : Poincare.Longrun.Surgery.TopSpace}
  {pieces : List Poincare.Longrun.Surgery.TopSpace},
  Poincare.D12.SurgeryRecognition.ConnectedSumDecompositionV2 X pieces →
    SimplyConnectedSpace X.Carrier → ∀ P ∈ pieces, SimplyConnectedSpace P.Carrier
'Poincare.D13.VanKampenRecognition.simplyConnectedPieces_of_v2' depends on axioms: [propext,
 Classical.choice,
 Quot.sound]
@Poincare.D13.VanKampenRecognition.ConnectedSumDecomposition.mkV2Complete : {X : Poincare.Longrun.Surgery.TopSpace} →
  {pieces : List Poincare.Longrun.Surgery.TopSpace} →
    Poincare.D12.SurgeryRecognition.ConnectedSumDecompositionV2 X pieces →
      Poincare.D7.Recognition.ConnectedSumDecomposition X pieces
'Poincare.D13.VanKampenRecognition.ConnectedSumDecomposition.mkV2Complete' depends on axioms: [propext,
 Classical.choice,
 Quot.sound]
@Poincare.D13.VanKampenRecognition.RemainingRecognitionHypothesesV4.toRemainingV3 : {X :
    Poincare.Longrun.Surgery.TopSpace} →
  {pieces : List Poincare.Longrun.Surgery.TopSpace} →
    Poincare.D13.VanKampenRecognition.RemainingRecognitionHypothesesV4 X pieces →
      Poincare.D12.SurgeryRecognition.ConnectedSumDecompositionV2 X pieces →
        Poincare.D12.SurgeryRecognition.RemainingRecognitionHypothesesV3 X pieces
'Poincare.D13.VanKampenRecognition.RemainingRecognitionHypothesesV4.toRemainingV3' depends on axioms: [propext,
 Classical.choice,
 Quot.sound]
@Poincare.D12.SurgeryRecognition.ConnectedSumDecomposition.mkV2 : {X : Poincare.Longrun.Surgery.TopSpace} →
  {pieces : List Poincare.Longrun.Surgery.TopSpace} →
    Poincare.D12.SurgeryRecognition.ConnectedSumDecompositionV2 X pieces →
      (SimplyConnectedSpace X.Carrier → ∀ P ∈ pieces, SimplyConnectedSpace P.Carrier) →
        Poincare.D7.Recognition.ConnectedSumDecomposition X pieces
'Poincare.D12.SurgeryRecognition.ConnectedSumDecomposition.mkV2' depends on axioms: [propext,
 Classical.choice,
 Quot.sound]
@Poincare.D13.VanKampenRecognition.stage6Target_of_v4hypotheses_from_certificates : ∀
  {X : Poincare.Longrun.Surgery.TopSpace} (compact : CompactSpace X.Carrier) (t2 : T2Space X.Carrier)
  (charted : ChartedSpace Poincare.Longrun.Topology.EuclideanThree X.Carrier)
  (simplyConnected : SimplyConnectedSpace X.Carrier) (E : Poincare.D7.Recognition.ExtinctionCertificate X),
  Poincare.D12.SurgeryRecognition.ConnectedSumDecompositionV2 X E.pieces →
    ∀ (H : Poincare.D13.VanKampenRecognition.RemainingRecognitionHypothesesV4 X E.pieces)
      (canonical : Poincare.D7.Recognition.CanonicalNeighborhoodInput X E),
      Poincare.Stage6.poincareConjectureTopologicalThree X.Carrier
'Poincare.D13.VanKampenRecognition.stage6Target_of_v4hypotheses_from_certificates' depends on axioms: [propext,
 Classical.choice,
 Quot.sound]
