'Poincare.D7.Reduced.MetricFlowInterface.metric_add_right' depends on axioms: [propext, Classical.choice, Quot.sound]
'Poincare.D7.Reduced.MetricFlowInterface.metric_smul_right' depends on axioms: [propext, Classical.choice, Quot.sound]
'Poincare.D7.Reduced.MetricFlowInterface.LIntegrandAlong' depends on axioms: [propext, Classical.choice, Quot.sound]
'Poincare.D7.Reduced.MetricFlowInterface.LlengthAlong' depends on axioms: [propext, Classical.choice, Quot.sound]
'Poincare.D7.Reduced.MetricFlowInterface.LIntegrand' depends on axioms: [propext, Classical.choice, Quot.sound]
'Poincare.D7.Reduced.MetricFlowInterface.Llength' depends on axioms: [propext, Classical.choice, Quot.sound]
'Poincare.D7.Reduced.MetricFlowInterface.Llength_eq_LlengthAlong' depends on axioms: [propext,
 Classical.choice,
 Quot.sound]
'Poincare.D7.Reduced.MetricFlowInterface.reducedLengthAlong' depends on axioms: [propext, Classical.choice, Quot.sound]
'Poincare.D7.Reduced.MetricFlowInterface.reducedLength' depends on axioms: [propext, Classical.choice, Quot.sound]
'Poincare.D7.Reduced.MetricFlowInterface.LlengthAlong_nonneg' depends on axioms: [propext, Classical.choice, Quot.sound]
'Poincare.D7.Reduced.MetricFlowInterface.reducedLengthAlong_nonneg' depends on axioms: [propext,
 Classical.choice,
 Quot.sound]
'Poincare.D7.Reduced.LPath.length' depends on axioms: [propext, Classical.choice, Quot.sound]
'Poincare.D7.Reduced.LPath.reducedLength' depends on axioms: [propext, Classical.choice, Quot.sound]
'Poincare.D7.Reduced.LPath.length_nonneg' depends on axioms: [propext, Classical.choice, Quot.sound]
'Poincare.D7.Reduced.LPath.reducedLength_nonneg' depends on axioms: [propext, Classical.choice, Quot.sound]
'Poincare.D7.Reduced.IsLMinimizer' depends on axioms: [propext, Classical.choice, Quot.sound]
'Poincare.D7.Reduced.ReducedLengthData.length' depends on axioms: [propext, Classical.choice, Quot.sound]
'Poincare.D7.Reduced.ReducedLengthData.reducedLength' depends on axioms: [propext, Classical.choice, Quot.sound]
'Poincare.D7.Reduced.ReducedLengthData.reducedLength_nonneg' depends on axioms: [propext, Classical.choice, Quot.sound]
'Poincare.D7.Reduced.ReducedVolumeCertificate.antitoneOn' depends on axioms: [propext, Classical.choice, Quot.sound]
'Poincare.D7.Reduced.ReducedVolumeCertificate.volume_le_of_le' depends on axioms: [propext,
 Classical.choice,
 Quot.sound]
'Poincare.D7.Reduced.ReducedVolumeCertificate.volume_le_at' depends on axioms: [propext, Classical.choice, Quot.sound]
'Poincare.D7.Reduced.ReducedVolumeCertificate.volume_le_one' depends on axioms: [propext, Classical.choice, Quot.sound]
'Poincare.D7.Reduced.ReducedVolumeCertificate.neg_log_monotoneOn' depends on axioms: [propext,
 Classical.choice,
 Quot.sound]
'Poincare.D7.Reduced.FiniteReducedVolumeCertificate.volume' depends on axioms: [propext, Classical.choice, Quot.sound]
'Poincare.D7.Reduced.FiniteReducedVolumeCertificate.volume_antitone' depends on axioms: [propext,
 Classical.choice,
 Quot.sound]
'Poincare.D7.Reduced.FiniteReducedVolumeCertificate.volume_le_of_le' depends on axioms: [propext,
 Classical.choice,
 Quot.sound]
'Poincare.D7.Reduced.ReducedLengthDensityCertificate.density' depends on axioms: [propext, Classical.choice, Quot.sound]
'Poincare.D7.Reduced.ReducedLengthDensityCertificate.volume' depends on axioms: [propext, Classical.choice, Quot.sound]
'Poincare.D7.Reduced.ReducedLengthDensityCertificate.hasDerivAt_normalisation' depends on axioms: [propext,
 Classical.choice,
 Quot.sound]
'Poincare.D7.Reduced.ReducedLengthDensityCertificate.density_hasDerivAt' depends on axioms: [propext,
 Classical.choice,
 Quot.sound]
'Poincare.D7.Reduced.ReducedLengthDensityCertificate.density_derivative_nonpos' depends on axioms: [propext,
 Classical.choice,
 Quot.sound]
'Poincare.D7.Reduced.ReducedLengthDensityCertificate.toFiniteCertificate' depends on axioms: [propext,
 Classical.choice,
 Quot.sound]
'Poincare.D7.Reduced.ReducedLengthDensityCertificate.volume_antitone' depends on axioms: [propext,
 Classical.choice,
 Quot.sound]
'Poincare.D7.Reduced.ReducedLengthDensityCertificate.volume_le_of_le' depends on axioms: [propext,
 Classical.choice,
 Quot.sound]
'Poincare.D7.Reduced.zeroReducedLengthDensityCertificate' depends on axioms: [propext, Classical.choice, Quot.sound]
'Poincare.D7.Reduced.criticalReducedLengthDensityCertificate' depends on axioms: [propext, Classical.choice, Quot.sound]
'Poincare.D7.Reduced.criticalReducedLengthDensityCertificate_density' depends on axioms: [propext,
 Classical.choice,
 Quot.sound]
'Poincare.D7.Reduced.criticalReducedLengthDensityCertificate_volume' depends on axioms: [propext,
 Classical.choice,
 Quot.sound]
'Poincare.D7.Reduced.zeroReducedLengthDensityCertificate_volume_antitone' depends on axioms: [propext,
 Classical.choice,
 Quot.sound]
'Poincare.D7.Reduced.LMinimizerExistence' depends on axioms: [propext, Classical.choice, Quot.sound]
'Poincare.D7.Reduced.ReducedVolumeMonotonicity' depends on axioms: [propext, Classical.choice, Quot.sound]
'Poincare.D7.Reduced.reducedVolumeMonotonicity_of_certificate' depends on axioms: [propext,
 Classical.choice,
 Quot.sound]
'Poincare.D7.Reduced.JacobianComparisonInterface' depends on axioms: [propext, Classical.choice, Quot.sound]
'Poincare.D7.Reduced.JacobianComparison' depends on axioms: [propext, Classical.choice, Quot.sound]
'Poincare.D7.Reduced.BlockerLMinimizerExistence' does not depend on any axioms
'Poincare.D7.Reduced.BlockerJacobianComparison' does not depend on any axioms
'Poincare.D7.Reduced.BlockerReducedVolumeMonotonicity' does not depend on any axioms
'Poincare.D7.Reduced.BlockerLMinimizerExistence_ne_nil' depends on axioms: [propext, Classical.choice, Quot.sound]
'Poincare.D7.Reduced.BlockerJacobianComparison_ne_nil' depends on axioms: [propext, Classical.choice, Quot.sound]
'Poincare.D7.Reduced.BlockerReducedVolumeMonotonicity_ne_nil' depends on axioms: [propext, Classical.choice, Quot.sound]
'Poincare.D7.Reduced.reducedVolumeDependencies' does not depend on any axioms
'Poincare.D7.Reduced.reducedVolumeDependencies_length' does not depend on any axioms
'Poincare.D7.Reduced.reducedVolumeDependencies_ne_nil' depends on axioms: [propext]
'Poincare.D7.Reduced.reducedVolumeDependencies_all_named' depends on axioms: [propext, Classical.choice, Quot.sound]
'Poincare.D7.Reduced.gaussianFlow' depends on axioms: [propext, Classical.choice, Quot.sound]
'Poincare.D7.Reduced.gaussianFlow_scalarCurvature' depends on axioms: [propext, Classical.choice, Quot.sound]
'Poincare.D7.Reduced.gaussianFlow_metric' depends on axioms: [propext, Classical.choice, Quot.sound]
'Poincare.D7.Reduced.gaussianPath' depends on axioms: [propext, Classical.choice, Quot.sound]
'Poincare.D7.Reduced.gaussianVelocity' depends on axioms: [propext, Classical.choice, Quot.sound]
'Poincare.D7.Reduced.integral_one_div_sqrt' depends on axioms: [propext, Classical.choice, Quot.sound]
'Poincare.D7.Reduced.gaussian_integrand' depends on axioms: [propext, Classical.choice, Quot.sound]
'Poincare.D7.Reduced.gaussian_LlengthAlong' depends on axioms: [propext, Classical.choice, Quot.sound]
'Poincare.D7.Reduced.gaussian_reducedLengthAlong' depends on axioms: [propext, Classical.choice, Quot.sound]
'Poincare.D7.Reduced.gaussianPath_hasDerivAt' depends on axioms: [propext, Classical.choice, Quot.sound]
'Poincare.D7.Reduced.intervalIntegrable_one_div_sqrt' depends on axioms: [propext, Classical.choice, Quot.sound]
'Poincare.D7.Reduced.gaussianLPath' depends on axioms: [propext, Classical.choice, Quot.sound]
'Poincare.D7.Reduced.gaussian_length_le' depends on axioms: [propext, Classical.choice, Quot.sound]
'Poincare.D7.Reduced.gaussian_isLMinimizer' depends on axioms: [propext, Classical.choice, Quot.sound]
'Poincare.D7.Reduced.gaussianReducedLengthData' depends on axioms: [propext, Classical.choice, Quot.sound]
'Poincare.D7.Reduced.gaussianReducedLengthData_reducedLength' depends on axioms: [propext, Classical.choice, Quot.sound]
'Poincare.D7.Reduced.gaussianLMinimizerExistence' depends on axioms: [propext, Classical.choice, Quot.sound]
