== constant profiles (exact: c2 = pi/sqrt(k)) ==
k= 1.001  c2=3.140023034379353990592007  exact=3.140023034379353990592007  diff=3.1115e-61
k=   1.0  c2=3.141592653589793238462643  exact=3.141592653589793238462643  diff=0.0
k= 0.999  c2=3.14316462899644073857804  exact=3.14316462899644073857804  diff=3.1115e-61
k=   0.5  c2=4.442882938158366247015881  exact=4.442882938158366247015881  diff=0.0
== tiny smooth excess k = 1 + eps*(t/pi)^20 ==
power20_eps=1e-3             c2 =  3.14158718121488145914465335248
                             c2 - pi/sqrtK = -5.47237491178e-6
power20_eps=1e-6             c2 =  3.14159264811726815242826989877
                             c2 - pi/sqrtK = -5.47252508603e-9
power20_eps=1e-9             c2 =  3.14159265358432071322642902182
                             c2 - pi/sqrtK = -5.47252523621e-12
== late Gaussian excess k = 1 + 0.5 exp(-((t-(pi-0.05))/0.02)^2) ==
late_gauss_0.05              c2 =  3.14154490098468626166760004113
                             c2 - pi/sqrtK = -4.7752605107e-5
== k <= 1 nonconstant: k = 1 - 0.15(1+cos 2t) ==
below_sin2                   c2 - pi = 0.132814572958
== exact values ==
pi/sqrt(1.001) - pi = -0.00156961921043925
pi/sqrt(0.999) - pi = 0.0015719754066475
pi/sqrt(0.5)   - pi = 1.30129028456857
