'Poincare.L4.GeodesicSpray.christoffel_koszul' depends on axioms: [propext, Classical.choice, Quot.sound]
'Poincare.L4.GeodesicSpray.christoffel_symm' depends on axioms: [propext, Classical.choice, Quot.sound]
'Poincare.L4.GeodesicSpray.christoffel_metric_compatible' depends on axioms: [propext, Classical.choice, Quot.sound]
'Poincare.L4.GeodesicSpray.contDiff_christoffel' depends on axioms: [propext, Classical.choice, Quot.sound]
'Poincare.L4.GeodesicSpray.isMIntegralCurveOn_self_iff' depends on axioms: [propext, Classical.choice, Quot.sound]
'Poincare.L4.GeodesicSpray.isMIntegralCurveAt_self_iff' depends on axioms: [propext, Classical.choice, Quot.sound]
'Poincare.L4.GeodesicSpray.isMIntegralCurve_self_iff' depends on axioms: [propext, Classical.choice, Quot.sound]
'Poincare.L4.GeodesicSpray.contDiff_spray' depends on axioms: [propext, Classical.choice, Quot.sound]
'Poincare.L4.GeodesicSpray.isCoordinateGeodesic_of_isSprayCurve' depends on axioms: [propext,
 Classical.choice,
 Quot.sound]
'Poincare.L4.GeodesicSpray.isCoordinateGeodesicOn_of_isSprayCurveOn' depends on axioms: [propext,
 Classical.choice,
 Quot.sound]
'Poincare.L4.GeodesicSpray.cmdiffAt_spraySection' depends on axioms: [propext, Classical.choice, Quot.sound]
'Poincare.L4.GeodesicSpray.exists_isMIntegralCurveAt_spray' depends on axioms: [propext, Classical.choice, Quot.sound]
'Poincare.L4.GeodesicSpray.exists_sprayCurveOn' depends on axioms: [propext, Classical.choice, Quot.sound]
'Poincare.L4.GeodesicSpray.exists_coordinateGeodesic' depends on axioms: [propext, Classical.choice, Quot.sound]
'Poincare.L4.GeodesicSpray.sprayCurve_eventuallyEq' depends on axioms: [propext, Classical.choice, Quot.sound]
'Poincare.L4.GeodesicSpray.sprayCurve_eqOn_Ioo' depends on axioms: [propext, Classical.choice, Quot.sound]
'Poincare.L4.GeodesicSpray.expGerm_realized' depends on axioms: [propext, Classical.choice, Quot.sound]
'Poincare.L4.GeodesicSpray.expGerm_zero_velocity' depends on axioms: [propext, Classical.choice, Quot.sound]
'Poincare.L4.GeodesicSpray.exists_coordinateGeodesic_of_chartMetric' depends on axioms: [propext,
 Classical.choice,
 Quot.sound]
