ℹ [2476/2476] Built D13Probes.SharedProbe (1.9s)
info: D13Probes/SharedProbe.lean:17:0: @Shared.pathLength : {M : Type u_1} → [inst : PseudoEMetricSpace M] → {x y : M} → Path x y → ENNReal
info: D13Probes/SharedProbe.lean:18:0: Shared.LengthSpace : (M : Type u_1) → [PseudoEMetricSpace M] → Prop
info: D13Probes/SharedProbe.lean:19:0: @Shared.LengthSpace.edist_le_pathLength : ∀ {M : Type u_1} [inst : PseudoEMetricSpace M] {x y : M} (γ : Path x y),
  edist x y ≤ Shared.pathLength γ
info: D13Probes/SharedProbe.lean:21:0: BilinearForm.Form : (𝕜 : Type u_1) →
  [inst : CommSemiring 𝕜] → (V : Type u_2) → [inst_1 : AddCommMonoid V] → [Module 𝕜 V] → Type (max u_1 u_2)
info: D13Probes/SharedProbe.lean:22:0: @BilinearForm.inner : {𝕜 : Type u_1} →
  [inst : Field 𝕜] →
    {V : Type u_2} → [inst_1 : AddCommGroup V] → [inst_2 : Module 𝕜 V] → BilinearForm.Form 𝕜 V → V → V → 𝕜
info: D13Probes/SharedProbe.lean:23:0: @BilinearForm.IsSymm : {𝕜 : Type u_1} →
  [inst : Field 𝕜] → {V : Type u_2} → [inst_1 : AddCommGroup V] → [inst_2 : Module 𝕜 V] → BilinearForm.Form 𝕜 V → Prop
info: D13Probes/SharedProbe.lean:24:0: @BilinearForm.IsPosDef : {𝕜 : Type u_1} →
  [inst : Field 𝕜] →
    [LinearOrder 𝕜] → {V : Type u_2} → [inst_2 : AddCommGroup V] → [inst_3 : Module 𝕜 V] → BilinearForm.Form 𝕜 V → Prop
info: D13Probes/SharedProbe.lean:25:0: @BilinearForm.inner_comm : ∀ {𝕜 : Type u_1} [inst : Field 𝕜] {V : Type u_2} [inst_1 : AddCommGroup V]
  [inst_2 : Module 𝕜 V] {B : BilinearForm.Form 𝕜 V},
  BilinearForm.IsSymm B → ∀ (v w : V), BilinearForm.inner B v w = BilinearForm.inner B w v
info: D13Probes/SharedProbe.lean:26:0: @BilinearForm.inner_self_pos : ∀ {𝕜 : Type u_1} [inst : Field 𝕜] [inst_1 : LinearOrder 𝕜] {V : Type u_2}
  [inst_2 : AddCommGroup V] [inst_3 : Module 𝕜 V] {B : BilinearForm.Form 𝕜 V},
  BilinearForm.IsPosDef B → ∀ (v : V), v ≠ 0 → 0 < BilinearForm.inner B v v
info: D13Probes/SharedProbe.lean:27:0: @BilinearForm.IsPosDef.nondegenerate : ∀ {𝕜 : Type u_1} [inst : Field 𝕜] [inst_1 : LinearOrder 𝕜] {V : Type u_2}
  [inst_2 : AddCommGroup V] [inst_3 : Module 𝕜 V] {B : BilinearForm.Form 𝕜 V},
  BilinearForm.IsPosDef B → LinearMap.BilinForm.Nondegenerate B
info: D13Probes/SharedProbe.lean:28:0: @BilinearForm.toDual : {𝕜 : Type u_1} →
  [inst : Field 𝕜] →
    {V : Type u_2} → [inst_1 : AddCommGroup V] → [inst_2 : Module 𝕜 V] → BilinearForm.Form 𝕜 V → V →ₗ[𝕜] V →ₗ[𝕜] 𝕜
info: D13Probes/SharedProbe.lean:29:0: @BilinearForm.riesz : {𝕜 : Type u_1} →
  [inst : Field 𝕜] →
    [inst_1 : LinearOrder 𝕜] →
      {V : Type u_2} →
        [inst_2 : AddCommGroup V] →
          [inst_3 : Module 𝕜 V] →
            [FiniteDimensional 𝕜 V] → {B : BilinearForm.Form 𝕜 V} → BilinearForm.IsPosDef B → (V →ₗ[𝕜] 𝕜) → V
info: D13Probes/SharedProbe.lean:30:0: @BilinearForm.riesz_inner : ∀ {𝕜 : Type u_1} [inst : Field 𝕜] [inst_1 : LinearOrder 𝕜] {V : Type u_2}
  [inst_2 : AddCommGroup V] [inst_3 : Module 𝕜 V] [inst_4 : FiniteDimensional 𝕜 V] {B : BilinearForm.Form 𝕜 V}
  (hB : BilinearForm.IsPosDef B) (φ : V →ₗ[𝕜] 𝕜) (v : V), BilinearForm.inner B (BilinearForm.riesz hB φ) v = φ v
info: D13Probes/SharedProbe.lean:31:0: @BilinearForm.riesz_unique : ∀ {𝕜 : Type u_1} [inst : Field 𝕜] [inst_1 : LinearOrder 𝕜] [IsStrictOrderedRing 𝕜]
  {V : Type u_2} [inst_3 : AddCommGroup V] [inst_4 : Module 𝕜 V] [inst_5 : FiniteDimensional 𝕜 V]
  {B : BilinearForm.Form 𝕜 V} (hB : BilinearForm.IsPosDef B) (v : V) (φ : V →ₗ[𝕜] 𝕜),
  (∀ (w : V), BilinearForm.inner B v w = φ w) → v = BilinearForm.riesz hB φ
info: D13Probes/SharedProbe.lean:33:0: @FiberBundle.t2Space_totalSpace : ∀ {B : Type u_1} {F : Type u_2} [inst : TopologicalSpace B]
  [inst_1 : TopologicalSpace F] {E : B → Type u_3} [inst_2 : TopologicalSpace (TotalSpace F E)]
  [inst_3 : (b : B) → TopologicalSpace (E b)] [FiberBundle F E] [T2Space B] [T2Space F], T2Space (TotalSpace F E)
info: D13Probes/SharedProbe.lean:34:0: @TangentBundle.t2Space : ∀ {E : Type u_1} [inst : NormedAddCommGroup E] [inst_1 : NormedSpace ℝ E] {H : Type u_2}
  [inst_2 : TopologicalSpace H] (I : ModelWithCorners ℝ E H) (M : Type u_3) [inst_3 : TopologicalSpace M] [T2Space M]
  [inst_5 : ChartedSpace H M] [inst_6 : IsManifold I 1 M], T2Space (TangentBundle I M)
info: D13Probes/SharedProbe.lean:50:0: 'Shared.LengthSpace.edist_le_pathLength' depends on axioms: [propext, Classical.choice, Quot.sound]
info: D13Probes/SharedProbe.lean:51:0: 'BilinearForm.riesz' depends on axioms: [propext, Classical.choice, Quot.sound]
info: D13Probes/SharedProbe.lean:52:0: 'BilinearForm.riesz_unique' depends on axioms: [propext, Classical.choice, Quot.sound]
info: D13Probes/SharedProbe.lean:53:0: 'FiberBundle.t2Space_totalSpace' depends on axioms: [propext, Classical.choice, Quot.sound]
info: D13Probes/SharedProbe.lean:54:0: 'TangentBundle.t2Space' depends on axioms: [propext, Classical.choice, Quot.sound]
Build completed successfully (2476 jobs).
