✖ [2/2] Building D13Probes.EllipticProbe (164ms)
trace: .> LEAN_PATH=/data/home/guoshaoyang/workdir/lean_poincare/longrun/worktrees/D13-upstream-api-inventory-3602/probes/.lake/packages/Cli/.lake/build/lib/lean:/data/home/guoshaoyang/workdir/lean_poincare/longrun/worktrees/D13-upstream-api-inventory-3602/probes/.lake/packages/batteries/.lake/build/lib/lean:/data/home/guoshaoyang/workdir/lean_poincare/longrun/worktrees/D13-upstream-api-inventory-3602/probes/.lake/packages/Qq/.lake/build/lib/lean:/data/home/guoshaoyang/workdir/lean_poincare/longrun/worktrees/D13-upstream-api-inventory-3602/probes/.lake/packages/aesop/.lake/build/lib/lean:/data/home/guoshaoyang/workdir/lean_poincare/longrun/worktrees/D13-upstream-api-inventory-3602/probes/.lake/packages/proofwidgets/.lake/build/lib/lean:/data/home/guoshaoyang/workdir/lean_poincare/longrun/worktrees/D13-upstream-api-inventory-3602/probes/.lake/packages/importGraph/.lake/build/lib/lean:/data/home/guoshaoyang/workdir/lean_poincare/longrun/worktrees/D13-upstream-api-inventory-3602/probes/.lake/packages/LeanSearchClient/.lake/build/lib/lean:/data/home/guoshaoyang/workdir/lean_poincare/longrun/worktrees/D13-upstream-api-inventory-3602/probes/.lake/packages/plausible/.lake/build/lib/lean:/data/home/guoshaoyang/workdir/lean_poincare/longrun/worktrees/D13-upstream-api-inventory-3602/probes/.lake/packages/mathlib/.lake/build/lib/lean:/data/home/guoshaoyang/workdir/lean_poincare/longrun/worktrees/D13-upstream-api-inventory-3602/third_party/frenzymath/Poincare-Conjecture/shared/.lake/build/lib/lean:/data/home/guoshaoyang/workdir/lean_poincare/longrun/worktrees/D13-upstream-api-inventory-3602/third_party/frenzymath/Poincare-Conjecture/formalized-sources/DoCarmo/.lake/build/lib/lean:/data/home/guoshaoyang/workdir/lean_poincare/longrun/worktrees/D13-upstream-api-inventory-3602/third_party/frenzymath/Poincare-Conjecture/formalized-sources/Evans/.lake/build/lib/lean:/data/home/guoshaoyang/workdir/lean_poincare/longrun/worktrees/D13-upstream-api-inventory-3602/third_party/frenzymath/Poincare-Conjecture/formalized-sources/Hatcher/.lake/build/lib/lean:/data/home/guoshaoyang/workdir/lean_poincare/longrun/worktrees/D13-upstream-api-inventory-3602/third_party/frenzymath/Poincare-Conjecture/formalized-sources/MorganTian/.lake/build/lib/lean:/data/home/guoshaoyang/workdir/lean_poincare/longrun/worktrees/D13-upstream-api-inventory-3602/third_party/frenzymath/Poincare-Conjecture/formalized-sources/Petersen/.lake/build/lib/lean:/data/home/guoshaoyang/workdir/lean_poincare/longrun/worktrees/D13-upstream-api-inventory-3602/probes/.lake/build/lib/lean /data/home/guoshaoyang/workdir/lean_poincare/longrun/worktrees/D13-upstream-api-inventory-3602/.elan-home/toolchains/leanprover--lean4---v4.32.1/bin/lean /data/home/guoshaoyang/workdir/lean_poincare/longrun/worktrees/D13-upstream-api-inventory-3602/probes/D13Probes/EllipticProbe.lean -o /data/home/guoshaoyang/workdir/lean_poincare/longrun/worktrees/D13-upstream-api-inventory-3602/probes/.lake/build/lib/lean/D13Probes/EllipticProbe.olean -i /data/home/guoshaoyang/workdir/lean_poincare/longrun/worktrees/D13-upstream-api-inventory-3602/probes/.lake/build/lib/lean/D13Probes/EllipticProbe.ilean -c /data/home/guoshaoyang/workdir/lean_poincare/longrun/worktrees/D13-upstream-api-inventory-3602/probes/.lake/build/ir/D13Probes/EllipticProbe.c --setup /data/home/guoshaoyang/workdir/lean_poincare/longrun/worktrees/D13-upstream-api-inventory-3602/probes/.lake/build/ir/D13Probes/EllipticProbe.setup.json --json
error: D13Probes/EllipticProbe.lean:10:0: unknown module prefix 'GilbargTrudinger'

No directory 'GilbargTrudinger' or file 'GilbargTrudinger.olean' in the search path entries:
/data/home/guoshaoyang/workdir/lean_poincare/longrun/worktrees/D13-upstream-api-inventory-3602/probes/.lake/packages/Cli/.lake/build/lib/lean
/data/home/guoshaoyang/workdir/lean_poincare/longrun/worktrees/D13-upstream-api-inventory-3602/probes/.lake/packages/batteries/.lake/build/lib/lean
/data/home/guoshaoyang/workdir/lean_poincare/longrun/worktrees/D13-upstream-api-inventory-3602/probes/.lake/packages/Qq/.lake/build/lib/lean
/data/home/guoshaoyang/workdir/lean_poincare/longrun/worktrees/D13-upstream-api-inventory-3602/probes/.lake/packages/aesop/.lake/build/lib/lean
/data/home/guoshaoyang/workdir/lean_poincare/longrun/worktrees/D13-upstream-api-inventory-3602/probes/.lake/packages/proofwidgets/.lake/build/lib/lean
/data/home/guoshaoyang/workdir/lean_poincare/longrun/worktrees/D13-upstream-api-inventory-3602/probes/.lake/packages/importGraph/.lake/build/lib/lean
/data/home/guoshaoyang/workdir/lean_poincare/longrun/worktrees/D13-upstream-api-inventory-3602/probes/.lake/packages/LeanSearchClient/.lake/build/lib/lean
/data/home/guoshaoyang/workdir/lean_poincare/longrun/worktrees/D13-upstream-api-inventory-3602/probes/.lake/packages/plausible/.lake/build/lib/lean
/data/home/guoshaoyang/workdir/lean_poincare/longrun/worktrees/D13-upstream-api-inventory-3602/probes/.lake/packages/mathlib/.lake/build/lib/lean
/data/home/guoshaoyang/workdir/lean_poincare/longrun/worktrees/D13-upstream-api-inventory-3602/third_party/frenzymath/Poincare-Conjecture/shared/.lake/build/lib/lean
/data/home/guoshaoyang/workdir/lean_poincare/longrun/worktrees/D13-upstream-api-inventory-3602/third_party/frenzymath/Poincare-Conjecture/formalized-sources/DoCarmo/.lake/build/lib/lean
/data/home/guoshaoyang/workdir/lean_poincare/longrun/worktrees/D13-upstream-api-inventory-3602/third_party/frenzymath/Poincare-Conjecture/formalized-sources/Evans/.lake/build/lib/lean
/data/home/guoshaoyang/workdir/lean_poincare/longrun/worktrees/D13-upstream-api-inventory-3602/third_party/frenzymath/Poincare-Conjecture/formalized-sources/Hatcher/.lake/build/lib/lean
/data/home/guoshaoyang/workdir/lean_poincare/longrun/worktrees/D13-upstream-api-inventory-3602/third_party/frenzymath/Poincare-Conjecture/formalized-sources/MorganTian/.lake/build/lib/lean
/data/home/guoshaoyang/workdir/lean_poincare/longrun/worktrees/D13-upstream-api-inventory-3602/third_party/frenzymath/Poincare-Conjecture/formalized-sources/Petersen/.lake/build/lib/lean
/data/home/guoshaoyang/workdir/lean_poincare/longrun/worktrees/D13-upstream-api-inventory-3602/probes/.lake/build/lib/lean
/data/home/guoshaoyang/workdir/lean_poincare/longrun/worktrees/D13-upstream-api-inventory-3602/.elan-home/toolchains/leanprover--lean4---v4.32.1/lib/lean
error: Lean exited with code 1
Some required targets logged failures:
- D13Probes.EllipticProbe
error: build failed
