ℹ [8879/8880] Replayed Poincare.Longrun.PDE.HeatGrid
info: Poincare/Longrun/PDE/HeatGrid.lean:118:0: 'Poincare.Longrun.PDE.zeroExtend' depends on axioms: [propext, Classical.choice, Quot.sound]
info: Poincare/Longrun/PDE/HeatGrid.lean:119:0: 'Poincare.Longrun.PDE.discreteLaplacian' depends on axioms: [propext, Classical.choice, Quot.sound]
info: Poincare/Longrun/PDE/HeatGrid.lean:120:0: 'Poincare.Longrun.PDE.heatStep' depends on axioms: [propext, Classical.choice, Quot.sound]
info: Poincare/Longrun/PDE/HeatGrid.lean:121:0: 'Poincare.Longrun.PDE.HeatGridEvolution' depends on axioms: [propext, Classical.choice, Quot.sound]
info: Poincare/Longrun/PDE/HeatGrid.lean:122:0: 'Poincare.Longrun.PDE.heatStep_eq_discreteLaplacian' depends on axioms: [propext, Classical.choice, Quot.sound]
info: Poincare/Longrun/PDE/HeatGrid.lean:123:0: 'Poincare.Longrun.PDE.HeatGridEvolution.step_eq_discreteLaplacian' depends on axioms: [propext,
 Classical.choice,
 Quot.sound]
info: Poincare/Longrun/PDE/HeatGrid.lean:124:0: 'Poincare.Longrun.PDE.HeatGridEvolution.step_eq_heatStep' depends on axioms: [propext, Classical.choice, Quot.sound]
info: Poincare/Longrun/PDE/HeatGrid.lean:125:0: 'Poincare.Longrun.PDE.HeatGridEvolution.step_eq_convex' depends on axioms: [propext, Classical.choice, Quot.sound]
ℹ [8880/8880] Built Poincare.Longrun.PDE.DiscreteMaximumPrinciple (5.7s)
info: Poincare/Longrun/PDE/DiscreteMaximumPrinciple.lean:190:0: 'Poincare.Longrun.PDE.zeroExtend_le' depends on axioms: [propext, Classical.choice, Quot.sound]
info: Poincare/Longrun/PDE/DiscreteMaximumPrinciple.lean:191:0: 'Poincare.Longrun.PDE.heatStep_le' depends on axioms: [propext, Classical.choice, Quot.sound]
info: Poincare/Longrun/PDE/DiscreteMaximumPrinciple.lean:192:0: 'Poincare.Longrun.PDE.HeatGridEvolution.succ_le' depends on axioms: [propext, Classical.choice, Quot.sound]
info: Poincare/Longrun/PDE/DiscreteMaximumPrinciple.lean:193:0: 'Poincare.Longrun.PDE.HeatGridEvolution.le_of_initial_le' depends on axioms: [propext, Classical.choice, Quot.sound]
info: Poincare/Longrun/PDE/DiscreteMaximumPrinciple.lean:194:0: 'Poincare.Longrun.PDE.HeatGridEvolution.le_sup'_initial' depends on axioms: [propext, Classical.choice, Quot.sound]
info: Poincare/Longrun/PDE/DiscreteMaximumPrinciple.lean:195:0: 'Poincare.Longrun.PDE.strict_grid_max_principle_max' depends on axioms: [propext, Classical.choice, Quot.sound]
info: Poincare/Longrun/PDE/DiscreteMaximumPrinciple.lean:196:0: 'Poincare.Longrun.PDE.strict_grid_max_principle' depends on axioms: [propext, Classical.choice, Quot.sound]
Build completed successfully (8880 jobs).
