release/Poincare/D11/SpectralTorus/Parseval.lean:33:17: error: Function expected at
  MeasureSpace
but this term has type
  ?m.1

Note: Expected a function because this term is being applied to the argument
  UnitAddCircle

Hint: The identifier `MeasureSpace` is unknown, and Lean's `autoImplicit` option causes an unknown identifier to be treated as an implicitly bound variable with an unknown type. However, the unknown type cannot be a function, and a function is what Lean expects here. This is often the result of a typo or a missing `import` or `open` statement.
release/Poincare/D11/SpectralTorus/Parseval.lean:35:17: error(lean.unknownIdentifier): Unknown identifier `Measure.IsAddHaarMeasure`
release/Poincare/D11/SpectralTorus/Parseval.lean:36:19: error(lean.unknownIdentifier): Unknown identifier `Measure.IsAddHaarMeasure`
release/Poincare/D11/SpectralTorus/Parseval.lean:38:17: error: Function expected at
  IsProbabilityMeasure
but this term has type
  ?m.1

Note: Expected a function because this term is being applied to the argument
  (volume : Measure UnitAddCircle)

Hint: The identifier `IsProbabilityMeasure` is unknown, and Lean's `autoImplicit` option causes an unknown identifier to be treated as an implicitly bound variable with an unknown type. However, the unknown type cannot be a function, and a function is what Lean expects here. This is often the result of a typo or a missing `import` or `open` statement.
release/Poincare/D11/SpectralTorus/Parseval.lean:39:19: error: Function expected at
  IsProbabilityMeasure
but this term has type
  x✝

Note: Expected a function because this term is being applied to the argument
  AddCircle.haarAddCircle
release/Poincare/D11/SpectralTorus/Parseval.lean:56:35: error: Function expected at
  Lp
but this term has type
  ?m.2

Note: Expected a function because this term is being applied to the argument
  ℂ

Hint: The identifier `Lp` is unknown, and Lean's `autoImplicit` option causes an unknown identifier to be treated as an implicitly bound variable with an unknown type. However, the unknown type cannot be a function, and a function is what Lean expects here. This is often the result of a typo or a missing `import` or `open` statement.
release/Poincare/D11/SpectralTorus/Parseval.lean:63:6: error: Failed to rewrite using equation theorems for `trigPolyL2`
release/Poincare/D11/SpectralTorus/Parseval.lean:63:6: warning: declaration uses `sorry`
release/Poincare/D11/SpectralTorus/Parseval.lean:72:8: warning: declaration uses `sorry`
release/Poincare/D11/SpectralTorus/Parseval.lean:74:2: warning: Unused tactic linter: `rw [← inner_self_eq_norm_sq]` does nothing

Note: This linter can be disabled with `set_option linter.unusedTactic false`
release/Poincare/D11/SpectralTorus/Parseval.lean:75:2: warning: Unused tactic linter: `rw [trigPolyL2_inner_self]` does nothing

Note: This linter can be disabled with `set_option linter.unusedTactic false`
release/Poincare/D11/SpectralTorus/Parseval.lean:76:2: warning: Unused tactic linter: `rw [map_sum]` does nothing

Note: This linter can be disabled with `set_option linter.unusedTactic false`
release/Poincare/D11/SpectralTorus/Parseval.lean:77:2: warning: Unused tactic linter: `refine Finset.sum_congr rfl (fun k _ => ?_)` does nothing

Note: This linter can be disabled with `set_option linter.unusedTactic false`
release/Poincare/D11/SpectralTorus/Parseval.lean:78:2: warning: Unused tactic linter: `rw [Complex.ofReal_re]` does nothing

Note: This linter can be disabled with `set_option linter.unusedTactic false`
release/Poincare/D11/SpectralTorus/Parseval.lean:79:2: warning: Unused tactic linter: `rw [Complex.normSq_eq_norm_sq]` does nothing

Note: This linter can be disabled with `set_option linter.unusedTactic false`
release/Poincare/D11/SpectralTorus/Parseval.lean:75:2: warning: this tactic is never executed

Note: This linter can be disabled with `set_option linter.unreachableTactic false`
release/Poincare/D11/SpectralTorus/Parseval.lean:76:2: warning: this tactic is never executed

Note: This linter can be disabled with `set_option linter.unreachableTactic false`
release/Poincare/D11/SpectralTorus/Parseval.lean:77:2: warning: this tactic is never executed

Note: This linter can be disabled with `set_option linter.unreachableTactic false`
release/Poincare/D11/SpectralTorus/Parseval.lean:78:2: warning: this tactic is never executed

Note: This linter can be disabled with `set_option linter.unreachableTactic false`
release/Poincare/D11/SpectralTorus/Parseval.lean:79:2: warning: this tactic is never executed

Note: This linter can be disabled with `set_option linter.unreachableTactic false`
release/Poincare/D11/SpectralTorus/Parseval.lean:88:9: error(lean.unknownIdentifier): Unknown identifier `volume`
release/Poincare/D11/SpectralTorus/Parseval.lean:83:73: error: unsolved goals
n : ℕ
k : Fin n → ℤ
hik : ∫ (a : UnitAddTorus (Fin n)), inner ℂ (↑↑(mFourierLp 2 0) a) (↑↑(mFourierLp 2 k) a) = if 0 = k then 1 else 0
⊢ ∫ (t : UnitAddTorus (Fin n)), (mFourier k) t = if k = 0 then 1 else 0
release/Poincare/D11/SpectralTorus/Parseval.lean:103:6: error: Tactic `rewrite` failed: Did not find an occurrence of the pattern
  (trigPoly ?c) ?t
in the target expression
  ∫ (t : UnitAddTorus (Fin n)), (trigPoly c) t = c 0

n : ℕ
c : trigCoeff n
⊢ ∫ (t : UnitAddTorus (Fin n)), (trigPoly c) t = c 0
