release/Poincare/D11/SpectralTorus/Parseval.lean:76:6: error: Tactic `rewrite` failed: Did not find an occurrence of the pattern
  inner ?m.85 (?r • ?x) ?y
in the target expression
  inner ℂ (∑ k ∈ c.support, c k • mFourierLp 2 k) (c k • mFourierLp 2 k) = ↑(Complex.normSq (c k))

n : ℕ
c : trigCoeff n
hx : (Finsupp.linearCombination ℂ (mFourierLp 2)) c = ∑ k ∈ c.support, c k • mFourierLp 2 k
k : Fin n → ℤ
x✝ : k ∈ c.support
⊢ inner ℂ (∑ k ∈ c.support, c k • mFourierLp 2 k) (c k • mFourierLp 2 k) = ↑(Complex.normSq (c k))
release/Poincare/D11/SpectralTorus/Parseval.lean:87:6: error: Tactic `rewrite` failed: Did not find an occurrence of the pattern
  RCLike.re (∑ k ∈ c.support, ?m.75)
in the target expression
  RCLike.re (∑ k ∈ c.support, ↑(Complex.normSq (c k))) = ∑ k ∈ c.support, ‖c k‖ ^ 2

n : ℕ
c : trigCoeff n
⊢ RCLike.re (∑ k ∈ c.support, ↑(Complex.normSq (c k))) = ∑ k ∈ c.support, ‖c k‖ ^ 2
release/Poincare/D11/SpectralTorus/Parseval.lean:105:35: warning: This simp argument is unused:
  Pi.zero_apply

Hint: Omit it from the simp argument list.
  [apply] simp only [RCLike.inner_apply, UnitAddTorus.mFourier_zero, ContinuousMap.one_apply, map_one, mul_one]

Note: This linter can be disabled with `set_option linter.unusedSimpArgs false`
release/Poincare/D11/SpectralTorus/Parseval.lean:114:6: warning: `MeasureTheory.integral_finset_sum` has been deprecated: Use `MeasureTheory.integral_finsetSum` instead
