release/Poincare/D11/SpectralTorus/Parseval.lean:64:6: error: Tactic `rewrite` failed: Did not find an occurrence of the pattern
  inner ?m.30 ?x (∑ i ∈ ?s, ?f i)
in the target expression
  inner ℂ (Finsupp.sum c fun i a => a • mFourierLp 2 i) (Finsupp.sum c fun i a => a • mFourierLp 2 i) =
    ∑ k ∈ c.support, ↑(Complex.normSq (c k))

n : ℕ
c : trigCoeff n
⊢ inner ℂ (Finsupp.sum c fun i a => a • mFourierLp 2 i) (Finsupp.sum c fun i a => a • mFourierLp 2 i) =
    ∑ k ∈ c.support, ↑(Complex.normSq (c k))
release/Poincare/D11/SpectralTorus/Parseval.lean:79:6: error: Tactic `rewrite` failed: Did not find an occurrence of the pattern
  (↑?r).re
in the target expression
  RCLike.re ↑(Complex.normSq (c k)) = ‖c k‖ ^ 2

n : ℕ
c : trigCoeff n
k : Fin n → ℤ
x✝ : k ∈ c.support
⊢ RCLike.re ↑(Complex.normSq (c k)) = ‖c k‖ ^ 2
release/Poincare/D11/SpectralTorus/Parseval.lean:96:2: error: Type mismatch: After simplification, term
  hik
 has type
  ∫ (a : UnitAddTorus (Fin n)), (mFourier k) a = if 0 = k then 1 else 0
but is expected to have type
  ∫ (t : UnitAddTorus (Fin n)), (mFourier k) t = if k = 0 then 1 else 0
release/Poincare/D11/SpectralTorus/Parseval.lean:93:35: warning: This simp argument is unused:
  Pi.zero_apply

Hint: Omit it from the simp argument list.
  [apply] simp only [RCLike.inner_apply, UnitAddTorus.mFourier_zero, ContinuousMap.one_apply, map_one, mul_one]

Note: This linter can be disabled with `set_option linter.unusedSimpArgs false`
release/Poincare/D11/SpectralTorus/Parseval.lean:102:6: warning: `MeasureTheory.integral_finset_sum` has been deprecated: Use `MeasureTheory.integral_finsetSum` instead
release/Poincare/D11/SpectralTorus/Parseval.lean:115:16: warning: try 'simp' instead of 'simpa'

Note: This linter can be disabled with `set_option linter.unnecessarySimpa false`
release/Poincare/D11/SpectralTorus/Parseval.lean:118:14: error: unsolved goals
case pos.h₁
n : ℕ
c : trigCoeff n
h0 : 0 ∈ c.support
hne : c 0 = 0
⊢ (c 0 * if 0 = 0 then 1 else 0) = 0
release/Poincare/D11/SpectralTorus/Parseval.lean:122:22: error(lean.unknownIdentifier): Unknown constant `Finsupp.not_mem_support_iff.mp`
release/Poincare/D11/SpectralTorus/Parseval.lean:125:16: error: unsolved goals
case pos
n : ℕ
c : trigCoeff n
h0 : 0 ∉ c.support
k : Fin n → ℤ
hk0 : k = 0
hk : ¬c 0 = 0
⊢ c 0 = 0
release/Poincare/D11/SpectralTorus/Parseval.lean:128:58: error(lean.invalidField): Invalid field `integrable`: The environment does not contain `Continuous.integrable`, so it is not possible to project the field `integrable` from an expression
  Continuous.smul continuous_const (ContinuousMap.continuous (mFourier k))
of type
  Continuous ((fun x => ?m.237) • ⇑(mFourier k))
