release/Poincare/D11/SpectralTorus/Poincare.lean:53:10: error: No goals to be solved
release/Poincare/D11/SpectralTorus/Poincare.lean:55:4: error: unsolved goals
case pos
n : ℕ
s : Finset (Fin n → ℤ)
c : (Fin n → ℤ) → ℂ
hv : Orthonormal ℂ (mFourierLp 2)
j : Fin n → ℤ
hj : j ∈ s
⊢ c j * ↑‖mFourierLp 2 j‖ ^ 2 = c j

case neg
n : ℕ
s : Finset (Fin n → ℤ)
c : (Fin n → ℤ) → ℂ
hv : Orthonormal ℂ (mFourierLp 2)
j : Fin n → ℤ
hj : j ∉ s
⊢ c j = 0 ∨ mFourierLp 2 j = 0
release/Poincare/D11/SpectralTorus/Poincare.lean:56:4: error: unsolved goals
case h₀
n : ℕ
s : Finset (Fin n → ℤ)
c : (Fin n → ℤ) → ℂ
hv : Orthonormal ℂ (mFourierLp 2)
j k : Fin n → ℤ
a✝ : k ∈ s
hkj : k ≠ j
⊢ c k = 0 ∨ inner ℂ (mFourierLp 2 j) (mFourierLp 2 k) = 0
release/Poincare/D11/SpectralTorus/Poincare.lean:58:4: error: unsolved goals
case h₁
n : ℕ
s : Finset (Fin n → ℤ)
c : (Fin n → ℤ) → ℂ
hv : Orthonormal ℂ (mFourierLp 2)
j : Fin n → ℤ
hj : j ∉ s
⊢ c j = 0 ∨ mFourierLp 2 j = 0
release/Poincare/D11/SpectralTorus/Poincare.lean:70:17: warning: `if_true` has been deprecated: Use `ite_true` instead
release/Poincare/D11/SpectralTorus/Poincare.lean:71:33: error: Tactic `rewrite` failed: Did not find an occurrence of the pattern
  (↑?r).re
in the target expression
  (↑‖c k‖ ^ 2).re = ‖c k‖ ^ 2

n : ℕ
s : Finset (Fin n → ℤ)
c : (Fin n → ℤ) → ℂ
hv : Orthonormal ℂ (mFourierLp 2)
hinner : ∀ (j : Fin n → ℤ), inner ℂ (mFourierLp 2 j) (∑ k ∈ s, c k • mFourierLp 2 k) = if j ∈ s then c j else 0
k : Fin n → ℤ
hk : k ∈ s
⊢ (↑‖c k‖ ^ 2).re = ‖c k‖ ^ 2
release/Poincare/D11/SpectralTorus/Poincare.lean:57:12: warning: This simp argument is unused:
  hkj

Hint: Omit it from the simp argument list.
  [apply] simp

Note: This linter can be disabled with `set_option linter.unusedSimpArgs false`
release/Poincare/D11/SpectralTorus/Poincare.lean:59:12: warning: This simp argument is unused:
  hj

Hint: Omit it from the simp argument list.
  [apply] simp

Note: This linter can be disabled with `set_option linter.unusedSimpArgs false`
release/Poincare/D11/SpectralTorus/Poincare.lean:76:34: error: Tactic `rewrite` failed: Did not find an occurrence of the pattern
  ‖↑?a‖
in the target expression
  ‖2‖ * Real.pi * 1 = 2 * Real.pi

⊢ ‖2‖ * Real.pi * 1 = 2 * Real.pi
release/Poincare/D11/SpectralTorus/Poincare.lean:88:2: error: 'change' tactic failed, pattern
  dirDeriv (fourierMode k) (fun j => circleRep (t j)) i = ?m.25
is not definitionally equal to target
  (fderiv ℝ (fun x => (mFourier k) (torusQuot x)) fun j => circleRep (t j)) (stdVec i) =
    twoPiI * ↑(k i) * (mFourier k) t
release/Poincare/D11/SpectralTorus/Poincare.lean:111:6: error(lean.unknownIdentifier): Unknown identifier `fderiv_finset_sum`
release/Poincare/D11/SpectralTorus/Poincare.lean:103:68: error: unsolved goals
n : ℕ
c : trigCoeff n
i : Fin n
t : UnitAddTorus (Fin n)
hlift : (fun x => (trigPoly c) (torusQuot x)) = fun x => ∑ k ∈ c.support, c k • fourierMode k x
rep : Fin n → ℝ := fun j => circleRep (t j)
⊢ (fderiv ℝ (fun x => ∑ k ∈ c.support, c k • fourierMode k x) fun j => circleRep (t j)) (stdVec i) =
    ∑ k ∈ c.support, (twoPiI * ↑(k i) * c k) • (mFourier k) t
release/Poincare/D11/SpectralTorus/Poincare.lean:133:39: error: Tactic `rewrite` failed: Did not find an occurrence of the pattern
  ‖↑?r‖
in the target expression
  (2 * Real.pi * ‖↑(k i)‖ * ‖c k‖) ^ 2 = 4 * Real.pi ^ 2 * ↑(k i) ^ 2 * ‖c k‖ ^ 2

n : ℕ
c : trigCoeff n
i : Fin n
k : Fin n → ℤ
hk : k ∈ c.support
⊢ (2 * Real.pi * ‖↑(k i)‖ * ‖c k‖) ^ 2 = 4 * Real.pi ^ 2 * ↑(k i) ^ 2 * ‖c k‖ ^ 2
release/Poincare/D11/SpectralTorus/Poincare.lean:152:12: error: No goals to be solved
