HasSum.nat_add_neg_add_one.{u_1} {M : Type u_1} [AddCommMonoid M] [TopologicalSpace M] {m : M} {f : ℤ → M}
  (hf : HasSum f m) : HasSum (fun n => f ↑n + f (-(↑n + 1))) m
Summable.nat_add_neg_add_one.{u_1} {M : Type u_1} [AddCommMonoid M] [TopologicalSpace M] {f : ℤ → M} (hf : Summable f) :
  Summable fun n => f ↑n + f (-(↑n + 1))
tsum_nat_add_neg_add_one.{u_1} {M : Type u_1} [AddCommMonoid M] [TopologicalSpace M] [T2Space M] {f : ℤ → M}
  (hf : Summable f) : ∑' (n : ℕ), (f ↑n + f (-(↑n + 1))) = ∑' (n : ℤ), f n
release/Poincare/D11/SpectralTorus/Probe10.lean:13:7: error(lean.unknownIdentifier): Unknown constant `Summable.of_nat_add_neg_add_one`
release/Poincare/D11/SpectralTorus/Probe10.lean:14:7: error(lean.unknownIdentifier): Unknown identifier `summable_nat_add_neg_add_one`
SummationFilter.{u_4} (β : Type u_4) : Type u_4
SummationFilter.LeAtTop.{u_2} {β : Type u_2} (L : SummationFilter β) : Prop
SummationFilter.unconditional.{u_2} (β : Type u_2) : SummationFilter β
release/Poincare/D11/SpectralTorus/Probe10.lean:19:7: error(lean.unknownIdentifier): Unknown constant `SummationFilter.leAtTop`
release/Poincare/D11/SpectralTorus/Probe10.lean:20:7: error(lean.unknownIdentifier): Unknown constant `SummationFilter.unconditional_leAtTop`
release/Poincare/D11/SpectralTorus/Probe10.lean:21:7: error(lean.unknownIdentifier): Unknown constant `SummationFilter.instSummationFilter`
release/Poincare/D11/SpectralTorus/Probe10.lean:22:7: error(lean.unknownIdentifier): Unknown constant `SummationFilter.sum_filter`
SummationFilter.instLeAtTopUnconditional (Fin 0 → ℤ)
SummationFilter.instLeAtTopUnconditional (Fin 3 → ℤ)
SummationFilter.instLeAtTopUnconditional ℕ
SummationFilter.instLeAtTopUnconditional ℤ
tsum_eq_single.{u_1, u_2} {α : Type u_1} {β : Type u_2} [AddCommMonoid α] [TopologicalSpace α] {L : SummationFilter β}
  [L.LeAtTop] {f : β → α} (b : β) (hf : ∀ (b' : β), b' ≠ b → f b' = 0) : ∑'[L] (b : β), f b = f b
tsum_const.{u_2, u_4} {β : Type u_2} {G : Type u_4} [TopologicalSpace G] [AddCommGroup G] [IsTopologicalAddGroup G]
  [T2Space G] (a : G) : ∑' (x : β), a = Nat.card β • a
release/Poincare/D11/SpectralTorus/Probe10.lean:31:7: error(lean.unknownIdentifier): Unknown identifier `tsum_punit`
hasSum_fintype.{u_1, u_2} {α : Type u_1} {β : Type u_2} [AddCommMonoid α] [TopologicalSpace α] [Fintype β] (f : β → α)
  (L : SummationFilter β := SummationFilter.unconditional β) [L.LeAtTop] : HasSum f (∑ b, f b) L
release/Poincare/D11/SpectralTorus/Probe10.lean:33:7: error(lean.unknownIdentifier): Unknown constant `Equiv.punitOfIsEmpty`
release/Poincare/D11/SpectralTorus/Probe10.lean:34:7: error(lean.unknownIdentifier): Unknown constant `Equiv.piOfIsEmpty`
Equiv.funUnique.{u, u_1} (α : Sort u) (β : Sort u_1) [Unique α] : (α → β) ≃ β
release/Poincare/D11/SpectralTorus/Probe10.lean:36:7: error(lean.unknownIdentifier): Unknown constant `Equiv.piSubsingleton`
release/Poincare/D11/SpectralTorus/Probe10.lean:37:7: error(lean.unknownIdentifier): Unknown constant `Equiv.uniqueOfSubsingleton`
release/Poincare/D11/SpectralTorus/Probe10.lean:38:7: error(lean.unknownIdentifier): Unknown identifier `tsum_unique`
release/Poincare/D11/SpectralTorus/Probe10.lean:39:7: error(lean.unknownIdentifier): Unknown identifier `tsum_subsingleton`
Fintype.univ_punit.{u_3} : Finset.univ = {PUnit.unit}
tsum_eq_sum.{u_1, u_2} {α : Type u_1} {β : Type u_2} [AddCommMonoid α] [TopologicalSpace α] {f : β → α}
  {L : SummationFilter β} [L.LeAtTop] {s : Finset β} (hf : ∀ b ∉ s, f b = 0) : ∑'[L] (b : β), f b = ∑ b ∈ s, f b
tsum_congr.{u_1, u_2} {α : Type u_1} {β : Type u_2} [AddCommMonoid α] [TopologicalSpace α] {L : SummationFilter β}
  {f g : β → α} (hfg : ∀ (b : β), f b = g b) : ∑'[L] (b : β), f b = ∑'[L] (b : β), g b
release/Poincare/D11/SpectralTorus/Probe10.lean:43:7: error(lean.unknownIdentifier): Unknown constant `ENNReal.tsum_congr`
tsum_eq_tsum_of_hasSum_iff_hasSum.{u_1, u_2, u_3} {α : Type u_1} {β : Type u_2} {γ : Type u_3} [AddCommMonoid α]
  [TopologicalSpace α] [T2Space α] {f : β → α} {g : γ → α} (h : ∀ {a : α}, HasSum f a ↔ HasSum g a) :
  ∑' (b : β), f b = ∑' (c : γ), g c
HasSum.unique.{u_1, u_2} {α : Type u_1} {β : Type u_2} [AddCommMonoid α] [TopologicalSpace α] {L : SummationFilter β}
  {f : β → α} [T2Space α] [L.NeBot] {a₁ a₂ : α} : HasSum f a₁ L → HasSum f a₂ L → a₁ = a₂
HasSum.summable.{u_1, u_2} {α : Type u_1} {β : Type u_2} [AddCommMonoid α] [TopologicalSpace α] {L : SummationFilter β}
  {f : β → α} {a : α} (h : HasSum f a L) : Summable f L
Summable.hasSum.{u_1, u_2} {α : Type u_1} {β : Type u_2} [AddCommMonoid α] [TopologicalSpace α] {L : SummationFilter β}
  {f : β → α} (ha : Summable f L) : HasSum f (∑'[L] (b : β), f b) L
release/Poincare/D11/SpectralTorus/Probe10.lean:48:7: error(lean.unknownIdentifier): Unknown identifier `tsum_eq_hasSum`
