MeasurableSpace.map_comp.{u_1, u_2, u_3} {α : Type u_1} {β : Type u_2} {γ : Type u_3} {m : MeasurableSpace α}
  {f : α → β} {g : β → γ} : MeasurableSpace.map g (MeasurableSpace.map f m) = MeasurableSpace.map (g ∘ f) m
MeasurableSpace.map_id.{u_1} {α : Type u_1} {m : MeasurableSpace α} : MeasurableSpace.map id m = m
MeasurableSpace.comap_comp.{u_1, u_2, u_3} {α : Type u_1} {β : Type u_2} {γ : Type u_3} {m : MeasurableSpace α}
  {f : β → α} {g : γ → β} : MeasurableSpace.comap g (MeasurableSpace.comap f m) = MeasurableSpace.comap (f ∘ g) m
MeasurableSpace.comap_id.{u_1} {α : Type u_1} {m : MeasurableSpace α} : MeasurableSpace.comap id m = m
release/Poincare/D11/SpectralTorus/Probe7.lean:15:7: error(lean.unknownIdentifier): Unknown constant `MeasurableSpace.map_map`
release/Poincare/D11/SpectralTorus/Probe7.lean:16:7: error(lean.unknownIdentifier): Unknown constant `MeasurableSpace.comap_comap`
release/Poincare/D11/SpectralTorus/Probe7.lean:17:7: error(lean.unknownIdentifier): Unknown constant `MeasurableSpace.measurable_iff_le_map`
Measurable.comp.{u_1, u_2, u_3} {α : Type u_1} {β : Type u_2} {γ : Type u_3} {x✝ : MeasurableSpace α}
  {x✝¹ : MeasurableSpace β} {x✝² : MeasurableSpace γ} {g : β → γ} {f : α → β} (hg : Measurable g) (hf : Measurable f) :
  Measurable (g ∘ f)
release/Poincare/D11/SpectralTorus/Probe7.lean:25:2: error: `dsimp` made no progress
release/Poincare/D11/SpectralTorus/Probe7.lean:30:2: error: `dsimp` made no progress
release/Poincare/D11/SpectralTorus/Probe7.lean:40:6: error: Tactic `rewrite` failed: Did not find an occurrence of the pattern
  torusFourier ?k ?t
in the target expression
  Measurable (torusFourier k)

n : ℕ
k : Fin n → ℤ
⊢ Measurable (torusFourier k)
release/Poincare/D11/SpectralTorus/Probe7.lean:50:4: error: `dsimp` made no progress
release/Poincare/D11/SpectralTorus/Probe7.lean:56:4: error: 'change' tactic failed, pattern
  MeasurableSpace.comap (torusToUnit n ∘ unitToTorus n) inferInstance ≤ inferInstance
is not definitionally equal to target
  MeasurableSpace.comap (unitToTorus n) (torusMeasurableSpace n) ≤ MeasurableSpace.pi
release/Poincare/D11/SpectralTorus/Probe7.lean:62:14: error: Application type mismatch: The argument
  torusToUnit n
has type
  Torus n → UnitAddTorus (Fin n)
but is expected to have type
  UnitAddTorus (Fin n) → Torus n
in the application
  Measure.map (torusToUnit n)
release/Poincare/D11/SpectralTorus/Probe7.lean:66:90: error: Application type mismatch: The argument
  x
has type
  UnitAddTorus (Fin n)
but is expected to have type
  Torus n
in the application
  torusToUnit n x
release/Poincare/D11/SpectralTorus/Probe7.lean:68:52: error: Application type mismatch: The argument
  f
has type
  Torus n → G
but is expected to have type
  UnitAddTorus (Fin n) → ?m.19
in the application
  integral_map_equiv (torusMeasurableEquiv n) f
release/Poincare/D11/SpectralTorus/Probe7.lean:67:6: warning: declaration uses `sorry`
release/Poincare/D11/SpectralTorus/Probe7.lean:71:59: error: unsolved goals
n : ℕ
⊢ (sorry n) Set.univ = 1
release/Poincare/D11/SpectralTorus/Probe7.lean:73:8: warning: declaration uses `sorry`
