MeasureTheory.lintegral_count.{u_1} {α : Type u_1} [MeasurableSpace α] [MeasurableSingletonClass α] (f : α → ℝ≥0∞) :
  ∫⁻ (a : α), f a ∂Measure.count = ∑' (a : α), f a
release/Poincare/D11/SpectralTorus/Probe8.lean:16:7: error(lean.unknownIdentifier): Unknown identifier `lintegral_pi`
MeasureTheory.lintegral_prod.{u_1, u_2} {α : Type u_1} {β : Type u_2} [MeasurableSpace α] [MeasurableSpace β]
  {μ : Measure α} {ν : Measure β} [SFinite ν] (f : α × β → ℝ≥0∞) (hf : AEMeasurable f (μ.prod ν)) :
  ∫⁻ (z : α × β), f z ∂μ.prod ν = ∫⁻ (x : α), ∫⁻ (y : β), f (x, y) ∂ν ∂μ
MeasureTheory.lintegral_congr.{u_1} {α : Type u_1} {m : MeasurableSpace α} {μ : Measure α} {f g : α → ℝ≥0∞}
  (h : ∀ (a : α), f a = g a) : ∫⁻ (a : α), f a ∂μ = ∫⁻ (a : α), g a ∂μ
MeasureTheory.lintegral_const_mul.{u_1} {α : Type u_1} {m : MeasurableSpace α} {μ : Measure α} (r : ℝ≥0∞) {f : α → ℝ≥0∞}
  (hf : Measurable f) : ∫⁻ (a : α), r * f a ∂μ = r * ∫⁻ (a : α), f a ∂μ
MeasureTheory.lintegral_mul_const.{u_1} {α : Type u_1} {m : MeasurableSpace α} {μ : Measure α} (r : ℝ≥0∞) {f : α → ℝ≥0∞}
  (hf : Measurable f) : ∫⁻ (a : α), f a * r ∂μ = (∫⁻ (a : α), f a ∂μ) * r
release/Poincare/D11/SpectralTorus/Probe8.lean:21:7: error(lean.unknownIdentifier): Unknown identifier `lintegral_mul`
MeasureTheory.lintegral_finset_sum.{u_1, u_2} {α : Type u_1} {β : Type u_2} {m : MeasurableSpace α} {μ : Measure α}
  (s : Finset β) {f : β → α → ℝ≥0∞} (hf : ∀ b ∈ s, Measurable (f b)) :
  ∫⁻ (a : α), ∑ b ∈ s, f b a ∂μ = ∑ b ∈ s, ∫⁻ (a : α), f b a ∂μ
NNReal.summable_coe.{u_2} {α : Type u_2} {L : SummationFilter α} {f : α → NNReal} :
  Summable (fun a => ↑(f a)) L ↔ Summable f L
NNReal.coe_tsum.{u_2} {α : Type u_2} {L : SummationFilter α} {f : α → NNReal} :
  ↑(∑'[L] (a : α), f a) = ∑'[L] (a : α), ↑(f a)
release/Poincare/D11/SpectralTorus/Probe8.lean:25:7: error(lean.unknownIdentifier): Unknown constant `NNReal.tsum_coe_eq`
release/Poincare/D11/SpectralTorus/Probe8.lean:26:7: error(lean.unknownIdentifier): Unknown identifier `summable_coe`
tsum_eq_single.{u_1, u_2} {α : Type u_1} {β : Type u_2} [AddCommMonoid α] [TopologicalSpace α] {L : SummationFilter β}
  [L.LeAtTop] {f : β → α} (b : β) (hf : ∀ (b' : β), b' ≠ b → f b' = 0) : ∑'[L] (b : β), f b = f b
release/Poincare/D11/SpectralTorus/Probe8.lean:28:7: error(lean.unknownIdentifier): Unknown identifier `tsum_eq_single'`
release/Poincare/D11/SpectralTorus/Probe8.lean:29:7: error(lean.unknownIdentifier): Unknown identifier `tsum_lt_top`
release/Poincare/D11/SpectralTorus/Probe8.lean:30:7: error(lean.unknownIdentifier): Unknown constant `ENNReal.tsum_lt_top`
lt_top_iff_ne_top.{u} {α : Type u} [PartialOrder α] [OrderTop α] {a : α} : a < ⊤ ↔ a ≠ ⊤
release/Poincare/D11/SpectralTorus/Probe8.lean:32:7: error(lean.unknownIdentifier): Unknown identifier `mul_lt_top`
release/Poincare/D11/SpectralTorus/Probe8.lean:33:7: error(lean.unknownIdentifier): Unknown identifier `mul_lt_top_iff`
release/Poincare/D11/SpectralTorus/Probe8.lean:34:7: error(lean.unknownIdentifier): Unknown identifier `add_lt_top`
ENNReal.coe_lt_top {r : NNReal} : ↑r < ∞
ENNReal.coe_ne_top {r : NNReal} : ↑r ≠ ∞
release/Poincare/D11/SpectralTorus/Probe8.lean:37:7: error(lean.unknownIdentifier): Unknown identifier `summable_of_fintype`
release/Poincare/D11/SpectralTorus/Probe8.lean:38:7: error(lean.unknownIdentifier): Unknown constant `Summable.of_fintype`
hasSum_fintype.{u_1, u_2} {α : Type u_1} {β : Type u_2} [AddCommMonoid α] [TopologicalSpace α] [Fintype β] (f : β → α)
  (L : SummationFilter β := SummationFilter.unconditional β) [L.LeAtTop] : HasSum f (∑ b, f b) L
release/Poincare/D11/SpectralTorus/Probe8.lean:40:7: error(lean.unknownIdentifier): Unknown identifier `summable_fintype_iff`
release/Poincare/D11/SpectralTorus/Probe8.lean:41:7: error(lean.unknownIdentifier): Unknown constant `Fintype.sum_eq_sum_toFinset`
Equiv.tsum_eq.{u_1, u_2, u_3} {α : Type u_1} {β : Type u_2} {γ : Type u_3} [AddCommMonoid α] [TopologicalSpace α]
  (e : γ ≃ β) (f : β → α) : ∑' (c : γ), f (e c) = ∑' (b : β), f b
Equiv.summable_iff.{u_1, u_2, u_3} {α : Type u_1} {β : Type u_2} {γ : Type u_3} [AddCommMonoid α] [TopologicalSpace α]
  {f : β → α} (e : γ ≃ β) : Summable (f ∘ ⇑e) ↔ Summable f
Summable.subtype.{u_1, u_2} {α : Type u_1} {β : Type u_2} [UniformSpace α] [AddCommGroup α] [IsUniformAddGroup α]
  {f : β → α} [CompleteSpace α] (hf : Summable f) (p : β → Prop) : Summable (f ∘ Subtype.val)
release/Poincare/D11/SpectralTorus/Probe8.lean:45:7: error(lean.unknownIdentifier): Unknown identifier `summable_subtype_and_restrict`
tsum_subtype.{u_1, u_2} {α : Type u_1} {β : Type u_2} [AddCommMonoid α] [TopologicalSpace α] (s : Set β) (f : β → α) :
  ∑' (x : ↑s), f ↑x = ∑' (x : β), s.indicator f x
Summable.neg.{u_1, u_2} {α : Type u_1} {β : Type u_2} {L : SummationFilter β} [AddCommGroup α] [TopologicalSpace α]
  [IsTopologicalAddGroup α] {f : β → α} (hf : Summable f L) : Summable (fun b => -f b) L
Summable.add.{u_1, u_2} {α : Type u_1} {β : Type u_2} [AddCommMonoid α] [TopologicalSpace α] {f g : β → α}
  {L : SummationFilter β} [ContinuousAdd α] (hf : Summable f L) (hg : Summable g L) : Summable (fun b => f b + g b) L
release/Poincare/D11/SpectralTorus/Probe8.lean:49:7: error(lean.unknownIdentifier): Unknown constant `Summable.mul`
release/Poincare/D11/SpectralTorus/Probe8.lean:50:7: error(lean.unknownIdentifier): Unknown constant `Summable.of_mul_left`
release/Poincare/D11/SpectralTorus/Probe8.lean:51:7: error(lean.unknownIdentifier): Unknown constant `Summable.of_mul_right`
release/Poincare/D11/SpectralTorus/Probe8.lean:52:7: error(lean.unknownIdentifier): Unknown identifier `summable_pi`
Summable.of_nonneg_of_le.{u_2} {β : Type u_2} {f g : β → ℝ} (hg : ∀ (b : β), 0 ≤ g b) (hgf : ∀ (b : β), g b ≤ f b)
  (hf : Summable f) : Summable g
ENNReal.tsum_le_tsum.{u_1} {α : Type u_1} {f g : α → ℝ≥0∞} (h : ∀ (a : α), f a ≤ g a) :
  ∑' (a : α), f a ≤ ∑' (a : α), g a
ENNReal.tsum_eq_add_tsum_ite.{u_2} {β : Type u_2} {f : β → ℝ≥0∞} (b : β) :
  ∑' (x : β), f x = f b + ∑' (x : β), if x = b then 0 else f x
release/Poincare/D11/SpectralTorus/Probe8.lean:56:7: error(lean.unknownIdentifier): Unknown constant `ENNReal.tsum_congr`
release/Poincare/D11/SpectralTorus/Probe8.lean:57:7: error(lean.unknownIdentifier): Unknown constant `MeasureTheory.Measure.pi_apply`
MeasureTheory.Measure.count_apply.{u_1} {α : Type u_1} [MeasurableSpace α] {s : Set α} (hs : MeasurableSet s) :
  Measure.count s = ↑s.encard
MeasureTheory.Measure.count.{u_1} {α : Type u_1} [MeasurableSpace α] : Measure α
release/Poincare/D11/SpectralTorus/Probe8.lean:60:7: error(lean.unknownIdentifier): Unknown constant `MeasureTheory.Measure.pi_count`
release/Poincare/D11/SpectralTorus/Probe8.lean:61:7: error(lean.unknownIdentifier): Unknown constant `MeasureTheory.Measure.count_eq`
release/Poincare/D11/SpectralTorus/Probe8.lean:62:7: error(lean.unknownIdentifier): Unknown constant `MeasureTheory.Measure.isSigmaFinite_count`
ENNReal.coe_one : ↑1 = 1
ENNReal.coe_natCast (n : ℕ) : ↑↑n = ↑n
Real.toNNReal_of_nonneg {r : ℝ} (hr : 0 ≤ r) : r.toNNReal = NNReal.mk r hr
Real.coe_toNNReal (r : ℝ) (hr : 0 ≤ r) : ↑r.toNNReal = r
NNReal.coe_le_coe {r₁ r₂ : NNReal} : ↑r₁ ≤ ↑r₂ ↔ r₁ ≤ r₂
NNReal.coe_mul (r₁ r₂ : NNReal) : ↑(r₁ * r₂) = ↑r₁ * ↑r₂
NNReal.coe_pow (r : NNReal) (n : ℕ) : ↑(r ^ n) = ↑r ^ n
NNReal.coe_rpow (x : NNReal) (y : ℝ) : ↑(x ^ y) = ↑x ^ y
NNReal.rpow (x : NNReal) (y : ℝ) : NNReal
ENNReal.toReal_ofReal {r : ℝ} (h : 0 ≤ r) : (ENNReal.ofReal r).toReal = r
ENNReal.ofReal_coe_nnreal {p : NNReal} : ENNReal.ofReal ↑p = ↑p
ENNReal.coe_nnreal_eq (r : NNReal) : ↑r = ENNReal.ofReal ↑r
release/Poincare/D11/SpectralTorus/Probe8.lean:75:7: error(lean.unknownIdentifier): Unknown constant `ENNReal.mul_eq_mul_left`
release/Poincare/D11/SpectralTorus/Probe8.lean:76:7: error(lean.unknownIdentifier): Unknown constant `ENNReal.mul_le_mul`
release/Poincare/D11/SpectralTorus/Probe8.lean:77:7: error(lean.unknownIdentifier): Unknown constant `ENNReal.mul_le_mul_left`
release/Poincare/D11/SpectralTorus/Probe8.lean:78:7: error(lean.unknownIdentifier): Unknown constant `ENNReal.mul_le_mul_right`
release/Poincare/D11/SpectralTorus/Probe8.lean:79:7: error(lean.unknownIdentifier): Unknown constant `ENNReal.le_mul_right`
release/Poincare/D11/SpectralTorus/Probe8.lean:80:7: error(lean.unknownIdentifier): Unknown constant `ENNReal.tsum_mul_indicator`
Summable.toNNReal.{u_1} {α : Type u_1} {f : α → ℝ} (hf : Summable f) : Summable fun n => (f n).toNNReal
release/Poincare/D11/SpectralTorus/Probe8.lean:82:7: error(lean.unknownIdentifier): Unknown constant `Real.summable_toNNReal_of_nonneg`
