Finsupp.sum.{u_1, u_8, u_10} {α : Type u_1} {M : Type u_8} {N : Type u_10} [Zero M] [AddCommMonoid N] (f : α →₀ M)
  (g : α → M → N) : N
release/Poincare/D11/SpectralTorus/Probe11.lean:13:7: error(lean.unknownIdentifier): Unknown constant `Finsupp.sum_def`
Finsupp.sum_apply.{u_1, u_7, u_8, u_10} {α : Type u_1} {β : Type u_7} {M : Type u_8} {N : Type u_10} [Zero M]
  [AddCommMonoid N] {f : α →₀ M} {g : α → M → β →₀ N} {a₂ : β} : (f.sum g) a₂ = f.sum fun a₁ b => (g a₁ b) a₂
Finsupp.sum_congr.{u_1, u_8, u_10} {α : Type u_1} {M : Type u_8} {N : Type u_10} [Zero M] [AddCommMonoid N] {f : α →₀ M}
  {g1 g2 : α → M → N} (h : ∀ x ∈ f.support, g1 x (f x) = g2 x (f x)) : f.sum g1 = f.sum g2
release/Poincare/D11/SpectralTorus/Probe11.lean:16:7: error(lean.unknownIdentifier): Unknown constant `Finsupp.sum_eq_sum`
Finsupp.linearCombination_apply.{u_1, u_2, u_3} {α : Type u_1} {M : Type u_2} (R : Type u_3) [Semiring R]
  [AddCommMonoid M] [Module R M] {v : α → M} (l : α →₀ R) : (Finsupp.linearCombination R v) l = l.sum fun i a => a • v i
release/Poincare/D11/SpectralTorus/Probe11.lean:18:7: error(lean.unknownIdentifier): Unknown constant `RCLike.re_sum`
Complex.re_sum.{u_1} {α : Type u_1} (s : Finset α) (f : α → ℂ) : (∑ i ∈ s, f i).re = ∑ i ∈ s, (f i).re
Complex.reLm : ℂ →ₗ[ℝ] ℝ
RCLike.reLm.{u_1} {K : Type u_1} [RCLike K] : K →ₗ[ℝ] ℝ
Complex.ofReal_re (r : ℝ) : (↑r).re = r
release/Poincare/D11/SpectralTorus/Probe11.lean:23:7: error(lean.unknownIdentifier): Unknown constant `ContinuousMap.integrable`
release/Poincare/D11/SpectralTorus/Probe11.lean:24:7: error(lean.unknownIdentifier): Unknown constant `Continuous.integrable`
ContinuousMap.toLp.{u_1, u_2, u_3} {α : Type u_1} {E : Type u_2} {m0 : MeasurableSpace α} (p : ℝ≥0∞) (μ : Measure α)
  [TopologicalSpace α] [BorelSpace α] [NormedAddCommGroup E] [SecondCountableTopologyEither α E] [CompactSpace α]
  [IsFiniteMeasure μ] (𝕜 : Type u_3) [Fact (1 ≤ p)] [NormedRing 𝕜] [Module 𝕜 E] [IsBoundedSMul 𝕜 E] :
  C(α, E) →L[𝕜] ↥(Lp E p μ)
release/Poincare/D11/SpectralTorus/Probe11.lean:26:7: error(lean.unknownIdentifier): Unknown constant `ENNReal.prod_lt_top_iff`
release/Poincare/D11/SpectralTorus/Probe11.lean:27:7: error(lean.unknownIdentifier): Unknown constant `Finset.prod_lt_top_iff`
ENNReal.coe_ne_top {r : NNReal} : ↑r ≠ ∞
ENNReal.coe_lt_top {r : NNReal} : ↑r < ∞
ENNReal.tsum_le_tsum.{u_1} {α : Type u_1} {f g : α → ℝ≥0∞} (h : ∀ (a : α), f a ≤ g a) :
  ∑' (a : α), f a ≤ ∑' (a : α), g a
ENNReal.ofReal_le_ofReal {p q : ℝ} (h : p ≤ q) : ENNReal.ofReal p ≤ ENNReal.ofReal q
release/Poincare/D11/SpectralTorus/Probe11.lean:32:7: error(lean.unknownIdentifier): Unknown constant `ENNReal.ofReal_nonneg`
ENNReal.coe_nnreal_eq (r : NNReal) : ↑r = ENNReal.ofReal ↑r
ENNReal.toNNReal_coe (r : NNReal) : (↑r).toNNReal = r
release/Poincare/D11/SpectralTorus/Probe11.lean:35:7: error(lean.unknownIdentifier): Unknown identifier `tsum_nat_add_iff`
release/Poincare/D11/SpectralTorus/Probe11.lean:36:7: error(lean.unknownIdentifier): Unknown identifier `tsum_eq_zero_add_tsum_nat`
release/Poincare/D11/SpectralTorus/Probe11.lean:37:7: error(lean.unknownIdentifier): Unknown constant `ENNReal.tsum_nat_add_iff`
release/Poincare/D11/SpectralTorus/Probe11.lean:38:7: error(lean.unknownIdentifier): Unknown identifier `tsum_add`
ENNReal.tsum_add.{u_1} {α : Type u_1} {f g : α → ℝ≥0∞} : ∑' (a : α), (f a + g a) = ∑' (a : α), f a + ∑' (a : α), g a
release/Poincare/D11/SpectralTorus/Probe11.lean:40:7: error(lean.unknownIdentifier): Unknown constant `ENNReal.mul_le_mul'`
ENNReal.pow_lt_top_iff {a : ℝ≥0∞} {n : ℕ} : a ^ n < ∞ ↔ a < ∞ ∨ n = 0
ENNReal.pow_lt_top {a : ℝ≥0∞} {n : ℕ} (ha : a < ∞) : a ^ n < ∞
Finset.prod_eq_one.{u_1, u_4} {ι : Type u_1} {M : Type u_4} {s : Finset ι} [CommMonoid M] {f : ι → M}
  (h : ∀ x ∈ s, f x = 1) : ∏ x ∈ s, f x = 1
tsum_eq_single.{u_1, u_2} {α : Type u_1} {β : Type u_2} [AddCommMonoid α] [TopologicalSpace α] {L : SummationFilter β}
  [L.LeAtTop] {f : β → α} (b : β) (hf : ∀ (b' : β), b' ≠ b → f b' = 0) : ∑'[L] (b : β), f b = f b
SummationFilter.instLeAtTopUnconditional.{u_2} (β : Type u_2) : (SummationFilter.unconditional β).LeAtTop
Fin.cons.{u} {n : ℕ} {α : Fin (n + 1) → Sort u} (x : α 0) (p : (i : Fin n) → α i.succ) (i : Fin (n + 1)) : α i
Fin.cons_zero.{u} {n : ℕ} {α : Fin (n + 1) → Sort u} (x : α 0) (p : (i : Fin n) → α i.succ) : Fin.cons x p 0 = x
Fin.cons_succ.{u} {n : ℕ} {α : Fin (n + 1) → Sort u} (x : α 0) (p : (i : Fin n) → α i.succ) (i : Fin n) :
  Fin.cons x p i.succ = p i
Equiv.tsum_eq.{u_1, u_2, u_3} {α : Type u_1} {β : Type u_2} {γ : Type u_3} [AddCommMonoid α] [TopologicalSpace α]
  (e : γ ≃ β) (f : β → α) : ∑' (c : γ), f (e c) = ∑' (b : β), f b
ENNReal.tsum_prod.{u_1, u_2} {α : Type u_1} {β : Type u_2} {f : α → β → ℝ≥0∞} :
  ∑' (p : α × β), f p.1 p.2 = ∑' (a : α) (b : β), f a b
ENNReal.tsum_mul_left.{u_1} {α : Type u_1} {a : ℝ≥0∞} {f : α → ℝ≥0∞} : ∑' (i : α), a * f i = a * ∑' (i : α), f i
ENNReal.tsum_mul_right.{u_1} {α : Type u_1} {a : ℝ≥0∞} {f : α → ℝ≥0∞} : ∑' (i : α), f i * a = (∑' (i : α), f i) * a
ENNReal.mul_lt_top {a b : ℝ≥0∞} : a < ∞ → b < ∞ → a * b < ∞
lt_top_iff_ne_top.{u} {α : Type u} [PartialOrder α] [OrderTop α] {a : α} : a < ⊤ ↔ a ≠ ⊤
release/Poincare/D11/SpectralTorus/Probe11.lean:55:7: error(lean.unknownIdentifier): Unknown constant `ENNReal.ne_top_of_lt`
release/Poincare/D11/SpectralTorus/Probe11.lean:56:7: error(lean.unknownIdentifier): Unknown identifier `nnreal_coe`
