$ lake env lean Audit/L4C3AxiomAudit.lean
'Poincare.L4.DoublingToCovers.card_le_of_pairwise_dist_ge' depends on axioms: [propext, Classical.choice, Quot.sound]
'Poincare.L4.DoublingToCovers.coveringNumber_closedBall_le_of_doubling' depends on axioms: [propext,
 Classical.choice,
 Quot.sound]
'Poincare.L4.DoublingToCovers.card_le_of_ratio' depends on axioms: [propext, Classical.choice, Quot.sound]
'Poincare.L4.DoublingToCovers.Disc.instIsUnifLocDoublingMeasure' depends on axioms: [propext,
 Classical.choice,
 Quot.sound]
'Poincare.L4.DoublingToCovers.Disc.coveringNumber_univ' depends on axioms: [propext, Classical.choice, Quot.sound]
'Poincare.L4.DoublingToCovers.diam_discreteFamily' depends on axioms: [propext, Classical.choice, Quot.sound]
'Poincare.L4.DoublingToCovers.not_uniformCovers_discreteFamily_at' depends on axioms: [propext,
 Classical.choice,
 Quot.sound]
'Poincare.L4.DoublingToCovers.not_totallyBounded_discreteFamily' depends on axioms: [propext,
 Classical.choice,
 Quot.sound]
'Poincare.L4.DoublingToCovers.uniformCovers_of_ratio_data' depends on axioms: [propext, Classical.choice, Quot.sound]
'Poincare.L4.DoublingToCovers.isCompact_of_ratio_data' depends on axioms: [propext, Classical.choice, Quot.sound]
'Poincare.L4.DoublingToCovers.gh_subseq_of_ratio_data' depends on axioms: [propext, Classical.choice, Quot.sound]
'Poincare.L4.DoublingToCovers.coveringNumber_unitBall_real_le' depends on axioms: [propext,
 Classical.choice,
 Quot.sound]
'Poincare.L4.DoublingToCovers.Disc.card_le_of_uniform_ratio' depends on axioms: [propext, Classical.choice, Quot.sound]
'Poincare.L4.DoublingToCovers.Disc.count_ratio_data_sharp' depends on axioms: [propext, Classical.choice, Quot.sound]
'Poincare.L4.DoublingToCovers.not_uniformRatioData_discreteFamily_at' depends on axioms: [propext,
 Classical.choice,
 Quot.sound]
'Poincare.L4.DoublingToCovers.not_uniformRatioData_discreteFamily' depends on axioms: [propext,
 Classical.choice,
 Quot.sound]
'Poincare.L4.DoublingToCovers.uniformCovers_of_ratio_data_hypothesis_fails' depends on axioms: [propext,
 Classical.choice,
 Quot.sound]
'Poincare.L4.DoublingToCovers.exists_doubling_coveringNumber_gt' depends on axioms: [propext,
 Classical.choice,
 Quot.sound]
'Poincare.D12.GeometricCompactness.gromovCriterion' depends on axioms: [propext, Classical.choice, Quot.sound]
'Poincare.D12.GeometricCompactness.totallyBounded_iff_uniformCovers' depends on axioms: [propext,
 Classical.choice,
 Quot.sound]
Poincare.L4.DoublingToCovers.encard_le_of_forall_finset_card_le: axioms [propext, Classical.choice, Quot.sound]
Poincare.L4.DoublingToCovers.card_le_of_pairwise_dist_ge: axioms [propext, Classical.choice, Quot.sound]
Poincare.L4.DoublingToCovers.packingNumber_closedBall_le_of_doubling: axioms [propext, Classical.choice, Quot.sound]
Poincare.L4.DoublingToCovers.exists_packingNumber_closedBall_le_of_doubling: axioms [propext,
 Classical.choice,
 Quot.sound]
Poincare.L4.DoublingToCovers.coveringNumber_closedBall_le_of_doubling: axioms [propext, Classical.choice, Quot.sound]
Poincare.L4.DoublingToCovers.exists_coveringNumber_closedBall_le_of_doubling: axioms [propext,
 Classical.choice,
 Quot.sound]
Poincare.L4.DoublingToCovers.exists_cover_of_packingNumber_le: axioms [propext, Classical.choice, Quot.sound]
Poincare.L4.DoublingToCovers.exists_cover_ball_of_doubling: axioms [propext, Classical.choice, Quot.sound]
Poincare.L4.DoublingToCovers.exists_radius_cover_ball_of_doubling: axioms [propext, Classical.choice, Quot.sound]
Poincare.L4.DoublingToCovers.card_le_of_ratio: axioms [propext, Classical.choice, Quot.sound]
Poincare.L4.DoublingToCovers.packingNumber_closedBall_le_of_ratio: axioms [propext, Classical.choice, Quot.sound]
Poincare.L4.DoublingToCovers.coveringNumber_closedBall_le_of_ratio: axioms [propext, Classical.choice, Quot.sound]
Poincare.L4.DoublingToCovers.exists_cover_ball_of_ratio: axioms [propext, Classical.choice, Quot.sound]
Poincare.L4.DoublingToCovers.Disc: axioms []
Poincare.L4.DoublingToCovers.Disc.instMetricSpace: axioms [propext, Classical.choice, Quot.sound]
Poincare.L4.DoublingToCovers.Disc.instIsUnifLocDoublingMeasure: axioms [propext, Classical.choice, Quot.sound]
Poincare.L4.DoublingToCovers.Disc.dist_def: axioms [propext, Classical.choice, Quot.sound]
Poincare.L4.DoublingToCovers.Disc.dist_eq_zero: axioms [propext, Classical.choice, Quot.sound]
Poincare.L4.DoublingToCovers.Disc.dist_eq_one: axioms [propext, Classical.choice, Quot.sound]
Poincare.L4.DoublingToCovers.Disc.dist_le_one: axioms [propext, Classical.choice, Quot.sound]
Poincare.L4.DoublingToCovers.Disc.closedBall_eq_singleton: axioms [propext, Classical.choice, Quot.sound]
Poincare.L4.DoublingToCovers.Disc.closedBall_eq_univ: axioms [propext, Classical.choice, Quot.sound]
Poincare.L4.DoublingToCovers.Disc.coveringNumber_univ: axioms [propext, Classical.choice, Quot.sound]
Poincare.L4.DoublingToCovers.map_isometryEquiv_closedBall: axioms [propext, Classical.choice, Quot.sound]
Poincare.L4.DoublingToCovers.isUnifLocDoublingMeasure_map_isometryEquiv: axioms [propext, Classical.choice, Quot.sound]
Poincare.L4.DoublingToCovers.exists_doubling_measure_discreteFamily: axioms [propext, Classical.choice, Quot.sound]
Poincare.L4.DoublingToCovers.discreteFamily: axioms [propext, Classical.choice, Quot.sound]
Poincare.L4.DoublingToCovers.mem_discreteFamily: axioms [propext, Classical.choice, Quot.sound]
Poincare.L4.DoublingToCovers.diam_discreteFamily: axioms [propext, Classical.choice, Quot.sound]
Poincare.L4.DoublingToCovers.isometry_doubling_discreteFamily: axioms [propext, Classical.choice, Quot.sound]
Poincare.L4.DoublingToCovers.not_uniformCovers_discreteFamily_at: axioms [propext, Classical.choice, Quot.sound]
Poincare.L4.DoublingToCovers.not_uniformCovers_discreteFamily: axioms [propext, Classical.choice, Quot.sound]
Poincare.L4.DoublingToCovers.not_totallyBounded_discreteFamily: axioms [propext, Classical.choice, Quot.sound]
Poincare.L4.DoublingToCovers.instMeasurableSpaceRep: axioms [propext, Classical.choice, Quot.sound]
Poincare.L4.DoublingToCovers.instBorelSpaceRep: axioms [propext, Classical.choice, Quot.sound]
Poincare.L4.DoublingToCovers.exists_cover_univ_of_ratio: axioms [propext, Classical.choice, Quot.sound]
Poincare.L4.DoublingToCovers.uniformCovers_of_ratio_data: axioms [propext, Classical.choice, Quot.sound]
Poincare.L4.DoublingToCovers.isCompact_of_ratio_data: axioms [propext, Classical.choice, Quot.sound]
Poincare.L4.DoublingToCovers.gh_subseq_of_ratio_data: axioms [propext, Classical.choice, Quot.sound]
Poincare.L4.DoublingToCovers.uniform_local_doubling_not_uniformCovers: axioms [propext, Classical.choice, Quot.sound]
Poincare.L4.DoublingToCovers.discreteFamily_not_totallyBounded: axioms [propext, Classical.choice, Quot.sound]
Poincare.L4.DoublingToCovers.volume_ratio_data: axioms [propext, Classical.choice, Quot.sound]
Poincare.L4.DoublingToCovers.coveringNumber_unitBall_real_le: axioms [propext, Classical.choice, Quot.sound]
Poincare.L4.DoublingToCovers.exists_cover_unitBall_real: axioms [propext, Classical.choice, Quot.sound]
Poincare.L4.DoublingToCovers.Disc.measure_univ_eq_sum_singleton: axioms [propext, Classical.choice, Quot.sound]
Poincare.L4.DoublingToCovers.Disc.card_le_of_uniform_ratio: axioms [propext, Classical.choice, Quot.sound]
Poincare.L4.DoublingToCovers.Disc.count_univ: axioms [propext, Classical.choice, Quot.sound]
Poincare.L4.DoublingToCovers.Disc.count_ratio_data_sharp: axioms [propext, Classical.choice, Quot.sound]
Poincare.L4.DoublingToCovers.not_uniformRatioData_discreteFamily_at: axioms [propext, Classical.choice, Quot.sound]
Poincare.L4.DoublingToCovers.not_uniformRatioData_discreteFamily: axioms [propext, Classical.choice, Quot.sound]
Poincare.L4.DoublingToCovers.uniformCovers_of_ratio_data_hypothesis_fails: axioms [propext,
 Classical.choice,
 Quot.sound]
Poincare.L4.DoublingToCovers.exists_doubling_coveringNumber_gt: axioms [propext, Classical.choice, Quot.sound]
Poincare.D12.GeometricCompactness.cover_transfer_of_ghDist: axioms [propext, Classical.choice, Quot.sound]
Poincare.D12.GeometricCompactness.diam_transfer_of_ghDist: axioms [propext, Classical.choice, Quot.sound]
Poincare.D12.GeometricCompactness.uniformCovers_of_totallyBounded: axioms [propext, Classical.choice, Quot.sound]
Poincare.D12.GeometricCompactness.totallyBounded_iff_uniformCovers: axioms [propext, Classical.choice, Quot.sound]
Poincare.D12.GeometricCompactness.isCompact_of_uniformCovers: axioms [propext, Classical.choice, Quot.sound]
Poincare.D12.GeometricCompactness.gromovCriterion: axioms [propext, Classical.choice, Quot.sound]
Poincare.D12.GeometricCompactness.gh_subseq_of_compact: axioms [propext, Classical.choice, Quot.sound]
Poincare.D12.GeometricCompactness.gh_subseq_of_uniformCovers: axioms [propext, Classical.choice, Quot.sound]
L4C3AxiomAudit: declarations audited: 60
L4C3AxiomAudit: PASS — every cone is contained in propext, Classical.choice, Quot.sound

[exit code: 0]
